Solving instance /mnt/c/Users/bruno.mattos/OneDrive - americanas s.a/Documentos/GitHub/GenericILS/TWRD/100/C101_100_020.vrptwrd...
------------------------------------------------------------------------------------------------------------------------------------------------
|  Restart |  Iteration |  Best Feas. Cost |    Best Cost |   Curr. Cost |   Penalty Custom Res. |   Penalty Standard Res. |   Pool |   Time (s) |
------------------------------------------------------------------------------------------------------------------------------------------------
|        1 |          1 |          1681.90 |      1681.90 |      1681.90 |                 65.28 |                   28.18 |     26 |     0.1591 |
|        1 |          2 |          1681.90 |      1674.84 |      1674.84 |                 50.17 |                   14.52 |     28 |     0.6248 |
|        1 |          3 |          1681.90 |      1661.55 |      1661.55 |                 92.98 |                    7.79 |     33 |     0.6800 |
|        1 |          0 |          1644.00 |      1644.00 |      1644.00 |                 94.53 |                    5.00 |     37 |     0.7442 |
|        1 |          1 |          1644.00 |      1644.00 |      1644.00 |                 54.39 |                    5.00 |     37 |     0.7971 |
|        1 |          2 |          1644.00 |      1624.62 |      1624.62 |                 66.63 |                    5.00 |     40 |     0.9411 |
|        1 |          0 |          1636.60 |      1624.62 |      1636.60 |                 63.10 |                    5.00 |     43 |     1.0300 |
|        1 |          1 |          1636.60 |      1624.62 |      1627.25 |                 70.06 |                    5.00 |     47 |     1.1404 |
|        1 |          0 |          1628.50 |      1624.62 |      1628.50 |                 48.77 |                    5.00 |     47 |     1.1832 |
|        1 |          1 |          1628.50 |      1615.69 |      1615.69 |                 56.51 |                    5.00 |     47 |     1.2366 |
|        1 |          0 |          1616.60 |      1615.69 |      1616.60 |                 59.24 |                    5.00 |     47 |     1.2878 |
|        1 |          1 |          1616.60 |      1615.69 |      1616.60 |                 48.34 |                    5.00 |     47 |     1.3440 |
|        1 |          2 |          1616.60 |      1615.69 |      1616.60 |                 48.65 |                    5.00 |     47 |     1.4129 |
|        1 |          3 |          1616.60 |      1614.53 |      1614.53 |                 47.08 |                    5.00 |     47 |     1.4607 |
|        1 |          4 |          1616.60 |      1614.53 |      1625.21 |                 62.73 |                    5.00 |     47 |     1.5216 |
|        1 |          5 |          1616.60 |      1614.53 |      1645.50 |                 54.23 |                    5.00 |     50 |     1.6261 |
|        1 |          6 |          1616.60 |      1614.53 |      1639.13 |                 65.99 |                    5.00 |     52 |     1.6946 |
|        1 |          7 |          1616.60 |      1614.53 |      1637.15 |                 69.07 |                    5.00 |     56 |     1.7810 |
|        1 |          8 |          1616.60 |      1614.53 |      1636.05 |                 69.96 |                    5.00 |     56 |     1.9264 |
|        1 |          9 |          1616.60 |      1614.53 |      1635.86 |                 83.47 |                    5.00 |     56 |     1.9884 |
|        1 |         10 |          1616.60 |      1614.53 |      1616.60 |                 51.75 |                    5.00 |     56 |     2.1372 |
|        1 |         11 |          1616.60 |      1614.53 |      1627.69 |                 70.97 |                    5.00 |     56 |     2.2190 |
|        1 |         12 |          1616.60 |      1614.53 |      1630.97 |                 69.96 |                    5.00 |     56 |     2.3031 |
|        1 |         13 |          1616.60 |      1614.53 |      1633.94 |                 70.44 |                    5.00 |     56 |     2.3646 |
|        1 |         14 |          1616.60 |      1614.53 |      1617.90 |                 49.40 |                    5.00 |     56 |     2.4516 |
|        1 |         15 |          1616.60 |      1614.53 |      1617.16 |                 70.45 |                    5.00 |     56 |     2.5389 |
|        1 |         16 |          1616.60 |      1614.53 |      1616.60 |                 47.04 |                    5.00 |     56 |     2.6098 |
|        1 |         17 |          1616.60 |      1614.53 |      1644.04 |                 63.86 |                    5.00 |     58 |     2.7104 |
|        1 |         18 |          1616.60 |      1614.53 |      1677.79 |                 98.94 |                    5.00 |     58 |     2.7954 |
|        1 |         19 |          1616.60 |      1614.53 |      1642.10 |                 62.28 |                    5.00 |     59 |     2.8550 |
|        1 |         20 |          1616.60 |      1614.53 |      1630.31 |                 53.32 |                    5.00 |     59 |     2.9528 |
|        1 |         21 |          1616.60 |      1614.53 |      1628.50 |                 53.03 |                    5.00 |     59 |     3.0607 |
|        1 |         22 |          1616.60 |      1614.53 |      1626.97 |                 46.89 |                    5.00 |     59 |     3.1156 |
|        1 |         23 |          1616.60 |      1614.53 |      1626.74 |                 45.86 |                    5.00 |     59 |     3.1632 |
|        1 |         24 |          1616.60 |      1614.53 |      1628.09 |                 59.07 |                    5.00 |     60 |     3.2904 |
|        1 |         25 |          1616.60 |      1614.53 |      1635.06 |                 69.11 |                    5.00 |     61 |     3.3509 |
|        1 |         26 |          1616.60 |      1614.53 |      1634.93 |                 70.16 |                    5.00 |     61 |     3.4456 |
|        1 |         27 |          1616.60 |      1614.53 |      1635.83 |                 68.47 |                    5.00 |     61 |     3.5330 |
|        1 |         28 |          1616.60 |      1614.53 |      1636.96 |                 80.75 |                    5.00 |     61 |     3.6376 |
|        1 |         29 |          1616.60 |      1614.53 |      1627.13 |                 65.14 |                    5.00 |     61 |     3.7296 |
|        1 |         30 |          1616.60 |      1614.53 |      1632.27 |                 40.92 |                    5.00 |     61 |     3.8235 |
|        1 |         31 |          1616.60 |      1614.53 |      1672.65 |                 66.55 |                    5.00 |     64 |     3.8892 |
|        1 |         32 |          1616.60 |      1614.53 |      1634.48 |                 68.57 |                    5.00 |     64 |     4.0883 |
|        1 |         33 |          1616.60 |      1614.53 |      1643.49 |                 67.47 |                    5.00 |     67 |     4.2045 |
|        1 |         34 |          1616.60 |      1614.53 |      1643.85 |                 69.30 |                    5.00 |     67 |     4.2683 |
|        1 |         35 |          1616.60 |      1614.53 |      1631.61 |                 53.14 |                    5.00 |     67 |     4.3743 |
|        1 |         36 |          1616.60 |      1614.53 |      1633.10 |                 66.70 |                    5.00 |     67 |     4.4283 |
|        1 |         37 |          1616.60 |      1614.53 |      1645.16 |                 68.57 |                    5.00 |     67 |     4.4727 |
|        1 |         38 |          1616.60 |      1614.53 |      1644.98 |                 68.98 |                    5.00 |     67 |     4.5486 |
|        1 |         39 |          1616.60 |      1614.53 |      1652.10 |                 48.72 |                    5.00 |     72 |     4.6879 |
|        1 |         40 |          1616.60 |      1614.53 |      1650.00 |                 36.94 |                    5.00 |     72 |     4.8199 |
|        1 |         41 |          1616.60 |      1614.53 |      1646.88 |                 35.86 |                    5.00 |     74 |     5.0013 |
|        1 |         42 |          1616.60 |      1614.53 |      1626.22 |                 57.81 |                    5.00 |     76 |     5.0458 |
|        1 |         43 |          1616.60 |      1614.53 |      1637.76 |                 69.59 |                    5.00 |     76 |     5.1249 |
|        1 |         44 |          1616.60 |      1614.53 |      1616.60 |                 49.35 |                    5.00 |     76 |     5.1935 |
|        1 |         45 |          1616.60 |      1608.61 |      1608.61 |                 61.35 |                    5.00 |     76 |     5.2414 |
|        1 |         46 |          1616.60 |      1608.61 |      1612.90 |                 73.16 |                    5.00 |     76 |     5.3147 |
|        1 |         47 |          1616.60 |      1608.61 |      1636.83 |                 70.05 |                    5.00 |     76 |     5.3803 |
|        1 |         48 |          1616.60 |      1608.61 |      1635.89 |                 61.19 |                    5.00 |     76 |     5.4763 |
|        1 |         49 |          1616.60 |      1608.61 |      1627.03 |                 70.13 |                    5.00 |     76 |     5.5431 |
|        1 |         50 |          1616.60 |      1608.61 |      1633.32 |                 69.07 |                    5.00 |     76 |     5.6383 |
|        1 |         51 |          1616.60 |      1608.61 |      1636.27 |                 55.20 |                    5.00 |     76 |     5.7115 |
|        1 |         52 |          1616.60 |      1608.61 |      1626.88 |                 70.65 |                    5.00 |     76 |     5.7702 |
|        1 |         53 |          1616.60 |      1608.61 |      1632.38 |                 70.13 |                    5.00 |     76 |     5.9044 |
|        1 |         54 |          1616.60 |      1608.61 |      1638.00 |                 68.53 |                    5.00 |     77 |     5.9585 |
|        1 |         55 |          1616.60 |      1608.61 |      1635.17 |                 69.71 |                    5.00 |     77 |     6.0479 |
|        1 |         56 |          1616.60 |      1608.61 |      1636.27 |                 72.33 |                    5.00 |     77 |     6.1126 |
|        1 |         57 |          1616.60 |      1608.61 |      1637.39 |                 67.17 |                    5.00 |     77 |     6.1901 |
|        1 |         58 |          1616.60 |      1608.61 |      1634.52 |                 71.05 |                    5.00 |     77 |     6.2668 |
|        1 |         59 |          1616.60 |      1608.61 |      1632.33 |                 67.35 |                    5.00 |     77 |     6.3381 |
|        1 |         60 |          1616.60 |      1608.61 |      1636.60 |                 68.42 |                    5.00 |     77 |     6.4157 |
|        1 |         61 |          1616.60 |      1608.61 |      1615.00 |                 52.83 |                    5.00 |     77 |     6.5729 |
|        1 |         62 |          1616.60 |      1608.61 |      1616.60 |                 66.97 |                    5.00 |     77 |     6.6296 |
|        1 |         63 |          1616.60 |      1608.61 |      1613.55 |                 67.94 |                    5.00 |     77 |     6.7475 |
|        1 |         64 |          1616.60 |      1608.61 |      1634.35 |                 68.35 |                    5.00 |     77 |     6.8273 |
|        1 |         65 |          1616.60 |      1608.61 |      1634.50 |                 62.86 |                    5.00 |     77 |     6.8913 |
|        1 |         66 |          1616.60 |      1608.61 |      1634.50 |                 53.97 |                    5.00 |     77 |     6.9385 |
|        1 |         67 |          1616.60 |      1608.61 |      1625.10 |                 61.88 |                    5.00 |     79 |     6.9952 |
|        1 |         68 |          1616.60 |      1608.61 |      1632.93 |                 66.88 |                    5.00 |     79 |     7.0395 |
|        1 |         69 |          1616.60 |      1608.61 |      1669.60 |                 64.59 |                    5.00 |     81 |     7.1329 |
|        1 |         70 |          1616.60 |      1608.61 |      1669.60 |                 50.66 |                    5.00 |     81 |     7.1836 |
|        1 |         71 |          1616.60 |      1608.61 |      1664.75 |                 47.07 |                    5.00 |     81 |     7.2508 |
|        1 |         72 |          1616.60 |      1608.61 |      1624.44 |                 64.62 |                    5.00 |     81 |     7.3088 |
|        1 |         73 |          1616.60 |      1608.61 |      1635.80 |                 58.90 |                    5.00 |     81 |     7.3593 |
|        1 |         74 |          1616.60 |      1608.61 |      1634.23 |                 68.69 |                    5.00 |     81 |     7.4790 |
|        1 |         75 |          1616.60 |      1608.61 |      1622.67 |                 65.04 |                    5.00 |     81 |     7.5630 |
|        1 |         76 |          1616.60 |      1608.61 |      1634.50 |                 51.03 |                    5.00 |     81 |     7.6138 |
|        1 |         77 |          1616.60 |      1608.61 |      1622.48 |                 52.32 |                    5.00 |     82 |     7.7047 |
|        1 |         78 |          1616.60 |      1608.61 |      1628.35 |                 50.74 |                    5.00 |     82 |     7.8900 |
|        1 |         79 |          1616.60 |      1608.61 |      1623.35 |                 62.34 |                    5.00 |     82 |     7.9671 |
|        1 |         80 |          1616.60 |      1608.61 |      1640.43 |                 50.15 |                    5.00 |     82 |     8.1088 |
|        1 |         81 |          1616.60 |      1608.61 |      1634.78 |                 70.86 |                    5.00 |     84 |     8.1873 |
|        1 |         82 |          1616.60 |      1608.61 |      1643.85 |                 72.07 |                    5.00 |     84 |     8.2410 |
|        1 |         83 |          1616.60 |      1608.61 |      1645.65 |                 70.39 |                    5.00 |     84 |     8.3173 |
|        1 |         84 |          1616.60 |      1608.61 |      1640.72 |                 70.06 |                    5.00 |     84 |     8.4064 |
|        1 |         85 |          1616.60 |      1608.61 |      1645.10 |                 56.67 |                    5.00 |     84 |     8.4487 |
|        1 |         86 |          1616.60 |      1608.61 |      1636.77 |                 71.13 |                    5.00 |     84 |     8.4991 |
|        1 |         87 |          1616.60 |      1608.61 |      1643.42 |                 69.51 |                    5.00 |     84 |     8.5610 |
|        1 |         88 |          1616.60 |      1608.61 |      1641.15 |                 67.73 |                    5.00 |     84 |     8.6769 |
|        1 |         89 |          1616.60 |      1608.61 |      1680.20 |                 49.01 |                    5.00 |     84 |     8.7413 |
|        1 |         90 |          1616.60 |      1608.61 |      1626.32 |                 72.90 |                    5.00 |     84 |     8.7936 |
|        1 |         91 |          1616.60 |      1608.61 |      1645.80 |                 70.52 |                    5.00 |     84 |     8.8495 |
|        1 |         92 |          1616.60 |      1608.61 |      1644.09 |                 70.17 |                    5.00 |     84 |     8.9396 |
|        1 |         93 |          1616.60 |      1608.61 |      1642.46 |                 71.24 |                    5.00 |     84 |     9.0365 |
|        1 |         94 |          1616.60 |      1608.61 |      1643.35 |                 71.45 |                    5.00 |     84 |     9.1705 |
|        1 |         95 |          1616.60 |      1608.61 |      1644.92 |                 71.05 |                    5.00 |     84 |     9.2747 |
|        1 |         96 |          1616.60 |      1608.61 |      1625.70 |                 52.89 |                    5.00 |     84 |     9.3735 |
|        1 |         97 |          1616.60 |      1608.61 |      1625.08 |                 71.03 |                    5.00 |     84 |     9.4726 |
|        1 |         98 |          1616.60 |      1608.61 |      1645.96 |                 68.05 |                    5.00 |     84 |     9.5333 |
|        1 |         99 |          1616.60 |      1608.61 |      1643.64 |                 98.95 |                    5.00 |     84 |     9.6402 |
|        1 |        100 |          1616.60 |      1608.61 |      1642.52 |                 67.15 |                    5.00 |     84 |     9.7847 |
|        1 |        101 |          1616.60 |      1608.61 |      1639.76 |                 70.37 |                    5.00 |     84 |     9.8516 |
|        1 |        102 |          1616.60 |      1608.61 |      1644.71 |                 58.06 |                    5.00 |     84 |     9.8932 |
|        1 |        103 |          1616.60 |      1608.61 |      1638.22 |                 70.02 |                    5.00 |     84 |     9.9462 |
|        1 |        104 |          1616.60 |      1608.61 |      1619.34 |                 68.48 |                    5.00 |     84 |    10.1793 |
|        1 |        105 |          1616.60 |      1608.61 |      1668.25 |                 66.93 |                    5.00 |     86 |    10.2301 |
|        1 |        106 |          1616.60 |      1608.61 |      1667.38 |                 69.35 |                    5.00 |     86 |    10.3176 |
|        1 |        107 |          1616.60 |      1608.61 |      1667.79 |                 64.45 |                    5.00 |     86 |    10.3777 |
|        1 |        108 |          1616.60 |      1608.61 |      1635.33 |                 70.93 |                    5.00 |     86 |    10.4542 |
|        1 |        109 |          1616.60 |      1608.61 |      1634.11 |                 69.62 |                    5.00 |     86 |    10.6164 |
|        1 |        110 |          1616.60 |      1608.61 |      1635.88 |                 68.05 |                    5.00 |     86 |    10.6725 |
|        1 |        111 |          1616.60 |      1608.61 |      1635.02 |                 69.84 |                    5.00 |     86 |    10.7529 |
|        1 |        112 |          1616.60 |      1608.61 |      1635.34 |                 70.93 |                    5.00 |     86 |    10.8318 |
|        1 |        113 |          1616.60 |      1608.61 |      1631.83 |                 70.00 |                    5.00 |     86 |    10.8951 |
|        1 |        114 |          1616.60 |      1608.61 |      1631.30 |                 63.55 |                    5.00 |     87 |    11.0170 |
|        1 |        115 |          1616.60 |      1608.61 |      1631.30 |                 48.88 |                    5.00 |     87 |    11.0622 |
|        1 |        116 |          1616.60 |      1608.61 |      1630.34 |                 75.61 |                    5.00 |     87 |    11.1347 |
|        1 |        117 |          1616.60 |      1608.61 |      1633.90 |                 60.55 |                    5.00 |     87 |    11.1739 |
|        1 |        118 |          1616.60 |      1608.61 |      1633.90 |                 62.14 |                    5.00 |     87 |    11.2468 |
|        1 |        119 |          1616.60 |      1608.61 |      1633.90 |                 52.26 |                    5.00 |     87 |    11.3080 |
|        1 |        120 |          1616.60 |      1608.61 |      1628.96 |                 54.00 |                    5.00 |     87 |    11.4422 |
|        1 |        121 |          1616.60 |      1608.61 |      1614.44 |                 67.04 |                    5.00 |     87 |    11.5167 |
|        1 |        122 |          1616.60 |      1608.61 |      1632.88 |                 54.16 |                    5.00 |     87 |    11.5794 |
|        1 |        123 |          1616.60 |      1608.61 |      1674.86 |                 66.54 |                    5.00 |     89 |    11.6571 |
|        1 |        124 |          1616.60 |      1608.61 |      1635.67 |                 67.07 |                    5.00 |     89 |    11.6987 |
|        1 |        125 |          1616.60 |      1608.61 |      1694.38 |                 68.75 |                    5.00 |     91 |    11.8061 |
|        1 |        126 |          1616.60 |      1608.61 |      1633.90 |                 52.84 |                    5.00 |     91 |    11.8834 |
|        1 |        127 |          1616.60 |      1608.61 |      1624.71 |                 65.47 |                    5.00 |     91 |    12.0002 |
|        1 |        128 |          1616.60 |      1608.61 |      1631.30 |                 49.36 |                    5.00 |     91 |    12.0468 |
|        1 |        129 |          1616.60 |      1608.61 |      1629.50 |                 60.57 |                    5.00 |     93 |    12.1549 |
|        1 |        130 |          1616.60 |      1608.61 |      1633.31 |                 67.93 |                    5.00 |     93 |    12.2556 |
|        1 |        131 |          1616.60 |      1608.61 |      1635.20 |                 47.12 |                    5.00 |     93 |    12.3583 |
|        1 |        132 |          1616.60 |      1608.61 |      1629.82 |                 48.63 |                    5.00 |     93 |    12.5217 |
|        1 |        133 |          1616.60 |      1608.61 |      1700.10 |                 49.49 |                    5.00 |     94 |    12.5676 |
|        1 |        134 |          1616.60 |      1608.61 |      1632.22 |                 52.73 |                    5.00 |     94 |    12.6927 |
|        1 |        135 |          1616.60 |      1608.61 |      1633.90 |                 68.23 |                    5.00 |     94 |    12.7380 |
|        1 |        136 |          1616.60 |      1608.61 |      1624.43 |                 65.23 |                    5.00 |     94 |    12.8522 |
|        1 |        137 |          1616.60 |      1608.61 |      1632.37 |                 49.57 |                    5.00 |     94 |    12.9331 |
|        1 |        138 |          1616.60 |      1608.61 |      1619.37 |                 60.38 |                    5.00 |     94 |    12.9826 |
|        1 |        139 |          1616.60 |      1608.61 |      1631.39 |                 56.68 |                    5.00 |     94 |    13.0412 |
|        1 |        140 |          1616.60 |      1608.61 |      1626.48 |                 62.48 |                    5.00 |     94 |    13.0873 |
|        1 |        141 |          1616.60 |      1608.61 |      1623.60 |                 65.30 |                    5.00 |     94 |    13.1963 |
|        1 |        142 |          1616.60 |      1608.61 |      1633.90 |                 49.69 |                    5.00 |     94 |    13.2510 |
|        1 |        143 |          1616.60 |      1608.61 |      1631.01 |                 53.12 |                    5.00 |     94 |    13.3104 |
|        1 |        144 |          1616.60 |      1608.61 |      1633.90 |                 50.39 |                    5.00 |     94 |    13.3633 |
|        1 |        145 |          1616.60 |      1608.61 |      1633.24 |                 45.01 |                    5.00 |     94 |    13.4192 |
|        1 |        146 |          1616.60 |      1608.61 |      1632.05 |                 49.61 |                    5.00 |     94 |    13.4680 |
|        1 |        147 |          1616.60 |      1608.61 |      1621.14 |                 58.89 |                    5.00 |     94 |    13.6231 |
|        1 |        148 |          1616.60 |      1608.61 |      1628.69 |                 66.24 |                    5.00 |     94 |    13.6691 |
|        1 |        149 |          1616.60 |      1608.61 |      1634.70 |                 59.78 |                    5.00 |     94 |    13.7224 |
|        1 |        150 |          1616.60 |      1608.61 |      1633.73 |                 65.15 |                    5.00 |     94 |    13.7907 |
|        1 |        151 |          1616.60 |      1608.61 |      1630.45 |                 68.24 |                    5.00 |     94 |    13.8520 |
|        1 |        152 |          1616.60 |      1608.61 |      1632.67 |                 51.30 |                    5.00 |     94 |    13.9552 |
|        1 |        153 |          1616.60 |      1608.61 |      1619.57 |                 67.65 |                    5.00 |     94 |    14.0122 |
|        1 |        154 |          1616.60 |      1608.61 |      1634.50 |                 47.90 |                    5.00 |     94 |    14.1061 |
|        1 |        155 |          1616.60 |      1608.61 |      1632.85 |                 53.31 |                    5.00 |     94 |    14.1602 |
|        1 |        156 |          1616.60 |      1608.61 |      1666.67 |                 67.57 |                    5.00 |     94 |    14.2195 |
|        1 |        157 |          1616.60 |      1608.61 |      1631.30 |                 59.06 |                    5.00 |     94 |    14.3038 |
|        1 |        158 |          1616.60 |      1608.61 |      1631.30 |                 63.82 |                    5.00 |     94 |    14.3495 |
|        1 |        159 |          1616.60 |      1608.61 |      1624.54 |                 49.86 |                    5.00 |     94 |    14.4724 |
|        1 |        160 |          1616.60 |      1608.61 |      1619.66 |                 70.58 |                    5.00 |     94 |    14.5287 |
|        1 |        161 |          1616.60 |      1608.61 |      1634.36 |                 68.94 |                    5.00 |     96 |    14.5983 |
|        1 |        162 |          1616.60 |      1608.61 |      1618.57 |                 47.79 |                    5.00 |     96 |    14.7194 |
|        1 |        163 |          1616.60 |      1608.61 |      1628.23 |                 66.22 |                    5.00 |     96 |    14.7967 |
|        1 |        164 |          1616.60 |      1608.61 |      1629.20 |                 47.47 |                    5.00 |     96 |    14.8475 |
|        1 |        165 |          1616.60 |      1608.61 |      1625.41 |                 66.52 |                    5.00 |     96 |    14.8953 |
|        1 |        166 |          1616.60 |      1608.61 |      1645.56 |                 60.54 |                    5.00 |     96 |    14.9711 |
|        1 |        167 |          1616.60 |      1608.61 |      1640.20 |                 69.36 |                    5.00 |     96 |    15.0433 |
|        1 |        168 |          1616.60 |      1608.61 |      1626.40 |                 52.57 |                    5.00 |     96 |    15.1781 |
|        1 |        169 |          1616.60 |      1608.61 |      1622.05 |                 55.56 |                    5.00 |     96 |    15.2720 |
|        1 |        170 |          1616.60 |      1608.61 |      1657.60 |                 68.36 |                    5.00 |     96 |    15.3190 |
|        1 |        171 |          1616.60 |      1608.61 |      1630.94 |                 61.26 |                    5.00 |     96 |    15.5047 |
|        1 |        172 |          1616.60 |      1608.61 |      1625.92 |                 67.28 |                    5.00 |     96 |    15.6269 |
|        1 |        173 |          1616.60 |      1608.61 |      1626.40 |                 47.75 |                    5.00 |     96 |    15.6822 |
|        1 |        174 |          1616.60 |      1608.61 |      1662.95 |                 57.53 |                    5.00 |     97 |    15.7565 |
|        1 |        175 |          1616.60 |      1608.61 |      1664.60 |                 52.44 |                    5.00 |     97 |    15.8180 |
|        1 |        176 |          1616.60 |      1608.61 |      1660.92 |                 52.12 |                    5.00 |     97 |    15.9367 |
|        1 |        177 |          1616.60 |      1608.61 |      1663.36 |                 52.46 |                    5.00 |     97 |    16.0077 |
|        1 |        178 |          1616.60 |      1608.61 |      1692.26 |                 66.88 |                    5.00 |     97 |    16.1363 |
|        1 |        179 |          1616.60 |      1608.61 |      1690.66 |                 88.96 |                    5.00 |     97 |    16.2221 |
|        1 |        180 |          1616.60 |      1608.61 |      1690.93 |                 68.93 |                    5.00 |     97 |    16.3164 |
|        1 |        181 |          1616.60 |      1608.61 |      1649.88 |                 69.72 |                    5.00 |     97 |    16.4879 |
|        1 |        182 |          1616.60 |      1608.61 |      1687.99 |                 71.29 |                    5.00 |     99 |    16.6365 |
|        1 |        183 |          1616.60 |      1608.61 |      1645.80 |                 67.50 |                    5.00 |     99 |    16.7246 |
|        1 |        184 |          1616.60 |      1608.61 |      1644.61 |                 68.01 |                    5.00 |     99 |    16.7713 |
|        1 |        185 |          1616.60 |      1608.61 |      1645.13 |                 69.16 |                    5.00 |     99 |    16.8334 |
|        1 |        186 |          1616.60 |      1608.61 |      1645.80 |                 66.96 |                    5.00 |     99 |    16.8823 |
|        1 |        187 |          1616.60 |      1608.61 |      1644.08 |                 66.08 |                    5.00 |     99 |    16.9415 |
|        1 |        188 |          1616.60 |      1608.61 |      1645.67 |                 67.76 |                    5.00 |     99 |    17.0274 |
|        1 |        189 |          1616.60 |      1608.61 |      1643.97 |                 70.73 |                    5.00 |     99 |    17.1537 |
|        1 |        190 |          1616.60 |      1608.61 |      1680.99 |                 71.18 |                    5.00 |     99 |    17.2223 |
|        1 |        191 |          1616.60 |      1608.61 |      1681.24 |                 63.98 |                    5.00 |     99 |    17.3331 |
|        1 |        192 |          1616.60 |      1608.61 |      1685.68 |                 68.39 |                    5.00 |    101 |    17.3919 |
|        1 |        193 |          1616.60 |      1608.61 |      1677.12 |                 51.91 |                    5.00 |    104 |    17.4959 |
|        1 |        194 |          1616.60 |      1608.61 |      1638.46 |                 81.16 |                    5.00 |    104 |    17.5527 |
|        1 |        195 |          1616.60 |      1608.61 |      1663.00 |                 58.13 |                    5.00 |    106 |    17.6183 |
|        1 |        196 |          1616.60 |      1608.61 |      1632.55 |                 60.27 |                    5.00 |    106 |    17.6872 |
|        1 |        197 |          1616.60 |      1608.61 |      1644.57 |                 64.46 |                    5.00 |    106 |    17.7326 |
|        1 |        198 |          1616.60 |      1608.61 |      1647.95 |                 67.47 |                    5.00 |    106 |    17.8090 |
|        1 |        199 |          1616.60 |      1608.61 |      1649.60 |                 41.60 |                    5.00 |    106 |    17.8746 |
|        1 |        200 |          1616.60 |      1608.61 |      1649.60 |                 48.69 |                    5.00 |    106 |    17.9209 |
|        1 |        201 |          1616.60 |      1608.61 |      1626.20 |                 53.08 |                    5.00 |    106 |    17.9867 |
|        1 |        202 |          1616.60 |      1608.61 |      1649.60 |                 63.99 |                    5.00 |    106 |    18.0409 |
|        1 |        203 |          1616.60 |      1608.61 |      1649.60 |                 93.33 |                    5.00 |    106 |    18.0925 |
|        1 |        204 |          1616.60 |      1608.61 |      1646.07 |                 56.31 |                    5.00 |    106 |    18.1978 |
|        1 |        205 |          1616.60 |      1608.61 |      1643.52 |                 55.02 |                    5.00 |    106 |    18.2507 |
|        1 |        206 |          1616.60 |      1608.61 |      1649.60 |                 50.48 |                    5.00 |    106 |    18.3735 |
|        1 |        207 |          1616.60 |      1608.61 |      1646.57 |                 42.38 |                    5.00 |    106 |    18.4707 |
|        1 |        208 |          1616.60 |      1608.61 |      1649.60 |                 39.40 |                    5.00 |    106 |    18.5276 |
|        1 |        209 |          1616.60 |      1608.61 |      1646.81 |                 49.43 |                    5.00 |    106 |    18.5829 |
|        1 |        210 |          1616.60 |      1608.61 |      1640.02 |                 35.71 |                    5.00 |    106 |    18.6772 |
|        1 |        211 |          1616.60 |      1608.61 |      1632.66 |                 68.10 |                    5.00 |    106 |    18.7644 |
|        1 |        212 |          1616.60 |      1608.61 |      1634.50 |                 71.29 |                    5.00 |    106 |    18.8415 |
|        1 |        213 |          1616.60 |      1608.61 |      1634.50 |                 47.17 |                    5.00 |    106 |    18.8985 |
|        1 |        214 |          1616.60 |      1608.61 |      1627.39 |                 77.28 |                    5.00 |    108 |    19.0151 |
|        1 |        215 |          1616.60 |      1608.61 |      1661.50 |                 66.92 |                    5.00 |    108 |    19.0887 |
|        1 |        216 |          1616.60 |      1608.61 |      1658.43 |                 70.15 |                    5.00 |    108 |    19.1394 |
|        1 |        217 |          1616.60 |      1608.61 |      1643.72 |                 66.38 |                    5.00 |    108 |    19.2437 |
|        1 |        218 |          1616.60 |      1608.61 |      1642.16 |                 69.55 |                    5.00 |    108 |    19.3123 |
|        1 |        219 |          1616.60 |      1608.61 |      1638.83 |                 63.30 |                    5.00 |    108 |    19.3846 |
|        1 |        220 |          1616.60 |      1608.61 |      1642.38 |                 71.16 |                    5.00 |    108 |    19.4381 |
|        1 |        221 |          1616.60 |      1608.61 |      1643.89 |                 67.25 |                    5.00 |    108 |    19.5585 |
|        1 |        222 |          1616.60 |      1608.61 |      1642.30 |                 66.28 |                    5.00 |    108 |    19.6425 |
|        1 |        223 |          1616.60 |      1608.61 |      1621.44 |                 70.58 |                    5.00 |    108 |    19.7698 |
|        1 |        224 |          1616.60 |      1608.61 |      1637.00 |                 69.70 |                    5.00 |    108 |    19.8144 |
|        1 |        225 |          1616.60 |      1608.61 |      1630.74 |                 67.38 |                    5.00 |    108 |    19.8853 |
|        1 |        226 |          1616.60 |      1608.61 |      1628.16 |                 46.74 |                    5.00 |    108 |    19.9928 |
------------------------------------------------------------------------------------------------------------------------------------------------
|  Restart |  Iteration |  Best Feas. Cost |    Best Cost |   Curr. Cost |   Penalty Custom Res. |   Penalty Standard Res. |   Pool |   Time (s) |
------------------------------------------------------------------------------------------------------------------------------------------------
|        1 |        227 |          1616.60 |      1608.61 |      1627.92 |                 47.57 |                    5.00 |    108 |    20.0381 |
|        1 |        228 |          1616.60 |      1608.61 |      1629.42 |                 53.96 |                    5.00 |    108 |    20.1062 |
|        1 |        229 |          1616.60 |      1608.61 |      1637.65 |                 55.99 |                    5.00 |    109 |    20.1635 |
|        1 |        230 |          1616.60 |      1608.61 |      1641.38 |                 61.14 |                    5.00 |    109 |    20.2008 |
|        1 |        231 |          1616.60 |      1608.61 |      1643.68 |                 60.14 |                    5.00 |    111 |    20.3218 |
|        1 |        232 |          1616.60 |      1608.61 |      1647.31 |                 70.62 |                    5.00 |    111 |    20.4883 |
|        1 |        233 |          1616.60 |      1608.61 |      1637.00 |                 59.43 |                    5.00 |    111 |    20.5394 |
|        1 |        234 |          1616.60 |      1608.61 |      1627.18 |                 47.57 |                    5.00 |    111 |    20.5920 |
|        1 |        235 |          1616.60 |      1608.61 |      1620.41 |                 69.31 |                    5.00 |    111 |    20.6604 |
|        1 |        236 |          1616.60 |      1608.61 |      1634.71 |                 62.32 |                    5.00 |    111 |    20.7720 |
|        1 |        237 |          1616.60 |      1608.61 |      1633.90 |                 51.11 |                    5.00 |    111 |    20.9496 |
|        1 |        238 |          1616.60 |      1608.61 |      1632.68 |                 51.42 |                    5.00 |    111 |    21.0249 |
|        1 |        239 |          1616.60 |      1608.61 |      1682.77 |                 64.55 |                    5.00 |    112 |    21.0722 |
|        1 |        240 |          1616.60 |      1608.61 |      1682.57 |                 53.15 |                    5.00 |    112 |    21.1489 |
|        1 |        241 |          1616.60 |      1608.61 |      1628.76 |                 64.36 |                    5.00 |    112 |    21.3054 |
|        1 |        242 |          1616.60 |      1608.61 |      1635.46 |                 66.15 |                    5.00 |    112 |    21.3550 |
|        1 |        243 |          1616.60 |      1608.61 |      1631.36 |                 60.20 |                    5.00 |    112 |    21.4343 |
|        1 |        244 |          1616.60 |      1608.61 |      1632.45 |                 87.87 |                    5.00 |    112 |    21.4763 |
|        1 |        245 |          1616.60 |      1608.61 |      1682.00 |                 68.76 |                    5.00 |    113 |    21.5707 |
|        1 |        246 |          1616.60 |      1608.61 |      1681.22 |                 58.28 |                    5.00 |    113 |    21.6758 |
|        1 |        247 |          1616.60 |      1608.61 |      1666.53 |                 51.50 |                    5.00 |    113 |    21.7425 |
|        1 |        248 |          1616.60 |      1608.61 |      1643.16 |                 50.73 |                    5.00 |    113 |    21.8301 |
|        1 |        249 |          1616.60 |      1608.61 |      1631.20 |                 60.60 |                    5.00 |    113 |    21.8666 |
|        1 |        250 |          1616.60 |      1608.61 |      1634.50 |                 50.91 |                    5.00 |    113 |    21.9353 |
|        1 |        251 |          1616.60 |      1608.61 |      1633.04 |                 64.38 |                    5.00 |    113 |    22.0343 |
|        1 |        252 |          1616.60 |      1608.61 |      1630.25 |                 50.91 |                    5.00 |    113 |    22.1203 |
|        1 |        253 |          1616.60 |      1608.61 |      1626.68 |                 46.85 |                    5.00 |    113 |    22.1762 |
|        1 |        254 |          1616.60 |      1608.61 |      1618.05 |                 64.36 |                    5.00 |    113 |    22.2212 |
|        1 |        255 |          1616.60 |      1608.61 |      1634.50 |                 59.17 |                    5.00 |    113 |    22.3053 |
|        1 |        256 |          1616.60 |      1608.61 |      1660.47 |                 71.35 |                    5.00 |    115 |    22.3566 |
|        1 |        257 |          1616.60 |      1608.61 |      1644.90 |                 71.12 |                    5.00 |    115 |    22.4189 |
|        1 |        258 |          1616.60 |      1608.61 |      1642.77 |                 68.10 |                    5.00 |    115 |    22.4808 |
|        1 |        259 |          1616.60 |      1608.61 |      1641.09 |                 71.20 |                    5.00 |    115 |    22.5911 |
|        1 |        260 |          1616.60 |      1608.61 |      1645.80 |                 66.84 |                    5.00 |    115 |    22.6557 |
|        1 |        261 |          1616.60 |      1608.61 |      1641.15 |                 69.12 |                    5.00 |    115 |    22.7864 |
|        1 |        262 |          1616.60 |      1608.61 |      1640.81 |                 69.43 |                    5.00 |    115 |    22.8915 |
|        1 |        263 |          1616.60 |      1608.61 |      1642.32 |                 67.69 |                    5.00 |    115 |    22.9907 |
|        1 |        264 |          1616.60 |      1608.61 |      1644.00 |                 70.07 |                    5.00 |    115 |    23.0918 |
|        1 |        265 |          1616.60 |      1608.61 |      1641.16 |                 69.84 |                    5.00 |    115 |    23.1587 |
|        1 |        266 |          1616.60 |      1608.61 |      1642.48 |                 69.98 |                    5.00 |    116 |    23.3868 |
|        1 |        267 |          1616.60 |      1608.61 |      1643.65 |                 66.99 |                    5.00 |    116 |    23.4646 |
|        1 |        268 |          1616.60 |      1608.61 |      1640.17 |                 70.75 |                    5.00 |    116 |    23.5625 |
|        1 |        269 |          1616.60 |      1608.61 |      1625.10 |                 46.77 |                    5.00 |    116 |    23.6347 |
|        1 |        270 |          1616.60 |      1608.61 |      1656.76 |                 68.23 |                    5.00 |    118 |    23.6811 |
|        1 |        271 |          1616.60 |      1608.61 |      1625.80 |                 69.29 |                    5.00 |    118 |    23.7725 |
|        1 |        272 |          1616.60 |      1608.61 |      1643.70 |                 71.22 |                    5.00 |    118 |    23.8241 |
|        1 |        273 |          1616.60 |      1608.61 |      1642.74 |                 68.09 |                    5.00 |    118 |    23.9796 |
|        1 |        274 |          1616.60 |      1608.61 |      1640.61 |                 61.27 |                    5.26 |    118 |    24.1187 |
|        1 |        275 |          1616.60 |      1608.61 |      1639.07 |                 70.25 |                    5.00 |    118 |    24.1717 |
|        1 |        276 |          1616.60 |      1608.61 |      1643.84 |                 70.61 |                    5.00 |    118 |    24.2601 |
|        1 |        277 |          1616.60 |      1608.61 |      1641.61 |                 70.29 |                    5.00 |    118 |    24.3408 |
|        1 |        278 |          1616.60 |      1608.61 |      1625.10 |                 73.49 |                    5.00 |    118 |    24.4767 |
|        1 |        279 |          1616.60 |      1608.61 |      1614.11 |                 60.34 |                    5.00 |    118 |    24.6740 |
|        1 |        280 |          1616.60 |      1608.61 |      1662.35 |                 63.86 |                    5.00 |    118 |    24.7370 |
|        1 |        281 |          1616.60 |      1608.61 |      1624.40 |                 48.49 |                    5.00 |    118 |    24.8386 |
|        1 |        282 |          1616.60 |      1608.61 |      1636.02 |                 63.89 |                    5.00 |    119 |    24.9207 |
|        1 |        283 |          1616.60 |      1608.61 |      1623.09 |                 46.19 |                    5.00 |    119 |    25.0089 |
|        1 |        284 |          1616.60 |      1608.61 |      1620.76 |                 69.18 |                    5.00 |    119 |    25.1475 |
|        1 |        285 |          1616.60 |      1608.61 |      1625.10 |                 57.04 |                    5.00 |    119 |    25.2031 |
|        1 |        286 |          1616.60 |      1608.61 |      1622.90 |                 69.96 |                    5.00 |    119 |    25.3118 |
|        1 |        287 |          1616.60 |      1608.61 |      1643.00 |                 71.87 |                    5.00 |    119 |    25.3666 |
|        1 |        288 |          1616.60 |      1608.61 |      1642.03 |                 56.23 |                    5.00 |    119 |    25.4653 |
|        1 |        289 |          1616.60 |      1608.61 |      1638.08 |                 67.80 |                    5.00 |    119 |    25.5234 |
|        1 |        290 |          1616.60 |      1608.61 |      1629.27 |                 48.76 |                    5.00 |    119 |    25.7060 |
|        1 |        291 |          1616.60 |      1608.61 |      1634.50 |                 83.41 |                    5.00 |    119 |    25.7681 |
|        1 |        292 |          1616.60 |      1608.61 |      1634.50 |                 52.51 |                    5.00 |    119 |    25.8169 |
|        1 |        293 |          1616.60 |      1608.61 |      1628.41 |                 47.34 |                    5.00 |    119 |    25.8833 |
|        1 |        294 |          1616.60 |      1608.61 |      1612.96 |                 56.48 |                    5.00 |    119 |    25.9562 |
|        1 |        295 |          1616.60 |      1608.61 |      1631.66 |                 68.08 |                    5.00 |    119 |    26.0128 |
|        1 |        296 |          1616.60 |      1608.61 |      1635.80 |                 45.92 |                    5.00 |    119 |    26.0756 |
|        1 |        297 |          1616.60 |      1608.61 |      1610.22 |                 67.65 |                    5.00 |    119 |    26.1228 |
|        1 |        298 |          1616.60 |      1608.61 |      1634.50 |                 49.43 |                    5.00 |    119 |    26.2125 |
|        1 |        299 |          1616.60 |      1608.61 |      1625.66 |                 57.14 |                    5.00 |    119 |    26.3030 |
|        1 |        300 |          1616.60 |      1608.61 |      1634.42 |                 61.31 |                    5.00 |    119 |    26.4890 |
|        1 |        301 |          1616.60 |      1608.61 |      1635.20 |                 48.59 |                    5.00 |    119 |    26.5410 |
|        1 |        302 |          1616.60 |      1608.61 |      1635.20 |                 69.42 |                    5.00 |    119 |    26.5968 |
|        1 |        303 |          1616.60 |      1608.61 |      1629.11 |                 49.13 |                    5.00 |    119 |    26.6940 |
|        1 |        304 |          1616.60 |      1608.61 |      1662.08 |                 51.99 |                    5.00 |    119 |    26.7571 |
|        1 |        305 |          1616.60 |      1608.61 |      1636.12 |                 62.28 |                    5.00 |    119 |    26.9381 |
|        1 |        306 |          1616.60 |      1608.61 |      1630.21 |                 57.29 |                    5.00 |    119 |    27.0108 |
|        1 |        307 |          1616.60 |      1608.61 |      1638.16 |                 49.67 |                    5.00 |    119 |    27.0635 |
|        1 |        308 |          1616.60 |      1608.61 |      1631.47 |                 60.49 |                    5.00 |    119 |    27.1171 |
|        1 |        309 |          1616.60 |      1608.61 |      1644.00 |                 55.56 |                    5.00 |    119 |    27.2009 |
|        1 |        310 |          1616.60 |      1608.61 |      1625.23 |                 89.94 |                    5.00 |    119 |    27.3571 |
|        1 |        311 |          1616.60 |      1608.61 |      1644.00 |                 56.07 |                    5.00 |    120 |    27.4053 |
|        1 |        312 |          1616.60 |      1608.61 |      1644.00 |                 63.70 |                    5.00 |    120 |    27.4510 |
|        1 |        313 |          1616.60 |      1608.61 |      1653.14 |                 67.39 |                    5.00 |    120 |    27.5241 |
|        1 |        314 |          1616.60 |      1608.61 |      1641.63 |                 71.01 |                    5.00 |    120 |    27.6668 |
|        1 |        315 |          1616.60 |      1608.61 |      1643.17 |                 69.17 |                    5.00 |    120 |    27.7781 |
|        1 |        316 |          1616.60 |      1608.61 |      1644.23 |                 65.57 |                    5.00 |    120 |    27.8405 |
|        1 |        317 |          1616.60 |      1608.61 |      1637.48 |                 51.23 |                    5.00 |    120 |    27.9657 |
|        1 |        318 |          1616.60 |      1608.61 |      1630.58 |                 65.58 |                    5.00 |    120 |    28.0271 |
|        1 |        319 |          1616.60 |      1608.61 |      1643.25 |                 66.53 |                    5.00 |    120 |    28.1343 |
|        1 |        320 |          1616.60 |      1608.61 |      1616.60 |                 49.06 |                    5.00 |    120 |    28.2167 |
|        1 |        321 |          1616.60 |      1608.61 |      1616.60 |                 46.87 |                    5.00 |    120 |    28.3183 |
|        1 |        322 |          1616.60 |      1608.61 |      1656.29 |                 49.60 |                    5.00 |    122 |    28.3850 |
|        1 |        323 |          1616.60 |      1608.61 |      1609.94 |                 67.42 |                    5.00 |    122 |    28.4461 |
|        1 |        324 |          1616.60 |      1608.61 |      1633.47 |                 69.26 |                    5.00 |    122 |    28.5077 |
|        1 |        325 |          1616.60 |      1608.61 |      1632.01 |                 62.47 |                    5.00 |    122 |    28.5810 |
|        1 |        326 |          1616.60 |      1608.61 |      1635.01 |                 68.80 |                    5.00 |    122 |    28.6394 |
|        1 |        327 |          1616.60 |      1608.61 |      1632.79 |                 69.91 |                    5.00 |    124 |    28.7137 |
|        1 |        328 |          1616.60 |      1608.61 |      1636.47 |                 66.98 |                    5.00 |    124 |    28.7632 |
|        1 |        329 |          1616.60 |      1608.61 |      1636.96 |                 52.01 |                    5.00 |    124 |    28.8170 |
|        1 |        330 |          1616.60 |      1608.61 |      1622.01 |                 69.99 |                    5.00 |    124 |    28.8686 |
|        1 |        331 |          1616.60 |      1608.61 |      1635.10 |                 81.60 |                    5.00 |    124 |    28.9835 |
|        1 |        332 |          1616.60 |      1608.61 |      1638.00 |                 70.75 |                    5.00 |    124 |    29.0322 |
|        1 |        333 |          1616.60 |      1608.61 |      1637.20 |                 66.98 |                    5.00 |    124 |    29.1263 |
|        1 |        334 |          1616.60 |      1608.61 |      1634.11 |                 70.01 |                    5.00 |    124 |    29.2391 |
|        1 |        335 |          1616.60 |      1608.61 |      1638.00 |                 66.42 |                    5.00 |    124 |    29.2895 |
|        1 |        336 |          1616.60 |      1608.61 |      1634.10 |                 68.07 |                    5.00 |    125 |    29.3875 |
|        1 |        337 |          1616.60 |      1608.61 |      1646.70 |                 69.87 |                    5.00 |    128 |    29.4655 |
|        1 |        338 |          1616.60 |      1608.61 |      1646.70 |                 63.67 |                    5.00 |    128 |    29.5234 |
|        1 |        339 |          1616.60 |      1608.61 |      1622.56 |                 67.95 |                    5.00 |    128 |    29.6116 |
|        1 |        340 |          1616.60 |      1608.61 |      1637.25 |                 70.49 |                    5.00 |    128 |    29.6701 |
|        1 |        341 |          1616.60 |      1608.61 |      1634.91 |                 70.07 |                    5.00 |    128 |    29.7786 |
|        1 |        342 |          1616.60 |      1608.61 |      1629.66 |                 80.28 |                    5.00 |    128 |    29.8567 |
|        1 |        343 |          1616.60 |      1608.61 |      1616.60 |                 48.04 |                    5.00 |    128 |    29.9224 |
|        1 |        344 |          1616.60 |      1608.61 |      1616.60 |                 48.32 |                    5.00 |    128 |    30.0030 |
|        1 |        345 |          1616.60 |      1608.61 |      1612.90 |                 60.59 |                    5.00 |    128 |    30.0758 |
|        1 |        346 |          1616.60 |      1608.61 |      1639.86 |                 70.14 |                    5.00 |    128 |    30.1459 |
|        1 |        347 |          1616.60 |      1608.61 |      1648.43 |                 67.83 |                    5.00 |    128 |    30.2164 |
|        1 |        348 |          1616.60 |      1608.61 |      1644.84 |                 70.86 |                    5.00 |    128 |    30.3372 |
|        1 |        349 |          1616.60 |      1608.61 |      1635.24 |                 67.71 |                    5.00 |    128 |    30.4391 |
|        1 |        350 |          1616.60 |      1608.61 |      1633.54 |                 67.94 |                    5.00 |    128 |    30.5605 |
|        1 |        351 |          1616.60 |      1608.61 |      1690.10 |                 50.61 |                    5.00 |    128 |    30.6460 |
|        1 |        352 |          1616.60 |      1608.61 |      1640.80 |                 70.81 |                    5.00 |    128 |    30.7326 |
|        1 |        353 |          1616.60 |      1608.61 |      1630.70 |                 69.62 |                    5.00 |    128 |    30.8630 |
|        1 |        354 |          1616.60 |      1608.61 |      1636.88 |                 62.17 |                    5.00 |    128 |    30.9181 |
|        1 |        355 |          1616.60 |      1608.61 |      1632.17 |                 69.27 |                    5.00 |    128 |    30.9515 |
|        1 |        356 |          1616.60 |      1608.61 |      1635.04 |                 69.57 |                    5.00 |    128 |    31.0530 |
|        1 |        357 |          1616.60 |      1608.61 |      1616.60 |                 48.82 |                    5.00 |    128 |    31.1310 |
|        1 |        358 |          1616.60 |      1608.61 |      1613.93 |                 47.24 |                    5.00 |    128 |    31.1870 |
|        1 |        359 |          1616.60 |      1608.61 |      1628.06 |                 59.29 |                    5.00 |    129 |    31.2371 |
|        1 |        360 |          1616.60 |      1608.61 |      1628.50 |                 50.37 |                    5.00 |    129 |    31.2927 |
|        1 |        361 |          1616.60 |      1608.61 |      1627.66 |                 71.12 |                    5.00 |    129 |    31.3840 |
|        1 |        362 |          1616.60 |      1608.61 |      1627.90 |                 47.04 |                    5.00 |    129 |    31.4480 |
|        1 |        363 |          1616.60 |      1608.61 |      1624.27 |                 67.93 |                    5.00 |    129 |    31.4975 |
|        1 |        364 |          1616.60 |      1608.61 |      1645.05 |                 68.41 |                    5.00 |    129 |    31.5549 |
|        1 |        365 |          1616.60 |      1608.61 |      1644.73 |                 63.52 |                    5.00 |    129 |    31.6280 |
|        1 |        366 |          1616.60 |      1608.61 |      1644.57 |                 75.04 |                    5.00 |    129 |    31.6861 |
|        1 |        367 |          1616.60 |      1608.61 |      1625.10 |                 49.53 |                    5.00 |    129 |    31.7814 |
|        1 |        368 |          1616.60 |      1608.61 |      1627.63 |                 69.15 |                    5.00 |    129 |    31.8923 |
|        1 |        369 |          1616.60 |      1608.61 |      1640.74 |                 49.85 |                    5.00 |    129 |    32.0162 |
|        1 |        370 |          1616.60 |      1608.61 |      1633.72 |                 70.57 |                    5.00 |    129 |    32.0630 |
|        1 |        371 |          1616.60 |      1608.61 |      1621.86 |                 48.88 |                    5.00 |    129 |    32.1986 |
|        1 |        372 |          1616.60 |      1608.61 |      1611.25 |                 49.19 |                    5.00 |    129 |    32.2658 |
|        1 |        373 |          1616.60 |      1608.61 |      1615.58 |                 45.98 |                    5.00 |    129 |    32.4013 |
|        1 |        374 |          1616.60 |      1608.61 |      1617.89 |                 46.75 |                    5.00 |    129 |    32.4655 |
|        1 |        375 |          1616.60 |      1608.61 |      1627.30 |                 48.47 |                    5.00 |    131 |    32.5428 |
|        1 |        376 |          1616.60 |      1608.61 |      1621.66 |                 53.33 |                    5.00 |    131 |    32.6290 |
|        1 |        377 |          1616.60 |      1608.61 |      1621.29 |                 47.57 |                    5.00 |    131 |    32.7125 |
|        1 |        378 |          1616.60 |      1608.61 |      1624.69 |                 54.03 |                    5.00 |    131 |    32.7654 |
|        1 |        379 |          1616.60 |      1608.61 |      1615.55 |                 49.66 |                    5.00 |    131 |    32.8479 |
|        1 |        380 |          1616.60 |      1608.61 |      1615.06 |                 49.01 |                    5.00 |    131 |    32.9114 |
|        1 |        381 |          1616.60 |      1608.61 |      1616.60 |                 55.46 |                    5.00 |    131 |    33.0289 |
|        1 |        382 |          1616.60 |      1608.61 |      1616.60 |                 45.75 |                    5.00 |    131 |    33.0759 |
|        1 |        383 |          1616.60 |      1608.61 |      1612.25 |                 48.31 |                    5.00 |    131 |    33.1789 |
|        1 |        384 |          1616.60 |      1608.61 |      1618.19 |                 57.61 |                    5.00 |    131 |    33.2565 |
|        1 |        385 |          1616.60 |      1608.61 |      1629.40 |                 53.54 |                    5.00 |    131 |    33.3159 |
|        1 |        386 |          1616.60 |      1608.61 |      1629.40 |                 48.74 |                    5.00 |    131 |    33.3882 |
|        1 |        387 |          1616.60 |      1608.61 |      1633.13 |                 76.26 |                    5.00 |    131 |    33.4315 |
|        1 |        388 |          1616.60 |      1608.61 |      1665.80 |                 68.60 |                    5.00 |    131 |    33.5405 |
|        1 |        389 |          1616.60 |      1608.61 |      1618.23 |                 60.87 |                    5.00 |    133 |    33.7200 |
|        1 |        390 |          1616.60 |      1608.61 |      1635.70 |                 47.69 |                    5.00 |    134 |    33.7819 |
|        1 |        391 |          1616.60 |      1608.61 |      1620.56 |                 70.84 |                    5.00 |    134 |    33.8561 |
|        1 |        392 |          1616.60 |      1608.61 |      1630.31 |                 71.31 |                    5.00 |    134 |    33.9203 |
|        1 |        393 |          1616.60 |      1608.61 |      1638.00 |                 97.85 |                    5.00 |    134 |    33.9871 |
|        1 |        394 |          1616.60 |      1608.61 |      1632.87 |                 69.98 |                    5.00 |    134 |    34.0855 |
|        1 |        395 |          1616.60 |      1608.61 |      1637.89 |                 69.79 |                    5.00 |    134 |    34.1420 |
|        1 |        396 |          1616.60 |      1608.61 |      1635.00 |                 67.45 |                    5.00 |    134 |    34.2248 |
|        1 |        397 |          1616.60 |      1608.61 |      1611.09 |                 54.78 |                    5.00 |    134 |    34.3771 |
|        1 |        398 |          1616.60 |      1608.61 |      1614.67 |                 61.77 |                    5.00 |    134 |    34.5713 |
|        1 |        399 |          1616.60 |      1608.61 |      1614.27 |                 62.07 |                    5.00 |    134 |    34.6751 |
|        1 |        400 |          1616.60 |      1608.61 |      1616.60 |                 53.81 |                    5.00 |    134 |    34.7233 |
|        1 |        401 |          1616.60 |      1608.61 |      1628.50 |                 51.53 |                    5.00 |    134 |    34.7820 |
|        1 |        402 |          1616.60 |      1608.61 |      1640.74 |                 80.63 |                    5.00 |    134 |    34.8233 |
|        1 |        403 |          1616.60 |      1608.61 |      1628.50 |                 50.14 |                    5.00 |    134 |    34.9168 |
|        1 |        404 |          1616.60 |      1608.61 |      1617.93 |                 59.82 |                    5.00 |    134 |    34.9769 |
|        1 |        405 |          1616.60 |      1608.61 |      1645.57 |                 74.26 |                    5.00 |    134 |    35.0505 |
|        1 |        406 |          1616.60 |      1608.61 |      1641.25 |                 47.96 |                    5.00 |    136 |    35.1859 |
|        1 |        407 |          1616.60 |      1608.61 |      1629.21 |                 61.36 |                    5.00 |    136 |    35.2532 |
|        1 |        408 |          1616.60 |      1608.61 |      1640.40 |                 65.66 |                    5.00 |    136 |    35.3017 |
|        1 |        409 |          1616.60 |      1608.61 |      1643.46 |                 69.51 |                    5.00 |    136 |    35.3631 |
|        1 |        410 |          1616.60 |      1608.61 |      1645.80 |                 67.90 |                    5.00 |    136 |    35.4325 |
|        1 |        411 |          1616.60 |      1608.61 |      1641.60 |                 66.26 |                    5.00 |    136 |    35.5170 |
|        1 |        412 |          1616.60 |      1608.61 |      1644.06 |                 56.86 |                    5.00 |    136 |    35.5736 |
|        1 |        413 |          1616.60 |      1608.61 |      1635.23 |                 68.57 |                    5.00 |    136 |    35.6279 |
|        1 |        414 |          1616.60 |      1608.61 |      1644.33 |                 69.75 |                    5.00 |    136 |    35.6860 |
|        1 |        415 |          1616.60 |      1608.61 |      1627.90 |                 49.23 |                    5.00 |    136 |    35.9267 |
|        1 |        416 |          1616.60 |      1608.61 |      1621.90 |                 60.36 |                    5.00 |    136 |    36.0505 |
|        1 |        417 |          1616.60 |      1608.61 |      1628.50 |                 46.86 |                    5.00 |    136 |    36.1115 |
|        1 |        418 |          1616.60 |      1608.61 |      1622.99 |                 50.05 |                    5.00 |    136 |    36.1879 |
|        1 |        419 |          1616.60 |      1608.61 |      1628.15 |                 59.81 |                    5.00 |    136 |    36.2270 |
|        1 |        420 |          1616.60 |      1608.61 |      1626.92 |                 59.54 |                    5.00 |    136 |    36.3163 |
|        1 |        421 |          1616.60 |      1608.61 |      1616.41 |                 50.49 |                    5.00 |    136 |    36.4026 |
|        1 |        422 |          1616.60 |      1608.61 |      1613.30 |                 52.92 |                    5.00 |    136 |    36.4562 |
|        1 |        423 |          1616.60 |      1608.61 |      1613.95 |                 58.85 |                    5.00 |    136 |    36.5317 |
|        1 |        424 |          1616.60 |      1608.61 |      1637.37 |                 62.76 |                    5.00 |    137 |    36.6338 |
|        1 |        425 |          1616.60 |      1608.61 |      1614.91 |                 52.06 |                    5.00 |    137 |    36.7599 |
|        1 |        426 |          1616.60 |      1608.61 |      1615.15 |                 63.94 |                    5.00 |    137 |    36.8409 |
|        1 |        427 |          1616.60 |      1608.61 |      1616.60 |                 45.82 |                    5.00 |    137 |    36.9000 |
|        1 |        428 |          1616.60 |      1608.61 |      1656.34 |                 89.25 |                    5.00 |    138 |    36.9597 |
|        1 |        429 |          1616.60 |      1608.61 |      1681.81 |                 69.59 |                    5.00 |    138 |    37.1277 |
|        1 |        430 |          1616.60 |      1608.61 |      1651.12 |                 67.61 |                    5.00 |    138 |    37.2893 |
|        1 |        431 |          1616.60 |      1608.61 |      1647.00 |                 70.64 |                    5.00 |    138 |    37.4028 |
|        1 |        432 |          1616.60 |      1608.61 |      1647.00 |                 49.67 |                    5.00 |    138 |    37.4413 |
|        1 |        433 |          1616.60 |      1608.61 |      1625.12 |                 63.55 |                    5.00 |    138 |    37.5073 |
|        1 |        434 |          1616.60 |      1608.61 |      1651.18 |                 70.06 |                    5.00 |    138 |    37.5551 |
|        1 |        435 |          1616.60 |      1608.61 |      1647.38 |                 61.15 |                    5.00 |    138 |    37.6622 |
|        1 |        436 |          1616.60 |      1608.61 |      1645.06 |                 69.74 |                    5.00 |    138 |    37.8190 |
|        1 |        437 |          1616.60 |      1608.61 |      1663.27 |                 50.30 |                    5.00 |    138 |    37.9419 |
|        1 |        438 |          1616.60 |      1608.61 |      1642.37 |                 89.33 |                    5.00 |    138 |    38.0507 |
|        1 |        439 |          1616.60 |      1608.61 |      1662.80 |                 69.35 |                    5.00 |    138 |    38.1058 |
|        1 |        440 |          1616.60 |      1608.61 |      1661.41 |                 52.24 |                    5.00 |    138 |    38.1673 |
|        1 |        441 |          1616.60 |      1608.61 |      1647.02 |                 62.99 |                    5.00 |    138 |    38.2186 |
|        1 |        442 |          1616.60 |      1608.61 |      1657.79 |                 70.15 |                    5.00 |    138 |    38.2615 |
|        1 |        443 |          1616.60 |      1608.61 |      1661.47 |                 87.11 |                    5.00 |    138 |    38.3248 |
|        1 |        444 |          1616.60 |      1608.61 |      1662.80 |                 93.15 |                    5.00 |    138 |    38.3784 |
|        1 |        445 |          1616.60 |      1608.61 |      1626.40 |                 46.73 |                    5.00 |    138 |    38.5552 |
|        1 |        446 |          1616.60 |      1608.61 |      1620.68 |                 50.42 |                    5.00 |    138 |    38.6246 |
|        1 |        447 |          1616.60 |      1608.61 |      1620.27 |                 81.17 |                    5.00 |    138 |    38.6928 |
|        1 |        448 |          1616.60 |      1608.61 |      1626.40 |                 48.58 |                    5.00 |    138 |    38.7516 |
|        1 |        449 |          1616.60 |      1608.61 |      1621.30 |                 55.64 |                    5.00 |    138 |    38.8302 |
|        1 |        450 |          1616.60 |      1608.61 |      1626.40 |                 65.74 |                    5.00 |    138 |    38.8940 |
|        1 |        451 |          1616.60 |      1608.61 |      1626.40 |                 47.61 |                    5.00 |    138 |    38.9468 |
|        1 |        452 |          1616.60 |      1608.61 |      1662.90 |                 62.67 |                    5.00 |    138 |    39.0483 |
|        1 |        453 |          1616.60 |      1608.61 |      1663.30 |                 64.41 |                    5.00 |    138 |    39.0965 |
|        1 |        454 |          1616.60 |      1608.61 |      1663.30 |                 51.01 |                    5.00 |    138 |    39.1566 |
|        1 |        455 |          1616.60 |      1608.61 |      1659.93 |                 71.28 |                    5.00 |    138 |    39.2652 |
|        1 |        456 |          1616.60 |      1608.61 |      1659.03 |                 52.40 |                    5.00 |    138 |    39.4095 |
|        1 |        457 |          1616.60 |      1608.61 |      1643.60 |                 57.25 |                    5.00 |    138 |    39.6277 |
|        1 |        458 |          1616.60 |      1608.61 |      1643.60 |                 63.71 |                    5.00 |    138 |    39.6805 |
|        1 |        459 |          1616.60 |      1608.61 |      1643.60 |                 61.67 |                    5.00 |    138 |    39.7237 |
|        1 |        460 |          1616.60 |      1608.61 |      1631.14 |                 60.69 |                    5.00 |    138 |    39.8308 |
|        1 |        461 |          1616.60 |      1608.61 |      1658.39 |                 67.56 |                    5.00 |    138 |    39.8799 |
|        1 |        462 |          1616.60 |      1608.61 |      1657.72 |                 67.39 |                    5.00 |    138 |    39.9251 |
|        1 |        463 |          1616.60 |      1608.61 |      1658.82 |                 70.62 |                    5.00 |    138 |    39.9817 |
------------------------------------------------------------------------------------------------------------------------------------------------
|  Restart |  Iteration |  Best Feas. Cost |    Best Cost |   Curr. Cost |   Penalty Custom Res. |   Penalty Standard Res. |   Pool |   Time (s) |
------------------------------------------------------------------------------------------------------------------------------------------------
|        1 |        464 |          1616.60 |      1608.61 |      1660.65 |                 69.63 |                    5.00 |    138 |    40.0544 |
|        1 |        465 |          1616.60 |      1608.61 |      1689.54 |                 69.34 |                    5.00 |    138 |    40.1298 |
|        1 |        466 |          1616.60 |      1608.61 |      1661.50 |                 66.82 |                    5.00 |    138 |    40.2667 |
|        1 |        467 |          1616.60 |      1608.61 |      1655.99 |                 66.16 |                    5.00 |    138 |    40.4501 |
|        1 |        468 |          1616.60 |      1608.61 |      1657.69 |                 70.77 |                    5.00 |    138 |    40.5024 |
|        1 |        469 |          1616.60 |      1608.61 |      1660.79 |                 70.54 |                    5.00 |    138 |    40.5615 |
|        1 |        470 |          1616.60 |      1608.61 |      1657.23 |                 70.94 |                    5.00 |    138 |    40.6388 |
|        1 |        471 |          1616.60 |      1608.61 |      1659.62 |                 70.02 |                    5.00 |    138 |    40.6966 |
|        1 |        472 |          1616.60 |      1608.61 |      1660.02 |                 71.15 |                    5.00 |    138 |    40.7692 |
|        1 |        473 |          1616.60 |      1608.61 |      1625.10 |                 48.04 |                    5.00 |    138 |    40.8161 |
|        1 |        474 |          1616.60 |      1608.61 |      1623.10 |                 65.20 |                    5.00 |    138 |    40.8968 |
|        1 |        475 |          1616.60 |      1608.61 |      1626.40 |                 51.10 |                    5.00 |    138 |    40.9639 |
|        1 |        476 |          1616.60 |      1608.61 |      1654.21 |                 69.43 |                    5.00 |    139 |    41.0282 |
|        1 |        477 |          1616.60 |      1608.61 |      1644.44 |                 69.16 |                    5.00 |    139 |    41.0979 |
|        1 |        478 |          1616.60 |      1608.61 |      1643.42 |                 66.81 |                    5.00 |    139 |    41.1797 |
|        1 |        479 |          1616.60 |      1608.61 |      1645.13 |                 70.61 |                    5.00 |    139 |    41.2703 |
|        1 |        480 |          1616.60 |      1608.61 |      1641.49 |                 68.06 |                    5.00 |    139 |    41.3911 |
|        1 |        481 |          1616.60 |      1608.61 |      1643.67 |                 70.45 |                    5.00 |    139 |    41.4921 |
|        1 |        482 |          1616.60 |      1608.61 |      1644.11 |                 69.57 |                    5.00 |    139 |    41.5403 |
|        1 |        483 |          1616.60 |      1608.61 |      1644.41 |                 74.89 |                    5.00 |    139 |    41.6565 |
|        1 |        484 |          1616.60 |      1608.61 |      1645.80 |                 70.98 |                    5.00 |    139 |    41.7216 |
|        1 |        485 |          1616.60 |      1608.61 |      1642.64 |                 65.99 |                    5.00 |    139 |    41.7762 |
|        1 |        486 |          1616.60 |      1608.61 |      1643.03 |                 70.46 |                    5.00 |    139 |    41.8563 |
|        1 |        487 |          1616.60 |      1608.61 |      1644.73 |                 70.92 |                    5.00 |    139 |    41.9179 |
|        1 |        488 |          1616.60 |      1608.61 |      1645.22 |                 67.20 |                    5.00 |    139 |    41.9928 |
|        1 |        489 |          1616.60 |      1608.61 |      1642.33 |                 69.74 |                    5.00 |    139 |    42.0476 |
|        1 |        490 |          1616.60 |      1608.61 |      1642.62 |                 54.51 |                    5.00 |    139 |    42.2479 |
|        1 |        491 |          1616.60 |      1608.61 |      1634.53 |                 69.85 |                    5.00 |    139 |    42.2874 |
|        1 |        492 |          1616.60 |      1608.61 |      1644.85 |                 48.55 |                    5.00 |    139 |    42.3634 |
|        1 |        493 |          1616.60 |      1608.61 |      1621.70 |                 60.35 |                    5.00 |    139 |    42.4099 |
|        1 |        494 |          1616.60 |      1608.61 |      1708.68 |                 71.36 |                    5.00 |    139 |    42.4544 |
|        1 |        495 |          1616.60 |      1608.61 |      1644.99 |                 67.59 |                    5.00 |    139 |    42.5388 |
|        1 |        496 |          1616.60 |      1608.61 |      1639.44 |                 71.44 |                    5.00 |    139 |    42.6525 |
|        1 |        497 |          1616.60 |      1608.61 |      1645.74 |                 60.09 |                    5.00 |    139 |    42.7228 |
|        1 |        498 |          1616.60 |      1608.61 |      1625.10 |                 49.50 |                    5.00 |    139 |    42.7948 |
|        1 |        499 |          1616.60 |      1608.61 |      1624.65 |                 52.43 |                    5.00 |    139 |    42.8559 |
|        1 |        500 |          1616.60 |      1608.61 |      1621.66 |                 51.70 |                    5.00 |    139 |    42.9328 |
------------------------------------------------------------------------------------------------------------------------------------------------
Version identifier: 22.1.2.0 | 2024-11-26 | 0edbb82fd
CPXPARAM_MIP_Tolerances_UpperCutoff              1616.7000000000053
Tried aggregator 2 times.
MIP Presolve eliminated 42 rows and 8 columns.
MIP Presolve modified 97 coefficients.
Aggregator did 4 substitutions.
Reduced MIP has 55 rows, 127 columns, and 536 nonzeros.
Reduced MIP has 127 binaries, 0 generals, 0 SOSs, and 0 indicators.
Presolve time = 0.00 sec. (0.76 ticks)
Probing fixed 3 vars, tightened 0 bounds.
Probing time = 0.00 sec. (0.32 ticks)
Tried aggregator 1 time.
MIP Presolve eliminated 12 rows and 20 columns.
Reduced MIP has 43 rows, 107 columns, and 444 nonzeros.
Reduced MIP has 107 binaries, 0 generals, 0 SOSs, and 0 indicators.
Presolve time = 0.00 sec. (0.26 ticks)
Probing time = 0.00 sec. (0.25 ticks)
Tried aggregator 1 time.
Detecting symmetries...
MIP Presolve eliminated 1 rows and 1 columns.
Reduced MIP has 42 rows, 106 columns, and 424 nonzeros.
Reduced MIP has 106 binaries, 0 generals, 0 SOSs, and 0 indicators.
Presolve time = 0.00 sec. (0.26 ticks)
Probing time = 0.00 sec. (0.24 ticks)
Clique table members: 198.
MIP emphasis: balance optimality and feasibility.
MIP search method: dynamic search.
Parallel mode: deterministic, using up to 8 threads.
Root relaxation solution time = 0.00 sec. (0.18 ticks)

        Nodes                                         Cuts/
   Node  Left     Objective  IInf  Best Integer    Best Bound    ItCnt     Gap

*     0     0      integral     0     1616.6000     1616.6000       44    0.00%
Elapsed time = 0.01 sec. (3.90 ticks, tree = 0.00 MB, solutions = 1)
objective_value(sp) = 1616.6
 46.347911 seconds (6.84 M allocations: 340.620 MiB, 0.20% gc time, 8.27% compilation time)
#1: 0 (0.0) {168.0} -> 7 (20.0) {184.0} [170.0, 225.0] -> 8 (40.0) {276.8} [255.0, 324.0] -> 10 (50.0) {370.4} [357.0, 410.0] -> 11 (60.0) {463.4} [448.0, 505.0] -> 9 (70.0) {556.5} [534.0, 605.0] -> 6 (90.0) {648.7} [621.0, 702.0] -> 4 (100.0) {740.9} [727.0, 782.0] -> 75 (120.0) {997.0} [997.0, 1068.0] -> 0 (120.0) {1102.8} [0.0, 1236.0]
#2: 0 (0.0) {0.0} -> 43 (10.0) {16.5} [16.0, 80.0] -> 65 (20.0) {122.3} [76.0, 129.0] -> 0 (20.0) {225.1} [0.0, 1236.0]
#3: 0 (0.0) {0.0} -> 98 (20.0) {30.8} [30.0, 84.0] -> 0 (20.0) {151.6} [0.0, 1236.0]
#4: 0 (0.0) {31.0} -> 32 (30.0) {62.6} [31.0, 100.0] -> 33 (70.0) {154.6} [87.0, 158.0] -> 29 (80.0) {358.0} [358.0, 405.0] -> 0 (80.0) {468.0} [0.0, 1236.0]
#5: 0 (0.0) {37.0} -> 5 (10.0) {52.1} [15.0, 67.0] -> 0 (10.0) {157.2} [0.0, 1236.0]
#6: 0 (0.0) {164.0} -> 25 (40.0) {179.1} [169.0, 224.0] -> 27 (50.0) {271.1} [261.0, 316.0] -> 30 (60.0) {449.0} [449.0, 504.0] -> 28 (80.0) {546.0} [546.0, 593.0] -> 26 (90.0) {638.0} [622.0, 701.0] -> 23 (100.0) {732.0} [732.0, 777.0] -> 21 (120.0) {914.0} [914.0, 965.0] -> 0 (120.0) {1014.1} [0.0, 1236.0]
#7: 0 (0.0) {22.0} -> 90 (10.0) {42.6} [20.0, 84.0] -> 0 (10.0) {153.2} [0.0, 1236.0]
#8: 0 (0.0) {0.0} -> 81 (30.0) {47.4} [47.0, 124.0] -> 0 (30.0) {184.8} [0.0, 1236.0]
#9: 0 (0.0) {51.0} -> 3 (10.0) {67.1} [65.0, 146.0] -> 0 (10.0) {173.2} [0.0, 1236.0]
#10: 0 (0.0) {99.0} -> 96 (10.0) {135.0} [95.0, 156.0] -> 0 (10.0) {261.0} [0.0, 1236.0]
#11: 0 (0.0) {162.0} -> 95 (30.0) {199.2} [196.0, 239.0] -> 94 (40.0) {292.8} [285.0, 336.0] -> 92 (60.0) {386.4} [368.0, 441.0] -> 93 (100.0) {478.4} [475.0, 518.0] -> 97 (130.0) {573.4} [561.0, 622.0] -> 100 (150.0) {668.4} [647.0, 726.0] -> 99 (160.0) {763.4} [743.0, 820.0] -> 2 (190.0) {867.5} [825.0, 870.0] -> 1 (200.0) {959.5} [912.0, 967.0] -> 0 (200.0) {1068.1} [0.0, 1236.0]
#12: 0 (0.0) {0.0} -> 20 (10.0) {10.0} [10.0, 73.0] -> 0 (10.0) {110.0} [0.0, 1236.0]
#13: 0 (0.0) {48.0} -> 24 (10.0) {65.0} [65.0, 144.0] -> 22 (30.0) {812.0} [812.0, 883.0] -> 0 (30.0) {914.1} [0.0, 1236.0]
#14: 0 (0.0) {165.0} -> 18 (20.0) {200.3} [179.0, 254.0] -> 19 (30.0) {295.3} [278.0, 345.0] -> 15 (70.0) {390.3} [384.0, 429.0] -> 16 (110.0) {485.3} [475.0, 528.0] -> 14 (120.0) {577.3} [567.0, 620.0] -> 12 (140.0) {670.3} [652.0, 721.0] -> 0 (140.0) {798.3} [0.0, 1236.0]
#15: 0 (0.0) {0.0} -> 13 (30.0) {30.8} [30.0, 92.0] -> 17 (50.0) {124.8} [99.0, 148.0] -> 0 (50.0) {248.1} [0.0, 1236.0]
#16: 0 (0.0) {41.0} -> 57 (40.0) {76.0} [35.0, 87.0] -> 59 (50.0) {651.0} [651.0, 740.0] -> 68 (60.0) {757.5} [734.0, 777.0] -> 69 (70.0) {916.0} [916.0, 969.0] -> 0 (70.0) {1021.8} [0.0, 1236.0]
#17: 0 (0.0) {112.0} -> 87 (20.0) {137.4} [85.0, 144.0] -> 84 (40.0) {458.0} [458.0, 523.0] -> 85 (70.0) {555.0} [555.0, 612.0] -> 88 (100.0) {648.0} [645.0, 708.0] -> 89 (110.0) {740.8} [737.0, 802.0] -> 91 (120.0) {836.0} [836.0, 889.0] -> 0 (120.0) {948.3} [0.0, 1236.0]
#18: 0 (0.0) {167.0} -> 86 (10.0) {193.4} [173.0, 238.0] -> 83 (20.0) {289.4} [265.0, 338.0] -> 82 (40.0) {382.4} [369.0, 420.0] -> 77 (50.0) {574.0} [574.0, 643.0] -> 79 (60.0) {668.0} [668.0, 731.0] -> 0 (60.0) {809.0} [0.0, 1236.0]
#19: 0 (0.0) {108.0} -> 78 (20.0) {158.2} [109.0, 170.0] -> 76 (30.0) {250.2} [203.0, 260.0] -> 71 (50.0) {345.2} [293.0, 360.0] -> 70 (80.0) {440.2} [387.0, 456.0] -> 73 (90.0) {533.2} [478.0, 551.0] -> 80 (100.0) {769.0} [769.0, 820.0] -> 0 (100.0) {910.4} [0.0, 1236.0]
#20: 0 (0.0) {163.0} -> 31 (20.0) {200.0} [200.0, 237.0] -> 35 (30.0) {295.0} [283.0, 344.0] -> 37 (50.0) {390.8} [383.0, 434.0] -> 38 (80.0) {482.8} [479.0, 522.0] -> 39 (100.0) {577.8} [567.0, 624.0] -> 36 (110.0) {672.8} [665.0, 716.0] -> 34 (130.0) {765.8} [751.0, 816.0] -> 52 (140.0) {912.0} [912.0, 969.0] -> 49 (150.0) {1005.0} [1001.0, 1066.0] -> 0 (150.0) {1114.2} [0.0, 1236.0]
#21: 0 (0.0) {52.0} -> 67 (10.0) {64.2} [12.0, 77.0] -> 63 (60.0) {171.0} [171.0, 218.0] -> 0 (60.0) {275.1} [0.0, 1236.0]
#22: 0 (0.0) {158.0} -> 54 (40.0) {198.0} [186.0, 257.0] -> 53 (60.0) {293.3} [286.0, 347.0] -> 56 (90.0) {387.3} [385.0, 436.0] -> 58 (120.0) {479.3} [471.0, 534.0] -> 60 (140.0) {572.3} [562.0, 629.0] -> 64 (150.0) {690.4} [632.0, 693.0] -> 66 (160.0) {826.0} [826.0, 875.0] -> 0 (160.0) {932.5} [0.0, 1236.0]
#23: 0 (0.0) {123.0} -> 55 (10.0) {158.0} [95.0, 158.0] -> 62 (30.0) {269.5} [262.0, 317.0] -> 74 (80.0) {362.5} [353.0, 412.0] -> 72 (90.0) {457.5} [450.0, 505.0] -> 61 (100.0) {550.5} [531.0, 610.0] -> 0 (100.0) {662.8} [0.0, 1236.0]
#24: 0 (0.0) {112.0} -> 42 (20.0) {131.3} [68.0, 149.0] -> 41 (30.0) {223.3} [166.0, 235.0] -> 40 (40.0) {315.3} [264.0, 321.0] -> 44 (50.0) {408.3} [359.0, 412.0] -> 46 (80.0) {501.1} [448.0, 509.0] -> 45 (90.0) {593.1} [541.0, 600.0] -> 48 (100.0) {685.1} [632.0, 693.0] -> 51 (110.0) {778.1} [725.0, 786.0] -> 50 (120.0) {870.3} [815.0, 880.0] -> 47 (130.0) {1054.0} [1054.0, 1127.0] -> 0 (130.0) {1162.0} [0.0, 1236.0]

Dist: 1616.6. Cost: 1616.6

Root node processing (before b&c):
  Real time             =    0.01 sec. (3.90 ticks)
Parallel b&c, 8 threads:
  Real time             =    0.00 sec. (0.00 ticks)
  Sync time (average)   =    0.00 sec.
  Wait time (average)   =    0.00 sec.
                          ------------
Total (root+branch&cut) =    0.01 sec. (3.90 ticks)
