Solving instance /mnt/c/Users/bruno.mattos/OneDrive - americanas s.a/Documentos/GitHub/GenericILS/TWRD/100/C103_100_005.vrptwrd...
------------------------------------------------------------------------------------------------------------------------------------------------
|  Restart |  Iteration |  Best Feas. Cost |    Best Cost |   Curr. Cost |   Penalty Custom Res. |   Penalty Standard Res. |   Pool |   Time (s) |
------------------------------------------------------------------------------------------------------------------------------------------------
|        1 |          1 |              Inf |       922.35 |       922.35 |                 19.61 |                    6.27 |     15 |     0.3744 |
|        1 |          2 |              Inf |       918.43 |       918.43 |                 31.84 |                    5.00 |     15 |     0.8637 |
|        1 |          3 |              Inf |       918.43 |       943.18 |                 33.91 |                    5.00 |     21 |     0.9923 |
|        1 |          4 |              Inf |       918.43 |       939.92 |                 28.17 |                    5.00 |     21 |     1.0889 |
|        1 |          5 |              Inf |       918.43 |       936.91 |                 29.79 |                    5.00 |     21 |     1.1605 |
|        1 |          6 |              Inf |       918.43 |       928.70 |                 29.08 |                    5.00 |     22 |     1.2323 |
|        1 |          0 |           917.80 |       917.80 |       917.80 |                 28.00 |                    5.00 |     25 |     1.3826 |
|        1 |          1 |           917.80 |       916.86 |       916.86 |                 29.32 |                    5.00 |     26 |     1.4521 |
|        1 |          2 |           917.80 |       916.86 |       917.30 |                 30.03 |                    5.00 |     26 |     1.5625 |
|        1 |          3 |           917.80 |       916.25 |       916.25 |                 24.45 |                    5.00 |     27 |     1.6566 |
|        1 |          4 |           917.80 |       916.25 |       920.95 |                 34.61 |                    5.00 |     27 |     1.7066 |
|        1 |          5 |           917.80 |       916.25 |       916.94 |                 29.81 |                    5.00 |     28 |     1.8790 |
|        1 |          6 |           917.80 |       914.59 |       914.59 |                 26.78 |                    5.00 |     28 |     2.0168 |
|        1 |          7 |           917.80 |       912.78 |       912.78 |                 27.76 |                    5.00 |     28 |     2.0986 |
|        1 |          8 |           917.80 |       911.26 |       911.26 |                 16.07 |                    5.00 |     28 |     2.2270 |
|        1 |          9 |           917.80 |       904.46 |       904.46 |                 29.76 |                    5.00 |     29 |     2.3080 |
|        1 |         10 |           917.80 |       904.46 |       915.62 |                 28.51 |                    5.00 |     29 |     2.5658 |
|        1 |         11 |           917.80 |       904.46 |       950.45 |                 21.68 |                    5.00 |     32 |     2.6343 |
|        1 |         12 |           917.80 |       904.46 |       942.48 |                 20.76 |                    5.00 |     32 |     2.6929 |
|        1 |         13 |           917.80 |       904.46 |       947.39 |                 29.33 |                    5.00 |     34 |     2.7778 |
|        1 |         14 |           917.80 |       904.46 |       980.83 |                 20.60 |                    5.00 |     39 |     2.8421 |
|        1 |         15 |           917.80 |       904.46 |       961.22 |                 26.56 |                    5.00 |     40 |     2.9497 |
|        1 |         16 |           917.80 |       904.46 |       965.01 |                 29.83 |                    5.00 |     41 |     3.0284 |
|        1 |         17 |           917.80 |       904.46 |       958.28 |                 49.82 |                    5.00 |     43 |     3.1670 |
|        1 |         18 |           917.80 |       904.46 |       948.26 |                 31.21 |                    5.00 |     43 |     3.3240 |
|        1 |         19 |           917.80 |       904.46 |       912.05 |                 34.20 |                    5.26 |     44 |     3.4860 |
|        1 |         20 |           917.80 |       904.46 |       941.60 |                 20.08 |                    5.00 |     47 |     3.5359 |
|        1 |         21 |           917.80 |       904.46 |       933.75 |                 12.11 |                    5.00 |     49 |     3.6350 |
|        1 |         22 |           917.80 |       904.46 |       935.11 |                 27.03 |                    5.00 |     50 |     3.7706 |
|        1 |         23 |           917.80 |       904.46 |       958.13 |                 19.57 |                    5.00 |     50 |     3.8328 |
|        1 |         24 |           917.80 |       904.46 |       918.37 |                 26.43 |                    5.00 |     50 |     4.0108 |
|        1 |         25 |           917.80 |       904.46 |       913.88 |                 27.64 |                    5.00 |     50 |     4.1010 |
|        1 |         26 |           917.80 |       904.46 |       957.82 |                 21.26 |                    5.00 |     50 |     4.1464 |
|        1 |         27 |           917.80 |       904.46 |       906.68 |                 33.23 |                    5.00 |     50 |     4.2144 |
|        1 |          0 |           914.50 |       904.46 |       914.50 |                 34.41 |                    5.00 |     50 |     4.3115 |
|        1 |          1 |           914.50 |       904.46 |       913.65 |                 29.15 |                    5.00 |     50 |     4.4292 |
|        1 |          2 |           914.50 |       904.46 |       954.83 |                 28.16 |                    5.00 |     53 |     4.5175 |
|        1 |          3 |           914.50 |       904.46 |       992.84 |                 19.78 |                    5.00 |     58 |     4.5847 |
|        1 |          4 |           914.50 |       904.46 |       950.93 |                 29.96 |                    5.04 |     59 |     4.6702 |
|        1 |          5 |           914.50 |       904.46 |       956.20 |                 28.67 |                    5.00 |     59 |     4.7559 |
|        1 |          6 |           914.50 |       904.46 |       970.56 |                 30.02 |                    5.00 |     64 |     4.8253 |
|        1 |          7 |           914.50 |       904.46 |       935.19 |                 29.95 |                    5.00 |     66 |     5.0560 |
|        1 |          8 |           914.50 |       904.46 |       928.20 |                 31.32 |                    5.26 |     67 |     5.1453 |
|        1 |          9 |           914.50 |       904.46 |       954.46 |                 17.97 |                    5.00 |     69 |     5.2454 |
|        1 |         10 |           914.50 |       904.46 |       949.11 |                 29.76 |                    5.00 |     73 |     5.3505 |
|        1 |         11 |           914.50 |       904.46 |       948.69 |                 28.17 |                    5.00 |     73 |     5.4502 |
|        1 |         12 |           914.50 |       904.46 |       948.78 |                 29.38 |                    5.00 |     73 |     5.6042 |
|        1 |         13 |           914.50 |       904.46 |       955.39 |                 26.46 |                    5.00 |     75 |     5.6940 |
|        1 |         14 |           914.50 |       904.46 |       955.56 |                 30.04 |                    5.00 |     75 |     5.7473 |
|        1 |         15 |           914.50 |       904.46 |       926.64 |                 29.81 |                    5.00 |     77 |     5.9014 |
|        1 |         16 |           914.50 |       904.46 |       954.90 |                 12.74 |                    5.00 |     81 |     6.0851 |
|        1 |         17 |           914.50 |       904.46 |       951.42 |                 11.38 |                    5.00 |     83 |     6.1535 |
|        1 |         18 |           914.50 |       904.46 |       982.59 |                  9.96 |                    5.00 |     87 |     6.2278 |
|        1 |         19 |           914.50 |       904.46 |       977.21 |                 23.82 |                    5.00 |     88 |     6.3756 |
|        1 |         20 |           914.50 |       904.46 |       980.29 |                 28.14 |                    5.00 |     90 |     6.4426 |
|        1 |         21 |           914.50 |       904.46 |       983.42 |                 54.26 |                    5.00 |     90 |     6.4965 |
|        1 |         22 |           914.50 |       904.46 |       956.30 |                 23.47 |                    5.00 |     93 |     6.6428 |
|        1 |         23 |           914.50 |       904.46 |       971.77 |                 22.94 |                    5.00 |     94 |     6.7028 |
|        1 |         24 |           914.50 |       904.46 |       969.87 |                 29.57 |                    5.00 |     95 |     6.8195 |
|        1 |         25 |           914.50 |       904.46 |       955.40 |                 33.48 |                    5.00 |    100 |     6.9316 |
|        1 |         26 |           914.50 |       904.46 |       953.50 |                 14.10 |                    5.00 |    100 |     7.0246 |
|        1 |         27 |           914.50 |       904.46 |       940.13 |                 11.49 |                    5.26 |    100 |     7.1042 |
|        1 |         28 |           914.50 |       904.46 |       938.38 |                 10.34 |                    5.00 |    100 |     7.2103 |
|        1 |         29 |           914.50 |       904.46 |       937.83 |                 13.90 |                    5.52 |    100 |     7.2736 |
|        1 |         30 |           914.50 |       904.46 |       944.91 |                 19.48 |                    5.00 |    100 |     7.3267 |
|        1 |         31 |           914.50 |       904.46 |       944.91 |                 10.59 |                    5.00 |    103 |     7.5168 |
|        1 |         32 |           914.50 |       904.46 |       954.74 |                 15.59 |                    5.00 |    103 |     7.5736 |
|        1 |         33 |           914.50 |       904.46 |       936.78 |                 34.62 |                    5.00 |    105 |     7.8031 |
|        1 |         34 |           914.50 |       904.46 |       946.20 |                 22.22 |                    5.00 |    107 |     7.8650 |
|        1 |         35 |           914.50 |       904.46 |       935.02 |                 26.78 |                    5.00 |    107 |     7.9255 |
|        1 |         36 |           914.50 |       904.46 |       954.37 |                 28.07 |                    5.00 |    109 |     7.9853 |
|        1 |         37 |           914.50 |       904.46 |       946.08 |                 32.06 |                    5.00 |    111 |     8.1074 |
|        1 |         38 |           914.50 |       904.46 |       942.33 |                 31.63 |                    5.26 |    111 |     8.1712 |
|        1 |         39 |           914.50 |       904.46 |       968.89 |                 30.29 |                    5.00 |    114 |     8.2349 |
|        1 |         40 |           914.50 |       904.46 |       963.80 |                 22.55 |                    5.00 |    119 |     8.3312 |
|        1 |         41 |           914.50 |       904.46 |       958.70 |                 26.27 |                    5.00 |    122 |     8.4678 |
|        1 |         42 |           914.50 |       904.46 |       909.03 |                 27.98 |                    5.00 |    122 |     8.5935 |
|        1 |         43 |           914.50 |       904.46 |       929.93 |                 32.06 |                    5.00 |    122 |     8.6621 |
|        1 |         44 |           914.50 |       904.46 |       919.97 |                 30.33 |                    5.98 |    122 |     8.7661 |
|        1 |         45 |           914.50 |       904.46 |       926.16 |                 32.36 |                    5.26 |    122 |     8.8635 |
|        1 |         46 |           914.50 |       904.46 |       945.18 |                 29.29 |                    5.00 |    124 |     9.0369 |
|        1 |         47 |           914.50 |       904.46 |       947.05 |                 15.99 |                    5.00 |    124 |     9.1268 |
|        1 |         48 |           914.50 |       904.46 |       911.32 |                 37.84 |                    5.26 |    125 |     9.2859 |
|        1 |         49 |           914.50 |       904.46 |       942.77 |                 30.83 |                    5.00 |    126 |     9.3714 |
|        1 |         50 |           914.50 |       904.46 |       942.39 |                 34.97 |                    5.00 |    126 |     9.4498 |
|        1 |         51 |           914.50 |       904.46 |       926.26 |                 29.67 |                    5.00 |    127 |     9.5331 |
|        1 |         52 |           914.50 |       904.46 |       922.46 |                 46.42 |                    5.00 |    128 |     9.5762 |
|        1 |         53 |           914.50 |       904.46 |       939.20 |                 29.08 |                    5.00 |    129 |     9.7077 |
|        1 |         54 |           914.50 |       904.46 |       918.66 |                 30.38 |                    5.00 |    129 |     9.8238 |
|        1 |         55 |           914.50 |       904.46 |       922.00 |                 24.62 |                    5.00 |    130 |    10.0048 |
|        1 |         56 |           914.50 |       904.46 |       956.90 |                 28.22 |                    5.00 |    133 |    10.0719 |
|        1 |         57 |           914.50 |       904.46 |       959.60 |                 12.50 |                    5.00 |    133 |    10.1507 |
|        1 |         58 |           914.50 |       904.46 |       941.56 |                 26.33 |                    6.15 |    134 |    10.2546 |
|        1 |         59 |           914.50 |       904.46 |       946.99 |                 29.85 |                    5.00 |    134 |    10.3402 |
|        1 |         60 |           914.50 |       904.46 |       931.74 |                 31.57 |                    5.00 |    136 |    10.4101 |
|        1 |         61 |           914.50 |       904.46 |       947.43 |                 32.07 |                    5.00 |    138 |    10.4915 |
|        1 |         62 |           914.50 |       904.46 |       935.81 |                 28.64 |                    5.00 |    139 |    10.5553 |
|        1 |         63 |           914.50 |       904.46 |       929.28 |                 29.68 |                    5.00 |    140 |    10.6389 |
|        1 |         64 |           914.50 |       904.46 |       928.87 |                 35.35 |                    5.00 |    142 |    10.7436 |
|        1 |         65 |           914.50 |       904.46 |       928.87 |                 25.85 |                    5.00 |    142 |    10.8031 |
|        1 |         66 |           914.50 |       904.46 |       921.57 |                 33.44 |                    5.00 |    142 |    10.8607 |
|        1 |         67 |           914.50 |       904.46 |       959.06 |                 35.29 |                    5.00 |    143 |    10.9734 |
|        1 |         68 |           914.50 |       904.46 |       956.94 |                 26.74 |                    5.00 |    144 |    11.1200 |
|        1 |         69 |           914.50 |       904.46 |       929.13 |                 23.86 |                    5.00 |    145 |    11.1923 |
|        1 |         70 |           914.50 |       904.46 |       961.92 |                 34.72 |                    5.00 |    149 |    11.2952 |
|        1 |         71 |           914.50 |       904.46 |       964.95 |                 29.77 |                    5.00 |    152 |    11.3670 |
|        1 |         72 |           914.50 |       904.46 |       980.95 |                 31.41 |                    5.00 |    157 |    11.4890 |
|        1 |         73 |           914.50 |       904.46 |       983.40 |                 20.78 |                    5.00 |    159 |    11.5542 |
|        1 |         74 |           914.50 |       904.46 |       940.66 |                 23.24 |                    5.00 |    160 |    11.7185 |
|        1 |         75 |           914.50 |       904.46 |       952.90 |                 21.32 |                    5.00 |    162 |    11.8433 |
|        1 |         76 |           914.50 |       904.46 |       945.82 |                 14.97 |                    5.00 |    162 |    11.9030 |
|        1 |         77 |           914.50 |       904.46 |       934.77 |                 24.38 |                    5.00 |    162 |    11.9619 |
|        1 |         78 |           914.50 |       904.46 |       930.44 |                 16.58 |                    5.00 |    164 |    12.0721 |
|        1 |         79 |           914.50 |       904.46 |       919.06 |                 34.61 |                    5.00 |    164 |    12.1493 |
|        1 |         80 |           914.50 |       904.46 |       956.48 |                 24.40 |                    5.00 |    164 |    12.3323 |
|        1 |         81 |           914.50 |       904.46 |       971.89 |                 26.30 |                    5.00 |    166 |    12.4266 |
|        1 |         82 |           914.50 |       904.46 |       971.24 |                 24.38 |                    5.00 |    166 |    12.5399 |
|        1 |         83 |           914.50 |       904.46 |       968.77 |                 30.88 |                    5.00 |    166 |    12.6073 |
|        1 |         84 |           914.50 |       904.46 |       959.69 |                 16.16 |                    5.00 |    168 |    12.7627 |
|        1 |         85 |           914.50 |       904.46 |       951.02 |                 30.49 |                    5.00 |    169 |    12.8558 |
|        1 |         86 |           914.50 |       904.46 |       962.10 |                 14.93 |                    5.00 |    170 |    12.9284 |
|        1 |         87 |           914.50 |       904.46 |       949.61 |                 23.32 |                    5.00 |    170 |    13.0294 |
|        1 |         88 |           914.50 |       904.46 |       952.70 |                 24.36 |                    5.00 |    172 |    13.1518 |
|        1 |         89 |           914.50 |       904.46 |       955.59 |                 25.24 |                    5.00 |    172 |    13.2405 |
|        1 |         90 |           914.50 |       904.46 |       956.84 |                 36.45 |                    5.00 |    174 |    13.2960 |
|        1 |         91 |           914.50 |       904.46 |       942.50 |                 24.09 |                    5.00 |    176 |    13.3768 |
|        1 |         92 |           914.50 |       904.46 |       935.27 |                 19.80 |                    5.00 |    176 |    13.4877 |
|        1 |         93 |           914.50 |       904.46 |       964.20 |                  8.42 |                    5.26 |    181 |    13.5710 |
|        1 |         94 |           914.50 |       904.46 |       934.37 |                 17.40 |                    5.00 |    182 |    13.6528 |
|        1 |         95 |           914.50 |       904.46 |       941.70 |                 32.57 |                    5.00 |    182 |    13.7134 |
|        1 |         96 |           914.50 |       904.46 |       971.50 |                 29.02 |                    5.00 |    183 |    13.8109 |
|        1 |         97 |           914.50 |       904.46 |       979.82 |                 25.27 |                    5.00 |    183 |    13.9625 |
|        1 |         98 |           914.50 |       904.46 |       973.65 |                 16.69 |                    5.00 |    187 |    14.0511 |
|        1 |         99 |           914.50 |       904.46 |       950.71 |                 25.26 |                    5.00 |    187 |    14.1654 |
|        1 |        100 |           914.50 |       904.46 |       952.39 |                 29.41 |                    5.00 |    188 |    14.3186 |
|        1 |        101 |           914.50 |       904.46 |       955.14 |                 29.29 |                    5.00 |    191 |    14.3912 |
|        1 |        102 |           914.50 |       904.46 |       948.00 |                 29.73 |                    5.00 |    191 |    14.4883 |
|        1 |        103 |           914.50 |       904.46 |       929.65 |                 29.53 |                    5.00 |    195 |    14.6228 |
|        1 |        104 |           914.50 |       904.46 |       924.90 |                 19.24 |                    5.00 |    196 |    14.7923 |
|        1 |        105 |           914.50 |       904.46 |       916.97 |                 15.84 |                    5.00 |    197 |    14.8766 |
|        1 |        106 |           914.50 |       904.46 |       952.09 |                 30.40 |                    5.00 |    200 |    15.0318 |
|        1 |        107 |           914.50 |       904.46 |      1008.39 |                 24.68 |                    5.00 |    206 |    15.1930 |
|        1 |        108 |           914.50 |       904.46 |      1005.88 |                 19.53 |                    5.26 |    206 |    15.2723 |
|        1 |        109 |           914.50 |       904.46 |       989.28 |                 16.72 |                    5.00 |    209 |    15.3691 |
|        1 |        110 |           914.50 |       904.46 |       975.62 |                 29.76 |                    5.00 |    209 |    15.4292 |
|        1 |        111 |           914.50 |       904.46 |       984.19 |                 30.51 |                    5.00 |    211 |    15.5245 |
|        1 |        112 |           914.50 |       904.46 |       984.03 |                 28.57 |                    5.00 |    211 |    15.6332 |
|        1 |        113 |           914.50 |       904.46 |      1012.60 |                 15.47 |                    5.00 |    211 |    15.6914 |
|        1 |        114 |           914.50 |       904.46 |      1003.93 |                 21.20 |                    5.00 |    214 |    15.7861 |
|        1 |        115 |           914.50 |       904.46 |       952.46 |                 32.11 |                    5.00 |    216 |    15.8828 |
|        1 |        116 |           914.50 |       904.46 |       943.17 |                 30.44 |                    5.00 |    219 |    16.1350 |
|        1 |        117 |           914.50 |       904.46 |       929.85 |                 29.38 |                    5.00 |    219 |    16.2347 |
|        1 |        118 |           914.50 |       904.46 |       932.69 |                 35.03 |                    5.00 |    220 |    16.3116 |
|        1 |        119 |           914.50 |       904.46 |       932.44 |                 26.88 |                    5.00 |    222 |    16.6068 |
|        1 |        120 |           914.50 |       904.46 |       925.00 |                 46.90 |                    5.00 |    223 |    16.6730 |
|        1 |        121 |           914.50 |       904.46 |       953.88 |                 28.34 |                    5.00 |    226 |    16.7437 |
|        1 |        122 |           914.50 |       904.46 |       926.13 |                 26.60 |                    5.00 |    226 |    16.8051 |
|        1 |        123 |           914.50 |       904.46 |       914.81 |                 30.34 |                    5.00 |    227 |    16.9708 |
|        1 |        124 |           914.50 |       904.46 |       916.96 |                 30.24 |                    5.00 |    227 |    17.0383 |
|        1 |        125 |           914.50 |       904.46 |       925.57 |                 28.67 |                    5.00 |    227 |    17.0983 |
|        1 |        126 |           914.50 |       904.46 |       921.46 |                 28.31 |                    5.00 |    227 |    17.1498 |
|        1 |        127 |           914.50 |       904.46 |       920.10 |                 41.23 |                    5.00 |    227 |    17.2282 |
|        1 |        128 |           914.50 |       904.46 |       918.00 |                 30.02 |                    5.00 |    227 |    17.3615 |
|        1 |        129 |           914.50 |       904.46 |       914.06 |                 29.26 |                    5.00 |    227 |    17.4764 |
|        1 |        130 |           914.50 |       904.46 |       941.60 |                 22.21 |                    5.00 |    227 |    17.5892 |
|        1 |        131 |           914.50 |       904.46 |       910.31 |                 33.66 |                    5.00 |    227 |    17.6768 |
|        1 |        132 |           914.50 |       904.46 |       920.32 |                 26.39 |                    5.00 |    228 |    17.7424 |
|        1 |        133 |           914.50 |       904.46 |       918.29 |                 35.08 |                    5.00 |    229 |    17.8442 |
|        1 |        134 |           914.50 |       904.46 |       924.92 |                 34.26 |                    5.00 |    230 |    17.9148 |
|        1 |        135 |           914.50 |       904.46 |       924.48 |                 29.07 |                    5.00 |    230 |    17.9999 |
|        1 |        136 |           914.50 |       904.46 |       941.40 |                 29.49 |                    5.00 |    234 |    18.1141 |
|        1 |        137 |           914.50 |       904.46 |       939.28 |                 33.08 |                    5.00 |    235 |    18.2109 |
|        1 |        138 |           914.50 |       904.46 |       939.84 |                 29.82 |                    5.00 |    235 |    18.2795 |
|        1 |        139 |           914.50 |       904.46 |       959.63 |                 30.92 |                    5.69 |    236 |    18.3530 |
|        1 |        140 |           914.50 |       904.46 |       943.57 |                 28.67 |                    5.00 |    236 |    18.4680 |
|        1 |        141 |           914.50 |       904.46 |       917.80 |                 18.54 |                    5.00 |    236 |    18.5772 |
|        1 |        142 |           914.50 |       903.33 |       903.33 |                 30.15 |                    5.00 |    236 |    18.6531 |
|        1 |        143 |           914.50 |       903.33 |       921.58 |                 37.81 |                    5.00 |    236 |    18.7268 |
|        1 |        144 |           914.50 |       903.33 |       917.80 |                 20.06 |                    5.00 |    236 |    18.8027 |
|        1 |        145 |           914.50 |       903.33 |       914.75 |                 29.71 |                    5.00 |    236 |    18.9449 |
|        1 |        146 |           914.50 |       903.33 |       914.75 |                 29.63 |                    5.00 |    236 |    18.9958 |
|        1 |        147 |           914.50 |       903.33 |       918.80 |                 33.60 |                    5.00 |    236 |    19.0822 |
|        1 |        148 |           914.50 |       903.33 |       903.60 |                 26.52 |                    5.00 |    236 |    19.2129 |
|        1 |        149 |           914.50 |       903.33 |       917.56 |                 38.24 |                    5.47 |    236 |    19.2843 |
|        1 |        150 |           914.50 |       903.33 |       926.00 |                 20.91 |                    5.00 |    236 |    19.3526 |
|        1 |        151 |           914.50 |       903.33 |       918.52 |                 16.71 |                    5.00 |    236 |    19.4375 |
|        1 |        152 |           914.50 |       903.33 |       915.67 |                 29.42 |                    5.00 |    236 |    19.5234 |
|        1 |        153 |           914.50 |       903.33 |       925.94 |                 18.90 |                    5.00 |    236 |    19.5787 |
|        1 |        154 |           914.50 |       903.33 |       912.87 |                 28.35 |                    5.00 |    236 |    19.6632 |
|        1 |        155 |           914.50 |       903.33 |       924.53 |                 20.86 |                    5.00 |    236 |    19.7963 |
|        1 |        156 |           914.50 |       903.33 |       919.64 |                 32.54 |                    5.00 |    236 |    19.9085 |
|        1 |        157 |           914.50 |       903.33 |       929.45 |                 29.90 |                    5.00 |    236 |    19.9945 |
------------------------------------------------------------------------------------------------------------------------------------------------
|  Restart |  Iteration |  Best Feas. Cost |    Best Cost |   Curr. Cost |   Penalty Custom Res. |   Penalty Standard Res. |   Pool |   Time (s) |
------------------------------------------------------------------------------------------------------------------------------------------------
|        1 |        158 |           914.50 |       903.33 |       924.70 |                 34.27 |                    5.52 |    236 |    20.0683 |
|        1 |        159 |           914.50 |       903.33 |       952.30 |                 19.13 |                    5.00 |    236 |    20.1270 |
|        1 |        160 |           914.50 |       903.33 |       944.40 |                 32.49 |                    5.00 |    237 |    20.3244 |
|        1 |        161 |           914.50 |       903.33 |       937.49 |                 22.77 |                    5.00 |    237 |    20.4341 |
|        1 |        162 |           914.50 |       903.33 |       970.03 |                 27.98 |                    5.00 |    240 |    20.5041 |
|        1 |        163 |           914.50 |       903.33 |       945.30 |                 30.80 |                    5.00 |    240 |    20.5893 |
|        1 |        164 |           914.50 |       903.33 |       945.30 |                 34.25 |                    5.92 |    240 |    20.6593 |
|        1 |        165 |           914.50 |       903.33 |       914.84 |                 29.95 |                    5.00 |    240 |    20.7454 |
|        1 |        166 |           914.50 |       903.33 |       942.60 |                 19.82 |                    5.00 |    240 |    20.8089 |
|        1 |        167 |           914.50 |       903.33 |       924.02 |                 29.41 |                    5.00 |    240 |    20.8992 |
|        1 |        168 |           914.50 |       903.33 |       917.30 |                 39.88 |                    5.00 |    240 |    20.9995 |
|        1 |        169 |           914.50 |       903.33 |       947.50 |                 29.44 |                    5.00 |    240 |    21.0693 |
|        1 |        170 |           914.50 |       903.33 |       954.71 |                 46.82 |                    5.00 |    240 |    21.1831 |
|        1 |        171 |           914.50 |       903.33 |       917.80 |                 28.60 |                    5.00 |    240 |    21.2406 |
|        1 |        172 |           914.50 |       903.33 |       913.58 |                 30.18 |                    5.00 |    240 |    21.3590 |
|        1 |        173 |           914.50 |       903.33 |       912.84 |                 30.66 |                    5.00 |    240 |    21.4480 |
|        1 |        174 |           914.50 |       903.33 |       912.84 |                 29.96 |                    5.00 |    240 |    21.5130 |
|        1 |        175 |           914.50 |       903.33 |       914.50 |                 38.65 |                    5.00 |    240 |    21.6202 |
|        1 |        176 |           914.50 |       903.33 |       914.50 |                 23.34 |                    5.00 |    240 |    21.7066 |
|        1 |        177 |           914.50 |       903.33 |       910.43 |                 30.70 |                    5.26 |    240 |    21.8253 |
|        1 |        178 |           914.50 |       903.33 |       921.50 |                 35.86 |                    5.00 |    240 |    21.9122 |
|        1 |        179 |           914.50 |       903.33 |       921.50 |                 29.27 |                    5.00 |    240 |    21.9743 |
|        1 |        180 |           914.50 |       903.33 |       946.61 |                 14.18 |                    5.00 |    243 |    22.0680 |
|        1 |        181 |           914.50 |       903.33 |       908.84 |                 21.49 |                    5.97 |    243 |    22.1532 |
|        1 |        182 |           914.50 |       903.33 |       916.92 |                 30.06 |                    5.00 |    243 |    22.2452 |
|        1 |        183 |           914.50 |       903.33 |       920.72 |                 25.25 |                    5.00 |    243 |    22.3306 |
|        1 |        184 |           914.50 |       903.33 |       914.75 |                 29.81 |                    5.00 |    243 |    22.4038 |
|        1 |        185 |           914.50 |       903.33 |       917.67 |                 34.42 |                    5.00 |    244 |    22.5301 |
|        1 |        186 |           914.50 |       903.33 |       918.00 |                 32.26 |                    5.00 |    244 |    22.6379 |
|        1 |        187 |           914.50 |       903.33 |       918.00 |                 29.10 |                    5.00 |    244 |    22.6965 |
|        1 |        188 |           914.50 |       903.33 |       918.83 |                 35.03 |                    5.00 |    244 |    22.7838 |
|        1 |        189 |           914.50 |       903.33 |       916.48 |                 32.45 |                    5.00 |    244 |    22.8987 |
|        1 |        190 |           914.50 |       903.33 |       916.62 |                 16.69 |                    5.00 |    244 |    22.9862 |
|        1 |        191 |           914.50 |       903.33 |       910.07 |                 28.80 |                    5.00 |    245 |    23.0694 |
|        1 |        192 |           914.50 |       903.33 |       925.64 |                 37.20 |                    5.52 |    246 |    23.1526 |
|        1 |        193 |           914.50 |       903.33 |       927.83 |                 23.81 |                    5.00 |    246 |    23.2551 |
|        1 |        194 |           914.50 |       903.33 |       923.61 |                 21.26 |                    5.30 |    246 |    23.3109 |
|        1 |        195 |           914.50 |       903.33 |       923.76 |                 32.55 |                    5.00 |    246 |    23.3877 |
|        1 |        196 |           914.50 |       903.33 |       928.08 |                 29.03 |                    5.00 |    246 |    23.4616 |
|        1 |        197 |           914.50 |       903.33 |       927.99 |                 19.13 |                    5.00 |    247 |    23.6011 |
|        1 |        198 |           914.50 |       903.33 |       934.47 |                 29.55 |                    5.26 |    248 |    23.6818 |
|        1 |        199 |           914.50 |       903.33 |       935.86 |                 29.05 |                    5.00 |    248 |    23.7968 |
|        1 |        200 |           914.50 |       903.33 |       973.33 |                 30.44 |                    5.00 |    250 |    23.8538 |
|        1 |        201 |           914.50 |       903.33 |       970.32 |                 29.65 |                    5.00 |    252 |    23.9622 |
|        1 |        202 |           914.50 |       903.33 |       969.22 |                 24.68 |                    5.26 |    252 |    24.0326 |
|        1 |        203 |           914.50 |       903.33 |       970.01 |                 19.70 |                    5.00 |    252 |    24.1365 |
|        1 |        204 |           914.50 |       903.33 |       970.40 |                 22.77 |                    5.26 |    252 |    24.2331 |
|        1 |        205 |           914.50 |       903.33 |       924.86 |                 32.10 |                    5.00 |    252 |    24.3671 |
|        1 |        206 |           914.50 |       903.33 |       924.51 |                 28.29 |                    5.00 |    252 |    24.4763 |
|        1 |        207 |           914.50 |       903.33 |       949.51 |                 24.91 |                    5.00 |    252 |    24.6131 |
|        1 |        208 |           914.50 |       903.33 |       946.51 |                 14.18 |                    5.00 |    252 |    24.6723 |
|        1 |        209 |           914.50 |       903.33 |       903.70 |                 31.12 |                    5.00 |    252 |    24.7413 |
|        1 |        210 |           914.50 |       903.33 |       919.43 |                 25.12 |                    5.00 |    252 |    24.8127 |
|        1 |        211 |           914.50 |       903.33 |       975.13 |                 47.02 |                    5.00 |    255 |    24.8710 |
|        1 |        212 |           914.50 |       903.33 |       976.84 |                 28.01 |                    5.00 |    255 |    25.1146 |
|        1 |        213 |           914.50 |       903.33 |       982.34 |                 28.48 |                    5.00 |    255 |    25.1927 |
|        1 |        214 |           914.50 |       903.33 |       988.24 |                 27.56 |                    5.00 |    255 |    25.2508 |
|        1 |        215 |           914.50 |       903.33 |       986.96 |                 29.73 |                    5.00 |    255 |    25.3306 |
|        1 |        216 |           914.50 |       903.33 |       985.42 |                 26.54 |                    5.00 |    255 |    25.3942 |
|        1 |        217 |           914.50 |       903.33 |       981.07 |                 30.44 |                    5.00 |    255 |    25.4491 |
|        1 |        218 |           914.50 |       903.33 |       982.40 |                 27.12 |                    5.00 |    255 |    25.5419 |
|        1 |        219 |           914.50 |       903.33 |       921.76 |                 29.74 |                    5.00 |    255 |    25.6996 |
|        1 |        220 |           914.50 |       903.33 |       941.03 |                 28.75 |                    5.00 |    257 |    25.7711 |
|        1 |        221 |           914.50 |       903.33 |       923.32 |                 31.04 |                    5.00 |    257 |    25.8314 |
|        1 |        222 |           914.50 |       903.33 |       931.20 |                 22.25 |                    5.00 |    259 |    25.8956 |
|        1 |        223 |           914.50 |       903.33 |       922.65 |                 16.10 |                    5.00 |    260 |    25.9642 |
|        1 |        224 |           914.50 |       903.33 |       911.33 |                 31.35 |                    5.00 |    261 |    26.0334 |
|        1 |        225 |           914.50 |       903.33 |       946.22 |                 25.53 |                    5.00 |    261 |    26.1365 |
|        1 |        226 |           914.50 |       903.33 |       944.67 |                 25.93 |                    5.00 |    261 |    26.2117 |
|        1 |        227 |           914.50 |       903.33 |       954.84 |                 26.52 |                    5.00 |    263 |    26.3595 |
|        1 |        228 |           914.50 |       903.33 |       952.49 |                 27.22 |                    5.00 |    265 |    26.4362 |
|        1 |        229 |           914.50 |       903.33 |       948.44 |                 28.16 |                    5.00 |    265 |    26.5491 |
|        1 |        230 |           914.50 |       903.33 |       942.08 |                 29.13 |                    5.00 |    265 |    26.6738 |
|        1 |        231 |           914.50 |       903.33 |       926.00 |                 31.07 |                    5.00 |    265 |    26.7631 |
|        1 |        232 |           914.50 |       903.33 |       921.44 |                 16.64 |                    5.00 |    265 |    26.8451 |
|        1 |        233 |           914.50 |       903.33 |       933.81 |                 28.98 |                    5.00 |    267 |    26.9787 |
|        1 |        234 |           914.50 |       903.33 |       920.56 |                 29.73 |                    5.00 |    267 |    27.0636 |
|        1 |        235 |           914.50 |       903.33 |       920.46 |                 29.91 |                    5.00 |    267 |    27.1339 |
|        1 |        236 |           914.50 |       903.33 |       930.61 |                 25.87 |                    5.00 |    268 |    27.2227 |
|        1 |        237 |           914.50 |       903.33 |       929.12 |                 38.08 |                    5.00 |    268 |    27.3053 |
|        1 |        238 |           914.50 |       903.33 |       932.05 |                 30.36 |                    5.00 |    268 |    27.4373 |
|        1 |        239 |           914.50 |       903.33 |       916.86 |                 27.61 |                    5.00 |    268 |    27.5378 |
|        1 |        240 |           914.50 |       903.33 |       915.85 |                 34.63 |                    5.00 |    268 |    27.6048 |
|        1 |        241 |           914.50 |       903.33 |       945.54 |                 26.49 |                    5.00 |    268 |    27.7588 |
|        1 |        242 |           914.50 |       903.33 |       947.23 |                 27.95 |                    5.00 |    268 |    27.8826 |
|        1 |        243 |           914.50 |       903.33 |       933.70 |                 24.91 |                    5.00 |    269 |    27.9801 |
|        1 |        244 |           914.50 |       903.33 |       925.78 |                 27.41 |                    5.00 |    269 |    28.0627 |
|        1 |        245 |           914.50 |       903.33 |       920.88 |                 29.79 |                    5.00 |    269 |    28.1941 |
|        1 |        246 |           914.50 |       903.33 |       953.60 |                 27.12 |                    5.00 |    270 |    28.2677 |
|        1 |        247 |           914.50 |       903.33 |       920.08 |                 25.76 |                    5.00 |    271 |    28.4787 |
|        1 |        248 |           914.50 |       903.33 |       924.03 |                 39.73 |                    5.26 |    273 |    28.6066 |
|        1 |        249 |           914.50 |       903.33 |       925.70 |                 29.03 |                    5.00 |    275 |    28.6875 |
|        1 |        250 |           914.50 |       903.33 |       984.72 |                 39.41 |                    5.00 |    280 |    28.7673 |
|        1 |        251 |           914.50 |       903.33 |       958.50 |                 17.94 |                    5.00 |    282 |    28.8963 |
|        1 |        252 |           914.50 |       903.33 |       944.43 |                 29.45 |                    5.00 |    283 |    28.9789 |
|        1 |        253 |           914.50 |       903.33 |       984.05 |                 29.57 |                    5.00 |    286 |    29.0946 |
|        1 |        254 |           914.50 |       903.33 |       986.81 |                 26.12 |                    5.00 |    286 |    29.1729 |
|        1 |        255 |           914.50 |       903.33 |       947.00 |                 29.82 |                    5.00 |    288 |    29.3190 |
|        1 |        256 |           914.50 |       903.33 |       929.00 |                 29.36 |                    5.00 |    288 |    29.4242 |
|        1 |        257 |           914.50 |       903.33 |       927.71 |                 29.87 |                    5.26 |    288 |    29.4811 |
|        1 |        258 |           914.50 |       903.33 |       928.98 |                 25.90 |                    5.00 |    288 |    29.5279 |
|        1 |        259 |           914.50 |       903.33 |       947.44 |                 29.77 |                    5.00 |    289 |    29.7252 |
|        1 |        260 |           914.50 |       903.33 |       913.35 |                 27.06 |                    5.00 |    289 |    29.8267 |
|        1 |        261 |           914.50 |       903.33 |       917.58 |                 16.34 |                    5.00 |    289 |    29.9165 |
|        1 |        262 |           914.50 |       903.33 |       920.88 |                 31.47 |                    5.26 |    289 |    30.0140 |
|        1 |        263 |           914.50 |       903.33 |       949.80 |                 30.39 |                    5.00 |    289 |    30.1126 |
|        1 |        264 |           914.50 |       903.33 |       981.20 |                 19.30 |                    5.00 |    293 |    30.1822 |
|        1 |        265 |           914.50 |       903.33 |       981.20 |                 32.02 |                    5.00 |    293 |    30.2521 |
|        1 |        266 |           914.50 |       903.33 |       959.72 |                 24.28 |                    5.00 |    295 |    30.3686 |
|        1 |        267 |           914.50 |       903.33 |       983.15 |                 21.42 |                    5.00 |    298 |    30.4583 |
|        1 |        268 |           914.50 |       903.33 |       962.60 |                 22.44 |                    5.00 |    298 |    30.5251 |
|        1 |        269 |           914.50 |       903.33 |       939.34 |                 13.39 |                    5.00 |    298 |    30.6517 |
|        1 |        270 |           914.50 |       903.33 |       944.53 |                 25.82 |                    5.00 |    298 |    30.7177 |
|        1 |        271 |           914.50 |       903.33 |       946.64 |                 12.76 |                    5.00 |    302 |    30.9816 |
|        1 |        272 |           914.50 |       903.33 |       958.94 |                 20.31 |                    5.00 |    302 |    31.0787 |
|        1 |        273 |           914.50 |       903.33 |       960.80 |                 16.41 |                    5.00 |    303 |    31.1361 |
|        1 |        274 |           914.50 |       899.49 |       899.49 |                 17.36 |                    5.00 |    303 |    31.3894 |
|        1 |        275 |           914.50 |       899.49 |       917.46 |                 26.32 |                    5.00 |    303 |    31.4523 |
|        1 |        276 |           914.50 |       899.49 |       937.57 |                 37.60 |                    5.00 |    303 |    31.5179 |
|        1 |        277 |           914.50 |       899.49 |       971.30 |                 29.66 |                    5.00 |    305 |    31.6438 |
|        1 |        278 |           914.50 |       899.49 |       949.75 |                 29.82 |                    5.00 |    305 |    31.7431 |
|        1 |        279 |           914.50 |       899.49 |       922.75 |                 32.78 |                    5.00 |    305 |    31.8701 |
|        1 |        280 |           914.50 |       899.49 |       916.78 |                 30.18 |                    5.00 |    305 |    32.1129 |
|        1 |        281 |           914.50 |       899.49 |       920.84 |                 29.70 |                    5.00 |    305 |    32.2523 |
|        1 |        282 |           914.50 |       899.49 |       925.61 |                 25.95 |                    5.00 |    305 |    32.3521 |
|        1 |        283 |           914.50 |       899.49 |       919.75 |                 14.30 |                    5.00 |    305 |    32.4686 |
|        1 |        284 |           914.50 |       899.49 |       928.73 |                 28.41 |                    5.00 |    306 |    32.5387 |
|        1 |        285 |           914.50 |       899.49 |       933.44 |                 29.59 |                    5.00 |    306 |    32.7103 |
|        1 |        286 |           914.50 |       899.49 |       991.34 |                 29.45 |                    5.00 |    306 |    32.7994 |
|        1 |        287 |           914.50 |       899.49 |      1020.50 |                 15.32 |                    5.00 |    306 |    32.8683 |
|        1 |        288 |           914.50 |       899.49 |       953.22 |                 23.63 |                    5.00 |    306 |    33.0070 |
|        1 |        289 |           914.50 |       899.49 |      1002.10 |                 17.55 |                    5.00 |    309 |    33.1422 |
|        1 |        290 |           914.50 |       899.49 |      1001.70 |                 21.50 |                    5.00 |    312 |    33.2745 |
|        1 |        291 |           914.50 |       899.49 |       974.37 |                 19.31 |                    5.00 |    312 |    33.4176 |
|        1 |        292 |           914.50 |       899.49 |       982.51 |                 30.77 |                    5.00 |    312 |    33.4948 |
|        1 |        293 |           914.50 |       899.49 |       979.39 |                 18.77 |                    5.00 |    313 |    33.5708 |
|        1 |        294 |           914.50 |       899.49 |       966.95 |                 38.00 |                    5.00 |    313 |    33.6656 |
|        1 |        295 |           914.50 |       899.49 |       930.59 |                 35.34 |                    5.00 |    314 |    33.9057 |
|        1 |        296 |           914.50 |       899.49 |       951.90 |                 29.62 |                    5.00 |    314 |    34.0336 |
|        1 |        297 |           914.50 |       899.49 |       948.31 |                 34.94 |                    5.00 |    315 |    34.1229 |
|        1 |        298 |           914.50 |       899.49 |       924.78 |                 33.32 |                    5.26 |    315 |    34.2731 |
|        1 |        299 |           914.50 |       899.49 |       960.02 |                 30.56 |                    5.00 |    317 |    34.3883 |
|        1 |        300 |           914.50 |       899.49 |       960.46 |                 29.82 |                    5.00 |    317 |    34.4783 |
|        1 |        301 |           914.50 |       899.49 |       960.06 |                 29.40 |                    5.00 |    317 |    34.5539 |
|        1 |        302 |           914.50 |       899.49 |       967.00 |                 25.19 |                    5.00 |    317 |    34.6398 |
|        1 |        303 |           914.50 |       899.49 |       959.94 |                 28.53 |                    5.00 |    317 |    34.7511 |
|        1 |        304 |           914.50 |       899.49 |       959.56 |                 24.19 |                    5.00 |    317 |    34.8451 |
|        1 |        305 |           914.50 |       899.49 |       956.96 |                 36.79 |                    5.26 |    318 |    35.0451 |
|        1 |        306 |           914.50 |       899.49 |       961.40 |                 51.58 |                    5.47 |    320 |    35.0876 |
|        1 |        307 |           914.50 |       899.49 |       960.70 |                 23.79 |                    5.00 |    322 |    35.1661 |
|        1 |        308 |           914.50 |       899.49 |       976.80 |                 11.87 |                    5.00 |    322 |    35.2463 |
|        1 |        309 |           914.50 |       899.49 |       939.64 |                 12.68 |                    5.00 |    322 |    35.3262 |
|        1 |        310 |           914.50 |       899.49 |       939.09 |                 28.95 |                    5.00 |    323 |    35.4054 |
|        1 |        311 |           914.50 |       899.49 |       972.36 |                 22.89 |                    5.00 |    324 |    35.4859 |
|        1 |        312 |           914.50 |       899.49 |       963.25 |                 34.21 |                    5.00 |    327 |    35.6354 |
|        1 |        313 |           914.50 |       899.49 |       933.21 |                 36.39 |                    5.00 |    327 |    35.7972 |
|        1 |        314 |           914.50 |       899.49 |       951.20 |                 34.85 |                    5.00 |    327 |    35.8610 |
|        1 |        315 |           914.50 |       899.49 |       952.00 |                 28.93 |                    5.00 |    327 |    35.9747 |
|        1 |        316 |           914.50 |       899.49 |       949.60 |                 29.38 |                    5.00 |    328 |    36.0599 |
|        1 |        317 |           914.50 |       899.49 |       923.93 |                 26.84 |                    5.00 |    329 |    36.2461 |
|        1 |        318 |           914.50 |       899.49 |       923.58 |                 18.83 |                    5.00 |    329 |    36.3289 |
|        1 |        319 |           914.50 |       899.49 |       915.13 |                 29.42 |                    5.00 |    329 |    36.4061 |
|        1 |        320 |           914.50 |       899.49 |       913.21 |                 28.41 |                    5.00 |    329 |    36.5058 |
|        1 |        321 |           914.50 |       899.49 |       913.71 |                 30.02 |                    5.00 |    329 |    36.5991 |
|        1 |        322 |           914.50 |       899.49 |       921.49 |                 29.92 |                    5.00 |    329 |    36.6650 |
|        1 |        323 |           914.50 |       899.49 |       918.51 |                 25.67 |                    5.00 |    329 |    36.9154 |
|        1 |        324 |           914.50 |       899.49 |       917.31 |                 33.14 |                    5.00 |    329 |    37.0037 |
|        1 |        325 |           914.50 |       899.49 |       921.30 |                 32.72 |                    5.00 |    330 |    37.0551 |
|        1 |        326 |           914.50 |       899.49 |       914.23 |                 21.85 |                    5.00 |    330 |    37.1296 |
|        1 |        327 |           914.50 |       899.49 |       909.76 |                 26.32 |                    5.00 |    330 |    37.2028 |
|        1 |        328 |           914.50 |       899.49 |       928.29 |                 28.41 |                    5.00 |    331 |    37.2762 |
|        1 |        329 |           914.50 |       899.49 |       924.80 |                 29.45 |                    5.00 |    333 |    37.3477 |
|        1 |        330 |           914.50 |       899.49 |       924.36 |                 17.78 |                    5.00 |    333 |    37.4338 |
|        1 |        331 |           914.50 |       899.49 |       943.97 |                 34.98 |                    5.00 |    333 |    37.5035 |
|        1 |        332 |           914.50 |       899.49 |       947.70 |                 12.64 |                    5.00 |    336 |    37.6573 |
|        1 |        333 |           914.50 |       894.60 |       894.60 |                 21.20 |                    5.00 |    337 |    37.7181 |
|        1 |        334 |           914.50 |       894.60 |       922.61 |                 33.47 |                    5.00 |    337 |    37.7840 |
|        1 |        335 |           914.50 |       894.60 |       926.94 |                 59.61 |                    5.00 |    337 |    37.8404 |
|        1 |        336 |           914.50 |       894.60 |       915.50 |                 28.82 |                    5.00 |    337 |    37.9617 |
|        1 |        337 |           914.50 |       894.60 |       954.57 |                 27.79 |                    5.00 |    340 |    38.0895 |
|        1 |        338 |           914.50 |       894.60 |       959.43 |                 29.65 |                    5.00 |    341 |    38.1895 |
|        1 |        339 |           914.50 |       894.60 |       934.97 |                 28.86 |                    5.00 |    341 |    38.3063 |
|        1 |        340 |           914.50 |       894.60 |       935.44 |                 33.42 |                    5.00 |    341 |    38.3660 |
|        1 |        341 |           914.50 |       894.60 |       944.40 |                 17.03 |                    5.00 |    341 |    38.4406 |
|        1 |        342 |           914.50 |       894.60 |       922.70 |                 29.42 |                    5.00 |    341 |    38.5061 |
|        1 |        343 |           914.50 |       894.60 |       938.24 |                 19.43 |                    5.00 |    341 |    38.5891 |
|        1 |        344 |           914.50 |       894.60 |       908.17 |                 29.74 |                    5.00 |    341 |    38.6625 |
|        1 |        345 |           914.50 |       894.60 |       919.68 |                 27.58 |                    5.00 |    341 |    38.7653 |
|        1 |        346 |           914.50 |       894.60 |       950.81 |                 30.07 |                    5.00 |    341 |    38.8329 |
|        1 |        347 |           914.50 |       894.60 |       979.70 |                 29.70 |                    5.00 |    342 |    38.8792 |
|        1 |        348 |           914.50 |       894.60 |       918.10 |                 27.47 |                    5.00 |    342 |    39.0200 |
|        1 |        349 |           914.50 |       894.60 |       922.09 |                 22.20 |                    5.00 |    342 |    39.0804 |
|        1 |        350 |           914.50 |       894.60 |       916.44 |                 16.86 |                    5.00 |    342 |    39.1639 |
|        1 |        351 |           914.50 |       894.60 |       912.43 |                 30.01 |                    5.00 |    342 |    39.2428 |
|        1 |        352 |           914.50 |       894.60 |       936.20 |                 31.67 |                    5.26 |    342 |    39.3633 |
|        1 |        353 |           914.50 |       894.60 |       932.97 |                 31.22 |                    5.00 |    342 |    39.4445 |
|        1 |        354 |           914.50 |       894.60 |       950.33 |                 21.69 |                    5.00 |    342 |    39.5280 |
|        1 |        355 |           914.50 |       894.60 |       929.77 |                 28.02 |                    5.00 |    342 |    39.6071 |
|        1 |        356 |           914.50 |       894.60 |       955.57 |                 29.93 |                    5.00 |    344 |    39.6938 |
|        1 |        357 |           914.50 |       894.60 |       955.94 |                 27.23 |                    5.00 |    346 |    39.7817 |
|        1 |        358 |           914.50 |       894.60 |       952.70 |                 29.93 |                    5.00 |    348 |    39.8833 |
------------------------------------------------------------------------------------------------------------------------------------------------
|  Restart |  Iteration |  Best Feas. Cost |    Best Cost |   Curr. Cost |   Penalty Custom Res. |   Penalty Standard Res. |   Pool |   Time (s) |
------------------------------------------------------------------------------------------------------------------------------------------------
|        1 |        359 |           914.50 |       894.60 |       947.71 |                 32.86 |                    5.00 |    348 |    40.0063 |
|        1 |        360 |           914.50 |       894.60 |       951.10 |                 29.26 |                    5.00 |    350 |    40.1186 |
|        1 |        361 |           914.50 |       894.60 |       950.88 |                 23.17 |                    5.00 |    350 |    40.1849 |
|        1 |        362 |           914.50 |       894.60 |       972.17 |                 29.96 |                    5.00 |    351 |    40.2411 |
|        1 |        363 |           914.50 |       894.60 |       962.39 |                 31.89 |                    5.00 |    351 |    40.3844 |
|        1 |        364 |           914.50 |       894.60 |       966.46 |                 29.95 |                    5.00 |    351 |    40.4450 |
|        1 |        365 |           914.50 |       894.60 |       965.03 |                 23.17 |                    5.00 |    351 |    40.5611 |
|        1 |        366 |           914.50 |       894.60 |       921.99 |                 19.20 |                    5.00 |    351 |    40.7198 |
|        1 |        367 |           914.50 |       894.60 |       918.27 |                 30.61 |                    5.00 |    352 |    40.7844 |
|        1 |        368 |           914.50 |       894.60 |       921.52 |                 30.36 |                    5.00 |    352 |    40.9421 |
|        1 |        369 |           914.50 |       894.60 |       925.23 |                 20.86 |                    5.00 |    352 |    41.0485 |
|        1 |        370 |           914.50 |       894.60 |       918.02 |                 30.03 |                    5.00 |    352 |    41.1608 |
|        1 |        371 |           914.50 |       894.60 |       929.79 |                 23.38 |                    5.00 |    352 |    41.3368 |
|        1 |        372 |           914.50 |       894.60 |       919.14 |                 29.85 |                    5.00 |    352 |    41.4521 |
|        1 |        373 |           914.50 |       894.60 |       946.00 |                 29.68 |                    5.00 |    352 |    41.5534 |
|        1 |        374 |           914.50 |       894.60 |       945.19 |                 31.63 |                    5.00 |    352 |    41.6750 |
|        1 |        375 |           914.50 |       894.60 |       921.40 |                 28.76 |                    5.41 |    352 |    41.7618 |
|        1 |        376 |           914.50 |       894.60 |       954.70 |                 33.54 |                    5.00 |    354 |    41.8765 |
|        1 |        377 |           914.50 |       894.60 |       926.45 |                 30.77 |                    5.00 |    355 |    41.9928 |
|        1 |        378 |           914.50 |       894.60 |       928.00 |                 28.27 |                    5.00 |    355 |    42.0712 |
|        1 |        379 |           914.50 |       894.60 |       957.55 |                 31.45 |                    5.00 |    357 |    42.1784 |
|        1 |        380 |           914.50 |       894.60 |       958.02 |                 28.04 |                    5.00 |    357 |    42.3143 |
|        1 |        381 |           914.50 |       894.60 |       957.62 |                 29.69 |                    5.00 |    357 |    42.3876 |
|        1 |        382 |           914.50 |       894.60 |       957.53 |                 24.96 |                    5.00 |    357 |    42.4505 |
|        1 |        383 |           914.50 |       894.60 |       978.80 |                 15.54 |                    5.00 |    359 |    42.5403 |
|        1 |        384 |           914.50 |       894.60 |       966.35 |                 11.68 |                    5.00 |    362 |    42.6556 |
|        1 |        385 |           914.50 |       894.60 |       966.69 |                 14.34 |                    5.00 |    364 |    42.7384 |
|        1 |        386 |           914.50 |       894.60 |       998.13 |                 11.36 |                    5.00 |    367 |    42.7940 |
|        1 |        387 |           914.50 |       894.60 |       981.50 |                 15.75 |                    5.00 |    369 |    42.8650 |
|        1 |        388 |           914.50 |       894.60 |       983.85 |                 11.97 |                    5.00 |    369 |    42.9345 |
|        1 |        389 |           914.50 |       894.60 |       980.75 |                 13.85 |                    5.00 |    370 |    43.0063 |
|        1 |        390 |           914.50 |       894.60 |       951.89 |                 34.48 |                    5.00 |    370 |    43.1612 |
|        1 |        391 |           914.50 |       894.60 |       964.00 |                 29.82 |                    5.00 |    373 |    43.2530 |
|        1 |        392 |           914.50 |       894.60 |       952.01 |                 20.59 |                    5.00 |    374 |    43.4409 |
|        1 |        393 |           914.50 |       894.60 |       939.57 |                 21.78 |                    5.00 |    374 |    43.5112 |
|        1 |        394 |           914.50 |       894.60 |       941.74 |                 32.71 |                    5.00 |    374 |    43.5770 |
|        1 |        395 |           914.50 |       894.60 |       952.66 |                 22.52 |                    5.00 |    374 |    43.6378 |
|        1 |        396 |           914.50 |       894.60 |       957.55 |                 17.14 |                    5.00 |    375 |    43.6933 |
|        1 |        397 |           914.50 |       894.60 |       952.77 |                 31.14 |                    5.00 |    375 |    43.7534 |
|        1 |        398 |           914.50 |       894.60 |       974.01 |                 26.61 |                    5.00 |    377 |    43.8915 |
|        1 |        399 |           914.50 |       894.60 |       969.23 |                 25.17 |                    5.00 |    377 |    43.9892 |
|        1 |        400 |           914.50 |       894.60 |       954.90 |                 22.45 |                    5.00 |    378 |    44.0776 |
|        1 |        401 |           914.50 |       894.60 |       950.78 |                 26.80 |                    5.00 |    380 |    44.1353 |
|        1 |        402 |           914.50 |       894.60 |       971.40 |                 15.54 |                    5.00 |    384 |    44.2318 |
|        1 |        403 |           914.50 |       894.60 |       920.79 |                 14.57 |                    5.00 |    384 |    44.3178 |
|        1 |        404 |           914.50 |       894.60 |       926.47 |                 27.00 |                    5.00 |    384 |    44.3739 |
|        1 |        405 |           914.50 |       894.60 |       949.88 |                 19.14 |                    5.00 |    386 |    44.4456 |
|        1 |        406 |           914.50 |       894.60 |       931.52 |                 15.30 |                    5.00 |    386 |    44.5099 |
|        1 |        407 |           914.50 |       894.60 |       926.92 |                 22.29 |                    5.00 |    386 |    44.5847 |
|        1 |        408 |           914.50 |       894.60 |       936.16 |                 18.91 |                    5.00 |    386 |    44.6589 |
|        1 |        409 |           914.50 |       894.60 |       929.91 |                 28.97 |                    5.00 |    386 |    44.7190 |
|        1 |        410 |           914.50 |       894.60 |       940.85 |                 16.64 |                    5.00 |    386 |    44.7993 |
|        1 |        411 |           914.50 |       894.60 |       963.25 |                 36.11 |                    5.00 |    386 |    44.8953 |
|        1 |        412 |           914.50 |       894.60 |       970.30 |                 17.68 |                    5.00 |    390 |    44.9731 |
|        1 |        413 |           914.50 |       894.60 |       949.04 |                 30.97 |                    5.00 |    390 |    45.1458 |
|        1 |        414 |           914.50 |       894.60 |       927.00 |                 23.93 |                    5.00 |    390 |    45.2975 |
|        1 |        415 |           914.50 |       894.60 |       927.87 |                 22.23 |                    5.00 |    391 |    45.3757 |
|        1 |        416 |           914.50 |       894.60 |       926.19 |                 29.88 |                    5.00 |    391 |    45.4438 |
|        1 |        417 |           914.50 |       894.60 |       931.27 |                 20.37 |                    5.00 |    391 |    45.5093 |
|        1 |        418 |           914.50 |       894.60 |       930.05 |                 33.38 |                    5.26 |    391 |    45.6240 |
|        1 |        419 |           914.50 |       894.60 |       958.90 |                 29.19 |                    5.00 |    394 |    45.6965 |
|        1 |        420 |           914.50 |       894.60 |       956.20 |                 32.15 |                    5.00 |    396 |    45.7657 |
|        1 |        421 |           914.50 |       894.60 |       956.29 |                 28.66 |                    5.00 |    398 |    45.8584 |
|        1 |        422 |           914.50 |       894.60 |       955.62 |                 28.27 |                    5.00 |    398 |    45.9189 |
|        1 |        423 |           914.50 |       894.60 |       949.21 |                 33.00 |                    5.00 |    398 |    46.0144 |
|        1 |        424 |           914.50 |       894.60 |       980.00 |                 22.22 |                    5.00 |    398 |    46.1172 |
|        1 |        425 |           914.50 |       894.60 |       955.75 |                 34.59 |                    5.00 |    400 |    46.2632 |
|        1 |        426 |           914.50 |       894.60 |       946.66 |                 27.87 |                    5.00 |    400 |    46.3820 |
|        1 |        427 |           914.50 |       894.60 |       951.10 |                 20.57 |                    5.00 |    400 |    46.4575 |
|        1 |        428 |           914.50 |       894.60 |       924.88 |                 42.52 |                    5.00 |    400 |    46.5264 |
|        1 |        429 |           914.50 |       894.60 |       955.10 |                 23.93 |                    5.00 |    402 |    46.6078 |
|        1 |        430 |           914.50 |       894.60 |       946.50 |                 27.69 |                    5.00 |    403 |    46.6809 |
|        1 |        431 |           914.50 |       894.60 |       944.54 |                 33.61 |                    5.00 |    405 |    46.7933 |
|        1 |        432 |           914.50 |       894.60 |       955.95 |                 29.02 |                    5.26 |    406 |    46.9079 |
|        1 |        433 |           914.50 |       894.60 |       927.58 |                 41.73 |                    5.00 |    406 |    47.0322 |
|        1 |        434 |           914.50 |       894.60 |       926.20 |                 32.04 |                    5.00 |    406 |    47.1185 |
|        1 |        435 |           914.50 |       894.60 |       922.51 |                 34.79 |                    5.00 |    406 |    47.2596 |
|        1 |        436 |           914.50 |       894.60 |       928.29 |                 30.04 |                    5.00 |    406 |    47.3773 |
|        1 |        437 |           914.50 |       894.60 |       927.88 |                 28.72 |                    5.00 |    406 |    47.4713 |
|        1 |        438 |           914.50 |       894.60 |       928.58 |                 28.87 |                    5.00 |    406 |    47.5510 |
|        1 |        439 |           914.50 |       894.60 |       913.33 |                 28.93 |                    5.00 |    406 |    47.6978 |
|        1 |        440 |           914.50 |       894.60 |       990.97 |                 24.75 |                    6.16 |    409 |    47.7923 |
|        1 |        441 |           914.50 |       894.60 |       981.72 |                 29.80 |                    5.00 |    414 |    47.8740 |
|        1 |        442 |           914.50 |       894.60 |       921.56 |                 23.89 |                    5.00 |    414 |    48.0823 |
|        1 |        443 |           914.50 |       894.60 |       936.36 |                 18.15 |                    5.00 |    416 |    48.1754 |
|        1 |        444 |           914.50 |       894.60 |       928.26 |                 34.96 |                    5.00 |    417 |    48.2563 |
|        1 |        445 |           914.50 |       894.60 |       962.10 |                 28.81 |                    5.00 |    418 |    48.3161 |
|        1 |        446 |           914.50 |       894.60 |       920.39 |                 34.74 |                    5.00 |    418 |    48.3709 |
|        1 |        447 |           914.50 |       894.60 |       924.97 |                 29.79 |                    5.00 |    418 |    48.4384 |
|        1 |        448 |           914.50 |       894.60 |       919.58 |                 30.83 |                    5.00 |    418 |    48.5408 |
|        1 |        449 |           914.50 |       894.60 |       918.14 |                 27.53 |                    5.00 |    418 |    48.6071 |
|        1 |        450 |           914.50 |       894.60 |       916.22 |                 28.58 |                    5.00 |    418 |    48.6590 |
|        1 |        451 |           914.50 |       894.60 |       917.03 |                 53.49 |                    5.00 |    418 |    48.7116 |
|        1 |        452 |           914.50 |       894.60 |       942.70 |                 30.14 |                    5.00 |    419 |    48.7718 |
|        1 |        453 |           914.50 |       894.60 |       942.66 |                 28.25 |                    5.00 |    419 |    48.8771 |
|        1 |        454 |           914.50 |       894.60 |       916.79 |                 39.56 |                    5.00 |    419 |    48.9318 |
|        1 |        455 |           914.50 |       894.60 |       936.40 |                 44.86 |                    5.00 |    419 |    49.0084 |
|        1 |        456 |           914.50 |       894.60 |       921.79 |                 30.14 |                    5.00 |    419 |    49.1608 |
|        1 |        457 |           914.50 |       894.60 |       926.20 |                 34.85 |                    5.00 |    419 |    49.2520 |
|        1 |        458 |           914.50 |       894.60 |       925.48 |                 30.44 |                    5.00 |    419 |    49.3418 |
|        1 |        459 |           914.50 |       894.60 |       952.10 |                 29.19 |                    5.00 |    419 |    49.3842 |
|        1 |        460 |           914.50 |       894.60 |       929.04 |                 30.25 |                    5.00 |    419 |    49.4559 |
|        1 |        461 |           914.50 |       894.60 |       935.56 |                 29.55 |                    5.00 |    419 |    49.5188 |
|        1 |        462 |           914.50 |       894.60 |       952.90 |                 29.41 |                    5.00 |    419 |    49.6019 |
|        1 |        463 |           914.50 |       894.60 |       925.50 |                 29.80 |                    5.00 |    419 |    49.7398 |
|        1 |        464 |           914.50 |       894.60 |       932.76 |                 34.88 |                    5.00 |    419 |    49.9647 |
|        1 |        465 |           914.50 |       894.60 |       959.85 |                 29.88 |                    5.00 |    419 |    50.0458 |
|        1 |        466 |           914.50 |       894.60 |       960.25 |                 30.59 |                    5.00 |    419 |    50.1676 |
|        1 |        467 |           914.50 |       894.60 |       959.84 |                 29.84 |                    5.00 |    419 |    50.2558 |
|        1 |        468 |           914.50 |       894.60 |       942.59 |                 32.17 |                    5.00 |    419 |    50.3468 |
|        1 |        469 |           914.50 |       894.60 |       963.88 |                 30.75 |                    5.00 |    420 |    50.4384 |
|        1 |        470 |           914.50 |       894.60 |       952.09 |                 28.00 |                    5.00 |    420 |    50.5060 |
|        1 |        471 |           914.50 |       894.60 |       952.56 |                 28.72 |                    5.00 |    420 |    50.5926 |
|        1 |        472 |           914.50 |       894.60 |       951.70 |                 22.72 |                    5.00 |    420 |    50.6769 |
|        1 |        473 |           914.50 |       894.60 |       946.74 |                 29.66 |                    5.00 |    420 |    50.7500 |
|        1 |        474 |           914.50 |       894.60 |       951.29 |                 29.79 |                    5.00 |    420 |    50.8644 |
|        1 |        475 |           914.50 |       894.60 |       957.13 |                 62.69 |                    5.00 |    421 |    50.9886 |
|        1 |        476 |           914.50 |       894.60 |       992.10 |                 29.46 |                    5.00 |    421 |    51.0960 |
|        1 |        477 |           914.50 |       894.60 |      1020.17 |                 21.52 |                    5.00 |    423 |    51.1680 |
|        1 |        478 |           914.50 |       894.60 |       951.91 |                 34.55 |                    5.00 |    424 |    51.2951 |
|        1 |        479 |           914.50 |       894.60 |       981.10 |                 24.02 |                    5.00 |    424 |    51.3678 |
|        1 |        480 |           914.50 |       894.60 |       973.11 |                 22.05 |                    5.00 |    424 |    51.4757 |
|        1 |        481 |           914.50 |       894.60 |       954.28 |                 36.21 |                    5.00 |    424 |    51.5539 |
|        1 |        482 |           914.50 |       894.60 |       936.65 |                 29.66 |                    5.00 |    427 |    51.7268 |
|        1 |        483 |           914.50 |       894.60 |       956.50 |                 28.10 |                    5.00 |    428 |    51.8151 |
|        1 |        484 |           914.50 |       894.60 |       933.52 |                 25.47 |                    5.00 |    428 |    51.9575 |
|        1 |        485 |           914.50 |       894.60 |       953.09 |                 16.80 |                    5.00 |    430 |    52.0675 |
|        1 |        486 |           914.50 |       894.60 |       955.77 |                 29.54 |                    5.00 |    431 |    52.1704 |
|        1 |        487 |           914.50 |       894.60 |       944.23 |                 29.89 |                    5.00 |    431 |    52.3156 |
|        1 |        488 |           914.50 |       894.60 |       934.14 |                 37.44 |                    5.00 |    431 |    52.4013 |
|        1 |        489 |           914.50 |       894.60 |       934.14 |                 29.64 |                    5.00 |    431 |    52.4603 |
|        1 |        490 |           914.50 |       894.60 |       967.17 |                 29.56 |                    5.00 |    432 |    52.5109 |
|        1 |        491 |           914.50 |       894.60 |       966.59 |                 28.46 |                    5.00 |    433 |    52.6601 |
|        1 |        492 |           914.50 |       894.60 |       917.35 |                 31.19 |                    5.00 |    433 |    52.9962 |
|        1 |        493 |           914.50 |       894.60 |       931.88 |                 25.42 |                    5.00 |    433 |    53.0787 |
|        1 |        494 |           914.50 |       894.60 |       924.73 |                 31.88 |                    5.00 |    433 |    53.1458 |
|        1 |        495 |           914.50 |       894.60 |       931.97 |                 23.25 |                    5.00 |    433 |    53.2448 |
|        1 |        496 |           914.50 |       894.60 |       956.89 |                 23.91 |                    5.00 |    435 |    53.4856 |
|        1 |        497 |           914.50 |       894.60 |       974.28 |                 24.29 |                    5.26 |    437 |    53.5791 |
|        1 |        498 |           914.50 |       894.60 |       970.91 |                 16.86 |                    5.00 |    437 |    53.6773 |
|        1 |        499 |           914.50 |       894.60 |       934.85 |                 13.59 |                    5.00 |    439 |    53.7853 |
|        1 |        500 |           914.50 |       894.60 |       946.81 |                 25.68 |                    5.00 |    439 |    53.8438 |
------------------------------------------------------------------------------------------------------------------------------------------------
Version identifier: 22.1.2.0 | 2024-11-26 | 0edbb82fd
CPXPARAM_MIP_Tolerances_UpperCutoff              914.60000000001537
Tried aggregator 1 time.
MIP Presolve eliminated 32 rows and 94 columns.
MIP Presolve modified 220 coefficients.
Reduced MIP has 69 rows, 345 columns, and 2386 nonzeros.
Reduced MIP has 345 binaries, 0 generals, 0 SOSs, and 0 indicators.
Presolve time = 0.00 sec. (3.11 ticks)
Probing fixed 2 vars, tightened 0 bounds.
Probing time = 0.00 sec. (2.73 ticks)
Tried aggregator 1 time.
Detecting symmetries...
MIP Presolve eliminated 1 rows and 6 columns.
Reduced MIP has 68 rows, 339 columns, and 2358 nonzeros.
Reduced MIP has 339 binaries, 0 generals, 0 SOSs, and 0 indicators.
Presolve time = 0.00 sec. (1.81 ticks)
Probing time = 0.00 sec. (2.15 ticks)
Clique table members: 533.
MIP emphasis: balance optimality and feasibility.
MIP search method: dynamic search.
Parallel mode: deterministic, using up to 8 threads.
Root relaxation solution time = 0.00 sec. (1.10 ticks)

        Nodes                                         Cuts/
   Node  Left     Objective  IInf  Best Integer    Best Bound    ItCnt     Gap

*     0     0      integral     0      909.2000      909.2000      114    0.00%
Elapsed time = 0.01 sec. (14.34 ticks, tree = 0.00 MB, solutions = 1)
objective_value(sp) = 909.1999999999999
 57.679889 seconds (6.87 M allocations: 341.921 MiB, 0.17% gc time, 7.33% compilation time)
#1: 0 (0.0) {41.0} -> 55 (10.0) {95.0} [95.0, 158.0] -> 54 (50.0) {190.0} [0.0, 1105.0] -> 53 (70.0) {286.0} [286.0, 347.0] -> 56 (100.0) {385.0} [385.0, 436.0] -> 58 (130.0) {477.0} [471.0, 534.0] -> 60 (150.0) {570.0} [0.0, 1100.0] -> 59 (160.0) {670.4} [0.0, 1110.0] -> 57 (200.0) {762.4} [0.0, 1111.0] -> 0 (200.0) {887.4} [0.0, 1236.0]
#2: 0 (0.0) {41.0} -> 78 (20.0) {109.0} [109.0, 170.0] -> 76 (30.0) {203.0} [203.0, 260.0] -> 71 (50.0) {298.0} [0.0, 1088.0] -> 70 (80.0) {393.0} [387.0, 456.0] -> 73 (90.0) {486.0} [0.0, 1090.0] -> 77 (100.0) {580.0} [574.0, 643.0] -> 79 (110.0) {671.0} [668.0, 731.0] -> 80 (120.0) {769.0} [769.0, 820.0] -> 81 (150.0) {869.0} [0.0, 1098.0] -> 0 (150.0) {1006.4} [0.0, 1236.0]
#3: 0 (0.0) {40.0} -> 87 (20.0) {85.0} [85.0, 144.0] -> 86 (30.0) {176.0} [0.0, 1119.0] -> 83 (40.0) {272.0} [0.0, 1113.0] -> 82 (60.0) {365.0} [0.0, 1110.0] -> 84 (80.0) {460.8} [458.0, 523.0] -> 85 (110.0) {553.6} [0.0, 1116.0] -> 88 (140.0) {646.6} [645.0, 708.0] -> 89 (150.0) {739.4} [0.0, 1121.0] -> 91 (160.0) {833.0} [0.0, 1123.0] -> 90 (170.0) {928.0} [0.0, 1125.0] -> 0 (170.0) {1038.6} [0.0, 1236.0]
#4: 0 (0.0) {36.0} -> 24 (10.0) {51.0} [0.0, 1131.0] -> 25 (50.0) {169.0} [169.0, 224.0] -> 27 (60.0) {261.0} [261.0, 316.0] -> 29 (70.0) {354.6} [0.0, 1126.0] -> 30 (80.0) {449.6} [449.0, 504.0] -> 28 (100.0) {542.6} [0.0, 1128.0] -> 26 (110.0) {634.6} [0.0, 1130.0] -> 23 (120.0) {732.0} [732.0, 777.0] -> 22 (140.0) {825.0} [812.0, 883.0] -> 21 (160.0) {917.0} [0.0, 1135.0] -> 20 (170.0) {1009.0} [0.0, 1136.0] -> 0 (170.0) {1109.0} [0.0, 1236.0]
#5: 0 (0.0) {42.0} -> 42 (20.0) {68.0} [68.0, 149.0] -> 41 (30.0) {166.0} [166.0, 235.0] -> 40 (40.0) {264.0} [264.0, 321.0] -> 44 (50.0) {359.0} [359.0, 412.0] -> 46 (80.0) {451.8} [0.0, 1125.0] -> 45 (90.0) {543.8} [541.0, 600.0] -> 48 (100.0) {635.8} [0.0, 1122.0] -> 51 (110.0) {728.8} [0.0, 1121.0] -> 50 (120.0) {821.0} [0.0, 1123.0] -> 52 (130.0) {914.1} [0.0, 1124.0] -> 49 (140.0) {1007.1} [1001.0, 1066.0] -> 47 (150.0) {1099.1} [0.0, 1127.0] -> 0 (150.0) {1207.1} [0.0, 1236.0]
#6: 0 (0.0) {36.0} -> 65 (10.0) {76.0} [76.0, 129.0] -> 63 (60.0) {168.0} [0.0, 1131.0] -> 62 (80.0) {263.0} [262.0, 317.0] -> 74 (130.0) {356.0} [353.0, 412.0] -> 72 (140.0) {451.0} [0.0, 1122.0] -> 61 (150.0) {544.0} [0.0, 1123.0] -> 64 (160.0) {636.0} [632.0, 693.0] -> 68 (170.0) {734.0} [734.0, 777.0] -> 66 (180.0) {829.3} [826.0, 875.0] -> 69 (190.0) {921.3} [916.0, 969.0] -> 43 (200.0) {1023.3} [0.0, 1129.0] -> 0 (200.0) {1129.8} [0.0, 1236.0]
#7: 0 (0.0) {30.0} -> 13 (30.0) {60.8} [30.0, 92.0] -> 8 (50.0) {255.0} [255.0, 324.0] -> 10 (60.0) {357.0} [357.0, 410.0] -> 11 (70.0) {450.0} [448.0, 505.0] -> 9 (80.0) {543.1} [534.0, 605.0] -> 6 (100.0) {635.3} [621.0, 702.0] -> 4 (110.0) {727.5} [727.0, 782.0] -> 2 (140.0) {821.1} [0.0, 1125.0] -> 1 (150.0) {913.1} [0.0, 1127.0] -> 75 (170.0) {1006.1} [0.0, 1130.0] -> 0 (170.0) {1111.9} [0.0, 1236.0]
#8: 0 (0.0) {28.0} -> 17 (20.0) {99.0} [99.0, 148.0] -> 18 (40.0) {192.0} [0.0, 1110.0] -> 19 (50.0) {287.0} [0.0, 1106.0] -> 15 (90.0) {384.0} [384.0, 429.0] -> 16 (130.0) {479.0} [0.0, 1105.0] -> 14 (140.0) {571.0} [0.0, 1106.0] -> 12 (160.0) {664.0} [0.0, 1107.0] -> 7 (180.0) {778.2} [0.0, 1130.0] -> 3 (190.0) {870.2} [0.0, 1129.0] -> 5 (200.0) {961.2} [0.0, 1130.0] -> 0 (200.0) {1066.3} [0.0, 1236.0]
#9: 0 (0.0) {31.0} -> 33 (40.0) {87.0} [87.0, 158.0] -> 31 (60.0) {182.3} [0.0, 1112.0] -> 35 (70.0) {283.0} [283.0, 344.0] -> 37 (90.0) {378.8} [0.0, 1106.0] -> 38 (120.0) {479.0} [479.0, 522.0] -> 39 (140.0) {574.0} [567.0, 624.0] -> 36 (150.0) {669.0} [665.0, 716.0] -> 34 (170.0) {762.0} [0.0, 1113.0] -> 32 (200.0) {857.3} [0.0, 1114.0] -> 0 (200.0) {978.9} [0.0, 1236.0]
#10: 0 (0.0) {40.0} -> 67 (10.0) {52.2} [12.0, 77.0] -> 95 (40.0) {184.9} [0.0, 1108.0] -> 94 (50.0) {278.5} [0.0, 1105.0] -> 92 (70.0) {372.1} [368.0, 441.0] -> 93 (110.0) {475.0} [475.0, 518.0] -> 97 (140.0) {570.0} [0.0, 1105.0] -> 100 (160.0) {665.0} [647.0, 726.0] -> 99 (170.0) {760.0} [743.0, 820.0] -> 96 (180.0) {855.0} [0.0, 1109.0] -> 98 (200.0) {950.3} [0.0, 1115.0] -> 0 (200.0) {1071.1} [0.0, 1236.0]

Dist: 909.1999999999999. Cost: 909.1999999999999

Root node processing (before b&c):
  Real time             =    0.01 sec. (14.35 ticks)
Parallel b&c, 8 threads:
  Real time             =    0.00 sec. (0.00 ticks)
  Sync time (average)   =    0.00 sec.
  Wait time (average)   =    0.00 sec.
                          ------------
Total (root+branch&cut) =    0.01 sec. (14.35 ticks)
