Solving instance /mnt/c/Users/bruno.mattos/OneDrive - americanas s.a/Documentos/GitHub/GenericILS/TWRD/100/C105_100_005.vrptwrd...
------------------------------------------------------------------------------------------------------------------------------------------------
|  Restart |  Iteration |  Best Feas. Cost |    Best Cost |   Curr. Cost |   Penalty Custom Res. |   Penalty Standard Res. |   Pool |   Time (s) |
------------------------------------------------------------------------------------------------------------------------------------------------
|        1 |          1 |           889.40 |       875.10 |       875.10 |                 11.00 |                    5.00 |     12 |     0.3059 |
|        1 |          2 |           889.40 |       873.88 |       873.88 |                 10.77 |                    5.00 |     12 |     0.8991 |
|        1 |          0 |           878.10 |       873.88 |       878.10 |                  7.57 |                    5.00 |     15 |     0.9579 |
|        1 |          1 |           878.10 |       844.33 |       844.33 |                 11.13 |                    5.00 |     16 |     1.0393 |
|        1 |          2 |           878.10 |       842.11 |       842.11 |                  7.02 |                    5.00 |     16 |     1.2164 |
|        1 |          3 |           878.10 |       842.05 |       842.05 |                  9.54 |                    5.00 |     16 |     1.2839 |
|        1 |          4 |           878.10 |       842.05 |       874.79 |                  8.76 |                    5.00 |     16 |     1.3869 |
|        1 |          5 |           878.10 |       842.05 |       873.99 |                 10.00 |                    5.00 |     16 |     1.5138 |
|        1 |          6 |           878.10 |       842.05 |       871.90 |                  9.96 |                    5.00 |     16 |     1.5926 |
|        1 |          7 |           878.10 |       842.05 |       874.12 |                 16.29 |                    5.00 |     17 |     1.7363 |
|        1 |          8 |           878.10 |       842.05 |       852.63 |                 14.20 |                    5.00 |     18 |     1.8645 |
|        1 |          9 |           878.10 |       842.05 |       845.80 |                 26.32 |                    5.00 |     18 |     1.9210 |
|        1 |         10 |           878.10 |       842.05 |       895.30 |                 12.38 |                    5.00 |     22 |     1.9889 |
|        1 |          0 |           864.30 |       842.05 |       864.30 |                  5.17 |                    5.00 |     24 |     2.0649 |
|        1 |          1 |           864.30 |       842.05 |       864.30 |                  5.00 |                    5.00 |     24 |     2.1209 |
|        1 |          2 |           864.30 |       837.30 |       837.30 |                  6.66 |                    5.00 |     24 |     2.1883 |
|        1 |          3 |           864.30 |       837.30 |       839.58 |                  5.32 |                    5.00 |     24 |     2.2606 |
|        1 |          4 |           864.30 |       837.30 |       838.27 |                  7.31 |                    5.00 |     24 |     2.3275 |
|        1 |          5 |           864.30 |       837.30 |       841.76 |                 12.99 |                    5.00 |     24 |     2.4027 |
|        1 |          6 |           864.30 |       837.30 |       845.62 |                 11.46 |                    5.00 |     24 |     2.4899 |
|        1 |          7 |           864.30 |       837.30 |       845.44 |                 19.23 |                    5.00 |     24 |     2.5344 |
|        1 |          0 |           848.00 |       837.30 |       848.00 |                 11.73 |                    5.00 |     24 |     2.6033 |
|        1 |          1 |           848.00 |       837.30 |       843.15 |                  6.53 |                    5.00 |     24 |     2.6891 |
|        1 |          2 |           848.00 |       837.30 |       840.76 |                  8.36 |                    5.00 |     24 |     2.7425 |
|        1 |          3 |           848.00 |       837.30 |       844.70 |                 12.95 |                    5.00 |     24 |     2.7810 |
|        1 |          4 |           848.00 |       837.30 |       847.83 |                  8.64 |                    5.00 |     24 |     2.8563 |
|        1 |          5 |           848.00 |       837.30 |       843.55 |                 14.17 |                    6.74 |     24 |     2.9465 |
|        1 |          6 |           848.00 |       837.30 |       843.76 |                 10.64 |                    5.00 |     24 |     3.0507 |
|        1 |          7 |           848.00 |       837.30 |       844.80 |                 17.82 |                    5.00 |     24 |     3.1168 |
|        1 |          8 |           848.00 |       837.30 |       844.76 |                 10.32 |                    5.00 |     24 |     3.2173 |
|        1 |          9 |           848.00 |       837.30 |       841.69 |                  9.73 |                    5.00 |     24 |     3.3696 |
|        1 |         10 |           848.00 |       837.30 |       871.03 |                 16.81 |                    5.00 |     24 |     3.4310 |
|        1 |         11 |           848.00 |       837.30 |       877.91 |                 11.22 |                    5.00 |     24 |     3.4994 |
|        1 |         12 |           848.00 |       837.30 |       841.68 |                  9.21 |                    5.00 |     24 |     3.6201 |
|        1 |         13 |           848.00 |       837.30 |       846.09 |                  8.73 |                    5.00 |     24 |     3.6732 |
|        1 |         14 |           848.00 |       837.30 |       842.86 |                 10.74 |                    5.00 |     24 |     3.7331 |
|        1 |         15 |           848.00 |       837.30 |       845.99 |                 26.28 |                    5.00 |     25 |     3.8125 |
|        1 |         16 |           848.00 |       837.30 |       848.00 |                 18.41 |                    5.00 |     25 |     3.9229 |
|        1 |         17 |           848.00 |       837.30 |       843.94 |                  6.19 |                    5.00 |     26 |     4.0728 |
|        1 |         18 |           848.00 |       837.30 |       839.44 |                  7.25 |                    5.00 |     26 |     4.1182 |
|        1 |         19 |           848.00 |       837.30 |       842.23 |                 10.36 |                    5.00 |     26 |     4.1641 |
|        1 |         20 |           848.00 |       837.30 |       842.23 |                  9.07 |                    5.00 |     26 |     4.2083 |
|        1 |         21 |           848.00 |       837.30 |       844.17 |                 12.54 |                    5.00 |     26 |     4.3082 |
|        1 |         22 |           848.00 |       837.30 |       844.17 |                  8.72 |                    5.00 |     26 |     4.3590 |
|        1 |         23 |           848.00 |       837.30 |       844.53 |                  8.49 |                    5.00 |     26 |     4.4834 |
|        1 |         24 |           848.00 |       837.30 |       846.43 |                  8.21 |                    5.00 |     26 |     4.5384 |
|        1 |         25 |           848.00 |       837.30 |       840.86 |                 13.47 |                    5.00 |     26 |     4.6130 |
|        1 |         26 |           848.00 |       837.30 |       844.97 |                  7.43 |                    5.00 |     26 |     4.7046 |
|        1 |         27 |           848.00 |       837.30 |       842.51 |                 15.67 |                    5.00 |     27 |     4.7706 |
|        1 |         28 |           848.00 |       837.30 |       848.00 |                 10.02 |                    5.00 |     27 |     4.8907 |
|        1 |         29 |           848.00 |       837.30 |       848.00 |                  8.77 |                    5.00 |     27 |     4.9507 |
|        1 |         30 |           848.00 |       837.30 |       843.10 |                 15.00 |                    5.00 |     27 |     4.9976 |
|        1 |         31 |           848.00 |       837.30 |       848.00 |                 11.60 |                    5.00 |     27 |     5.1118 |
|        1 |         32 |           848.00 |       837.30 |       876.75 |                 11.31 |                    5.00 |     29 |     5.1968 |
|        1 |         33 |           848.00 |       837.30 |       880.80 |                 20.33 |                    5.00 |     29 |     5.2568 |
|        1 |         34 |           848.00 |       837.30 |       880.80 |                 12.30 |                    5.00 |     29 |     5.3008 |
|        1 |         35 |           848.00 |       837.30 |       847.97 |                  9.32 |                    5.00 |     29 |     5.4217 |
|        1 |         36 |           848.00 |       837.30 |       845.74 |                  7.61 |                    5.00 |     29 |     5.4802 |
|        1 |         37 |           848.00 |       837.30 |       842.35 |                 10.33 |                    5.00 |     29 |     5.5383 |
|        1 |         38 |           848.00 |       837.30 |       843.69 |                 11.25 |                    5.00 |     29 |     5.6244 |
|        1 |         39 |           848.00 |       837.30 |       842.58 |                 14.51 |                    5.00 |     29 |     5.7248 |
|        1 |         40 |           848.00 |       837.30 |       895.70 |                  5.81 |                    5.00 |     33 |     5.8137 |
|        1 |         41 |           848.00 |       837.30 |       895.70 |                  5.26 |                    5.00 |     33 |     5.8721 |
|        1 |         42 |           848.00 |       837.30 |       895.70 |                  5.00 |                    5.00 |     33 |     5.9201 |
|        1 |         43 |           848.00 |       836.75 |       836.75 |                  7.52 |                    5.00 |     33 |     5.9635 |
|        1 |         44 |           848.00 |       836.75 |       839.66 |                 14.93 |                    5.00 |     33 |     6.0228 |
|        1 |         45 |           848.00 |       836.75 |       849.29 |                 31.50 |                    5.00 |     33 |     6.0845 |
|        1 |         46 |           848.00 |       836.75 |       865.03 |                 24.20 |                    5.00 |     33 |     6.1412 |
|        1 |         47 |           848.00 |       836.75 |       848.00 |                  9.68 |                    5.00 |     33 |     6.2580 |
|        1 |         48 |           848.00 |       836.75 |       844.10 |                  5.96 |                    5.00 |     33 |     6.3337 |
|        1 |         49 |           848.00 |       836.75 |       837.30 |                  5.36 |                    5.00 |     33 |     6.4351 |
|        1 |         50 |           848.00 |       836.75 |       838.02 |                  5.19 |                    5.00 |     33 |     6.4897 |
|        1 |         51 |           848.00 |       836.75 |       838.31 |                  9.71 |                    5.00 |     33 |     6.5440 |
|        1 |         52 |           848.00 |       836.75 |       843.30 |                  9.55 |                    5.00 |     33 |     6.6674 |
|        1 |         53 |           848.00 |       836.75 |       838.94 |                  7.01 |                    5.00 |     33 |     6.8244 |
|        1 |         54 |           848.00 |       836.75 |       841.89 |                  9.62 |                    5.00 |     33 |     6.8920 |
|        1 |         55 |           848.00 |       836.75 |       844.52 |                 10.48 |                    5.00 |     33 |     6.9613 |
|        1 |         56 |           848.00 |       836.75 |       844.77 |                 10.53 |                    5.00 |     33 |     7.0529 |
|        1 |         57 |           848.00 |       836.75 |       848.36 |                  8.42 |                    5.00 |     33 |     7.1313 |
|        1 |         58 |           848.00 |       836.75 |       843.78 |                 10.76 |                    5.00 |     33 |     7.2145 |
|        1 |         59 |           848.00 |       836.75 |       843.49 |                  9.01 |                    5.00 |     33 |     7.3436 |
|        1 |         60 |           848.00 |       836.75 |       844.58 |                  8.95 |                    5.00 |     33 |     7.4484 |
|        1 |         61 |           848.00 |       836.75 |       843.82 |                  9.57 |                    5.00 |     33 |     7.5032 |
|        1 |         62 |           848.00 |       836.75 |       845.32 |                 10.76 |                    5.00 |     33 |     7.5491 |
|        1 |         63 |           848.00 |       836.75 |       844.68 |                 11.35 |                    5.00 |     33 |     7.6737 |
|        1 |         64 |           848.00 |       836.75 |       839.81 |                 10.94 |                    5.00 |     33 |     7.7918 |
|        1 |         65 |           848.00 |       836.75 |       848.00 |                 10.06 |                    5.00 |     33 |     7.8507 |
|        1 |         66 |           848.00 |       836.75 |       842.14 |                 10.12 |                    5.00 |     33 |     7.9247 |
|        1 |         67 |           848.00 |       836.75 |       843.52 |                 13.32 |                    5.00 |     33 |     8.0095 |
|        1 |         68 |           848.00 |       836.75 |       846.99 |                 18.87 |                    5.00 |     33 |     8.0430 |
|        1 |         69 |           848.00 |       836.75 |       852.46 |                 29.53 |                    5.00 |     33 |     8.0855 |
|        1 |         70 |           848.00 |       836.75 |       878.10 |                 11.02 |                    5.00 |     33 |     8.1775 |
|        1 |         71 |           848.00 |       836.75 |       872.60 |                  8.54 |                    5.00 |     33 |     8.2762 |
|        1 |         72 |           848.00 |       836.75 |       884.11 |                 11.82 |                    5.00 |     34 |     8.3495 |
|        1 |         73 |           848.00 |       836.75 |       878.10 |                  7.58 |                    5.00 |     34 |     8.4243 |
|        1 |         74 |           848.00 |       836.75 |       872.00 |                  9.20 |                    5.00 |     34 |     8.5377 |
|        1 |         75 |           848.00 |       836.75 |       867.79 |                  9.74 |                    5.00 |     34 |     8.5920 |
|        1 |         76 |           848.00 |       836.75 |       846.96 |                  7.55 |                    5.00 |     34 |     8.6643 |
|        1 |         77 |           848.00 |       836.75 |       842.55 |                  8.07 |                    5.00 |     34 |     8.7330 |
|        1 |         78 |           848.00 |       836.75 |       843.77 |                 11.09 |                    5.00 |     34 |     8.7791 |
|        1 |         79 |           848.00 |       836.75 |       848.00 |                  6.25 |                    5.00 |     34 |     8.8296 |
|        1 |         80 |           848.00 |       836.75 |       869.77 |                  7.38 |                    5.00 |     34 |     8.8897 |
|        1 |         81 |           848.00 |       836.75 |       920.50 |                  5.92 |                    5.00 |     37 |     8.9483 |
|        1 |         82 |           848.00 |       836.75 |       867.40 |                  7.73 |                    5.00 |     37 |     9.0606 |
|        1 |         83 |           848.00 |       836.75 |       847.67 |                  8.49 |                    5.00 |     37 |     9.1719 |
|        1 |         84 |           848.00 |       836.75 |       842.50 |                 10.44 |                    5.00 |     37 |     9.2214 |
|        1 |         85 |           848.00 |       836.75 |       842.89 |                  7.54 |                    5.00 |     37 |     9.3162 |
|        1 |         86 |           848.00 |       836.75 |       843.96 |                 10.67 |                    5.00 |     37 |     9.3737 |
|        1 |         87 |           848.00 |       836.75 |       846.74 |                  9.51 |                    5.00 |     37 |     9.4648 |
|        1 |         88 |           848.00 |       836.75 |       843.30 |                  9.74 |                    5.00 |     37 |     9.5745 |
|        1 |         89 |           848.00 |       836.75 |       841.98 |                  9.30 |                    5.00 |     37 |     9.6802 |
|        1 |         90 |           848.00 |       836.75 |       839.55 |                 10.22 |                    5.00 |     37 |     9.7713 |
|        1 |         91 |           848.00 |       836.75 |       846.53 |                  9.60 |                    5.00 |     37 |     9.8172 |
|        1 |         92 |           848.00 |       836.75 |       845.90 |                 10.77 |                    5.00 |     37 |     9.8945 |
|        1 |         93 |           848.00 |       836.75 |       844.73 |                 11.04 |                    5.00 |     37 |     9.9849 |
|        1 |         94 |           848.00 |       836.75 |       844.96 |                 10.55 |                    5.00 |     37 |    10.0721 |
|        1 |         95 |           848.00 |       836.75 |       846.37 |                 10.51 |                    5.00 |     37 |    10.1383 |
|        1 |         96 |           848.00 |       836.75 |       843.69 |                 15.94 |                    5.00 |     37 |    10.1954 |
|        1 |         97 |           848.00 |       836.75 |       849.50 |                 27.55 |                    5.00 |     37 |    10.2417 |
|        1 |         98 |           848.00 |       836.75 |       878.10 |                 10.39 |                    5.00 |     37 |    10.3355 |
|        1 |         99 |           848.00 |       836.75 |       875.45 |                 11.18 |                    5.00 |     37 |    10.4370 |
|        1 |        100 |           848.00 |       836.75 |       845.52 |                  8.81 |                    5.00 |     37 |    10.5783 |
|        1 |        101 |           848.00 |       836.75 |       861.35 |                  6.64 |                    5.00 |     37 |    10.6500 |
|        1 |        102 |           848.00 |       836.75 |       874.67 |                  9.42 |                    5.00 |     37 |    10.8055 |
|        1 |        103 |           848.00 |       836.75 |       879.51 |                 10.92 |                    5.00 |     37 |    10.8502 |
|        1 |        104 |           848.00 |       836.75 |       875.90 |                  5.45 |                    5.00 |     40 |    10.9220 |
|        1 |        105 |           848.00 |       836.75 |       837.46 |                  7.64 |                    5.00 |     40 |    10.9763 |
|        1 |        106 |           848.00 |       836.75 |       843.35 |                 10.07 |                    5.00 |     40 |    11.0251 |
|        1 |        107 |           848.00 |       836.75 |       846.08 |                  6.03 |                    5.00 |     40 |    11.0879 |
|        1 |        108 |           848.00 |       836.75 |       839.11 |                 10.83 |                    5.00 |     40 |    11.1662 |
|        1 |        109 |           848.00 |       836.75 |       847.09 |                  8.84 |                    5.00 |     40 |    11.2271 |
|        1 |        110 |           848.00 |       836.75 |       844.98 |                 10.87 |                    5.00 |     40 |    11.2778 |
|        1 |        111 |           848.00 |       836.75 |       845.65 |                 10.81 |                    5.00 |     40 |    11.3751 |
|        1 |        112 |           848.00 |       836.75 |       842.83 |                 11.55 |                    5.00 |     40 |    11.4455 |
|        1 |        113 |           848.00 |       836.75 |       843.14 |                 11.16 |                    5.00 |     40 |    11.5116 |
|        1 |        114 |           848.00 |       836.75 |       842.39 |                 10.16 |                    5.00 |     40 |    11.5758 |
|        1 |        115 |           848.00 |       836.75 |       841.47 |                 11.42 |                    5.00 |     40 |    11.6290 |
|        1 |        116 |           848.00 |       836.75 |       843.74 |                  9.89 |                    5.00 |     40 |    11.6981 |
|        1 |        117 |           848.00 |       836.75 |       840.89 |                 15.91 |                    5.00 |     40 |    11.7722 |
|        1 |        118 |           848.00 |       836.75 |       848.00 |                 10.39 |                    5.00 |     40 |    11.8759 |
|        1 |        119 |           848.00 |       836.75 |       841.49 |                 10.25 |                    5.00 |     40 |    11.9371 |
|        1 |        120 |           848.00 |       836.75 |       848.01 |                 11.19 |                    5.00 |     40 |    11.9788 |
|        1 |        121 |           848.00 |       836.75 |       841.66 |                  5.00 |                    5.00 |     40 |    12.1127 |
|        1 |        122 |           848.00 |       836.75 |       837.50 |                  7.66 |                    5.00 |     40 |    12.1817 |
|        1 |        123 |           848.00 |       836.75 |       842.45 |                 13.63 |                    5.00 |     40 |    12.2425 |
|        1 |        124 |           848.00 |       836.75 |       848.00 |                  8.84 |                    5.00 |     40 |    12.3038 |
|        1 |        125 |           848.00 |       836.75 |       843.28 |                  9.07 |                    5.00 |     40 |    12.3741 |
|        1 |        126 |           848.00 |       836.75 |       843.77 |                 15.53 |                    5.00 |     41 |    12.4202 |
|        1 |        127 |           848.00 |       836.75 |       850.38 |                 20.28 |                    5.00 |     41 |    12.4724 |
|        1 |        128 |           848.00 |       836.75 |       856.23 |                 20.83 |                    5.00 |     41 |    12.5334 |
|        1 |        129 |           848.00 |       836.75 |       875.21 |                  6.78 |                    5.00 |     41 |    12.7583 |
|        1 |        130 |           848.00 |       836.75 |       864.30 |                  5.62 |                    5.00 |     41 |    12.8766 |
|        1 |        131 |           848.00 |       836.75 |       894.40 |                  7.22 |                    5.00 |     41 |    12.9426 |
|        1 |        132 |           848.00 |       836.75 |       838.19 |                  8.10 |                    5.00 |     41 |    13.0304 |
|        1 |        133 |           848.00 |       836.75 |       845.18 |                 10.26 |                    5.00 |     41 |    13.0873 |
|        1 |        134 |           848.00 |       836.75 |       845.11 |                  8.62 |                    5.00 |     41 |    13.1587 |
|        1 |        135 |           848.00 |       836.75 |       845.42 |                 10.08 |                    5.00 |     41 |    13.2119 |
|        1 |        136 |           848.00 |       836.75 |       843.68 |                  9.56 |                    5.00 |     41 |    13.2641 |
|        1 |        137 |           848.00 |       836.75 |       843.37 |                 11.27 |                    5.00 |     41 |    13.3627 |
|        1 |        138 |           848.00 |       836.75 |       841.92 |                 13.17 |                    5.00 |     41 |    13.4380 |
|        1 |        139 |           848.00 |       836.75 |       874.81 |                 12.24 |                    5.00 |     41 |    13.4961 |
|        1 |        140 |           848.00 |       836.75 |       842.95 |                  7.06 |                    5.00 |     41 |    13.6682 |
|        1 |        141 |           848.00 |       836.75 |       839.82 |                  8.59 |                    5.00 |     41 |    13.7366 |
|        1 |        142 |           848.00 |       836.75 |       844.64 |                  8.39 |                    5.00 |     41 |    13.8124 |
|        1 |        143 |           848.00 |       836.75 |       843.25 |                 10.21 |                    5.00 |     41 |    13.8882 |
|        1 |        144 |           848.00 |       836.75 |       842.85 |                 15.80 |                    5.00 |     41 |    13.9396 |
|        1 |        145 |           848.00 |       836.75 |       847.12 |                 12.78 |                    5.00 |     41 |    13.9904 |
|        1 |        146 |           848.00 |       836.75 |       843.78 |                  8.80 |                    5.00 |     41 |    14.0533 |
|        1 |        147 |           848.00 |       836.75 |       841.01 |                  9.97 |                    5.00 |     41 |    14.1318 |
|        1 |        148 |           848.00 |       836.75 |       841.07 |                 11.43 |                    5.00 |     41 |    14.1856 |
|        1 |        149 |           848.00 |       836.75 |       842.66 |                  9.04 |                    5.00 |     41 |    14.2676 |
|        1 |        150 |           848.00 |       836.75 |       843.66 |                 10.26 |                    5.00 |     41 |    14.3210 |
|        1 |        151 |           848.00 |       836.75 |       878.32 |                  8.46 |                    5.00 |     41 |    14.3981 |
|        1 |        152 |           848.00 |       836.75 |       920.50 |                  5.00 |                    5.00 |     41 |    14.4787 |
|        1 |        153 |           848.00 |       836.75 |       840.78 |                 11.87 |                    5.00 |     41 |    14.6300 |
|        1 |        154 |           848.00 |       836.75 |       845.36 |                  9.96 |                    5.00 |     41 |    14.7299 |
|        1 |        155 |           848.00 |       836.75 |       847.02 |                  9.74 |                    5.00 |     41 |    14.7768 |
|        1 |        156 |           848.00 |       836.75 |       844.37 |                  5.26 |                    5.00 |     41 |    14.8897 |
|        1 |        157 |           848.00 |       836.75 |       838.24 |                  8.30 |                    5.00 |     41 |    14.9375 |
|        1 |        158 |           848.00 |       836.75 |       844.58 |                  8.87 |                    5.00 |     41 |    15.0144 |
|        1 |        159 |           848.00 |       836.75 |       843.49 |                  9.57 |                    5.00 |     41 |    15.0731 |
|        1 |        160 |           848.00 |       836.75 |       848.21 |                 17.54 |                    5.00 |     41 |    15.1427 |
|        1 |        161 |           848.00 |       836.75 |       847.23 |                  6.47 |                    5.00 |     41 |    15.2661 |
|        1 |        162 |           848.00 |       836.75 |       840.51 |                 10.86 |                    5.00 |     41 |    15.3117 |
|        1 |        163 |           848.00 |       836.75 |       845.05 |                 10.06 |                    5.00 |     41 |    15.4223 |
|        1 |        164 |           848.00 |       836.75 |       847.21 |                  6.02 |                    5.00 |     41 |    15.5136 |
|        1 |        165 |           848.00 |       836.75 |       837.32 |                  8.76 |                    5.00 |     41 |    15.5847 |
|        1 |        166 |           848.00 |       836.75 |       839.85 |                 12.40 |                    5.00 |     41 |    15.6266 |
|        1 |        167 |           848.00 |       836.75 |       843.40 |                 10.02 |                    5.00 |     41 |    15.6852 |
|        1 |        168 |           848.00 |       836.75 |       841.32 |                  9.50 |                    5.00 |     41 |    15.7511 |
|        1 |        169 |           848.00 |       836.75 |       841.46 |                  5.56 |                    5.00 |     41 |    15.8512 |
|        1 |        170 |           848.00 |       836.75 |       839.70 |                 10.39 |                    5.00 |     41 |    15.9255 |
|        1 |        171 |           848.00 |       836.75 |       847.26 |                 10.35 |                    5.00 |     41 |    15.9925 |
|        1 |        172 |           848.00 |       836.75 |       848.00 |                  6.13 |                    5.00 |     41 |    16.0498 |
|        1 |        173 |           848.00 |       836.75 |       838.18 |                 11.58 |                    5.00 |     41 |    16.1287 |
|        1 |        174 |           848.00 |       836.75 |       843.39 |                  8.68 |                    5.00 |     41 |    16.2565 |
|        1 |        175 |           848.00 |       836.75 |       843.64 |                 10.67 |                    5.00 |     41 |    16.3288 |
|        1 |        176 |           848.00 |       836.75 |       845.64 |                  7.05 |                    5.00 |     41 |    16.3938 |
|        1 |        177 |           848.00 |       836.75 |       842.73 |                 10.92 |                    5.00 |     41 |    16.4362 |
|        1 |        178 |           848.00 |       836.75 |       840.87 |                 17.75 |                    5.00 |     41 |    16.5108 |
|        1 |        179 |           848.00 |       836.75 |       908.50 |                  9.33 |                    5.00 |     43 |    16.5715 |
|        1 |        180 |           848.00 |       836.75 |       894.40 |                  5.00 |                    5.00 |     43 |    16.6671 |
|        1 |        181 |           848.00 |       836.75 |       894.40 |                  5.00 |                    5.00 |     43 |    16.7090 |
|        1 |        182 |           848.00 |       836.75 |       867.40 |                  7.21 |                    5.00 |     43 |    16.7820 |
|        1 |        183 |           848.00 |       836.75 |       872.11 |                 11.27 |                    5.00 |     43 |    16.8413 |
|        1 |        184 |           848.00 |       836.75 |       872.30 |                  9.44 |                    5.00 |     43 |    16.9737 |
|        1 |        185 |           848.00 |       836.75 |       873.75 |                  9.10 |                    5.00 |     43 |    17.0923 |
|        1 |        186 |           848.00 |       836.75 |       873.65 |                  9.90 |                    5.00 |     43 |    17.2144 |
|        1 |        187 |           848.00 |       836.75 |       847.81 |                 40.09 |                    5.00 |     43 |    17.4948 |
|        1 |        188 |           848.00 |       836.75 |       877.22 |                 47.86 |                    5.00 |     43 |    17.5579 |
|        1 |        189 |           848.00 |       836.75 |       879.46 |                 25.39 |                    5.00 |     43 |    17.6258 |
|        1 |        190 |           848.00 |       836.75 |       888.39 |                 22.65 |                    5.00 |     43 |    17.7139 |
|        1 |        191 |           848.00 |       836.75 |       879.20 |                 13.28 |                    5.00 |     45 |    17.8134 |
|        1 |        192 |           848.00 |       836.75 |       879.20 |                  7.95 |                    5.00 |     45 |    17.8898 |
|        1 |        193 |           848.00 |       836.75 |       864.30 |                  7.99 |                    5.00 |     45 |    17.9951 |
|        1 |        194 |           848.00 |       836.75 |       837.30 |                  7.97 |                    5.00 |     45 |    18.1289 |
|        1 |        195 |           848.00 |       836.75 |       871.82 |                  8.86 |                    5.00 |     45 |    18.2520 |
|        1 |        196 |           848.00 |       836.75 |       875.85 |                  8.24 |                    5.00 |     45 |    18.3612 |
|        1 |        197 |           848.00 |       836.75 |       872.16 |                 10.76 |                    5.00 |     45 |    18.4635 |
|        1 |        198 |           848.00 |       836.75 |       845.06 |                  9.21 |                    5.00 |     45 |    18.5822 |
|        1 |        199 |           848.00 |       836.75 |       842.66 |                  9.17 |                    5.00 |     45 |    18.6614 |
|        1 |        200 |           848.00 |       836.75 |       844.60 |                 10.21 |                    5.00 |     45 |    18.8805 |
|        1 |        201 |           848.00 |       836.75 |       847.91 |                  6.42 |                    5.00 |     45 |    18.9652 |
|        1 |        202 |           848.00 |       836.75 |       839.75 |                  7.58 |                    5.00 |     45 |    19.0454 |
|        1 |        203 |           848.00 |       836.75 |       842.44 |                  8.60 |                    5.00 |     45 |    19.1064 |
|        1 |        204 |           848.00 |       836.75 |       846.11 |                  9.76 |                    5.00 |     45 |    19.1658 |
|        1 |        205 |           848.00 |       836.75 |       846.98 |                  6.51 |                    5.00 |     45 |    19.2431 |
|        1 |        206 |           848.00 |       836.75 |       839.08 |                  8.67 |                    5.00 |     45 |    19.3021 |
|        1 |        207 |           848.00 |       836.75 |       844.64 |                 10.88 |                    5.00 |     45 |    19.3526 |
|        1 |        208 |           848.00 |       836.75 |       848.00 |                  8.62 |                    5.00 |     45 |    19.3966 |
|        1 |        209 |           848.00 |       836.75 |       843.86 |                  7.39 |                    5.00 |     45 |    19.4642 |
|        1 |        210 |           848.00 |       836.75 |       841.65 |                  8.82 |                    5.00 |     45 |    19.5378 |
|        1 |        211 |           848.00 |       836.75 |       843.25 |                  9.92 |                    5.00 |     45 |    19.5842 |
|        1 |        212 |           848.00 |       836.75 |       877.23 |                  8.77 |                    5.00 |     45 |    19.6313 |
|        1 |        213 |           848.00 |       836.75 |       864.30 |                  5.52 |                    5.00 |     45 |    19.7059 |
|        1 |        214 |           848.00 |       836.75 |       839.87 |                 11.42 |                    5.00 |     45 |    19.8023 |
|        1 |        215 |           848.00 |       836.75 |       846.35 |                  7.25 |                    5.00 |     45 |    19.8739 |
|        1 |        216 |           848.00 |       836.75 |       841.37 |                  9.37 |                    5.00 |     45 |    19.9350 |
------------------------------------------------------------------------------------------------------------------------------------------------
|  Restart |  Iteration |  Best Feas. Cost |    Best Cost |   Curr. Cost |   Penalty Custom Res. |   Penalty Standard Res. |   Pool |   Time (s) |
------------------------------------------------------------------------------------------------------------------------------------------------
|        1 |        217 |           848.00 |       836.75 |       843.82 |                 10.68 |                    5.10 |     45 |    20.0843 |
|        1 |        218 |           848.00 |       836.75 |       847.18 |                 11.28 |                    5.00 |     45 |    20.1790 |
|        1 |        219 |           848.00 |       836.75 |       843.13 |                 10.33 |                    5.00 |     45 |    20.3201 |
|        1 |        220 |           848.00 |       836.75 |       843.62 |                 11.55 |                    5.00 |     45 |    20.4609 |
|        1 |        221 |           848.00 |       836.75 |       842.89 |                 10.08 |                    5.00 |     45 |    20.5656 |
|        1 |        222 |           848.00 |       836.75 |       843.79 |                  9.55 |                    5.00 |     45 |    20.6534 |
|        1 |        223 |           848.00 |       836.75 |       841.27 |                 12.44 |                    5.00 |     45 |    20.7323 |
|        1 |        224 |           848.00 |       836.75 |       843.38 |                  8.52 |                    5.00 |     45 |    20.8839 |
|        1 |        225 |           848.00 |       836.75 |       843.82 |                  6.80 |                    5.00 |     45 |    20.9812 |
|        1 |        226 |           848.00 |       836.75 |       840.91 |                  9.91 |                    5.00 |     45 |    21.0468 |
|        1 |        227 |           848.00 |       836.75 |       847.51 |                  9.21 |                    5.00 |     45 |    21.1467 |
|        1 |        228 |           848.00 |       836.75 |       843.72 |                 10.95 |                    5.00 |     45 |    21.3728 |
|        1 |        229 |           848.00 |       836.75 |       844.16 |                  7.23 |                    5.00 |     45 |    21.5438 |
|        1 |        230 |           848.00 |       836.75 |       840.24 |                 10.01 |                    5.00 |     45 |    21.6337 |
|        1 |        231 |           848.00 |       836.75 |       844.48 |                  8.48 |                    5.00 |     45 |    21.8393 |
|        1 |        232 |           848.00 |       836.75 |       842.47 |                 10.40 |                    5.00 |     45 |    22.0258 |
|        1 |        233 |           848.00 |       836.75 |       842.82 |                  9.64 |                    5.00 |     45 |    22.1774 |
|        1 |        234 |           848.00 |       836.75 |       846.77 |                 12.46 |                    5.00 |     45 |    22.2472 |
|        1 |        235 |           848.00 |       836.75 |       846.09 |                  6.22 |                    5.00 |     45 |    22.3714 |
|        1 |        236 |           848.00 |       836.75 |       839.73 |                 10.72 |                    5.00 |     45 |    22.5125 |
|        1 |        237 |           848.00 |       836.75 |       843.97 |                 15.44 |                    5.00 |     45 |    22.6372 |
|        1 |        238 |           848.00 |       836.75 |       848.00 |                 10.42 |                    5.00 |     45 |    22.7271 |
|        1 |        239 |           848.00 |       836.75 |       880.72 |                  9.21 |                    5.00 |     45 |    22.8473 |
|        1 |        240 |           848.00 |       836.75 |       878.16 |                  9.76 |                    5.00 |     45 |    22.9392 |
|        1 |        241 |           848.00 |       836.75 |       841.11 |                 12.31 |                    5.00 |     45 |    23.1408 |
|        1 |        242 |           848.00 |       836.75 |       843.31 |                 10.56 |                    5.00 |     45 |    23.2188 |
|        1 |        243 |           848.00 |       836.75 |       843.50 |                 20.95 |                    5.00 |     45 |    23.3270 |
|        1 |        244 |           848.00 |       836.75 |       848.00 |                 12.17 |                    5.00 |     45 |    23.3932 |
|        1 |        245 |           848.00 |       836.75 |       848.00 |                  6.79 |                    5.00 |     45 |    23.4652 |
|        1 |        246 |           848.00 |       836.75 |       840.88 |                 11.74 |                    5.00 |     45 |    23.5331 |
|        1 |        247 |           848.00 |       836.75 |       841.17 |                 17.04 |                    5.00 |     45 |    23.7068 |
|        1 |        248 |           848.00 |       836.75 |       848.00 |                 15.83 |                    5.00 |     45 |    23.7961 |
|        1 |        249 |           848.00 |       836.75 |       844.80 |                 10.55 |                    5.00 |     45 |    23.9614 |
|        1 |        250 |           848.00 |       836.75 |       843.83 |                 11.35 |                    5.00 |     45 |    24.1234 |
|        1 |        251 |           848.00 |       836.75 |       843.54 |                 10.94 |                    5.00 |     45 |    24.2629 |
|        1 |        252 |           848.00 |       836.75 |       844.68 |                 10.58 |                    5.00 |     45 |    24.3510 |
|        1 |        253 |           848.00 |       836.75 |       843.98 |                  9.84 |                    5.00 |     45 |    24.4092 |
|        1 |        254 |           848.00 |       836.75 |       843.95 |                 13.64 |                    5.00 |     45 |    24.4991 |
|        1 |        255 |           848.00 |       836.75 |       847.37 |                 19.18 |                    5.00 |     45 |    24.7204 |
|        1 |        256 |           848.00 |       836.75 |       873.79 |                  6.82 |                    5.00 |     45 |    25.0477 |
|        1 |        257 |           848.00 |       836.75 |       873.07 |                  6.15 |                    5.00 |     45 |    25.1531 |
|        1 |        258 |           848.00 |       836.75 |       897.10 |                  6.54 |                    5.00 |     45 |    25.2369 |
|        1 |        259 |           848.00 |       836.75 |       897.10 |                  5.00 |                    5.00 |     45 |    25.3108 |
|        1 |        260 |           848.00 |       836.75 |       870.10 |                  6.67 |                    5.00 |     45 |    25.3907 |
|        1 |        261 |           848.00 |       836.75 |       873.98 |                  5.00 |                    5.00 |     45 |    25.4944 |
|        1 |        262 |           848.00 |       836.75 |       869.24 |                  7.36 |                    5.00 |     45 |    25.6324 |
|        1 |        263 |           848.00 |       836.75 |       842.56 |                 10.37 |                    5.00 |     45 |    25.8137 |
|        1 |        264 |           848.00 |       836.75 |       873.84 |                 14.79 |                    5.00 |     45 |    25.9413 |
|        1 |        265 |           848.00 |       836.75 |       847.68 |                  9.75 |                    5.00 |     45 |    26.0890 |
|        1 |        266 |           848.00 |       836.75 |       846.19 |                 10.83 |                    5.00 |     45 |    26.2007 |
|        1 |        267 |           848.00 |       836.75 |       847.29 |                 10.37 |                    5.00 |     45 |    26.3067 |
|        1 |        268 |           848.00 |       836.75 |       845.11 |                 10.20 |                    5.00 |     45 |    26.4291 |
|        1 |        269 |           848.00 |       836.75 |       845.11 |                 10.08 |                    5.00 |     45 |    26.4823 |
|        1 |        270 |           848.00 |       836.75 |       845.49 |                  6.01 |                    5.00 |     45 |    26.6094 |
|        1 |        271 |           848.00 |       836.75 |       840.85 |                  5.00 |                    5.00 |     45 |    26.6748 |
|        1 |        272 |           848.00 |       836.75 |       837.81 |                  6.46 |                    5.00 |     45 |    26.7449 |
|        1 |        273 |           848.00 |       836.75 |       842.90 |                 10.09 |                    5.00 |     45 |    26.8446 |
|        1 |        274 |           848.00 |       836.75 |       855.92 |                 12.49 |                    5.00 |     45 |    26.9974 |
|        1 |        275 |           848.00 |       836.75 |       843.48 |                 14.57 |                    5.00 |     45 |    27.1391 |
|        1 |        276 |           848.00 |       836.75 |       848.56 |                 18.46 |                    5.00 |     45 |    27.2193 |
|        1 |        277 |           848.00 |       836.75 |       844.18 |                  9.07 |                    5.00 |     45 |    27.4769 |
|        1 |        278 |           848.00 |       836.75 |       843.13 |                 10.82 |                    5.00 |     45 |    27.5560 |
|        1 |        279 |           848.00 |       836.75 |       843.44 |                  6.85 |                    5.00 |     45 |    27.7288 |
|        1 |        280 |           848.00 |       836.75 |       838.97 |                  8.25 |                    5.00 |     45 |    27.8120 |
|        1 |        281 |           848.00 |       836.75 |       840.77 |                  9.74 |                    5.00 |     45 |    27.8942 |
|        1 |        282 |           848.00 |       836.75 |       874.78 |                 11.16 |                    5.00 |     45 |    27.9787 |
|        1 |        283 |           848.00 |       836.75 |       872.24 |                 11.48 |                    5.00 |     45 |    28.2230 |
|        1 |        284 |           848.00 |       836.75 |       874.03 |                 10.63 |                    5.00 |     45 |    28.3519 |
|        1 |        285 |           848.00 |       836.75 |       878.66 |                  8.02 |                    5.00 |     45 |    28.3874 |
|        1 |        286 |           848.00 |       836.75 |       873.93 |                 11.24 |                    5.00 |     45 |    28.4469 |
|        1 |        287 |           848.00 |       836.75 |       876.12 |                 11.40 |                    5.00 |     45 |    28.5480 |
|        1 |        288 |           848.00 |       836.75 |       839.48 |                 14.80 |                    5.00 |     45 |    28.7128 |
|        1 |        289 |           848.00 |       836.75 |       846.87 |                 12.08 |                    5.00 |     45 |    28.7814 |
|        1 |        290 |           848.00 |       836.75 |       847.24 |                 11.77 |                    5.00 |     45 |    28.8849 |
|        1 |        291 |           848.00 |       836.75 |       847.45 |                 10.01 |                    5.00 |     45 |    28.9381 |
|        1 |        292 |           848.00 |       836.75 |       848.05 |                 12.42 |                    5.00 |     45 |    29.0145 |
|        1 |        293 |           848.00 |       836.75 |       843.53 |                  9.98 |                    5.00 |     45 |    29.1678 |
|        1 |        294 |           848.00 |       836.75 |       844.09 |                  9.25 |                    5.00 |     45 |    29.2774 |
|        1 |        295 |           848.00 |       836.75 |       846.71 |                  9.47 |                    5.00 |     45 |    29.3876 |
|        1 |        296 |           848.00 |       836.75 |       876.20 |                 10.11 |                    5.00 |     45 |    29.4803 |
|        1 |        297 |           848.00 |       836.75 |       872.93 |                 10.78 |                    5.00 |     45 |    29.5774 |
|        1 |        298 |           848.00 |       836.75 |       871.88 |                 10.75 |                    5.00 |     45 |    29.6281 |
|        1 |        299 |           848.00 |       836.75 |       846.90 |                  8.50 |                    5.00 |     45 |    29.7334 |
|        1 |        300 |           848.00 |       836.75 |       844.28 |                 10.44 |                    5.00 |     45 |    29.8057 |
|        1 |        301 |           848.00 |       836.75 |       878.49 |                  7.33 |                    5.00 |     45 |    29.8738 |
|        1 |        302 |           848.00 |       836.75 |       871.93 |                  8.74 |                    5.00 |     45 |    29.9486 |
|        1 |        303 |           848.00 |       836.75 |       848.00 |                 10.20 |                    5.00 |     45 |    30.0594 |
|        1 |        304 |           848.00 |       836.75 |       845.93 |                  9.87 |                    5.00 |     45 |    30.1363 |
|        1 |        305 |           848.00 |       836.75 |       845.82 |                  9.91 |                    5.00 |     45 |    30.2920 |
|        1 |        306 |           848.00 |       836.75 |       843.61 |                 17.82 |                    5.00 |     45 |    30.3660 |
|        1 |        307 |           848.00 |       836.75 |       848.00 |                  9.64 |                    5.00 |     45 |    30.4545 |
|        1 |        308 |           848.00 |       836.75 |       844.13 |                 12.41 |                    5.00 |     45 |    30.5942 |
|        1 |        309 |           848.00 |       836.75 |       847.38 |                 11.28 |                    5.00 |     45 |    30.6922 |
|        1 |        310 |           848.00 |       836.75 |       846.98 |                 11.94 |                    5.00 |     46 |    30.7406 |
|        1 |        311 |           848.00 |       836.75 |       848.15 |                  8.56 |                    5.00 |     46 |    30.7878 |
|        1 |        312 |           848.00 |       836.75 |       844.60 |                 14.65 |                    5.00 |     46 |    30.8407 |
|        1 |        313 |           848.00 |       836.75 |       848.00 |                  9.88 |                    5.00 |     46 |    30.9147 |
|        1 |        314 |           848.00 |       836.75 |       843.76 |                 10.43 |                    5.00 |     46 |    31.0294 |
|        1 |        315 |           848.00 |       836.75 |       846.92 |                  8.33 |                    5.00 |     46 |    31.1244 |
|        1 |        316 |           848.00 |       836.75 |       841.45 |                 11.06 |                    5.00 |     46 |    31.2307 |
|        1 |        317 |           848.00 |       836.75 |       845.81 |                 12.68 |                    5.00 |     46 |    31.2962 |
|        1 |        318 |           848.00 |       836.75 |       876.77 |                 10.85 |                    5.00 |     46 |    31.4015 |
|        1 |        319 |           848.00 |       836.75 |       876.50 |                  8.67 |                    5.00 |     46 |    31.4706 |
|        1 |        320 |           848.00 |       836.75 |       845.77 |                  8.78 |                    5.00 |     46 |    31.5904 |
|        1 |        321 |           848.00 |       836.75 |       840.95 |                  7.30 |                    5.00 |     46 |    31.6721 |
|        1 |        322 |           848.00 |       836.75 |       842.34 |                 13.00 |                    5.00 |     46 |    31.7258 |
|        1 |        323 |           848.00 |       836.75 |       842.99 |                 11.72 |                    5.00 |     46 |    31.7924 |
|        1 |        324 |           848.00 |       836.75 |       844.79 |                  8.80 |                    5.00 |     46 |    31.9008 |
|        1 |        325 |           848.00 |       836.75 |       845.97 |                  8.50 |                    5.00 |     46 |    31.9794 |
|        1 |        326 |           848.00 |       836.75 |       842.06 |                  9.35 |                    5.00 |     46 |    32.0704 |
|        1 |        327 |           848.00 |       836.75 |       847.34 |                 10.93 |                    5.00 |     46 |    32.1382 |
|        1 |        328 |           848.00 |       836.75 |       848.71 |                  7.16 |                    5.00 |     46 |    32.1927 |
|        1 |        329 |           848.00 |       836.75 |       841.61 |                 10.97 |                    5.00 |     46 |    32.2391 |
|        1 |        330 |           848.00 |       836.75 |       843.30 |                 10.37 |                    5.00 |     46 |    32.3396 |
|        1 |        331 |           848.00 |       836.75 |       844.41 |                  7.88 |                    5.00 |     46 |    32.4095 |
|        1 |        332 |           848.00 |       836.75 |       841.85 |                 15.98 |                    5.00 |     46 |    32.4675 |
|        1 |        333 |           848.00 |       836.75 |       890.40 |                  9.28 |                    5.00 |     46 |    32.5220 |
|        1 |        334 |           848.00 |       836.75 |       842.79 |                  9.61 |                    5.00 |     46 |    32.6205 |
|        1 |        335 |           848.00 |       836.75 |       847.09 |                  9.11 |                    5.00 |     46 |    32.6588 |
|        1 |        336 |           848.00 |       836.75 |       874.75 |                 11.27 |                    5.00 |     46 |    32.7828 |
|        1 |        337 |           848.00 |       836.75 |       870.89 |                  5.62 |                    5.00 |     46 |    32.8697 |
|        1 |        338 |           848.00 |       836.75 |       869.58 |                  9.52 |                    5.00 |     46 |    32.9240 |
|        1 |        339 |           848.00 |       836.75 |       843.29 |                  8.47 |                    5.00 |     46 |    33.0495 |
|        1 |        340 |           848.00 |       836.75 |       841.57 |                  6.31 |                    5.00 |     46 |    33.1190 |
|        1 |        341 |           848.00 |       836.75 |       841.80 |                 10.15 |                    5.00 |     46 |    33.1979 |
|        1 |        342 |           848.00 |       836.75 |       848.00 |                  9.62 |                    5.00 |     46 |    33.2510 |
|        1 |        343 |           848.00 |       836.75 |       844.01 |                 14.30 |                    5.00 |     46 |    33.3160 |
|        1 |        344 |           848.00 |       836.75 |       848.00 |                  8.30 |                    5.00 |     46 |    33.3743 |
|        1 |        345 |           848.00 |       836.75 |       843.25 |                 10.41 |                    5.00 |     46 |    33.4360 |
|        1 |        346 |           848.00 |       836.75 |       842.70 |                  7.16 |                    5.00 |     46 |    33.5044 |
|        1 |        347 |           848.00 |       836.75 |       842.36 |                  9.64 |                    5.00 |     46 |    33.5469 |
|        1 |        348 |           848.00 |       836.75 |       843.81 |                 10.88 |                    5.00 |     46 |    33.6943 |
|        1 |        349 |           848.00 |       836.75 |       843.95 |                 11.05 |                    5.00 |     46 |    33.7731 |
|        1 |        350 |           848.00 |       836.75 |       848.96 |                  8.93 |                    5.00 |     46 |    33.8189 |
|        1 |        351 |           848.00 |       836.75 |       843.45 |                 10.35 |                    5.00 |     46 |    33.8697 |
|        1 |        352 |           848.00 |       836.75 |       875.88 |                 10.60 |                    5.00 |     46 |    33.9707 |
|        1 |        353 |           848.00 |       836.75 |       842.61 |                 10.80 |                    5.00 |     46 |    34.1694 |
|        1 |        354 |           848.00 |       836.75 |       845.45 |                 10.41 |                    5.00 |     46 |    34.2967 |
|        1 |        355 |           848.00 |       836.75 |       843.99 |                  9.67 |                    5.00 |     46 |    34.3744 |
|        1 |        356 |           848.00 |       836.75 |       845.83 |                  5.89 |                    5.00 |     46 |    34.4609 |
|        1 |        357 |           848.00 |       836.75 |       839.93 |                  5.59 |                    5.00 |     46 |    34.5147 |
|        1 |        358 |           848.00 |       836.75 |       867.81 |                  9.36 |                    5.00 |     46 |    34.5776 |
|        1 |        359 |           848.00 |       836.75 |       873.22 |                  9.50 |                    5.00 |     46 |    34.6847 |
|        1 |        360 |           848.00 |       836.75 |       872.13 |                  9.85 |                    5.00 |     46 |    34.7486 |
|        1 |        361 |           848.00 |       836.75 |       871.35 |                 15.86 |                    5.00 |     46 |    34.8151 |
|        1 |        362 |           848.00 |       836.75 |       841.27 |                 18.47 |                    5.00 |     46 |    34.9494 |
|        1 |        363 |           848.00 |       836.75 |       848.00 |                 14.29 |                    5.00 |     46 |    35.0536 |
|        1 |        364 |           848.00 |       836.75 |       848.00 |                  8.80 |                    5.00 |     46 |    35.1304 |
|        1 |        365 |           848.00 |       836.75 |       837.30 |                  8.81 |                    5.00 |     46 |    35.2798 |
|        1 |        366 |           848.00 |       836.75 |       843.34 |                 10.90 |                    5.00 |     46 |    35.3933 |
|        1 |        367 |           848.00 |       836.75 |       843.21 |                 12.30 |                    5.00 |     46 |    35.5563 |
|        1 |        368 |           848.00 |       836.75 |       872.76 |                  6.06 |                    5.00 |     46 |    35.6751 |
|        1 |        369 |           848.00 |       836.75 |       870.20 |                  8.32 |                    5.00 |     46 |    35.7380 |
|        1 |        370 |           848.00 |       836.75 |       872.68 |                 12.10 |                    5.00 |     46 |    35.8397 |
|        1 |        371 |           848.00 |       836.75 |       876.60 |                 10.58 |                    5.00 |     46 |    35.9051 |
|        1 |        372 |           848.00 |       836.75 |       874.19 |                 18.29 |                    5.00 |     46 |    35.9531 |
|        1 |        373 |           848.00 |       836.75 |       848.00 |                  9.04 |                    5.00 |     46 |    36.0333 |
|        1 |        374 |           848.00 |       836.75 |       843.49 |                  7.99 |                    5.00 |     46 |    36.1036 |
|        1 |        375 |           848.00 |       836.75 |       871.73 |                 11.06 |                    5.00 |     46 |    36.1777 |
|        1 |        376 |           848.00 |       836.75 |       844.83 |                 10.68 |                    5.00 |     46 |    36.2542 |
|        1 |        377 |           848.00 |       836.75 |       846.00 |                 10.52 |                    5.00 |     46 |    36.3552 |
|        1 |        378 |           848.00 |       836.75 |       842.39 |                 10.16 |                    5.00 |     46 |    36.4337 |
|        1 |        379 |           848.00 |       836.75 |       844.89 |                 10.18 |                    5.00 |     46 |    36.5539 |
|        1 |        380 |           848.00 |       836.75 |       847.67 |                  8.91 |                    5.00 |     46 |    36.6186 |
|        1 |        381 |           848.00 |       836.75 |       843.04 |                  9.80 |                    5.00 |     46 |    36.6849 |
|        1 |        382 |           848.00 |       836.75 |       846.51 |                  9.38 |                    5.00 |     46 |    36.7577 |
|        1 |        383 |           848.00 |       836.75 |       846.25 |                  9.07 |                    5.00 |     46 |    36.8136 |
|        1 |        384 |           848.00 |       836.75 |       844.21 |                 10.09 |                    5.00 |     46 |    36.8772 |
|        1 |        385 |           848.00 |       836.75 |       846.10 |                  7.60 |                    5.00 |     46 |    36.9448 |
|        1 |        386 |           848.00 |       836.75 |       842.04 |                  8.28 |                    5.00 |     46 |    37.0056 |
|        1 |        387 |           848.00 |       836.75 |       864.30 |                  5.00 |                    5.00 |     46 |    37.0679 |
|        1 |        388 |           848.00 |       836.75 |       864.30 |                  5.00 |                    5.00 |     46 |    37.1229 |
|        1 |        389 |           848.00 |       836.75 |       864.30 |                  5.00 |                    5.00 |     46 |    37.1710 |
|        1 |        390 |           848.00 |       836.75 |       837.30 |                  8.05 |                    5.00 |     46 |    37.2732 |
|        1 |        391 |           848.00 |       836.75 |       843.46 |                 13.38 |                    5.00 |     46 |    37.3332 |
|        1 |        392 |           848.00 |       836.75 |       843.15 |                 11.20 |                    5.00 |     46 |    37.4592 |
|        1 |        393 |           848.00 |       836.75 |       924.20 |                  5.32 |                    5.00 |     47 |    37.5297 |
|        1 |        394 |           848.00 |       836.75 |       867.73 |                  7.10 |                    5.00 |     47 |    37.5773 |
|        1 |        395 |           848.00 |       836.75 |       869.98 |                  8.72 |                    5.00 |     47 |    37.6397 |
|        1 |        396 |           848.00 |       836.75 |       845.35 |                  7.01 |                    5.00 |     47 |    37.7910 |
|        1 |        397 |           848.00 |       836.75 |       864.30 |                  5.00 |                    5.00 |     47 |    37.8384 |
|        1 |        398 |           848.00 |       836.75 |       837.30 |                  8.82 |                    5.00 |     47 |    37.9234 |
|        1 |        399 |           848.00 |       836.75 |       843.68 |                 11.10 |                    5.00 |     47 |    38.0802 |
|        1 |        400 |           848.00 |       836.75 |       844.73 |                  9.43 |                    5.00 |     47 |    38.1429 |
|        1 |        401 |           848.00 |       836.75 |       844.35 |                  8.58 |                    5.00 |     47 |    38.2134 |
|        1 |        402 |           848.00 |       836.75 |       844.98 |                  9.45 |                    5.00 |     47 |    38.2759 |
|        1 |        403 |           848.00 |       836.75 |       845.44 |                 11.27 |                    5.00 |     47 |    38.3342 |
|        1 |        404 |           848.00 |       836.75 |       848.52 |                  6.16 |                    5.00 |     47 |    38.3897 |
|        1 |        405 |           848.00 |       836.75 |       837.74 |                 10.44 |                    5.00 |     47 |    38.4434 |
|        1 |        406 |           848.00 |       836.75 |       844.54 |                  5.48 |                    5.00 |     47 |    38.5141 |
|        1 |        407 |           848.00 |       836.75 |       869.12 |                  9.35 |                    5.00 |     47 |    38.6105 |
|        1 |        408 |           848.00 |       836.75 |       876.28 |                  9.22 |                    5.00 |     47 |    38.6605 |
|        1 |        409 |           848.00 |       836.75 |       873.10 |                 11.11 |                    5.00 |     47 |    38.7269 |
|        1 |        410 |           848.00 |       836.75 |       864.30 |                  7.34 |                    5.00 |     47 |    38.8013 |
|        1 |        411 |           848.00 |       836.75 |       837.72 |                  7.53 |                    5.00 |     47 |    38.8869 |
|        1 |        412 |           848.00 |       836.75 |       841.75 |                 10.64 |                    5.00 |     47 |    38.9602 |
|        1 |        413 |           848.00 |       836.75 |       848.00 |                 10.48 |                    5.00 |     47 |    39.0585 |
|        1 |        414 |           848.00 |       836.75 |       848.00 |                  7.29 |                    5.00 |     47 |    39.1030 |
|        1 |        415 |           848.00 |       836.75 |       841.90 |                 15.99 |                    5.00 |     48 |    39.1802 |
|        1 |        416 |           848.00 |       836.75 |       850.39 |                 18.34 |                    5.00 |     48 |    39.2286 |
|        1 |        417 |           848.00 |       836.75 |       853.10 |                 31.38 |                    5.00 |     48 |    39.2764 |
|        1 |        418 |           848.00 |       836.75 |       860.10 |                 15.60 |                    5.00 |     49 |    39.4290 |
|        1 |        419 |           848.00 |       836.75 |       848.00 |                 10.00 |                    5.00 |     49 |    39.5070 |
|        1 |        420 |           848.00 |       836.75 |       864.30 |                  5.00 |                    5.00 |     49 |    39.5681 |
|        1 |        421 |           848.00 |       836.75 |       864.30 |                  6.35 |                    5.00 |     49 |    39.6171 |
|        1 |        422 |           848.00 |       836.75 |       837.30 |                  7.23 |                    5.00 |     49 |    39.7063 |
|        1 |        423 |           848.00 |       836.75 |       845.11 |                 10.42 |                    5.00 |     49 |    39.8202 |
|        1 |        424 |           848.00 |       836.75 |       845.37 |                  9.39 |                    5.00 |     49 |    39.8960 |
|        1 |        425 |           848.00 |       836.75 |       846.64 |                  8.39 |                    5.00 |     49 |    39.9400 |
|        1 |        426 |           848.00 |       836.75 |       844.58 |                  9.62 |                    5.00 |     49 |    39.9916 |
------------------------------------------------------------------------------------------------------------------------------------------------
|  Restart |  Iteration |  Best Feas. Cost |    Best Cost |   Curr. Cost |   Penalty Custom Res. |   Penalty Standard Res. |   Pool |   Time (s) |
------------------------------------------------------------------------------------------------------------------------------------------------
|        1 |        427 |           848.00 |       836.75 |       844.87 |                 10.18 |                    5.00 |     49 |    40.0401 |
|        1 |        428 |           848.00 |       836.75 |       841.24 |                 11.39 |                    5.00 |     49 |    40.1636 |
|        1 |        429 |           848.00 |       836.75 |       842.12 |                 10.77 |                    5.00 |     49 |    40.2656 |
|        1 |        430 |           848.00 |       836.75 |       842.32 |                 10.41 |                    5.00 |     49 |    40.3311 |
|        1 |        431 |           848.00 |       836.75 |       842.16 |                 10.27 |                    5.00 |     49 |    40.3927 |
|        1 |        432 |           848.00 |       836.75 |       842.01 |                 10.13 |                    5.00 |     49 |    40.4534 |
|        1 |        433 |           848.00 |       836.75 |       841.13 |                  7.79 |                    5.00 |     49 |    40.5048 |
|        1 |        434 |           848.00 |       836.75 |       843.18 |                  9.57 |                    5.00 |     49 |    40.5773 |
|        1 |        435 |           848.00 |       836.75 |       840.57 |                  7.61 |                    5.00 |     49 |    40.7255 |
|        1 |        436 |           848.00 |       836.75 |       839.32 |                 10.44 |                    5.00 |     49 |    40.7886 |
|        1 |        437 |           848.00 |       836.75 |       848.00 |                 10.39 |                    5.00 |     49 |    40.8632 |
|        1 |        438 |           848.00 |       836.75 |       844.13 |                  7.29 |                    5.00 |     49 |    40.9326 |
|        1 |        439 |           848.00 |       836.75 |       840.62 |                  8.52 |                    5.00 |     49 |    41.0101 |
|        1 |        440 |           848.00 |       836.75 |       843.49 |                 10.89 |                    5.00 |     49 |    41.0925 |
|        1 |        441 |           848.00 |       836.75 |       848.00 |                  5.66 |                    5.00 |     49 |    41.1621 |
|        1 |        442 |           848.00 |       836.75 |       839.31 |                  7.84 |                    5.00 |     49 |    41.2266 |
|        1 |        443 |           848.00 |       836.75 |       842.06 |                  9.25 |                    5.00 |     49 |    41.3110 |
|        1 |        444 |           848.00 |       836.75 |       845.25 |                 10.50 |                    5.00 |     49 |    41.3650 |
|        1 |        445 |           848.00 |       836.75 |       848.00 |                  8.31 |                    5.00 |     49 |    41.4283 |
|        1 |        446 |           848.00 |       836.75 |       843.42 |                  9.42 |                    5.00 |     49 |    41.5056 |
|        1 |        447 |           848.00 |       836.75 |       841.30 |                 11.82 |                    5.00 |     49 |    41.5626 |
|        1 |        448 |           848.00 |       836.75 |       848.00 |                  5.45 |                    5.00 |     49 |    41.6393 |
|        1 |        449 |           848.00 |       836.75 |       837.65 |                 11.13 |                    5.00 |     49 |    41.7261 |
|        1 |        450 |           848.00 |       836.75 |       844.08 |                  5.00 |                    5.00 |     49 |    41.8313 |
|        1 |        451 |           848.00 |       836.75 |       838.02 |                  5.79 |                    5.00 |     49 |    41.8856 |
|        1 |        452 |           848.00 |       836.75 |       837.77 |                  5.38 |                    5.00 |     49 |    41.9401 |
|        1 |        453 |           848.00 |       836.75 |       839.07 |                  8.76 |                    5.00 |     49 |    41.9863 |
|        1 |        454 |           848.00 |       836.75 |       873.57 |                 16.39 |                    5.00 |     49 |    42.0403 |
|        1 |        455 |           848.00 |       836.75 |       878.10 |                 10.19 |                    5.00 |     49 |    42.1193 |
|        1 |        456 |           848.00 |       836.75 |       873.57 |                 10.14 |                    5.00 |     49 |    42.2113 |
|        1 |        457 |           848.00 |       836.75 |       873.98 |                  8.87 |                    5.00 |     49 |    42.2826 |
|        1 |        458 |           848.00 |       836.75 |       876.04 |                  8.84 |                    5.00 |     49 |    42.3307 |
|        1 |        459 |           848.00 |       836.75 |       869.82 |                  9.23 |                    5.00 |     49 |    42.4436 |
|        1 |        460 |           848.00 |       836.75 |       875.86 |                  9.21 |                    5.00 |     49 |    42.4864 |
|        1 |        461 |           848.00 |       836.75 |       848.34 |                  9.19 |                    5.00 |     49 |    42.6791 |
|        1 |        462 |           848.00 |       836.75 |       840.36 |                 10.52 |                    5.00 |     49 |    42.7702 |
|        1 |        463 |           848.00 |       836.75 |       841.52 |                 10.80 |                    5.00 |     49 |    42.8291 |
|        1 |        464 |           848.00 |       836.75 |       848.00 |                  9.52 |                    5.00 |     49 |    42.9412 |
|        1 |        465 |           848.00 |       836.75 |       843.02 |                 11.34 |                    5.00 |     49 |    43.0232 |
|        1 |        466 |           848.00 |       836.75 |       841.89 |                 15.56 |                    5.00 |     49 |    43.0974 |
|        1 |        467 |           848.00 |       836.75 |       848.00 |                  8.17 |                    5.00 |     49 |    43.1669 |
|        1 |        468 |           848.00 |       836.75 |       843.31 |                 10.88 |                    5.00 |     49 |    43.2266 |
|        1 |        469 |           848.00 |       836.75 |       847.38 |                 10.52 |                    5.00 |     49 |    43.2919 |
|        1 |        470 |           848.00 |       836.75 |       846.72 |                  9.97 |                    5.00 |     49 |    43.3657 |
|        1 |        471 |           848.00 |       836.75 |       847.24 |                  8.30 |                    5.00 |     49 |    43.4195 |
|        1 |        472 |           848.00 |       836.75 |       843.73 |                  9.41 |                    5.00 |     49 |    43.4981 |
|        1 |        473 |           848.00 |       836.75 |       844.47 |                 10.76 |                    5.00 |     49 |    43.5925 |
|        1 |        474 |           848.00 |       836.75 |       843.52 |                  9.38 |                    5.00 |     49 |    43.7107 |
|        1 |        475 |           848.00 |       836.75 |       845.87 |                  7.04 |                    5.00 |     49 |    43.8309 |
|        1 |        476 |           848.00 |       836.75 |       842.04 |                 10.69 |                    5.00 |     49 |    43.8865 |
|        1 |        477 |           848.00 |       836.75 |       846.34 |                 15.56 |                    5.00 |     49 |    43.9568 |
|        1 |        478 |           848.00 |       836.75 |       848.00 |                 14.15 |                    5.00 |     49 |    44.0417 |
|        1 |        479 |           848.00 |       836.75 |       844.76 |                  9.91 |                    5.00 |     49 |    44.1493 |
|        1 |        480 |           848.00 |       836.75 |       841.03 |                  9.05 |                    5.00 |     49 |    44.3296 |
|        1 |        481 |           848.00 |       836.75 |       843.49 |                 14.87 |                    5.00 |     49 |    44.3794 |
|        1 |        482 |           848.00 |       836.75 |       848.00 |                 12.23 |                    5.00 |     49 |    44.4813 |
|        1 |        483 |           848.00 |       836.75 |       840.80 |                  8.84 |                    5.00 |     49 |    44.5518 |
|        1 |        484 |           848.00 |       836.75 |       840.09 |                 10.01 |                    5.00 |     49 |    44.6521 |
|        1 |        485 |           848.00 |       836.75 |       871.11 |                 11.25 |                    5.00 |     49 |    44.7047 |
|        1 |        486 |           848.00 |       836.75 |       872.70 |                 10.05 |                    5.00 |     49 |    44.7659 |
|        1 |        487 |           848.00 |       836.75 |       874.56 |                 10.63 |                    5.00 |     49 |    44.8318 |
|        1 |        488 |           848.00 |       836.75 |       875.07 |                  9.69 |                    5.00 |     49 |    44.8822 |
|        1 |        489 |           848.00 |       836.75 |       843.60 |                 15.18 |                    5.00 |     49 |    45.0672 |
|        1 |        490 |           848.00 |       836.75 |       877.08 |                 12.62 |                    5.00 |     49 |    45.1441 |
|        1 |        491 |           848.00 |       836.75 |       876.62 |                  9.21 |                    5.00 |     49 |    45.2354 |
|        1 |        492 |           848.00 |       836.75 |       870.09 |                  9.34 |                    5.00 |     49 |    45.3524 |
|        1 |        493 |           848.00 |       836.75 |       874.29 |                  7.10 |                    5.00 |     49 |    45.4283 |
|        1 |        494 |           848.00 |       836.75 |       871.60 |                 10.66 |                    5.00 |     49 |    45.4953 |
|        1 |        495 |           848.00 |       836.75 |       843.11 |                  8.62 |                    5.00 |     49 |    45.7055 |
|        1 |        496 |           848.00 |       836.75 |       844.87 |                 11.71 |                    5.00 |     49 |    45.7665 |
|        1 |        497 |           848.00 |       836.75 |       839.92 |                 10.97 |                    5.00 |     49 |    45.8458 |
|        1 |        498 |           848.00 |       836.75 |       839.92 |                  9.80 |                    5.00 |     49 |    45.8990 |
|        1 |        499 |           848.00 |       836.75 |       847.29 |                  9.03 |                    5.00 |     49 |    45.9439 |
|        1 |        500 |           848.00 |       836.75 |       843.46 |                 10.04 |                    5.00 |     49 |    46.0136 |
------------------------------------------------------------------------------------------------------------------------------------------------
Version identifier: 22.1.2.0 | 2024-11-26 | 0edbb82fd
CPXPARAM_MIP_Tolerances_UpperCutoff              848.09999999999832
Tried aggregator 2 times.
MIP Presolve eliminated 80 rows and 14 columns.
MIP Presolve modified 47 coefficients.
Aggregator did 1 substitutions.
Reduced MIP has 20 rows, 34 columns, and 128 nonzeros.
Reduced MIP has 34 binaries, 0 generals, 0 SOSs, and 0 indicators.
Presolve time = 0.00 sec. (0.25 ticks)
Probing time = 0.00 sec. (0.09 ticks)
Tried aggregator 1 time.
MIP Presolve eliminated 8 rows and 11 columns.
Reduced MIP has 12 rows, 23 columns, and 68 nonzeros.
Reduced MIP has 23 binaries, 0 generals, 0 SOSs, and 0 indicators.
Presolve time = 0.00 sec. (0.05 ticks)
Probing time = 0.00 sec. (0.03 ticks)
Tried aggregator 3 times.
MIP Presolve eliminated 2 rows and 6 columns.
Aggregator did 2 substitutions.
Reduced MIP has 8 rows, 15 columns, and 48 nonzeros.
Reduced MIP has 15 binaries, 0 generals, 0 SOSs, and 0 indicators.
Presolve time = 0.00 sec. (0.05 ticks)
Probing time = 0.00 sec. (0.02 ticks)
Tried aggregator 1 time.
MIP Presolve eliminated 1 rows and 1 columns.
Reduced MIP has 7 rows, 14 columns, and 42 nonzeros.
Reduced MIP has 14 binaries, 0 generals, 0 SOSs, and 0 indicators.
Presolve time = 0.00 sec. (0.03 ticks)
Probing time = 0.00 sec. (0.02 ticks)
Clique table members: 19.
MIP emphasis: balance optimality and feasibility.
MIP search method: dynamic search.
Parallel mode: deterministic, using up to 8 threads.
Root relaxation solution time = 0.00 sec. (0.01 ticks)

        Nodes                                         Cuts/
   Node  Left     Objective  IInf  Best Integer    Best Bound    ItCnt     Gap

*     0     0      integral     0      848.0000      848.0000        5    0.00%
Elapsed time = 0.00 sec. (0.69 ticks, tree = 0.00 MB, solutions = 1)
objective_value(sp) = 848.0
 49.315660 seconds (6.84 M allocations: 340.447 MiB, 0.13% gc time, 7.55% compilation time)
#1: 0 (0.0) {31.0} -> 32 (30.0) {62.6} [31.0, 170.0] -> 33 (70.0) {154.6} [52.0, 193.0] -> 31 (90.0) {249.9} [181.0, 256.0] -> 35 (100.0) {344.9} [252.0, 375.0] -> 37 (120.0) {440.7} [357.0, 460.0] -> 38 (150.0) {532.7} [457.0, 544.0] -> 39 (170.0) {627.7} [538.0, 653.0] -> 36 (180.0) {722.7} [639.0, 742.0] -> 34 (200.0) {815.7} [719.0, 848.0] -> 0 (200.0) {938.0} [0.0, 1236.0]
#2: 0 (0.0) {36.0} -> 20 (10.0) {46.0} [10.0, 137.0] -> 24 (20.0) {141.0} [25.0, 184.0] -> 25 (60.0) {233.0} [142.0, 251.0] -> 27 (70.0) {325.0} [234.0, 343.0] -> 29 (80.0) {418.6} [335.0, 428.0] -> 30 (90.0) {513.6} [422.0, 531.0] -> 28 (110.0) {606.6} [523.0, 616.0] -> 26 (120.0) {698.6} [582.0, 741.0] -> 23 (130.0) {791.6} [709.0, 800.0] -> 22 (150.0) {884.6} [776.0, 919.0] -> 21 (170.0) {976.6} [888.0, 991.0] -> 0 (170.0) {1076.7} [0.0, 1236.0]
#3: 0 (0.0) {41.0} -> 57 (40.0) {76.0} [35.0, 140.0] -> 55 (50.0) {168.0} [63.0, 190.0] -> 54 (90.0) {263.0} [150.0, 293.0] -> 53 (110.0) {358.3} [255.0, 378.0] -> 56 (140.0) {452.3} [359.0, 462.0] -> 58 (170.0) {544.3} [439.0, 566.0] -> 60 (190.0) {637.3} [529.0, 662.0] -> 59 (200.0) {737.7} [607.0, 784.0] -> 0 (200.0) {862.7} [0.0, 1236.0]
#4: 0 (0.0) {40.0} -> 98 (20.0) {70.8} [30.0, 139.0] -> 96 (30.0) {166.1} [64.0, 187.0] -> 95 (60.0) {258.1} [174.0, 261.0] -> 94 (70.0) {351.7} [260.0, 361.0] -> 92 (90.0) {445.3} [331.0, 478.0] -> 93 (130.0) {537.3} [453.0, 540.0] -> 97 (160.0) {632.3} [531.0, 652.0] -> 100 (180.0) {727.3} [608.0, 765.0] -> 99 (190.0) {822.3} [705.0, 858.0] -> 0 (190.0) {945.8} [0.0, 1236.0]
#5: 0 (0.0) {27.0} -> 13 (30.0) {57.8} [30.0, 155.0] -> 17 (50.0) {151.8} [75.0, 172.0] -> 18 (70.0) {244.8} [142.0, 291.0] -> 19 (80.0) {339.8} [244.0, 379.0] -> 15 (120.0) {434.8} [362.0, 451.0] -> 16 (160.0) {529.8} [448.0, 555.0] -> 14 (170.0) {621.8} [541.0, 646.0] -> 12 (190.0) {714.8} [617.0, 756.0] -> 0 (190.0) {842.8} [0.0, 1236.0]
#6: 0 (0.0) {40.0} -> 90 (10.0) {60.6} [20.0, 148.0] -> 87 (30.0) {155.6} [56.0, 173.0] -> 86 (40.0) {246.6} [141.0, 270.0] -> 83 (50.0) {342.6} [228.0, 375.0] -> 82 (70.0) {435.6} [344.0, 445.0] -> 84 (90.0) {531.4} [425.0, 556.0] -> 85 (120.0) {624.2} [527.0, 640.0] -> 88 (150.0) {717.2} [614.0, 739.0] -> 89 (160.0) {810.0} [705.0, 834.0] -> 91 (170.0) {903.6} [809.0, 916.0] -> 0 (170.0) {1015.9} [0.0, 1236.0]
#7: 0 (0.0) {42.0} -> 43 (10.0) {58.5} [16.0, 144.0] -> 42 (30.0) {151.5} [27.0, 190.0] -> 41 (40.0) {243.5} [132.0, 269.0] -> 40 (50.0) {335.5} [236.0, 349.0] -> 44 (60.0) {428.5} [332.0, 439.0] -> 46 (90.0) {521.3} [417.0, 540.0] -> 45 (100.0) {613.3} [512.0, 629.0] -> 48 (110.0) {705.3} [601.0, 724.0] -> 51 (120.0) {798.3} [695.0, 816.0] -> 50 (130.0) {890.5} [783.0, 912.0] -> 52 (140.0) {983.6} [883.0, 998.0] -> 49 (150.0) {1076.6} [969.0, 1098.0] -> 0 (150.0) {1185.8} [0.0, 1236.0]
#8: 0 (0.0) {36.0} -> 67 (10.0) {48.2} [12.0, 143.0] -> 65 (20.0) {139.2} [50.0, 155.0] -> 63 (70.0) {231.2} [147.0, 242.0] -> 62 (90.0) {326.2} [235.0, 344.0] -> 74 (140.0) {419.2} [323.0, 442.0] -> 72 (150.0) {514.2} [422.0, 533.0] -> 61 (160.0) {607.2} [491.0, 650.0] -> 64 (170.0) {699.2} [601.0, 724.0] -> 68 (180.0) {792.2} [712.0, 799.0] -> 66 (190.0) {887.5} [802.0, 899.0] -> 0 (190.0) {994.0} [0.0, 1236.0]
#9: 0 (0.0) {41.0} -> 81 (30.0) {88.4} [47.0, 201.0] -> 78 (50.0) {181.4} [78.0, 201.0] -> 76 (60.0) {273.4} [175.0, 288.0] -> 71 (80.0) {368.4} [260.0, 393.0] -> 70 (110.0) {463.4} [353.0, 490.0] -> 73 (120.0) {556.4} [442.0, 587.0] -> 77 (130.0) {650.4} [539.0, 678.0] -> 79 (140.0) {741.4} [636.0, 763.0] -> 80 (150.0) {836.7} [744.0, 845.0] -> 69 (160.0) {967.9} [889.0, 996.0] -> 47 (170.0) {1072.9} [982.0, 1127.0] -> 0 (170.0) {1180.9} [0.0, 1236.0]
#10: 0 (0.0) {30.0} -> 5 (10.0) {45.1} [15.0, 120.0] -> 3 (20.0) {136.1} [25.0, 186.0] -> 7 (40.0) {228.1} [142.0, 253.0] -> 8 (60.0) {320.9} [220.0, 359.0] -> 10 (70.0) {414.5} [331.0, 436.0] -> 11 (80.0) {507.5} [420.0, 533.0] -> 9 (90.0) {600.6} [499.0, 640.0] -> 6 (110.0) {692.8} [580.0, 743.0] -> 4 (120.0) {785.0} [699.0, 810.0] -> 2 (150.0) {878.6} [802.0, 893.0] -> 1 (160.0) {970.6} [885.0, 994.0] -> 75 (180.0) {1063.6} [962.0, 1103.0] -> 0 (180.0) {1169.4} [0.0, 1236.0]

Dist: 848.0. Cost: 848.0

Root node processing (before b&c):
  Real time             =    0.00 sec. (0.69 ticks)
Parallel b&c, 8 threads:
  Real time             =    0.00 sec. (0.00 ticks)
  Sync time (average)   =    0.00 sec.
  Wait time (average)   =    0.00 sec.
                          ------------
Total (root+branch&cut) =    0.00 sec. (0.69 ticks)
