Solving instance /mnt/c/Users/bruno.mattos/OneDrive - americanas s.a/Documentos/GitHub/GenericILS/TWRD/100/C107_100_010.vrptwrd...
------------------------------------------------------------------------------------------------------------------------------------------------
|  Restart |  Iteration |  Best Feas. Cost |    Best Cost |   Curr. Cost |   Penalty Custom Res. |   Penalty Standard Res. |   Pool |   Time (s) |
------------------------------------------------------------------------------------------------------------------------------------------------
|        1 |          1 |           892.10 |       892.10 |       895.80 |                 19.63 |                   18.86 |     13 |     0.1667 |
|        1 |          2 |           892.10 |       847.23 |       847.23 |                  9.73 |                    5.00 |     14 |     0.7611 |
|        1 |          3 |           892.10 |       846.17 |       846.17 |                  7.40 |                    5.00 |     14 |     0.8281 |
|        1 |          4 |           892.10 |       846.17 |       872.35 |                  8.48 |                    5.00 |     16 |     0.9009 |
|        1 |          0 |           848.00 |       846.17 |       848.00 |                  9.51 |                    5.00 |     19 |     1.0004 |
|        1 |          1 |           848.00 |       846.17 |       846.94 |                  8.86 |                    5.00 |     19 |     1.1748 |
|        1 |          2 |           848.00 |       843.61 |       843.61 |                  6.72 |                    5.00 |     19 |     1.2757 |
|        1 |          3 |           848.00 |       837.33 |       837.33 |                  6.89 |                    5.00 |     19 |     1.3635 |
|        1 |          4 |           848.00 |       837.33 |       872.47 |                 10.15 |                    5.00 |     19 |     1.4100 |
|        1 |          5 |           848.00 |       837.33 |       872.94 |                 12.41 |                    5.00 |     19 |     1.5535 |
|        1 |          6 |           848.00 |       837.33 |       842.75 |                  5.32 |                    5.00 |     19 |     1.6729 |
|        1 |          7 |           848.00 |       837.33 |       838.47 |                  7.44 |                    5.00 |     19 |     1.7571 |
|        1 |          8 |           848.00 |       837.33 |       840.61 |                  9.62 |                    5.00 |     19 |     1.8128 |
|        1 |          9 |           848.00 |       837.33 |       873.57 |                  8.91 |                    5.00 |     19 |     1.9346 |
|        1 |         10 |           848.00 |       837.33 |       875.94 |                  8.96 |                    5.00 |     19 |     2.0134 |
|        1 |         11 |           848.00 |       837.33 |       872.66 |                  9.76 |                    5.00 |     19 |     2.0928 |
|        1 |         12 |           848.00 |       837.33 |       847.37 |                  8.87 |                    5.00 |     19 |     2.1792 |
|        1 |         13 |           848.00 |       837.33 |       846.91 |                 10.48 |                    5.00 |     19 |     2.2599 |
|        1 |         14 |           848.00 |       837.33 |       843.92 |                 11.37 |                    5.00 |     20 |     2.4042 |
|        1 |         15 |           848.00 |       837.33 |       845.12 |                 17.26 |                    5.00 |     20 |     2.4610 |
|        1 |         16 |           848.00 |       837.33 |       844.84 |                  8.40 |                    5.00 |     20 |     2.6366 |
|        1 |         17 |           848.00 |       837.33 |       844.44 |                 11.08 |                    5.00 |     20 |     2.6898 |
|        1 |         18 |           848.00 |       837.33 |       845.80 |                  8.59 |                    5.00 |     20 |     2.7694 |
|        1 |         19 |           848.00 |       837.33 |       842.07 |                 10.55 |                    5.00 |     20 |     2.8545 |
|        1 |         20 |           848.00 |       837.33 |       843.53 |                  6.30 |                    5.00 |     20 |     2.9564 |
|        1 |         21 |           848.00 |       837.33 |       838.80 |                  8.82 |                    5.00 |     20 |     3.0228 |
|        1 |         22 |           848.00 |       837.33 |       844.58 |                  8.79 |                    5.00 |     20 |     3.0826 |
|        1 |         23 |           848.00 |       837.33 |       842.27 |                  7.61 |                    5.00 |     20 |     3.1452 |
|        1 |         24 |           848.00 |       837.33 |       841.63 |                 10.13 |                    5.00 |     20 |     3.2160 |
|        1 |         25 |           848.00 |       837.33 |       845.97 |                  7.69 |                    5.00 |     20 |     3.3234 |
|        1 |         26 |           848.00 |       837.33 |       842.31 |                 14.81 |                    5.00 |     20 |     3.4129 |
|        1 |         27 |           848.00 |       837.33 |       848.81 |                 13.20 |                    5.00 |     20 |     3.4874 |
|        1 |         28 |           848.00 |       837.33 |       848.94 |                 11.68 |                    5.00 |     21 |     3.5377 |
|        1 |         29 |           848.00 |       837.33 |       845.75 |                  9.02 |                    5.00 |     21 |     3.6922 |
|        1 |         30 |           848.00 |       837.33 |       875.90 |                  5.08 |                    5.00 |     24 |     3.7508 |
|        1 |         31 |           848.00 |       837.33 |       845.81 |                  9.27 |                    5.00 |     25 |     3.8403 |
|        1 |         32 |           848.00 |       837.33 |       844.35 |                 10.80 |                    5.00 |     25 |     3.9639 |
|        1 |         33 |           848.00 |       837.33 |       847.77 |                  8.02 |                    5.00 |     25 |     4.1053 |
|        1 |         34 |           848.00 |       837.33 |       843.34 |                  9.55 |                    5.00 |     25 |     4.2021 |
|        1 |         35 |           848.00 |       837.33 |       840.54 |                 12.85 |                    5.00 |     25 |     4.2694 |
|        1 |         36 |           848.00 |       837.33 |       844.37 |                 11.36 |                    5.00 |     25 |     4.3201 |
|        1 |         37 |           848.00 |       837.33 |       848.00 |                  9.08 |                    5.00 |     25 |     4.3882 |
|        1 |         38 |           848.00 |       837.33 |       843.24 |                 11.28 |                    5.00 |     25 |     4.4603 |
|        1 |         39 |           848.00 |       837.33 |       843.27 |                 11.30 |                    5.00 |     25 |     4.6102 |
|        1 |         40 |           848.00 |       837.33 |       846.35 |                  9.40 |                    5.00 |     25 |     4.7049 |
|        1 |         41 |           848.00 |       837.33 |       843.76 |                 10.12 |                    5.00 |     25 |     4.8689 |
|        1 |         42 |           848.00 |       837.33 |       846.94 |                 10.60 |                    5.00 |     25 |     4.9489 |
|        1 |         43 |           848.00 |       837.33 |       847.42 |                 10.76 |                    5.00 |     25 |     5.0579 |
|        1 |         44 |           848.00 |       837.33 |       878.10 |                  5.83 |                    5.00 |     25 |     5.1231 |
|        1 |         45 |           848.00 |       837.33 |       866.86 |                  9.87 |                    5.00 |     25 |     5.1988 |
|        1 |         46 |           848.00 |       837.33 |       871.16 |                 10.54 |                    5.00 |     26 |     5.2718 |
|        1 |         47 |           848.00 |       837.33 |       871.85 |                  8.35 |                    5.00 |     26 |     5.3204 |
|        1 |         48 |           848.00 |       837.33 |       894.40 |                  8.16 |                    5.00 |     28 |     5.3881 |
|        1 |         49 |           848.00 |       837.33 |       872.31 |                 10.65 |                    5.00 |     28 |     5.4512 |
|        1 |         50 |           848.00 |       837.33 |       873.38 |                  9.94 |                    5.00 |     28 |     5.6246 |
|        1 |         51 |           848.00 |       837.33 |       872.18 |                 10.00 |                    5.00 |     28 |     5.7061 |
|        1 |         52 |           848.00 |       837.33 |       871.51 |                 10.69 |                    5.00 |     28 |     5.7722 |
|        1 |         53 |           848.00 |       837.33 |       871.68 |                  7.97 |                    5.00 |     28 |     5.8478 |
|        1 |         54 |           848.00 |       837.33 |       868.99 |                 11.38 |                    5.00 |     28 |     5.9131 |
|        1 |         55 |           848.00 |       837.33 |       842.97 |                 11.19 |                    5.00 |     28 |     6.0250 |
|        1 |         56 |           848.00 |       837.33 |       873.31 |                 14.45 |                    5.00 |     29 |     6.1230 |
|        1 |         57 |           848.00 |       837.33 |       848.00 |                  9.45 |                    5.00 |     29 |     6.2055 |
|        1 |         58 |           848.00 |       837.33 |       843.39 |                 10.61 |                    5.00 |     29 |     6.2916 |
|        1 |         59 |           848.00 |       837.33 |       846.09 |                 10.35 |                    5.00 |     29 |     6.3700 |
|        1 |         60 |           848.00 |       837.33 |       845.62 |                 10.30 |                    5.00 |     29 |     6.4608 |
|        1 |         61 |           848.00 |       837.33 |       845.72 |                  9.75 |                    5.00 |     29 |     6.5449 |
|        1 |         62 |           848.00 |       837.33 |       846.41 |                  9.44 |                    5.00 |     29 |     6.5897 |
|        1 |         63 |           848.00 |       837.33 |       844.07 |                 10.11 |                    5.00 |     29 |     6.7826 |
|        1 |         64 |           848.00 |       837.33 |       843.81 |                 10.78 |                    5.00 |     29 |     6.8766 |
|        1 |         65 |           848.00 |       837.33 |       841.23 |                 10.00 |                    5.00 |     29 |     6.9914 |
|        1 |         66 |           848.00 |       837.33 |       841.51 |                  8.66 |                    5.00 |     29 |     7.0604 |
|        1 |         67 |           848.00 |       837.33 |       840.01 |                  9.35 |                    5.00 |     29 |     7.1245 |
|        1 |         68 |           848.00 |       837.33 |       841.12 |                  8.02 |                    5.00 |     29 |     7.1804 |
|        1 |         69 |           848.00 |       837.33 |       839.77 |                 17.43 |                    5.00 |     29 |     7.2520 |
|        1 |         70 |           848.00 |       837.33 |       845.95 |                  9.21 |                    5.00 |     29 |     7.3890 |
|        1 |         71 |           848.00 |       837.33 |       838.43 |                  7.80 |                    5.00 |     29 |     7.4792 |
|        1 |         72 |           848.00 |       837.33 |       843.37 |                 13.48 |                    5.00 |     29 |     7.5528 |
|        1 |         73 |           848.00 |       837.33 |       848.00 |                  9.65 |                    5.00 |     29 |     7.6229 |
|        1 |         74 |           848.00 |       837.33 |       841.87 |                 10.82 |                    5.00 |     29 |     7.7396 |
|        1 |         75 |           848.00 |       837.33 |       844.45 |                  8.81 |                    5.00 |     29 |     7.8354 |
|        1 |         76 |           848.00 |       837.33 |       844.40 |                 10.21 |                    5.00 |     29 |     7.8870 |
|        1 |         77 |           848.00 |       837.33 |       847.92 |                 10.18 |                    5.00 |     29 |     7.9348 |
|        1 |         78 |           848.00 |       837.33 |       842.19 |                 11.52 |                    5.00 |     29 |     8.0426 |
|        1 |         79 |           848.00 |       837.33 |       848.00 |                  8.18 |                    5.00 |     29 |     8.0973 |
|        1 |         80 |           848.00 |       837.33 |       838.43 |                  6.99 |                    5.00 |     29 |     8.2300 |
|        1 |         81 |           848.00 |       837.33 |       840.81 |                  9.22 |                    5.00 |     29 |     8.2769 |
|        1 |         82 |           848.00 |       837.33 |       843.28 |                  9.56 |                    5.00 |     29 |     8.3384 |
|        1 |         83 |           848.00 |       837.33 |       841.86 |                  9.60 |                    5.00 |     29 |     8.4357 |
|        1 |         84 |           848.00 |       837.33 |       844.14 |                  9.85 |                    5.00 |     29 |     8.5166 |
|        1 |         85 |           848.00 |       837.33 |       843.45 |                 14.50 |                    5.00 |     29 |     8.5698 |
|        1 |         86 |           848.00 |       837.33 |       848.00 |                  8.42 |                    5.00 |     29 |     8.6366 |
|        1 |         87 |           848.00 |       837.33 |       843.32 |                  8.92 |                    5.00 |     29 |     8.6855 |
|        1 |         88 |           848.00 |       837.33 |       845.14 |                 10.34 |                    5.00 |     29 |     8.7314 |
|        1 |         89 |           848.00 |       837.33 |       839.54 |                  8.16 |                    5.00 |     29 |     8.8557 |
|        1 |         90 |           848.00 |       837.33 |       842.68 |                  8.12 |                    5.00 |     29 |     8.9454 |
|        1 |         91 |           848.00 |       837.33 |       842.46 |                  9.97 |                    5.00 |     29 |     9.0274 |
|        1 |         92 |           848.00 |       837.33 |       844.75 |                 10.84 |                    5.00 |     29 |     9.1436 |
|        1 |         93 |           848.00 |       837.33 |       842.54 |                 10.05 |                    5.00 |     29 |     9.2447 |
|        1 |         94 |           848.00 |       837.33 |       844.77 |                 11.07 |                    5.00 |     29 |     9.3318 |
|        1 |         95 |           848.00 |       837.33 |       844.70 |                  6.95 |                    5.00 |     29 |     9.4634 |
|        1 |         96 |           848.00 |       837.33 |       842.49 |                  9.07 |                    5.00 |     29 |     9.5291 |
|        1 |         97 |           848.00 |       837.33 |       844.18 |                 10.06 |                    5.00 |     29 |     9.6433 |
|        1 |         98 |           848.00 |       837.33 |       846.16 |                  9.82 |                    5.00 |     30 |     9.7270 |
|        1 |         99 |           848.00 |       837.33 |       846.32 |                  9.78 |                    5.00 |     30 |     9.7974 |
|        1 |        100 |           848.00 |       837.33 |       873.26 |                  8.64 |                    5.00 |     30 |     9.8828 |
|        1 |        101 |           848.00 |       837.33 |       877.04 |                  7.33 |                    5.00 |     30 |     9.9513 |
|        1 |        102 |           848.00 |       837.33 |       871.61 |                 10.47 |                    5.00 |     30 |    10.0202 |
|        1 |        103 |           848.00 |       837.33 |       874.37 |                 14.69 |                    5.00 |     30 |    10.0829 |
|        1 |        104 |           848.00 |       837.33 |       878.10 |                 14.77 |                    5.00 |     30 |    10.1640 |
|        1 |        105 |           848.00 |       837.33 |       843.13 |                  8.47 |                    5.00 |     30 |    10.2737 |
|        1 |        106 |           848.00 |       837.33 |       842.16 |                  9.89 |                    5.00 |     30 |    10.3561 |
|        1 |        107 |           848.00 |       837.33 |       842.56 |                 14.80 |                    5.00 |     30 |    10.4768 |
|        1 |        108 |           848.00 |       837.33 |       848.00 |                 10.29 |                    5.00 |     30 |    10.5399 |
|        1 |        109 |           848.00 |       837.33 |       843.28 |                  9.83 |                    5.00 |     30 |    10.6289 |
|        1 |        110 |           848.00 |       837.33 |       864.30 |                  7.40 |                    5.00 |     30 |    10.6835 |
|        1 |        111 |           848.00 |       837.33 |       840.29 |                  8.00 |                    5.00 |     30 |    10.7412 |
|        1 |        112 |           848.00 |       837.33 |       875.47 |                 12.39 |                    5.00 |     32 |    10.7819 |
|        1 |        113 |           848.00 |       837.33 |       877.19 |                 11.04 |                    5.00 |     32 |    10.8707 |
|        1 |        114 |           848.00 |       837.33 |       872.12 |                  9.62 |                    5.00 |     32 |    11.0059 |
|        1 |        115 |           848.00 |       837.33 |       843.88 |                 12.63 |                    5.00 |     32 |    11.1453 |
|        1 |        116 |           848.00 |       837.33 |       871.31 |                  9.55 |                    5.00 |     32 |    11.3186 |
|        1 |        117 |           848.00 |       837.33 |       876.50 |                 10.28 |                    5.00 |     33 |    11.4345 |
|        1 |        118 |           848.00 |       837.33 |       871.34 |                  9.42 |                    5.00 |     33 |    11.5481 |
|        1 |        119 |           848.00 |       837.33 |       905.96 |                  9.76 |                    5.00 |     34 |    11.6338 |
|        1 |        120 |           848.00 |       837.33 |       844.91 |                  6.00 |                    5.00 |     34 |    11.7220 |
|        1 |        121 |           848.00 |       837.33 |       839.31 |                  7.77 |                    5.00 |     34 |    11.7627 |
|        1 |        122 |           848.00 |       837.33 |       842.53 |                  8.13 |                    5.00 |     34 |    11.8302 |
|        1 |        123 |           848.00 |       837.33 |       844.21 |                 10.94 |                    5.00 |     34 |    11.9022 |
|        1 |        124 |           848.00 |       837.33 |       847.68 |                  8.49 |                    5.00 |     34 |    11.9628 |
|        1 |        125 |           848.00 |       837.33 |       844.97 |                 11.20 |                    5.00 |     34 |    12.0091 |
|        1 |        126 |           848.00 |       837.33 |       843.33 |                 11.12 |                    5.00 |     34 |    12.1415 |
|        1 |        127 |           848.00 |       837.33 |       843.74 |                  8.52 |                    5.00 |     34 |    12.2501 |
|        1 |        128 |           848.00 |       837.33 |       842.67 |                  5.85 |                    5.00 |     34 |    12.3505 |
|        1 |        129 |           848.00 |       837.33 |       839.97 |                  7.70 |                    5.00 |     34 |    12.4255 |
|        1 |        130 |           848.00 |       837.33 |       841.33 |                 13.44 |                    5.00 |     34 |    12.4900 |
|        1 |        131 |           848.00 |       837.33 |       847.52 |                 11.40 |                    5.00 |     34 |    12.5633 |
|        1 |        132 |           848.00 |       837.33 |       846.71 |                  8.17 |                    5.00 |     34 |    12.6251 |
|        1 |        133 |           848.00 |       837.33 |       843.80 |                 10.35 |                    5.00 |     34 |    12.6878 |
|        1 |        134 |           848.00 |       837.33 |       845.45 |                  9.33 |                    5.00 |     34 |    12.7468 |
|        1 |        135 |           848.00 |       837.33 |       844.68 |                  8.74 |                    5.00 |     34 |    12.8326 |
|        1 |        136 |           848.00 |       837.33 |       843.93 |                 10.64 |                    5.00 |     34 |    12.8979 |
|        1 |        137 |           848.00 |       837.33 |       847.73 |                 14.74 |                    5.00 |     34 |    12.9552 |
|        1 |        138 |           848.00 |       837.33 |       848.00 |                 10.56 |                    5.00 |     34 |    13.0117 |
|        1 |        139 |           848.00 |       837.33 |       845.89 |                  9.60 |                    5.00 |     34 |    13.1141 |
|        1 |        140 |           848.00 |       837.33 |       847.27 |                  8.92 |                    5.00 |     34 |    13.1752 |
|        1 |        141 |           848.00 |       837.33 |       845.31 |                  8.45 |                    5.00 |     34 |    13.2463 |
|        1 |        142 |           848.00 |       837.33 |       839.96 |                  9.03 |                    5.00 |     34 |    13.3079 |
|        1 |        143 |           848.00 |       837.33 |       845.36 |                 10.05 |                    5.00 |     34 |    13.3636 |
|        1 |        144 |           848.00 |       837.33 |       878.56 |                  6.77 |                    5.00 |     34 |    13.4464 |
|        1 |        145 |           848.00 |       837.33 |       874.13 |                 11.23 |                    5.00 |     34 |    13.5150 |
|        1 |        146 |           848.00 |       837.33 |       843.57 |                  9.33 |                    5.00 |     34 |    13.6037 |
|        1 |        147 |           848.00 |       837.33 |       839.65 |                  7.00 |                    5.00 |     34 |    13.7327 |
|        1 |        148 |           848.00 |       837.33 |       842.17 |                 10.11 |                    5.00 |     34 |    13.7820 |
|        1 |        149 |           848.00 |       837.33 |       844.53 |                 10.82 |                    5.00 |     34 |    13.9743 |
|        1 |        150 |           848.00 |       837.33 |       844.80 |                 11.31 |                    5.00 |     34 |    14.0742 |
|        1 |        151 |           848.00 |       837.33 |       845.56 |                  8.49 |                    5.00 |     34 |    14.1866 |
|        1 |        152 |           848.00 |       837.33 |       843.28 |                  8.72 |                    5.00 |     34 |    14.2528 |
|        1 |        153 |           848.00 |       837.33 |       845.09 |                 10.94 |                    5.00 |     34 |    14.3143 |
|        1 |        154 |           848.00 |       837.33 |       845.36 |                 13.71 |                    5.00 |     34 |    14.3907 |
|        1 |        155 |           848.00 |       837.33 |       848.00 |                  8.80 |                    5.00 |     34 |    14.4425 |
|        1 |        156 |           848.00 |       837.33 |       843.38 |                 10.29 |                    5.00 |     34 |    14.5054 |
|        1 |        157 |           848.00 |       837.33 |       846.67 |                  8.15 |                    5.00 |     34 |    14.5508 |
|        1 |        158 |           848.00 |       837.33 |       845.31 |                 10.86 |                    5.00 |     34 |    14.6089 |
|        1 |        159 |           848.00 |       837.33 |       845.80 |                  8.49 |                    5.00 |     34 |    14.7225 |
|        1 |        160 |           848.00 |       837.33 |       845.56 |                  9.16 |                    5.00 |     34 |    14.8063 |
|        1 |        161 |           848.00 |       837.33 |       844.85 |                 11.16 |                    5.00 |     34 |    14.8486 |
|        1 |        162 |           848.00 |       837.33 |       847.81 |                 10.68 |                    5.00 |     34 |    14.9247 |
|        1 |        163 |           848.00 |       837.33 |       856.17 |                 17.74 |                    5.00 |     35 |    14.9703 |
|        1 |        164 |           848.00 |       837.33 |       848.00 |                 11.24 |                    5.00 |     35 |    15.0763 |
|        1 |        165 |           848.00 |       837.33 |       847.02 |                 10.02 |                    5.00 |     35 |    15.1564 |
|        1 |        166 |           848.00 |       837.33 |       847.75 |                  8.43 |                    5.00 |     35 |    15.2040 |
|        1 |        167 |           848.00 |       837.33 |       843.02 |                  9.86 |                    5.00 |     35 |    15.2576 |
|        1 |        168 |           848.00 |       837.33 |       845.50 |                  6.34 |                    5.00 |     35 |    15.3015 |
|        1 |        169 |           848.00 |       837.33 |       840.76 |                  9.51 |                    5.00 |     35 |    15.3645 |
|        1 |        170 |           848.00 |       837.33 |       844.01 |                  9.58 |                    5.00 |     35 |    15.4214 |
|        1 |        171 |           848.00 |       837.33 |       846.45 |                  7.98 |                    5.00 |     35 |    15.4586 |
|        1 |        172 |           848.00 |       837.33 |       841.79 |                 10.46 |                    5.00 |     35 |    15.6130 |
|        1 |        173 |           848.00 |       837.33 |       847.40 |                  8.53 |                    5.00 |     35 |    15.6845 |
|        1 |        174 |           848.00 |       837.33 |       841.11 |                  8.93 |                    5.00 |     35 |    15.7680 |
|        1 |        175 |           848.00 |       837.33 |       844.44 |                 11.88 |                    6.41 |     35 |    15.8329 |
|        1 |        176 |           848.00 |       837.33 |       845.38 |                 10.06 |                    5.00 |     35 |    15.9503 |
|        1 |        177 |           848.00 |       837.33 |       840.46 |                 10.09 |                    5.00 |     35 |    16.0621 |
|        1 |        178 |           848.00 |       837.33 |       847.48 |                  9.48 |                    5.00 |     35 |    16.1061 |
|        1 |        179 |           848.00 |       837.33 |       846.45 |                  8.65 |                    5.00 |     35 |    16.1470 |
|        1 |        180 |           848.00 |       837.33 |       843.74 |                  8.70 |                    5.00 |     35 |    16.2208 |
|        1 |        181 |           848.00 |       837.33 |       844.35 |                  9.89 |                    5.00 |     35 |    16.2588 |
|        1 |        182 |           848.00 |       837.33 |       842.83 |                 10.25 |                    5.00 |     35 |    16.3270 |
|        1 |        183 |           848.00 |       837.33 |       847.39 |                  8.04 |                    5.00 |     35 |    16.3834 |
|        1 |        184 |           848.00 |       837.33 |       842.28 |                  6.82 |                    5.00 |     35 |    16.4625 |
|        1 |        185 |           848.00 |       837.33 |       837.40 |                  6.40 |                    5.00 |     35 |    16.5915 |
|        1 |        186 |           848.00 |       837.33 |       895.23 |                 16.30 |                    5.00 |     38 |    16.6796 |
|        1 |        187 |           848.00 |       837.33 |       848.00 |                 17.60 |                    5.00 |     38 |    16.7579 |
|        1 |        188 |           848.00 |       837.33 |       842.64 |                  9.99 |                    5.00 |     38 |    16.9040 |
|        1 |        189 |           848.00 |       837.33 |       846.43 |                 11.31 |                    5.00 |     38 |    17.0236 |
|        1 |        190 |           848.00 |       837.33 |       844.32 |                 10.68 |                    5.00 |     38 |    17.1745 |
|        1 |        191 |           848.00 |       837.33 |       841.35 |                 18.81 |                    5.00 |     38 |    17.2592 |
|        1 |        192 |           848.00 |       837.33 |       848.00 |                 10.70 |                    5.00 |     38 |    17.3289 |
|        1 |        193 |           848.00 |       837.33 |       846.68 |                 10.44 |                    5.00 |     38 |    17.4266 |
|        1 |        194 |           848.00 |       837.33 |       846.64 |                  8.78 |                    5.00 |     38 |    17.5075 |
|        1 |        195 |           848.00 |       837.33 |       843.48 |                 13.17 |                    5.00 |     38 |    17.6068 |
|        1 |        196 |           848.00 |       837.33 |       846.97 |                 10.86 |                    5.00 |     38 |    17.6718 |
|        1 |        197 |           848.00 |       837.33 |       844.70 |                  9.50 |                    5.00 |     38 |    17.8059 |
|        1 |        198 |           848.00 |       837.33 |       843.14 |                 10.78 |                    5.00 |     38 |    17.9049 |
|        1 |        199 |           848.00 |       837.33 |       847.19 |                 10.32 |                    5.00 |     38 |    17.9842 |
|        1 |        200 |           848.00 |       837.33 |       843.34 |                 10.79 |                    5.00 |     38 |    18.0994 |
|        1 |        201 |           848.00 |       837.33 |       845.63 |                  8.52 |                    5.00 |     38 |    18.2704 |
|        1 |        202 |           848.00 |       837.33 |       844.50 |                 10.47 |                    5.00 |     38 |    18.3595 |
|        1 |        203 |           848.00 |       837.33 |       843.66 |                  9.43 |                    5.00 |     38 |    18.7064 |
|        1 |        204 |           848.00 |       837.33 |       873.51 |                  8.33 |                    5.00 |     38 |    18.7896 |
|        1 |        205 |           848.00 |       837.33 |       868.53 |                  6.71 |                    5.00 |     38 |    18.9484 |
|        1 |        206 |           848.00 |       837.33 |       894.40 |                  5.00 |                    5.00 |     38 |    19.0700 |
|        1 |        207 |           848.00 |       837.33 |       864.30 |                  5.00 |                    5.00 |     38 |    19.1382 |
|        1 |        208 |           848.00 |       837.30 |       837.30 |                  7.82 |                    5.00 |     38 |    19.2571 |
|        1 |        209 |           848.00 |       837.30 |       843.25 |                 10.09 |                    5.00 |     38 |    19.3683 |
|        1 |        210 |           848.00 |       837.30 |       874.35 |                 11.19 |                    5.00 |     38 |    19.5187 |
|        1 |        211 |           848.00 |       837.30 |       845.37 |                  8.48 |                    5.00 |     38 |    19.6516 |
|        1 |        212 |           848.00 |       837.30 |       844.26 |                 11.20 |                    5.00 |     38 |    19.6948 |
|        1 |        213 |           848.00 |       837.30 |       843.85 |                  5.00 |                    5.00 |     38 |    19.7917 |
|        1 |        214 |           848.00 |       837.30 |       837.30 |                  6.73 |                    5.00 |     38 |    19.8732 |
|        1 |        215 |           848.00 |       837.30 |       838.65 |                  7.71 |                    5.00 |     38 |    19.9347 |
|        1 |        216 |           848.00 |       837.30 |       844.51 |                 10.59 |                    5.00 |     38 |    19.9853 |
------------------------------------------------------------------------------------------------------------------------------------------------
|  Restart |  Iteration |  Best Feas. Cost |    Best Cost |   Curr. Cost |   Penalty Custom Res. |   Penalty Standard Res. |   Pool |   Time (s) |
------------------------------------------------------------------------------------------------------------------------------------------------
|        1 |        217 |           848.00 |       837.30 |       878.85 |                 17.59 |                    5.00 |     38 |    20.0366 |
|        1 |        218 |           848.00 |       837.30 |       840.11 |                 12.26 |                    5.00 |     38 |    20.2182 |
|        1 |        219 |           848.00 |       837.30 |       843.76 |                 10.41 |                    5.00 |     38 |    20.2701 |
|        1 |        220 |           848.00 |       837.30 |       844.13 |                 10.39 |                    5.00 |     38 |    20.3162 |
|        1 |        221 |           848.00 |       837.30 |       856.18 |                 20.19 |                    5.00 |     39 |    20.4140 |
|        1 |        222 |           848.00 |       837.30 |       862.09 |                 28.59 |                    5.00 |     39 |    20.4524 |
|        1 |        223 |           848.00 |       837.30 |       910.40 |                 14.56 |                    5.00 |     42 |    20.5401 |
|        1 |        224 |           848.00 |       837.30 |       845.18 |                  8.37 |                    5.00 |     42 |    20.6052 |
|        1 |        225 |           848.00 |       837.30 |       872.29 |                  9.59 |                    5.00 |     42 |    20.6751 |
|        1 |        226 |           848.00 |       837.30 |       874.19 |                 22.33 |                    5.00 |     42 |    20.7486 |
|        1 |        227 |           848.00 |       837.30 |       898.10 |                  7.23 |                    5.00 |     44 |    20.8767 |
|        1 |        228 |           848.00 |       837.30 |       837.30 |                  5.14 |                    5.00 |     44 |    21.0026 |
|        1 |        229 |           848.00 |       836.14 |       836.14 |                  9.24 |                    6.04 |     44 |    21.0602 |
|        1 |        230 |           848.00 |       836.14 |       840.24 |                 14.16 |                    5.00 |     44 |    21.1170 |
|        1 |        231 |           848.00 |       836.14 |       896.90 |                  9.10 |                    5.00 |     47 |    21.1545 |
|        1 |        232 |           848.00 |       836.14 |       895.70 |                  5.00 |                    5.00 |     49 |    21.2149 |
|        1 |        233 |           848.00 |       836.14 |       838.02 |                  9.74 |                    5.00 |     49 |    21.2952 |
|        1 |        234 |           848.00 |       836.14 |       845.76 |                 10.90 |                    5.00 |     49 |    21.4047 |
|        1 |        235 |           848.00 |       836.14 |       843.36 |                  9.39 |                    5.00 |     49 |    21.5672 |
|        1 |        236 |           848.00 |       836.14 |       842.97 |                  9.92 |                    5.00 |     49 |    21.6436 |
|        1 |        237 |           848.00 |       836.14 |       844.00 |                  9.77 |                    5.00 |     49 |    21.7364 |
|        1 |        238 |           848.00 |       836.14 |       846.84 |                  8.56 |                    5.00 |     49 |    21.7846 |
|        1 |        239 |           848.00 |       836.14 |       844.24 |                 12.10 |                    5.00 |     49 |    21.8501 |
|        1 |        240 |           848.00 |       836.14 |       842.89 |                 10.91 |                    5.00 |     49 |    22.0843 |
|        1 |        241 |           848.00 |       836.14 |       841.53 |                  7.78 |                    5.00 |     49 |    22.2213 |
|        1 |        242 |           848.00 |       836.14 |       841.83 |                  6.68 |                    5.00 |     49 |    22.2748 |
|        1 |        243 |           848.00 |       836.14 |       840.21 |                  9.08 |                    5.00 |     49 |    22.3177 |
|        1 |        244 |           848.00 |       836.14 |       843.04 |                 14.33 |                    5.00 |     49 |    22.3831 |
|        1 |        245 |           848.00 |       836.14 |       843.26 |                  8.63 |                    5.00 |     49 |    22.5108 |
|        1 |        246 |           848.00 |       836.14 |       842.47 |                 11.38 |                    5.00 |     49 |    22.5622 |
|        1 |        247 |           848.00 |       836.14 |       845.24 |                 12.05 |                    5.00 |     49 |    22.6098 |
|        1 |        248 |           848.00 |       836.14 |       875.55 |                 16.06 |                    5.00 |     49 |    22.6522 |
|        1 |        249 |           848.00 |       836.14 |       879.56 |                  8.96 |                    5.00 |     49 |    22.7173 |
|        1 |        250 |           848.00 |       836.14 |       873.90 |                 14.28 |                    5.00 |     49 |    22.7819 |
|        1 |        251 |           848.00 |       836.14 |       842.49 |                  9.15 |                    5.00 |     49 |    23.0537 |
|        1 |        252 |           848.00 |       836.14 |       847.12 |                 11.25 |                    5.00 |     49 |    23.1186 |
|        1 |        253 |           848.00 |       836.14 |       846.84 |                 10.35 |                    5.00 |     49 |    23.1858 |
|        1 |        254 |           848.00 |       836.14 |       845.83 |                 10.94 |                    5.00 |     49 |    23.2559 |
|        1 |        255 |           848.00 |       836.14 |       845.92 |                 11.12 |                    5.00 |     49 |    23.3178 |
|        1 |        256 |           848.00 |       836.14 |       842.94 |                 10.63 |                    5.00 |     49 |    23.4046 |
|        1 |        257 |           848.00 |       836.14 |       844.45 |                  9.77 |                    5.00 |     49 |    23.4763 |
|        1 |        258 |           848.00 |       836.14 |       843.73 |                  8.11 |                    5.00 |     49 |    23.5954 |
|        1 |        259 |           848.00 |       836.14 |       872.65 |                  8.65 |                    5.00 |     49 |    23.6696 |
|        1 |        260 |           848.00 |       836.14 |       875.77 |                 10.02 |                    5.00 |     49 |    23.7252 |
|        1 |        261 |           848.00 |       836.14 |       875.71 |                 10.08 |                    5.00 |     49 |    23.7977 |
|        1 |        262 |           848.00 |       836.14 |       874.20 |                  8.73 |                    5.00 |     49 |    23.8628 |
|        1 |        263 |           848.00 |       836.14 |       872.32 |                 10.53 |                    5.00 |     49 |    23.9190 |
|        1 |        264 |           848.00 |       836.14 |       846.08 |                 17.59 |                    5.00 |     49 |    24.0708 |
|        1 |        265 |           848.00 |       836.14 |       848.00 |                 11.27 |                    5.00 |     49 |    24.1579 |
|        1 |        266 |           848.00 |       836.14 |       847.48 |                  8.92 |                    5.00 |     49 |    24.2099 |
|        1 |        267 |           848.00 |       836.14 |       841.55 |                 11.07 |                    5.20 |     49 |    24.2891 |
|        1 |        268 |           848.00 |       836.14 |       844.47 |                 19.71 |                    5.00 |     49 |    24.3382 |
|        1 |        269 |           848.00 |       836.14 |       846.55 |                 10.73 |                    5.00 |     49 |    24.4730 |
|        1 |        270 |           848.00 |       836.14 |       841.70 |                 10.15 |                    5.00 |     49 |    24.5722 |
|        1 |        271 |           848.00 |       836.14 |       847.59 |                  9.06 |                    5.00 |     49 |    24.6274 |
|        1 |        272 |           848.00 |       836.14 |       841.07 |                  8.46 |                    5.00 |     49 |    24.7791 |
|        1 |        273 |           848.00 |       836.14 |       837.30 |                  8.14 |                    5.00 |     49 |    24.8961 |
|        1 |        274 |           848.00 |       836.14 |       873.18 |                  8.70 |                    5.00 |     49 |    24.9503 |
|        1 |        275 |           848.00 |       836.14 |       843.35 |                  9.98 |                    5.00 |     49 |    24.9972 |
|        1 |        276 |           848.00 |       836.14 |       840.33 |                  9.60 |                    5.00 |     49 |    25.1508 |
|        1 |        277 |           848.00 |       836.14 |       847.28 |                 12.03 |                    5.00 |     49 |    25.2286 |
|        1 |        278 |           848.00 |       836.14 |       848.00 |                  6.92 |                    5.00 |     49 |    25.2933 |
|        1 |        279 |           848.00 |       836.14 |       840.06 |                  9.97 |                    5.00 |     49 |    25.3676 |
|        1 |        280 |           848.00 |       836.14 |       843.15 |                 18.06 |                    5.00 |     49 |    25.4887 |
|        1 |        281 |           848.00 |       836.14 |       846.08 |                 12.02 |                    5.00 |     49 |    25.6047 |
|        1 |        282 |           848.00 |       836.14 |       843.22 |                 11.26 |                    5.00 |     49 |    25.6952 |
|        1 |        283 |           848.00 |       836.14 |       845.85 |                  8.63 |                    5.00 |     49 |    25.8202 |
|        1 |        284 |           848.00 |       836.14 |       839.61 |                  9.77 |                    5.00 |     49 |    25.9270 |
|        1 |        285 |           848.00 |       836.14 |       840.86 |                 10.75 |                    5.00 |     49 |    25.9971 |
|        1 |        286 |           848.00 |       836.14 |       872.97 |                 12.93 |                    5.00 |     49 |    26.0846 |
|        1 |        287 |           848.00 |       836.14 |       876.91 |                  6.72 |                    5.00 |     49 |    26.1725 |
|        1 |        288 |           848.00 |       836.14 |       839.86 |                 10.36 |                    5.00 |     49 |    26.2985 |
|        1 |        289 |           848.00 |       836.14 |       878.80 |                 15.57 |                    7.08 |     49 |    26.3442 |
|        1 |        290 |           848.00 |       836.14 |       879.20 |                  9.40 |                    5.00 |     49 |    26.4103 |
|        1 |        291 |           848.00 |       836.14 |       873.57 |                 10.98 |                    5.00 |     49 |    26.4983 |
|        1 |        292 |           848.00 |       836.14 |       870.73 |                  9.22 |                    5.00 |     49 |    26.5940 |
|        1 |        293 |           848.00 |       836.14 |       875.84 |                 10.68 |                    5.00 |     49 |    26.6449 |
|        1 |        294 |           848.00 |       836.14 |       845.25 |                  9.88 |                    5.00 |     49 |    26.7925 |
|        1 |        295 |           848.00 |       836.14 |       844.13 |                 10.88 |                    5.00 |     49 |    26.8771 |
|        1 |        296 |           848.00 |       836.14 |       846.97 |                 16.81 |                    5.00 |     49 |    26.9660 |
|        1 |        297 |           848.00 |       836.14 |       891.40 |                 10.06 |                    5.00 |     50 |    27.0438 |
|        1 |        298 |           848.00 |       836.14 |       839.45 |                  7.77 |                    5.00 |     50 |    27.1970 |
|        1 |        299 |           848.00 |       836.14 |       842.69 |                  9.64 |                    5.00 |     50 |    27.2881 |
|        1 |        300 |           848.00 |       836.14 |       845.28 |                 14.46 |                    5.00 |     50 |    27.3890 |
|        1 |        301 |           848.00 |       836.14 |       844.61 |                  9.43 |                    5.00 |     50 |    27.5440 |
|        1 |        302 |           848.00 |       836.14 |       843.01 |                 13.87 |                    5.00 |     51 |    27.6179 |
|        1 |        303 |           848.00 |       836.14 |       847.10 |                 11.65 |                    5.00 |     51 |    27.6992 |
|        1 |        304 |           848.00 |       836.14 |       844.23 |                 19.47 |                    5.00 |     51 |    27.8141 |
|        1 |        305 |           848.00 |       836.14 |       848.00 |                 11.64 |                    5.00 |     51 |    27.8925 |
|        1 |        306 |           848.00 |       836.14 |       844.85 |                  9.86 |                    5.00 |     51 |    28.0027 |
|        1 |        307 |           848.00 |       836.14 |       847.81 |                  7.28 |                    5.00 |     51 |    28.0734 |
|        1 |        308 |           848.00 |       836.14 |       843.20 |                  8.41 |                    5.00 |     51 |    28.1502 |
|        1 |        309 |           848.00 |       836.14 |       844.47 |                  9.94 |                    5.00 |     51 |    28.2021 |
|        1 |        310 |           848.00 |       836.14 |       843.71 |                  9.50 |                    5.00 |     51 |    28.3135 |
|        1 |        311 |           848.00 |       836.14 |       844.57 |                  9.41 |                    5.00 |     51 |    28.4804 |
|        1 |        312 |           848.00 |       836.14 |       847.68 |                  8.07 |                    5.00 |     51 |    28.5391 |
|        1 |        313 |           848.00 |       836.14 |       842.61 |                 11.27 |                    5.00 |     51 |    28.6417 |
|        1 |        314 |           848.00 |       836.14 |       844.89 |                  9.75 |                    5.00 |     51 |    28.7265 |
|        1 |        315 |           848.00 |       836.14 |       843.65 |                 10.12 |                    5.00 |     51 |    28.7818 |
|        1 |        316 |           848.00 |       836.14 |       843.93 |                 11.37 |                    5.00 |     51 |    28.8414 |
|        1 |        317 |           848.00 |       836.14 |       844.78 |                 10.23 |                    5.00 |     51 |    28.9598 |
|        1 |        318 |           848.00 |       836.14 |       846.74 |                 10.81 |                    5.00 |     51 |    29.0468 |
|        1 |        319 |           848.00 |       836.14 |       846.66 |                  8.47 |                    5.00 |     51 |    29.1208 |
|        1 |        320 |           848.00 |       836.14 |       845.65 |                 12.98 |                    5.00 |     51 |    29.1771 |
|        1 |        321 |           848.00 |       836.14 |       844.30 |                  9.74 |                    5.00 |     51 |    29.3035 |
|        1 |        322 |           848.00 |       836.14 |       845.46 |                  9.24 |                    5.00 |     51 |    29.3646 |
|        1 |        323 |           848.00 |       836.14 |       844.67 |                  9.97 |                    5.00 |     51 |    29.4334 |
|        1 |        324 |           848.00 |       836.14 |       846.85 |                 17.09 |                    5.00 |     51 |    29.6506 |
|        1 |        325 |           848.00 |       836.14 |       847.97 |                 11.37 |                    5.00 |     51 |    29.7845 |
|        1 |        326 |           848.00 |       836.14 |       841.88 |                  6.26 |                    5.00 |     51 |    29.8926 |
|        1 |        327 |           848.00 |       836.14 |       839.33 |                  8.09 |                    5.00 |     51 |    29.9737 |
|        1 |        328 |           848.00 |       836.14 |       839.16 |                 14.68 |                    5.00 |     51 |    30.0511 |
|        1 |        329 |           848.00 |       836.14 |       846.13 |                 13.52 |                    5.00 |     51 |    30.0991 |
|        1 |        330 |           848.00 |       836.14 |       841.21 |                  8.81 |                    5.00 |     51 |    30.2559 |
|        1 |        331 |           848.00 |       836.14 |       844.86 |                 14.78 |                    5.00 |     51 |    30.3038 |
|        1 |        332 |           848.00 |       836.14 |       878.10 |                 10.56 |                    5.00 |     51 |    30.4103 |
|        1 |        333 |           848.00 |       836.14 |       873.95 |                 10.62 |                    5.00 |     51 |    30.4877 |
|        1 |        334 |           848.00 |       836.14 |       872.86 |                 14.93 |                    5.00 |     51 |    30.6487 |
|        1 |        335 |           848.00 |       836.14 |       878.10 |                 11.70 |                    5.00 |     51 |    30.7290 |
|        1 |        336 |           848.00 |       836.14 |       874.02 |                 10.33 |                    5.00 |     51 |    30.8088 |
|        1 |        337 |           848.00 |       836.14 |       873.56 |                  8.81 |                    5.00 |     51 |    30.9702 |
|        1 |        338 |           848.00 |       836.14 |       875.25 |                 10.49 |                    5.00 |     51 |    31.0703 |
|        1 |        339 |           848.00 |       836.14 |       874.17 |                  7.79 |                    5.00 |     51 |    31.1905 |
|        1 |        340 |           848.00 |       836.14 |       840.41 |                 10.34 |                    5.00 |     51 |    31.3127 |
|        1 |        341 |           848.00 |       836.14 |       846.19 |                 10.50 |                    5.00 |     51 |    31.3900 |
|        1 |        342 |           848.00 |       836.14 |       874.90 |                 10.24 |                    5.00 |     51 |    31.4837 |
|        1 |        343 |           848.00 |       836.14 |       846.31 |                  8.58 |                    5.00 |     51 |    31.6228 |
|        1 |        344 |           848.00 |       836.14 |       844.45 |                 11.09 |                    5.00 |     51 |    31.6885 |
|        1 |        345 |           848.00 |       836.14 |       845.79 |                 11.03 |                    5.00 |     51 |    31.7776 |
|        1 |        346 |           848.00 |       836.14 |       845.47 |                 18.82 |                    5.00 |     52 |    31.8728 |
|        1 |        347 |           848.00 |       836.14 |       852.62 |                 16.47 |                    5.00 |     52 |    31.9209 |
|        1 |        348 |           848.00 |       836.14 |       878.10 |                 11.20 |                    5.00 |     52 |    32.0161 |
|        1 |        349 |           848.00 |       836.14 |       872.98 |                 10.58 |                    5.00 |     52 |    32.1271 |
|        1 |        350 |           848.00 |       836.14 |       837.98 |                  6.25 |                    5.00 |     52 |    32.2430 |
|        1 |        351 |           848.00 |       836.14 |       838.04 |                  8.48 |                    5.00 |     52 |    32.3004 |
|        1 |        352 |           848.00 |       836.14 |       842.48 |                  8.88 |                    5.00 |     52 |    32.3746 |
|        1 |        353 |           848.00 |       836.14 |       845.52 |                  8.64 |                    5.00 |     52 |    32.5029 |
|        1 |        354 |           848.00 |       836.14 |       844.75 |                  7.87 |                    5.00 |     52 |    32.5533 |
|        1 |        355 |           848.00 |       836.14 |       878.22 |                 11.54 |                    5.00 |     52 |    32.6789 |
|        1 |        356 |           848.00 |       836.14 |       906.59 |                 11.27 |                    5.00 |     52 |    32.7388 |
|        1 |        357 |           848.00 |       836.14 |       844.80 |                 11.30 |                    5.00 |     52 |    32.8761 |
|        1 |        358 |           848.00 |       836.14 |       846.53 |                  9.39 |                    5.00 |     52 |    32.9729 |
|        1 |        359 |           848.00 |       836.14 |       873.69 |                  9.07 |                    5.00 |     52 |    33.0551 |
|        1 |        360 |           848.00 |       836.14 |       841.49 |                  9.95 |                    5.00 |     52 |    33.1843 |
|        1 |        361 |           848.00 |       836.14 |       843.75 |                  8.37 |                    5.00 |     52 |    33.2397 |
|        1 |        362 |           848.00 |       836.14 |       842.64 |                 10.39 |                    5.00 |     52 |    33.2963 |
|        1 |        363 |           848.00 |       836.14 |       844.10 |                  7.82 |                    5.00 |     52 |    33.3817 |
|        1 |        364 |           848.00 |       836.14 |       840.18 |                  8.85 |                    5.00 |     52 |    33.4847 |
|        1 |        365 |           848.00 |       836.14 |       845.36 |                 10.25 |                    5.00 |     52 |    33.5454 |
|        1 |        366 |           848.00 |       836.14 |       848.00 |                  6.20 |                    5.00 |     52 |    33.6076 |
|        1 |        367 |           848.00 |       836.14 |       840.07 |                  9.88 |                    5.00 |     52 |    33.6833 |
|        1 |        368 |           848.00 |       836.14 |       845.88 |                 10.88 |                    5.00 |     52 |    33.7420 |
|        1 |        369 |           848.00 |       836.14 |       839.98 |                  5.77 |                    5.00 |     52 |    33.8197 |
|        1 |        370 |           848.00 |       836.14 |       837.19 |                  8.23 |                    5.00 |     52 |    33.8897 |
|        1 |        371 |           848.00 |       836.14 |       838.99 |                  7.56 |                    5.00 |     52 |    33.9804 |
|        1 |        372 |           848.00 |       836.14 |       864.30 |                  5.00 |                    5.00 |     52 |    34.0394 |
|        1 |        373 |           848.00 |       836.14 |       837.30 |                  5.92 |                    5.00 |     52 |    34.1162 |
|        1 |        374 |           848.00 |       836.14 |       839.14 |                  9.16 |                    5.00 |     52 |    34.1795 |
|        1 |        375 |           848.00 |       836.14 |       843.15 |                  9.08 |                    5.00 |     52 |    34.3111 |
|        1 |        376 |           848.00 |       836.14 |       843.57 |                  9.43 |                    5.00 |     52 |    34.3681 |
|        1 |        377 |           848.00 |       836.14 |       843.02 |                 10.90 |                    5.00 |     52 |    34.4548 |
|        1 |        378 |           848.00 |       836.14 |       844.95 |                 11.30 |                    5.00 |     52 |    34.5189 |
|        1 |        379 |           848.00 |       836.14 |       845.21 |                  9.98 |                    5.00 |     52 |    34.6073 |
|        1 |        380 |           848.00 |       836.14 |       846.43 |                  9.53 |                    5.00 |     52 |    34.7003 |
|        1 |        381 |           848.00 |       836.14 |       843.22 |                 14.62 |                    5.00 |     52 |    34.7407 |
|        1 |        382 |           848.00 |       836.14 |       842.58 |                 12.23 |                    5.41 |     52 |    34.8963 |
|        1 |        383 |           848.00 |       836.14 |       844.11 |                 11.22 |                    5.00 |     52 |    34.9991 |
|        1 |        384 |           848.00 |       836.14 |       846.43 |                 16.86 |                    5.00 |     52 |    35.0536 |
|        1 |        385 |           848.00 |       836.14 |       843.15 |                 12.12 |                    5.00 |     52 |    35.2366 |
|        1 |        386 |           848.00 |       836.14 |       876.75 |                 11.71 |                    5.00 |     52 |    35.3099 |
|        1 |        387 |           848.00 |       836.14 |       875.21 |                 10.05 |                    5.00 |     52 |    35.3652 |
|        1 |        388 |           848.00 |       836.14 |       846.81 |                 10.74 |                    5.00 |     52 |    35.4376 |
|        1 |        389 |           848.00 |       836.14 |       844.24 |                 13.34 |                    5.00 |     52 |    35.4933 |
|        1 |        390 |           848.00 |       836.14 |       842.66 |                 11.61 |                    5.00 |     52 |    35.6643 |
|        1 |        391 |           848.00 |       836.14 |       841.78 |                 10.24 |                    5.00 |     52 |    35.7718 |
|        1 |        392 |           848.00 |       836.14 |       847.78 |                  8.11 |                    5.00 |     52 |    35.8257 |
|        1 |        393 |           848.00 |       836.14 |       871.17 |                  8.06 |                    5.00 |     52 |    35.9454 |
|        1 |        394 |           848.00 |       836.14 |       873.67 |                 14.20 |                    7.01 |     52 |    36.0019 |
|        1 |        395 |           848.00 |       836.14 |       843.90 |                 10.30 |                    5.00 |     52 |    36.1971 |
|        1 |        396 |           848.00 |       836.14 |       845.14 |                 10.97 |                    5.00 |     52 |    36.3182 |
|        1 |        397 |           848.00 |       836.14 |       847.55 |                 14.47 |                    5.00 |     52 |    36.3704 |
|        1 |        398 |           848.00 |       836.14 |       848.00 |                  8.08 |                    5.00 |     52 |    36.4239 |
|        1 |        399 |           848.00 |       836.14 |       843.11 |                 12.12 |                    5.52 |     52 |    36.5038 |
|        1 |        400 |           848.00 |       836.14 |       844.47 |                 10.55 |                    5.00 |     52 |    36.6617 |
|        1 |        401 |           848.00 |       836.14 |       847.57 |                 11.98 |                    5.00 |     52 |    36.7236 |
|        1 |        402 |           848.00 |       836.14 |       847.57 |                 10.39 |                    5.00 |     52 |    36.7572 |
|        1 |        403 |           848.00 |       836.14 |       843.79 |                  9.18 |                    5.00 |     52 |    36.8259 |
|        1 |        404 |           848.00 |       836.14 |       843.15 |                 10.42 |                    5.00 |     52 |    36.8824 |
|        1 |        405 |           848.00 |       836.14 |       844.14 |                 10.92 |                    5.00 |     52 |    36.9544 |
|        1 |        406 |           848.00 |       836.14 |       845.34 |                 12.39 |                    5.00 |     52 |    37.0142 |
|        1 |        407 |           848.00 |       836.14 |       843.86 |                  5.06 |                    5.00 |     52 |    37.1100 |
|        1 |        408 |           848.00 |       836.14 |       837.92 |                  5.00 |                    5.00 |     52 |    37.1746 |
|        1 |        409 |           848.00 |       836.14 |       837.30 |                  7.59 |                    5.00 |     52 |    37.2335 |
|        1 |        410 |           848.00 |       836.14 |       843.58 |                 10.96 |                    5.00 |     52 |    37.2870 |
|        1 |        411 |           848.00 |       836.14 |       846.12 |                 11.24 |                    5.00 |     52 |    37.3720 |
|        1 |        412 |           848.00 |       836.14 |       845.84 |                 10.95 |                    5.00 |     52 |    37.4769 |
|        1 |        413 |           848.00 |       836.14 |       844.32 |                 10.57 |                    5.00 |     52 |    37.5660 |
|        1 |        414 |           848.00 |       836.14 |       842.75 |                 10.70 |                    5.00 |     52 |    37.6936 |
|        1 |        415 |           848.00 |       836.14 |       879.20 |                  7.37 |                    5.00 |     52 |    37.7446 |
|        1 |        416 |           848.00 |       836.14 |       873.09 |                  9.32 |                    5.00 |     52 |    37.8246 |
|        1 |        417 |           848.00 |       836.14 |       872.99 |                  8.48 |                    5.00 |     52 |    37.9099 |
|        1 |        418 |           848.00 |       836.14 |       874.14 |                  5.95 |                    5.00 |     52 |    37.9682 |
|        1 |        419 |           848.00 |       836.14 |       869.67 |                  7.31 |                    5.00 |     52 |    38.0424 |
|        1 |        420 |           848.00 |       836.14 |       872.62 |                 10.14 |                    5.00 |     52 |    38.1235 |
|        1 |        421 |           848.00 |       836.14 |       872.51 |                  9.97 |                    5.00 |     52 |    38.2408 |
|        1 |        422 |           848.00 |       836.14 |       874.33 |                 10.95 |                    5.00 |     52 |    38.3476 |
|        1 |        423 |           848.00 |       836.14 |       874.38 |                 10.34 |                    5.00 |     52 |    38.4861 |
|        1 |        424 |           848.00 |       836.14 |       846.69 |                  9.86 |                    5.00 |     52 |    38.6145 |
|        1 |        425 |           848.00 |       836.14 |       848.00 |                  9.92 |                    5.00 |     52 |    38.6860 |
|        1 |        426 |           848.00 |       836.14 |       848.00 |                 12.32 |                    5.00 |     52 |    38.7294 |
|        1 |        427 |           848.00 |       836.14 |       846.72 |                 19.66 |                    5.00 |     52 |    38.7833 |
|        1 |        428 |           848.00 |       836.14 |       848.00 |                 12.24 |                    5.00 |     52 |    38.8486 |
|        1 |        429 |           848.00 |       836.14 |       848.00 |                 10.30 |                    5.00 |     52 |    38.8899 |
|        1 |        430 |           848.00 |       836.14 |       844.55 |                  9.19 |                    5.00 |     52 |    38.9617 |
|        1 |        431 |           848.00 |       836.14 |       843.04 |                  8.93 |                    5.00 |     52 |    39.1164 |
|        1 |        432 |           848.00 |       836.14 |       843.78 |                 12.01 |                    5.00 |     52 |    39.1738 |
|        1 |        433 |           848.00 |       836.14 |       844.98 |                 10.35 |                    5.00 |     52 |    39.3369 |
|        1 |        434 |           848.00 |       836.14 |       846.50 |                 10.47 |                    5.00 |     52 |    39.4824 |
|        1 |        435 |           848.00 |       836.14 |       846.36 |                  8.77 |                    5.00 |     52 |    39.5935 |
|        1 |        436 |           848.00 |       836.14 |       844.85 |                 13.45 |                    5.00 |     52 |    39.6412 |
|        1 |        437 |           848.00 |       836.14 |       842.10 |                  9.72 |                    5.00 |     52 |    39.7268 |
|        1 |        438 |           848.00 |       836.14 |       841.51 |                  8.14 |                    5.00 |     52 |    39.8456 |
|        1 |        439 |           848.00 |       836.14 |       843.40 |                 10.21 |                    5.00 |     52 |    39.9049 |
|        1 |        440 |           848.00 |       836.14 |       845.58 |                 10.38 |                    5.00 |     52 |    39.9726 |
------------------------------------------------------------------------------------------------------------------------------------------------
|  Restart |  Iteration |  Best Feas. Cost |    Best Cost |   Curr. Cost |   Penalty Custom Res. |   Penalty Standard Res. |   Pool |   Time (s) |
------------------------------------------------------------------------------------------------------------------------------------------------
|        1 |        441 |           848.00 |       836.14 |       844.77 |                  9.62 |                    5.00 |     52 |    40.0739 |
|        1 |        442 |           848.00 |       836.14 |       845.56 |                  6.22 |                    5.00 |     52 |    40.1710 |
|        1 |        443 |           848.00 |       836.14 |       839.99 |                 13.39 |                    5.00 |     52 |    40.2338 |
|        1 |        444 |           848.00 |       836.14 |       845.37 |                 10.16 |                    5.00 |     52 |    40.3360 |
|        1 |        445 |           848.00 |       836.14 |       873.25 |                  9.34 |                    5.00 |     52 |    40.4178 |
|        1 |        446 |           848.00 |       836.14 |       873.14 |                  9.88 |                    5.00 |     52 |    40.4707 |
|        1 |        447 |           848.00 |       836.14 |       873.68 |                 15.61 |                    5.00 |     52 |    40.5216 |
|        1 |        448 |           848.00 |       836.14 |       843.80 |                 11.68 |                    5.00 |     52 |    40.6975 |
|        1 |        449 |           848.00 |       836.14 |       843.80 |                 18.64 |                    5.00 |     52 |    40.7373 |
|        1 |        450 |           848.00 |       836.14 |       848.00 |                 14.33 |                    5.00 |     52 |    40.7966 |
|        1 |        451 |           848.00 |       836.14 |       843.51 |                 16.72 |                    5.00 |     53 |    40.8946 |
|        1 |        452 |           848.00 |       836.14 |       848.00 |                 11.15 |                    5.00 |     53 |    40.9907 |
|        1 |        453 |           848.00 |       836.14 |       838.87 |                 10.50 |                    5.00 |     53 |    41.1540 |
|        1 |        454 |           848.00 |       836.14 |       845.00 |                 10.77 |                    5.00 |     53 |    41.2375 |
|        1 |        455 |           848.00 |       836.14 |       846.97 |                  8.95 |                    5.00 |     53 |    41.3196 |
|        1 |        456 |           848.00 |       836.14 |       845.74 |                 11.12 |                    5.00 |     53 |    41.3768 |
|        1 |        457 |           848.00 |       836.14 |       848.00 |                 10.54 |                    5.00 |     53 |    41.4404 |
|        1 |        458 |           848.00 |       836.14 |       841.78 |                 10.66 |                    5.00 |     53 |    41.5798 |
|        1 |        459 |           848.00 |       836.14 |       840.30 |                  9.58 |                    5.00 |     53 |    41.7032 |
|        1 |        460 |           848.00 |       836.14 |       847.43 |                  9.17 |                    5.00 |     53 |    41.7621 |
|        1 |        461 |           848.00 |       836.14 |       847.16 |                 11.05 |                    5.00 |     53 |    41.8261 |
|        1 |        462 |           848.00 |       836.14 |       848.00 |                  9.30 |                    5.00 |     53 |    41.8712 |
|        1 |        463 |           848.00 |       836.14 |       843.78 |                  9.83 |                    5.03 |     53 |    41.9416 |
|        1 |        464 |           848.00 |       836.14 |       845.08 |                 10.39 |                    5.00 |     53 |    42.0163 |
|        1 |        465 |           848.00 |       836.14 |       838.99 |                 10.53 |                    5.00 |     53 |    42.1223 |
|        1 |        466 |           848.00 |       836.14 |       842.63 |                 17.66 |                    5.00 |     53 |    42.1761 |
|        1 |        467 |           848.00 |       836.14 |       848.00 |                 11.11 |                    5.00 |     53 |    42.2403 |
|        1 |        468 |           848.00 |       836.14 |       848.00 |                  8.45 |                    5.00 |     53 |    42.2861 |
|        1 |        469 |           848.00 |       836.14 |       839.54 |                  9.22 |                    5.00 |     53 |    42.3558 |
|        1 |        470 |           848.00 |       836.14 |       843.48 |                  9.46 |                    5.00 |     53 |    42.4143 |
|        1 |        471 |           848.00 |       836.14 |       843.89 |                  8.27 |                    5.00 |     53 |    42.4913 |
|        1 |        472 |           848.00 |       836.14 |       843.84 |                  8.58 |                    5.00 |     53 |    42.5585 |
|        1 |        473 |           848.00 |       836.14 |       843.77 |                 10.03 |                    5.00 |     53 |    42.6280 |
|        1 |        474 |           848.00 |       836.14 |       845.98 |                 10.93 |                    5.00 |     53 |    42.7007 |
|        1 |        475 |           848.00 |       836.14 |       846.28 |                 13.29 |                    6.29 |     53 |    42.7696 |
|        1 |        476 |           848.00 |       836.14 |       841.11 |                 18.56 |                    5.00 |     53 |    42.8792 |
|        1 |        477 |           848.00 |       836.14 |       848.00 |                 16.89 |                    5.00 |     53 |    42.9391 |
|        1 |        478 |           848.00 |       836.14 |       878.10 |                 10.07 |                    5.00 |     53 |    43.0564 |
|        1 |        479 |           848.00 |       836.14 |       874.70 |                 10.52 |                    5.00 |     53 |    43.1590 |
|        1 |        480 |           848.00 |       836.14 |       846.03 |                 10.01 |                    5.00 |     53 |    43.3240 |
|        1 |        481 |           848.00 |       836.14 |       846.71 |                 10.79 |                    5.00 |     53 |    43.4037 |
|        1 |        482 |           848.00 |       836.14 |       845.49 |                  9.72 |                    5.00 |     53 |    43.4820 |
|        1 |        483 |           848.00 |       836.14 |       843.79 |                  9.94 |                    5.00 |     53 |    43.6029 |
|        1 |        484 |           848.00 |       836.14 |       839.80 |                 13.88 |                    5.00 |     53 |    43.7210 |
|        1 |        485 |           848.00 |       836.14 |       878.10 |                  7.51 |                    5.00 |     53 |    43.7963 |
|        1 |        486 |           848.00 |       836.14 |       868.84 |                  8.68 |                    5.00 |     53 |    43.8816 |
|        1 |        487 |           848.00 |       836.14 |       848.00 |                 10.76 |                    5.00 |     53 |    43.9688 |
|        1 |        488 |           848.00 |       836.14 |       846.96 |                  6.84 |                    5.00 |     53 |    44.0233 |
|        1 |        489 |           848.00 |       836.14 |       839.78 |                  8.08 |                    5.00 |     53 |    44.0700 |
|        1 |        490 |           848.00 |       836.14 |       845.69 |                  9.16 |                    5.00 |     53 |    44.1468 |
|        1 |        491 |           848.00 |       836.14 |       845.99 |                 10.50 |                    5.00 |     53 |    44.2027 |
|        1 |        492 |           848.00 |       836.14 |       842.35 |                  9.63 |                    5.00 |     53 |    44.3229 |
|        1 |        493 |           848.00 |       836.14 |       840.82 |                 10.20 |                    5.00 |     53 |    44.3680 |
|        1 |        494 |           848.00 |       836.14 |       841.30 |                 14.00 |                    5.00 |     53 |    44.4204 |
|        1 |        495 |           848.00 |       836.14 |       841.43 |                  8.96 |                    5.00 |     53 |    44.5397 |
|        1 |        496 |           848.00 |       836.14 |       870.80 |                 14.73 |                    5.00 |     53 |    44.5880 |
|        1 |        497 |           848.00 |       836.14 |       848.00 |                  9.53 |                    5.00 |     53 |    44.6797 |
|        1 |        498 |           848.00 |       836.14 |       844.19 |                  9.30 |                    5.00 |     53 |    44.7619 |
|        1 |        499 |           848.00 |       836.14 |       847.05 |                 10.77 |                    5.00 |     53 |    44.8181 |
|        1 |        500 |           848.00 |       836.14 |       848.00 |                  7.71 |                    5.00 |     53 |    44.8928 |
------------------------------------------------------------------------------------------------------------------------------------------------
Version identifier: 22.1.2.0 | 2024-11-26 | 0edbb82fd
CPXPARAM_MIP_Tolerances_UpperCutoff              848.09999999999559
Tried aggregator 2 times.
MIP Presolve eliminated 75 rows and 12 columns.
MIP Presolve modified 40 coefficients.
Aggregator did 5 substitutions.
Reduced MIP has 21 rows, 36 columns, and 134 nonzeros.
Reduced MIP has 36 binaries, 0 generals, 0 SOSs, and 0 indicators.
Presolve time = 0.00 sec. (0.20 ticks)
Probing time = 0.00 sec. (0.10 ticks)
Tried aggregator 1 time.
MIP Presolve eliminated 2 rows and 2 columns.
Reduced MIP has 19 rows, 34 columns, and 120 nonzeros.
Reduced MIP has 34 binaries, 0 generals, 0 SOSs, and 0 indicators.
Presolve time = 0.00 sec. (0.07 ticks)
Probing time = 0.00 sec. (0.09 ticks)
Clique table members: 103.
MIP emphasis: balance optimality and feasibility.
MIP search method: dynamic search.
Parallel mode: deterministic, using up to 8 threads.
Root relaxation solution time = 0.00 sec. (0.04 ticks)

        Nodes                                         Cuts/
   Node  Left     Objective  IInf  Best Integer    Best Bound    ItCnt     Gap

*     0     0      integral     0      848.0000      848.0000       14    0.00%
Elapsed time = 0.00 sec. (0.62 ticks, tree = 0.00 MB, solutions = 1)
objective_value(sp) = 848.0
 48.168041 seconds (6.84 M allocations: 340.210 MiB, 0.13% gc time, 7.68% compilation time)
#1: 0 (0.0) {81.0} -> 32 (30.0) {112.6} [31.0, 211.0] -> 33 (70.0) {204.6} [33.0, 213.0] -> 31 (90.0) {299.9} [129.0, 309.0] -> 35 (100.0) {394.9} [224.0, 404.0] -> 37 (120.0) {490.7} [319.0, 499.0] -> 38 (150.0) {582.7} [411.0, 591.0] -> 39 (170.0) {677.7} [506.0, 686.0] -> 36 (180.0) {772.7} [601.0, 781.0] -> 34 (200.0) {865.7} [694.0, 874.0] -> 0 (200.0) {988.0} [0.0, 1236.0]
#2: 0 (0.0) {77.0} -> 20 (10.0) {87.0} [10.0, 190.0] -> 24 (20.0) {182.0} [15.0, 195.0] -> 25 (60.0) {274.0} [107.0, 287.0] -> 27 (70.0) {366.0} [199.0, 379.0] -> 29 (80.0) {459.6} [292.0, 472.0] -> 30 (90.0) {554.6} [387.0, 567.0] -> 28 (110.0) {647.6} [480.0, 660.0] -> 26 (120.0) {739.6} [572.0, 752.0] -> 23 (130.0) {832.6} [665.0, 845.0] -> 22 (150.0) {925.6} [758.0, 938.0] -> 21 (170.0) {1017.6} [850.0, 1030.0] -> 0 (170.0) {1117.7} [0.0, 1236.0]
#3: 0 (0.0) {77.0} -> 98 (20.0) {107.8} [30.0, 210.0] -> 96 (30.0) {203.1} [36.0, 216.0] -> 95 (60.0) {295.1} [128.0, 308.0] -> 94 (70.0) {388.7} [221.0, 401.0] -> 92 (90.0) {482.3} [315.0, 495.0] -> 93 (130.0) {574.3} [407.0, 587.0] -> 97 (160.0) {669.3} [502.0, 682.0] -> 100 (180.0) {764.3} [597.0, 777.0] -> 99 (190.0) {859.3} [692.0, 872.0] -> 0 (190.0) {982.8} [0.0, 1236.0]
#4: 0 (0.0) {76.0} -> 13 (30.0) {106.8} [30.0, 210.0] -> 17 (50.0) {200.8} [34.0, 214.0] -> 18 (70.0) {293.8} [127.0, 307.0] -> 19 (80.0) {388.8} [222.0, 402.0] -> 15 (120.0) {483.8} [317.0, 497.0] -> 16 (160.0) {578.8} [412.0, 592.0] -> 14 (170.0) {670.8} [504.0, 684.0] -> 12 (190.0) {763.8} [597.0, 777.0] -> 0 (190.0) {891.8} [0.0, 1236.0]
#5: 0 (0.0) {73.0} -> 90 (10.0) {93.6} [20.0, 200.0] -> 87 (30.0) {188.6} [25.0, 205.0] -> 86 (40.0) {279.6} [116.0, 296.0] -> 83 (50.0) {375.6} [212.0, 392.0] -> 82 (70.0) {468.6} [305.0, 485.0] -> 84 (90.0) {564.4} [401.0, 581.0] -> 85 (120.0) {657.2} [494.0, 674.0] -> 88 (150.0) {750.2} [587.0, 767.0] -> 89 (160.0) {843.0} [680.0, 860.0] -> 91 (170.0) {936.6} [773.0, 953.0] -> 0 (170.0) {1048.9} [0.0, 1236.0]
#6: 0 (0.0) {84.0} -> 57 (40.0) {119.0} [35.0, 215.0] -> 55 (50.0) {211.0} [37.0, 217.0] -> 54 (90.0) {306.0} [132.0, 312.0] -> 53 (110.0) {401.3} [227.0, 407.0] -> 56 (140.0) {495.3} [321.0, 501.0] -> 58 (170.0) {587.3} [413.0, 593.0] -> 60 (190.0) {680.3} [506.0, 686.0] -> 59 (200.0) {780.7} [606.0, 786.0] -> 0 (200.0) {905.7} [0.0, 1236.0]
#7: 0 (0.0) {74.0} -> 5 (10.0) {89.1} [15.0, 195.0] -> 3 (20.0) {180.1} [16.0, 196.0] -> 7 (40.0) {272.1} [108.0, 288.0] -> 8 (60.0) {364.9} [200.0, 380.0] -> 10 (70.0) {458.5} [294.0, 474.0] -> 11 (80.0) {551.5} [387.0, 567.0] -> 9 (90.0) {644.6} [480.0, 660.0] -> 6 (110.0) {736.8} [572.0, 752.0] -> 4 (120.0) {829.0} [665.0, 845.0] -> 2 (150.0) {922.6} [758.0, 938.0] -> 1 (160.0) {1014.6} [850.0, 1030.0] -> 75 (180.0) {1107.6} [943.0, 1123.0] -> 0 (180.0) {1213.4} [0.0, 1236.0]
#8: 0 (0.0) {82.0} -> 81 (30.0) {129.4} [47.0, 227.0] -> 78 (50.0) {222.4} [50.0, 230.0] -> 76 (60.0) {314.4} [142.0, 322.0] -> 71 (80.0) {409.4} [237.0, 417.0] -> 70 (110.0) {504.4} [332.0, 512.0] -> 73 (120.0) {597.4} [425.0, 605.0] -> 77 (130.0) {691.4} [519.0, 699.0] -> 79 (140.0) {782.4} [610.0, 790.0] -> 80 (150.0) {877.7} [705.0, 885.0] -> 69 (160.0) {1008.9} [853.0, 1033.0] -> 47 (170.0) {1113.9} [947.0, 1127.0] -> 0 (170.0) {1221.9} [0.0, 1236.0]
#9: 0 (0.0) {80.0} -> 67 (10.0) {92.2} [12.0, 192.0] -> 65 (20.0) {183.2} [13.0, 193.0] -> 63 (70.0) {275.2} [105.0, 285.0] -> 62 (90.0) {370.2} [200.0, 380.0] -> 74 (140.0) {463.2} [293.0, 473.0] -> 72 (150.0) {558.2} [388.0, 568.0] -> 61 (160.0) {651.2} [481.0, 661.0] -> 64 (170.0) {743.2} [573.0, 753.0] -> 68 (180.0) {836.2} [666.0, 846.0] -> 66 (190.0) {931.5} [761.0, 941.0] -> 0 (190.0) {1038.0} [0.0, 1236.0]
#10: 0 (0.0) {74.0} -> 43 (10.0) {90.5} [16.0, 196.0] -> 42 (30.0) {183.5} [19.0, 199.0] -> 41 (40.0) {275.5} [111.0, 291.0] -> 40 (50.0) {367.5} [203.0, 383.0] -> 44 (60.0) {460.5} [296.0, 476.0] -> 46 (90.0) {553.3} [389.0, 569.0] -> 45 (100.0) {645.3} [481.0, 661.0] -> 48 (110.0) {737.3} [573.0, 753.0] -> 51 (120.0) {830.3} [666.0, 846.0] -> 50 (130.0) {922.5} [758.0, 938.0] -> 52 (140.0) {1015.6} [851.0, 1031.0] -> 49 (150.0) {1108.6} [944.0, 1124.0] -> 0 (150.0) {1217.8} [0.0, 1236.0]

Dist: 848.0. Cost: 848.0

Root node processing (before b&c):
  Real time             =    0.00 sec. (0.62 ticks)
Parallel b&c, 8 threads:
  Real time             =    0.00 sec. (0.00 ticks)
  Sync time (average)   =    0.00 sec.
  Wait time (average)   =    0.00 sec.
                          ------------
Total (root+branch&cut) =    0.00 sec. (0.62 ticks)
