Solving instance /mnt/c/Users/bruno.mattos/OneDrive - americanas s.a/Documentos/GitHub/GenericILS/TWRD/100/C107_100_005.vrptwrd...
------------------------------------------------------------------------------------------------------------------------------------------------
|  Restart |  Iteration |  Best Feas. Cost |    Best Cost |   Curr. Cost |   Penalty Custom Res. |   Penalty Standard Res. |   Pool |   Time (s) |
------------------------------------------------------------------------------------------------------------------------------------------------
|        1 |          1 |           891.20 |       891.20 |       891.20 |                 22.15 |                   22.15 |     11 |     0.1562 |
|        1 |          2 |           891.20 |       876.15 |       876.15 |                 16.47 |                    6.56 |     14 |     0.6790 |
|        1 |          3 |           891.20 |       840.59 |       840.59 |                  7.77 |                    5.00 |     15 |     0.8506 |
|        1 |          4 |           891.20 |       840.59 |       841.73 |                  8.56 |                    5.00 |     16 |     0.9173 |
|        1 |          5 |           891.20 |       840.59 |       842.22 |                  8.11 |                    5.00 |     16 |     0.9777 |
|        1 |          6 |           891.20 |       840.59 |       842.10 |                 11.25 |                    5.00 |     16 |     1.0413 |
|        1 |          7 |           891.20 |       840.59 |       845.22 |                 11.21 |                    5.00 |     16 |     1.0921 |
|        1 |          8 |           891.20 |       840.59 |       846.00 |                  7.71 |                    5.00 |     16 |     1.1710 |
|        1 |          9 |           891.20 |       840.59 |       842.68 |                  6.53 |                    5.00 |     16 |     1.2589 |
|        1 |         10 |           891.20 |       840.59 |       841.17 |                 10.32 |                    5.00 |     16 |     1.3132 |
|        1 |         11 |           891.20 |       840.59 |       847.92 |                  9.58 |                    5.00 |     16 |     1.3822 |
|        1 |         12 |           891.20 |       840.59 |       843.05 |                 10.11 |                    5.00 |     16 |     1.4900 |
|        1 |         13 |           891.20 |       840.59 |       843.71 |                 11.01 |                    5.00 |     16 |     1.5763 |
|        1 |         14 |           891.20 |       840.59 |       843.76 |                  9.93 |                    5.00 |     16 |     1.6237 |
|        1 |         15 |           891.20 |       840.59 |       846.18 |                  6.91 |                    5.00 |     16 |     1.6693 |
|        1 |         16 |           891.20 |       839.55 |       839.55 |                  9.30 |                    5.00 |     16 |     1.7109 |
|        1 |         17 |           891.20 |       839.55 |       845.16 |                  5.40 |                    5.00 |     16 |     1.7810 |
|        1 |         18 |           891.20 |       839.35 |       839.35 |                  7.56 |                    5.00 |     16 |     1.8445 |
|        1 |         19 |           891.20 |       839.35 |       842.26 |                 10.79 |                    5.00 |     16 |     1.9026 |
|        1 |         20 |           891.20 |       839.35 |       846.81 |                  8.72 |                    5.00 |     16 |     1.9675 |
|        1 |         21 |           891.20 |       839.35 |       847.34 |                 11.37 |                    5.00 |     16 |     2.0394 |
|        1 |         22 |           891.20 |       839.35 |       847.02 |                 11.31 |                    5.00 |     16 |     2.1409 |
|        1 |         23 |           891.20 |       839.35 |       844.32 |                 10.70 |                    5.00 |     17 |     2.2182 |
|        1 |          0 |           848.00 |       839.35 |       848.00 |                  6.80 |                    5.00 |     19 |     2.2665 |
|        1 |          1 |           848.00 |       837.30 |       837.30 |                  8.14 |                    5.00 |     19 |     2.3715 |
|        1 |          2 |           848.00 |       837.30 |       843.90 |                  9.80 |                    5.00 |     19 |     2.4274 |
|        1 |          3 |           848.00 |       837.30 |       875.47 |                 10.68 |                    5.00 |     21 |     2.5018 |
|        1 |          4 |           848.00 |       837.30 |       864.30 |                  9.52 |                    5.00 |     23 |     2.5704 |
|        1 |          5 |           848.00 |       837.30 |       864.30 |                  5.26 |                    5.00 |     23 |     2.6282 |
|        1 |          6 |           848.00 |       837.30 |       837.60 |                  7.35 |                    5.00 |     23 |     2.6939 |
|        1 |          7 |           848.00 |       837.30 |       841.29 |                 10.30 |                    5.00 |     23 |     2.7495 |
|        1 |          8 |           848.00 |       837.30 |       875.07 |                 11.09 |                    5.00 |     23 |     2.8603 |
|        1 |          9 |           848.00 |       837.30 |       878.48 |                 15.22 |                    5.00 |     24 |     2.9103 |
|        1 |         10 |           848.00 |       837.30 |       847.43 |                 10.36 |                    5.00 |     24 |     2.9905 |
|        1 |         11 |           848.00 |       837.30 |       843.76 |                  7.42 |                    5.00 |     24 |     3.0523 |
|        1 |         12 |           848.00 |       837.30 |       840.18 |                  9.49 |                    5.00 |     24 |     3.1102 |
|        1 |         13 |           848.00 |       837.30 |       846.28 |                  8.64 |                    5.30 |     24 |     3.1587 |
|        1 |         14 |           848.00 |       837.30 |       843.55 |                  7.40 |                    5.00 |     24 |     3.2416 |
|        1 |         15 |           848.00 |       837.30 |       843.82 |                  9.86 |                    5.00 |     24 |     3.2957 |
|        1 |         16 |           848.00 |       837.30 |       844.08 |                  9.73 |                    5.00 |     24 |     3.3545 |
|        1 |         17 |           848.00 |       837.30 |       848.00 |                  9.41 |                    5.00 |     24 |     3.4137 |
|        1 |         18 |           848.00 |       837.30 |       839.92 |                  9.26 |                    5.00 |     24 |     3.5134 |
|        1 |         19 |           848.00 |       837.30 |       844.91 |                 10.40 |                    5.00 |     24 |     3.5742 |
|        1 |         20 |           848.00 |       837.30 |       843.64 |                 10.46 |                    5.00 |     24 |     3.8392 |
|        1 |         21 |           848.00 |       837.30 |       845.42 |                 10.39 |                    5.00 |     24 |     3.9525 |
|        1 |         22 |           848.00 |       837.30 |       848.05 |                 11.09 |                    5.00 |     24 |     4.0195 |
|        1 |         23 |           848.00 |       837.30 |       840.84 |                  9.11 |                    5.00 |     24 |     4.1396 |
|        1 |         24 |           848.00 |       837.30 |       846.06 |                  7.66 |                    5.00 |     24 |     4.1853 |
|        1 |         25 |           848.00 |       837.30 |       841.37 |                  8.11 |                    5.00 |     24 |     4.2547 |
|        1 |         26 |           848.00 |       837.30 |       841.51 |                 12.06 |                    5.00 |     24 |     4.3047 |
|        1 |         27 |           848.00 |       837.30 |       876.32 |                  7.88 |                    5.00 |     24 |     4.4000 |
|        1 |         28 |           848.00 |       837.30 |       844.83 |                 10.46 |                    5.00 |     24 |     4.5133 |
|        1 |         29 |           848.00 |       837.30 |       846.20 |                  6.13 |                    5.00 |     24 |     4.5972 |
|        1 |         30 |           848.00 |       837.30 |       840.84 |                 10.37 |                    5.00 |     24 |     4.6567 |
|        1 |         31 |           848.00 |       837.30 |       877.15 |                  8.48 |                    5.00 |     24 |     4.8533 |
|        1 |         32 |           848.00 |       837.30 |       872.07 |                  8.68 |                    5.00 |     24 |     4.9601 |
|        1 |         33 |           848.00 |       837.30 |       843.10 |                 10.64 |                    5.00 |     24 |     5.0787 |
|        1 |         34 |           848.00 |       837.30 |       848.00 |                  9.58 |                    5.00 |     24 |     5.1538 |
|        1 |         35 |           848.00 |       837.30 |       845.34 |                  5.00 |                    5.00 |     24 |     5.2224 |
|        1 |         36 |           848.00 |       836.75 |       836.75 |                  9.55 |                    5.00 |     24 |     5.2941 |
|        1 |         37 |           848.00 |       836.75 |       841.54 |                 16.18 |                    5.00 |     24 |     5.3412 |
|        1 |         38 |           848.00 |       836.75 |       848.00 |                  8.93 |                    5.00 |     24 |     5.4013 |
|        1 |         39 |           848.00 |       836.75 |       843.26 |                 10.84 |                    5.00 |     24 |     5.5075 |
|        1 |         40 |           848.00 |       836.75 |       848.13 |                 10.81 |                    5.00 |     24 |     5.5598 |
|        1 |         41 |           848.00 |       836.75 |       844.63 |                 10.65 |                    5.00 |     24 |     5.6435 |
|        1 |         42 |           848.00 |       836.75 |       846.93 |                 11.26 |                    5.00 |     24 |     5.7220 |
|        1 |         43 |           848.00 |       836.75 |       846.28 |                  9.18 |                    5.00 |     24 |     5.7847 |
|        1 |         44 |           848.00 |       836.75 |       847.59 |                  8.29 |                    5.00 |     24 |     5.8321 |
|        1 |         45 |           848.00 |       836.75 |       842.72 |                 10.79 |                    5.00 |     24 |     5.9508 |
|        1 |         46 |           848.00 |       836.75 |       842.56 |                 10.90 |                    5.00 |     24 |     6.1032 |
|        1 |         47 |           848.00 |       836.75 |       933.26 |                 21.45 |                   10.24 |     25 |     6.1587 |
|        1 |         48 |           848.00 |       836.75 |       878.10 |                 11.84 |                    5.54 |     25 |     6.2241 |
|        1 |         49 |           848.00 |       836.75 |       846.27 |                 10.23 |                    5.00 |     25 |     6.3250 |
|        1 |         50 |           848.00 |       836.75 |       844.43 |                 14.85 |                    5.00 |     25 |     6.4597 |
|        1 |         51 |           848.00 |       836.75 |       849.16 |                 22.77 |                    5.00 |     25 |     6.5032 |
|        1 |         52 |           848.00 |       836.75 |       848.00 |                 13.63 |                    5.00 |     25 |     6.5574 |
|        1 |         53 |           848.00 |       836.75 |       841.19 |                  7.50 |                    5.00 |     25 |     6.6687 |
|        1 |         54 |           848.00 |       836.75 |       839.57 |                  8.18 |                    5.00 |     25 |     6.7311 |
|        1 |         55 |           848.00 |       836.75 |       843.32 |                  9.18 |                    5.00 |     25 |     6.8030 |
|        1 |         56 |           848.00 |       836.75 |       871.98 |                 10.21 |                    5.00 |     25 |     6.8631 |
|        1 |         57 |           848.00 |       836.75 |       843.59 |                  8.57 |                    5.00 |     25 |     6.9476 |
|        1 |         58 |           848.00 |       836.75 |       839.57 |                  8.55 |                    5.00 |     25 |     6.9953 |
|        1 |         59 |           848.00 |       836.75 |       839.81 |                  8.70 |                    5.00 |     25 |     7.0484 |
|        1 |         60 |           848.00 |       836.75 |       841.00 |                  8.50 |                    5.00 |     25 |     7.0975 |
|        1 |         61 |           848.00 |       836.75 |       840.20 |                 15.44 |                    5.00 |     25 |     7.1405 |
|        1 |         62 |           848.00 |       836.75 |       846.75 |                 10.53 |                    5.00 |     25 |     7.1859 |
|        1 |         63 |           848.00 |       836.75 |       842.17 |                 10.30 |                    5.00 |     25 |     7.3658 |
|        1 |         64 |           848.00 |       836.75 |       843.47 |                  8.46 |                    5.00 |     25 |     7.4747 |
|        1 |         65 |           848.00 |       836.75 |       844.40 |                  9.51 |                    5.00 |     25 |     7.5324 |
|        1 |         66 |           848.00 |       836.75 |       844.00 |                 11.55 |                    5.00 |     25 |     7.6079 |
|        1 |         67 |           848.00 |       836.75 |       843.52 |                 17.14 |                    5.00 |     26 |     7.6976 |
|        1 |         68 |           848.00 |       836.75 |       851.64 |                 27.90 |                    5.00 |     26 |     7.7381 |
|        1 |         69 |           848.00 |       836.75 |       848.00 |                 14.07 |                    5.00 |     26 |     7.8155 |
|        1 |         70 |           848.00 |       836.75 |       843.96 |                 11.10 |                    5.00 |     26 |     7.9441 |
|        1 |         71 |           848.00 |       836.75 |       846.00 |                  8.94 |                    5.00 |     26 |     8.0425 |
|        1 |         72 |           848.00 |       836.75 |       842.71 |                 12.03 |                    5.00 |     26 |     8.0947 |
|        1 |         73 |           848.00 |       836.75 |       845.56 |                 16.35 |                    5.00 |     26 |     8.1626 |
|        1 |         74 |           848.00 |       836.75 |       844.30 |                 11.10 |                    5.00 |     26 |     8.2756 |
|        1 |         75 |           848.00 |       836.75 |       844.46 |                 18.98 |                    5.00 |     26 |     8.3461 |
|        1 |         76 |           848.00 |       836.75 |       848.00 |                  9.75 |                    5.00 |     26 |     8.4522 |
|        1 |         77 |           848.00 |       836.75 |       840.74 |                 14.65 |                    5.00 |     26 |     8.4955 |
|        1 |         78 |           848.00 |       836.75 |       845.65 |                 12.57 |                    5.00 |     26 |     8.5428 |
|        1 |         79 |           848.00 |       836.75 |       848.00 |                  9.27 |                    5.00 |     26 |     8.6334 |
|        1 |         80 |           848.00 |       836.75 |       843.89 |                  9.79 |                    5.00 |     26 |     8.7045 |
|        1 |         81 |           848.00 |       836.75 |       873.24 |                  9.46 |                    5.00 |     26 |     8.7954 |
|        1 |         82 |           848.00 |       836.75 |       871.32 |                 10.83 |                    5.00 |     26 |     8.8775 |
|        1 |         83 |           848.00 |       836.75 |       864.30 |                  5.07 |                    5.00 |     26 |     9.0171 |
|        1 |         84 |           848.00 |       836.75 |       864.30 |                  8.55 |                    5.00 |     26 |     9.0868 |
|        1 |         85 |           848.00 |       836.75 |       841.01 |                  8.26 |                    5.00 |     26 |     9.1636 |
|        1 |         86 |           848.00 |       836.75 |       845.90 |                  9.09 |                    5.00 |     26 |     9.2305 |
|        1 |         87 |           848.00 |       836.75 |       843.75 |                 18.25 |                    5.00 |     26 |     9.2818 |
|        1 |         88 |           848.00 |       836.75 |       848.00 |                  9.88 |                    5.00 |     26 |     9.3428 |
|        1 |         89 |           848.00 |       836.75 |       843.95 |                  9.27 |                    5.00 |     26 |     9.4011 |
|        1 |         90 |           848.00 |       836.75 |       847.98 |                  7.72 |                    5.00 |     26 |     9.4481 |
|        1 |         91 |           848.00 |       836.75 |       842.73 |                 12.94 |                    5.00 |     26 |     9.4960 |
|        1 |         92 |           848.00 |       836.75 |       845.33 |                  9.74 |                    5.00 |     26 |     9.5712 |
|        1 |         93 |           848.00 |       836.75 |       845.03 |                 11.24 |                    5.00 |     26 |     9.6885 |
|        1 |         94 |           848.00 |       836.75 |       878.10 |                  9.18 |                    5.00 |     26 |     9.7306 |
|        1 |         95 |           848.00 |       836.75 |       875.39 |                  9.91 |                    5.00 |     26 |     9.7819 |
|        1 |         96 |           848.00 |       836.75 |       845.37 |                 10.69 |                    5.00 |     26 |     9.8605 |
|        1 |         97 |           848.00 |       836.75 |       847.22 |                  9.35 |                    5.00 |     26 |     9.9204 |
|        1 |         98 |           848.00 |       836.75 |       847.75 |                 10.20 |                    5.00 |     26 |     9.9700 |
|        1 |         99 |           848.00 |       836.75 |       847.29 |                 11.34 |                    5.00 |     26 |    10.0404 |
|        1 |        100 |           848.00 |       836.75 |       842.46 |                  9.71 |                    5.00 |     26 |    10.1309 |
|        1 |        101 |           848.00 |       836.75 |       843.68 |                  9.65 |                    5.00 |     26 |    10.2208 |
|        1 |        102 |           848.00 |       836.75 |       840.65 |                 15.88 |                    5.00 |     26 |    10.2575 |
|        1 |        103 |           848.00 |       836.75 |       848.00 |                 14.75 |                    5.00 |     26 |    10.3088 |
|        1 |        104 |           848.00 |       836.75 |       843.07 |                 13.81 |                    5.00 |     26 |    10.4029 |
|        1 |        105 |           848.00 |       836.75 |       848.00 |                  9.69 |                    5.00 |     26 |    10.4788 |
|        1 |        106 |           848.00 |       836.75 |       843.29 |                  9.83 |                    5.00 |     26 |    10.5632 |
|        1 |        107 |           848.00 |       836.75 |       845.26 |                 10.19 |                    5.00 |     26 |    10.6363 |
|        1 |        108 |           848.00 |       836.75 |       853.40 |                 16.75 |                    5.00 |     27 |    10.6824 |
|        1 |        109 |           848.00 |       836.75 |       860.13 |                 31.98 |                    5.00 |     27 |    10.7351 |
|        1 |        110 |           848.00 |       836.75 |       848.00 |                 10.67 |                    5.00 |     27 |    10.8667 |
|        1 |        111 |           848.00 |       836.75 |       847.81 |                 11.07 |                    5.00 |     27 |    10.9348 |
|        1 |        112 |           848.00 |       836.75 |       848.00 |                  9.31 |                    5.00 |     27 |    10.9875 |
|        1 |        113 |           848.00 |       836.75 |       842.67 |                 10.98 |                    5.00 |     27 |    11.0609 |
|        1 |        114 |           848.00 |       836.75 |       845.03 |                 11.94 |                    5.00 |     27 |    11.1651 |
|        1 |        115 |           848.00 |       836.75 |       845.94 |                 10.55 |                    5.00 |     27 |    11.2195 |
|        1 |        116 |           848.00 |       836.75 |       848.00 |                  7.71 |                    5.00 |     27 |    11.2751 |
|        1 |        117 |           848.00 |       836.75 |       841.82 |                 11.13 |                    5.00 |     27 |    11.3245 |
|        1 |        118 |           848.00 |       836.75 |       844.81 |                 20.20 |                    5.00 |     27 |    11.3992 |
|        1 |        119 |           848.00 |       836.75 |       854.00 |                 31.29 |                    5.00 |     27 |    11.4402 |
|        1 |        120 |           848.00 |       836.75 |       848.00 |                 16.09 |                    5.00 |     27 |    11.5261 |
|        1 |        121 |           848.00 |       836.75 |       878.10 |                  8.98 |                    5.00 |     27 |    11.5756 |
|        1 |        122 |           848.00 |       836.75 |       844.86 |                 10.58 |                    5.00 |     27 |    11.6733 |
|        1 |        123 |           848.00 |       836.75 |       844.43 |                  9.63 |                    5.00 |     27 |    11.7418 |
|        1 |        124 |           848.00 |       836.75 |       846.32 |                  8.17 |                    5.00 |     27 |    11.8242 |
|        1 |        125 |           848.00 |       836.75 |       841.01 |                 11.09 |                    5.00 |     27 |    11.9082 |
|        1 |        126 |           848.00 |       836.75 |       875.15 |                  8.35 |                    5.00 |     27 |    11.9688 |
|        1 |        127 |           848.00 |       836.75 |       872.91 |                 11.23 |                    5.00 |     27 |    12.0257 |
|        1 |        128 |           848.00 |       836.75 |       874.85 |                  7.89 |                    5.00 |     27 |    12.0806 |
|        1 |        129 |           848.00 |       836.75 |       841.55 |                  9.78 |                    5.00 |     27 |    12.1787 |
|        1 |        130 |           848.00 |       836.75 |       873.95 |                  8.36 |                    5.00 |     27 |    12.2790 |
|        1 |        131 |           848.00 |       836.75 |       872.59 |                 11.38 |                    5.00 |     27 |    12.3235 |
|        1 |        132 |           848.00 |       836.75 |       870.44 |                  6.83 |                    5.00 |     27 |    12.4878 |
|        1 |        133 |           848.00 |       836.75 |       871.34 |                  9.48 |                    5.00 |     27 |    12.5365 |
|        1 |        134 |           848.00 |       836.75 |       844.20 |                 11.14 |                    5.00 |     27 |    12.6875 |
|        1 |        135 |           848.00 |       836.75 |       846.62 |                  8.71 |                    5.00 |     27 |    12.7928 |
|        1 |        136 |           848.00 |       836.75 |       843.17 |                  9.56 |                    5.00 |     27 |    12.9154 |
|        1 |        137 |           848.00 |       836.75 |       846.41 |                  6.78 |                    5.00 |     27 |    12.9705 |
|        1 |        138 |           848.00 |       836.75 |       864.30 |                  5.86 |                    5.00 |     27 |    13.0282 |
|        1 |        139 |           848.00 |       836.75 |       838.35 |                  7.81 |                    5.00 |     27 |    13.1264 |
|        1 |        140 |           848.00 |       836.75 |       843.39 |                  9.70 |                    5.00 |     27 |    13.1768 |
|        1 |        141 |           848.00 |       836.75 |       843.79 |                 10.66 |                    5.00 |     27 |    13.2780 |
|        1 |        142 |           848.00 |       836.75 |       853.04 |                 18.22 |                    5.00 |     27 |    13.3418 |
|        1 |        143 |           848.00 |       836.75 |       848.00 |                 13.44 |                    5.00 |     27 |    13.4204 |
|        1 |        144 |           848.00 |       836.75 |       843.24 |                 10.94 |                    5.00 |     27 |    13.5261 |
|        1 |        145 |           848.00 |       836.75 |       848.00 |                 10.05 |                    5.00 |     27 |    13.5957 |
|        1 |        146 |           848.00 |       836.75 |       864.30 |                  5.84 |                    5.00 |     27 |    13.6504 |
|        1 |        147 |           848.00 |       836.75 |       864.30 |                  5.00 |                    5.00 |     27 |    13.7121 |
|        1 |        148 |           848.00 |       836.75 |       864.30 |                  5.00 |                    5.00 |     27 |    13.7611 |
|        1 |        149 |           848.00 |       836.75 |       838.96 |                 10.20 |                    5.00 |     27 |    13.8767 |
|        1 |        150 |           848.00 |       836.75 |       842.46 |                 10.47 |                    5.00 |     27 |    13.9367 |
|        1 |        151 |           848.00 |       836.75 |       873.29 |                 10.34 |                    5.00 |     29 |    13.9743 |
|        1 |        152 |           848.00 |       836.75 |       873.26 |                 18.03 |                    5.00 |     29 |    14.0469 |
|        1 |        153 |           848.00 |       836.75 |       848.00 |                  9.84 |                    5.00 |     29 |    14.1322 |
|        1 |        154 |           848.00 |       836.75 |       843.22 |                  9.87 |                    5.00 |     29 |    14.2489 |
|        1 |        155 |           848.00 |       836.75 |       842.91 |                 13.49 |                    5.00 |     29 |    14.3856 |
|        1 |        156 |           848.00 |       836.75 |       848.00 |                  7.60 |                    5.00 |     29 |    14.4460 |
|        1 |        157 |           848.00 |       836.75 |       842.50 |                 10.54 |                    5.00 |     29 |    14.4942 |
|        1 |        158 |           848.00 |       836.75 |       843.82 |                 13.47 |                    5.00 |     29 |    14.5829 |
|        1 |        159 |           848.00 |       836.75 |       845.46 |                 16.49 |                    5.00 |     29 |    14.7094 |
|        1 |        160 |           848.00 |       836.75 |       848.00 |                  8.84 |                    5.00 |     29 |    14.7753 |
|        1 |        161 |           848.00 |       836.75 |       842.13 |                 10.22 |                    5.00 |     29 |    14.8473 |
|        1 |        162 |           848.00 |       836.75 |       844.04 |                  9.50 |                    5.00 |     29 |    14.8935 |
|        1 |        163 |           848.00 |       836.75 |       843.09 |                  8.57 |                    5.00 |     29 |    14.9403 |
|        1 |        164 |           848.00 |       836.75 |       842.15 |                 13.54 |                    5.00 |     29 |    14.9964 |
|        1 |        165 |           848.00 |       836.75 |       845.21 |                  8.50 |                    5.00 |     29 |    15.0891 |
|        1 |        166 |           848.00 |       836.75 |       864.30 |                  8.72 |                    5.00 |     29 |    15.1537 |
|        1 |        167 |           848.00 |       836.75 |       864.30 |                  5.17 |                    5.00 |     29 |    15.1983 |
|        1 |        168 |           848.00 |       836.75 |       864.30 |                  6.16 |                    5.00 |     29 |    15.2383 |
|        1 |        169 |           848.00 |       836.75 |       864.30 |                  7.08 |                    5.00 |     29 |    15.3006 |
|        1 |        170 |           848.00 |       836.75 |       840.77 |                  9.63 |                    5.00 |     29 |    15.3389 |
|        1 |        171 |           848.00 |       836.75 |       845.22 |                  8.41 |                    5.00 |     29 |    15.4424 |
|        1 |        172 |           848.00 |       836.75 |       844.12 |                 10.23 |                    5.00 |     29 |    15.5087 |
|        1 |        173 |           848.00 |       836.75 |       848.58 |                  5.76 |                    5.00 |     29 |    15.5758 |
|        1 |        174 |           848.00 |       836.75 |       869.27 |                  9.57 |                    5.00 |     29 |    15.6184 |
|        1 |        175 |           848.00 |       836.75 |       846.24 |                 10.31 |                    5.00 |     29 |    15.7132 |
|        1 |        176 |           848.00 |       836.75 |       842.62 |                  5.00 |                    5.00 |     29 |    15.8070 |
|        1 |        177 |           848.00 |       836.75 |       837.30 |                  7.44 |                    5.00 |     29 |    15.8448 |
|        1 |        178 |           848.00 |       836.75 |       841.18 |                  9.43 |                    5.00 |     29 |    15.8940 |
|        1 |        179 |           848.00 |       836.75 |       846.36 |                  8.77 |                    5.00 |     29 |    15.9405 |
|        1 |        180 |           848.00 |       836.75 |       845.55 |                 10.56 |                    5.00 |     29 |    16.0103 |
|        1 |        181 |           848.00 |       836.75 |       848.00 |                 10.01 |                    5.00 |     29 |    16.0609 |
|        1 |        182 |           848.00 |       836.75 |       872.92 |                 11.37 |                    5.00 |     29 |    16.1197 |
|        1 |        183 |           848.00 |       836.75 |       871.78 |                  9.72 |                    5.00 |     29 |    16.2114 |
|        1 |        184 |           848.00 |       836.75 |       871.22 |                 11.47 |                    5.00 |     29 |    16.2841 |
|        1 |        185 |           848.00 |       836.75 |       871.77 |                  9.07 |                    5.00 |     29 |    16.3663 |
|        1 |        186 |           848.00 |       836.75 |       872.03 |                 13.05 |                    5.00 |     29 |    16.4651 |
|        1 |        187 |           848.00 |       836.75 |       869.61 |                 11.74 |                    5.00 |     29 |    16.5518 |
|        1 |        188 |           848.00 |       836.75 |       909.23 |                  9.64 |                    5.00 |     32 |    16.6661 |
|        1 |        189 |           848.00 |       836.75 |       873.68 |                 10.47 |                    5.00 |     32 |    16.7802 |
|        1 |        190 |           848.00 |       836.75 |       879.05 |                 10.22 |                    5.00 |     32 |    16.8383 |
|        1 |        191 |           848.00 |       836.75 |       910.55 |                 13.76 |                    6.41 |     34 |    16.8871 |
|        1 |        192 |           848.00 |       836.75 |       841.41 |                  8.67 |                    5.00 |     34 |    17.0827 |
|        1 |        193 |           848.00 |       836.75 |       840.12 |                 13.41 |                    5.00 |     34 |    17.1484 |
|        1 |        194 |           848.00 |       836.75 |       847.13 |                 12.08 |                    5.00 |     34 |    17.2320 |
|        1 |        195 |           848.00 |       836.75 |       845.84 |                  8.74 |                    5.00 |     34 |    17.2871 |
|        1 |        196 |           848.00 |       836.75 |       872.60 |                 15.57 |                    5.00 |     34 |    17.3360 |
|        1 |        197 |           848.00 |       836.75 |       848.00 |                 12.69 |                    5.00 |     34 |    17.4082 |
|        1 |        198 |           848.00 |       836.75 |       848.00 |                  9.56 |                    5.00 |     34 |    17.4635 |
|        1 |        199 |           848.00 |       836.75 |       846.59 |                  9.43 |                    5.00 |     34 |    17.5199 |
|        1 |        200 |           848.00 |       836.75 |       846.73 |                  6.11 |                    5.00 |     34 |    17.5868 |
|        1 |        201 |           848.00 |       836.75 |       837.55 |                  9.01 |                    5.00 |     34 |    17.6266 |
|        1 |        202 |           848.00 |       836.75 |       909.38 |                 17.54 |                    5.00 |     37 |    17.6869 |
|        1 |        203 |           848.00 |       836.75 |       917.64 |                 11.38 |                    5.00 |     37 |    17.7326 |
|        1 |        204 |           848.00 |       836.75 |       842.91 |                  8.34 |                    5.00 |     37 |    17.9194 |
|        1 |        205 |           848.00 |       836.75 |       841.36 |                  8.31 |                    5.00 |     37 |    17.9745 |
|        1 |        206 |           848.00 |       836.75 |       875.10 |                 10.53 |                    5.00 |     37 |    18.0409 |
|        1 |        207 |           848.00 |       836.75 |       864.30 |                  6.47 |                    5.00 |     37 |    18.1415 |
|        1 |        208 |           848.00 |       836.75 |       839.13 |                 11.75 |                    5.00 |     37 |    18.2097 |
|        1 |        209 |           848.00 |       836.75 |       842.98 |                  7.51 |                    5.00 |     37 |    18.3370 |
|        1 |        210 |           848.00 |       836.75 |       847.29 |                 12.10 |                    5.00 |     38 |    18.4000 |
|        1 |        211 |           848.00 |       836.75 |       848.72 |                  6.74 |                    5.00 |     38 |    18.4774 |
|        1 |        212 |           848.00 |       836.75 |       841.75 |                 10.43 |                    5.00 |     38 |    18.5279 |
|        1 |        213 |           848.00 |       836.75 |       841.11 |                  8.85 |                    5.00 |     38 |    18.5951 |
|        1 |        214 |           848.00 |       836.75 |       843.26 |                  9.63 |                    5.00 |     38 |    18.6990 |
|        1 |        215 |           848.00 |       836.75 |       845.98 |                  8.86 |                    5.00 |     38 |    18.7530 |
|        1 |        216 |           848.00 |       836.75 |       841.92 |                 10.45 |                    5.00 |     38 |    18.8181 |
|        1 |        217 |           848.00 |       836.75 |       845.09 |                 10.72 |                    5.00 |     38 |    18.9003 |
|        1 |        218 |           848.00 |       836.75 |       843.95 |                 11.55 |                    5.00 |     38 |    18.9897 |
|        1 |        219 |           848.00 |       836.75 |       840.28 |                  8.39 |                    5.00 |     38 |    19.1376 |
|        1 |        220 |           848.00 |       836.75 |       842.08 |                 11.79 |                    5.00 |     38 |    19.2934 |
|        1 |        221 |           848.00 |       836.75 |       848.00 |                 10.11 |                    5.00 |     38 |    19.3657 |
|        1 |        222 |           848.00 |       836.75 |       848.00 |                 16.44 |                    5.00 |     38 |    19.4234 |
|        1 |        223 |           848.00 |       836.75 |       848.00 |                 10.35 |                    5.00 |     38 |    19.4666 |
|        1 |        224 |           848.00 |       836.75 |       844.55 |                 14.94 |                    5.00 |     38 |    19.5214 |
|        1 |        225 |           848.00 |       836.75 |       844.31 |                 12.39 |                    5.00 |     38 |    19.6415 |
|        1 |        226 |           848.00 |       836.75 |       848.00 |                 10.52 |                    5.00 |     38 |    19.7149 |
|        1 |        227 |           848.00 |       836.75 |       843.01 |                  9.86 |                    5.00 |     38 |    19.8043 |
|        1 |        228 |           848.00 |       836.75 |       847.01 |                  9.53 |                    5.00 |     38 |    19.8632 |
------------------------------------------------------------------------------------------------------------------------------------------------
|  Restart |  Iteration |  Best Feas. Cost |    Best Cost |   Curr. Cost |   Penalty Custom Res. |   Penalty Standard Res. |   Pool |   Time (s) |
------------------------------------------------------------------------------------------------------------------------------------------------
|        1 |        229 |           848.00 |       836.75 |       838.92 |                 10.65 |                    5.00 |     38 |    20.0134 |
|        1 |        230 |           848.00 |       836.75 |       841.13 |                 17.85 |                    5.00 |     38 |    20.0772 |
|        1 |        231 |           848.00 |       836.75 |       848.00 |                 10.68 |                    5.00 |     38 |    20.1384 |
|        1 |        232 |           848.00 |       836.75 |       844.91 |                  9.79 |                    5.00 |     38 |    20.2490 |
|        1 |        233 |           848.00 |       836.75 |       848.00 |                  8.74 |                    5.00 |     38 |    20.3230 |
|        1 |        234 |           848.00 |       836.75 |       842.74 |                  9.59 |                    5.00 |     38 |    20.4382 |
|        1 |        235 |           848.00 |       836.75 |       841.05 |                  9.83 |                    5.00 |     38 |    20.5236 |
|        1 |        236 |           848.00 |       836.75 |       844.00 |                  9.76 |                    5.00 |     38 |    20.6442 |
|        1 |        237 |           848.00 |       836.75 |       880.42 |                  8.90 |                    5.00 |     38 |    20.6916 |
|        1 |        238 |           848.00 |       836.75 |       874.15 |                  8.30 |                    5.00 |     38 |    20.8415 |
|        1 |        239 |           848.00 |       836.75 |       875.12 |                  8.43 |                    5.00 |     38 |    20.9078 |
|        1 |        240 |           848.00 |       836.75 |       877.65 |                 10.48 |                    5.00 |     38 |    20.9542 |
|        1 |        241 |           848.00 |       836.75 |       874.11 |                  7.71 |                    5.00 |     38 |    21.0513 |
|        1 |        242 |           848.00 |       836.75 |       875.99 |                 10.18 |                    5.00 |     38 |    21.0916 |
|        1 |        243 |           848.00 |       836.75 |       879.02 |                  9.62 |                    5.00 |     38 |    21.1920 |
|        1 |        244 |           848.00 |       836.75 |       842.20 |                 11.19 |                    5.00 |     38 |    21.3498 |
|        1 |        245 |           848.00 |       836.75 |       842.51 |                 10.45 |                    5.00 |     38 |    21.4920 |
|        1 |        246 |           848.00 |       836.75 |       846.78 |                  8.44 |                    5.00 |     38 |    21.5535 |
|        1 |        247 |           848.00 |       836.75 |       840.58 |                  9.75 |                    5.00 |     38 |    21.6482 |
|        1 |        248 |           848.00 |       836.75 |       845.09 |                  8.60 |                    5.00 |     38 |    21.7449 |
|        1 |        249 |           848.00 |       836.75 |       845.36 |                  9.29 |                    5.00 |     38 |    21.8038 |
|        1 |        250 |           848.00 |       836.75 |       845.66 |                 10.32 |                    5.00 |     38 |    21.8886 |
|        1 |        251 |           848.00 |       836.75 |       848.00 |                  9.03 |                    5.00 |     38 |    21.9436 |
|        1 |        252 |           848.00 |       836.75 |       842.18 |                 10.53 |                    5.00 |     38 |    22.0500 |
|        1 |        253 |           848.00 |       836.75 |       845.03 |                  9.57 |                    5.00 |     38 |    22.1652 |
|        1 |        254 |           848.00 |       836.75 |       847.42 |                  8.38 |                    5.00 |     38 |    22.2187 |
|        1 |        255 |           848.00 |       836.75 |       873.47 |                 12.95 |                    5.00 |     38 |    22.3037 |
|        1 |        256 |           848.00 |       836.75 |       842.18 |                 10.60 |                    5.00 |     38 |    22.4568 |
|        1 |        257 |           848.00 |       836.75 |       842.14 |                 14.12 |                    5.00 |     38 |    22.5058 |
|        1 |        258 |           848.00 |       836.75 |       848.00 |                  8.98 |                    5.00 |     38 |    22.5436 |
|        1 |        259 |           848.00 |       836.75 |       844.21 |                 11.04 |                    5.00 |     38 |    22.5991 |
|        1 |        260 |           848.00 |       836.75 |       847.65 |                  8.82 |                    5.00 |     38 |    22.6714 |
|        1 |        261 |           848.00 |       836.75 |       843.10 |                  9.91 |                    5.00 |     38 |    22.7449 |
|        1 |        262 |           848.00 |       836.75 |       846.91 |                 10.92 |                    5.00 |     38 |    22.7926 |
|        1 |        263 |           848.00 |       836.75 |       840.76 |                 11.41 |                    5.00 |     38 |    22.8888 |
|        1 |        264 |           848.00 |       836.75 |       842.10 |                  9.38 |                    5.00 |     38 |    22.9813 |
|        1 |        265 |           848.00 |       836.75 |       846.03 |                  9.53 |                    5.00 |     38 |    23.0502 |
|        1 |        266 |           848.00 |       836.75 |       873.59 |                 10.27 |                    5.00 |     38 |    23.1435 |
|        1 |        267 |           848.00 |       836.75 |       873.03 |                 17.66 |                    5.00 |     38 |    23.2597 |
|        1 |        268 |           848.00 |       836.75 |       878.10 |                  7.67 |                    5.00 |     38 |    23.3283 |
|        1 |        269 |           848.00 |       836.75 |       840.72 |                 18.55 |                    5.00 |     38 |    23.4356 |
|        1 |        270 |           848.00 |       836.75 |       848.00 |                 10.35 |                    5.00 |     38 |    23.4897 |
|        1 |        271 |           848.00 |       836.75 |       846.60 |                 10.42 |                    5.00 |     38 |    23.5485 |
|        1 |        272 |           848.00 |       836.75 |       842.28 |                 10.38 |                    5.00 |     38 |    23.6137 |
|        1 |        273 |           848.00 |       836.75 |       843.17 |                 10.86 |                    5.00 |     38 |    23.6955 |
|        1 |        274 |           848.00 |       836.75 |       842.44 |                 10.47 |                    5.00 |     38 |    23.8043 |
|        1 |        275 |           848.00 |       836.75 |       838.52 |                  7.94 |                    5.00 |     38 |    23.9278 |
|        1 |        276 |           848.00 |       836.75 |       841.33 |                  8.62 |                    5.00 |     38 |    24.0479 |
|        1 |        277 |           848.00 |       836.75 |       844.71 |                 14.02 |                    5.00 |     38 |    24.0973 |
|        1 |        278 |           848.00 |       836.75 |       848.00 |                  8.64 |                    5.00 |     38 |    24.1684 |
|        1 |        279 |           848.00 |       836.75 |       843.07 |                  9.99 |                    5.00 |     38 |    24.2404 |
|        1 |        280 |           848.00 |       836.75 |       843.13 |                  9.35 |                    5.00 |     38 |    24.3460 |
|        1 |        281 |           848.00 |       836.75 |       843.67 |                  9.47 |                    5.00 |     38 |    24.4500 |
|        1 |        282 |           848.00 |       836.75 |       841.99 |                 10.59 |                    5.00 |     38 |    24.5963 |
|        1 |        283 |           848.00 |       836.75 |       846.46 |                  9.75 |                    5.00 |     38 |    24.6520 |
|        1 |        284 |           848.00 |       836.75 |       847.19 |                 10.63 |                    5.00 |     38 |    24.7123 |
|        1 |        285 |           848.00 |       836.75 |       848.00 |                 12.07 |                    5.00 |     38 |    24.7635 |
|        1 |        286 |           848.00 |       836.75 |       844.76 |                  9.37 |                    5.00 |     38 |    24.8237 |
|        1 |        287 |           848.00 |       836.75 |       875.21 |                  9.82 |                    5.00 |     38 |    24.8752 |
|        1 |        288 |           848.00 |       836.75 |       873.58 |                 10.45 |                    5.00 |     38 |    25.0118 |
|        1 |        289 |           848.00 |       836.75 |       844.04 |                  5.43 |                    5.00 |     38 |    25.0839 |
|        1 |        290 |           848.00 |       836.75 |       837.30 |                  6.46 |                    5.00 |     38 |    25.1501 |
|        1 |        291 |           848.00 |       836.75 |       837.30 |                  7.98 |                    5.00 |     38 |    25.2357 |
|        1 |        292 |           848.00 |       836.75 |       844.74 |                  8.70 |                    5.00 |     38 |    25.2991 |
|        1 |        293 |           848.00 |       836.75 |       842.33 |                  8.30 |                    5.00 |     38 |    25.4172 |
|        1 |        294 |           848.00 |       836.75 |       842.94 |                 16.16 |                    5.00 |     38 |    25.4787 |
|        1 |        295 |           848.00 |       836.75 |       878.10 |                  9.76 |                    5.00 |     38 |    25.5551 |
|        1 |        296 |           848.00 |       836.75 |       874.01 |                  7.12 |                    5.00 |     38 |    25.6426 |
|        1 |        297 |           848.00 |       836.75 |       843.79 |                  9.96 |                    5.00 |     38 |    25.7565 |
|        1 |        298 |           848.00 |       836.75 |       843.85 |                 10.94 |                    5.00 |     38 |    25.8424 |
|        1 |        299 |           848.00 |       836.75 |       843.98 |                 10.55 |                    5.00 |     39 |    25.9530 |
|        1 |        300 |           848.00 |       836.75 |       876.04 |                 18.04 |                    5.00 |     39 |    26.0152 |
|        1 |        301 |           848.00 |       836.75 |       878.10 |                 13.57 |                    5.00 |     39 |    26.0950 |
|        1 |        302 |           848.00 |       836.75 |       844.17 |                 13.92 |                    5.00 |     39 |    26.1974 |
|        1 |        303 |           848.00 |       836.75 |       841.57 |                 16.23 |                    5.00 |     39 |    26.3149 |
|        1 |        304 |           848.00 |       836.75 |       848.00 |                 11.17 |                    5.00 |     39 |    26.3751 |
|        1 |        305 |           848.00 |       836.75 |       843.50 |                 10.17 |                    5.00 |     39 |    26.4436 |
|        1 |        306 |           848.00 |       836.75 |       845.62 |                  7.33 |                    5.00 |     39 |    26.5734 |
|        1 |        307 |           848.00 |       836.75 |       841.07 |                  8.30 |                    5.00 |     39 |    26.6635 |
|        1 |        308 |           848.00 |       836.75 |       844.52 |                 10.69 |                    5.00 |     39 |    26.7782 |
|        1 |        309 |           848.00 |       836.75 |       844.55 |                  5.32 |                    5.00 |     39 |    26.9122 |
|        1 |        310 |           848.00 |       836.75 |       837.30 |                  8.90 |                    5.00 |     39 |    26.9858 |
|        1 |        311 |           848.00 |       836.75 |       872.21 |                  7.47 |                    5.00 |     39 |    27.0773 |
|        1 |        312 |           848.00 |       836.75 |       898.60 |                  6.35 |                    5.00 |     39 |    27.2038 |
|        1 |        313 |           848.00 |       836.75 |       872.44 |                  5.33 |                    5.00 |     39 |    27.2688 |
|        1 |        314 |           848.00 |       836.75 |       867.40 |                  6.94 |                    5.00 |     39 |    27.3332 |
|        1 |        315 |           848.00 |       836.75 |       846.14 |                 15.79 |                    7.44 |     39 |    27.4425 |
|        1 |        316 |           848.00 |       836.75 |       848.00 |                  8.64 |                    5.00 |     39 |    27.4882 |
|        1 |        317 |           848.00 |       836.75 |       842.11 |                 12.17 |                    5.00 |     39 |    27.6062 |
|        1 |        318 |           848.00 |       836.75 |       845.31 |                 10.86 |                    5.00 |     39 |    27.6865 |
|        1 |        319 |           848.00 |       836.75 |       848.00 |                  7.63 |                    5.00 |     39 |    27.7350 |
|        1 |        320 |           848.00 |       836.75 |       842.87 |                  9.19 |                    5.00 |     39 |    27.8499 |
|        1 |        321 |           848.00 |       836.75 |       864.30 |                  5.00 |                    5.00 |     39 |    27.9154 |
|        1 |        322 |           848.00 |       836.75 |       837.30 |                  7.66 |                    5.00 |     39 |    27.9818 |
|        1 |        323 |           848.00 |       836.75 |       839.18 |                 10.89 |                    5.00 |     39 |    28.1159 |
|        1 |        324 |           848.00 |       836.75 |       842.11 |                 10.33 |                    5.00 |     39 |    28.1717 |
|        1 |        325 |           848.00 |       836.75 |       841.75 |                 16.47 |                    5.00 |     39 |    28.2338 |
|        1 |        326 |           848.00 |       836.75 |       848.00 |                  9.85 |                    5.00 |     39 |    28.3090 |
|        1 |        327 |           848.00 |       836.75 |       841.24 |                 11.17 |                    5.00 |     39 |    28.3777 |
|        1 |        328 |           848.00 |       836.75 |       848.00 |                 11.71 |                    5.00 |     39 |    28.4301 |
|        1 |        329 |           848.00 |       836.75 |       842.31 |                  8.78 |                    5.00 |     39 |    28.5592 |
|        1 |        330 |           848.00 |       836.75 |       840.05 |                  9.11 |                    5.00 |     39 |    28.6222 |
|        1 |        331 |           848.00 |       836.75 |       840.20 |                 12.14 |                    5.00 |     39 |    28.6696 |
|        1 |        332 |           848.00 |       836.75 |       840.63 |                 10.19 |                    5.00 |     39 |    28.7703 |
|        1 |        333 |           848.00 |       836.75 |       844.06 |                  9.71 |                    5.00 |     39 |    28.9033 |
|        1 |        334 |           848.00 |       836.75 |       876.31 |                 10.38 |                    5.00 |     39 |    28.9593 |
|        1 |        335 |           848.00 |       836.75 |       875.60 |                  8.21 |                    5.00 |     39 |    29.0224 |
|        1 |        336 |           848.00 |       836.75 |       845.62 |                  6.12 |                    5.00 |     39 |    29.1120 |
|        1 |        337 |           848.00 |       836.75 |       839.54 |                  7.68 |                    5.00 |     39 |    29.1525 |
|        1 |        338 |           848.00 |       836.75 |       837.30 |                  7.29 |                    5.00 |     39 |    29.2421 |
|        1 |        339 |           848.00 |       836.75 |       840.48 |                 10.11 |                    5.00 |     39 |    29.3335 |
|        1 |        340 |           848.00 |       836.75 |       845.95 |                  9.78 |                    5.00 |     39 |    29.3986 |
|        1 |        341 |           848.00 |       836.75 |       844.57 |                 11.73 |                    5.00 |     39 |    29.5311 |
|        1 |        342 |           848.00 |       836.75 |       838.45 |                  8.63 |                    5.00 |     39 |    29.6516 |
|        1 |        343 |           848.00 |       836.75 |       868.00 |                  6.44 |                    5.00 |     42 |    29.7032 |
|        1 |        344 |           848.00 |       836.75 |       868.00 |                  5.00 |                    5.00 |     42 |    29.7569 |
|        1 |        345 |           848.00 |       836.75 |       864.30 |                  5.00 |                    5.00 |     42 |    29.8555 |
|        1 |        346 |           848.00 |       836.75 |       864.30 |                  5.00 |                    5.00 |     42 |    29.9067 |
|        1 |        347 |           848.00 |       836.75 |       837.30 |                  7.44 |                    7.08 |     42 |    29.9594 |
|        1 |        348 |           848.00 |       836.75 |       841.88 |                  9.52 |                    5.00 |     42 |    30.0334 |
|        1 |        349 |           848.00 |       836.75 |       844.89 |                  8.24 |                    5.00 |     42 |    30.0991 |
|        1 |        350 |           848.00 |       836.75 |       839.73 |                 10.84 |                    5.00 |     42 |    30.1934 |
|        1 |        351 |           848.00 |       836.75 |       878.10 |                  6.17 |                    5.00 |     42 |    30.2542 |
|        1 |        352 |           848.00 |       836.75 |       869.37 |                  8.65 |                    5.00 |     42 |    30.2915 |
|        1 |        353 |           848.00 |       836.75 |       872.27 |                  9.81 |                    5.00 |     42 |    30.3580 |
|        1 |        354 |           848.00 |       836.75 |       873.10 |                 11.22 |                    5.00 |     42 |    30.4526 |
|        1 |        355 |           848.00 |       836.75 |       841.89 |                 22.59 |                    5.00 |     43 |    30.6248 |
|        1 |        356 |           848.00 |       836.75 |       855.58 |                 40.24 |                    5.00 |     43 |    30.6735 |
|        1 |        357 |           848.00 |       836.75 |       863.30 |                 21.57 |                    5.00 |     45 |    30.7264 |
|        1 |        358 |           848.00 |       836.75 |       877.25 |                 13.27 |                    5.00 |     45 |    30.8254 |
|        1 |        359 |           848.00 |       836.75 |       908.78 |                 14.62 |                    5.00 |     45 |    30.8758 |
|        1 |        360 |           848.00 |       836.75 |       848.00 |                  8.57 |                    5.00 |     45 |    30.9650 |
|        1 |        361 |           848.00 |       836.75 |       841.73 |                  6.57 |                    5.00 |     45 |    31.0764 |
|        1 |        362 |           848.00 |       836.75 |       840.80 |                 10.45 |                    5.00 |     45 |    31.1736 |
|        1 |        363 |           848.00 |       836.75 |       864.30 |                  5.00 |                    5.00 |     45 |    31.2455 |
|        1 |        364 |           848.00 |       836.75 |       864.30 |                  5.00 |                    5.00 |     45 |    31.2966 |
|        1 |        365 |           848.00 |       836.75 |       864.30 |                  5.26 |                    5.00 |     45 |    31.3448 |
|        1 |        366 |           848.00 |       836.75 |       837.30 |                  6.87 |                    5.00 |     45 |    31.4593 |
|        1 |        367 |           848.00 |       836.75 |       841.05 |                  5.00 |                    5.00 |     45 |    31.5090 |
|        1 |        368 |           848.00 |       836.75 |       839.50 |                  8.13 |                    5.00 |     45 |    31.5735 |
|        1 |        369 |           848.00 |       836.75 |       876.64 |                  9.99 |                    5.00 |     45 |    31.6318 |
|        1 |        370 |           848.00 |       836.75 |       875.41 |                  9.17 |                    5.00 |     45 |    31.7298 |
|        1 |        371 |           848.00 |       836.75 |       847.42 |                 17.77 |                    5.00 |     45 |    31.8716 |
|        1 |        372 |           848.00 |       836.75 |       848.00 |                 11.98 |                    5.00 |     45 |    31.9460 |
|        1 |        373 |           848.00 |       836.75 |       843.46 |                 10.66 |                    5.00 |     45 |    32.0625 |
|        1 |        374 |           848.00 |       836.75 |       848.00 |                  9.80 |                    5.00 |     45 |    32.1295 |
|        1 |        375 |           848.00 |       836.75 |       873.85 |                 10.12 |                    5.00 |     45 |    32.2757 |
|        1 |        376 |           848.00 |       836.75 |       872.93 |                 12.19 |                    5.00 |     45 |    32.3304 |
|        1 |        377 |           848.00 |       836.75 |       876.06 |                 18.89 |                    5.00 |     45 |    32.3706 |
|        1 |        378 |           848.00 |       836.75 |       845.65 |                 10.84 |                    5.00 |     45 |    32.4590 |
|        1 |        379 |           848.00 |       836.75 |       844.35 |                 10.81 |                    5.00 |     45 |    32.5068 |
|        1 |        380 |           848.00 |       836.75 |       844.56 |                 10.00 |                    5.00 |     45 |    32.6435 |
|        1 |        381 |           848.00 |       836.75 |       846.51 |                  8.67 |                    5.00 |     45 |    32.6877 |
|        1 |        382 |           848.00 |       836.75 |       844.63 |                 10.99 |                    5.00 |     45 |    32.7313 |
|        1 |        383 |           848.00 |       836.75 |       844.27 |                 11.39 |                    5.00 |     45 |    32.7968 |
|        1 |        384 |           848.00 |       836.75 |       843.46 |                 14.97 |                    5.00 |     45 |    32.9091 |
|        1 |        385 |           848.00 |       836.75 |       848.00 |                  9.33 |                    5.00 |     45 |    32.9545 |
|        1 |        386 |           848.00 |       836.75 |       842.52 |                 10.25 |                    5.00 |     45 |    33.0703 |
|        1 |        387 |           848.00 |       836.75 |       847.59 |                  8.29 |                    5.00 |     45 |    33.1047 |
|        1 |        388 |           848.00 |       836.75 |       841.84 |                  9.99 |                    5.00 |     45 |    33.1515 |
|        1 |        389 |           848.00 |       836.75 |       841.35 |                 12.86 |                    5.00 |     45 |    33.2821 |
|        1 |        390 |           848.00 |       836.75 |       843.99 |                  9.79 |                    5.00 |     45 |    33.3299 |
|        1 |        391 |           848.00 |       836.75 |       840.79 |                 15.31 |                    5.00 |     45 |    33.3647 |
|        1 |        392 |           848.00 |       836.75 |       873.21 |                 12.69 |                    5.00 |     45 |    33.4926 |
|        1 |        393 |           848.00 |       836.75 |       848.00 |                  9.52 |                    5.00 |     45 |    33.6097 |
|        1 |        394 |           848.00 |       836.75 |       840.44 |                  8.08 |                    5.00 |     45 |    33.6871 |
|        1 |        395 |           848.00 |       836.75 |       842.64 |                  8.69 |                    5.00 |     45 |    33.8155 |
|        1 |        396 |           848.00 |       836.75 |       840.69 |                 15.29 |                    5.00 |     45 |    33.8906 |
|        1 |        397 |           848.00 |       836.75 |       843.49 |                 10.89 |                    5.00 |     45 |    34.0422 |
|        1 |        398 |           848.00 |       836.75 |       842.91 |                  8.42 |                    5.00 |     45 |    34.1514 |
|        1 |        399 |           848.00 |       836.75 |       845.52 |                  7.75 |                    5.00 |     45 |    34.2120 |
|        1 |        400 |           848.00 |       836.75 |       839.14 |                  8.97 |                    5.00 |     45 |    34.2634 |
|        1 |        401 |           848.00 |       836.75 |       870.43 |                  8.94 |                    5.00 |     45 |    34.3129 |
|        1 |        402 |           848.00 |       836.75 |       870.50 |                  9.85 |                    5.00 |     45 |    34.3617 |
|        1 |        403 |           848.00 |       836.75 |       871.66 |                  9.92 |                    5.00 |     45 |    34.4181 |
|        1 |        404 |           848.00 |       836.75 |       844.92 |                 10.70 |                    5.00 |     45 |    34.4971 |
|        1 |        405 |           848.00 |       836.75 |       842.02 |                 10.04 |                    5.00 |     45 |    34.5640 |
|        1 |        406 |           848.00 |       836.75 |       871.65 |                 17.00 |                    5.00 |     45 |    34.6130 |
|        1 |        407 |           848.00 |       836.75 |       878.10 |                 11.81 |                    5.00 |     45 |    34.6851 |
|        1 |        408 |           848.00 |       836.75 |       878.10 |                  6.14 |                    5.00 |     45 |    34.7400 |
|        1 |        409 |           848.00 |       836.75 |       838.78 |                 10.91 |                    5.00 |     45 |    34.8408 |
|        1 |        410 |           848.00 |       836.75 |       842.02 |                  9.53 |                    5.00 |     45 |    34.9162 |
|        1 |        411 |           848.00 |       836.75 |       840.63 |                 14.48 |                    5.00 |     45 |    34.9524 |
|        1 |        412 |           848.00 |       836.75 |       845.33 |                  8.57 |                    5.00 |     45 |    35.0195 |
|        1 |        413 |           848.00 |       836.75 |       870.48 |                 18.08 |                    5.00 |     45 |    35.0831 |
|        1 |        414 |           848.00 |       836.75 |       878.10 |                 11.26 |                    5.00 |     45 |    35.1366 |
|        1 |        415 |           848.00 |       836.75 |       876.38 |                  8.23 |                    5.00 |     45 |    35.1921 |
|        1 |        416 |           848.00 |       836.75 |       844.70 |                 11.84 |                    5.00 |     45 |    35.2983 |
|        1 |        417 |           848.00 |       836.75 |       845.60 |                  9.66 |                    5.00 |     45 |    35.3536 |
|        1 |        418 |           848.00 |       836.75 |       843.97 |                  9.33 |                    5.00 |     45 |    35.4300 |
|        1 |        419 |           848.00 |       836.75 |       842.64 |                  8.77 |                    5.00 |     45 |    35.4712 |
|        1 |        420 |           848.00 |       836.75 |       841.77 |                  8.98 |                    5.00 |     45 |    35.5804 |
|        1 |        421 |           848.00 |       836.75 |       843.22 |                 11.26 |                    5.00 |     45 |    35.6356 |
|        1 |        422 |           848.00 |       836.75 |       838.91 |                  8.13 |                    5.00 |     45 |    35.7435 |
|        1 |        423 |           848.00 |       836.75 |       839.80 |                  8.35 |                    5.00 |     45 |    35.7893 |
|        1 |        424 |           848.00 |       836.75 |       839.44 |                  5.98 |                    5.00 |     45 |    35.8476 |
|        1 |        425 |           848.00 |       836.75 |       837.95 |                 10.34 |                    5.00 |     45 |    35.9072 |
|        1 |        426 |           848.00 |       836.75 |       843.50 |                 13.19 |                    5.00 |     45 |    36.0091 |
|        1 |        427 |           848.00 |       836.75 |       844.93 |                  9.06 |                    5.00 |     45 |    36.0916 |
|        1 |        428 |           848.00 |       836.75 |       878.93 |                  9.50 |                    5.00 |     45 |    36.1511 |
|        1 |        429 |           848.00 |       836.75 |       845.28 |                 10.62 |                    5.00 |     45 |    36.2970 |
|        1 |        430 |           848.00 |       836.75 |       845.37 |                  9.95 |                    5.00 |     45 |    36.3808 |
|        1 |        431 |           848.00 |       836.75 |       845.16 |                 11.06 |                    5.00 |     45 |    36.4447 |
|        1 |        432 |           848.00 |       836.75 |       845.76 |                  9.30 |                    5.00 |     45 |    36.5077 |
|        1 |        433 |           848.00 |       836.75 |       845.86 |                  8.70 |                    5.00 |     45 |    36.6249 |
|        1 |        434 |           848.00 |       836.75 |       871.80 |                 18.90 |                    5.00 |     45 |    36.6913 |
|        1 |        435 |           848.00 |       836.75 |       881.57 |                 11.66 |                    5.00 |     45 |    36.7504 |
|        1 |        436 |           848.00 |       836.75 |       876.50 |                 26.62 |                    5.00 |     45 |    36.8193 |
|        1 |        437 |           848.00 |       836.75 |       848.00 |                 14.22 |                    5.00 |     45 |    36.9505 |
|        1 |        438 |           848.00 |       836.75 |       847.24 |                  9.78 |                    5.00 |     45 |    37.0213 |
|        1 |        439 |           848.00 |       836.75 |       843.60 |                 10.43 |                    5.00 |     45 |    37.1149 |
|        1 |        440 |           848.00 |       836.75 |       845.27 |                 15.18 |                    5.00 |     45 |    37.1902 |
|        1 |        441 |           848.00 |       836.75 |       844.75 |                  9.33 |                    5.00 |     45 |    37.3088 |
|        1 |        442 |           848.00 |       836.75 |       840.55 |                  7.60 |                    5.00 |     45 |    37.3839 |
|        1 |        443 |           848.00 |       836.75 |       837.30 |                 10.02 |                    5.00 |     45 |    37.5318 |
|        1 |        444 |           848.00 |       836.75 |       845.42 |                  6.30 |                    5.00 |     45 |    37.6084 |
|        1 |        445 |           848.00 |       836.75 |       872.57 |                 10.77 |                    5.00 |     45 |    37.6742 |
|        1 |        446 |           848.00 |       836.75 |       872.83 |                 11.71 |                    5.00 |     45 |    37.7783 |
|        1 |        447 |           848.00 |       836.75 |       841.07 |                 10.63 |                    5.00 |     45 |    37.8816 |
|        1 |        448 |           848.00 |       836.75 |       846.37 |                 11.25 |                    5.00 |     45 |    37.9407 |
|        1 |        449 |           848.00 |       836.75 |       841.57 |                 10.55 |                    5.00 |     45 |    38.0132 |
|        1 |        450 |           848.00 |       836.75 |       841.55 |                 10.84 |                    5.00 |     45 |    38.0620 |
|        1 |        451 |           848.00 |       836.75 |       847.69 |                  8.93 |                    5.00 |     45 |    38.1216 |
|        1 |        452 |           848.00 |       836.75 |       873.54 |                  9.16 |                    5.00 |     45 |    38.1888 |
|        1 |        453 |           848.00 |       836.75 |       842.84 |                 11.16 |                    5.00 |     45 |    38.4036 |
|        1 |        454 |           848.00 |       836.75 |       846.23 |                  9.19 |                    5.00 |     45 |    38.4758 |
|        1 |        455 |           848.00 |       836.75 |       842.16 |                 12.22 |                    5.00 |     45 |    38.5659 |
|        1 |        456 |           848.00 |       836.75 |       848.00 |                  8.08 |                    5.00 |     45 |    38.6178 |
|        1 |        457 |           848.00 |       836.75 |       873.27 |                 10.24 |                    5.00 |     45 |    38.6844 |
|        1 |        458 |           848.00 |       836.75 |       871.64 |                  9.67 |                    5.00 |     45 |    38.8039 |
|        1 |        459 |           848.00 |       836.75 |       842.79 |                 19.41 |                    5.00 |     45 |    39.0464 |
|        1 |        460 |           848.00 |       836.75 |       848.00 |                 11.39 |                    5.00 |     45 |    39.0930 |
|        1 |        461 |           848.00 |       836.75 |       848.00 |                 11.57 |                    5.00 |     45 |    39.1663 |
|        1 |        462 |           848.00 |       836.75 |       838.96 |                  9.03 |                    5.00 |     45 |    39.3025 |
|        1 |        463 |           848.00 |       836.75 |       844.64 |                  8.64 |                    5.00 |     45 |    39.3612 |
|        1 |        464 |           848.00 |       836.75 |       841.24 |                  9.61 |                    5.00 |     45 |    39.4320 |
|        1 |        465 |           848.00 |       836.75 |       895.20 |                  5.70 |                    5.00 |     49 |    39.4743 |
|        1 |        466 |           848.00 |       836.75 |       895.20 |                  5.00 |                    5.00 |     49 |    39.5227 |
|        1 |        467 |           848.00 |       836.75 |       840.61 |                  8.64 |                    5.00 |     49 |    39.5956 |
|        1 |        468 |           848.00 |       836.75 |       852.15 |                 19.74 |                    5.00 |     49 |    39.6641 |
|        1 |        469 |           848.00 |       836.75 |       863.45 |                 32.79 |                    5.00 |     49 |    39.7050 |
|        1 |        470 |           848.00 |       836.75 |       874.85 |                  9.56 |                    5.00 |     49 |    39.8984 |
|        1 |        471 |           848.00 |       836.75 |       877.81 |                  7.96 |                    5.00 |     49 |    39.9476 |
|        1 |        472 |           848.00 |       836.75 |       873.94 |                  9.13 |                    5.00 |     49 |    39.9996 |
------------------------------------------------------------------------------------------------------------------------------------------------
|  Restart |  Iteration |  Best Feas. Cost |    Best Cost |   Curr. Cost |   Penalty Custom Res. |   Penalty Standard Res. |   Pool |   Time (s) |
------------------------------------------------------------------------------------------------------------------------------------------------
|        1 |        473 |           848.00 |       836.75 |       871.89 |                 10.05 |                    5.00 |     49 |    40.0704 |
|        1 |        474 |           848.00 |       836.75 |       839.87 |                  9.31 |                    5.00 |     50 |    40.1744 |
|        1 |        475 |           848.00 |       836.75 |       841.44 |                 10.19 |                    5.00 |     50 |    40.3272 |
|        1 |        476 |           848.00 |       836.75 |       864.30 |                  7.30 |                    5.00 |     50 |    40.3789 |
|        1 |        477 |           848.00 |       836.75 |       864.30 |                  5.00 |                    5.00 |     50 |    40.4342 |
|        1 |        478 |           848.00 |       836.75 |       837.30 |                  6.53 |                    5.00 |     50 |    40.4900 |
|        1 |        479 |           848.00 |       836.75 |       840.76 |                  8.20 |                    5.00 |     50 |    40.5367 |
|        1 |        480 |           848.00 |       836.75 |       843.52 |                  9.38 |                    5.00 |     50 |    40.6182 |
|        1 |        481 |           848.00 |       836.75 |       842.33 |                  8.61 |                    5.00 |     50 |    40.7144 |
|        1 |        482 |           848.00 |       836.75 |       843.98 |                  8.31 |                    5.00 |     50 |    40.8151 |
|        1 |        483 |           848.00 |       836.75 |       844.08 |                 10.12 |                    5.00 |     50 |    40.8570 |
|        1 |        484 |           848.00 |       836.75 |       843.98 |                 13.72 |                    5.00 |     50 |    40.9623 |
|        1 |        485 |           848.00 |       836.75 |       848.00 |                 18.07 |                    5.00 |     50 |    41.0469 |
|        1 |        486 |           848.00 |       836.75 |       848.00 |                  9.03 |                    5.00 |     50 |    41.1077 |
|        1 |        487 |           848.00 |       836.75 |       843.80 |                  9.55 |                    5.00 |     50 |    41.1866 |
|        1 |        488 |           848.00 |       836.75 |       842.19 |                 14.58 |                    5.00 |     50 |    41.2986 |
|        1 |        489 |           848.00 |       836.75 |       847.98 |                 12.89 |                    5.00 |     50 |    41.3675 |
|        1 |        490 |           848.00 |       836.75 |       847.63 |                  8.86 |                    5.00 |     50 |    41.4375 |
|        1 |        491 |           848.00 |       836.75 |       843.19 |                 10.99 |                    5.00 |     50 |    41.5085 |
|        1 |        492 |           848.00 |       836.75 |       845.07 |                 10.85 |                    5.00 |     50 |    41.5659 |
|        1 |        493 |           848.00 |       836.75 |       839.05 |                  8.06 |                    5.00 |     50 |    41.6798 |
|        1 |        494 |           848.00 |       836.75 |       845.28 |                 10.10 |                    5.00 |     50 |    41.7518 |
|        1 |        495 |           848.00 |       836.75 |       842.07 |                 11.32 |                    5.00 |     50 |    41.8613 |
|        1 |        496 |           848.00 |       836.75 |       843.70 |                  8.40 |                    5.00 |     50 |    41.9894 |
|        1 |        497 |           848.00 |       836.75 |       846.24 |                  7.73 |                    5.00 |     50 |    42.0463 |
|        1 |        498 |           848.00 |       836.75 |       840.84 |                  9.49 |                    5.00 |     50 |    42.1362 |
|        1 |        499 |           848.00 |       836.75 |       843.90 |                 10.95 |                    5.00 |     50 |    42.2573 |
|        1 |        500 |           848.00 |       836.75 |       848.00 |                  5.47 |                    5.00 |     50 |    42.3168 |
------------------------------------------------------------------------------------------------------------------------------------------------
Version identifier: 22.1.2.0 | 2024-11-26 | 0edbb82fd
CPXPARAM_MIP_Tolerances_UpperCutoff              848.10000000000161
Tried aggregator 2 times.
MIP Presolve eliminated 75 rows and 10 columns.
MIP Presolve modified 32 coefficients.
Aggregator did 7 substitutions.
Reduced MIP has 19 rows, 33 columns, and 110 nonzeros.
Reduced MIP has 33 binaries, 0 generals, 0 SOSs, and 0 indicators.
Presolve time = 0.00 sec. (0.21 ticks)
Probing fixed 1 vars, tightened 0 bounds.
Probing time = 0.00 sec. (0.07 ticks)
Tried aggregator 1 time.
MIP Presolve eliminated 10 rows and 15 columns.
Reduced MIP has 9 rows, 18 columns, and 38 nonzeros.
Reduced MIP has 18 binaries, 0 generals, 0 SOSs, and 0 indicators.
Presolve time = 0.00 sec. (0.04 ticks)
Probing time = 0.00 sec. (0.02 ticks)
Tried aggregator 1 time.
MIP Presolve eliminated 1 rows and 1 columns.
Reduced MIP has 8 rows, 17 columns, and 35 nonzeros.
Reduced MIP has 17 binaries, 0 generals, 0 SOSs, and 0 indicators.
Presolve time = 0.00 sec. (0.02 ticks)
Probing time = 0.00 sec. (0.01 ticks)
Clique table members: 17.
MIP emphasis: balance optimality and feasibility.
MIP search method: dynamic search.
Parallel mode: deterministic, using up to 8 threads.
Root relaxation solution time = 0.00 sec. (0.01 ticks)

        Nodes                                         Cuts/
   Node  Left     Objective  IInf  Best Integer    Best Bound    ItCnt     Gap

*     0     0      integral     0      848.0000      848.0000        5    0.00%
Elapsed time = 0.00 sec. (0.48 ticks, tree = 0.00 MB, solutions = 1)
objective_value(sp) = 848.0
 45.819086 seconds (6.84 M allocations: 340.266 MiB, 0.18% gc time, 8.59% compilation time)
#1: 0 (0.0) {31.0} -> 32 (30.0) {62.6} [31.0, 211.0] -> 33 (70.0) {154.6} [33.0, 213.0] -> 31 (90.0) {249.9} [129.0, 309.0] -> 35 (100.0) {344.9} [224.0, 404.0] -> 37 (120.0) {440.7} [319.0, 499.0] -> 38 (150.0) {532.7} [411.0, 591.0] -> 39 (170.0) {627.7} [506.0, 686.0] -> 36 (180.0) {722.7} [601.0, 781.0] -> 34 (200.0) {815.7} [694.0, 874.0] -> 0 (200.0) {938.0} [0.0, 1236.0]
#2: 0 (0.0) {41.0} -> 57 (40.0) {76.0} [35.0, 215.0] -> 55 (50.0) {168.0} [37.0, 217.0] -> 54 (90.0) {263.0} [132.0, 312.0] -> 53 (110.0) {358.3} [227.0, 407.0] -> 56 (140.0) {452.3} [321.0, 501.0] -> 58 (170.0) {544.3} [413.0, 593.0] -> 60 (190.0) {637.3} [506.0, 686.0] -> 59 (200.0) {737.7} [606.0, 786.0] -> 0 (200.0) {862.7} [0.0, 1236.0]
#3: 0 (0.0) {40.0} -> 98 (20.0) {70.8} [30.0, 210.0] -> 96 (30.0) {166.1} [36.0, 216.0] -> 95 (60.0) {258.1} [128.0, 308.0] -> 94 (70.0) {351.7} [221.0, 401.0] -> 92 (90.0) {445.3} [315.0, 495.0] -> 93 (130.0) {537.3} [407.0, 587.0] -> 97 (160.0) {632.3} [502.0, 682.0] -> 100 (180.0) {727.3} [597.0, 777.0] -> 99 (190.0) {822.3} [692.0, 872.0] -> 0 (190.0) {945.8} [0.0, 1236.0]
#4: 0 (0.0) {27.0} -> 13 (30.0) {57.8} [30.0, 210.0] -> 17 (50.0) {151.8} [34.0, 214.0] -> 18 (70.0) {244.8} [127.0, 307.0] -> 19 (80.0) {339.8} [222.0, 402.0] -> 15 (120.0) {434.8} [317.0, 497.0] -> 16 (160.0) {529.8} [412.0, 592.0] -> 14 (170.0) {621.8} [504.0, 684.0] -> 12 (190.0) {714.8} [597.0, 777.0] -> 0 (190.0) {842.8} [0.0, 1236.0]
#5: 0 (0.0) {40.0} -> 90 (10.0) {60.6} [20.0, 200.0] -> 87 (30.0) {155.6} [25.0, 205.0] -> 86 (40.0) {246.6} [116.0, 296.0] -> 83 (50.0) {342.6} [212.0, 392.0] -> 82 (70.0) {435.6} [305.0, 485.0] -> 84 (90.0) {531.4} [401.0, 581.0] -> 85 (120.0) {624.2} [494.0, 674.0] -> 88 (150.0) {717.2} [587.0, 767.0] -> 89 (160.0) {810.0} [680.0, 860.0] -> 91 (170.0) {903.6} [773.0, 953.0] -> 0 (170.0) {1015.9} [0.0, 1236.0]
#6: 0 (0.0) {36.0} -> 20 (10.0) {46.0} [10.0, 190.0] -> 24 (20.0) {141.0} [15.0, 195.0] -> 25 (60.0) {233.0} [107.0, 287.0] -> 27 (70.0) {325.0} [199.0, 379.0] -> 29 (80.0) {418.6} [292.0, 472.0] -> 30 (90.0) {513.6} [387.0, 567.0] -> 28 (110.0) {606.6} [480.0, 660.0] -> 26 (120.0) {698.6} [572.0, 752.0] -> 23 (130.0) {791.6} [665.0, 845.0] -> 22 (150.0) {884.6} [758.0, 938.0] -> 21 (170.0) {976.6} [850.0, 1030.0] -> 0 (170.0) {1076.7} [0.0, 1236.0]
#7: 0 (0.0) {42.0} -> 43 (10.0) {58.5} [16.0, 196.0] -> 42 (30.0) {151.5} [19.0, 199.0] -> 41 (40.0) {243.5} [111.0, 291.0] -> 40 (50.0) {335.5} [203.0, 383.0] -> 44 (60.0) {428.5} [296.0, 476.0] -> 46 (90.0) {521.3} [389.0, 569.0] -> 45 (100.0) {613.3} [481.0, 661.0] -> 48 (110.0) {705.3} [573.0, 753.0] -> 51 (120.0) {798.3} [666.0, 846.0] -> 50 (130.0) {890.5} [758.0, 938.0] -> 52 (140.0) {983.6} [851.0, 1031.0] -> 49 (150.0) {1076.6} [944.0, 1124.0] -> 0 (150.0) {1185.8} [0.0, 1236.0]
#8: 0 (0.0) {30.0} -> 5 (10.0) {45.1} [15.0, 195.0] -> 3 (20.0) {136.1} [16.0, 196.0] -> 7 (40.0) {228.1} [108.0, 288.0] -> 8 (60.0) {320.9} [200.0, 380.0] -> 10 (70.0) {414.5} [294.0, 474.0] -> 11 (80.0) {507.5} [387.0, 567.0] -> 9 (90.0) {600.6} [480.0, 660.0] -> 6 (110.0) {692.8} [572.0, 752.0] -> 4 (120.0) {785.0} [665.0, 845.0] -> 2 (150.0) {878.6} [758.0, 938.0] -> 1 (160.0) {970.6} [850.0, 1030.0] -> 75 (180.0) {1063.6} [943.0, 1123.0] -> 0 (180.0) {1169.4} [0.0, 1236.0]
#9: 0 (0.0) {41.0} -> 81 (30.0) {88.4} [47.0, 227.0] -> 78 (50.0) {181.4} [50.0, 230.0] -> 76 (60.0) {273.4} [142.0, 322.0] -> 71 (80.0) {368.4} [237.0, 417.0] -> 70 (110.0) {463.4} [332.0, 512.0] -> 73 (120.0) {556.4} [425.0, 605.0] -> 77 (130.0) {650.4} [519.0, 699.0] -> 79 (140.0) {741.4} [610.0, 790.0] -> 80 (150.0) {836.7} [705.0, 885.0] -> 69 (160.0) {967.9} [853.0, 1033.0] -> 47 (170.0) {1072.9} [947.0, 1127.0] -> 0 (170.0) {1180.9} [0.0, 1236.0]
#10: 0 (0.0) {36.0} -> 67 (10.0) {48.2} [12.0, 192.0] -> 65 (20.0) {139.2} [13.0, 193.0] -> 63 (70.0) {231.2} [105.0, 285.0] -> 62 (90.0) {326.2} [200.0, 380.0] -> 74 (140.0) {419.2} [293.0, 473.0] -> 72 (150.0) {514.2} [388.0, 568.0] -> 61 (160.0) {607.2} [481.0, 661.0] -> 64 (170.0) {699.2} [573.0, 753.0] -> 68 (180.0) {792.2} [666.0, 846.0] -> 66 (190.0) {887.5} [761.0, 941.0] -> 0 (190.0) {994.0} [0.0, 1236.0]

Dist: 848.0. Cost: 848.0

Root node processing (before b&c):
  Real time             =    0.00 sec. (0.48 ticks)
Parallel b&c, 8 threads:
  Real time             =    0.00 sec. (0.00 ticks)
  Sync time (average)   =    0.00 sec.
  Wait time (average)   =    0.00 sec.
                          ------------
Total (root+branch&cut) =    0.00 sec. (0.48 ticks)
