Solving instance /mnt/c/Users/bruno.mattos/OneDrive - americanas s.a/Documentos/GitHub/GenericILS/TWRD/100/C107_100_025.vrptwrd...
------------------------------------------------------------------------------------------------------------------------------------------------
|  Restart |  Iteration |  Best Feas. Cost |    Best Cost |   Curr. Cost |   Penalty Custom Res. |   Penalty Standard Res. |   Pool |   Time (s) |
------------------------------------------------------------------------------------------------------------------------------------------------
|        1 |          1 |              Inf |      1467.23 |      1469.76 |                 52.00 |                    6.63 |     19 |     0.3106 |
|        1 |          2 |              Inf |      1463.50 |      1463.50 |                 83.75 |                    5.00 |     20 |     0.8041 |
|        1 |          0 |          1470.90 |      1463.50 |      1470.90 |                 71.81 |                    5.00 |     26 |     0.8817 |
|        1 |          1 |          1470.90 |      1463.50 |      1470.74 |                 45.99 |                    5.00 |     29 |     1.0072 |
|        1 |          2 |          1470.90 |      1458.21 |      1458.21 |                 68.42 |                    5.00 |     30 |     1.0747 |
|        1 |          0 |          1469.90 |      1458.21 |      1469.90 |                 96.63 |                    5.00 |     33 |     1.1844 |
|        1 |          1 |          1469.90 |      1458.21 |      1476.90 |                 63.29 |                    5.00 |     40 |     1.2558 |
|        1 |          2 |          1469.90 |      1458.21 |      1475.86 |                 59.31 |                    5.00 |     40 |     1.3664 |
|        1 |          3 |          1469.90 |      1458.21 |      1494.83 |                 57.98 |                    5.00 |     45 |     1.4378 |
|        1 |          4 |          1469.90 |      1447.89 |      1447.89 |                 55.15 |                    5.00 |     49 |     1.6514 |
|        1 |          5 |          1469.90 |      1447.89 |      1482.70 |                 37.26 |                    5.00 |     50 |     1.7046 |
|        1 |          6 |          1469.90 |      1447.89 |      1470.01 |                 51.06 |                    5.00 |     51 |     1.8045 |
|        1 |          7 |          1469.90 |      1447.89 |      1478.86 |                 69.84 |                    5.00 |     51 |     1.9410 |
|        1 |          8 |          1469.90 |      1447.89 |      1487.30 |                 56.98 |                    5.00 |     54 |     2.0158 |
|        1 |          9 |          1469.90 |      1447.89 |      1501.08 |                 64.69 |                    5.00 |     57 |     2.0813 |
|        1 |         10 |          1469.90 |      1447.89 |      1478.58 |                 53.31 |                    5.00 |     60 |     2.1541 |
|        1 |         11 |          1469.90 |      1447.89 |      1474.35 |                 53.62 |                    5.00 |     62 |     2.2468 |
|        1 |         12 |          1469.90 |      1447.89 |      1473.72 |                 63.35 |                    5.00 |     62 |     2.3128 |
|        1 |         13 |          1469.90 |      1447.89 |      1480.70 |                 41.90 |                    5.00 |     66 |     2.3894 |
|        1 |         14 |          1469.90 |      1447.89 |      1463.72 |                 43.92 |                    5.00 |     67 |     2.4460 |
|        1 |          0 |          1463.80 |      1447.89 |      1463.80 |                 62.06 |                    5.00 |     70 |     2.5390 |
|        1 |          1 |          1463.80 |      1447.89 |      1449.78 |                 34.52 |                    5.00 |     73 |     2.6665 |
|        1 |          2 |          1463.80 |      1447.89 |      1449.53 |                 45.04 |                    5.00 |     74 |     2.7472 |
|        1 |          3 |          1463.80 |      1447.89 |      1456.15 |                 65.67 |                    5.00 |     79 |     2.8105 |
|        1 |          4 |          1463.80 |      1447.89 |      1467.00 |                 45.17 |                    5.00 |     79 |     2.9013 |
|        1 |          5 |          1463.80 |      1447.89 |      1454.60 |                 61.40 |                    5.00 |     82 |     3.1737 |
|        1 |          0 |          1461.00 |      1447.89 |      1461.00 |                 64.28 |                    5.00 |     82 |     3.2597 |
|        1 |          1 |          1461.00 |      1447.89 |      1458.02 |                 61.54 |                    5.00 |     82 |     3.3284 |
|        1 |          2 |          1461.00 |      1447.89 |      1480.60 |                 69.82 |                    5.00 |     82 |     3.4058 |
|        1 |          3 |          1461.00 |      1447.89 |      1480.13 |                 59.80 |                    5.00 |     82 |     3.5066 |
|        1 |          4 |          1461.00 |      1447.89 |      1480.20 |                 63.62 |                    5.00 |     82 |     3.6712 |
|        1 |          5 |          1461.00 |      1447.89 |      1475.19 |                 43.79 |                    5.00 |     82 |     3.7407 |
|        1 |          6 |          1461.00 |      1447.89 |      1451.17 |                 86.99 |                    5.00 |     84 |     3.8131 |
|        1 |          7 |          1461.00 |      1447.89 |      1454.15 |                 43.00 |                    5.00 |     84 |     3.9076 |
|        1 |          8 |          1461.00 |      1440.04 |      1440.04 |                 56.11 |                    5.00 |     84 |     3.9887 |
|        1 |          9 |          1461.00 |      1440.04 |      1447.21 |                 60.59 |                    5.00 |     84 |     4.0544 |
|        1 |         10 |          1461.00 |      1440.04 |      1449.88 |                 59.83 |                    5.00 |     84 |     4.1058 |
|        1 |         11 |          1461.00 |      1440.04 |      1451.53 |                 51.30 |                    5.00 |     84 |     4.1836 |
|        1 |         12 |          1461.00 |      1440.04 |      1464.50 |                 44.90 |                    5.00 |     85 |     4.2579 |
|        1 |         13 |          1461.00 |      1432.95 |      1432.95 |                 31.79 |                    5.00 |     85 |     4.3642 |
|        1 |          0 |          1433.20 |      1432.95 |      1433.20 |                 63.77 |                    5.00 |     85 |     4.4570 |
|        1 |          1 |          1433.20 |      1432.95 |      1433.20 |                 62.85 |                    5.00 |     85 |     4.5489 |
|        1 |          2 |          1433.20 |      1432.95 |      1433.20 |                 37.64 |                    5.00 |     85 |     4.6105 |
|        1 |          3 |          1433.20 |      1432.95 |      1433.20 |                 33.93 |                    5.00 |     85 |     4.6839 |
|        1 |          4 |          1433.20 |      1432.95 |      1437.48 |                 28.50 |                    5.00 |     85 |     4.7773 |
|        1 |          5 |          1433.20 |      1432.95 |      1434.26 |                 44.13 |                    5.00 |     85 |     4.8362 |
|        1 |          6 |          1433.20 |      1432.95 |      1437.60 |                 34.98 |                    5.00 |     85 |     4.8885 |
|        1 |          7 |          1433.20 |      1411.89 |      1411.89 |                 55.58 |                    5.00 |     87 |     5.0285 |
|        1 |          8 |          1433.20 |      1411.89 |      1412.55 |                 61.71 |                    5.00 |     88 |     5.1411 |
|        1 |          9 |          1433.20 |      1411.89 |      1479.32 |                 92.69 |                    5.00 |     88 |     5.2084 |
|        1 |         10 |          1433.20 |      1411.89 |      1483.10 |                 57.15 |                    5.00 |     88 |     5.2753 |
|        1 |         11 |          1433.20 |      1411.89 |      1483.10 |                 36.00 |                    5.00 |     88 |     5.3212 |
|        1 |         12 |          1433.20 |      1411.89 |      1465.62 |                 64.62 |                    5.00 |     89 |     5.4178 |
|        1 |         13 |          1433.20 |      1411.89 |      1463.37 |                 72.41 |                    5.00 |     91 |     5.5416 |
|        1 |         14 |          1433.20 |      1411.89 |      1461.00 |                 68.53 |                    5.00 |     91 |     5.6454 |
|        1 |         15 |          1433.20 |      1411.89 |      1461.00 |                 59.28 |                    5.00 |     91 |     5.7432 |
|        1 |         16 |          1433.20 |      1411.89 |      1451.46 |                 49.28 |                    5.00 |     91 |     5.8359 |
|        1 |         17 |          1433.20 |      1411.89 |      1433.20 |                 60.55 |                    5.00 |     91 |     5.9237 |
|        1 |         18 |          1433.20 |      1411.89 |      1433.20 |                 33.44 |                    5.00 |     91 |     6.0050 |
|        1 |         19 |          1433.20 |      1411.89 |      1433.84 |                 53.38 |                    5.00 |     91 |     6.0590 |
|        1 |         20 |          1433.20 |      1411.89 |      1462.28 |                 80.24 |                    5.00 |     92 |     6.1071 |
|        1 |         21 |          1433.20 |      1411.89 |      1461.00 |                 51.50 |                    5.00 |     92 |     6.1778 |
|        1 |         22 |          1433.20 |      1411.89 |      1434.14 |                 69.26 |                    5.00 |     92 |     6.2597 |
|        1 |         23 |          1433.20 |      1411.89 |      1451.05 |                 69.70 |                    5.00 |     92 |     6.3376 |
|        1 |         24 |          1433.20 |      1411.89 |      1446.62 |                 72.81 |                    5.00 |     95 |     6.4692 |
|        1 |         25 |          1433.20 |      1411.89 |      1460.67 |                 43.09 |                    5.00 |     95 |     6.5607 |
|        1 |         26 |          1433.20 |      1411.89 |      1441.10 |                 46.10 |                    5.00 |     95 |     6.6129 |
|        1 |         27 |          1433.20 |      1411.89 |      1448.26 |                 44.99 |                    5.00 |     95 |     6.6993 |
|        1 |         28 |          1433.20 |      1411.89 |      1445.89 |                 74.66 |                    5.00 |     96 |     6.7763 |
|        1 |         29 |          1433.20 |      1411.89 |      1458.48 |                 63.95 |                    5.00 |     96 |     6.8781 |
|        1 |         30 |          1433.20 |      1411.89 |      1460.11 |                 60.68 |                    5.00 |     96 |     6.9296 |
|        1 |         31 |          1433.20 |      1411.89 |      1451.61 |                 66.55 |                    5.00 |     96 |     7.0778 |
|        1 |         32 |          1433.20 |      1411.89 |      1458.49 |                 60.30 |                    5.00 |     99 |     7.2509 |
|        1 |         33 |          1433.20 |      1411.89 |      1463.53 |                 74.64 |                    5.00 |    101 |     7.3812 |
|        1 |         34 |          1433.20 |      1411.89 |      1467.20 |                 46.93 |                    5.00 |    102 |     7.4636 |
|        1 |         35 |          1433.20 |      1411.89 |      1446.40 |                 67.00 |                    5.00 |    102 |     7.5536 |
|        1 |         36 |          1433.20 |      1411.89 |      1446.40 |                 40.54 |                    5.00 |    102 |     7.6073 |
|        1 |         37 |          1433.20 |      1411.89 |      1446.40 |                 32.12 |                    5.00 |    102 |     7.6702 |
|        1 |         38 |          1433.20 |      1411.89 |      1446.40 |                 57.17 |                    5.00 |    102 |     7.7377 |
|        1 |         39 |          1433.20 |      1411.89 |      1446.40 |                 36.36 |                    5.00 |    102 |     7.7911 |
|        1 |         40 |          1433.20 |      1411.89 |      1439.78 |                 60.89 |                    5.00 |    102 |     7.9118 |
|        1 |         41 |          1433.20 |      1411.89 |      1489.30 |                 35.39 |                    5.00 |    104 |     7.9768 |
|        1 |         42 |          1433.20 |      1411.89 |      1489.30 |                 49.51 |                    5.00 |    104 |     8.0554 |
|        1 |         43 |          1433.20 |      1411.89 |      1492.80 |                 29.35 |                    5.00 |    104 |     8.1194 |
|        1 |         44 |          1433.20 |      1411.89 |      1479.84 |                 48.25 |                    5.00 |    104 |     8.1789 |
|        1 |         45 |          1433.20 |      1411.89 |      1441.78 |                 44.29 |                    5.00 |    104 |     8.3186 |
|        1 |         46 |          1433.20 |      1411.89 |      1435.40 |                 33.69 |                    5.00 |    104 |     8.3969 |
|        1 |         47 |          1433.20 |      1411.89 |      1420.91 |                 31.30 |                    5.00 |    104 |     8.4711 |
|        1 |         48 |          1433.20 |      1411.89 |      1416.80 |                 52.00 |                    5.00 |    104 |     8.5267 |
|        1 |         49 |          1433.20 |      1411.89 |      1439.40 |                 47.87 |                    5.00 |    104 |     8.6005 |
|        1 |         50 |          1433.20 |      1411.89 |      1439.40 |                 52.71 |                    5.00 |    104 |     8.6753 |
|        1 |         51 |          1433.20 |      1411.89 |      1444.10 |                 46.08 |                    5.00 |    104 |     8.7822 |
|        1 |         52 |          1433.20 |      1411.89 |      1440.30 |                 59.49 |                    5.00 |    107 |     8.8806 |
|        1 |         53 |          1433.20 |      1411.89 |      1440.30 |                 38.98 |                    5.00 |    107 |     8.9337 |
|        1 |         54 |          1433.20 |      1411.89 |      1439.81 |                 48.85 |                    5.00 |    108 |     9.0285 |
|        1 |         55 |          1433.20 |      1411.89 |      1489.94 |                 51.01 |                    5.00 |    112 |     9.1722 |
|        1 |         56 |          1433.20 |      1411.89 |      1461.53 |                 43.49 |                    5.00 |    112 |     9.3733 |
|        1 |         57 |          1433.20 |      1411.89 |      1468.37 |                 53.54 |                    5.00 |    112 |     9.4204 |
|        1 |         58 |          1433.20 |      1411.89 |      1436.20 |                 45.69 |                    5.00 |    113 |     9.6009 |
|        1 |         59 |          1433.20 |      1411.89 |      1451.79 |                 53.48 |                    5.00 |    113 |     9.6597 |
|        1 |         60 |          1433.20 |      1411.89 |      1492.80 |                 53.81 |                    5.00 |    116 |     9.7350 |
|        1 |         61 |          1433.20 |      1411.89 |      1454.78 |                 54.61 |                    5.00 |    116 |     9.8530 |
|        1 |         62 |          1433.20 |      1411.89 |      1471.35 |                 49.80 |                    5.00 |    116 |     9.9084 |
|        1 |         63 |          1433.20 |      1411.89 |      1470.10 |                 64.21 |                    5.00 |    119 |    10.0363 |
|        1 |         64 |          1433.20 |      1411.89 |      1485.36 |                 60.84 |                    5.00 |    119 |    10.1205 |
|        1 |         65 |          1433.20 |      1411.89 |      1460.75 |                 59.99 |                    5.00 |    119 |    10.2124 |
|        1 |         66 |          1433.20 |      1411.89 |      1456.21 |                 70.65 |                    5.00 |    119 |    10.3592 |
|        1 |         67 |          1433.20 |      1411.89 |      1447.80 |                 44.32 |                    5.00 |    122 |    10.5081 |
|        1 |         68 |          1433.20 |      1411.89 |      1485.41 |                 83.78 |                    5.00 |    123 |    10.5811 |
|        1 |         69 |          1433.20 |      1411.89 |      1473.00 |                 66.31 |                    5.00 |    125 |    10.6649 |
|        1 |         70 |          1433.20 |      1411.89 |      1450.90 |                 45.61 |                    5.00 |    125 |    10.7675 |
|        1 |         71 |          1433.20 |      1411.89 |      1436.14 |                 43.69 |                    5.00 |    125 |    10.8312 |
|        1 |         72 |          1433.20 |      1411.89 |      1441.62 |                 92.14 |                    5.00 |    125 |    10.9112 |
|        1 |         73 |          1433.20 |      1411.89 |      1451.30 |                 62.80 |                    5.00 |    125 |    10.9838 |
|        1 |         74 |          1433.20 |      1411.89 |      1451.30 |                 44.09 |                    5.00 |    125 |    11.0676 |
|        1 |         75 |          1433.20 |      1411.89 |      1450.21 |                 48.01 |                    5.00 |    125 |    11.1728 |
|        1 |         76 |          1433.20 |      1411.89 |      1454.20 |                 41.19 |                    5.00 |    125 |    11.2465 |
|        1 |         77 |          1433.20 |      1411.89 |      1452.84 |                 49.64 |                    5.00 |    125 |    11.3197 |
|        1 |         78 |          1433.20 |      1411.89 |      1453.50 |                 66.71 |                    5.00 |    125 |    11.4197 |
|        1 |         79 |          1433.20 |      1411.89 |      1454.20 |                 41.55 |                    5.00 |    125 |    11.4972 |
|        1 |         80 |          1433.20 |      1411.89 |      1452.36 |                 53.73 |                    5.00 |    125 |    11.5594 |
|        1 |         81 |          1433.20 |      1411.89 |      1454.20 |                 34.13 |                    5.00 |    125 |    11.6421 |
|        1 |         82 |          1433.20 |      1411.89 |      1444.19 |                 57.81 |                    5.00 |    125 |    11.7226 |
|        1 |         83 |          1433.20 |      1411.89 |      1454.20 |                 44.42 |                    5.00 |    125 |    11.8140 |
|        1 |         84 |          1433.20 |      1411.89 |      1452.64 |                 54.09 |                    5.00 |    125 |    11.8881 |
|        1 |         85 |          1433.20 |      1411.89 |      1454.20 |                 44.17 |                    5.00 |    125 |    11.9455 |
|        1 |         86 |          1433.20 |      1411.89 |      1450.94 |                 60.48 |                    5.00 |    125 |    12.0771 |
|        1 |         87 |          1433.20 |      1411.89 |      1452.40 |                 64.02 |                    5.00 |    125 |    12.1420 |
|        1 |         88 |          1433.20 |      1411.89 |      1451.38 |                 62.54 |                    5.00 |    125 |    12.2193 |
|        1 |         89 |          1433.20 |      1411.89 |      1451.18 |                 64.27 |                    5.00 |    125 |    12.2825 |
|        1 |         90 |          1433.20 |      1411.89 |      1449.81 |                 73.69 |                    5.00 |    125 |    12.3531 |
|        1 |         91 |          1433.20 |      1411.89 |      1452.40 |                 65.06 |                    5.00 |    125 |    12.4517 |
|        1 |         92 |          1433.20 |      1411.89 |      1452.40 |                 45.73 |                    5.00 |    125 |    12.5101 |
|        1 |         93 |          1433.20 |      1411.89 |      1446.65 |                 37.27 |                    5.00 |    126 |    12.6015 |
|        1 |         94 |          1433.20 |      1411.89 |      1435.94 |                 56.60 |                    5.00 |    126 |    12.6558 |
|        1 |         95 |          1433.20 |      1411.89 |      1452.26 |                 38.11 |                    5.00 |    126 |    12.8112 |
|        1 |         96 |          1433.20 |      1411.89 |      1447.71 |                 43.27 |                    5.00 |    126 |    12.9009 |
|        1 |         97 |          1433.20 |      1411.89 |      1451.97 |                 52.15 |                    5.00 |    126 |    12.9766 |
|        1 |         98 |          1433.20 |      1411.89 |      1458.10 |                 64.53 |                    5.00 |    127 |    13.1314 |
|        1 |         99 |          1433.20 |      1411.89 |      1455.90 |                 61.56 |                    5.00 |    127 |    13.2919 |
|        1 |        100 |          1433.20 |      1411.89 |      1444.48 |                 51.03 |                    5.00 |    127 |    13.4454 |
|        1 |        101 |          1433.20 |      1411.89 |      1465.37 |                 61.33 |                    5.00 |    130 |    13.5762 |
|        1 |        102 |          1433.20 |      1411.89 |      1477.54 |                 59.89 |                    5.00 |    131 |    13.6616 |
|        1 |        103 |          1433.20 |      1411.89 |      1486.48 |                 42.92 |                    5.00 |    131 |    13.7381 |
|        1 |        104 |          1433.20 |      1411.89 |      1469.46 |                 64.51 |                    5.00 |    131 |    13.7956 |
|        1 |        105 |          1433.20 |      1411.89 |      1475.47 |                 37.43 |                    5.00 |    133 |    13.8903 |
|        1 |        106 |          1433.20 |      1411.89 |      1444.26 |                 36.20 |                    5.00 |    133 |    13.9640 |
|        1 |        107 |          1433.20 |      1411.89 |      1443.76 |                 48.72 |                    5.00 |    135 |    14.0246 |
|        1 |        108 |          1433.20 |      1411.89 |      1451.80 |                 32.11 |                    5.00 |    138 |    14.1715 |
|        1 |        109 |          1433.20 |      1411.89 |      1441.34 |                 58.74 |                    5.00 |    140 |    14.2912 |
|        1 |        110 |          1433.20 |      1411.89 |      1459.90 |                 49.38 |                    5.00 |    142 |    14.3638 |
|        1 |        111 |          1433.20 |      1411.89 |      1459.90 |                 51.76 |                    5.00 |    142 |    14.4229 |
|        1 |        112 |          1433.20 |      1411.89 |      1454.82 |                 64.04 |                    5.00 |    142 |    14.5840 |
|        1 |        113 |          1433.20 |      1411.89 |      1436.08 |                 45.69 |                    5.00 |    142 |    14.7473 |
|        1 |        114 |          1433.20 |      1411.89 |      1443.95 |                 34.42 |                    5.00 |    142 |    14.8127 |
|        1 |        115 |          1433.20 |      1411.89 |      1432.91 |                 40.28 |                    5.00 |    142 |    14.8649 |
|        1 |        116 |          1433.20 |      1411.89 |      1440.56 |                 59.94 |                    5.00 |    142 |    14.9170 |
|        1 |        117 |          1433.20 |      1411.89 |      1450.10 |                 40.47 |                    5.00 |    142 |    14.9807 |
|        1 |        118 |          1433.20 |      1411.89 |      1478.39 |                 36.87 |                    5.00 |    144 |    15.0387 |
|        1 |        119 |          1433.20 |      1411.89 |      1435.20 |                 45.19 |                    5.00 |    146 |    15.1755 |
|        1 |        120 |          1433.20 |      1411.89 |      1434.50 |                 63.81 |                    5.00 |    146 |    15.2761 |
|        1 |        121 |          1433.20 |      1411.89 |      1438.90 |                 50.00 |                    5.00 |    146 |    15.3652 |
|        1 |        122 |          1433.20 |      1411.89 |      1437.56 |                 43.62 |                    5.00 |    146 |    15.4932 |
|        1 |        123 |          1433.20 |      1411.89 |      1450.55 |                 37.09 |                    5.00 |    149 |    15.5383 |
|        1 |        124 |          1433.20 |      1411.89 |      1440.45 |                 44.72 |                    5.00 |    149 |    15.6008 |
|        1 |        125 |          1433.20 |      1411.89 |      1446.20 |                 33.70 |                    5.00 |    150 |    15.6638 |
|        1 |        126 |          1433.20 |      1411.89 |      1441.52 |                 63.59 |                    5.00 |    150 |    15.8020 |
|        1 |        127 |          1433.20 |      1411.89 |      1434.52 |                 82.81 |                    5.00 |    150 |    15.9501 |
|        1 |        128 |          1433.20 |      1411.89 |      1433.20 |                 52.12 |                    5.00 |    150 |    16.0247 |
|        1 |        129 |          1433.20 |      1411.89 |      1433.20 |                 46.52 |                    5.00 |    150 |    16.1140 |
|        1 |        130 |          1433.20 |      1411.89 |      1431.70 |                 58.88 |                    5.00 |    151 |    16.2136 |
|        1 |        131 |          1433.20 |      1411.89 |      1451.98 |                 36.66 |                    5.00 |    151 |    16.2948 |
|        1 |        132 |          1433.20 |      1411.89 |      1427.71 |                 40.81 |                    5.00 |    151 |    16.3542 |
|        1 |        133 |          1433.20 |      1411.89 |      1449.27 |                 51.20 |                    5.00 |    151 |    16.4193 |
|        1 |        134 |          1433.20 |      1411.89 |      1476.09 |                 66.61 |                    5.00 |    151 |    16.5671 |
|        1 |        135 |          1433.20 |      1411.89 |      1474.88 |                 63.74 |                    5.00 |    151 |    16.6519 |
|        1 |        136 |          1433.20 |      1411.89 |      1472.40 |                 43.38 |                    5.00 |    151 |    16.7523 |
|        1 |        137 |          1433.20 |      1411.89 |      1473.04 |                 59.49 |                    5.00 |    152 |    16.8748 |
|        1 |        138 |          1433.20 |      1411.89 |      1474.90 |                 70.99 |                    5.00 |    152 |    16.9482 |
|        1 |        139 |          1433.20 |      1411.89 |      1473.60 |                 61.46 |                    5.00 |    152 |    17.0394 |
|        1 |        140 |          1433.20 |      1411.89 |      1464.93 |                 69.51 |                    5.00 |    155 |    17.1779 |
|        1 |        141 |          1433.20 |      1411.89 |      1443.66 |                 76.35 |                    5.00 |    158 |    17.3080 |
|        1 |        142 |          1433.20 |      1411.89 |      1459.40 |                 53.10 |                    5.00 |    160 |    17.3760 |
|        1 |        143 |          1433.20 |      1411.89 |      1458.60 |                 41.56 |                    5.00 |    160 |    17.4799 |
|        1 |        144 |          1433.20 |      1411.89 |      1461.50 |                 64.39 |                    5.00 |    160 |    17.5251 |
|        1 |        145 |          1433.20 |      1411.89 |      1470.50 |                 56.84 |                    5.00 |    160 |    17.6212 |
|        1 |        146 |          1433.20 |      1411.89 |      1494.03 |                 70.55 |                    5.00 |    162 |    17.7118 |
|        1 |        147 |          1433.20 |      1411.89 |      1470.60 |                 69.24 |                    5.00 |    162 |    17.8867 |
|        1 |        148 |          1433.20 |      1411.89 |      1482.54 |                 53.18 |                    5.00 |    163 |    17.9628 |
|        1 |        149 |          1433.20 |      1411.89 |      1477.74 |                 70.87 |                    5.00 |    163 |    18.0169 |
|        1 |        150 |          1433.20 |      1411.89 |      1471.33 |                 61.31 |                    5.00 |    163 |    18.1203 |
|        1 |        151 |          1433.20 |      1411.89 |      1480.13 |                 65.49 |                    5.00 |    163 |    18.2039 |
|        1 |        152 |          1433.20 |      1411.89 |      1484.98 |                 38.74 |                    5.00 |    163 |    18.3137 |
|        1 |        153 |          1433.20 |      1411.89 |      1455.52 |                 52.66 |                    5.00 |    163 |    18.3763 |
|        1 |        154 |          1433.20 |      1411.89 |      1449.06 |                 60.55 |                    5.00 |    163 |    18.5964 |
|        1 |        155 |          1433.20 |      1411.89 |      1448.85 |                 54.55 |                    5.00 |    163 |    18.6915 |
|        1 |        156 |          1433.20 |      1411.89 |      1444.41 |                 53.27 |                    5.00 |    163 |    18.7701 |
|        1 |        157 |          1433.20 |      1411.89 |      1440.30 |                 61.71 |                    5.00 |    163 |    18.8432 |
|        1 |        158 |          1433.20 |      1411.89 |      1446.98 |                 53.49 |                    5.00 |    163 |    18.9058 |
|        1 |        159 |          1433.20 |      1411.89 |      1441.07 |                 68.47 |                    5.00 |    163 |    18.9953 |
|        1 |        160 |          1433.20 |      1411.89 |      1458.20 |                 63.60 |                    5.00 |    164 |    19.0907 |
|        1 |        161 |          1433.20 |      1411.89 |      1449.97 |                 42.02 |                    5.00 |    164 |    19.1992 |
|        1 |        162 |          1433.20 |      1411.89 |      1432.16 |                 44.48 |                    5.00 |    164 |    19.2722 |
|        1 |        163 |          1433.20 |      1411.89 |      1452.17 |                 42.11 |                    5.00 |    164 |    19.3853 |
|        1 |        164 |          1433.20 |      1411.89 |      1433.80 |                 65.17 |                    5.00 |    164 |    19.4656 |
|        1 |        165 |          1433.20 |      1411.89 |      1456.46 |                 62.33 |                    5.00 |    165 |    19.5723 |
|        1 |        166 |          1433.20 |      1411.89 |      1458.40 |                 62.65 |                    5.00 |    168 |    19.6769 |
|        1 |        167 |          1433.20 |      1411.89 |      1463.75 |                 70.43 |                    5.00 |    168 |    19.7486 |
|        1 |        168 |          1433.20 |      1411.89 |      1444.95 |                 69.19 |                    5.00 |    168 |    19.9228 |
------------------------------------------------------------------------------------------------------------------------------------------------
|  Restart |  Iteration |  Best Feas. Cost |    Best Cost |   Curr. Cost |   Penalty Custom Res. |   Penalty Standard Res. |   Pool |   Time (s) |
------------------------------------------------------------------------------------------------------------------------------------------------
|        1 |        169 |          1433.20 |      1411.89 |      1455.77 |                 41.82 |                    5.00 |    168 |    20.0005 |
|        1 |        170 |          1433.20 |      1411.89 |      1428.28 |                 60.35 |                    5.00 |    168 |    20.0688 |
|        1 |        171 |          1433.20 |      1411.89 |      1448.63 |                 42.35 |                    5.00 |    168 |    20.1641 |
|        1 |        172 |          1433.20 |      1411.89 |      1415.69 |                 35.61 |                    5.00 |    168 |    20.2544 |
|        1 |        173 |          1433.20 |      1397.49 |      1397.49 |                 55.17 |                    5.00 |    169 |    20.3034 |
|        1 |        174 |          1433.20 |      1397.49 |      1439.38 |                 60.71 |                    5.00 |    169 |    20.3936 |
|        1 |        175 |          1433.20 |      1397.49 |      1452.55 |                 65.57 |                    5.00 |    169 |    20.4574 |
|        1 |        176 |          1433.20 |      1397.49 |      1451.03 |                 64.62 |                    5.00 |    169 |    20.5597 |
|        1 |        177 |          1433.20 |      1397.49 |      1479.38 |                 68.20 |                    5.00 |    171 |    20.7047 |
|        1 |        178 |          1433.20 |      1397.49 |      1481.20 |                 50.36 |                    5.00 |    171 |    20.7802 |
|        1 |        179 |          1433.20 |      1397.49 |      1465.56 |                 60.69 |                    5.00 |    171 |    20.8551 |
|        1 |        180 |          1433.20 |      1397.49 |      1480.21 |                 66.80 |                    5.00 |    171 |    20.9506 |
|        1 |        181 |          1433.20 |      1397.49 |      1468.13 |                 64.51 |                    5.00 |    171 |    21.0541 |
|        1 |        182 |          1433.20 |      1397.49 |      1470.51 |                 68.33 |                    5.00 |    171 |    21.1102 |
|        1 |        183 |          1433.20 |      1397.49 |      1469.39 |                 69.44 |                    5.00 |    171 |    21.2371 |
|        1 |        184 |          1433.20 |      1397.49 |      1457.71 |                 38.28 |                    5.00 |    171 |    21.3601 |
|        1 |        185 |          1433.20 |      1397.49 |      1445.48 |                 63.51 |                    5.00 |    172 |    21.4489 |
|        1 |        186 |          1433.20 |      1397.49 |      1473.91 |                 55.07 |                    5.00 |    172 |    21.5120 |
|        1 |        187 |          1433.20 |      1397.49 |      1450.59 |                 64.28 |                    5.00 |    173 |    21.6266 |
|        1 |        188 |          1433.20 |      1397.49 |      1458.36 |                 73.42 |                    5.00 |    173 |    21.7780 |
|        1 |        189 |          1433.20 |      1397.49 |      1460.52 |                 83.26 |                    5.00 |    173 |    21.8772 |
|        1 |        190 |          1433.20 |      1397.49 |      1457.40 |                 75.80 |                    5.00 |    173 |    21.9596 |
|        1 |        191 |          1433.20 |      1397.49 |      1461.40 |                 40.20 |                    5.00 |    173 |    22.0532 |
|        1 |        192 |          1433.20 |      1397.49 |      1455.87 |                 34.47 |                    5.00 |    173 |    22.1368 |
|        1 |        193 |          1433.20 |      1397.49 |      1434.63 |                 42.40 |                    5.00 |    173 |    22.2004 |
|        1 |        194 |          1433.20 |      1397.49 |      1442.85 |                 57.63 |                    5.00 |    173 |    22.2732 |
|        1 |        195 |          1433.20 |      1397.49 |      1502.70 |                 40.73 |                    5.00 |    174 |    22.4298 |
|        1 |        196 |          1433.20 |      1383.52 |      1383.52 |                 59.14 |                    5.00 |    176 |    22.5788 |
|        1 |        197 |          1433.20 |      1383.52 |      1481.80 |                 46.82 |                    5.00 |    176 |    22.6773 |
|        1 |        198 |          1433.20 |      1383.52 |      1468.08 |                 63.03 |                    5.00 |    176 |    22.7360 |
|        1 |        199 |          1433.20 |      1383.52 |      1480.56 |                 62.71 |                    5.00 |    176 |    22.8477 |
|        1 |        200 |          1433.20 |      1383.52 |      1481.80 |                 61.86 |                    5.00 |    176 |    22.9260 |
|        1 |        201 |          1433.20 |      1383.52 |      1478.97 |                 59.17 |                    5.00 |    176 |    23.0388 |
|        1 |        202 |          1433.20 |      1383.52 |      1459.50 |                 41.53 |                    5.00 |    176 |    23.1302 |
|        1 |        203 |          1433.20 |      1383.52 |      1459.50 |                 50.05 |                    5.00 |    176 |    23.2058 |
|        1 |        204 |          1433.20 |      1383.52 |      1447.22 |                 64.64 |                    5.00 |    176 |    23.2939 |
|        1 |        205 |          1433.20 |      1383.52 |      1452.80 |                 43.64 |                    5.00 |    176 |    23.3607 |
|        1 |        206 |          1433.20 |      1383.52 |      1452.16 |                 50.00 |                    5.00 |    176 |    23.4432 |
|        1 |        207 |          1433.20 |      1383.52 |      1450.90 |                 38.43 |                    5.00 |    176 |    23.5119 |
|        1 |        208 |          1433.20 |      1383.52 |      1434.14 |                 30.67 |                    5.00 |    176 |    23.6317 |
|        1 |        209 |          1433.20 |      1383.52 |      1419.13 |                 47.46 |                    5.00 |    176 |    23.7029 |
|        1 |        210 |          1433.20 |      1383.52 |      1462.73 |                 84.52 |                    5.00 |    176 |    23.7649 |
|        1 |        211 |          1433.20 |      1383.52 |      1460.86 |                 33.31 |                    5.00 |    176 |    24.0061 |
|        1 |        212 |          1433.20 |      1383.52 |      1435.23 |                 59.92 |                    5.00 |    177 |    24.0726 |
|        1 |        213 |          1433.20 |      1383.52 |      1471.10 |                 51.82 |                    5.00 |    179 |    24.1757 |
|        1 |        214 |          1433.20 |      1383.52 |      1452.81 |                 71.77 |                    5.00 |    179 |    24.2697 |
|        1 |        215 |          1433.20 |      1383.52 |      1461.45 |                 57.83 |                    5.00 |    179 |    24.3998 |
|        1 |        216 |          1433.20 |      1383.52 |      1459.10 |                 45.78 |                    5.00 |    179 |    24.4696 |
|        1 |        217 |          1433.20 |      1383.52 |      1431.37 |                 43.80 |                    5.00 |    179 |    24.5570 |
|        1 |        218 |          1433.20 |      1383.52 |      1449.16 |                 60.76 |                    5.00 |    179 |    24.6146 |
|        1 |        219 |          1433.20 |      1383.52 |      1440.08 |                 52.79 |                    5.00 |    180 |    24.8218 |
|        1 |        220 |          1433.20 |      1383.52 |      1451.50 |                 74.67 |                    5.00 |    180 |    24.8867 |
|        1 |        221 |          1433.20 |      1383.52 |      1461.08 |                 60.34 |                    5.00 |    180 |    24.9538 |
|        1 |        222 |          1433.20 |      1383.52 |      1457.07 |                 60.78 |                    5.00 |    180 |    25.0162 |
|        1 |        223 |          1433.20 |      1383.52 |      1459.19 |                 53.73 |                    5.00 |    180 |    25.0817 |
|        1 |        224 |          1433.20 |      1383.52 |      1459.96 |                 61.03 |                    5.00 |    180 |    25.1312 |
|        1 |        225 |          1433.20 |      1383.52 |      1511.04 |                 79.68 |                    5.00 |    180 |    25.2060 |
|        1 |        226 |          1433.20 |      1383.52 |      1519.10 |                 42.61 |                    5.00 |    183 |    25.3299 |
|        1 |        227 |          1433.20 |      1383.52 |      1416.97 |                 56.69 |                    5.00 |    185 |    25.4246 |
|        1 |        228 |          1433.20 |      1383.52 |      1478.70 |                 37.45 |                    5.00 |    185 |    25.5169 |
|        1 |        229 |          1433.20 |      1383.52 |      1450.71 |                 43.32 |                    5.00 |    186 |    25.6395 |
|        1 |        230 |          1433.20 |      1383.52 |      1473.10 |                 73.82 |                    5.00 |    188 |    25.9285 |
|        1 |        231 |          1433.20 |      1383.52 |      1490.67 |                 42.38 |                    5.00 |    191 |    26.2197 |
|        1 |        232 |          1433.20 |      1383.52 |      1462.30 |                 47.05 |                    5.00 |    191 |    26.6664 |
|        1 |        233 |          1433.20 |      1383.52 |      1447.40 |                 65.88 |                    5.00 |    191 |    26.9313 |
|        1 |        234 |          1433.20 |      1383.52 |      1455.24 |                 56.87 |                    5.00 |    193 |    27.5914 |
|        1 |        235 |          1433.20 |      1383.52 |      1478.67 |                 64.55 |                    5.00 |    193 |    27.8545 |
|        1 |        236 |          1433.20 |      1383.52 |      1492.90 |                 71.83 |                    5.00 |    195 |    28.1254 |
|        1 |        237 |          1433.20 |      1383.52 |      1461.08 |                 60.24 |                    5.00 |    195 |    28.2906 |
|        1 |        238 |          1433.20 |      1383.52 |      1463.70 |                 71.11 |                    5.00 |    200 |    28.4504 |
|        1 |        239 |          1433.20 |      1383.52 |      1471.17 |                 52.43 |                    5.00 |    200 |    28.6476 |
|        1 |        240 |          1433.20 |      1383.52 |      1469.70 |                 53.30 |                    5.00 |    200 |    28.7788 |
|        1 |        241 |          1433.20 |      1383.52 |      1468.98 |                 49.56 |                    5.00 |    200 |    28.9045 |
|        1 |        242 |          1433.20 |      1383.52 |      1462.16 |                 45.63 |                    5.00 |    200 |    28.9849 |
|        1 |        243 |          1433.20 |      1383.52 |      1525.29 |                 45.47 |                    5.00 |    204 |    29.1081 |
|        1 |        244 |          1433.20 |      1383.52 |      1521.83 |                 65.66 |                    5.00 |    204 |    29.1808 |
|        1 |        245 |          1433.20 |      1383.52 |      1475.60 |                 45.51 |                    5.00 |    205 |    29.3939 |
|        1 |        246 |          1433.20 |      1383.52 |      1451.72 |                 69.12 |                    5.00 |    205 |    29.4493 |
|        1 |        247 |          1433.20 |      1383.52 |      1477.74 |                 62.77 |                    5.00 |    205 |    29.6775 |
|        1 |        248 |          1433.20 |      1383.52 |      1465.31 |                 85.21 |                    5.00 |    205 |    29.7975 |
|        1 |        249 |          1433.20 |      1383.52 |      1466.77 |                 59.78 |                    5.00 |    205 |    29.9042 |
|        1 |        250 |          1433.20 |      1383.52 |      1467.31 |                 63.93 |                    5.00 |    205 |    29.9718 |
|        1 |        251 |          1433.20 |      1383.52 |      1470.60 |                 58.23 |                    5.00 |    205 |    30.0511 |
|        1 |        252 |          1433.20 |      1383.52 |      1458.03 |                 46.11 |                    5.00 |    205 |    30.1320 |
|        1 |        253 |          1433.20 |      1383.52 |      1459.96 |                 63.20 |                    5.00 |    205 |    30.2392 |
|        1 |        254 |          1433.20 |      1383.52 |      1465.41 |                 61.63 |                    5.00 |    205 |    30.3604 |
|        1 |        255 |          1433.20 |      1383.52 |      1466.29 |                 63.91 |                    5.00 |    205 |    30.4543 |
|        1 |        256 |          1433.20 |      1383.52 |      1469.81 |                 63.70 |                    5.00 |    205 |    30.5363 |
|        1 |        257 |          1433.20 |      1383.52 |      1449.42 |                 64.49 |                    5.00 |    205 |    30.7170 |
|        1 |        258 |          1433.20 |      1383.52 |      1470.90 |                 63.68 |                    5.00 |    205 |    30.7780 |
|        1 |        259 |          1433.20 |      1383.52 |      1481.20 |                 34.76 |                    5.00 |    205 |    30.9015 |
|        1 |        260 |          1433.20 |      1383.52 |      1463.51 |                 49.68 |                    5.00 |    206 |    30.9659 |
|        1 |        261 |          1433.20 |      1383.52 |      1465.90 |                 35.50 |                    5.00 |    206 |    31.0974 |
|        1 |        262 |          1433.20 |      1383.52 |      1470.25 |                 45.42 |                    5.00 |    206 |    31.1750 |
|        1 |        263 |          1433.20 |      1383.52 |      1471.73 |                 39.73 |                    5.00 |    206 |    31.2591 |
|        1 |        264 |          1433.20 |      1383.52 |      1458.83 |                 53.47 |                    5.00 |    206 |    31.3327 |
|        1 |        265 |          1433.20 |      1383.52 |      1476.74 |                 37.21 |                    5.00 |    206 |    31.4128 |
|        1 |        266 |          1433.20 |      1383.52 |      1462.89 |                 45.76 |                    5.00 |    206 |    31.4943 |
|        1 |        267 |          1433.20 |      1383.52 |      1479.32 |                 41.68 |                    5.00 |    206 |    31.5781 |
|        1 |        268 |          1433.20 |      1383.52 |      1479.23 |                 35.68 |                    5.00 |    206 |    31.7031 |
|        1 |        269 |          1433.20 |      1383.52 |      1445.12 |                 41.66 |                    5.00 |    206 |    31.8188 |
|        1 |        270 |          1433.20 |      1383.52 |      1441.69 |                 56.09 |                    5.00 |    206 |    31.8851 |
|        1 |        271 |          1433.20 |      1383.52 |      1443.41 |                 45.64 |                    5.00 |    206 |    32.0136 |
|        1 |        272 |          1433.20 |      1383.52 |      1465.53 |                 72.83 |                    5.00 |    207 |    32.0782 |
|        1 |        273 |          1433.20 |      1383.52 |      1462.40 |                 45.40 |                    5.00 |    207 |    32.1372 |
|        1 |        274 |          1433.20 |      1383.52 |      1462.40 |                 48.09 |                    5.00 |    207 |    32.1857 |
|        1 |        275 |          1433.20 |      1383.52 |      1436.75 |                 50.20 |                    5.00 |    207 |    32.3349 |
|        1 |        276 |          1433.20 |      1383.52 |      1439.32 |                 81.70 |                    5.00 |    207 |    32.3995 |
|        1 |        277 |          1433.20 |      1383.52 |      1452.80 |                 57.40 |                    5.00 |    207 |    32.4628 |
|        1 |        278 |          1433.20 |      1383.52 |      1448.50 |                 62.62 |                    5.00 |    207 |    32.5228 |
|        1 |        279 |          1433.20 |      1383.52 |      1450.05 |                 40.59 |                    5.00 |    207 |    32.5966 |
|        1 |        280 |          1433.20 |      1383.52 |      1432.10 |                 61.01 |                    5.00 |    207 |    32.6495 |
|        1 |        281 |          1433.20 |      1383.52 |      1452.11 |                 44.17 |                    5.00 |    207 |    32.7098 |
|        1 |        282 |          1433.20 |      1383.52 |      1435.27 |                 35.37 |                    5.00 |    207 |    32.7554 |
|        1 |        283 |          1433.20 |      1383.52 |      1429.02 |                 41.75 |                    5.00 |    207 |    32.8496 |
|        1 |        284 |          1433.20 |      1383.52 |      1441.14 |                 68.64 |                    5.00 |    208 |    32.9186 |
|        1 |        285 |          1433.20 |      1383.52 |      1448.86 |                 46.93 |                    5.00 |    208 |    33.1648 |
|        1 |        286 |          1433.20 |      1383.52 |      1441.46 |                 68.37 |                    5.00 |    208 |    33.2632 |
|        1 |        287 |          1433.20 |      1383.52 |      1455.30 |                 64.19 |                    5.00 |    208 |    33.3946 |
|        1 |        288 |          1433.20 |      1383.52 |      1452.24 |                 35.10 |                    5.00 |    208 |    33.5250 |
|        1 |        289 |          1433.20 |      1383.52 |      1429.40 |                 50.18 |                    5.00 |    208 |    33.6131 |
|        1 |        290 |          1433.20 |      1383.52 |      1438.18 |                 34.77 |                    5.00 |    209 |    33.8261 |
|        1 |        291 |          1433.20 |      1383.52 |      1409.86 |                 57.75 |                    5.00 |    209 |    33.9070 |
|        1 |        292 |          1433.20 |      1383.52 |      1480.15 |                 59.87 |                    5.00 |    209 |    34.0499 |
|        1 |        293 |          1433.20 |      1383.52 |      1484.20 |                 53.98 |                    5.00 |    209 |    34.1877 |
|        1 |        294 |          1433.20 |      1383.52 |      1471.75 |                 63.56 |                    5.00 |    212 |    34.4428 |
|        1 |        295 |          1433.20 |      1383.52 |      1480.60 |                 68.62 |                    5.00 |    212 |    34.5362 |
|        1 |        296 |          1433.20 |      1383.52 |      1455.30 |                 31.23 |                    5.00 |    212 |    34.8880 |
|        1 |        297 |          1433.20 |      1383.52 |      1446.01 |                 45.04 |                    5.00 |    213 |    35.0344 |
|        1 |        298 |          1433.20 |      1383.52 |      1449.10 |                 48.61 |                    5.00 |    215 |    35.1497 |
|        1 |        299 |          1433.20 |      1383.52 |      1448.02 |                 36.91 |                    5.00 |    216 |    35.3236 |
|        1 |        300 |          1433.20 |      1383.52 |      1434.50 |                 47.73 |                    5.00 |    216 |    35.4373 |
|        1 |        301 |          1433.20 |      1383.52 |      1451.50 |                 34.88 |                    5.00 |    216 |    35.5552 |
|        1 |        302 |          1433.20 |      1383.52 |      1438.46 |                 44.89 |                    5.00 |    216 |    35.8344 |
|        1 |        303 |          1433.20 |      1383.52 |      1438.00 |                 33.82 |                    5.00 |    216 |    35.9478 |
|        1 |        304 |          1433.20 |      1383.52 |      1436.46 |                 33.70 |                    5.00 |    216 |    36.0720 |
|        1 |        305 |          1433.20 |      1383.52 |      1448.80 |                 61.16 |                    5.00 |    216 |    36.2127 |
|        1 |        306 |          1433.20 |      1383.52 |      1463.70 |                 39.22 |                    5.00 |    216 |    36.3718 |
|        1 |        307 |          1433.20 |      1383.52 |      1458.34 |                 63.82 |                    5.00 |    216 |    36.5072 |
|        1 |        308 |          1433.20 |      1383.52 |      1440.39 |                 55.05 |                    5.00 |    216 |    36.7993 |
|        1 |        309 |          1433.20 |      1383.52 |      1453.99 |                 63.05 |                    5.00 |    216 |    36.9729 |
|        1 |        310 |          1433.20 |      1383.52 |      1458.54 |                 68.66 |                    5.00 |    216 |    37.1411 |
|        1 |        311 |          1433.20 |      1383.52 |      1454.94 |                 63.67 |                    5.00 |    216 |    37.3457 |
|        1 |        312 |          1433.20 |      1383.52 |      1466.65 |                 68.04 |                    5.00 |    216 |    37.5206 |
|        1 |        313 |          1433.20 |      1383.52 |      1467.20 |                 38.74 |                    5.00 |    216 |    37.6392 |
|        1 |        314 |          1433.20 |      1383.52 |      1442.31 |                 48.60 |                    5.00 |    216 |    37.7546 |
|        1 |        315 |          1433.20 |      1383.52 |      1448.11 |                 58.43 |                    5.00 |    218 |    37.9797 |
|        1 |        316 |          1433.20 |      1383.52 |      1459.11 |                 37.72 |                    5.00 |    218 |    38.1720 |
|        1 |        317 |          1433.20 |      1383.52 |      1462.76 |                 65.14 |                    5.00 |    219 |    38.2756 |
|        1 |        318 |          1433.20 |      1383.52 |      1480.21 |                 64.31 |                    5.00 |    219 |    38.3530 |
|        1 |        319 |          1433.20 |      1383.52 |      1480.60 |                 45.05 |                    5.00 |    219 |    38.4949 |
|        1 |        320 |          1433.20 |      1383.52 |      1448.00 |                 63.80 |                    5.00 |    219 |    38.5403 |
|        1 |        321 |          1433.20 |      1383.52 |      1474.67 |                 74.52 |                    5.00 |    219 |    38.6689 |
|        1 |        322 |          1433.20 |      1383.52 |      1476.90 |                 63.27 |                    5.00 |    219 |    38.7644 |
|        1 |        323 |          1433.20 |      1383.52 |      1476.47 |                 64.39 |                    5.00 |    219 |    38.8352 |
|        1 |        324 |          1433.20 |      1383.52 |      1483.10 |                 42.14 |                    5.00 |    219 |    38.9352 |
|        1 |        325 |          1433.20 |      1383.52 |      1481.43 |                 45.98 |                    5.00 |    219 |    39.0107 |
|        1 |        326 |          1433.20 |      1383.52 |      1451.65 |                 66.15 |                    5.00 |    219 |    39.1762 |
|        1 |        327 |          1433.20 |      1383.52 |      1463.39 |                 61.43 |                    5.00 |    219 |    39.2737 |
|        1 |        328 |          1433.20 |      1383.52 |      1449.36 |                 67.99 |                    5.00 |    219 |    39.5066 |
|        1 |        329 |          1433.20 |      1383.52 |      1449.73 |                 40.24 |                    5.00 |    219 |    39.6299 |
|        1 |        330 |          1433.20 |      1383.52 |      1433.47 |                 66.83 |                    5.00 |    219 |    39.7000 |
|        1 |        331 |          1433.20 |      1383.52 |      1441.53 |                 54.98 |                    5.00 |    219 |    39.8561 |
|        1 |        332 |          1433.20 |      1383.52 |      1444.58 |                 54.22 |                    5.00 |    219 |    39.9639 |
------------------------------------------------------------------------------------------------------------------------------------------------
|  Restart |  Iteration |  Best Feas. Cost |    Best Cost |   Curr. Cost |   Penalty Custom Res. |   Penalty Standard Res. |   Pool |   Time (s) |
------------------------------------------------------------------------------------------------------------------------------------------------
|        1 |        333 |          1433.20 |      1383.52 |      1447.15 |                 62.81 |                    5.00 |    219 |    40.0434 |
|        1 |        334 |          1433.20 |      1383.52 |      1448.91 |                 40.18 |                    5.00 |    219 |    40.2295 |
|        1 |        335 |          1433.20 |      1383.52 |      1436.61 |                 63.38 |                    5.00 |    222 |    40.3556 |
|        1 |        336 |          1433.20 |      1383.52 |      1457.18 |                 74.16 |                    5.00 |    222 |    40.4284 |
|        1 |        337 |          1433.20 |      1383.52 |      1451.77 |                 69.55 |                    5.00 |    222 |    40.5502 |
|        1 |        338 |          1433.20 |      1383.52 |      1465.00 |                 42.45 |                    5.00 |    222 |    40.6577 |
|        1 |        339 |          1433.20 |      1383.52 |      1437.32 |                 57.68 |                    5.00 |    222 |    40.7576 |
|        1 |        340 |          1433.20 |      1383.52 |      1451.98 |                 70.94 |                    5.00 |    222 |    40.8779 |
|        1 |        341 |          1433.20 |      1383.52 |      1459.71 |                 61.39 |                    5.00 |    222 |    40.9918 |
|        1 |        342 |          1433.20 |      1383.52 |      1457.57 |                 52.63 |                    5.00 |    222 |    41.0936 |
|        1 |        343 |          1433.20 |      1383.52 |      1448.76 |                 54.08 |                    5.00 |    222 |    41.1752 |
|        1 |        344 |          1433.20 |      1383.52 |      1447.55 |                 60.18 |                    5.00 |    222 |    41.2673 |
|        1 |        345 |          1433.20 |      1383.52 |      1469.94 |                 49.50 |                    5.00 |    227 |    41.4503 |
|        1 |        346 |          1433.20 |      1383.52 |      1451.30 |                 58.95 |                    5.00 |    227 |    41.5974 |
|        1 |        347 |          1433.20 |      1383.52 |      1451.30 |                 62.41 |                    5.00 |    227 |    41.6703 |
|        1 |        348 |          1433.20 |      1383.52 |      1451.30 |                 45.65 |                    5.00 |    227 |    41.7342 |
|        1 |        349 |          1433.20 |      1383.52 |      1438.02 |                 42.43 |                    5.00 |    227 |    41.8106 |
|        1 |        350 |          1433.20 |      1383.52 |      1434.80 |                 62.33 |                    5.00 |    227 |    41.9476 |
|        1 |        351 |          1433.20 |      1383.52 |      1454.20 |                 40.81 |                    5.00 |    227 |    42.0431 |
|        1 |        352 |          1433.20 |      1383.52 |      1432.49 |                 44.00 |                    5.00 |    227 |    42.1948 |
|        1 |        353 |          1433.20 |      1383.52 |      1452.29 |                 31.86 |                    5.00 |    227 |    42.3000 |
|        1 |        354 |          1433.20 |      1383.52 |      1441.46 |                 42.89 |                    5.00 |    227 |    42.3742 |
|        1 |        355 |          1433.20 |      1383.52 |      1453.34 |                 53.30 |                    5.00 |    227 |    42.4375 |
|        1 |        356 |          1433.20 |      1383.52 |      1450.10 |                 38.18 |                    5.00 |    227 |    42.5340 |
|        1 |        357 |          1433.20 |      1383.52 |      1435.46 |                 58.50 |                    5.00 |    228 |    42.6100 |
|        1 |        358 |          1433.20 |      1383.52 |      1449.10 |                 40.32 |                    5.00 |    228 |    42.6688 |
|        1 |        359 |          1433.20 |      1383.52 |      1434.53 |                 50.59 |                    5.00 |    228 |    42.7484 |
|        1 |        360 |          1433.20 |      1383.52 |      1445.59 |                 39.29 |                    5.00 |    228 |    42.8430 |
|        1 |        361 |          1433.20 |      1383.52 |      1448.28 |                 69.24 |                    5.00 |    230 |    42.9536 |
|        1 |        362 |          1433.20 |      1383.52 |      1434.50 |                 44.47 |                    5.00 |    230 |    43.0279 |
|        1 |        363 |          1433.20 |      1383.52 |      1434.50 |                 37.02 |                    5.00 |    230 |    43.1195 |
|        1 |        364 |          1433.20 |      1383.52 |      1433.10 |                 49.76 |                    5.00 |    230 |    43.2348 |
|        1 |        365 |          1433.20 |      1383.52 |      1452.16 |                 64.37 |                    5.00 |    230 |    43.3079 |
|        1 |        366 |          1433.20 |      1383.52 |      1475.09 |                 66.72 |                    5.00 |    232 |    43.4287 |
|        1 |        367 |          1433.20 |      1383.52 |      1466.87 |                 54.88 |                    5.00 |    232 |    43.5581 |
|        1 |        368 |          1433.20 |      1383.52 |      1453.94 |                 61.10 |                    5.00 |    232 |    43.6462 |
|        1 |        369 |          1433.20 |      1383.52 |      1458.62 |                 63.14 |                    5.00 |    232 |    43.8590 |
|        1 |        370 |          1433.20 |      1383.52 |      1463.09 |                 62.85 |                    5.00 |    232 |    43.9982 |
|        1 |        371 |          1433.20 |      1383.52 |      1461.52 |                 63.11 |                    5.00 |    232 |    44.1539 |
|        1 |        372 |          1433.20 |      1383.52 |      1459.50 |                 68.82 |                    5.00 |    232 |    44.2489 |
|        1 |        373 |          1433.20 |      1383.52 |      1445.64 |                 55.45 |                    5.00 |    232 |    44.4042 |
|        1 |        374 |          1433.20 |      1383.52 |      1462.30 |                 60.46 |                    5.00 |    233 |    44.4972 |
|        1 |        375 |          1433.20 |      1383.52 |      1438.84 |                 48.79 |                    5.00 |    233 |    44.6537 |
|        1 |        376 |          1433.20 |      1383.52 |      1438.18 |                 44.89 |                    5.00 |    233 |    44.7368 |
|        1 |        377 |          1433.20 |      1383.52 |      1467.33 |                 63.53 |                    5.00 |    234 |    44.8250 |
|        1 |        378 |          1433.20 |      1383.52 |      1459.10 |                 45.87 |                    5.00 |    234 |    44.9669 |
|        1 |        379 |          1433.20 |      1383.52 |      1459.10 |                 30.98 |                    5.00 |    234 |    45.0535 |
|        1 |        380 |          1433.20 |      1383.52 |      1431.05 |                 52.47 |                    5.00 |    235 |    45.1318 |
|        1 |        381 |          1433.20 |      1383.52 |      1454.25 |                 46.62 |                    5.00 |    235 |    45.3378 |
|        1 |        382 |          1433.20 |      1383.52 |      1444.25 |                 64.00 |                    5.00 |    235 |    45.4280 |
|        1 |        383 |          1433.20 |      1383.52 |      1455.48 |                 60.46 |                    5.00 |    235 |    45.6173 |
|        1 |        384 |          1433.20 |      1383.52 |      1473.16 |                 67.99 |                    5.00 |    235 |    45.6898 |
|        1 |        385 |          1433.20 |      1383.52 |      1475.20 |                 64.17 |                    5.00 |    235 |    45.8948 |
|        1 |        386 |          1433.20 |      1383.52 |      1478.01 |                 67.07 |                    5.00 |    235 |    46.0395 |
|        1 |        387 |          1433.20 |      1383.52 |      1463.55 |                 49.65 |                    5.00 |    235 |    46.3420 |
|        1 |        388 |          1433.20 |      1383.52 |      1450.61 |                 44.79 |                    5.00 |    235 |    46.4185 |
|        1 |        389 |          1433.20 |      1383.52 |      1452.31 |                 70.01 |                    5.00 |    235 |    46.5342 |
|        1 |        390 |          1433.20 |      1383.52 |      1478.20 |                 39.84 |                    5.00 |    235 |    46.6482 |
|        1 |        391 |          1433.20 |      1383.52 |      1456.87 |                 65.42 |                    5.00 |    236 |    46.8017 |
|        1 |        392 |          1433.20 |      1383.52 |      1474.10 |                 53.24 |                    5.00 |    236 |    46.9639 |
|        1 |        393 |          1433.20 |      1383.52 |      1473.19 |                 59.26 |                    5.00 |    236 |    47.0359 |
|        1 |        394 |          1433.20 |      1383.52 |      1483.10 |                 45.94 |                    5.00 |    236 |    47.1557 |
|        1 |        395 |          1433.20 |      1383.52 |      1466.02 |                 72.45 |                    5.00 |    237 |    47.2743 |
|        1 |        396 |          1433.20 |      1383.52 |      1473.64 |                 39.96 |                    5.00 |    237 |    47.3942 |
|        1 |        397 |          1433.20 |      1383.52 |      1468.58 |                 44.86 |                    5.00 |    238 |    47.5083 |
|        1 |        398 |          1433.20 |      1383.52 |      1457.82 |                 55.75 |                    5.00 |    238 |    47.5736 |
|        1 |        399 |          1433.20 |      1383.52 |      1479.59 |                 42.01 |                    5.00 |    238 |    47.6981 |
|        1 |        400 |          1433.20 |      1383.52 |      1455.87 |                 63.12 |                    5.00 |    238 |    47.7756 |
|        1 |        401 |          1433.20 |      1383.52 |      1464.62 |                 56.86 |                    5.00 |    238 |    47.8813 |
|        1 |        402 |          1433.20 |      1383.52 |      1458.19 |                 56.05 |                    5.00 |    238 |    47.9851 |
|        1 |        403 |          1433.20 |      1383.52 |      1464.10 |                 64.95 |                    5.00 |    238 |    48.0546 |
|        1 |        404 |          1433.20 |      1383.52 |      1499.52 |                 59.19 |                    5.00 |    238 |    48.1251 |
|        1 |        405 |          1433.20 |      1383.52 |      1463.51 |                 52.15 |                    5.00 |    238 |    48.2772 |
|        1 |        406 |          1433.20 |      1383.52 |      1470.90 |                 66.80 |                    5.00 |    238 |    48.3346 |
|        1 |        407 |          1433.20 |      1383.52 |      1463.23 |                 52.68 |                    5.00 |    239 |    48.5979 |
|        1 |        408 |          1433.20 |      1383.52 |      1456.00 |                 87.43 |                    5.00 |    239 |    48.8181 |
|        1 |        409 |          1433.20 |      1383.52 |      1473.20 |                 62.65 |                    5.00 |    239 |    49.0292 |
|        1 |        410 |          1433.20 |      1383.52 |      1471.78 |                 70.36 |                    5.00 |    239 |    49.1856 |
|        1 |        411 |          1433.20 |      1383.52 |      1473.20 |                 62.21 |                    5.00 |    239 |    49.2851 |
|        1 |        412 |          1433.20 |      1383.52 |      1460.17 |                 74.00 |                    5.00 |    239 |    49.4623 |
|        1 |        413 |          1433.20 |      1383.52 |      1466.62 |                 44.19 |                    5.00 |    240 |    49.6026 |
|        1 |        414 |          1433.20 |      1383.52 |      1450.49 |                 62.54 |                    5.00 |    240 |    49.6794 |
|        1 |        415 |          1433.20 |      1383.52 |      1466.59 |                 64.01 |                    5.00 |    240 |    49.8538 |
|        1 |        416 |          1433.20 |      1383.52 |      1466.31 |                 49.14 |                    5.00 |    240 |    49.9705 |
|        1 |        417 |          1433.20 |      1383.52 |      1456.13 |                 35.24 |                    5.00 |    240 |    50.0331 |
|        1 |        418 |          1433.20 |      1383.52 |      1441.45 |                 56.26 |                    5.00 |    240 |    50.0917 |
|        1 |        419 |          1433.20 |      1383.52 |      1462.32 |                 32.34 |                    5.00 |    240 |    50.1737 |
|        1 |        420 |          1433.20 |      1383.52 |      1437.84 |                 41.40 |                    5.00 |    240 |    50.2491 |
|        1 |        421 |          1433.20 |      1383.52 |      1473.28 |                 62.79 |                    5.00 |    240 |    50.3509 |
|        1 |        422 |          1433.20 |      1383.52 |      1481.90 |                 46.76 |                    5.00 |    240 |    50.4920 |
|        1 |        423 |          1433.20 |      1383.52 |      1463.74 |                 62.94 |                    5.00 |    242 |    50.5744 |
|        1 |        424 |          1433.20 |      1383.52 |      1464.95 |                 68.47 |                    5.00 |    243 |    50.7357 |
|        1 |        425 |          1433.20 |      1383.52 |      1474.90 |                 50.52 |                    5.00 |    245 |    50.8545 |
|        1 |        426 |          1433.20 |      1383.52 |      1446.29 |                 62.68 |                    5.00 |    245 |    50.9995 |
|        1 |        427 |          1433.20 |      1383.52 |      1460.51 |                 65.58 |                    5.00 |    245 |    51.1431 |
|        1 |        428 |          1433.20 |      1383.52 |      1468.70 |                 73.55 |                    5.00 |    245 |    51.3082 |
|        1 |        429 |          1433.20 |      1383.52 |      1477.20 |                 53.25 |                    5.00 |    245 |    51.4681 |
|        1 |        430 |          1433.20 |      1383.52 |      1465.13 |                 66.00 |                    5.00 |    245 |    51.7705 |
|        1 |        431 |          1433.20 |      1383.52 |      1467.35 |                 54.83 |                    5.00 |    245 |    52.0270 |
|        1 |        432 |          1433.20 |      1383.52 |      1459.10 |                 62.88 |                    5.00 |    245 |    52.1408 |
|        1 |        433 |          1433.20 |      1383.52 |      1468.08 |                 72.01 |                    5.00 |    245 |    52.3017 |
|        1 |        434 |          1433.20 |      1383.52 |      1473.40 |                 44.44 |                    5.00 |    245 |    52.3922 |
|        1 |        435 |          1433.20 |      1383.52 |      1464.80 |                 73.76 |                    5.00 |    245 |    52.5185 |
|        1 |        436 |          1433.20 |      1383.52 |      1483.50 |                 46.87 |                    5.00 |    245 |    52.6188 |
|        1 |        437 |          1433.20 |      1383.52 |      1450.90 |                 43.48 |                    5.00 |    245 |    52.7788 |
|        1 |        438 |          1433.20 |      1383.52 |      1451.82 |                 70.59 |                    5.00 |    245 |    53.2711 |
|        1 |        439 |          1433.20 |      1383.52 |      1462.30 |                 55.24 |                    5.00 |    246 |    53.9555 |
|        1 |        440 |          1433.20 |      1383.52 |      1459.25 |                 62.04 |                    5.00 |    246 |    54.4620 |
|        1 |        441 |          1433.20 |      1383.52 |      1463.80 |                 61.84 |                    5.00 |    246 |    54.8053 |
|        1 |        442 |          1433.20 |      1383.52 |      1435.56 |                 32.28 |                    5.00 |    246 |    55.4243 |
|        1 |        443 |          1433.20 |      1383.52 |      1434.78 |                 31.24 |                    5.00 |    246 |    55.6516 |
|        1 |        444 |          1433.20 |      1383.52 |      1436.10 |                 46.44 |                    5.00 |    246 |    55.8451 |
|        1 |        445 |          1433.20 |      1383.52 |      1436.10 |                 46.82 |                    5.00 |    246 |    55.9662 |
|        1 |        446 |          1433.20 |      1383.52 |      1436.10 |                 47.13 |                    5.00 |    246 |    56.2903 |
|        1 |        447 |          1433.20 |      1383.52 |      1436.10 |                 66.03 |                    5.00 |    246 |    56.5650 |
|        1 |        448 |          1433.20 |      1383.52 |      1464.24 |                 64.46 |                    5.00 |    247 |    56.8681 |
|        1 |        449 |          1433.20 |      1383.52 |      1445.60 |                 66.81 |                    5.00 |    247 |    57.1679 |
|        1 |        450 |          1433.20 |      1383.52 |      1457.98 |                 34.44 |                    5.00 |    247 |    58.3828 |
|        1 |        451 |          1433.20 |      1383.52 |      1432.55 |                 60.62 |                    5.00 |    247 |    58.6952 |
|        1 |        452 |          1433.20 |      1383.52 |      1442.60 |                 38.91 |                    5.00 |    247 |    58.8886 |
|        1 |        453 |          1433.20 |      1383.52 |      1437.71 |                 51.84 |                    5.00 |    247 |    59.0005 |
|        1 |        454 |          1433.20 |      1383.52 |      1443.30 |                 42.31 |                    5.00 |    247 |    59.1807 |
|        1 |        455 |          1433.20 |      1383.52 |      1428.14 |                 41.73 |                    5.00 |    247 |    59.6286 |
|        1 |        456 |          1433.20 |      1383.52 |      1429.32 |                 33.39 |                    5.00 |    247 |    59.7958 |
|        1 |        457 |          1433.20 |      1383.52 |      1419.63 |                 32.98 |                    5.00 |    247 |    59.9134 |
------------------------------------------------------------------------------------------------------------------------------------------------
|  Restart |  Iteration |  Best Feas. Cost |    Best Cost |   Curr. Cost |   Penalty Custom Res. |   Penalty Standard Res. |   Pool |   Time (s) |
------------------------------------------------------------------------------------------------------------------------------------------------
|        1 |        458 |          1433.20 |      1383.52 |      1418.55 |                 41.35 |                    5.00 |    247 |    60.0844 |
|        1 |        459 |          1433.20 |      1383.52 |      1428.38 |                 42.90 |                    5.00 |    247 |    60.2473 |
|        1 |        460 |          1433.20 |      1383.52 |      1429.53 |                 69.06 |                    5.00 |    247 |    60.5122 |
|        1 |        461 |          1433.20 |      1383.52 |      1441.70 |                 64.21 |                    5.00 |    247 |    60.6796 |
|        1 |        462 |          1433.20 |      1383.52 |      1441.70 |                 50.32 |                    5.00 |    247 |    60.9037 |
|        1 |        463 |          1433.20 |      1383.52 |      1441.40 |                 40.65 |                    5.00 |    247 |    61.0782 |
|        1 |        464 |          1433.20 |      1383.52 |      1433.68 |                 42.09 |                    5.00 |    247 |    61.3049 |
|        1 |        465 |          1433.20 |      1383.52 |      1439.51 |                 52.30 |                    5.00 |    247 |    61.4258 |
|        1 |        466 |          1433.20 |      1383.52 |      1440.80 |                 30.09 |                    5.00 |    247 |    61.5361 |
|        1 |        467 |          1433.20 |      1383.52 |      1426.31 |                 37.40 |                    5.00 |    247 |    61.6412 |
|        1 |        468 |          1433.20 |      1383.52 |      1430.00 |                 55.08 |                    5.00 |    247 |    61.7801 |
|        1 |        469 |          1433.20 |      1383.52 |      1436.40 |                 56.62 |                    5.00 |    247 |    61.8624 |
|        1 |        470 |          1433.20 |      1383.52 |      1439.40 |                 65.57 |                    5.00 |    247 |    61.9689 |
|        1 |        471 |          1433.20 |      1383.52 |      1439.40 |                 38.48 |                    5.00 |    247 |    62.0799 |
|        1 |        472 |          1433.20 |      1383.52 |      1444.54 |                 45.00 |                    5.00 |    247 |    62.2121 |
|        1 |        473 |          1433.20 |      1383.52 |      1457.31 |                 61.72 |                    5.00 |    248 |    62.5322 |
|        1 |        474 |          1433.20 |      1383.52 |      1440.80 |                 61.36 |                    5.00 |    248 |    62.8681 |
|        1 |        475 |          1433.20 |      1383.52 |      1440.80 |                 39.42 |                    5.00 |    248 |    63.0329 |
|        1 |        476 |          1433.20 |      1383.52 |      1441.52 |                 48.01 |                    5.00 |    248 |    63.2057 |
|        1 |        477 |          1433.20 |      1383.52 |      1449.10 |                 57.19 |                    5.00 |    248 |    63.4149 |
|        1 |        478 |          1433.20 |      1383.52 |      1453.40 |                 29.96 |                    5.00 |    248 |    63.7127 |
|        1 |        479 |          1433.20 |      1383.52 |      1438.66 |                 48.30 |                    5.00 |    248 |    63.9264 |
|        1 |        480 |          1433.20 |      1383.52 |      1445.60 |                 31.62 |                    5.00 |    248 |    64.1153 |
|        1 |        481 |          1433.20 |      1383.52 |      1444.85 |                 29.99 |                    5.00 |    248 |    64.2444 |
|        1 |        482 |          1433.20 |      1383.52 |      1441.01 |                 31.97 |                    5.00 |    248 |    64.4883 |
|        1 |        483 |          1433.20 |      1383.52 |      1441.39 |                 37.01 |                    5.00 |    248 |    64.6150 |
|        1 |        484 |          1433.20 |      1383.52 |      1441.50 |                 47.79 |                    5.00 |    248 |    64.7714 |
|        1 |        485 |          1433.20 |      1383.52 |      1436.38 |                 47.54 |                    5.00 |    248 |    64.9860 |
|        1 |        486 |          1433.20 |      1383.52 |      1438.30 |                 30.82 |                    5.00 |    248 |    65.1317 |
|        1 |        487 |          1433.20 |      1383.52 |      1416.21 |                 50.13 |                    5.00 |    249 |    65.3010 |
|        1 |        488 |          1433.20 |      1383.52 |      1441.90 |                 42.54 |                    5.00 |    249 |    65.4563 |
|        1 |        489 |          1433.20 |      1383.52 |      1422.24 |                 50.21 |                    5.00 |    249 |    65.6132 |
|        1 |        490 |          1433.20 |      1383.52 |      1450.91 |                 50.03 |                    5.00 |    249 |    65.8004 |
|        1 |        491 |          1433.20 |      1383.52 |      1467.92 |                 60.91 |                    5.00 |    250 |    65.9644 |
|        1 |        492 |          1433.20 |      1383.52 |      1475.70 |                 71.22 |                    5.00 |    250 |    66.0857 |
|        1 |        493 |          1433.20 |      1383.52 |      1475.70 |                 32.19 |                    5.00 |    250 |    66.2461 |
|        1 |        494 |          1433.20 |      1383.52 |      1436.79 |                 45.98 |                    5.00 |    250 |    66.3979 |
|        1 |        495 |          1433.20 |      1383.52 |      1463.02 |                 68.38 |                    5.00 |    250 |    66.5602 |
|        1 |        496 |          1433.20 |      1383.52 |      1473.20 |                 63.54 |                    5.00 |    250 |    66.6819 |
|        1 |        497 |          1433.20 |      1383.52 |      1445.67 |                 48.52 |                    5.00 |    250 |    67.1221 |
|        1 |        498 |          1433.20 |      1383.52 |      1477.30 |                 38.40 |                    5.00 |    250 |    67.3058 |
|        1 |        499 |          1433.20 |      1383.52 |      1438.68 |                 61.27 |                    5.00 |    252 |    67.4289 |
|        1 |        500 |          1433.20 |      1383.52 |      1476.39 |                 61.24 |                    5.00 |    252 |    67.9371 |
------------------------------------------------------------------------------------------------------------------------------------------------
Version identifier: 22.1.2.0 | 2024-11-26 | 0edbb82fd
CPXPARAM_MIP_Tolerances_UpperCutoff              1433.3000000000923
Tried aggregator 2 times.
MIP Presolve eliminated 22 rows and 12 columns.
MIP Presolve modified 176 coefficients.
Aggregator did 1 substitutions.
Reduced MIP has 78 rows, 239 columns, and 1084 nonzeros.
Reduced MIP has 239 binaries, 0 generals, 0 SOSs, and 0 indicators.
Presolve time = 0.00 sec. (1.18 ticks)
Probing fixed 2 vars, tightened 0 bounds.
Probing time = 0.00 sec. (0.80 ticks)
Tried aggregator 1 time.
Detecting symmetries...
MIP Presolve eliminated 12 rows and 14 columns.
Reduced MIP has 66 rows, 225 columns, and 976 nonzeros.
Reduced MIP has 225 binaries, 0 generals, 0 SOSs, and 0 indicators.
Presolve time = 0.00 sec. (0.66 ticks)
Probing time = 0.00 sec. (0.70 ticks)
Clique table members: 347.
MIP emphasis: balance optimality and feasibility.
MIP search method: dynamic search.
Parallel mode: deterministic, using up to 8 threads.
Root relaxation solution time = 0.00 sec. (0.50 ticks)

        Nodes                                         Cuts/
   Node  Left     Objective  IInf  Best Integer    Best Bound    ItCnt     Gap

      0     0     1426.3500    11                   1426.3500       96         
*     0     0      integral     0     1433.1000       Cuts: 5      100    0.00%
      0     0        cutoff           1433.1000     1433.1000      100    0.00%
Elapsed time = 0.10 sec. (7.06 ticks, tree = 0.01 MB, solutions = 1)
objective_value(sp) = 1433.1
 76.475598 seconds (6.85 M allocations: 341.362 MiB, 1.61% gc time, 11.34% compilation time)
#1: 0 (0.0) {202.0} -> 76 (10.0) {254.2} [142.0, 322.0] -> 71 (30.0) {349.2} [237.0, 417.0] -> 70 (60.0) {444.2} [332.0, 512.0] -> 73 (70.0) {537.2} [425.0, 605.0] -> 77 (80.0) {631.2} [519.0, 699.0] -> 79 (90.0) {722.2} [610.0, 790.0] -> 80 (100.0) {817.5} [705.0, 885.0] -> 0 (100.0) {958.9} [0.0, 1236.0]
#2: 0 (0.0) {207.0} -> 40 (10.0) {227.6} [203.0, 383.0] -> 44 (20.0) {320.6} [296.0, 476.0] -> 46 (50.0) {413.4} [389.0, 569.0] -> 45 (60.0) {505.4} [481.0, 661.0] -> 48 (70.0) {597.4} [573.0, 753.0] -> 51 (80.0) {690.4} [666.0, 846.0] -> 50 (90.0) {782.6} [758.0, 938.0] -> 52 (100.0) {875.7} [851.0, 1031.0] -> 49 (110.0) {968.7} [944.0, 1124.0] -> 47 (120.0) {1060.7} [947.0, 1127.0] -> 0 (120.0) {1168.7} [0.0, 1236.0]
#3: 0 (0.0) {171.0} -> 5 (10.0) {186.1} [15.0, 195.0] -> 0 (10.0) {291.2} [0.0, 1236.0]
#4: 0 (0.0) {208.0} -> 63 (50.0) {222.1} [105.0, 285.0] -> 62 (70.0) {317.1} [200.0, 380.0] -> 74 (120.0) {410.1} [293.0, 473.0] -> 72 (130.0) {505.1} [388.0, 568.0] -> 61 (140.0) {598.1} [481.0, 661.0] -> 64 (150.0) {690.1} [573.0, 753.0] -> 66 (160.0) {785.1} [761.0, 941.0] -> 0 (160.0) {891.6} [0.0, 1236.0]
#5: 0 (0.0) {157.0} -> 17 (20.0) {190.3} [34.0, 214.0] -> 18 (40.0) {283.3} [127.0, 307.0] -> 19 (50.0) {378.3} [222.0, 402.0] -> 15 (90.0) {473.3} [317.0, 497.0] -> 16 (130.0) {568.3} [412.0, 592.0] -> 14 (140.0) {660.3} [504.0, 684.0] -> 12 (160.0) {753.3} [597.0, 777.0] -> 0 (160.0) {881.3} [0.0, 1236.0]
#6: 0 (0.0) {202.0} -> 54 (40.0) {242.0} [132.0, 312.0] -> 53 (60.0) {337.3} [227.0, 407.0] -> 56 (90.0) {431.3} [321.0, 501.0] -> 58 (120.0) {523.3} [413.0, 593.0] -> 60 (140.0) {616.3} [506.0, 686.0] -> 59 (150.0) {716.7} [606.0, 786.0] -> 68 (160.0) {823.2} [666.0, 846.0] -> 69 (170.0) {918.2} [853.0, 1033.0] -> 0 (170.0) {1024.0} [0.0, 1236.0]
#7: 0 (0.0) {85.0} -> 43 (10.0) {101.5} [16.0, 196.0] -> 42 (30.0) {194.5} [19.0, 199.0] -> 41 (40.0) {286.5} [111.0, 291.0] -> 0 (40.0) {395.1} [0.0, 1236.0]
#8: 0 (0.0) {128.0} -> 98 (20.0) {158.8} [30.0, 210.0] -> 0 (20.0) {279.6} [0.0, 1236.0]
#9: 0 (0.0) {62.0} -> 67 (10.0) {74.2} [12.0, 192.0] -> 65 (20.0) {165.2} [13.0, 193.0] -> 0 (20.0) {268.0} [0.0, 1236.0]
#10: 0 (0.0) {59.0} -> 78 (20.0) {109.2} [50.0, 230.0] -> 81 (50.0) {202.2} [47.0, 227.0] -> 0 (50.0) {339.6} [0.0, 1236.0]
#11: 0 (0.0) {163.0} -> 3 (10.0) {179.1} [16.0, 196.0] -> 7 (30.0) {271.1} [108.0, 288.0] -> 8 (50.0) {363.9} [200.0, 380.0] -> 10 (60.0) {457.5} [294.0, 474.0] -> 11 (70.0) {550.5} [387.0, 567.0] -> 9 (80.0) {643.6} [480.0, 660.0] -> 6 (100.0) {735.8} [572.0, 752.0] -> 4 (110.0) {828.0} [665.0, 845.0] -> 0 (110.0) {936.1} [0.0, 1236.0]
#12: 0 (0.0) {34.0} -> 20 (10.0) {44.0} [10.0, 190.0] -> 0 (10.0) {144.0} [0.0, 1236.0]
#13: 0 (0.0) {40.0} -> 57 (40.0) {75.0} [35.0, 215.0] -> 55 (50.0) {167.0} [37.0, 217.0] -> 0 (50.0) {292.0} [0.0, 1236.0]
#14: 0 (0.0) {23.0} -> 32 (30.0) {54.6} [31.0, 211.0] -> 13 (60.0) {181.6} [30.0, 210.0] -> 0 (60.0) {302.4} [0.0, 1236.0]
#15: 0 (0.0) {79.0} -> 90 (10.0) {99.6} [20.0, 200.0] -> 87 (30.0) {194.6} [25.0, 205.0] -> 86 (40.0) {285.6} [116.0, 296.0] -> 0 (40.0) {402.0} [0.0, 1236.0]
#16: 0 (0.0) {207.0} -> 83 (10.0) {239.3} [212.0, 392.0] -> 82 (30.0) {332.3} [305.0, 485.0] -> 84 (50.0) {428.1} [401.0, 581.0] -> 85 (80.0) {520.9} [494.0, 674.0] -> 97 (110.0) {637.1} [502.0, 682.0] -> 88 (140.0) {752.5} [587.0, 767.0] -> 89 (150.0) {845.3} [680.0, 860.0] -> 91 (160.0) {938.9} [773.0, 953.0] -> 0 (160.0) {1051.2} [0.0, 1236.0]
#17: 0 (0.0) {166.0} -> 96 (10.0) {202.0} [36.0, 216.0] -> 95 (40.0) {294.0} [128.0, 308.0] -> 94 (50.0) {387.6} [221.0, 401.0] -> 92 (70.0) {481.2} [315.0, 495.0] -> 93 (110.0) {573.2} [407.0, 587.0] -> 100 (130.0) {673.2} [597.0, 777.0] -> 99 (140.0) {768.2} [692.0, 872.0] -> 2 (170.0) {872.3} [758.0, 938.0] -> 1 (180.0) {964.3} [850.0, 1030.0] -> 75 (200.0) {1057.3} [943.0, 1123.0] -> 0 (200.0) {1163.1} [0.0, 1236.0]
#18: 0 (0.0) {103.0} -> 33 (40.0) {136.5} [33.0, 213.0] -> 36 (50.0) {601.0} [601.0, 781.0] -> 34 (70.0) {694.0} [694.0, 874.0] -> 0 (70.0) {816.3} [0.0, 1236.0]
#19: 0 (0.0) {200.0} -> 31 (20.0) {233.5} [129.0, 309.0] -> 35 (30.0) {328.5} [224.0, 404.0] -> 37 (50.0) {424.3} [319.0, 499.0] -> 38 (80.0) {516.3} [411.0, 591.0] -> 39 (100.0) {611.3} [506.0, 686.0] -> 26 (110.0) {728.2} [572.0, 752.0] -> 23 (120.0) {821.2} [665.0, 845.0] -> 0 (120.0) {924.2} [0.0, 1236.0]
#20: 0 (0.0) {142.0} -> 24 (10.0) {157.0} [15.0, 195.0] -> 25 (50.0) {249.0} [107.0, 287.0] -> 27 (60.0) {341.0} [199.0, 379.0] -> 29 (70.0) {434.6} [292.0, 472.0] -> 30 (80.0) {529.6} [387.0, 567.0] -> 28 (100.0) {622.6} [480.0, 660.0] -> 22 (120.0) {758.0} [758.0, 938.0] -> 21 (140.0) {850.0} [850.0, 1030.0] -> 0 (140.0) {950.1} [0.0, 1236.0]

Dist: 1433.1. Cost: 1433.1

Clique cuts applied:  1
Cover cuts applied:  1
Zero-half cuts applied:  1
Lift and project cuts applied:  1
Gomory fractional cuts applied:  1

Root node processing (before b&c):
  Real time             =    0.10 sec. (7.06 ticks)
Parallel b&c, 8 threads:
  Real time             =    0.00 sec. (0.00 ticks)
  Sync time (average)   =    0.00 sec.
  Wait time (average)   =    0.00 sec.
                          ------------
Total (root+branch&cut) =    0.10 sec. (7.06 ticks)
