Solving instance /mnt/c/Users/bruno.mattos/OneDrive - americanas s.a/Documentos/GitHub/GenericILS/TWRD/100/C108_100_005.vrptwrd...
------------------------------------------------------------------------------------------------------------------------------------------------
|  Restart |  Iteration |  Best Feas. Cost |    Best Cost |   Curr. Cost |   Penalty Custom Res. |   Penalty Standard Res. |   Pool |   Time (s) |
------------------------------------------------------------------------------------------------------------------------------------------------
|        1 |          0 |           878.70 |       877.45 |       878.70 |                  7.73 |                    5.00 |     15 |     0.3562 |
|        1 |          1 |           878.70 |       837.71 |       837.71 |                  8.22 |                    5.00 |     16 |     0.9654 |
|        1 |          2 |           878.70 |       837.71 |       842.62 |                 10.01 |                    5.00 |     16 |     1.0207 |
|        1 |          3 |           878.70 |       837.71 |       887.80 |                 20.98 |                    5.00 |     20 |     1.1871 |
|        1 |          4 |           878.70 |       837.71 |       876.62 |                 10.33 |                    5.00 |     20 |     1.3375 |
|        1 |          5 |           878.70 |       837.71 |       874.00 |                 10.91 |                    5.00 |     20 |     1.4222 |
|        1 |          0 |           878.10 |       837.71 |       878.10 |                  7.30 |                    5.00 |     21 |     1.4750 |
|        1 |          1 |           878.10 |       837.71 |       872.48 |                  5.71 |                    5.00 |     21 |     1.5488 |
|        1 |          2 |           878.10 |       837.71 |       867.50 |                  9.08 |                    5.00 |     21 |     1.7348 |
|        1 |          3 |           878.10 |       837.71 |       844.17 |                 10.28 |                    5.00 |     21 |     1.8996 |
|        1 |          4 |           878.10 |       837.71 |       844.11 |                 12.38 |                    5.00 |     21 |     1.9808 |
|        1 |          5 |           878.10 |       837.71 |       841.30 |                 11.77 |                    5.00 |     22 |     2.1924 |
|        1 |          6 |           878.10 |       837.71 |       845.29 |                  9.51 |                    5.00 |     22 |     2.2417 |
|        1 |          0 |           864.30 |       837.71 |       864.30 |                  5.10 |                    5.00 |     24 |     2.2968 |
|        1 |          0 |           864.20 |       837.71 |       864.20 |                  5.00 |                    5.00 |     26 |     2.3925 |
|        1 |          1 |           864.20 |       837.71 |       896.90 |                  5.41 |                    5.00 |     28 |     2.4699 |
|        1 |          2 |           864.20 |       837.71 |       875.57 |                  9.32 |                    5.00 |     28 |     2.5906 |
|        1 |          3 |           864.20 |       837.71 |       877.36 |                 15.93 |                    5.00 |     28 |     2.6596 |
|        1 |          4 |           864.20 |       837.71 |       877.59 |                  9.03 |                    5.00 |     28 |     2.7932 |
|        1 |          5 |           864.20 |       837.71 |       895.36 |                 18.30 |                    5.00 |     29 |     2.8741 |
|        1 |          6 |           864.20 |       837.71 |       876.26 |                  7.54 |                    5.00 |     29 |     3.0081 |
|        1 |          7 |           864.20 |       837.71 |       871.78 |                 10.57 |                    5.00 |     29 |     3.0610 |
|        1 |          8 |           864.20 |       837.71 |       840.32 |                  8.00 |                    5.00 |     29 |     3.2182 |
|        1 |          9 |           864.20 |       837.71 |       843.74 |                 10.86 |                    5.00 |     29 |     3.2923 |
|        1 |         10 |           864.20 |       837.71 |       848.58 |                 10.60 |                    5.00 |     29 |     3.3763 |
|        1 |         11 |           864.20 |       837.71 |       847.25 |                  8.65 |                    5.00 |     29 |     3.4353 |
|        1 |         12 |           864.20 |       837.71 |       879.33 |                 11.97 |                    5.00 |     31 |     3.5156 |
|        1 |         13 |           864.20 |       837.71 |       845.55 |                 13.58 |                    5.00 |     31 |     3.5868 |
|        1 |          0 |           848.00 |       837.71 |       848.00 |                 14.66 |                    5.24 |     31 |     3.6565 |
|        1 |          1 |           848.00 |       837.71 |       848.60 |                  8.43 |                    5.00 |     31 |     3.7069 |
|        1 |          2 |           848.00 |       837.71 |       842.85 |                 10.47 |                    5.25 |     31 |     3.7586 |
|        1 |          3 |           848.00 |       837.71 |       846.21 |                 14.92 |                    5.00 |     31 |     3.8656 |
|        1 |          4 |           848.00 |       837.71 |       847.69 |                 12.25 |                    5.00 |     31 |     3.9870 |
|        1 |          5 |           848.00 |       837.71 |       846.53 |                  6.11 |                    5.00 |     31 |     4.0696 |
|        1 |          6 |           848.00 |       837.71 |       838.47 |                  8.31 |                    5.00 |     31 |     4.1188 |
|        1 |          7 |           848.00 |       837.71 |       843.93 |                 10.02 |                    5.00 |     31 |     4.1757 |
|        1 |          8 |           848.00 |       837.71 |       843.73 |                 15.81 |                    5.00 |     31 |     4.2419 |
|        1 |          9 |           848.00 |       837.71 |       847.62 |                 12.16 |                    5.00 |     31 |     4.2888 |
|        1 |         10 |           848.00 |       837.71 |       843.65 |                 10.63 |                    5.00 |     31 |     4.3668 |
|        1 |         11 |           848.00 |       837.71 |       842.44 |                 17.64 |                    5.00 |     31 |     4.4251 |
|        1 |         12 |           848.00 |       837.71 |       848.01 |                 11.52 |                    5.00 |     31 |     4.5383 |
|        1 |         13 |           848.00 |       837.71 |       843.66 |                 10.58 |                    5.00 |     31 |     4.6271 |
|        1 |         14 |           848.00 |       837.71 |       843.02 |                 13.52 |                    5.00 |     31 |     4.7009 |
|        1 |         15 |           848.00 |       837.71 |       845.64 |                 11.47 |                    5.00 |     31 |     4.7735 |
|        1 |         16 |           848.00 |       837.71 |       846.10 |                 22.12 |                    5.00 |     32 |     4.8336 |
|        1 |         17 |           848.00 |       837.71 |       884.90 |                 13.62 |                    5.00 |     33 |     4.9169 |
|        1 |         18 |           848.00 |       837.71 |       875.20 |                  8.20 |                    5.00 |     33 |     5.0380 |
|        1 |         19 |           848.00 |       837.71 |       844.54 |                 11.14 |                    5.00 |     33 |     5.1030 |
|        1 |         20 |           848.00 |       837.71 |       846.45 |                 11.77 |                    5.00 |     33 |     5.1841 |
|        1 |         21 |           848.00 |       837.71 |       839.70 |                  9.88 |                    5.00 |     33 |     5.2901 |
|        1 |         22 |           848.00 |       837.71 |       841.70 |                 13.56 |                    5.00 |     33 |     5.3565 |
|        1 |         23 |           848.00 |       837.71 |       844.56 |                 19.58 |                    5.00 |     33 |     5.3989 |
|        1 |         24 |           848.00 |       837.71 |       890.20 |                  8.67 |                    5.00 |     36 |     5.4837 |
|        1 |         25 |           848.00 |       837.71 |       838.02 |                 10.34 |                    5.00 |     36 |     5.6186 |
|        1 |         26 |           848.00 |       837.71 |       846.77 |                  7.33 |                    5.00 |     36 |     5.7023 |
|        1 |         27 |           848.00 |       837.71 |       841.95 |                  9.39 |                    5.26 |     36 |     5.7514 |
|        1 |         28 |           848.00 |       837.71 |       844.96 |                 11.40 |                    5.00 |     36 |     5.8468 |
|        1 |         29 |           848.00 |       837.71 |       848.60 |                 18.01 |                    5.00 |     36 |     5.9009 |
|        1 |         30 |           848.00 |       837.71 |       859.40 |                 11.33 |                    5.00 |     37 |     5.9634 |
|        1 |         31 |           848.00 |       837.71 |       843.52 |                 10.81 |                    5.00 |     37 |     6.0817 |
|        1 |         32 |           848.00 |       837.71 |       841.18 |                 12.11 |                    5.00 |     37 |     6.1898 |
|        1 |         33 |           848.00 |       837.71 |       847.29 |                 22.14 |                    5.00 |     37 |     6.3113 |
|        1 |         34 |           848.00 |       837.71 |       848.00 |                 21.80 |                    5.00 |     37 |     6.4038 |
|        1 |         35 |           848.00 |       837.71 |       864.30 |                 10.78 |                    5.00 |     37 |     6.4824 |
|        1 |         36 |           848.00 |       837.71 |       847.18 |                 14.94 |                    5.00 |     37 |     6.5435 |
|        1 |         37 |           848.00 |       837.71 |       843.61 |                 10.23 |                    5.00 |     37 |     6.6943 |
|        1 |         38 |           848.00 |       837.71 |       847.34 |                  7.94 |                    5.00 |     37 |     6.7896 |
|        1 |         39 |           848.00 |       837.71 |       840.53 |                  5.00 |                    5.00 |     37 |     6.8954 |
|        1 |         40 |           848.00 |       837.60 |       837.60 |                  6.15 |                    5.00 |     37 |     6.9503 |
|        1 |         41 |           848.00 |       837.60 |       838.79 |                  7.93 |                    5.00 |     37 |     7.0568 |
|        1 |         42 |           848.00 |       837.60 |       864.20 |                  5.00 |                    5.00 |     37 |     7.1250 |
|        1 |         43 |           848.00 |       837.60 |       864.20 |                  5.00 |                    5.00 |     37 |     7.1935 |
|        1 |         44 |           848.00 |       837.60 |       848.57 |                 10.34 |                    5.00 |     37 |     7.2724 |
|        1 |         45 |           848.00 |       837.60 |       873.65 |                 10.91 |                    5.00 |     37 |     7.3922 |
|        1 |         46 |           848.00 |       837.60 |       852.32 |                 15.83 |                    5.00 |     38 |     7.5307 |
|        1 |         47 |           848.00 |       837.60 |       860.10 |                 29.33 |                    5.00 |     38 |     7.5851 |
|        1 |         48 |           848.00 |       837.60 |       874.12 |                 25.66 |                    5.00 |     38 |     7.6570 |
|        1 |         49 |           848.00 |       837.60 |       870.27 |                 30.91 |                    5.00 |     38 |     7.7241 |
|        1 |         50 |           848.00 |       837.60 |       859.40 |                 15.42 |                    5.00 |     38 |     7.8177 |
|        1 |         51 |           848.00 |       837.60 |       878.70 |                  7.04 |                    5.00 |     38 |     7.8861 |
|        1 |         52 |           848.00 |       837.60 |       841.08 |                  9.35 |                    5.36 |     38 |     7.9947 |
|        1 |         53 |           848.00 |       837.60 |       844.21 |                  9.31 |                    5.00 |     38 |     8.0659 |
|        1 |         54 |           848.00 |       837.60 |       864.30 |                 10.47 |                    5.00 |     38 |     8.1285 |
|        1 |         55 |           848.00 |       837.60 |       841.04 |                 10.63 |                    5.00 |     38 |     8.2149 |
|        1 |         56 |           848.00 |       837.60 |       846.28 |                 15.44 |                    5.00 |     38 |     8.3289 |
|        1 |         57 |           848.00 |       837.60 |       845.01 |                  9.67 |                    5.00 |     38 |     8.4633 |
|        1 |         58 |           848.00 |       837.60 |       845.37 |                 20.80 |                    5.00 |     38 |     8.5341 |
|        1 |         59 |           848.00 |       837.60 |       848.00 |                  9.49 |                    5.00 |     38 |     8.6226 |
|        1 |         60 |           848.00 |       837.60 |       842.03 |                  9.33 |                    5.00 |     38 |     8.7383 |
|        1 |         61 |           848.00 |       837.60 |       846.14 |                 12.31 |                    5.00 |     38 |     8.7998 |
|        1 |         62 |           848.00 |       837.60 |       841.74 |                  8.80 |                    5.00 |     38 |     8.8946 |
|        1 |         63 |           848.00 |       837.60 |       845.07 |                  8.01 |                    5.00 |     38 |     8.9543 |
|        1 |         64 |           848.00 |       837.60 |       841.94 |                  9.46 |                    5.00 |     38 |     9.0193 |
|        1 |         65 |           848.00 |       837.60 |       845.66 |                  6.99 |                    5.00 |     38 |     9.0750 |
|        1 |         66 |           848.00 |       837.60 |       839.19 |                  9.39 |                    5.00 |     38 |     9.1457 |
|        1 |         67 |           848.00 |       837.60 |       843.37 |                  6.59 |                    5.00 |     38 |     9.2145 |
|        1 |         68 |           848.00 |       837.60 |       841.58 |                  9.23 |                    5.00 |     38 |     9.2855 |
|        1 |         69 |           848.00 |       837.60 |       849.90 |                  6.13 |                    5.00 |     38 |     9.4379 |
|        1 |         70 |           848.00 |       837.60 |       838.35 |                  8.38 |                    5.00 |     38 |     9.5789 |
|        1 |         71 |           848.00 |       837.60 |       844.00 |                 11.16 |                    5.00 |     38 |     9.6636 |
|        1 |         72 |           848.00 |       837.60 |       842.83 |                  9.17 |                    5.00 |     38 |     9.7772 |
|        1 |         73 |           848.00 |       837.60 |       845.09 |                 10.10 |                    5.00 |     38 |     9.8226 |
|        1 |         74 |           848.00 |       837.60 |       848.00 |                  8.40 |                    5.00 |     38 |     9.8946 |
|        1 |         75 |           848.00 |       837.60 |       843.59 |                  7.48 |                    5.00 |     38 |     9.9934 |
|        1 |         76 |           848.00 |       837.60 |       842.72 |                  9.29 |                    5.00 |     38 |    10.0710 |
|        1 |         77 |           848.00 |       837.60 |       845.88 |                 10.03 |                    5.00 |     38 |    10.1468 |
|        1 |         78 |           848.00 |       837.60 |       846.37 |                  7.77 |                    5.00 |     38 |    10.2245 |
|        1 |         79 |           848.00 |       837.60 |       842.08 |                 10.34 |                    5.00 |     38 |    10.3163 |
|        1 |         80 |           848.00 |       837.60 |       843.84 |                 14.34 |                    5.00 |     38 |    10.3557 |
|        1 |         81 |           848.00 |       837.60 |       847.82 |                 11.58 |                    5.00 |     38 |    10.4243 |
|        1 |         82 |           848.00 |       837.60 |       842.58 |                 16.56 |                    5.00 |     38 |    10.4619 |
|        1 |         83 |           848.00 |       837.60 |       848.00 |                  9.72 |                    5.00 |     38 |    10.5189 |
|        1 |         84 |           848.00 |       837.60 |       864.97 |                  9.78 |                    5.00 |     39 |    10.5888 |
|        1 |         85 |           848.00 |       837.60 |       866.80 |                 17.23 |                    5.00 |     39 |    10.6527 |
|        1 |         86 |           848.00 |       837.60 |       890.20 |                  9.34 |                    5.00 |     39 |    10.7061 |
|        1 |         87 |           848.00 |       837.60 |       855.14 |                  8.25 |                    5.00 |     39 |    10.7701 |
|        1 |         88 |           848.00 |       837.60 |       845.51 |                  9.17 |                    5.00 |     39 |    10.8918 |
|        1 |         89 |           848.00 |       837.60 |       846.76 |                  9.32 |                    5.00 |     39 |    10.9453 |
|        1 |         90 |           848.00 |       837.60 |       848.10 |                  7.09 |                    5.00 |     39 |    11.0021 |
|        1 |         91 |           848.00 |       837.60 |       842.50 |                  9.93 |                    5.00 |     39 |    11.0580 |
|        1 |         92 |           848.00 |       837.60 |       846.18 |                 14.48 |                    5.00 |     39 |    11.1055 |
|        1 |         93 |           848.00 |       837.60 |       846.19 |                 11.28 |                    5.00 |     39 |    11.2805 |
|        1 |         94 |           848.00 |       837.60 |       875.54 |                 10.64 |                    5.00 |     39 |    11.4208 |
|        1 |         95 |           848.00 |       837.60 |       873.23 |                  9.44 |                    5.00 |     39 |    11.5984 |
|        1 |         96 |           848.00 |       837.60 |       848.00 |                  6.58 |                    5.00 |     39 |    11.7606 |
|        1 |         97 |           848.00 |       837.60 |       841.00 |                 10.61 |                    5.00 |     39 |    11.8140 |
|        1 |         98 |           848.00 |       837.60 |       845.17 |                 10.36 |                    5.00 |     39 |    11.8872 |
|        1 |         99 |           848.00 |       837.60 |       848.20 |                 10.41 |                    5.00 |     39 |    11.9686 |
|        1 |        100 |           848.00 |       837.60 |       848.00 |                 10.69 |                    5.00 |     39 |    12.0372 |
|        1 |        101 |           848.00 |       837.60 |       848.00 |                 26.69 |                    5.00 |     39 |    12.1296 |
|        1 |        102 |           848.00 |       837.60 |       878.10 |                 12.56 |                    5.00 |     39 |    12.1969 |
|        1 |        103 |           848.00 |       837.60 |       878.10 |                 10.77 |                    5.00 |     39 |    12.2586 |
|        1 |        104 |           848.00 |       837.60 |       842.71 |                  5.92 |                    5.00 |     39 |    12.4046 |
|        1 |        105 |           848.00 |       837.60 |       838.00 |                  8.52 |                    5.00 |     39 |    12.4987 |
|        1 |        106 |           848.00 |       837.60 |       844.82 |                  8.05 |                    5.00 |     39 |    12.6232 |
|        1 |        107 |           848.00 |       837.60 |       843.40 |                 12.85 |                    5.00 |     39 |    12.6727 |
|        1 |        108 |           848.00 |       837.60 |       846.11 |                 10.06 |                    5.00 |     39 |    12.7750 |
|        1 |        109 |           848.00 |       837.60 |       842.31 |                  8.87 |                    5.00 |     39 |    12.8771 |
|        1 |        110 |           848.00 |       837.60 |       841.40 |                 17.63 |                    5.00 |     39 |    12.9397 |
|        1 |        111 |           848.00 |       837.60 |       848.00 |                  8.63 |                    5.00 |     39 |    13.0300 |
|        1 |        112 |           848.00 |       837.60 |       843.54 |                  8.26 |                    5.00 |     39 |    13.1069 |
|        1 |        113 |           848.00 |       837.60 |       843.81 |                  9.19 |                    5.00 |     39 |    13.1624 |
|        1 |        114 |           848.00 |       837.60 |       846.41 |                 11.63 |                    5.00 |     39 |    13.2474 |
|        1 |        115 |           848.00 |       837.60 |       846.48 |                  7.51 |                    5.00 |     39 |    13.3688 |
|        1 |        116 |           848.00 |       837.60 |       841.28 |                  7.85 |                    5.26 |     39 |    13.4881 |
|        1 |        117 |           848.00 |       837.60 |       843.63 |                 12.27 |                    5.00 |     39 |    13.5361 |
|        1 |        118 |           848.00 |       837.60 |       847.14 |                 14.90 |                    5.00 |     39 |    13.6429 |
|        1 |        119 |           848.00 |       837.60 |       851.11 |                  9.70 |                    5.00 |     39 |    13.8001 |
|        1 |        120 |           848.00 |       837.60 |       838.11 |                  9.82 |                    5.00 |     39 |    13.9462 |
|        1 |        121 |           848.00 |       837.60 |       869.52 |                  9.66 |                    5.00 |     39 |    14.0633 |
|        1 |        122 |           848.00 |       837.60 |       849.71 |                 12.22 |                    5.00 |     40 |    14.1590 |
|        1 |        123 |           848.00 |       837.60 |       853.84 |                 19.11 |                    5.00 |     40 |    14.2014 |
|        1 |        124 |           848.00 |       837.60 |       848.00 |                  9.54 |                    5.00 |     40 |    14.2906 |
|        1 |        125 |           848.00 |       837.60 |       843.18 |                  5.00 |                    5.00 |     40 |    14.3975 |
|        1 |        126 |           848.00 |       837.30 |       837.30 |                  5.00 |                    5.00 |     40 |    14.4807 |
|        1 |        127 |           848.00 |       837.30 |       852.34 |                  9.93 |                    5.26 |     41 |    14.5834 |
|        1 |        128 |           848.00 |       837.30 |       844.89 |                  9.31 |                    5.00 |     41 |    14.6676 |
|        1 |        129 |           848.00 |       837.30 |       844.89 |                 11.02 |                    5.00 |     41 |    14.7004 |
|        1 |        130 |           848.00 |       837.30 |       841.79 |                 10.75 |                    5.00 |     41 |    14.7751 |
|        1 |        131 |           848.00 |       837.30 |       842.53 |                 16.30 |                    5.00 |     41 |    14.8328 |
|        1 |        132 |           848.00 |       837.30 |       842.53 |                 14.58 |                    5.00 |     41 |    14.8678 |
|        1 |        133 |           848.00 |       837.30 |       844.24 |                  9.80 |                    5.00 |     41 |    14.9878 |
|        1 |        134 |           848.00 |       837.30 |       847.30 |                 16.44 |                    5.00 |     41 |    15.0359 |
|        1 |        135 |           848.00 |       837.30 |       871.90 |                  9.45 |                    5.00 |     43 |    15.0867 |
|        1 |        136 |           848.00 |       837.30 |       864.30 |                  5.61 |                    5.00 |     43 |    15.1336 |
|        1 |        137 |           848.00 |       837.30 |       837.64 |                  9.86 |                    5.00 |     43 |    15.2311 |
|        1 |        138 |           848.00 |       837.30 |       840.60 |                  6.97 |                    5.00 |     43 |    15.3400 |
|        1 |        139 |           848.00 |       837.30 |       839.64 |                  6.67 |                    5.00 |     43 |    15.4236 |
|        1 |        140 |           848.00 |       837.30 |       840.24 |                  8.03 |                    5.00 |     43 |    15.4880 |
|        1 |        141 |           848.00 |       837.30 |       843.49 |                 15.95 |                    5.00 |     43 |    15.5584 |
|        1 |        142 |           848.00 |       837.30 |       844.03 |                 21.53 |                    5.00 |     43 |    15.7482 |
|        1 |        143 |           848.00 |       837.30 |       848.00 |                 12.89 |                    5.00 |     43 |    15.8140 |
|        1 |        144 |           848.00 |       837.30 |       848.00 |                 16.16 |                    5.00 |     43 |    15.8937 |
|        1 |        145 |           848.00 |       837.30 |       848.00 |                  9.76 |                    5.00 |     43 |    16.0051 |
|        1 |        146 |           848.00 |       837.30 |       843.27 |                 11.88 |                    5.00 |     43 |    16.0746 |
|        1 |        147 |           848.00 |       837.30 |       842.87 |                 14.13 |                    5.00 |     43 |    16.1949 |
|        1 |        148 |           848.00 |       837.30 |       842.15 |                  5.06 |                    5.00 |     43 |    16.3158 |
|        1 |        149 |           848.00 |       837.30 |       837.31 |                  7.02 |                    5.00 |     43 |    16.3817 |
|        1 |        150 |           848.00 |       837.30 |       877.51 |                  7.73 |                    5.00 |     44 |    16.4566 |
|        1 |        151 |           848.00 |       837.30 |       875.47 |                  9.10 |                    5.00 |     44 |    16.5914 |
|        1 |        152 |           848.00 |       837.30 |       864.20 |                  6.45 |                    5.00 |     44 |    16.6544 |
|        1 |        153 |           848.00 |       837.30 |       864.20 |                  5.00 |                    5.00 |     45 |    16.7075 |
|        1 |        154 |           848.00 |       837.30 |       864.20 |                  5.00 |                    5.00 |     45 |    16.7578 |
|        1 |        155 |           848.00 |       837.30 |       864.20 |                  5.00 |                    5.00 |     45 |    16.8135 |
|        1 |        156 |           848.00 |       837.30 |       864.20 |                  7.59 |                    5.00 |     45 |    16.8703 |
|        1 |        157 |           848.00 |       837.30 |       864.20 |                  5.86 |                    5.00 |     45 |    16.9337 |
|        1 |        158 |           848.00 |       837.30 |       864.20 |                  5.00 |                    5.00 |     45 |    16.9885 |
|        1 |        159 |           848.00 |       837.30 |       837.50 |                  6.09 |                    5.00 |     45 |    17.0542 |
|        1 |        160 |           848.00 |       837.30 |       842.31 |                 10.40 |                    5.00 |     45 |    17.1422 |
|        1 |        161 |           848.00 |       837.30 |       845.71 |                 10.66 |                    5.00 |     45 |    17.2436 |
|        1 |        162 |           848.00 |       837.30 |       846.54 |                 10.18 |                    5.00 |     45 |    17.3433 |
|        1 |        163 |           848.00 |       837.30 |       845.69 |                  6.92 |                    5.00 |     45 |    17.4430 |
|        1 |        164 |           848.00 |       837.30 |       840.60 |                 11.16 |                    5.00 |     45 |    17.4946 |
|        1 |        165 |           848.00 |       837.30 |       848.95 |                  5.41 |                    5.00 |     45 |    17.5654 |
|        1 |        166 |           848.00 |       837.30 |       838.12 |                 10.32 |                    5.00 |     45 |    17.6296 |
|        1 |        167 |           848.00 |       837.30 |       848.60 |                  8.66 |                    5.00 |     45 |    17.7160 |
|        1 |        168 |           848.00 |       837.30 |       841.61 |                  7.35 |                    5.00 |     45 |    17.8068 |
|        1 |        169 |           848.00 |       837.30 |       837.49 |                  6.22 |                    5.00 |     45 |    17.9542 |
|        1 |        170 |           848.00 |       837.30 |       855.25 |                 15.09 |                    5.00 |     45 |    18.1012 |
|        1 |        171 |           848.00 |       837.30 |       895.68 |                 13.47 |                    5.00 |     45 |    18.1617 |
|        1 |        172 |           848.00 |       837.30 |       894.83 |                 27.30 |                    5.00 |     45 |    18.2220 |
|        1 |        173 |           848.00 |       837.30 |       912.08 |                 26.14 |                    5.00 |     47 |    18.2810 |
|        1 |        174 |           848.00 |       837.30 |       902.10 |                 21.07 |                    5.00 |     49 |    18.3774 |
|        1 |        175 |           848.00 |       837.30 |       876.65 |                  9.98 |                    5.00 |     51 |    18.5262 |
|        1 |        176 |           848.00 |       837.30 |       878.31 |                 11.19 |                    5.00 |     51 |    18.6120 |
|        1 |        177 |           848.00 |       837.30 |       880.80 |                 13.59 |                    5.00 |     51 |    18.7044 |
|        1 |        178 |           848.00 |       837.30 |       837.86 |                  6.96 |                    5.00 |     51 |    18.8567 |
|        1 |        179 |           848.00 |       837.30 |       840.68 |                  8.39 |                    5.00 |     51 |    18.9171 |
|        1 |        180 |           848.00 |       837.30 |       844.94 |                  8.70 |                    5.00 |     51 |    18.9789 |
|        1 |        181 |           848.00 |       837.30 |       844.02 |                 10.47 |                    5.00 |     51 |    19.0658 |
|        1 |        182 |           848.00 |       837.30 |       862.92 |                 22.71 |                    5.00 |     51 |    19.1650 |
|        1 |        183 |           848.00 |       837.30 |       848.00 |                 13.84 |                    5.00 |     51 |    19.2645 |
|        1 |        184 |           848.00 |       837.30 |       846.95 |                 12.34 |                    5.00 |     52 |    19.3383 |
|        1 |        185 |           848.00 |       837.30 |       846.14 |                 20.92 |                    5.00 |     52 |    19.3841 |
|        1 |        186 |           848.00 |       837.30 |       846.14 |                 12.52 |                    5.00 |     52 |    19.4300 |
|        1 |        187 |           848.00 |       837.30 |       850.37 |                 27.75 |                    5.00 |     52 |    19.4991 |
|        1 |        188 |           848.00 |       837.30 |       848.00 |                 22.14 |                    5.00 |     52 |    19.5959 |
|        1 |        189 |           848.00 |       837.30 |       878.10 |                 25.64 |                    5.00 |     52 |    19.6457 |
|        1 |        190 |           848.00 |       837.30 |       878.10 |                 12.18 |                    5.00 |     52 |    19.7281 |
|        1 |        191 |           848.00 |       837.30 |       844.60 |                 10.86 |                    5.00 |     52 |    19.8237 |
|        1 |        192 |           848.00 |       837.30 |       845.79 |                  7.03 |                    5.00 |     52 |    19.9077 |
|        1 |        193 |           848.00 |       837.30 |       839.88 |                  6.33 |                    5.00 |     52 |    19.9845 |
------------------------------------------------------------------------------------------------------------------------------------------------
|  Restart |  Iteration |  Best Feas. Cost |    Best Cost |   Curr. Cost |   Penalty Custom Res. |   Penalty Standard Res. |   Pool |   Time (s) |
------------------------------------------------------------------------------------------------------------------------------------------------
|        1 |        194 |           848.00 |       837.30 |       839.22 |                  8.52 |                    5.00 |     52 |    20.0383 |
|        1 |        195 |           848.00 |       837.30 |       843.34 |                  9.10 |                    5.00 |     52 |    20.1080 |
|        1 |        196 |           848.00 |       837.30 |       843.34 |                  9.45 |                    5.00 |     52 |    20.1454 |
|        1 |        197 |           848.00 |       837.30 |       846.01 |                 11.04 |                    5.00 |     52 |    20.2339 |
|        1 |        198 |           848.00 |       837.30 |       840.97 |                 18.29 |                    5.00 |     52 |    20.3234 |
|        1 |        199 |           848.00 |       837.30 |       848.00 |                  9.51 |                    5.00 |     52 |    20.3945 |
|        1 |        200 |           848.00 |       837.30 |       844.67 |                  8.66 |                    5.00 |     52 |    20.4519 |
|        1 |        201 |           848.00 |       837.30 |       842.34 |                  8.21 |                    5.00 |     52 |    20.5267 |
|        1 |        202 |           848.00 |       837.30 |       845.94 |                 11.93 |                    5.00 |     52 |    20.6184 |
|        1 |        203 |           848.00 |       837.30 |       848.00 |                 10.35 |                    5.00 |     52 |    20.6637 |
|        1 |        204 |           848.00 |       837.30 |       841.93 |                  9.69 |                    5.00 |     52 |    20.7473 |
|        1 |        205 |           848.00 |       837.30 |       877.51 |                 10.63 |                    5.00 |     52 |    20.8807 |
|        1 |        206 |           848.00 |       837.30 |       874.86 |                 10.40 |                    5.00 |     52 |    21.0809 |
|        1 |        207 |           848.00 |       837.30 |       848.60 |                  8.47 |                    5.00 |     52 |    21.1761 |
|        1 |        208 |           848.00 |       837.30 |       843.24 |                 11.03 |                    5.00 |     53 |    21.2754 |
|        1 |        209 |           848.00 |       837.30 |       844.60 |                 13.07 |                    5.00 |     53 |    21.4663 |
|        1 |        210 |           848.00 |       837.30 |       848.60 |                 21.25 |                    5.00 |     53 |    21.5389 |
|        1 |        211 |           848.00 |       837.30 |       848.00 |                 10.83 |                    5.00 |     53 |    21.6139 |
|        1 |        212 |           848.00 |       837.30 |       845.35 |                 11.33 |                    5.00 |     53 |    21.6976 |
|        1 |        213 |           848.00 |       837.30 |       876.12 |                 15.37 |                    5.00 |     53 |    21.7927 |
|        1 |        214 |           848.00 |       837.30 |       878.10 |                 12.04 |                    5.00 |     53 |    21.8632 |
|        1 |        215 |           848.00 |       837.30 |       848.60 |                  9.61 |                    5.00 |     53 |    21.9685 |
|        1 |        216 |           848.00 |       837.30 |       845.03 |                  8.31 |                    5.00 |     53 |    22.0521 |
|        1 |        217 |           848.00 |       837.30 |       843.92 |                 12.61 |                    5.00 |     53 |    22.1132 |
|        1 |        218 |           848.00 |       837.30 |       848.00 |                 13.75 |                    5.00 |     53 |    22.1756 |
|        1 |        219 |           848.00 |       837.30 |       845.12 |                 10.42 |                    5.00 |     53 |    22.2927 |
|        1 |        220 |           848.00 |       837.30 |       864.20 |                  5.26 |                    5.00 |     53 |    22.3523 |
|        1 |        221 |           848.00 |       837.30 |       864.20 |                  5.00 |                    5.00 |     53 |    22.4072 |
|        1 |        222 |           848.00 |       837.30 |       853.86 |                 10.10 |                    5.00 |     53 |    22.5264 |
|        1 |        223 |           848.00 |       837.30 |       873.27 |                  9.15 |                    5.00 |     53 |    22.6743 |
|        1 |        224 |           848.00 |       837.30 |       875.61 |                  9.22 |                    5.00 |     53 |    22.7310 |
|        1 |        225 |           848.00 |       837.30 |       874.81 |                 18.77 |                    5.00 |     53 |    22.9295 |
|        1 |        226 |           848.00 |       837.30 |       919.80 |                  5.85 |                    5.00 |     56 |    23.0249 |
|        1 |        227 |           848.00 |       837.30 |       919.80 |                  5.00 |                    5.00 |     56 |    23.0845 |
|        1 |        228 |           848.00 |       837.30 |       919.80 |                  5.00 |                    5.00 |     56 |    23.1570 |
|        1 |        229 |           848.00 |       837.30 |       919.80 |                  5.00 |                    5.00 |     56 |    23.2113 |
|        1 |        230 |           848.00 |       837.30 |       874.66 |                 10.34 |                    5.00 |     57 |    23.2966 |
|        1 |        231 |           848.00 |       837.30 |       846.79 |                 21.58 |                    5.00 |     57 |    23.3687 |
|        1 |        232 |           848.00 |       837.30 |       848.60 |                 18.83 |                    5.00 |     57 |    23.5098 |
|        1 |        233 |           848.00 |       837.30 |       846.47 |                  8.92 |                    5.00 |     57 |    23.6303 |
|        1 |        234 |           848.00 |       837.30 |       846.61 |                  9.62 |                    5.00 |     57 |    23.7021 |
|        1 |        235 |           848.00 |       837.30 |       847.12 |                  5.63 |                    5.00 |     57 |    23.7913 |
|        1 |        236 |           848.00 |       837.30 |       839.03 |                 14.36 |                    5.00 |     57 |    23.8732 |
|        1 |        237 |           848.00 |       837.30 |       848.00 |                 11.25 |                    5.00 |     57 |    23.9512 |
|        1 |        238 |           848.00 |       837.30 |       845.70 |                  8.38 |                    5.00 |     57 |    24.0081 |
|        1 |        239 |           848.00 |       837.30 |       842.87 |                  9.20 |                    5.00 |     57 |    24.1398 |
|        1 |        240 |           848.00 |       837.30 |       847.42 |                  9.07 |                    5.00 |     57 |    24.1984 |
|        1 |        241 |           848.00 |       837.30 |       844.73 |                  5.59 |                    5.00 |     57 |    24.2662 |
|        1 |        242 |           848.00 |       837.30 |       838.71 |                  5.00 |                    5.00 |     57 |    24.3124 |
|        1 |        243 |           848.00 |       837.30 |       867.81 |                  6.66 |                    5.00 |     57 |    24.3682 |
|        1 |        244 |           848.00 |       837.30 |       842.91 |                  6.63 |                    5.00 |     57 |    24.4482 |
|        1 |        245 |           848.00 |       837.30 |       840.29 |                  9.56 |                    5.00 |     57 |    24.5175 |
|        1 |        246 |           848.00 |       837.30 |       842.43 |                  8.25 |                    5.00 |     57 |    24.6449 |
|        1 |        247 |           848.00 |       837.30 |       843.80 |                  7.59 |                    5.00 |     57 |    24.7039 |
|        1 |        248 |           848.00 |       837.30 |       841.16 |                 11.51 |                    5.00 |     57 |    24.7656 |
|        1 |        249 |           848.00 |       837.30 |       844.63 |                  7.08 |                    5.00 |     57 |    24.8914 |
|        1 |        250 |           848.00 |       837.30 |       841.45 |                  9.91 |                    5.00 |     57 |    24.9468 |
|        1 |        251 |           848.00 |       837.30 |       845.58 |                  5.36 |                    5.00 |     57 |    25.0214 |
|        1 |        252 |           848.00 |       837.30 |       839.02 |                  5.80 |                    5.00 |     57 |    25.0850 |
|        1 |        253 |           848.00 |       837.30 |       840.38 |                 12.00 |                    5.00 |     57 |    25.1463 |
|        1 |        254 |           848.00 |       837.30 |       848.00 |                  9.60 |                    5.00 |     57 |    25.2120 |
|        1 |        255 |           848.00 |       837.30 |       861.96 |                 16.92 |                    5.00 |     57 |    25.2675 |
|        1 |        256 |           848.00 |       837.30 |       859.40 |                 13.79 |                    5.00 |     57 |    25.3461 |
|        1 |        257 |           848.00 |       837.30 |       848.60 |                  6.17 |                    5.00 |     57 |    25.4288 |
|        1 |        258 |           848.00 |       837.30 |       839.27 |                  7.98 |                    5.00 |     57 |    25.4850 |
|        1 |        259 |           848.00 |       837.30 |       843.23 |                 11.50 |                    5.00 |     57 |    25.5548 |
|        1 |        260 |           848.00 |       837.30 |       844.10 |                 10.86 |                    5.00 |     57 |    25.6786 |
|        1 |        261 |           848.00 |       837.30 |       843.84 |                  9.58 |                    5.00 |     57 |    25.7831 |
|        1 |        262 |           848.00 |       837.30 |       843.43 |                 16.31 |                    5.00 |     57 |    25.9182 |
|        1 |        263 |           848.00 |       837.30 |       848.00 |                 10.25 |                    5.00 |     57 |    26.0062 |
|        1 |        264 |           848.00 |       837.30 |       848.00 |                 15.40 |                    5.00 |     57 |    26.0554 |
|        1 |        265 |           848.00 |       837.30 |       848.60 |                 11.81 |                    5.00 |     57 |    26.1986 |
|        1 |        266 |           848.00 |       837.30 |       848.60 |                 11.53 |                    5.00 |     57 |    26.2664 |
|        1 |        267 |           848.00 |       837.30 |       846.65 |                 10.58 |                    5.00 |     57 |    26.3614 |
|        1 |        268 |           848.00 |       837.30 |       844.01 |                  7.69 |                    5.00 |     57 |    26.5119 |
|        1 |        269 |           848.00 |       837.30 |       842.99 |                  9.36 |                    5.00 |     57 |    26.5684 |
|        1 |        270 |           848.00 |       837.30 |       846.40 |                  8.62 |                    5.00 |     57 |    26.6157 |
|        1 |        271 |           848.00 |       837.30 |       845.41 |                  6.63 |                    5.00 |     57 |    26.6694 |
|        1 |        272 |           848.00 |       837.30 |       837.30 |                  8.47 |                    5.00 |     57 |    26.7689 |
|        1 |        273 |           848.00 |       837.30 |       842.59 |                  8.85 |                    5.00 |     57 |    26.8632 |
|        1 |        274 |           848.00 |       837.30 |       844.69 |                  9.74 |                    5.00 |     57 |    26.9503 |
|        1 |        275 |           848.00 |       837.30 |       843.11 |                  9.87 |                    5.00 |     57 |    27.0603 |
|        1 |        276 |           848.00 |       837.30 |       843.98 |                 10.14 |                    5.00 |     57 |    27.1181 |
|        1 |        277 |           848.00 |       837.30 |       914.45 |                 21.81 |                    5.00 |     61 |    27.2049 |
|        1 |        278 |           848.00 |       837.30 |       848.00 |                 10.00 |                    5.00 |     61 |    27.4164 |
|        1 |        279 |           848.00 |       837.30 |       874.08 |                  9.57 |                    5.00 |     61 |    27.5008 |
|        1 |        280 |           848.00 |       837.30 |       876.33 |                 10.43 |                    5.00 |     61 |    27.5769 |
|        1 |        281 |           848.00 |       837.30 |       877.64 |                  9.60 |                    5.00 |     61 |    27.6389 |
|        1 |        282 |           848.00 |       837.30 |       876.78 |                  5.30 |                    5.00 |     61 |    27.7145 |
|        1 |        283 |           848.00 |       837.30 |       868.00 |                  8.62 |                    5.00 |     61 |    27.7741 |
|        1 |        284 |           848.00 |       837.30 |       841.90 |                 11.67 |                    5.00 |     61 |    27.9023 |
|        1 |        285 |           848.00 |       837.30 |       843.32 |                 11.07 |                    5.00 |     61 |    27.9551 |
|        1 |        286 |           848.00 |       837.30 |       842.48 |                 12.70 |                    5.00 |     61 |    28.0016 |
|        1 |        287 |           848.00 |       837.30 |       845.59 |                  8.48 |                    5.00 |     61 |    28.0882 |
|        1 |        288 |           848.00 |       837.30 |       842.16 |                  7.34 |                    5.00 |     61 |    28.1662 |
|        1 |        289 |           848.00 |       837.30 |       900.10 |                  5.98 |                    5.00 |     64 |    28.2425 |
|        1 |        290 |           848.00 |       837.30 |       846.07 |                 10.12 |                    5.00 |     64 |    28.3103 |
|        1 |        291 |           848.00 |       837.30 |       848.14 |                  6.36 |                    5.00 |     64 |    28.3762 |
|        1 |        292 |           848.00 |       837.30 |       839.90 |                  6.28 |                    5.00 |     64 |    28.4383 |
|        1 |        293 |           848.00 |       837.30 |       840.91 |                 10.12 |                    5.00 |     64 |    28.5032 |
|        1 |        294 |           848.00 |       837.30 |       843.58 |                  8.74 |                    5.00 |     64 |    28.6120 |
|        1 |        295 |           848.00 |       837.30 |       840.10 |                 15.27 |                    5.00 |     64 |    28.6634 |
|        1 |        296 |           848.00 |       837.30 |       848.00 |                  8.52 |                    5.00 |     64 |    28.7121 |
|        1 |        297 |           848.00 |       837.30 |       844.86 |                 18.47 |                    5.00 |     64 |    28.8201 |
|        1 |        298 |           848.00 |       837.30 |       848.00 |                 10.73 |                    5.00 |     64 |    28.8763 |
|        1 |        299 |           848.00 |       837.30 |       844.51 |                  7.30 |                    5.00 |     64 |    28.9776 |
|        1 |        300 |           848.00 |       837.30 |       842.30 |                  8.26 |                    5.00 |     64 |    29.0896 |
|        1 |        301 |           848.00 |       837.30 |       840.01 |                  8.98 |                    5.00 |     64 |    29.2126 |
|        1 |        302 |           848.00 |       837.30 |       846.94 |                  9.50 |                    5.00 |     64 |    29.2866 |
|        1 |        303 |           848.00 |       837.30 |       846.86 |                  8.57 |                    5.00 |     64 |    29.3516 |
|        1 |        304 |           848.00 |       836.34 |       836.34 |                  9.60 |                    5.00 |     64 |    29.4588 |
|        1 |        305 |           848.00 |       836.34 |       840.60 |                  9.96 |                    5.00 |     64 |    29.5060 |
|        1 |        306 |           848.00 |       836.34 |       846.06 |                 17.55 |                    5.00 |     64 |    29.5664 |
|        1 |        307 |           848.00 |       836.34 |       846.49 |                 10.77 |                    5.00 |     64 |    29.7184 |
|        1 |        308 |           848.00 |       836.34 |       845.04 |                 10.16 |                    5.00 |     64 |    29.8657 |
|        1 |        309 |           848.00 |       836.34 |       845.30 |                 11.27 |                    5.00 |     64 |    29.9797 |
|        1 |        310 |           848.00 |       836.34 |       845.53 |                  7.44 |                    5.00 |     64 |    30.0677 |
|        1 |        311 |           848.00 |       836.34 |       841.42 |                 10.29 |                    5.00 |     64 |    30.1616 |
|        1 |        312 |           848.00 |       836.34 |       846.09 |                 12.90 |                    5.00 |     64 |    30.2418 |
|        1 |        313 |           848.00 |       836.34 |       845.27 |                  9.33 |                    5.00 |     64 |    30.3219 |
|        1 |        314 |           848.00 |       836.34 |       848.53 |                  6.48 |                    5.00 |     64 |    30.3963 |
|        1 |        315 |           848.00 |       836.34 |       840.26 |                  8.81 |                    5.00 |     64 |    30.4565 |
|        1 |        316 |           848.00 |       836.34 |       848.00 |                 20.70 |                    5.00 |     64 |    30.5664 |
|        1 |        317 |           848.00 |       836.34 |       848.00 |                 21.26 |                    5.00 |     64 |    30.6259 |
|        1 |        318 |           848.00 |       836.34 |       848.00 |                 11.97 |                    5.00 |     64 |    30.7013 |
|        1 |        319 |           848.00 |       836.34 |       848.00 |                  9.77 |                    5.00 |     64 |    30.7787 |
|        1 |        320 |           848.00 |       836.34 |       848.00 |                 10.87 |                    5.00 |     64 |    30.8538 |
|        1 |        321 |           848.00 |       836.34 |       846.19 |                 14.93 |                    5.00 |     64 |    30.9222 |
|        1 |        322 |           848.00 |       836.34 |       840.88 |                 10.25 |                    5.00 |     64 |    31.0324 |
|        1 |        323 |           848.00 |       836.34 |       852.48 |                 18.25 |                    5.00 |     65 |    31.0990 |
|        1 |        324 |           848.00 |       836.34 |       859.40 |                 16.74 |                    5.00 |     65 |    31.2118 |
|        1 |        325 |           848.00 |       836.34 |       859.40 |                  8.20 |                    5.00 |     65 |    31.2800 |
|        1 |        326 |           848.00 |       836.34 |       844.37 |                  8.68 |                    5.00 |     65 |    31.3392 |
|        1 |        327 |           848.00 |       836.34 |       844.64 |                 11.08 |                    5.00 |     65 |    31.4326 |
|        1 |        328 |           848.00 |       836.34 |       848.00 |                  5.06 |                    5.00 |     65 |    31.5026 |
|        1 |        329 |           848.00 |       836.34 |       837.60 |                 10.34 |                    5.00 |     65 |    31.5684 |
|        1 |        330 |           848.00 |       836.34 |       842.18 |                 22.89 |                    5.00 |     65 |    31.6615 |
|        1 |        331 |           848.00 |       836.34 |       848.00 |                 15.00 |                    5.00 |     65 |    31.7071 |
|        1 |        332 |           848.00 |       836.34 |       848.00 |                  9.07 |                    5.00 |     65 |    31.7619 |
|        1 |        333 |           848.00 |       836.34 |       842.13 |                  6.30 |                    5.00 |     65 |    31.8471 |
|        1 |        334 |           848.00 |       836.34 |       841.21 |                 10.45 |                    5.00 |     65 |    31.9202 |
|        1 |        335 |           848.00 |       836.34 |       848.00 |                  6.97 |                    5.00 |     65 |    32.0080 |
|        1 |        336 |           848.00 |       836.34 |       841.10 |                  9.01 |                    5.00 |     65 |    32.0638 |
|        1 |        337 |           848.00 |       836.34 |       873.44 |                  8.32 |                    5.00 |     65 |    32.2382 |
|        1 |        338 |           848.00 |       836.34 |       876.88 |                 10.95 |                    5.00 |     65 |    32.3188 |
|        1 |        339 |           848.00 |       836.34 |       872.30 |                  9.07 |                    5.00 |     65 |    32.4737 |
|        1 |        340 |           848.00 |       836.34 |       877.08 |                  8.64 |                    5.00 |     65 |    32.6072 |
|        1 |        341 |           848.00 |       836.34 |       876.67 |                  8.86 |                    5.00 |     65 |    32.6804 |
|        1 |        342 |           848.00 |       836.34 |       848.60 |                  9.15 |                    5.00 |     65 |    32.8220 |
|        1 |        343 |           848.00 |       836.34 |       897.40 |                  5.00 |                    5.00 |     68 |    32.8863 |
|        1 |        344 |           848.00 |       836.34 |       869.93 |                  9.74 |                    5.00 |     69 |    32.9630 |
|        1 |        345 |           848.00 |       836.34 |       875.06 |                 18.78 |                    5.00 |     69 |    33.0260 |
|        1 |        346 |           848.00 |       836.34 |       883.46 |                 19.89 |                    5.00 |     69 |    33.0717 |
|        1 |        347 |           848.00 |       836.34 |       891.76 |                 30.46 |                    5.00 |     70 |    33.1453 |
|        1 |        348 |           848.00 |       836.34 |       862.10 |                 11.94 |                    5.00 |     70 |    33.3072 |
|        1 |        349 |           848.00 |       836.34 |       844.35 |                 14.60 |                    5.00 |     70 |    33.4587 |
|        1 |        350 |           848.00 |       836.34 |       844.68 |                  8.85 |                    5.00 |     70 |    33.6444 |
|        1 |        351 |           848.00 |       836.34 |       882.94 |                 15.25 |                    5.00 |     70 |    33.7679 |
|        1 |        352 |           848.00 |       836.34 |       852.45 |                 10.60 |                    5.00 |     70 |    33.9995 |
|        1 |        353 |           848.00 |       836.34 |       846.50 |                  9.19 |                    5.00 |     70 |    34.0592 |
|        1 |        354 |           848.00 |       836.34 |       844.65 |                 18.99 |                    5.00 |     70 |    34.1195 |
|        1 |        355 |           848.00 |       836.34 |       853.89 |                 34.50 |                    5.00 |     70 |    34.1727 |
|        1 |        356 |           848.00 |       836.34 |       859.40 |                 18.98 |                    5.00 |     70 |    34.3086 |
|        1 |        357 |           848.00 |       836.34 |       844.34 |                 12.27 |                    5.00 |     70 |    34.4311 |
|        1 |        358 |           848.00 |       836.34 |       844.15 |                  9.51 |                    5.00 |     70 |    34.5080 |
|        1 |        359 |           848.00 |       836.34 |       846.89 |                 10.59 |                    5.00 |     70 |    34.5639 |
|        1 |        360 |           848.00 |       836.34 |       843.58 |                  7.33 |                    5.00 |     70 |    34.7098 |
|        1 |        361 |           848.00 |       836.34 |       860.33 |                  7.67 |                    5.00 |     70 |    34.7825 |
|        1 |        362 |           848.00 |       836.34 |       843.08 |                  6.07 |                    5.00 |     70 |    34.8629 |
|        1 |        363 |           848.00 |       836.34 |       839.68 |                 10.58 |                    5.00 |     70 |    34.9348 |
|        1 |        364 |           848.00 |       836.34 |       844.86 |                 14.81 |                    5.00 |     71 |    35.0047 |
|        1 |        365 |           848.00 |       836.34 |       848.00 |                 10.49 |                    5.00 |     71 |    35.1004 |
|        1 |        366 |           848.00 |       836.34 |       842.76 |                  7.56 |                    5.00 |     71 |    35.2391 |
|        1 |        367 |           848.00 |       836.34 |       838.78 |                 11.70 |                    5.00 |     71 |    35.2934 |
|        1 |        368 |           848.00 |       836.34 |       843.58 |                  6.45 |                    5.00 |     71 |    35.3918 |
|        1 |        369 |           848.00 |       836.34 |       838.27 |                 11.02 |                    5.00 |     71 |    35.4739 |
|        1 |        370 |           848.00 |       836.34 |       841.58 |                  9.24 |                    5.00 |     71 |    35.5866 |
|        1 |        371 |           848.00 |       836.34 |       845.35 |                 10.57 |                    5.00 |     71 |    35.6852 |
|        1 |        372 |           848.00 |       836.34 |       846.41 |                 11.63 |                    5.00 |     71 |    35.7519 |
|        1 |        373 |           848.00 |       836.34 |       844.98 |                 13.40 |                    5.00 |     71 |    35.8893 |
|        1 |        374 |           848.00 |       836.34 |       846.52 |                 11.13 |                    5.00 |     71 |    35.9916 |
|        1 |        375 |           848.00 |       836.34 |       844.03 |                  9.79 |                    5.00 |     71 |    36.1486 |
|        1 |        376 |           848.00 |       836.34 |       873.73 |                  8.39 |                    5.00 |     71 |    36.2291 |
|        1 |        377 |           848.00 |       836.34 |       846.38 |                 11.04 |                    5.00 |     71 |    36.3185 |
|        1 |        378 |           848.00 |       836.34 |       848.00 |                 13.04 |                    5.00 |     71 |    36.3832 |
|        1 |        379 |           848.00 |       836.34 |       848.00 |                  8.81 |                    5.00 |     71 |    36.4299 |
|        1 |        380 |           848.00 |       836.34 |       844.20 |                 10.61 |                    5.00 |     71 |    36.4937 |
|        1 |        381 |           848.00 |       836.34 |       844.81 |                  8.99 |                    5.00 |     71 |    36.5907 |
|        1 |        382 |           848.00 |       836.34 |       843.37 |                 12.08 |                    5.00 |     71 |    36.6818 |
|        1 |        383 |           848.00 |       836.34 |       873.17 |                 13.70 |                    5.00 |     71 |    36.7541 |
|        1 |        384 |           848.00 |       836.34 |       848.00 |                  9.06 |                    5.00 |     71 |    36.8185 |
|        1 |        385 |           848.00 |       836.34 |       840.34 |                  9.97 |                    5.10 |     71 |    36.8869 |
|        1 |        386 |           848.00 |       836.34 |       872.56 |                  8.54 |                    5.00 |     71 |    36.9770 |
|        1 |        387 |           848.00 |       836.34 |       869.89 |                 14.91 |                    5.00 |     71 |    37.0266 |
|        1 |        388 |           848.00 |       836.34 |       878.00 |                 14.85 |                    5.00 |     71 |    37.0952 |
|        1 |        389 |           848.00 |       836.34 |       878.00 |                  7.96 |                    5.00 |     71 |    37.1523 |
|        1 |        390 |           848.00 |       836.34 |       842.59 |                  8.94 |                    5.00 |     71 |    37.2387 |
|        1 |        391 |           848.00 |       836.34 |       845.17 |                  9.66 |                    5.00 |     71 |    37.2843 |
|        1 |        392 |           848.00 |       836.34 |       843.86 |                  7.87 |                    5.00 |     71 |    37.3733 |
|        1 |        393 |           848.00 |       836.34 |       841.59 |                  9.96 |                    5.00 |     71 |    37.4679 |
|        1 |        394 |           848.00 |       836.34 |       841.70 |                  5.65 |                    5.00 |     71 |    37.6289 |
|        1 |        395 |           848.00 |       836.34 |       870.96 |                 13.68 |                    5.00 |     71 |    37.7234 |
|        1 |        396 |           848.00 |       836.34 |       877.81 |                  8.94 |                    5.00 |     71 |    37.8375 |
|        1 |        397 |           848.00 |       836.34 |       848.40 |                  8.44 |                    5.00 |     71 |    37.9543 |
|        1 |        398 |           848.00 |       836.34 |       844.68 |                  5.47 |                    5.00 |     71 |    38.0288 |
|        1 |        399 |           848.00 |       836.34 |       837.30 |                  9.45 |                    5.00 |     71 |    38.1060 |
|        1 |        400 |           848.00 |       836.34 |       846.38 |                  8.52 |                    5.00 |     71 |    38.1739 |
|        1 |        401 |           848.00 |       836.34 |       843.88 |                  7.81 |                    5.00 |     71 |    38.2957 |
|        1 |        402 |           848.00 |       836.34 |       845.07 |                  9.42 |                    5.00 |     71 |    38.3479 |
|        1 |        403 |           848.00 |       836.34 |       844.64 |                 10.05 |                    5.00 |     71 |    38.4357 |
|        1 |        404 |           848.00 |       836.34 |       844.16 |                 10.90 |                    5.00 |     71 |    38.5747 |
|        1 |        405 |           848.00 |       836.34 |       843.92 |                 13.24 |                    5.00 |     71 |    38.6901 |
|        1 |        406 |           848.00 |       836.34 |       848.60 |                 15.78 |                    5.00 |     71 |    38.7712 |
|        1 |        407 |           848.00 |       836.34 |       848.60 |                 16.70 |                    5.10 |     71 |    38.8360 |
|        1 |        408 |           848.00 |       836.34 |       847.25 |                 14.16 |                    5.00 |     72 |    38.9609 |
|        1 |        409 |           848.00 |       836.34 |       842.33 |                  8.95 |                    5.00 |     72 |    39.1255 |
|        1 |        410 |           848.00 |       836.34 |       844.43 |                 13.98 |                    5.00 |     72 |    39.1982 |
|        1 |        411 |           848.00 |       836.34 |       847.92 |                 24.16 |                    5.00 |     72 |    39.2534 |
|        1 |        412 |           848.00 |       836.34 |       857.96 |                 23.85 |                    5.00 |     72 |    39.3262 |
|        1 |        413 |           848.00 |       836.34 |       848.00 |                 35.46 |                    5.00 |     72 |    39.3907 |
|        1 |        414 |           848.00 |       836.34 |       848.00 |                 17.54 |                    5.00 |     72 |    39.4578 |
|        1 |        415 |           848.00 |       836.34 |       848.00 |                  9.99 |                    5.00 |     72 |    39.5146 |
|        1 |        416 |           848.00 |       836.34 |       847.47 |                 11.11 |                    5.00 |     72 |    39.5823 |
|        1 |        417 |           848.00 |       836.34 |       845.40 |                 17.28 |                    5.00 |     72 |    39.7960 |
|        1 |        418 |           848.00 |       836.34 |       842.89 |                 15.53 |                    5.00 |     72 |    39.9108 |
|        1 |        419 |           848.00 |       836.34 |       848.60 |                 27.61 |                    5.00 |     72 |    39.9947 |
------------------------------------------------------------------------------------------------------------------------------------------------
|  Restart |  Iteration |  Best Feas. Cost |    Best Cost |   Curr. Cost |   Penalty Custom Res. |   Penalty Standard Res. |   Pool |   Time (s) |
------------------------------------------------------------------------------------------------------------------------------------------------
|        1 |        420 |           848.00 |       836.34 |       848.60 |                 14.21 |                    5.00 |     72 |    40.0716 |
|        1 |        421 |           848.00 |       836.34 |       855.51 |                  6.62 |                    5.00 |     73 |    40.1506 |
|        1 |        422 |           848.00 |       836.34 |       836.97 |                 10.31 |                    5.00 |     73 |    40.2748 |
|        1 |        423 |           848.00 |       836.34 |       841.31 |                 11.24 |                    5.00 |     73 |    40.3517 |
|        1 |        424 |           848.00 |       836.34 |       842.24 |                  7.14 |                    5.00 |     73 |    40.4106 |
|        1 |        425 |           848.00 |       836.34 |       864.30 |                  5.00 |                    5.00 |     73 |    40.4727 |
|        1 |        426 |           848.00 |       836.34 |       838.34 |                  8.54 |                    5.00 |     73 |    40.6123 |
|        1 |        427 |           848.00 |       836.34 |       842.45 |                  9.79 |                    5.00 |     73 |    40.6844 |
|        1 |        428 |           848.00 |       836.34 |       844.31 |                  9.75 |                    5.00 |     73 |    40.7694 |
|        1 |        429 |           848.00 |       836.34 |       846.20 |                  6.70 |                    5.00 |     73 |    40.8549 |
|        1 |        430 |           848.00 |       836.34 |       840.03 |                  9.00 |                    5.00 |     73 |    40.9508 |
|        1 |        431 |           848.00 |       836.34 |       844.81 |                 16.28 |                    5.00 |     73 |    41.0837 |
|        1 |        432 |           848.00 |       836.34 |       868.11 |                 28.03 |                    5.00 |     73 |    41.2180 |
|        1 |        433 |           848.00 |       836.34 |       886.27 |                 27.93 |                    5.00 |     74 |    41.2822 |
|        1 |        434 |           848.00 |       836.34 |       885.03 |                 31.72 |                    5.00 |     74 |    41.3405 |
|        1 |        435 |           848.00 |       836.34 |       859.40 |                 16.34 |                    5.00 |     74 |    41.4001 |
|        1 |        436 |           848.00 |       836.34 |       846.85 |                 11.09 |                    5.00 |     74 |    41.5378 |
|        1 |        437 |           848.00 |       836.34 |       844.17 |                 10.47 |                    5.00 |     74 |    41.6783 |
|        1 |        438 |           848.00 |       836.34 |       848.22 |                 12.74 |                    5.00 |     74 |    41.7575 |
|        1 |        439 |           848.00 |       836.34 |       884.42 |                  9.59 |                    5.00 |     74 |    41.8325 |
|        1 |        440 |           848.00 |       836.34 |       894.40 |                  5.92 |                    5.00 |     74 |    41.8763 |
|        1 |        441 |           848.00 |       836.34 |       894.40 |                  5.47 |                    5.00 |     74 |    41.9631 |
|        1 |        442 |           848.00 |       836.34 |       872.69 |                 13.66 |                    5.00 |     74 |    42.0772 |
|        1 |        443 |           848.00 |       836.34 |       899.32 |                 29.68 |                    5.00 |     75 |    42.1521 |
|        1 |        444 |           848.00 |       836.34 |       922.35 |                 23.23 |                    5.00 |     77 |    42.2518 |
|        1 |        445 |           848.00 |       836.34 |       910.43 |                 37.83 |                    5.00 |     77 |    42.2988 |
|        1 |        446 |           848.00 |       836.34 |       876.40 |                 10.02 |                    5.00 |     77 |    42.6471 |
|        1 |        447 |           848.00 |       836.34 |       890.15 |                 27.93 |                    5.00 |     79 |    42.7382 |
|        1 |        448 |           848.00 |       836.34 |       880.80 |                 19.36 |                    5.00 |     79 |    42.8517 |
|        1 |        449 |           848.00 |       836.34 |       920.90 |                  9.11 |                    5.00 |     82 |    42.9185 |
|        1 |        450 |           848.00 |       836.34 |       875.58 |                 11.42 |                    5.00 |     82 |    42.9959 |
|        1 |        451 |           848.00 |       836.34 |       878.08 |                 10.83 |                    5.00 |     82 |    43.0602 |
|        1 |        452 |           848.00 |       836.34 |       877.35 |                 11.00 |                    5.00 |     82 |    43.1284 |
|        1 |        453 |           848.00 |       836.34 |       878.23 |                 14.24 |                    5.00 |     82 |    43.1762 |
|        1 |        454 |           848.00 |       836.34 |       929.00 |                  5.00 |                    5.00 |     82 |    43.2865 |
|        1 |        455 |           848.00 |       836.34 |       841.57 |                 13.93 |                    5.00 |     82 |    43.3905 |
|        1 |        456 |           848.00 |       836.34 |       859.20 |                 25.80 |                    5.00 |     82 |    43.4603 |
|        1 |        457 |           848.00 |       836.34 |       848.00 |                 27.29 |                    5.00 |     82 |    43.5313 |
|        1 |        458 |           848.00 |       836.34 |       848.00 |                 19.95 |                    5.00 |     82 |    43.5896 |
|        1 |        459 |           848.00 |       836.34 |       848.00 |                 10.38 |                    5.00 |     82 |    43.6457 |
|        1 |        460 |           848.00 |       836.34 |       843.60 |                  9.14 |                    5.00 |     82 |    43.7918 |
|        1 |        461 |           848.00 |       836.34 |       846.29 |                  9.36 |                    5.00 |     82 |    43.9251 |
|        1 |        462 |           848.00 |       836.34 |       845.45 |                 10.10 |                    5.00 |     82 |    44.0001 |
|        1 |        463 |           848.00 |       836.34 |       847.70 |                 17.61 |                    5.00 |     82 |    44.0729 |
|        1 |        464 |           848.00 |       836.34 |       878.10 |                 10.76 |                    5.00 |     82 |    44.1203 |
|        1 |        465 |           848.00 |       836.34 |       878.10 |                  5.66 |                    5.00 |     82 |    44.1799 |
|        1 |        466 |           848.00 |       836.34 |       870.79 |                  8.32 |                    5.00 |     82 |    44.2497 |
|        1 |        467 |           848.00 |       836.34 |       843.70 |                  9.30 |                    5.00 |     82 |    44.3955 |
|        1 |        468 |           848.00 |       836.34 |       844.99 |                  5.13 |                    5.00 |     82 |    44.4687 |
|        1 |        469 |           848.00 |       836.34 |       871.44 |                  7.33 |                    5.00 |     82 |    44.5317 |
|        1 |        470 |           848.00 |       836.34 |       871.44 |                 10.48 |                    5.00 |     82 |    44.5701 |
|        1 |        471 |           848.00 |       836.34 |       881.40 |                  6.02 |                    5.00 |     82 |    44.6423 |
|        1 |        472 |           848.00 |       836.34 |       871.79 |                  9.05 |                    5.00 |     82 |    44.7053 |
|        1 |        473 |           848.00 |       836.34 |       878.32 |                 19.84 |                    5.00 |     82 |    44.8014 |
|        1 |        474 |           848.00 |       836.34 |       878.70 |                 38.43 |                    5.00 |     82 |    44.9498 |
|        1 |        475 |           848.00 |       836.34 |       878.70 |                 30.73 |                    5.00 |     82 |    45.0203 |
|        1 |        476 |           848.00 |       836.34 |       878.70 |                 13.89 |                    5.00 |     82 |    45.0935 |
|        1 |        477 |           848.00 |       836.34 |       870.40 |                 13.54 |                    5.00 |     82 |    45.3527 |
|        1 |        478 |           848.00 |       836.34 |       878.00 |                 12.71 |                    5.00 |     82 |    45.4121 |
|        1 |        479 |           848.00 |       836.34 |       876.88 |                  9.19 |                    5.00 |     82 |    45.4921 |
|        1 |        480 |           848.00 |       836.34 |       842.92 |                 10.73 |                    5.00 |     82 |    45.5912 |
|        1 |        481 |           848.00 |       836.34 |       844.94 |                  9.72 |                    5.00 |     82 |    45.7325 |
|        1 |        482 |           848.00 |       836.34 |       841.50 |                 10.99 |                    5.00 |     82 |    45.8915 |
|        1 |        483 |           848.00 |       836.34 |       872.72 |                  9.58 |                    5.00 |     82 |    46.0260 |
|        1 |        484 |           848.00 |       836.34 |       879.18 |                  6.77 |                    5.00 |     82 |    46.1463 |
|        1 |        485 |           848.00 |       836.34 |       874.61 |                  9.76 |                    5.00 |     82 |    46.2254 |
|        1 |        486 |           848.00 |       836.34 |       879.54 |                 11.92 |                    5.00 |     82 |    46.4127 |
|        1 |        487 |           848.00 |       836.34 |       873.77 |                  6.68 |                    5.00 |     82 |    46.5624 |
|        1 |        488 |           848.00 |       836.34 |       871.55 |                  8.81 |                    5.26 |     82 |    46.6242 |
|        1 |        489 |           848.00 |       836.34 |       878.87 |                  5.71 |                    5.00 |     82 |    46.6784 |
|        1 |        490 |           848.00 |       836.34 |       871.37 |                  9.07 |                    5.00 |     82 |    46.7901 |
|        1 |        491 |           848.00 |       836.34 |       873.31 |                 21.69 |                    5.00 |     82 |    46.9379 |
|        1 |        492 |           848.00 |       836.34 |       879.20 |                 30.38 |                    5.00 |     83 |    46.9950 |
|        1 |        493 |           848.00 |       836.34 |       879.20 |                 34.12 |                    5.00 |     83 |    47.0568 |
|        1 |        494 |           848.00 |       836.34 |       848.00 |                 13.67 |                    5.00 |     83 |    47.1399 |
|        1 |        495 |           848.00 |       836.34 |       847.52 |                 10.28 |                    5.00 |     83 |    47.2182 |
|        1 |        496 |           848.00 |       836.34 |       846.86 |                  6.66 |                    5.00 |     83 |    47.2893 |
|        1 |        497 |           848.00 |       836.34 |       838.64 |                  8.70 |                    5.00 |     83 |    47.3480 |
|        1 |        498 |           848.00 |       836.34 |       871.75 |                  9.95 |                    5.00 |     83 |    47.4345 |
|        1 |        499 |           848.00 |       836.34 |       876.48 |                 10.63 |                    5.00 |     83 |    47.5039 |
|        1 |        500 |           848.00 |       836.34 |       842.62 |                  8.50 |                    5.00 |     83 |    47.5646 |
------------------------------------------------------------------------------------------------------------------------------------------------
Version identifier: 22.1.2.0 | 2024-11-26 | 0edbb82fd
CPXPARAM_MIP_Tolerances_UpperCutoff              848.099999999999
Tried aggregator 1 time.
MIP Presolve eliminated 69 rows and 24 columns.
MIP Presolve modified 45 coefficients.
Reduced MIP has 32 rows, 59 columns, and 241 nonzeros.
Reduced MIP has 59 binaries, 0 generals, 0 SOSs, and 0 indicators.
Presolve time = 0.00 sec. (0.25 ticks)
Probing fixed 1 vars, tightened 0 bounds.
Probing time = 0.00 sec. (0.16 ticks)
Tried aggregator 2 times.
MIP Presolve eliminated 7 rows and 10 columns.
Aggregator did 1 substitutions.
Reduced MIP has 24 rows, 48 columns, and 180 nonzeros.
Reduced MIP has 48 binaries, 0 generals, 0 SOSs, and 0 indicators.
Presolve time = 0.00 sec. (0.15 ticks)
Probing time = 0.00 sec. (0.10 ticks)
Tried aggregator 1 time.
MIP Presolve eliminated 8 rows and 13 columns.
Reduced MIP has 16 rows, 35 columns, and 103 nonzeros.
Reduced MIP has 35 binaries, 0 generals, 0 SOSs, and 0 indicators.
Presolve time = 0.00 sec. (0.07 ticks)
Probing time = 0.00 sec. (0.05 ticks)
Tried aggregator 1 time.
MIP Presolve eliminated 1 rows and 4 columns.
Reduced MIP has 15 rows, 31 columns, and 89 nonzeros.
Reduced MIP has 31 binaries, 0 generals, 0 SOSs, and 0 indicators.
Presolve time = 0.00 sec. (0.06 ticks)
Probing time = 0.00 sec. (0.04 ticks)
Clique table members: 71.
MIP emphasis: balance optimality and feasibility.
MIP search method: dynamic search.
Parallel mode: deterministic, using up to 8 threads.
Root relaxation solution time = 0.00 sec. (0.03 ticks)

        Nodes                                         Cuts/
   Node  Left     Objective  IInf  Best Integer    Best Bound    ItCnt     Gap

*     0     0      integral     0      848.0000      848.0000       15    0.00%
Elapsed time = 0.00 sec. (1.17 ticks, tree = 0.00 MB, solutions = 1)
objective_value(sp) = 848.0
 51.135851 seconds (6.84 M allocations: 340.722 MiB, 0.15% gc time, 7.84% compilation time)
#1: 0 (0.0) {31.0} -> 32 (30.0) {62.6} [31.0, 309.0] -> 33 (70.0) {154.6} [33.0, 313.0] -> 31 (90.0) {249.9} [144.0, 293.0] -> 35 (100.0) {344.9} [191.0, 436.0] -> 37 (120.0) {440.7} [305.0, 512.0] -> 38 (150.0) {532.7} [414.0, 587.0] -> 39 (170.0) {627.7} [481.0, 710.0] -> 36 (180.0) {722.7} [588.0, 793.0] -> 34 (200.0) {815.7} [655.0, 912.0] -> 0 (200.0) {938.0} [0.0, 1236.0]
#2: 0 (0.0) {40.0} -> 90 (10.0) {60.6} [20.0, 276.0] -> 87 (30.0) {155.6} [25.0, 260.0] -> 86 (40.0) {246.6} [76.0, 335.0] -> 83 (50.0) {342.6} [154.0, 449.0] -> 82 (70.0) {435.6} [293.0, 496.0] -> 84 (90.0) {531.4} [360.0, 621.0] -> 85 (120.0) {624.2} [470.0, 697.0] -> 88 (150.0) {717.2} [551.0, 802.0] -> 89 (160.0) {810.0} [640.0, 899.0] -> 91 (170.0) {903.6} [756.0, 969.0] -> 0 (170.0) {1015.9} [0.0, 1236.0]
#3: 0 (0.0) {36.0} -> 20 (10.0) {46.0} [10.0, 265.0] -> 24 (20.0) {141.0} [15.0, 333.0] -> 25 (60.0) {233.0} [88.0, 305.0] -> 27 (70.0) {325.0} [179.0, 398.0] -> 29 (80.0) {418.6} [288.0, 475.0] -> 30 (90.0) {513.6} [368.0, 585.0] -> 28 (110.0) {606.6} [476.0, 663.0] -> 26 (120.0) {698.6} [502.0, 821.0] -> 23 (130.0) {791.6} [664.0, 845.0] -> 22 (150.0) {884.6} [704.0, 991.0] -> 21 (170.0) {976.6} [836.0, 1043.0] -> 0 (170.0) {1076.7} [0.0, 1236.0]
#4: 0 (0.0) {40.0} -> 98 (20.0) {70.8} [30.0, 248.0] -> 96 (30.0) {166.1} [36.0, 283.0] -> 95 (60.0) {258.1} [130.0, 305.0] -> 94 (70.0) {351.7} [209.0, 412.0] -> 92 (90.0) {445.3} [257.0, 552.0] -> 93 (130.0) {537.3} [409.0, 584.0] -> 97 (160.0) {632.3} [470.0, 713.0] -> 100 (180.0) {727.3} [530.0, 843.0] -> 99 (190.0) {822.3} [628.0, 935.0] -> 0 (190.0) {945.8} [0.0, 1236.0]
#5: 0 (0.0) {41.0} -> 57 (40.0) {76.0} [35.0, 246.0] -> 55 (50.0) {168.0} [35.0, 287.0] -> 54 (90.0) {263.0} [78.0, 365.0] -> 53 (110.0) {358.3} [193.0, 440.0] -> 56 (140.0) {452.3} [308.0, 513.0] -> 58 (170.0) {544.3} [376.0, 629.0] -> 60 (190.0) {637.3} [463.0, 728.0] -> 59 (200.0) {737.7} [519.0, 872.0] -> 0 (200.0) {862.7} [0.0, 1236.0]
#6: 0 (0.0) {27.0} -> 13 (30.0) {57.8} [30.0, 280.0] -> 17 (50.0) {151.8} [33.0, 226.0] -> 18 (70.0) {244.8} [68.0, 365.0] -> 19 (80.0) {339.8} [176.0, 447.0] -> 15 (120.0) {434.8} [318.0, 495.0] -> 16 (160.0) {529.8} [394.0, 609.0] -> 14 (170.0) {621.8} [489.0, 698.0] -> 12 (190.0) {714.8} [547.0, 826.0] -> 0 (190.0) {842.8} [0.0, 1236.0]
#7: 0 (0.0) {36.0} -> 67 (10.0) {48.2} [12.0, 275.0] -> 65 (20.0) {139.2} [12.0, 223.0] -> 63 (70.0) {231.2} [100.0, 289.0] -> 62 (90.0) {326.2} [181.0, 398.0] -> 74 (140.0) {419.2} [263.0, 502.0] -> 72 (150.0) {514.2} [367.0, 588.0] -> 61 (160.0) {607.2} [412.0, 729.0] -> 64 (170.0) {699.2} [539.0, 786.0] -> 68 (180.0) {792.2} [669.0, 842.0] -> 66 (190.0) {887.5} [753.0, 948.0] -> 0 (190.0) {994.0} [0.0, 1236.0]
#8: 0 (0.0) {41.0} -> 81 (30.0) {88.4} [47.0, 356.0] -> 78 (50.0) {181.4} [50.0, 295.0] -> 76 (60.0) {273.4} [119.0, 344.0] -> 71 (80.0) {368.4} [194.0, 459.0] -> 70 (110.0) {463.4} [284.0, 559.0] -> 73 (120.0) {556.4} [370.0, 659.0] -> 77 (130.0) {650.4} [469.0, 748.0] -> 79 (140.0) {741.4} [573.0, 826.0] -> 80 (150.0) {836.7} [694.0, 895.0] -> 69 (160.0) {967.9} [836.0, 1049.0] -> 47 (170.0) {1072.9} [837.0, 1127.0] -> 0 (170.0) {1180.9} [0.0, 1236.0]
#9: 0 (0.0) {30.0} -> 5 (10.0) {45.1} [15.0, 226.0] -> 3 (20.0) {136.1} [16.0, 336.0] -> 7 (40.0) {228.1} [87.0, 308.0] -> 8 (60.0) {320.9} [150.0, 429.0] -> 10 (70.0) {414.5} [279.0, 488.0] -> 11 (80.0) {507.5} [363.0, 590.0] -> 9 (90.0) {600.6} [429.0, 710.0] -> 6 (110.0) {692.8} [499.0, 824.0] -> 4 (120.0) {785.0} [643.0, 866.0] -> 2 (150.0) {878.6} [756.0, 939.0] -> 1 (160.0) {970.6} [830.0, 1049.0] -> 75 (180.0) {1063.6} [847.0, 1130.0] -> 0 (180.0) {1169.4} [0.0, 1236.0]
#10: 0 (0.0) {42.0} -> 43 (10.0) {58.5} [16.0, 273.0] -> 42 (30.0) {151.5} [19.0, 345.0] -> 41 (40.0) {243.5} [63.0, 338.0] -> 40 (50.0) {335.5} [180.0, 405.0] -> 44 (60.0) {428.5} [278.0, 493.0] -> 46 (90.0) {521.3} [355.0, 602.0] -> 45 (100.0) {613.3} [453.0, 688.0] -> 48 (110.0) {705.3} [539.0, 786.0] -> 51 (120.0) {798.3} [635.0, 876.0] -> 50 (130.0) {890.5} [719.0, 976.0] -> 52 (140.0) {983.6} [825.0, 1056.0] -> 49 (150.0) {1076.6} [867.0, 1126.0] -> 0 (150.0) {1185.8} [0.0, 1236.0]

Dist: 848.0. Cost: 848.0

Root node processing (before b&c):
  Real time             =    0.00 sec. (1.18 ticks)
Parallel b&c, 8 threads:
  Real time             =    0.00 sec. (0.00 ticks)
  Sync time (average)   =    0.00 sec.
  Wait time (average)   =    0.00 sec.
                          ------------
Total (root+branch&cut) =    0.00 sec. (1.18 ticks)
