Solving instance /mnt/c/Users/bruno.mattos/OneDrive - americanas s.a/Documentos/GitHub/GenericILS/TWRD/100/C108_100_010.vrptwrd...
------------------------------------------------------------------------------------------------------------------------------------------------
|  Restart |  Iteration |  Best Feas. Cost |    Best Cost |   Curr. Cost |   Penalty Custom Res. |   Penalty Standard Res. |   Pool |   Time (s) |
------------------------------------------------------------------------------------------------------------------------------------------------
|        1 |          0 |           919.90 |       919.90 |       919.90 |                 15.73 |                   15.73 |     13 |     0.1942 |
|        1 |          1 |           919.90 |       919.90 |       919.90 |                  7.94 |                    7.94 |     13 |     0.6630 |
|        1 |          2 |           919.90 |       872.91 |       872.91 |                  5.00 |                    5.26 |     14 |     0.8017 |
|        1 |          3 |           919.90 |       872.91 |       905.45 |                  7.05 |                    5.46 |     14 |     0.9233 |
|        1 |          4 |           919.90 |       872.91 |       897.39 |                 13.06 |                    5.00 |     15 |     0.9795 |
|        1 |          0 |           887.10 |       872.91 |       887.10 |                 11.22 |                    5.00 |     17 |     1.2136 |
|        1 |          1 |           887.10 |       872.91 |       887.10 |                  6.45 |                    5.00 |     17 |     1.2669 |
|        1 |          2 |           887.10 |       849.73 |       849.73 |                 15.15 |                    5.26 |     17 |     1.4003 |
|        1 |          3 |           887.10 |       849.73 |       850.63 |                 16.84 |                    5.26 |     18 |     1.4837 |
|        1 |          4 |           887.10 |       849.73 |       888.10 |                 22.86 |                    5.00 |     19 |     1.5613 |
|        1 |          5 |           887.10 |       849.73 |       887.10 |                 11.31 |                    5.00 |     19 |     1.6350 |
|        1 |          6 |           887.10 |       849.73 |       887.10 |                  6.57 |                    5.00 |     19 |     1.7002 |
|        1 |          7 |           887.10 |       846.00 |       846.00 |                  8.92 |                    5.00 |     19 |     1.7774 |
|        1 |          8 |           887.10 |       846.00 |       887.97 |                 22.28 |                    5.00 |     21 |     1.8613 |
|        1 |          9 |           887.10 |       846.00 |       887.10 |                 17.41 |                    5.00 |     21 |     1.9850 |
|        1 |         10 |           887.10 |       846.00 |       917.20 |                  8.03 |                    5.00 |     21 |     2.0594 |
|        1 |         11 |           887.10 |       846.00 |       917.20 |                  5.00 |                    5.00 |     21 |     2.1346 |
|        1 |         12 |           887.10 |       846.00 |       917.20 |                  5.00 |                    5.00 |     21 |     2.1878 |
|        1 |         13 |           887.10 |       846.00 |       874.14 |                  9.84 |                    5.26 |     22 |     2.3212 |
|        1 |         14 |           887.10 |       846.00 |       889.41 |                 24.33 |                    5.00 |     25 |     2.4064 |
|        1 |         15 |           887.10 |       846.00 |       903.92 |                 41.22 |                    5.00 |     25 |     2.4615 |
|        1 |         16 |           887.10 |       846.00 |       922.29 |                 27.54 |                    5.00 |     25 |     2.5257 |
|        1 |         17 |           887.10 |       846.00 |       891.10 |                 13.18 |                    5.47 |     26 |     2.6508 |
|        1 |         18 |           887.10 |       846.00 |       887.10 |                  7.43 |                    5.00 |     26 |     2.7223 |
|        1 |         19 |           887.10 |       846.00 |       887.10 |                  8.26 |                    5.00 |     26 |     2.7819 |
|        1 |         20 |           887.10 |       846.00 |       887.10 |                  9.96 |                    5.30 |     26 |     2.8466 |
|        1 |         21 |           887.10 |       846.00 |       851.69 |                 15.53 |                    5.00 |     26 |     2.9567 |
|        1 |         22 |           887.10 |       846.00 |       917.90 |                  6.48 |                    5.00 |     27 |     3.0349 |
|        1 |         23 |           887.10 |       846.00 |       875.87 |                 11.64 |                    5.00 |     27 |     3.1092 |
|        1 |         24 |           887.10 |       846.00 |       880.50 |                  7.39 |                    5.00 |     27 |     3.1897 |
|        1 |         25 |           887.10 |       846.00 |       874.18 |                 10.86 |                    5.26 |     28 |     3.2872 |
|        1 |         26 |           887.10 |       846.00 |       871.94 |                 13.40 |                    5.00 |     29 |     3.4758 |
|        1 |         27 |           887.10 |       846.00 |       884.60 |                 22.47 |                    5.00 |     29 |     3.5281 |
|        1 |         28 |           887.10 |       846.00 |       880.10 |                 12.48 |                    5.00 |     32 |     3.6789 |
|        1 |         29 |           887.10 |       846.00 |       896.90 |                  5.47 |                    5.00 |     32 |     3.7597 |
|        1 |         30 |           887.10 |       846.00 |       887.10 |                  8.14 |                    6.10 |     32 |     3.8513 |
|        1 |         31 |           887.10 |       846.00 |       861.40 |                 13.07 |                    5.00 |     32 |     3.9765 |
|        1 |         32 |           887.10 |       846.00 |       912.11 |                 22.60 |                    5.00 |     35 |     4.0322 |
|        1 |         33 |           887.10 |       846.00 |       887.10 |                  9.47 |                    5.00 |     35 |     4.2096 |
|        1 |         34 |           887.10 |       846.00 |       860.76 |                 18.81 |                    5.00 |     35 |     4.2813 |
|        1 |         35 |           887.10 |       846.00 |       860.76 |                 36.64 |                    5.00 |     35 |     4.3380 |
|        1 |         36 |           887.10 |       846.00 |       854.40 |                 22.80 |                    5.00 |     37 |     4.4218 |
|        1 |         37 |           887.10 |       846.00 |       850.40 |                  9.70 |                    5.00 |     37 |     4.5070 |
|        1 |         38 |           887.10 |       845.88 |       845.88 |                  5.97 |                    5.00 |     37 |     4.5931 |
|        1 |         39 |           887.10 |       841.18 |       841.18 |                  6.10 |                    5.00 |     37 |     4.6572 |
|        1 |         40 |           887.10 |       841.18 |       841.54 |                  9.44 |                    5.00 |     37 |     4.7347 |
|        1 |         41 |           887.10 |       841.18 |       878.97 |                 20.51 |                    5.00 |     38 |     4.8122 |
|        1 |         42 |           887.10 |       841.18 |       891.52 |                 52.77 |                    5.00 |     38 |     4.9068 |
|        1 |         43 |           887.10 |       841.18 |       887.80 |                 34.17 |                    5.00 |     38 |     4.9980 |
|        1 |         44 |           887.10 |       841.18 |       887.10 |                 14.10 |                    5.00 |     38 |     5.1004 |
|        1 |         45 |           887.10 |       841.18 |       894.60 |                  9.70 |                    5.26 |     41 |     5.1858 |
|        1 |         46 |           887.10 |       841.18 |       852.76 |                 12.25 |                    5.36 |     41 |     5.3365 |
|        1 |         47 |           887.10 |       841.18 |       866.60 |                 14.28 |                    5.47 |     43 |     5.4911 |
|        1 |         48 |           887.10 |       841.18 |       874.59 |                  6.60 |                    5.00 |     43 |     5.7186 |
|        1 |         49 |           887.10 |       841.18 |       885.30 |                 11.18 |                    5.00 |     43 |     5.7788 |
|        1 |         50 |           887.10 |       841.18 |       880.50 |                 23.07 |                    5.00 |     43 |     5.8973 |
|        1 |         51 |           887.10 |       841.18 |       850.40 |                 10.42 |                    5.00 |     43 |     5.9771 |
|        1 |         52 |           887.10 |       841.18 |       874.47 |                  5.19 |                    5.00 |     45 |     6.1010 |
|        1 |         53 |           887.10 |       841.18 |       872.30 |                 10.53 |                    5.00 |     45 |     6.1803 |
|        1 |         54 |           887.10 |       841.18 |       880.41 |                  9.68 |                    5.00 |     45 |     6.2603 |
|        1 |         55 |           887.10 |       841.18 |       944.87 |                 11.21 |                    5.26 |     48 |     6.3145 |
|        1 |         56 |           887.10 |       841.18 |       945.81 |                 18.44 |                    5.00 |     48 |     6.3629 |
|        1 |         57 |           887.10 |       841.18 |       906.88 |                  8.30 |                    5.26 |     49 |     6.5032 |
|        1 |         58 |           887.10 |       841.18 |       914.84 |                 14.21 |                    5.00 |     50 |     6.5604 |
|        1 |         59 |           887.10 |       841.18 |       927.08 |                 11.48 |                    5.36 |     52 |     6.6248 |
|        1 |         60 |           887.10 |       841.18 |       922.41 |                 21.27 |                    5.00 |     52 |     6.6904 |
|        1 |         61 |           887.10 |       841.18 |       939.47 |                 37.51 |                    5.26 |     53 |     6.7448 |
|        1 |         62 |           887.10 |       841.18 |       893.00 |                 18.54 |                    5.00 |     57 |     6.8277 |
|        1 |         63 |           887.10 |       841.18 |       853.66 |                 24.17 |                    5.00 |     57 |     6.9145 |
|        1 |         64 |           887.10 |       841.18 |       857.57 |                 12.95 |                    5.00 |     57 |     6.9896 |
|        1 |         65 |           887.10 |       841.18 |       846.35 |                 11.34 |                    5.00 |     57 |     7.0481 |
|        1 |         66 |           887.10 |       841.18 |       844.74 |                 20.80 |                    5.00 |     57 |     7.1074 |
|        1 |         67 |           887.10 |       841.18 |       888.10 |                 10.86 |                    5.00 |     57 |     7.2772 |
|        1 |         68 |           887.10 |       841.18 |       844.82 |                 10.29 |                    5.00 |     57 |     7.3561 |
|        1 |         69 |           887.10 |       841.18 |       844.33 |                 17.10 |                    5.00 |     57 |     7.4072 |
|        1 |         70 |           887.10 |       841.18 |       889.70 |                 12.88 |                    5.26 |     58 |     7.4758 |
|        1 |         71 |           887.10 |       841.18 |       894.60 |                  7.56 |                    5.00 |     59 |     7.5292 |
|        1 |         72 |           887.10 |       841.18 |       924.70 |                  5.00 |                    5.00 |     59 |     7.5832 |
|        1 |         73 |           887.10 |       841.18 |       924.70 |                  7.01 |                    5.00 |     59 |     7.6515 |
|        1 |         74 |           887.10 |       841.18 |       877.80 |                 12.36 |                    5.00 |     59 |     7.7284 |
|        1 |         75 |           887.10 |       841.18 |       880.50 |                 13.84 |                    5.00 |     59 |     7.8694 |
|        1 |         76 |           887.10 |       841.18 |       891.91 |                 20.32 |                    5.00 |     59 |     7.9914 |
|        1 |         77 |           887.10 |       841.18 |       873.54 |                 31.41 |                    5.26 |     59 |     8.0785 |
|        1 |         78 |           887.10 |       841.18 |       850.40 |                 19.73 |                    5.00 |     59 |     8.1807 |
|        1 |         79 |           887.10 |       841.18 |       850.40 |                 22.59 |                    5.00 |     59 |     8.2740 |
|        1 |         80 |           887.10 |       841.18 |       874.40 |                  9.81 |                    5.00 |     61 |     8.3532 |
|        1 |         81 |           887.10 |       841.18 |       850.11 |                 11.02 |                    5.26 |     61 |     8.4362 |
|        1 |         82 |           887.10 |       841.18 |       848.43 |                 21.02 |                    5.00 |     61 |     8.5262 |
|        1 |         83 |           887.10 |       841.18 |       850.56 |                 19.08 |                    5.00 |     61 |     8.6547 |
|        1 |         84 |           887.10 |       841.18 |       888.10 |                 29.23 |                    5.00 |     61 |     8.7262 |
|        1 |         85 |           887.10 |       841.18 |       888.10 |                 14.61 |                    5.00 |     61 |     8.7962 |
|        1 |         86 |           887.10 |       841.18 |       888.10 |                  9.19 |                    5.00 |     61 |     8.8721 |
|        1 |         87 |           887.10 |       841.18 |       869.17 |                 10.82 |                    5.00 |     61 |     8.9975 |
|        1 |         88 |           887.10 |       841.18 |       875.47 |                 12.52 |                    5.00 |     63 |     9.0764 |
|        1 |         89 |           887.10 |       841.18 |       877.47 |                 22.29 |                    5.00 |     63 |     9.1311 |
|        1 |         90 |           887.10 |       841.18 |       885.79 |                 24.31 |                    5.00 |     63 |     9.1927 |
|        1 |         91 |           887.10 |       841.18 |       887.33 |                 36.19 |                    5.00 |     63 |     9.2351 |
|        1 |         92 |           887.10 |       841.18 |       909.40 |                 23.68 |                    5.00 |     65 |     9.3178 |
|        1 |         93 |           887.10 |       841.18 |       918.20 |                 13.89 |                    5.00 |     65 |     9.3935 |
|        1 |         94 |           887.10 |       841.18 |       846.56 |                 20.59 |                    5.00 |     65 |     9.5276 |
|        1 |         95 |           887.10 |       841.18 |       854.18 |                 24.07 |                    5.26 |     65 |     9.5921 |
|        1 |         96 |           887.10 |       841.18 |       859.99 |                 19.06 |                    5.00 |     65 |     9.6620 |
|        1 |         97 |           887.10 |       841.18 |       854.25 |                 12.23 |                    5.00 |     65 |     9.7297 |
|        1 |         98 |           887.10 |       841.18 |       845.63 |                 20.72 |                    5.00 |     65 |     9.7783 |
|        1 |         99 |           887.10 |       841.18 |       855.18 |                 26.77 |                    5.00 |     65 |     9.8570 |
|        1 |        100 |           887.10 |       841.18 |       860.98 |                 15.21 |                    5.00 |     65 |     9.9606 |
|        1 |        101 |           887.10 |       841.18 |       848.61 |                 30.20 |                    5.00 |     65 |    10.0365 |
|        1 |        102 |           887.10 |       841.18 |       865.14 |                 22.72 |                    5.00 |     65 |    10.1275 |
|        1 |        103 |           887.10 |       841.18 |       858.25 |                 42.11 |                    5.00 |     65 |    10.1917 |
|        1 |        104 |           887.10 |       841.18 |       875.93 |                 18.46 |                    5.00 |     65 |    10.2853 |
|        1 |        105 |           887.10 |       841.18 |       852.23 |                 31.90 |                    5.00 |     65 |    10.3390 |
|        1 |        106 |           887.10 |       841.18 |       866.60 |                 30.84 |                    5.26 |     65 |    10.4068 |
|        1 |        107 |           887.10 |       841.18 |       888.10 |                 15.06 |                    5.00 |     65 |    10.5268 |
|        1 |        108 |           887.10 |       841.18 |       918.20 |                  7.76 |                    5.00 |     65 |    10.5875 |
|        1 |        109 |           887.10 |       841.18 |       918.20 |                  5.00 |                    5.00 |     65 |    10.6605 |
|        1 |        110 |           887.10 |       841.18 |       874.56 |                 12.00 |                    5.00 |     65 |    10.7575 |
|        1 |        111 |           887.10 |       841.18 |       891.71 |                 23.61 |                    5.00 |     65 |    10.8304 |
|        1 |        112 |           887.10 |       841.18 |       901.83 |                 46.91 |                    5.00 |     65 |    10.9044 |
|        1 |        113 |           887.10 |       841.18 |       917.20 |                 16.31 |                    5.00 |     65 |    11.0255 |
|        1 |        114 |           887.10 |       841.18 |       917.20 |                 13.99 |                    5.00 |     65 |    11.0926 |
|        1 |        115 |           887.10 |       841.18 |       917.20 |                  6.79 |                    5.00 |     65 |    11.1635 |
|        1 |        116 |           887.10 |       841.18 |       920.00 |                  5.00 |                    5.00 |     67 |    11.2037 |
|        1 |        117 |           887.10 |       841.18 |       883.74 |                  5.00 |                    5.00 |     67 |    11.3281 |
|        1 |        118 |           887.10 |       841.18 |       870.85 |                  9.93 |                    5.00 |     67 |    11.4387 |
|        1 |        119 |           887.10 |       841.18 |       871.21 |                 14.87 |                    5.00 |     67 |    11.5627 |
|        1 |        120 |           887.10 |       841.18 |       878.82 |                 21.88 |                    5.00 |     67 |    11.6304 |
|        1 |        121 |           887.10 |       841.18 |       884.03 |                 13.49 |                    5.00 |     67 |    11.7115 |
|        1 |        122 |           887.10 |       841.18 |       850.40 |                 20.26 |                    5.00 |     67 |    11.7797 |
|        1 |        123 |           887.10 |       841.18 |       883.10 |                 10.02 |                    5.00 |     70 |    11.8452 |
|        1 |        124 |           887.10 |       841.18 |       866.60 |                  9.77 |                    5.00 |     70 |    11.9514 |
|        1 |        125 |           887.10 |       841.18 |       897.51 |                 16.37 |                    5.00 |     71 |    12.0296 |
|        1 |        126 |           887.10 |       841.18 |       877.74 |                 19.79 |                    5.00 |     73 |    12.2197 |
|        1 |        127 |           887.10 |       841.18 |       887.10 |                  8.67 |                    5.00 |     73 |    12.3191 |
|        1 |        128 |           887.10 |       841.18 |       887.10 |                  7.66 |                    5.00 |     73 |    12.3919 |
|        1 |        129 |           887.10 |       841.18 |       844.12 |                 12.43 |                    5.00 |     73 |    12.5339 |
|        1 |        130 |           887.10 |       841.18 |       844.71 |                 10.64 |                    5.00 |     73 |    12.8139 |
|        1 |        131 |           887.10 |       841.18 |       907.37 |                 25.45 |                    5.00 |     73 |    12.9627 |
|        1 |        132 |           887.10 |       841.18 |       916.85 |                 23.15 |                    5.00 |     73 |    13.0509 |
|        1 |        133 |           887.10 |       841.18 |       861.80 |                 44.10 |                    5.00 |     73 |    13.1498 |
|        1 |        134 |           887.10 |       841.18 |       861.80 |                 20.14 |                    5.00 |     73 |    13.2208 |
|        1 |        135 |           887.10 |       841.18 |       887.10 |                 11.01 |                    5.00 |     73 |    13.2951 |
|        1 |        136 |           887.10 |       841.18 |       860.06 |                 24.53 |                    5.00 |     73 |    13.4505 |
|        1 |        137 |           887.10 |       841.18 |       858.43 |                 15.43 |                    5.41 |     73 |    13.5094 |
|        1 |        138 |           887.10 |       841.18 |       849.15 |                 20.97 |                    5.00 |     73 |    13.5732 |
|        1 |        139 |           887.10 |       841.18 |       854.37 |                 18.52 |                    5.00 |     73 |    13.6483 |
|        1 |        140 |           887.10 |       841.18 |       854.27 |                 33.32 |                    5.00 |     73 |    13.7105 |
|        1 |        141 |           887.10 |       841.18 |       909.56 |                 20.70 |                    5.00 |     73 |    13.8223 |
|        1 |        142 |           887.10 |       841.18 |       923.43 |                 31.72 |                    5.00 |     74 |    13.8910 |
|        1 |        143 |           887.10 |       841.18 |       917.10 |                 13.63 |                    5.00 |     74 |    13.9749 |
|        1 |        144 |           887.10 |       841.18 |       917.20 |                  7.92 |                    5.00 |     74 |    14.0262 |
|        1 |        145 |           887.10 |       841.18 |       917.20 |                  5.00 |                    5.00 |     74 |    14.1009 |
|        1 |        146 |           887.10 |       841.18 |       917.20 |                  5.40 |                    5.00 |     74 |    14.1653 |
|        1 |        147 |           887.10 |       841.18 |       873.38 |                  5.00 |                    5.00 |     74 |    14.3335 |
|        1 |        148 |           887.10 |       841.18 |       877.42 |                 11.64 |                    5.00 |     74 |    14.4241 |
|        1 |        149 |           887.10 |       841.18 |       887.25 |                 16.59 |                    5.00 |     75 |    14.5366 |
|        1 |        150 |           887.10 |       841.18 |       885.46 |                 19.00 |                    5.26 |     75 |    14.6076 |
|        1 |        151 |           887.10 |       841.18 |       888.39 |                 18.94 |                    5.00 |     77 |    14.6646 |
|        1 |        152 |           887.10 |       841.18 |       889.22 |                 12.77 |                    5.00 |     77 |    14.7425 |
|        1 |        153 |           887.10 |       841.18 |       896.55 |                 31.27 |                    5.00 |     77 |    14.8263 |
|        1 |        154 |           887.10 |       841.18 |       866.09 |                 31.62 |                    5.00 |     77 |    14.9922 |
|        1 |        155 |           887.10 |       841.18 |       857.80 |                 24.47 |                    5.36 |     78 |    15.1036 |
|        1 |        156 |           887.10 |       841.18 |       887.80 |                 12.23 |                    5.00 |     78 |    15.1704 |
|        1 |        157 |           887.10 |       841.18 |       844.64 |                  5.79 |                    5.00 |     78 |    15.3023 |
|        1 |        158 |           887.10 |       841.18 |       872.93 |                 11.86 |                    5.00 |     78 |    15.3758 |
|        1 |        159 |           887.10 |       841.18 |       890.97 |                 25.26 |                    5.00 |     78 |    15.4612 |
|        1 |        160 |           887.10 |       841.18 |       857.44 |                 18.07 |                    5.26 |     78 |    15.7498 |
|        1 |        161 |           887.10 |       841.18 |       866.62 |                 35.19 |                    5.00 |     78 |    15.8167 |
|        1 |        162 |           887.10 |       841.18 |       883.90 |                 49.80 |                    5.00 |     78 |    15.8721 |
|        1 |        163 |           887.10 |       841.18 |       893.60 |                 25.39 |                    5.00 |     81 |    15.9371 |
|        1 |        164 |           887.10 |       841.18 |       861.80 |                 17.82 |                    5.26 |     81 |    16.0134 |
|        1 |        165 |           887.10 |       841.18 |       894.60 |                 10.25 |                    5.00 |     81 |    16.0706 |
|        1 |        166 |           887.10 |       841.18 |       921.90 |                 15.88 |                    5.00 |     81 |    16.1124 |
|        1 |        167 |           887.10 |       841.18 |       894.60 |                 11.15 |                    5.00 |     81 |    16.1846 |
|        1 |        168 |           887.10 |       841.18 |       894.90 |                  6.09 |                    5.00 |     83 |    16.2472 |
|        1 |        169 |           887.10 |       841.18 |       894.90 |                  5.86 |                    5.00 |     83 |    16.3168 |
|        1 |        170 |           887.10 |       841.18 |       866.70 |                  5.00 |                    5.00 |     84 |    16.3932 |
|        1 |        171 |           887.10 |       841.18 |       866.70 |                  5.00 |                    5.30 |     84 |    16.4296 |
|        1 |        172 |           887.10 |       841.18 |       879.60 |                 12.24 |                    5.00 |     86 |    16.5078 |
|        1 |        173 |           887.10 |       841.18 |       923.28 |                 21.35 |                    5.00 |     89 |    16.5869 |
|        1 |        174 |           887.10 |       841.18 |       897.94 |                 23.94 |                    5.00 |     90 |    16.6999 |
|        1 |        175 |           887.10 |       841.18 |       863.26 |                 20.33 |                    5.00 |     90 |    16.7634 |
|        1 |        176 |           887.10 |       841.18 |       859.39 |                 28.45 |                    5.26 |     90 |    16.8303 |
|        1 |        177 |           887.10 |       841.18 |       867.80 |                 17.36 |                    5.00 |     90 |    16.9165 |
|        1 |        178 |           887.10 |       841.18 |       886.86 |                 11.82 |                    5.00 |     91 |    16.9941 |
|        1 |        179 |           887.10 |       841.18 |       872.30 |                 23.72 |                    5.00 |     91 |    17.0633 |
|        1 |        180 |           887.10 |       841.18 |       887.80 |                  9.04 |                    5.00 |     92 |    17.1602 |
|        1 |        181 |           887.10 |       841.18 |       887.80 |                  9.01 |                    5.00 |     92 |    17.2107 |
|        1 |        182 |           887.10 |       841.18 |       887.80 |                  8.31 |                    5.00 |     92 |    17.3963 |
|        1 |        183 |           887.10 |       841.18 |       887.80 |                  9.52 |                    5.00 |     92 |    17.4729 |
|        1 |        184 |           887.10 |       841.18 |       887.80 |                 15.80 |                    5.00 |     92 |    17.5391 |
|        1 |        185 |           887.10 |       841.18 |       869.17 |                 20.56 |                    5.00 |     92 |    17.6754 |
|        1 |        186 |           887.10 |       841.18 |       897.60 |                 14.41 |                    5.00 |     92 |    17.7766 |
|        1 |        187 |           887.10 |       841.18 |       896.90 |                  7.57 |                    5.00 |     92 |    17.8384 |
|        1 |        188 |           887.10 |       841.18 |       843.71 |                  5.00 |                    5.00 |     92 |    17.9820 |
|        1 |        189 |           887.10 |       841.18 |       842.45 |                  8.29 |                    5.00 |     92 |    18.0624 |
|        1 |        190 |           887.10 |       841.18 |       851.40 |                  9.37 |                    5.00 |     93 |    18.2042 |
|        1 |        191 |           887.10 |       841.18 |       865.61 |                 17.03 |                    5.00 |     93 |    18.2639 |
|        1 |        192 |           887.10 |       841.18 |       859.02 |                 14.00 |                    5.00 |     93 |    18.3764 |
|        1 |        193 |           887.10 |       841.18 |       851.61 |                 21.62 |                    5.00 |     93 |    18.4673 |
|        1 |        194 |           887.10 |       841.18 |       858.36 |                 30.88 |                    5.00 |     93 |    18.5297 |
|        1 |        195 |           887.10 |       841.18 |       868.44 |                 30.17 |                    5.00 |     93 |    18.5955 |
|        1 |        196 |           887.10 |       841.18 |       868.01 |                 35.65 |                    5.00 |     93 |    18.6537 |
|        1 |        197 |           887.10 |       841.18 |       873.03 |                 21.12 |                    5.00 |     93 |    18.7255 |
|        1 |        198 |           887.10 |       841.18 |       858.28 |                 14.84 |                    5.00 |     93 |    18.7841 |
|        1 |        199 |           887.10 |       841.18 |       851.90 |                 12.00 |                    5.00 |     93 |    18.8436 |
|        1 |        200 |           887.10 |       841.18 |       849.69 |                 10.39 |                    5.00 |     93 |    18.9213 |
|        1 |        201 |           887.10 |       841.18 |       847.22 |                 20.04 |                    5.00 |     93 |    18.9875 |
|        1 |        202 |           887.10 |       841.18 |       858.88 |                 36.03 |                    5.00 |     93 |    19.0551 |
|        1 |        203 |           887.10 |       841.18 |       872.33 |                 25.04 |                    5.00 |     93 |    19.1241 |
|        1 |        204 |           887.10 |       841.18 |       859.70 |                 17.93 |                    5.00 |     93 |    19.2078 |
|        1 |        205 |           887.10 |       841.18 |       880.50 |                  9.04 |                    5.00 |     93 |    19.2929 |
|        1 |        206 |           887.10 |       841.18 |       855.39 |                 16.69 |                    5.00 |     93 |    19.4351 |
|        1 |        207 |           887.10 |       841.18 |       881.67 |                 17.65 |                    5.00 |     93 |    19.5224 |
|        1 |        208 |           887.10 |       841.18 |       887.10 |                 13.42 |                    5.00 |     93 |    19.6159 |
|        1 |        209 |           887.10 |       841.18 |       850.40 |                  6.56 |                    5.26 |     93 |    19.7164 |
|        1 |        210 |           887.10 |       839.39 |       839.39 |                  7.75 |                    5.41 |     93 |    19.7822 |
|        1 |        211 |           887.10 |       839.39 |       841.88 |                 16.03 |                    5.00 |     93 |    19.8511 |
|        1 |        212 |           887.10 |       839.39 |       850.08 |                 14.88 |                    5.00 |     93 |    19.9276 |
------------------------------------------------------------------------------------------------------------------------------------------------
|  Restart |  Iteration |  Best Feas. Cost |    Best Cost |   Curr. Cost |   Penalty Custom Res. |   Penalty Standard Res. |   Pool |   Time (s) |
------------------------------------------------------------------------------------------------------------------------------------------------
|        1 |        213 |           887.10 |       839.39 |       849.36 |                 35.02 |                    5.00 |     93 |    20.0197 |
|        1 |        214 |           887.10 |       839.39 |       922.90 |                 18.96 |                    5.00 |     95 |    20.0931 |
|        1 |        215 |           887.10 |       839.39 |       887.10 |                  7.86 |                    5.00 |     95 |    20.2954 |
|        1 |        216 |           887.10 |       839.39 |       887.10 |                  5.00 |                    5.00 |     95 |    20.3742 |
|        1 |        217 |           887.10 |       839.39 |       843.54 |                 10.13 |                    5.00 |     95 |    20.4591 |
|        1 |        218 |           887.10 |       839.39 |       843.54 |                 17.52 |                    5.00 |     95 |    20.5115 |
|        1 |        219 |           887.10 |       839.39 |       866.59 |                 23.56 |                    5.00 |     95 |    20.5787 |
|        1 |        220 |           887.10 |       839.39 |       850.40 |                 15.87 |                    5.00 |     95 |    20.6855 |
|        1 |        221 |           887.10 |       839.39 |       865.70 |                  9.68 |                    5.58 |     97 |    20.7628 |
|        1 |        222 |           887.10 |       839.39 |       866.90 |                  6.03 |                    5.96 |     98 |    20.8434 |
|        1 |        223 |           887.10 |       839.39 |       903.10 |                  8.53 |                    5.00 |    100 |    20.9114 |
|        1 |        224 |           887.10 |       839.39 |       887.10 |                  5.00 |                    5.00 |    100 |    20.9940 |
|        1 |        225 |           887.10 |       839.39 |       843.54 |                  9.93 |                    5.00 |    100 |    21.1135 |
|        1 |        226 |           887.10 |       839.39 |       859.57 |                 25.82 |                    5.00 |    100 |    21.2109 |
|        1 |        227 |           887.10 |       839.39 |       865.80 |                 13.92 |                    5.47 |    100 |    21.3947 |
|        1 |        228 |           887.10 |       839.39 |       876.50 |                  8.80 |                    5.00 |    100 |    21.6059 |
|        1 |        229 |           887.10 |       839.39 |       867.06 |                 10.71 |                    5.00 |    101 |    21.6926 |
|        1 |        230 |           887.10 |       839.39 |       869.63 |                 19.85 |                    5.00 |    102 |    21.7894 |
|        1 |        231 |           887.10 |       839.39 |       873.97 |                 28.89 |                    5.00 |    102 |    21.9057 |
|        1 |        232 |           887.10 |       839.39 |       874.00 |                 13.44 |                    5.00 |    104 |    22.0280 |
|        1 |        233 |           887.10 |       839.39 |       866.10 |                 18.63 |                    5.14 |    105 |    22.1038 |
|        1 |        234 |           887.10 |       839.39 |       857.80 |                 11.69 |                    5.26 |    105 |    22.2457 |
|        1 |        235 |           887.10 |       839.39 |       847.66 |                 14.51 |                    5.00 |    105 |    22.3471 |
|        1 |        236 |           887.10 |       839.39 |       851.71 |                 17.85 |                    5.00 |    105 |    22.4065 |
|        1 |        237 |           887.10 |       839.39 |       886.63 |                 26.00 |                    5.26 |    105 |    22.4958 |
|        1 |        238 |           887.10 |       839.39 |       895.00 |                 12.60 |                    5.00 |    106 |    22.5794 |
|        1 |        239 |           887.10 |       839.39 |       896.20 |                  5.36 |                    6.04 |    106 |    22.6548 |
|        1 |        240 |           887.10 |       839.39 |       871.60 |                  8.90 |                    5.00 |    106 |    22.7440 |
|        1 |        241 |           887.10 |       839.39 |       889.67 |                  6.89 |                    5.00 |    106 |    22.8789 |
|        1 |        242 |           887.10 |       839.39 |       878.89 |                 12.76 |                    5.00 |    106 |    22.9486 |
|        1 |        243 |           887.10 |       839.39 |       891.11 |                 16.49 |                    5.26 |    106 |    23.0098 |
|        1 |        244 |           887.10 |       839.39 |       892.21 |                 19.65 |                    5.00 |    109 |    23.1071 |
|        1 |        245 |           887.10 |       839.39 |       872.64 |                 13.66 |                    5.00 |    109 |    23.1923 |
|        1 |        246 |           887.10 |       839.39 |       894.69 |                 29.09 |                    5.00 |    109 |    23.2677 |
|        1 |        247 |           887.10 |       839.39 |       909.28 |                 23.04 |                    5.00 |    109 |    23.3292 |
|        1 |        248 |           887.10 |       839.39 |       890.20 |                 13.24 |                    5.00 |    112 |    23.4227 |
|        1 |        249 |           887.10 |       839.39 |       890.20 |                  8.85 |                    5.00 |    112 |    23.4959 |
|        1 |        250 |           887.10 |       839.39 |       846.47 |                  5.00 |                    5.00 |    112 |    23.6510 |
|        1 |        251 |           887.10 |       839.39 |       844.05 |                 11.53 |                    5.00 |    112 |    23.7395 |
|        1 |        252 |           887.10 |       839.39 |       856.85 |                 14.72 |                    5.00 |    112 |    23.8606 |
|        1 |        253 |           887.10 |       839.39 |       865.61 |                 16.37 |                    5.26 |    112 |    23.9437 |
|        1 |        254 |           887.10 |       839.39 |       865.73 |                 27.44 |                    5.00 |    112 |    24.0109 |
|        1 |        255 |           887.10 |       839.39 |       884.99 |                 20.22 |                    5.00 |    112 |    24.1231 |
|        1 |        256 |           887.10 |       839.39 |       868.22 |                 30.07 |                    5.26 |    112 |    24.1828 |
|        1 |        257 |           887.10 |       839.39 |       915.98 |                 24.53 |                    5.00 |    113 |    24.2510 |
|        1 |        258 |           887.10 |       839.39 |       888.10 |                 16.69 |                    5.00 |    113 |    24.3566 |
|        1 |        259 |           887.10 |       839.39 |       888.10 |                 12.57 |                    5.00 |    113 |    24.4216 |
|        1 |        260 |           887.10 |       839.39 |       849.62 |                  6.98 |                    5.00 |    113 |    24.5658 |
|        1 |        261 |           887.10 |       839.39 |       849.10 |                 10.17 |                    5.30 |    113 |    24.6344 |
|        1 |        262 |           887.10 |       839.39 |       871.79 |                 28.35 |                    5.00 |    113 |    24.7395 |
|        1 |        263 |           887.10 |       839.39 |       897.60 |                 42.14 |                    5.00 |    113 |    24.8107 |
|        1 |        264 |           887.10 |       839.39 |       887.10 |                 21.44 |                    5.36 |    113 |    24.9173 |
|        1 |        265 |           887.10 |       839.39 |       887.10 |                  8.94 |                    5.00 |    113 |    24.9978 |
|        1 |        266 |           887.10 |       839.39 |       887.10 |                  5.63 |                    5.00 |    113 |    25.0498 |
|        1 |        267 |           887.10 |       839.39 |       841.18 |                  8.12 |                    5.26 |    113 |    25.1205 |
|        1 |        268 |           887.10 |       839.39 |       871.70 |                  6.16 |                    5.00 |    113 |    25.2100 |
|        1 |        269 |           887.10 |       839.39 |       840.84 |                  6.65 |                    5.40 |    113 |    25.2723 |
|        1 |        270 |           887.10 |       839.39 |       853.81 |                 13.08 |                    5.00 |    114 |    25.3420 |
|        1 |        271 |           887.10 |       839.39 |       894.76 |                 27.84 |                    5.26 |    116 |    25.4311 |
|        1 |        272 |           887.10 |       839.39 |       892.30 |                 33.18 |                    5.00 |    119 |    25.5228 |
|        1 |        273 |           887.10 |       839.39 |       873.00 |                 31.73 |                    5.00 |    120 |    25.6090 |
|        1 |        274 |           887.10 |       839.39 |       887.80 |                 13.10 |                    5.00 |    120 |    25.6984 |
|        1 |        275 |           887.10 |       839.39 |       887.10 |                  7.69 |                    5.00 |    120 |    25.7493 |
|        1 |        276 |           887.10 |       839.39 |       840.21 |                 10.86 |                    5.00 |    120 |    25.8818 |
|        1 |        277 |           887.10 |       839.39 |       867.25 |                 12.10 |                    5.00 |    120 |    25.9328 |
|        1 |        278 |           887.10 |       839.39 |       850.71 |                 26.28 |                    5.00 |    120 |    26.0231 |
|        1 |        279 |           887.10 |       839.39 |       861.86 |                 18.80 |                    5.00 |    120 |    26.1155 |
|        1 |        280 |           887.10 |       839.39 |       852.20 |                 32.83 |                    5.00 |    120 |    26.1733 |
|        1 |        281 |           887.10 |       839.39 |       869.25 |                 22.60 |                    5.00 |    120 |    26.2397 |
|        1 |        282 |           887.10 |       839.39 |       896.30 |                 20.97 |                    5.00 |    121 |    26.3325 |
|        1 |        283 |           887.10 |       839.39 |       884.90 |                 22.87 |                    5.00 |    121 |    26.4106 |
|        1 |        284 |           887.10 |       839.39 |       886.37 |                 12.25 |                    5.00 |    121 |    26.5321 |
|        1 |        285 |           887.10 |       839.39 |       876.50 |                 10.93 |                    5.00 |    121 |    26.6288 |
|        1 |        286 |           887.10 |       839.39 |       876.45 |                 13.57 |                    5.26 |    121 |    26.7517 |
|        1 |        287 |           887.10 |       839.39 |       877.07 |                 12.74 |                    5.00 |    121 |    26.8345 |
|        1 |        288 |           887.10 |       839.39 |       917.20 |                  8.14 |                    5.00 |    121 |    27.0456 |
|        1 |        289 |           887.10 |       839.39 |       884.10 |                  7.13 |                    5.00 |    121 |    27.1151 |
|        1 |        290 |           887.10 |       839.39 |       878.99 |                 12.07 |                    5.00 |    121 |    27.1779 |
|        1 |        291 |           887.10 |       839.39 |       891.57 |                 15.76 |                    5.00 |    121 |    27.2447 |
|        1 |        292 |           887.10 |       839.39 |       893.86 |                 17.72 |                    5.00 |    121 |    27.3135 |
|        1 |        293 |           887.10 |       839.39 |       908.08 |                  7.76 |                    5.00 |    121 |    27.4280 |
|        1 |        294 |           887.10 |       839.39 |       914.40 |                 13.54 |                    5.26 |    123 |    27.4951 |
|        1 |        295 |           887.10 |       839.39 |       887.10 |                  9.76 |                    5.00 |    123 |    27.6441 |
|        1 |        296 |           887.10 |       839.39 |       887.10 |                 11.88 |                    5.00 |    123 |    27.7061 |
|        1 |        297 |           887.10 |       839.39 |       887.10 |                  7.84 |                    5.41 |    123 |    27.8112 |
|        1 |        298 |           887.10 |       839.39 |       876.24 |                  5.00 |                    5.00 |    123 |    27.9330 |
|        1 |        299 |           887.10 |       839.39 |       845.32 |                 11.08 |                    5.00 |    124 |    28.0089 |
|        1 |        300 |           887.10 |       839.39 |       846.01 |                 22.24 |                    5.00 |    124 |    28.0844 |
|        1 |        301 |           887.10 |       839.39 |       856.77 |                 31.12 |                    5.00 |    124 |    28.1596 |
|        1 |        302 |           887.10 |       839.39 |       870.62 |                 25.60 |                    5.00 |    124 |    28.2478 |
|        1 |        303 |           887.10 |       839.39 |       894.95 |                 19.47 |                    5.00 |    124 |    28.3251 |
|        1 |        304 |           887.10 |       839.39 |       885.86 |                 20.18 |                    5.00 |    124 |    28.3960 |
|        1 |        305 |           887.10 |       839.39 |       887.20 |                 18.20 |                    5.00 |    124 |    28.4616 |
|        1 |        306 |           887.10 |       839.39 |       884.58 |                 39.54 |                    5.00 |    124 |    28.5327 |
|        1 |        307 |           887.10 |       839.39 |       920.90 |                 27.74 |                    5.00 |    124 |    28.6135 |
|        1 |        308 |           887.10 |       839.39 |       920.90 |                 14.88 |                    5.00 |    124 |    28.6729 |
|        1 |        309 |           887.10 |       839.39 |       919.90 |                  7.81 |                    5.00 |    124 |    28.7585 |
|        1 |        310 |           887.10 |       839.39 |       919.90 |                  7.11 |                    5.00 |    124 |    28.8265 |
|        1 |        311 |           887.10 |       839.39 |       919.90 |                  6.04 |                    5.00 |    124 |    28.8917 |
|        1 |        312 |           887.10 |       839.39 |       872.68 |                 11.88 |                    5.00 |    124 |    29.0098 |
|        1 |        313 |           887.10 |       839.39 |       888.24 |                 22.46 |                    5.00 |    124 |    29.0689 |
|        1 |        314 |           887.10 |       839.39 |       932.37 |                 29.02 |                    5.41 |    124 |    29.1399 |
|        1 |        315 |           887.10 |       839.39 |       930.60 |                 23.37 |                    5.00 |    126 |    29.2661 |
|        1 |        316 |           887.10 |       839.39 |       930.60 |                 12.66 |                    5.00 |    126 |    29.3225 |
|        1 |        317 |           887.10 |       839.39 |       899.40 |                 16.97 |                    5.00 |    126 |    29.4538 |
|        1 |        318 |           887.10 |       839.39 |       906.04 |                 29.04 |                    5.00 |    126 |    29.5077 |
|        1 |        319 |           887.10 |       839.39 |       896.90 |                 23.40 |                    5.52 |    126 |    29.6301 |
|        1 |        320 |           887.10 |       839.39 |       887.10 |                 19.84 |                    5.00 |    126 |    29.7184 |
|        1 |        321 |           887.10 |       839.39 |       863.98 |                 10.78 |                    5.00 |    126 |    29.8892 |
|        1 |        322 |           887.10 |       839.39 |       884.73 |                 33.52 |                    5.00 |    126 |    30.0019 |
|        1 |        323 |           887.10 |       839.39 |       862.60 |                 14.83 |                    5.00 |    126 |    30.0979 |
|        1 |        324 |           887.10 |       839.39 |       894.90 |                  5.00 |                    5.00 |    126 |    30.2007 |
|        1 |        325 |           887.10 |       839.39 |       843.78 |                 11.31 |                    5.00 |    126 |    30.3260 |
|        1 |        326 |           887.10 |       839.39 |       860.40 |                 18.23 |                    5.00 |    126 |    30.3731 |
|        1 |        327 |           887.10 |       839.39 |       868.94 |                 27.10 |                    5.00 |    126 |    30.4394 |
|        1 |        328 |           887.10 |       839.39 |       895.90 |                 11.53 |                    5.00 |    128 |    30.5240 |
|        1 |        329 |           887.10 |       839.39 |       900.30 |                  9.05 |                    5.00 |    130 |    30.5747 |
|        1 |        330 |           887.10 |       839.39 |       911.62 |                 15.79 |                    5.00 |    130 |    30.6382 |
|        1 |        331 |           887.10 |       839.39 |       887.10 |                  9.51 |                    5.00 |    130 |    30.7787 |
|        1 |        332 |           887.10 |       839.39 |       917.20 |                  5.00 |                    5.00 |    130 |    30.8503 |
|        1 |        333 |           887.10 |       839.39 |       917.20 |                  5.47 |                    5.00 |    130 |    30.8960 |
|        1 |        334 |           887.10 |       839.39 |       873.01 |                  9.08 |                    5.14 |    130 |    30.9609 |
|        1 |        335 |           887.10 |       839.39 |       868.28 |                 15.82 |                    5.00 |    130 |    31.0555 |
|        1 |        336 |           887.10 |       839.39 |       864.11 |                 29.58 |                    5.00 |    130 |    31.1413 |
|        1 |        337 |           887.10 |       839.39 |       878.90 |                 23.88 |                    5.26 |    130 |    31.2098 |
|        1 |        338 |           887.10 |       839.39 |       861.80 |                 20.66 |                    5.00 |    130 |    31.2938 |
|        1 |        339 |           887.10 |       839.39 |       861.80 |                 20.19 |                    5.00 |    130 |    31.3537 |
|        1 |        340 |           887.10 |       839.39 |       871.90 |                 10.50 |                    5.47 |    132 |    31.4209 |
|        1 |        341 |           887.10 |       839.39 |       852.18 |                  9.57 |                    6.21 |    132 |    31.4712 |
|        1 |        342 |           887.10 |       839.39 |       888.51 |                 18.08 |                    5.00 |    133 |    31.5355 |
|        1 |        343 |           887.10 |       839.39 |       887.10 |                  8.85 |                    5.00 |    133 |    31.6211 |
|        1 |        344 |           887.10 |       839.39 |       897.86 |                 14.70 |                    5.00 |    133 |    31.6714 |
|        1 |        345 |           887.10 |       839.39 |       903.80 |                 10.75 |                    5.00 |    133 |    31.7316 |
|        1 |        346 |           887.10 |       839.39 |       887.10 |                  9.09 |                    5.00 |    133 |    31.8830 |
|        1 |        347 |           887.10 |       839.39 |       887.10 |                  5.67 |                    5.00 |    133 |    31.9368 |
|        1 |        348 |           887.10 |       839.39 |       890.30 |                  6.87 |                    5.00 |    135 |    31.9996 |
|        1 |        349 |           887.10 |       839.39 |       911.57 |                 10.23 |                    5.00 |    135 |    32.0598 |
|        1 |        350 |           887.10 |       839.39 |       890.39 |                 18.18 |                    5.00 |    135 |    32.1677 |
|        1 |        351 |           887.10 |       839.39 |       887.10 |                  9.56 |                    5.00 |    135 |    32.2442 |
|        1 |        352 |           887.10 |       839.39 |       858.99 |                 15.49 |                    5.00 |    135 |    32.4285 |
|        1 |        353 |           887.10 |       839.39 |       873.48 |                 23.66 |                    5.00 |    135 |    32.6046 |
|        1 |        354 |           887.10 |       839.39 |       891.06 |                 19.81 |                    5.00 |    135 |    32.7959 |
|        1 |        355 |           887.10 |       839.39 |       884.40 |                 12.09 |                    5.00 |    136 |    32.9035 |
|        1 |        356 |           887.10 |       839.39 |       843.58 |                 15.00 |                    5.00 |    136 |    33.0139 |
|        1 |        357 |           887.10 |       839.39 |       850.30 |                 22.51 |                    5.00 |    136 |    33.1150 |
|        1 |        358 |           887.10 |       839.39 |       887.80 |                 13.02 |                    5.00 |    136 |    33.3188 |
|        1 |        359 |           887.10 |       839.39 |       887.80 |                  5.65 |                    5.00 |    136 |    33.4208 |
|        1 |        360 |           887.10 |       839.39 |       887.10 |                  6.35 |                    5.00 |    136 |    33.5399 |
|        1 |        361 |           887.10 |       839.39 |       892.57 |                 15.09 |                    5.00 |    136 |    33.7241 |
|        1 |        362 |           887.10 |       839.39 |       915.07 |                 14.15 |                    5.00 |    136 |    33.8089 |
|        1 |        363 |           887.10 |       839.39 |       910.82 |                 27.30 |                    5.00 |    136 |    33.8813 |
|        1 |        364 |           887.10 |       839.39 |       891.30 |                 10.08 |                    5.00 |    138 |    34.0098 |
|        1 |        365 |           887.10 |       839.39 |       891.30 |                  5.57 |                    5.00 |    138 |    34.0912 |
|        1 |        366 |           887.10 |       838.66 |       838.66 |                  5.00 |                    5.00 |    138 |    34.2485 |
|        1 |        367 |           887.10 |       838.66 |       841.71 |                 13.39 |                    5.00 |    138 |    34.3790 |
|        1 |        368 |           887.10 |       838.66 |       847.05 |                 16.96 |                    5.00 |    138 |    34.4640 |
|        1 |        369 |           887.10 |       838.66 |       851.59 |                 29.32 |                    5.00 |    138 |    34.5312 |
|        1 |        370 |           887.10 |       838.66 |       896.11 |                 46.77 |                    5.00 |    138 |    34.6036 |
|        1 |        371 |           887.10 |       838.66 |       896.11 |                 33.56 |                    5.00 |    138 |    34.6522 |
|        1 |        372 |           887.10 |       838.66 |       903.27 |                 25.52 |                    5.00 |    138 |    34.7374 |
|        1 |        373 |           887.10 |       838.66 |       893.02 |                 15.90 |                    5.00 |    138 |    34.8166 |
|        1 |        374 |           887.10 |       838.66 |       882.10 |                 15.69 |                    5.00 |    138 |    34.8904 |
|        1 |        375 |           887.10 |       838.66 |       902.34 |                 29.96 |                    5.00 |    140 |    34.9632 |
|        1 |        376 |           887.10 |       838.66 |       898.80 |                 21.89 |                    5.00 |    141 |    35.0689 |
|        1 |        377 |           887.10 |       838.66 |       884.00 |                 14.00 |                    5.00 |    141 |    35.2089 |
|        1 |        378 |           887.10 |       838.66 |       900.00 |                 12.99 |                    5.00 |    143 |    35.3227 |
|        1 |        379 |           887.10 |       838.66 |       891.47 |                 17.79 |                    5.00 |    143 |    35.4967 |
|        1 |        380 |           887.10 |       838.66 |       900.69 |                 12.96 |                    5.00 |    143 |    35.6260 |
|        1 |        381 |           887.10 |       838.66 |       898.69 |                 21.49 |                    5.47 |    144 |    35.7207 |
|        1 |        382 |           887.10 |       838.66 |       883.20 |                 16.67 |                    5.26 |    144 |    35.7971 |
|        1 |        383 |           887.10 |       838.66 |       915.00 |                  8.42 |                    5.00 |    145 |    35.8808 |
|        1 |        384 |           887.10 |       838.66 |       879.73 |                 10.44 |                    5.31 |    145 |    35.9690 |
|        1 |        385 |           887.10 |       838.66 |       882.94 |                 17.11 |                    5.00 |    145 |    36.0889 |
|        1 |        386 |           887.10 |       838.66 |       881.33 |                 25.63 |                    5.00 |    145 |    36.2093 |
|        1 |        387 |           887.10 |       838.66 |       893.95 |                 34.85 |                    5.00 |    145 |    36.2709 |
|        1 |        388 |           887.10 |       838.66 |       904.32 |                 22.35 |                    5.00 |    145 |    36.3631 |
|        1 |        389 |           887.10 |       838.66 |       889.46 |                 15.71 |                    5.00 |    145 |    36.4193 |
|        1 |        390 |           887.10 |       838.66 |       882.55 |                 26.89 |                    5.00 |    145 |    36.4742 |
|        1 |        391 |           887.10 |       838.66 |       920.90 |                  9.17 |                    5.00 |    145 |    36.5885 |
|        1 |        392 |           887.10 |       838.66 |       887.10 |                  5.80 |                    5.00 |    145 |    36.6969 |
|        1 |        393 |           887.10 |       838.66 |       840.84 |                 11.64 |                    5.00 |    145 |    36.8170 |
|        1 |        394 |           887.10 |       838.66 |       845.04 |                 24.54 |                    5.00 |    145 |    36.9040 |
|        1 |        395 |           887.10 |       838.66 |       861.61 |                 21.91 |                    5.00 |    145 |    36.9741 |
|        1 |        396 |           887.10 |       838.66 |       878.63 |                 14.35 |                    5.00 |    145 |    37.0568 |
|        1 |        397 |           887.10 |       838.66 |       865.88 |                 30.87 |                    5.00 |    145 |    37.1510 |
|        1 |        398 |           887.10 |       838.66 |       867.50 |                 20.01 |                    5.00 |    145 |    37.2285 |
|        1 |        399 |           887.10 |       838.66 |       856.17 |                 37.44 |                    5.00 |    145 |    37.3094 |
|        1 |        400 |           887.10 |       838.66 |       893.80 |                 20.88 |                    5.00 |    145 |    37.3908 |
|        1 |        401 |           887.10 |       838.66 |       925.00 |                  7.49 |                    5.00 |    145 |    37.5000 |
|        1 |        402 |           887.10 |       838.66 |       925.00 |                  5.00 |                    5.00 |    145 |    37.5588 |
|        1 |        403 |           887.10 |       838.66 |       900.00 |                  7.23 |                    5.00 |    147 |    37.6229 |
|        1 |        404 |           887.10 |       838.66 |       883.05 |                 18.04 |                    5.00 |    147 |    37.7337 |
|        1 |        405 |           887.10 |       838.66 |       896.14 |                 34.44 |                    5.26 |    147 |    37.8028 |
|        1 |        406 |           887.10 |       838.66 |       926.60 |                 13.52 |                    5.41 |    150 |    37.9134 |
|        1 |        407 |           887.10 |       838.66 |       866.70 |                 13.99 |                    5.00 |    150 |    38.0273 |
|        1 |        408 |           887.10 |       838.66 |       850.40 |                  9.81 |                    5.26 |    150 |    38.1479 |
|        1 |        409 |           887.10 |       838.66 |       846.02 |                 13.56 |                    5.00 |    150 |    38.2829 |
|        1 |        410 |           887.10 |       838.66 |       847.19 |                  8.83 |                    5.00 |    150 |    38.4723 |
|        1 |        411 |           887.10 |       838.66 |       859.96 |                  8.36 |                    5.00 |    150 |    38.5708 |
|        1 |        412 |           887.10 |       838.66 |       855.58 |                 22.16 |                    5.00 |    150 |    38.6893 |
|        1 |        413 |           887.10 |       838.66 |       883.16 |                 11.39 |                    5.00 |    150 |    38.7963 |
|        1 |        414 |           887.10 |       838.66 |       893.68 |                 11.36 |                    5.00 |    150 |    38.8628 |
|        1 |        415 |           887.10 |       838.66 |       892.76 |                 20.82 |                    5.00 |    150 |    38.9464 |
|        1 |        416 |           887.10 |       838.66 |       910.23 |                 10.71 |                    5.00 |    151 |    39.0423 |
|        1 |        417 |           887.10 |       838.66 |       891.10 |                 11.08 |                    5.00 |    151 |    39.1756 |
|        1 |        418 |           887.10 |       838.66 |       894.60 |                  5.42 |                    5.00 |    151 |    39.2889 |
|        1 |        419 |           887.10 |       838.66 |       849.74 |                  9.84 |                    5.00 |    151 |    39.4265 |
|        1 |        420 |           887.10 |       838.66 |       888.05 |                  9.29 |                    5.00 |    151 |    39.5950 |
|        1 |        421 |           887.10 |       838.66 |       893.40 |                 11.20 |                    5.36 |    152 |    39.6655 |
|        1 |        422 |           887.10 |       838.66 |       873.36 |                  9.97 |                    5.00 |    153 |    39.8518 |
|        1 |        423 |           887.10 |       838.66 |       910.57 |                 14.25 |                    5.00 |    155 |    39.9143 |
------------------------------------------------------------------------------------------------------------------------------------------------
|  Restart |  Iteration |  Best Feas. Cost |    Best Cost |   Curr. Cost |   Penalty Custom Res. |   Penalty Standard Res. |   Pool |   Time (s) |
------------------------------------------------------------------------------------------------------------------------------------------------
|        1 |        424 |           887.10 |       838.66 |       861.60 |                 23.75 |                    5.00 |    155 |    40.1786 |
|        1 |        425 |           887.10 |       838.66 |       888.10 |                 13.13 |                    5.00 |    155 |    40.2573 |
|        1 |        426 |           887.10 |       838.66 |       888.10 |                  6.69 |                    5.00 |    155 |    40.3668 |
|        1 |        427 |           887.10 |       838.66 |       887.10 |                  5.58 |                    5.00 |    155 |    40.4639 |
|        1 |        428 |           887.10 |       838.66 |       902.05 |                 10.85 |                    5.26 |    155 |    40.5613 |
|        1 |        429 |           887.10 |       838.66 |       923.10 |                  5.69 |                    5.00 |    155 |    40.7000 |
|        1 |        430 |           887.10 |       838.66 |       919.90 |                  5.00 |                    5.00 |    155 |    40.7720 |
|        1 |        431 |           887.10 |       838.66 |       844.15 |                 10.12 |                    5.00 |    155 |    40.9060 |
|        1 |        432 |           887.10 |       838.66 |       873.75 |                 14.45 |                    5.00 |    155 |    40.9901 |
|        1 |        433 |           887.10 |       838.66 |       877.06 |                 36.09 |                    5.00 |    155 |    41.0912 |
|        1 |        434 |           887.10 |       838.66 |       861.80 |                 40.89 |                    5.00 |    155 |    41.1973 |
|        1 |        435 |           887.10 |       838.66 |       872.60 |                 21.28 |                    5.00 |    156 |    41.2657 |
|        1 |        436 |           887.10 |       838.66 |       862.90 |                 10.85 |                    5.00 |    156 |    41.3353 |
|        1 |        437 |           887.10 |       838.66 |       849.71 |                  8.34 |                    5.26 |    156 |    41.4069 |
|        1 |        438 |           887.10 |       838.66 |       849.06 |                 12.01 |                    5.00 |    156 |    41.4964 |
|        1 |        439 |           887.10 |       838.66 |       906.11 |                 18.69 |                    5.00 |    156 |    41.6768 |
|        1 |        440 |           887.10 |       838.66 |       913.28 |                 23.68 |                    5.00 |    156 |    41.7491 |
|        1 |        441 |           887.10 |       838.66 |       896.80 |                 11.03 |                    5.00 |    156 |    41.8227 |
|        1 |        442 |           887.10 |       838.66 |       889.45 |                  9.53 |                    5.26 |    156 |    41.9503 |
|        1 |        443 |           887.10 |       838.66 |       893.52 |                 18.16 |                    5.26 |    156 |    42.0991 |
|        1 |        444 |           887.10 |       838.66 |       894.60 |                 15.38 |                    5.00 |    156 |    42.2537 |
|        1 |        445 |           887.10 |       838.66 |       919.90 |                  6.03 |                    5.00 |    156 |    42.3994 |
|        1 |        446 |           887.10 |       838.66 |       927.39 |                 10.85 |                    5.00 |    156 |    42.4643 |
|        1 |        447 |           887.10 |       838.66 |       932.60 |                 21.34 |                    5.00 |    156 |    42.5557 |
|        1 |        448 |           887.10 |       838.66 |       890.80 |                 16.80 |                    5.26 |    156 |    42.7563 |
|        1 |        449 |           887.10 |       838.66 |       890.19 |                 11.91 |                    5.00 |    156 |    42.8446 |
|        1 |        450 |           887.10 |       838.66 |       910.35 |                 14.61 |                    5.00 |    156 |    42.9745 |
|        1 |        451 |           887.10 |       838.66 |       930.86 |                 10.68 |                    5.00 |    156 |    43.0561 |
|        1 |        452 |           887.10 |       838.66 |       889.70 |                  5.00 |                    5.00 |    156 |    43.2344 |
|        1 |        453 |           887.10 |       838.66 |       893.80 |                  5.00 |                    5.00 |    156 |    43.3160 |
|        1 |        454 |           887.10 |       838.66 |       848.98 |                 15.86 |                    5.00 |    156 |    43.5046 |
|        1 |        455 |           887.10 |       838.66 |       891.87 |                 14.12 |                    5.00 |    156 |    43.6429 |
|        1 |        456 |           887.10 |       838.66 |       893.09 |                 22.31 |                    5.00 |    156 |    43.6948 |
|        1 |        457 |           887.10 |       838.66 |       883.70 |                 11.60 |                    5.14 |    156 |    43.7721 |
|        1 |        458 |           887.10 |       838.66 |       882.95 |                  8.30 |                    5.00 |    156 |    43.8912 |
|        1 |        459 |           887.10 |       838.66 |       875.92 |                 18.02 |                    5.00 |    156 |    44.0006 |
|        1 |        460 |           887.10 |       838.66 |       918.10 |                  9.86 |                    5.00 |    156 |    44.0698 |
|        1 |        461 |           887.10 |       838.66 |       918.10 |                  5.00 |                    5.00 |    156 |    44.1451 |
|        1 |        462 |           887.10 |       838.66 |       918.20 |                  5.26 |                    5.00 |    156 |    44.1978 |
|        1 |        463 |           887.10 |       838.66 |       874.04 |                 10.76 |                    5.00 |    156 |    44.3261 |
|        1 |        464 |           887.10 |       838.66 |       890.15 |                 22.02 |                    5.00 |    156 |    44.4047 |
|        1 |        465 |           887.10 |       838.66 |       901.88 |                 27.09 |                    5.00 |    156 |    44.4712 |
|        1 |        466 |           887.10 |       838.66 |       920.30 |                 19.40 |                    5.00 |    156 |    44.5673 |
|        1 |        467 |           887.10 |       838.66 |       920.20 |                  6.42 |                    5.26 |    156 |    44.6985 |
|        1 |        468 |           887.10 |       838.66 |       874.81 |                  9.74 |                    5.00 |    156 |    44.8896 |
|        1 |        469 |           887.10 |       838.66 |       859.05 |                 14.12 |                    5.00 |    156 |    45.0761 |
|        1 |        470 |           887.10 |       838.66 |       865.72 |                 24.90 |                    5.00 |    156 |    45.1403 |
|        1 |        471 |           887.10 |       838.66 |       889.02 |                 26.29 |                    5.00 |    156 |    45.2848 |
|        1 |        472 |           887.10 |       838.66 |       894.84 |                 52.72 |                    5.00 |    156 |    45.4102 |
|        1 |        473 |           887.10 |       838.66 |       889.50 |                 25.57 |                    5.00 |    156 |    45.5030 |
|        1 |        474 |           887.10 |       838.66 |       888.10 |                  9.25 |                    5.00 |    156 |    45.6664 |
|        1 |        475 |           887.10 |       838.66 |       844.24 |                 10.39 |                    5.00 |    156 |    45.7553 |
|        1 |        476 |           887.10 |       838.66 |       859.40 |                 11.09 |                    5.00 |    156 |    45.8568 |
|        1 |        477 |           887.10 |       838.66 |       858.23 |                 14.48 |                    5.00 |    157 |    45.9379 |
|        1 |        478 |           887.10 |       838.66 |       864.56 |                 19.28 |                    5.00 |    157 |    46.0277 |
|        1 |        479 |           887.10 |       838.66 |       876.53 |                 16.38 |                    5.00 |    157 |    46.0991 |
|        1 |        480 |           887.10 |       838.66 |       903.86 |                 24.35 |                    5.47 |    157 |    46.1711 |
|        1 |        481 |           887.10 |       838.66 |       906.39 |                 19.10 |                    5.00 |    157 |    46.2365 |
|        1 |        482 |           887.10 |       838.66 |       901.90 |                 41.48 |                    5.26 |    157 |    46.3328 |
|        1 |        483 |           887.10 |       838.66 |       883.20 |                 21.79 |                    5.00 |    157 |    46.4190 |
|        1 |        484 |           887.10 |       838.66 |       915.00 |                 10.46 |                    5.00 |    157 |    46.5069 |
|        1 |        485 |           887.10 |       838.66 |       854.52 |                  6.91 |                    5.00 |    157 |    46.6173 |
|        1 |        486 |           887.10 |       838.66 |       848.02 |                 10.28 |                    5.00 |    157 |    46.6713 |
|        1 |        487 |           887.10 |       838.66 |       892.38 |                 25.69 |                    5.00 |    157 |    46.7940 |
|        1 |        488 |           887.10 |       838.66 |       904.05 |                 22.29 |                    5.00 |    157 |    46.8419 |
|        1 |        489 |           887.10 |       838.66 |       865.70 |                 19.23 |                    5.00 |    157 |    47.0163 |
|        1 |        490 |           887.10 |       838.66 |       861.80 |                  9.42 |                    5.00 |    157 |    47.1076 |
|        1 |        491 |           887.10 |       838.66 |       882.05 |                  8.00 |                    5.26 |    157 |    47.2066 |
|        1 |        492 |           887.10 |       838.66 |       902.70 |                  5.18 |                    5.00 |    157 |    47.3069 |
|        1 |        493 |           887.10 |       838.66 |       870.37 |                  9.04 |                    5.00 |    157 |    47.3766 |
|        1 |        494 |           887.10 |       838.66 |       871.98 |                 14.81 |                    5.00 |    157 |    47.5463 |
|        1 |        495 |           887.10 |       838.66 |       878.61 |                 28.85 |                    5.00 |    157 |    47.6294 |
|        1 |        496 |           887.10 |       838.66 |       893.22 |                 16.92 |                    5.00 |    157 |    47.7140 |
|        1 |        497 |           887.10 |       838.66 |       880.42 |                 23.70 |                    5.00 |    157 |    47.7874 |
|        1 |        498 |           887.10 |       838.66 |       887.44 |                 20.52 |                    5.00 |    157 |    47.8788 |
|        1 |        499 |           887.10 |       838.66 |       884.02 |                 31.48 |                    5.00 |    157 |    47.9308 |
|        1 |        500 |           887.10 |       838.66 |       890.20 |                 17.20 |                    5.00 |    157 |    48.0433 |
------------------------------------------------------------------------------------------------------------------------------------------------
Version identifier: 22.1.2.0 | 2024-11-26 | 0edbb82fd
CPXPARAM_MIP_Tolerances_UpperCutoff              887.19999999999641
Tried aggregator 1 time.
MIP Presolve eliminated 53 rows and 27 columns.
MIP Presolve modified 126 coefficients.
Reduced MIP has 48 rows, 130 columns, and 676 nonzeros.
Reduced MIP has 130 binaries, 0 generals, 0 SOSs, and 0 indicators.
Presolve time = 0.00 sec. (1.02 ticks)
Probing time = 0.00 sec. (0.46 ticks)
Tried aggregator 1 time.
Detecting symmetries...
MIP Presolve eliminated 6 rows and 8 columns.
Reduced MIP has 42 rows, 122 columns, and 587 nonzeros.
Reduced MIP has 122 binaries, 0 generals, 0 SOSs, and 0 indicators.
Presolve time = 0.00 sec. (0.43 ticks)
Probing time = 0.00 sec. (0.40 ticks)
Clique table members: 238.
MIP emphasis: balance optimality and feasibility.
MIP search method: dynamic search.
Parallel mode: deterministic, using up to 8 threads.
Root relaxation solution time = 0.00 sec. (0.21 ticks)

        Nodes                                         Cuts/
   Node  Left     Objective  IInf  Best Integer    Best Bound    ItCnt     Gap

      0     0      843.9000     4                    843.9000       50         
*     0+    0                          855.2000      843.9000             1.32%
*     0+    0                          851.8000      843.9000             0.93%
      0     0        cutoff            851.8000                     50    0.00%
Elapsed time = 0.01 sec. (3.36 ticks, tree = 0.01 MB, solutions = 2)
objective_value(sp) = 851.8
 52.487989 seconds (6.85 M allocations: 340.652 MiB, 0.15% gc time, 9.27% compilation time)
#1: 0 (0.0) {84.0} -> 57 (40.0) {119.0} [35.0, 246.0] -> 55 (50.0) {211.0} [35.0, 287.0] -> 54 (90.0) {306.0} [78.0, 365.0] -> 53 (110.0) {401.3} [193.0, 440.0] -> 56 (140.0) {495.3} [308.0, 513.0] -> 58 (170.0) {587.3} [376.0, 629.0] -> 60 (190.0) {680.3} [463.0, 728.0] -> 59 (200.0) {780.7} [519.0, 872.0] -> 0 (200.0) {905.7} [0.0, 1236.0]
#2: 0 (0.0) {73.0} -> 90 (10.0) {93.6} [20.0, 276.0] -> 87 (30.0) {188.6} [25.0, 260.0] -> 86 (40.0) {279.6} [76.0, 335.0] -> 83 (50.0) {375.6} [154.0, 449.0] -> 82 (70.0) {468.6} [293.0, 496.0] -> 84 (90.0) {564.4} [360.0, 621.0] -> 85 (120.0) {657.2} [470.0, 697.0] -> 88 (150.0) {750.2} [551.0, 802.0] -> 89 (160.0) {843.0} [640.0, 899.0] -> 91 (170.0) {936.6} [756.0, 969.0] -> 0 (170.0) {1048.9} [0.0, 1236.0]
#3: 0 (0.0) {77.0} -> 98 (20.0) {107.8} [30.0, 248.0] -> 96 (30.0) {203.1} [36.0, 283.0] -> 95 (60.0) {295.1} [130.0, 305.0] -> 94 (70.0) {388.7} [209.0, 412.0] -> 92 (90.0) {482.3} [257.0, 552.0] -> 93 (130.0) {574.3} [409.0, 584.0] -> 97 (160.0) {669.3} [470.0, 713.0] -> 100 (180.0) {764.3} [530.0, 843.0] -> 99 (190.0) {859.3} [628.0, 935.0] -> 0 (190.0) {982.8} [0.0, 1236.0]
#4: 0 (0.0) {76.0} -> 13 (30.0) {106.8} [30.0, 280.0] -> 17 (50.0) {200.8} [33.0, 226.0] -> 18 (70.0) {293.8} [68.0, 365.0] -> 19 (80.0) {388.8} [176.0, 447.0] -> 15 (120.0) {483.8} [318.0, 495.0] -> 16 (160.0) {578.8} [394.0, 609.0] -> 14 (170.0) {670.8} [489.0, 698.0] -> 12 (190.0) {763.8} [547.0, 826.0] -> 0 (190.0) {891.8} [0.0, 1236.0]
#5: 0 (0.0) {77.0} -> 20 (10.0) {87.0} [10.0, 265.0] -> 24 (20.0) {182.0} [15.0, 333.0] -> 25 (60.0) {274.0} [88.0, 305.0] -> 27 (70.0) {366.0} [179.0, 398.0] -> 29 (80.0) {459.6} [288.0, 475.0] -> 30 (90.0) {554.6} [368.0, 585.0] -> 28 (110.0) {647.6} [476.0, 663.0] -> 26 (120.0) {739.6} [502.0, 821.0] -> 23 (130.0) {832.6} [664.0, 845.0] -> 22 (150.0) {925.6} [704.0, 991.0] -> 21 (170.0) {1017.6} [836.0, 1043.0] -> 0 (170.0) {1117.7} [0.0, 1236.0]
#6: 0 (0.0) {74.0} -> 5 (10.0) {89.1} [15.0, 226.0] -> 3 (20.0) {180.1} [16.0, 336.0] -> 7 (40.0) {272.1} [87.0, 308.0] -> 8 (60.0) {364.9} [150.0, 429.0] -> 10 (70.0) {458.5} [279.0, 488.0] -> 11 (80.0) {551.5} [363.0, 590.0] -> 9 (90.0) {644.6} [429.0, 710.0] -> 6 (110.0) {736.8} [499.0, 824.0] -> 4 (120.0) {829.0} [643.0, 866.0] -> 2 (150.0) {922.6} [756.0, 939.0] -> 1 (160.0) {1014.6} [830.0, 1049.0] -> 75 (180.0) {1107.6} [847.0, 1130.0] -> 0 (180.0) {1213.4} [0.0, 1236.0]
#7: 0 (0.0) {80.0} -> 67 (10.0) {92.2} [12.0, 275.0] -> 65 (20.0) {183.2} [12.0, 223.0] -> 63 (70.0) {275.2} [100.0, 289.0] -> 62 (90.0) {370.2} [181.0, 398.0] -> 74 (140.0) {463.2} [263.0, 502.0] -> 72 (150.0) {558.2} [367.0, 588.0] -> 61 (160.0) {651.2} [412.0, 729.0] -> 64 (170.0) {743.2} [539.0, 786.0] -> 68 (180.0) {836.2} [669.0, 842.0] -> 66 (190.0) {931.5} [753.0, 948.0] -> 0 (190.0) {1038.0} [0.0, 1236.0]
#8: 0 (0.0) {82.0} -> 81 (30.0) {129.4} [47.0, 356.0] -> 78 (50.0) {222.4} [50.0, 295.0] -> 76 (60.0) {314.4} [119.0, 344.0] -> 71 (80.0) {409.4} [194.0, 459.0] -> 70 (110.0) {504.4} [284.0, 559.0] -> 73 (120.0) {597.4} [370.0, 659.0] -> 77 (130.0) {691.4} [469.0, 748.0] -> 79 (140.0) {782.4} [573.0, 826.0] -> 80 (150.0) {877.7} [694.0, 895.0] -> 69 (160.0) {1008.9} [836.0, 1049.0] -> 47 (170.0) {1113.9} [837.0, 1127.0] -> 0 (170.0) {1221.9} [0.0, 1236.0]
#9: 0 (0.0) {74.0} -> 43 (10.0) {90.5} [16.0, 273.0] -> 42 (30.0) {183.5} [19.0, 345.0] -> 41 (40.0) {275.5} [63.0, 338.0] -> 40 (50.0) {367.5} [180.0, 405.0] -> 44 (60.0) {460.5} [278.0, 493.0] -> 46 (90.0) {553.3} [355.0, 602.0] -> 45 (100.0) {645.3} [453.0, 688.0] -> 48 (110.0) {737.3} [539.0, 786.0] -> 51 (120.0) {830.3} [635.0, 876.0] -> 50 (130.0) {922.5} [719.0, 976.0] -> 52 (140.0) {1015.6} [825.0, 1056.0] -> 49 (150.0) {1108.6} [867.0, 1126.0] -> 0 (150.0) {1217.8} [0.0, 1236.0]
#10: 0 (0.0) {81.0} -> 32 (30.0) {112.6} [31.0, 309.0] -> 31 (50.0) {207.6} [144.0, 293.0] -> 33 (90.0) {302.9} [33.0, 313.0] -> 35 (100.0) {398.7} [191.0, 436.0] -> 37 (120.0) {494.5} [305.0, 512.0] -> 38 (150.0) {586.5} [414.0, 587.0] -> 39 (170.0) {681.5} [481.0, 710.0] -> 36 (180.0) {776.5} [588.0, 793.0] -> 34 (200.0) {869.5} [655.0, 912.0] -> 0 (200.0) {991.8} [0.0, 1236.0]

Dist: 851.8. Cost: 851.8

Root node processing (before b&c):
  Real time             =    0.01 sec. (3.36 ticks)
Parallel b&c, 8 threads:
  Real time             =    0.00 sec. (0.00 ticks)
  Sync time (average)   =    0.00 sec.
  Wait time (average)   =    0.00 sec.
                          ------------
Total (root+branch&cut) =    0.01 sec. (3.36 ticks)
