Solving instance /mnt/c/Users/bruno.mattos/OneDrive - americanas s.a/Documentos/GitHub/GenericILS/TWRD/100/C109_100_015.vrptwrd...
------------------------------------------------------------------------------------------------------------------------------------------------
|  Restart |  Iteration |  Best Feas. Cost |    Best Cost |   Curr. Cost |   Penalty Custom Res. |   Penalty Standard Res. |   Pool |   Time (s) |
------------------------------------------------------------------------------------------------------------------------------------------------
|        1 |          1 |           926.30 |       885.41 |       885.41 |                  5.86 |                    5.00 |     15 |     0.3879 |
|        1 |          2 |           926.30 |       882.26 |       882.26 |                  5.00 |                    5.00 |     15 |     1.0267 |
|        1 |          0 |           863.90 |       863.90 |       863.90 |                  5.00 |                    5.00 |     17 |     1.0941 |
|        1 |          1 |           863.90 |       863.90 |       863.90 |                  5.00 |                    5.00 |     17 |     1.1394 |
|        1 |          2 |           863.90 |       863.90 |       883.00 |                  8.31 |                    5.00 |     18 |     1.1932 |
|        1 |          3 |           863.90 |       863.90 |       915.45 |                 18.59 |                    5.00 |     18 |     1.2823 |
|        1 |          4 |           863.90 |       863.90 |       895.60 |                 11.10 |                    5.00 |     23 |     1.3965 |
|        1 |          5 |           863.90 |       863.90 |       895.60 |                  5.17 |                    5.00 |     23 |     1.4767 |
|        1 |          6 |           863.90 |       863.90 |       893.90 |                  5.00 |                    5.00 |     25 |     1.5793 |
|        1 |          7 |           863.90 |       863.90 |       893.90 |                  5.00 |                    5.00 |     25 |     1.6375 |
|        1 |          8 |           863.90 |       863.90 |       891.50 |                 10.24 |                    7.08 |     25 |     1.7609 |
|        1 |          9 |           863.90 |       863.90 |       891.50 |                  5.71 |                    5.00 |     25 |     1.8311 |
|        1 |         10 |           863.90 |       863.90 |       893.30 |                  7.44 |                    5.00 |     26 |     1.9066 |
|        1 |         11 |           863.90 |       863.90 |       863.90 |                  5.59 |                    5.00 |     26 |     2.0243 |
|        1 |         12 |           863.90 |       863.90 |       863.90 |                  5.00 |                    5.00 |     26 |     2.1164 |
|        1 |         13 |           863.90 |       863.90 |       863.90 |                  5.00 |                    5.00 |     26 |     2.1637 |
|        1 |         14 |           863.90 |       863.90 |       863.90 |                  5.00 |                    5.00 |     26 |     2.2264 |
|        1 |         15 |           863.90 |       863.90 |       863.90 |                  5.00 |                    5.00 |     26 |     2.3261 |
|        1 |         16 |           863.90 |       863.90 |       880.66 |                  6.02 |                    5.00 |     29 |     2.4143 |
|        1 |         17 |           863.90 |       863.90 |       881.61 |                 12.83 |                    5.00 |     29 |     2.4963 |
|        1 |         18 |           863.90 |       863.90 |       872.20 |                  9.63 |                    5.00 |     29 |     2.6339 |
|        1 |         19 |           863.90 |       863.90 |       872.20 |                  6.24 |                    5.00 |     29 |     2.6966 |
|        1 |         20 |           863.90 |       863.90 |       872.20 |                  5.00 |                    5.00 |     29 |     2.7596 |
|        1 |         21 |           863.90 |       863.90 |       872.20 |                  5.00 |                    5.00 |     29 |     2.7992 |
|        1 |         22 |           863.90 |       863.90 |       872.20 |                  6.29 |                    5.00 |     29 |     2.8632 |
|        1 |          0 |           863.80 |       863.80 |       863.80 |                  5.00 |                    5.00 |     29 |     2.9268 |
|        1 |          1 |           863.80 |       863.80 |       863.80 |                  5.00 |                    5.00 |     29 |     2.9822 |
|        1 |          2 |           863.80 |       863.80 |       863.80 |                  6.16 |                    5.00 |     29 |     3.0323 |
|        1 |          3 |           863.80 |       863.80 |       868.30 |                 13.51 |                    5.00 |     30 |     3.1172 |
|        1 |          4 |           863.80 |       863.80 |       875.01 |                 12.32 |                    5.00 |     30 |     3.1584 |
|        1 |          5 |           863.80 |       863.80 |       863.80 |                  7.59 |                    5.00 |     30 |     3.2369 |
|        1 |          6 |           863.80 |       859.67 |       859.67 |                  5.33 |                    5.00 |     32 |     3.3041 |
|        1 |          7 |           863.80 |       859.67 |       866.50 |                  8.14 |                    5.00 |     33 |     3.4022 |
|        1 |          8 |           863.80 |       859.67 |       866.50 |                  5.12 |                    5.00 |     33 |     3.4726 |
|        1 |          9 |           863.80 |       839.60 |       839.60 |                  5.00 |                    5.00 |     33 |     3.5572 |
|        1 |         10 |           863.80 |       839.60 |       839.60 |                  7.44 |                    7.44 |     33 |     3.6131 |
|        1 |         11 |           863.80 |       839.60 |       844.96 |                  5.26 |                    5.00 |     33 |     3.6700 |
|        1 |         12 |           863.80 |       839.16 |       839.16 |                  5.36 |                    5.00 |     33 |     3.7414 |
|        1 |         13 |           863.80 |       839.16 |       864.40 |                  7.01 |                    5.00 |     33 |     3.8189 |
|        1 |         14 |           863.80 |       839.16 |       864.40 |                  5.00 |                    5.00 |     33 |     3.8845 |
|        1 |         15 |           863.80 |       839.16 |       864.40 |                  7.08 |                    5.00 |     33 |     3.9736 |
|        1 |         16 |           863.80 |       839.16 |       864.40 |                  5.00 |                    5.00 |     33 |     4.0602 |
|        1 |         17 |           863.80 |       839.16 |       864.40 |                  5.00 |                    5.00 |     33 |     4.1715 |
|        1 |         18 |           863.80 |       839.16 |       863.90 |                  5.86 |                    5.00 |     33 |     4.3329 |
|        1 |         19 |           863.80 |       839.16 |       863.90 |                  5.00 |                    5.00 |     33 |     4.4338 |
|        1 |         20 |           863.80 |       839.16 |       863.90 |                  5.41 |                    5.00 |     33 |     4.5770 |
|        1 |         21 |           863.80 |       839.16 |       863.90 |                  6.22 |                    5.00 |     33 |     4.6747 |
|        1 |         22 |           863.80 |       839.16 |       882.91 |                  6.46 |                    5.00 |     33 |     4.7584 |
|        1 |         23 |           863.80 |       839.16 |       872.20 |                  5.30 |                    5.00 |     33 |     4.9661 |
|        1 |         24 |           863.80 |       839.16 |       855.89 |                 10.65 |                    5.00 |     33 |     5.1159 |
|        1 |         25 |           863.80 |       839.16 |       925.70 |                  9.52 |                    5.00 |     33 |     5.1905 |
|        1 |         26 |           863.80 |       839.16 |       958.30 |                  8.41 |                    5.00 |     37 |     5.2953 |
|        1 |         27 |           863.80 |       839.16 |       927.60 |                  5.26 |                    5.00 |     40 |     5.4360 |
|        1 |         28 |           863.80 |       839.16 |       942.81 |                  8.14 |                    5.00 |     40 |     5.5031 |
|        1 |         29 |           863.80 |       839.16 |       945.98 |                  7.72 |                    5.00 |     40 |     5.6023 |
|        1 |         30 |           863.80 |       839.16 |       944.62 |                 11.96 |                    5.00 |     40 |     5.6672 |
|        1 |         31 |           863.80 |       839.16 |       929.40 |                  8.13 |                    5.00 |     40 |     5.8510 |
|        1 |         32 |           863.80 |       839.16 |       929.40 |                  5.00 |                    5.00 |     40 |     5.9748 |
|        1 |         33 |           863.80 |       839.16 |       925.32 |                  8.64 |                    5.00 |     40 |     6.0464 |
|        1 |         34 |           863.80 |       839.16 |       913.70 |                  7.43 |                    5.00 |     42 |     6.3694 |
|        1 |         35 |           863.80 |       839.16 |      1002.44 |                 13.50 |                    5.00 |     46 |     6.4416 |
|        1 |         36 |           863.80 |       839.16 |       895.70 |                  6.20 |                    5.00 |     46 |     6.7096 |
|        1 |         37 |           863.80 |       839.16 |       895.70 |                  5.21 |                    5.00 |     46 |     6.8323 |
|        1 |         38 |           863.80 |       839.16 |       893.90 |                  5.00 |                    5.00 |     46 |     6.9379 |
|        1 |         39 |           863.80 |       839.16 |       873.15 |                  5.00 |                    5.00 |     47 |     7.1810 |
|        1 |         40 |           863.80 |       839.16 |       869.40 |                  9.36 |                    5.00 |     47 |     7.3580 |
|        1 |         41 |           863.80 |       839.16 |       891.40 |                  5.00 |                    5.00 |     47 |     7.5260 |
|        1 |         42 |           863.80 |       839.16 |       891.40 |                  5.00 |                    5.00 |     47 |     7.6647 |
|        1 |         43 |           863.80 |       839.16 |       867.98 |                  6.66 |                    6.47 |     47 |     7.7613 |
|        1 |         44 |           863.80 |       839.16 |       871.57 |                  8.54 |                    8.28 |     47 |     7.8480 |
|        1 |         45 |           863.80 |       839.16 |       891.50 |                  5.00 |                    5.00 |     47 |     7.9509 |
|        1 |         46 |           863.80 |       839.16 |       909.46 |                  5.00 |                    5.00 |     48 |     8.0538 |
|        1 |         47 |           863.80 |       839.16 |       893.80 |                  5.00 |                    5.00 |     48 |     8.2035 |
|        1 |         48 |           863.80 |       839.16 |       893.80 |                  5.00 |                    5.00 |     48 |     8.3039 |
|        1 |         49 |           863.80 |       839.16 |       893.80 |                  8.99 |                    5.00 |     48 |     8.4298 |
|        1 |         50 |           863.80 |       839.16 |       893.80 |                  5.55 |                    5.00 |     48 |     8.5110 |
|        1 |         51 |           863.80 |       839.16 |       893.80 |                  5.98 |                    5.00 |     48 |     8.5816 |
|        1 |         52 |           863.80 |       839.16 |       882.00 |                  5.75 |                    5.00 |     48 |     8.7053 |
|        1 |         53 |           863.80 |       839.16 |       884.92 |                  6.86 |                    5.00 |     48 |     8.7619 |
|        1 |         54 |           863.80 |       839.16 |       882.97 |                  7.41 |                    5.00 |     48 |     8.8366 |
|        1 |         55 |           863.80 |       839.16 |       886.13 |                 12.05 |                    5.00 |     48 |     8.9137 |
|        1 |         56 |           863.80 |       839.16 |       866.30 |                  6.98 |                    5.00 |     48 |     9.0592 |
|        1 |         57 |           863.80 |       839.16 |       866.30 |                  8.67 |                    5.00 |     48 |     9.1314 |
|        1 |         58 |           863.80 |       839.16 |       866.30 |                  5.00 |                    5.00 |     48 |     9.1990 |
|        1 |         59 |           863.80 |       839.16 |       866.30 |                  5.00 |                    5.00 |     48 |     9.2604 |
|        1 |         60 |           863.80 |       839.16 |       893.90 |                  5.00 |                    5.00 |     48 |     9.3260 |
|        1 |         61 |           863.80 |       839.16 |       893.90 |                  5.00 |                    5.00 |     48 |     9.3766 |
|        1 |         62 |           863.80 |       839.16 |       893.90 |                  5.00 |                    5.00 |     48 |     9.4398 |
|        1 |         63 |           863.80 |       839.16 |       893.80 |                  5.69 |                    5.00 |     48 |     9.5082 |
|        1 |         64 |           863.80 |       839.16 |       893.80 |                  5.00 |                    5.00 |     48 |     9.5724 |
|        1 |         65 |           863.80 |       839.16 |       893.80 |                  5.00 |                    5.00 |     48 |     9.6353 |
|        1 |         66 |           863.80 |       839.16 |       891.40 |                  5.05 |                    5.00 |     48 |     9.7460 |
|        1 |         67 |           863.80 |       839.16 |       863.80 |                  5.00 |                    5.00 |     48 |     9.8157 |
|        1 |         68 |           863.80 |       839.16 |       863.80 |                  5.00 |                    5.00 |     48 |     9.8927 |
|        1 |         69 |           863.80 |       839.16 |       864.40 |                  5.00 |                    5.00 |     48 |     9.9621 |
|        1 |         70 |           863.80 |       839.16 |       872.80 |                  5.00 |                    5.00 |     48 |    10.0493 |
|        1 |         71 |           863.80 |       839.16 |       873.30 |                  5.00 |                    5.00 |     50 |    10.2506 |
|        1 |         72 |           863.80 |       839.16 |       864.90 |                  7.67 |                    5.00 |     50 |    10.4378 |
|        1 |         73 |           863.80 |       839.16 |       864.40 |                  5.00 |                    5.00 |     50 |    10.6124 |
|        1 |         74 |           863.80 |       839.16 |       893.20 |                  5.00 |                    5.00 |     50 |    10.8632 |
|        1 |         75 |           863.80 |       839.16 |       893.20 |                  5.00 |                    5.00 |     50 |    10.9333 |
|        1 |         76 |           863.80 |       839.16 |       893.20 |                  5.00 |                    5.00 |     50 |    11.0162 |
|        1 |         77 |           863.80 |       839.16 |       893.20 |                  7.90 |                    5.00 |     50 |    11.1140 |
|        1 |         78 |           863.80 |       839.16 |       893.20 |                  5.00 |                    5.00 |     50 |    11.1662 |
|        1 |         79 |           863.80 |       839.16 |       895.90 |                  5.00 |                    5.00 |     51 |    11.2511 |
|        1 |         80 |           863.80 |       839.16 |       895.90 |                  5.00 |                    5.00 |     51 |    11.3521 |
|        1 |         81 |           863.80 |       839.16 |       898.30 |                  8.64 |                    5.00 |     51 |    11.4536 |
|        1 |         82 |           863.80 |       839.16 |       898.30 |                  5.00 |                    5.00 |     51 |    11.5572 |
|        1 |         83 |           863.80 |       839.16 |       897.40 |                  5.00 |                    5.00 |     52 |    11.7176 |
|        1 |         84 |           863.80 |       839.16 |       897.40 |                  5.00 |                    5.00 |     52 |    11.8282 |
|        1 |         85 |           863.80 |       839.16 |       866.20 |                  6.94 |                    5.00 |     52 |    12.0276 |
|        1 |         86 |           863.80 |       839.16 |       866.20 |                 11.40 |                    5.00 |     52 |    12.1272 |
|        1 |         87 |           863.80 |       839.16 |       868.80 |                  5.81 |                    5.00 |     52 |    12.2370 |
|        1 |         88 |           863.80 |       839.16 |       840.72 |                  5.56 |                    5.09 |     52 |    12.3697 |
|        1 |         89 |           863.80 |       839.16 |       867.58 |                  5.00 |                    5.00 |     52 |    12.5046 |
|        1 |         90 |           863.80 |       839.16 |       891.50 |                  7.52 |                    5.00 |     52 |    12.5617 |
|        1 |         91 |           863.80 |       839.16 |       891.50 |                  7.28 |                    5.00 |     52 |    12.6298 |
|        1 |         92 |           863.80 |       839.16 |       891.50 |                  6.94 |                    5.00 |     52 |    12.8081 |
|        1 |         93 |           863.80 |       839.16 |       863.80 |                  5.11 |                    5.00 |     52 |    12.9637 |
|        1 |         94 |           863.80 |       839.16 |       866.20 |                  5.92 |                    5.00 |     52 |    13.0247 |
|        1 |         95 |           863.80 |       839.16 |       866.20 |                  5.26 |                    5.00 |     52 |    13.1025 |
|        1 |         96 |           863.80 |       839.16 |       866.20 |                  5.00 |                    5.00 |     52 |    13.1650 |
|        1 |         97 |           863.80 |       839.16 |       847.25 |                  5.00 |                    5.00 |     52 |    13.3441 |
|        1 |         98 |           863.80 |       839.16 |       841.67 |                  5.35 |                    5.00 |     52 |    13.4248 |
|        1 |         99 |           863.80 |       839.16 |       859.36 |                  7.12 |                    5.00 |     52 |    13.5251 |
|        1 |        100 |           863.80 |       839.16 |       843.50 |                  5.00 |                    5.00 |     52 |    13.6974 |
|        1 |        101 |           863.80 |       839.16 |       839.49 |                 10.97 |                    5.00 |     52 |    13.8298 |
|        1 |        102 |           863.80 |       839.16 |       865.00 |                 11.05 |                    5.00 |     52 |    13.9176 |
|        1 |        103 |           863.80 |       839.16 |       865.00 |                  5.92 |                    5.00 |     52 |    13.9999 |
|        1 |        104 |           863.80 |       839.16 |       865.00 |                  5.63 |                    5.00 |     52 |    14.0795 |
|        1 |        105 |           863.80 |       839.16 |       863.90 |                  5.52 |                    5.00 |     52 |    14.1762 |
|        1 |        106 |           863.80 |       839.16 |       840.35 |                  6.73 |                    5.00 |     52 |    14.2981 |
|        1 |        107 |           863.80 |       839.16 |       864.33 |                 13.77 |                    5.26 |     52 |    14.3826 |
|        1 |        108 |           863.80 |       839.16 |       884.46 |                 21.54 |                    5.00 |     54 |    14.4426 |
|        1 |        109 |           863.80 |       839.16 |       890.90 |                 11.78 |                    5.00 |     55 |    14.5224 |
|        1 |        110 |           863.80 |       839.16 |       863.90 |                  8.02 |                    5.00 |     55 |    14.6172 |
|        1 |        111 |           863.80 |       839.16 |       863.90 |                  5.00 |                    5.00 |     55 |    14.7256 |
|        1 |        112 |           863.80 |       839.16 |       872.30 |                  5.00 |                    5.00 |     55 |    14.8702 |
|        1 |        113 |           863.80 |       839.16 |       872.80 |                  7.59 |                    5.00 |     55 |    14.9597 |
|        1 |        114 |           863.80 |       839.16 |       891.40 |                  9.12 |                    5.00 |     55 |    15.1192 |
|        1 |        115 |           863.80 |       839.16 |       891.40 |                  5.00 |                    5.00 |     55 |    15.2505 |
|        1 |        116 |           863.80 |       839.16 |       891.40 |                  5.00 |                    5.00 |     55 |    15.3407 |
|        1 |        117 |           863.80 |       839.16 |       891.40 |                  5.00 |                    5.00 |     55 |    15.4061 |
|        1 |        118 |           863.80 |       839.16 |       891.40 |                  5.00 |                    5.00 |     55 |    15.4638 |
|        1 |        119 |           863.80 |       839.16 |       891.40 |                  5.00 |                    5.00 |     55 |    15.5178 |
|        1 |        120 |           863.80 |       839.16 |       891.40 |                  5.00 |                    5.00 |     55 |    15.5821 |
|        1 |        121 |           863.80 |       839.16 |       891.40 |                  5.30 |                    5.00 |     55 |    15.6679 |
|        1 |        122 |           863.80 |       839.16 |       891.40 |                  5.00 |                    5.00 |     55 |    15.7492 |
|        1 |        123 |           863.80 |       839.16 |       891.40 |                  5.00 |                    5.00 |     55 |    15.8031 |
|        1 |        124 |           863.80 |       839.16 |       892.00 |                  8.31 |                    5.00 |     55 |    15.8792 |
|        1 |        125 |           863.80 |       839.16 |       892.00 |                  8.79 |                    5.00 |     55 |    15.9625 |
|        1 |        126 |           863.80 |       839.16 |       893.90 |                 10.38 |                    5.00 |     55 |    16.0220 |
|        1 |        127 |           863.80 |       839.16 |       890.45 |                 13.53 |                    5.00 |     55 |    16.1248 |
|        1 |        128 |           863.80 |       839.16 |       892.00 |                  5.00 |                    5.00 |     55 |    16.2709 |
|        1 |        129 |           863.80 |       839.16 |       892.00 |                  5.00 |                    5.00 |     56 |    16.3487 |
|        1 |        130 |           863.80 |       839.16 |       871.01 |                  6.46 |                    5.00 |     57 |    16.4325 |
|        1 |        131 |           863.80 |       839.16 |       873.12 |                 12.10 |                    5.00 |     57 |    16.4959 |
|        1 |        132 |           863.80 |       839.16 |       892.00 |                  7.24 |                    5.00 |     57 |    16.5533 |
|        1 |        133 |           863.80 |       839.16 |       891.40 |                  5.00 |                    5.00 |     57 |    16.6317 |
|        1 |        134 |           863.80 |       839.16 |       871.80 |                  9.84 |                    5.00 |     57 |    16.7404 |
|        1 |        135 |           863.80 |       839.16 |       885.23 |                  6.37 |                    5.00 |     57 |    16.8284 |
|        1 |        136 |           863.80 |       839.16 |       878.00 |                  6.29 |                    5.00 |     57 |    16.8856 |
|        1 |        137 |           863.80 |       839.16 |       876.46 |                  5.00 |                    5.00 |     57 |    16.9254 |
|        1 |        138 |           863.80 |       839.16 |       874.44 |                  8.90 |                    5.00 |     57 |    16.9766 |
|        1 |        139 |           863.80 |       839.16 |       881.85 |                 11.98 |                    5.00 |     57 |    17.0526 |
|        1 |        140 |           863.80 |       839.16 |       892.16 |                  6.09 |                    5.00 |     57 |    17.1502 |
|        1 |        141 |           863.80 |       839.16 |       883.83 |                  5.00 |                    5.00 |     57 |    17.2148 |
|        1 |        142 |           863.80 |       839.16 |       882.00 |                  7.74 |                    5.00 |     57 |    17.3025 |
|        1 |        143 |           863.80 |       839.16 |       883.43 |                  5.49 |                    5.00 |     57 |    17.3714 |
|        1 |        144 |           863.80 |       839.16 |       895.60 |                  6.74 |                    5.00 |     57 |    17.4333 |
|        1 |        145 |           863.80 |       839.16 |       893.20 |                  5.58 |                    5.00 |     57 |    17.4917 |
|        1 |        146 |           863.80 |       839.16 |       893.20 |                  5.00 |                    5.00 |     57 |    17.5538 |
|        1 |        147 |           863.80 |       839.16 |       893.20 |                  5.00 |                    5.00 |     57 |    17.6081 |
|        1 |        148 |           863.80 |       839.16 |       872.30 |                  5.00 |                    5.00 |     57 |    17.7586 |
|        1 |        149 |           863.80 |       839.16 |       881.69 |                  5.03 |                    5.00 |     57 |    17.8298 |
|        1 |        150 |           863.80 |       839.16 |       883.61 |                  9.90 |                    5.00 |     57 |    17.9022 |
|        1 |        151 |           863.80 |       839.16 |       889.99 |                  9.48 |                    5.00 |     57 |    17.9638 |
|        1 |        152 |           863.80 |       839.16 |       897.20 |                 15.13 |                    5.00 |     57 |    18.0120 |
|        1 |        153 |           863.80 |       839.16 |       890.25 |                 20.31 |                    5.00 |     58 |    18.1228 |
|        1 |        154 |           863.80 |       839.16 |       892.30 |                 12.53 |                    5.00 |     59 |    18.1835 |
|        1 |        155 |           863.80 |       839.16 |       864.40 |                 10.29 |                    5.00 |     59 |    18.3140 |
|        1 |        156 |           863.80 |       839.16 |       864.40 |                  5.00 |                    5.00 |     59 |    18.4966 |
|        1 |        157 |           863.80 |       839.16 |       891.40 |                  5.00 |                    5.00 |     59 |    18.5776 |
|        1 |        158 |           863.80 |       839.16 |       891.40 |                  5.00 |                    5.00 |     59 |    18.6296 |
|        1 |        159 |           863.80 |       839.16 |       891.40 |                  5.00 |                    5.00 |     59 |    18.7165 |
|        1 |        160 |           863.80 |       839.16 |       891.40 |                  7.08 |                    5.00 |     59 |    18.8212 |
|        1 |        161 |           863.80 |       839.16 |       891.40 |                  5.00 |                    5.00 |     59 |    18.8942 |
|        1 |        162 |           863.80 |       839.16 |       891.40 |                  5.00 |                    5.00 |     59 |    18.9575 |
|        1 |        163 |           863.80 |       839.16 |       891.40 |                  5.00 |                    5.00 |     59 |    19.0078 |
|        1 |        164 |           863.80 |       839.16 |       891.40 |                  6.48 |                    5.00 |     59 |    19.0616 |
|        1 |        165 |           863.80 |       839.16 |       891.40 |                  5.00 |                    5.00 |     59 |    19.1057 |
|        1 |        166 |           863.80 |       839.16 |       867.40 |                  9.84 |                    5.00 |     59 |    19.1739 |
|        1 |        167 |           863.80 |       839.16 |       876.87 |                 12.48 |                    5.00 |     59 |    19.2092 |
|        1 |        168 |           863.80 |       839.16 |       886.82 |                  9.32 |                    5.00 |     59 |    19.2522 |
|        1 |        169 |           863.80 |       839.16 |       883.52 |                  9.27 |                    5.00 |     59 |    19.3217 |
|        1 |        170 |           863.80 |       839.16 |       895.00 |                  5.00 |                    5.00 |     59 |    19.3879 |
|        1 |        171 |           863.80 |       839.16 |       930.51 |                  8.56 |                    5.00 |     60 |    19.4346 |
|        1 |        172 |           863.80 |       839.16 |       895.60 |                 14.27 |                    5.00 |     60 |    19.5848 |
|        1 |        173 |           863.80 |       839.16 |       895.10 |                 12.24 |                    5.00 |     60 |    19.6491 |
|        1 |        174 |           863.80 |       839.16 |       896.20 |                  7.63 |                    5.00 |     60 |    19.6938 |
|        1 |        175 |           863.80 |       839.16 |       892.00 |                 10.67 |                    5.00 |     60 |    19.7613 |
|        1 |        176 |           863.80 |       839.16 |       892.00 |                  6.14 |                    5.00 |     60 |    19.8150 |
|        1 |        177 |           863.80 |       839.16 |       892.00 |                  5.00 |                    5.00 |     60 |    19.8716 |
|        1 |        178 |           863.80 |       839.16 |       872.96 |                  7.97 |                    6.08 |     61 |    19.9627 |
------------------------------------------------------------------------------------------------------------------------------------------------
|  Restart |  Iteration |  Best Feas. Cost |    Best Cost |   Curr. Cost |   Penalty Custom Res. |   Penalty Standard Res. |   Pool |   Time (s) |
------------------------------------------------------------------------------------------------------------------------------------------------
|        1 |        179 |           863.80 |       839.16 |       920.00 |                  6.16 |                    5.00 |     64 |    20.0331 |
|        1 |        180 |           863.80 |       839.16 |       895.00 |                  5.00 |                    5.00 |     64 |    20.1430 |
|        1 |        181 |           863.80 |       839.16 |       895.00 |                  5.00 |                    5.00 |     64 |    20.1849 |
|        1 |        182 |           863.80 |       839.16 |       895.00 |                  9.45 |                    5.00 |     64 |    20.2475 |
|        1 |        183 |           863.80 |       839.16 |       903.74 |                 29.66 |                    5.00 |     67 |    20.3679 |
|        1 |        184 |           863.80 |       839.16 |       890.20 |                 10.72 |                    5.00 |     70 |    20.5052 |
|        1 |        185 |           863.80 |       839.16 |       890.20 |                  6.87 |                    5.00 |     70 |    20.5804 |
|        1 |        186 |           863.80 |       839.16 |       890.20 |                  5.00 |                    5.00 |     70 |    20.6529 |
|        1 |        187 |           863.80 |       839.16 |       890.20 |                  5.00 |                    5.00 |     70 |    20.7164 |
|        1 |        188 |           863.80 |       839.16 |       870.52 |                 10.86 |                    5.00 |     70 |    20.8114 |
|        1 |        189 |           863.80 |       839.16 |       876.38 |                 27.67 |                    5.00 |     70 |    20.9067 |
|        1 |        190 |           863.80 |       839.16 |       892.17 |                 28.14 |                    5.00 |     70 |    20.9649 |
|        1 |        191 |           863.80 |       839.16 |       890.46 |                 28.03 |                    5.00 |     70 |    21.0374 |
|        1 |        192 |           863.80 |       839.16 |       891.69 |                 26.78 |                    5.00 |     70 |    21.1452 |
|        1 |        193 |           863.80 |       839.16 |       891.55 |                 25.37 |                    5.00 |     70 |    21.2150 |
|        1 |        194 |           863.80 |       839.16 |       864.40 |                  8.99 |                    5.00 |     70 |    21.3752 |
|        1 |        195 |           863.80 |       839.16 |       840.26 |                 10.39 |                    5.00 |     70 |    21.4851 |
|        1 |        196 |           863.80 |       839.16 |       851.58 |                 15.00 |                    5.00 |     70 |    21.5368 |
|        1 |        197 |           863.80 |       839.16 |       871.30 |                 10.42 |                    5.00 |     72 |    21.6218 |
|        1 |        198 |           863.80 |       839.16 |       866.50 |                  5.64 |                    5.00 |     72 |    21.6995 |
|        1 |        199 |           863.80 |       839.16 |       864.40 |                  5.00 |                    5.00 |     72 |    21.7963 |
|        1 |        200 |           863.80 |       839.16 |       866.60 |                  5.98 |                    5.00 |     73 |    21.9934 |
|        1 |        201 |           863.80 |       839.16 |       866.60 |                  6.74 |                    5.00 |     73 |    22.0426 |
|        1 |        202 |           863.80 |       839.16 |       877.14 |                 15.70 |                    5.00 |     73 |    22.1330 |
|        1 |        203 |           863.80 |       839.16 |       914.10 |                 28.52 |                    5.00 |     75 |    22.2079 |
|        1 |        204 |           863.80 |       839.16 |       892.30 |                 15.13 |                    5.00 |     75 |    22.3066 |
|        1 |        205 |           863.80 |       839.16 |       892.00 |                 15.23 |                    5.00 |     75 |    22.3912 |
|        1 |        206 |           863.80 |       839.16 |       891.50 |                 12.42 |                    5.00 |     75 |    22.4818 |
|        1 |        207 |           863.80 |       839.16 |       892.60 |                  5.62 |                    5.00 |     75 |    22.5640 |
|        1 |        208 |           863.80 |       839.16 |       892.60 |                  5.00 |                    5.00 |     75 |    22.6414 |
|        1 |        209 |           863.80 |       839.16 |       892.00 |                  5.00 |                    5.00 |     75 |    22.7469 |
|        1 |        210 |           863.80 |       839.16 |       891.50 |                  5.00 |                    5.00 |     75 |    22.8377 |
|        1 |        211 |           863.80 |       839.16 |       891.40 |                  5.00 |                    5.00 |     75 |    22.9323 |
|        1 |        212 |           863.80 |       839.16 |       891.40 |                  5.41 |                    5.00 |     75 |    23.0340 |
|        1 |        213 |           863.80 |       839.16 |       891.40 |                  5.00 |                    5.00 |     75 |    23.1970 |
|        1 |        214 |           863.80 |       839.16 |       891.40 |                  5.00 |                    5.00 |     75 |    23.2809 |
|        1 |        215 |           863.80 |       839.16 |       891.40 |                  5.00 |                    5.00 |     75 |    23.3955 |
|        1 |        216 |           863.80 |       839.16 |       888.99 |                  5.00 |                    5.00 |     75 |    23.5085 |
|        1 |        217 |           863.80 |       839.16 |       895.60 |                  5.00 |                    5.00 |     75 |    23.6391 |
|        1 |        218 |           863.80 |       839.16 |       892.00 |                  5.00 |                    5.00 |     75 |    23.7229 |
|        1 |        219 |           863.80 |       839.16 |       892.00 |                  5.00 |                    5.00 |     75 |    23.8114 |
|        1 |        220 |           863.80 |       839.16 |       892.00 |                  5.26 |                    5.00 |     75 |    23.8623 |
|        1 |        221 |           863.80 |       839.16 |       892.00 |                  5.00 |                    5.00 |     75 |    23.9802 |
|        1 |        222 |           863.80 |       839.16 |       892.00 |                  6.67 |                    5.00 |     75 |    24.0451 |
|        1 |        223 |           863.80 |       839.16 |       891.40 |                  5.26 |                    5.00 |     75 |    24.1283 |
|        1 |        224 |           863.80 |       839.16 |       893.80 |                  6.74 |                    5.00 |     75 |    24.1901 |
|        1 |        225 |           863.80 |       839.16 |       893.80 |                  5.00 |                    5.00 |     75 |    24.2653 |
|        1 |        226 |           863.80 |       839.16 |       893.80 |                  5.00 |                    5.00 |     75 |    24.3535 |
|        1 |        227 |           863.80 |       839.16 |       893.80 |                  7.52 |                    5.00 |     75 |    24.4223 |
|        1 |        228 |           863.80 |       839.16 |       893.80 |                  5.00 |                    5.00 |     75 |    24.4936 |
|        1 |        229 |           863.80 |       839.16 |       893.80 |                  5.00 |                    5.00 |     75 |    24.5847 |
|        1 |        230 |           863.80 |       839.16 |       893.80 |                  6.29 |                    5.00 |     75 |    24.6786 |
|        1 |        231 |           863.80 |       839.16 |       876.24 |                  5.74 |                    5.00 |     75 |    24.7635 |
|        1 |        232 |           863.80 |       839.16 |       875.16 |                  7.37 |                    5.00 |     75 |    24.8503 |
|        1 |        233 |           863.80 |       839.16 |       880.38 |                  6.99 |                    5.00 |     75 |    24.9085 |
|        1 |        234 |           863.80 |       839.16 |       879.43 |                  9.13 |                    5.00 |     75 |    24.9678 |
|        1 |        235 |           863.80 |       839.16 |       885.55 |                  8.83 |                    5.00 |     75 |    25.0491 |
|        1 |        236 |           863.80 |       839.16 |       892.00 |                  5.00 |                    5.00 |     75 |    25.1223 |
|        1 |        237 |           863.80 |       839.16 |       892.00 |                  5.69 |                    5.00 |     75 |    25.2290 |
|        1 |        238 |           863.80 |       839.16 |       957.40 |                  5.00 |                    5.00 |     78 |    25.3132 |
|        1 |        239 |           863.80 |       839.16 |       957.40 |                  5.00 |                    5.00 |     78 |    25.3874 |
|        1 |        240 |           863.80 |       839.16 |       880.43 |                  5.83 |                    5.55 |     78 |    25.5315 |
|        1 |        241 |           863.80 |       839.16 |       874.54 |                  8.93 |                    5.00 |     78 |    25.6214 |
|        1 |        242 |           863.80 |       839.16 |       881.33 |                  8.22 |                    5.00 |     78 |    25.7144 |
|        1 |        243 |           863.80 |       839.16 |       878.49 |                  6.78 |                    5.00 |     78 |    25.7638 |
|        1 |        244 |           863.80 |       839.16 |       876.01 |                  8.18 |                    5.79 |     78 |    25.8146 |
|        1 |        245 |           863.80 |       839.16 |       895.90 |                  6.10 |                    5.00 |     78 |    25.8939 |
|        1 |        246 |           863.80 |       839.16 |       878.95 |                  8.90 |                    5.00 |     79 |    26.0901 |
|        1 |        247 |           863.80 |       839.16 |       881.65 |                  5.42 |                    5.00 |     79 |    26.1831 |
|        1 |        248 |           863.80 |       839.16 |       868.61 |                  6.67 |                    5.00 |     79 |    26.2705 |
|        1 |        249 |           863.80 |       839.16 |       864.40 |                 12.33 |                    5.00 |     79 |    26.3806 |
|        1 |        250 |           863.80 |       839.16 |       863.80 |                  7.90 |                    5.00 |     79 |    26.4681 |
|        1 |        251 |           863.80 |       839.16 |       884.63 |                  5.00 |                    5.00 |     79 |    26.5611 |
|        1 |        252 |           863.80 |       839.16 |       880.11 |                  6.66 |                    5.00 |     79 |    26.6211 |
|        1 |        253 |           863.80 |       839.16 |       863.80 |                  5.32 |                    5.00 |     79 |    26.7003 |
|        1 |        254 |           863.80 |       839.16 |       893.20 |                  5.26 |                    5.00 |     79 |    26.7579 |
|        1 |        255 |           863.80 |       839.16 |       891.40 |                  5.00 |                    5.00 |     79 |    26.8262 |
|        1 |        256 |           863.80 |       839.16 |       891.40 |                  5.00 |                    5.00 |     79 |    26.8827 |
|        1 |        257 |           863.80 |       839.16 |       891.40 |                  5.00 |                    5.26 |     79 |    26.9309 |
|        1 |        258 |           863.80 |       839.16 |       891.40 |                  5.00 |                    5.00 |     79 |    27.0009 |
|        1 |        259 |           863.80 |       839.16 |       892.00 |                  5.00 |                    5.00 |     79 |    27.0582 |
|        1 |        260 |           863.80 |       839.16 |       891.50 |                  5.00 |                    5.00 |     79 |    27.1059 |
|        1 |        261 |           863.80 |       839.16 |       904.41 |                 10.34 |                    5.00 |     79 |    27.1716 |
|        1 |        262 |           863.80 |       839.16 |       891.50 |                  6.07 |                    5.00 |     79 |    27.2187 |
|        1 |        263 |           863.80 |       839.16 |       891.50 |                  5.00 |                    5.00 |     79 |    27.2599 |
|        1 |        264 |           863.80 |       839.16 |       891.50 |                  5.00 |                    5.00 |     79 |    27.3204 |
|        1 |        265 |           863.80 |       839.16 |       891.50 |                  5.00 |                    5.00 |     79 |    27.4010 |
|        1 |        266 |           863.80 |       839.16 |       956.80 |                  5.00 |                    5.00 |     81 |    27.4806 |
|        1 |        267 |           863.80 |       839.16 |       964.76 |                 10.55 |                    5.00 |     81 |    27.5490 |
|        1 |        268 |           863.80 |       839.16 |       895.40 |                 10.35 |                    5.00 |     81 |    27.6922 |
|        1 |        269 |           863.80 |       839.16 |       895.10 |                  9.06 |                    5.00 |     81 |    27.7531 |
|        1 |        270 |           863.80 |       839.16 |       870.51 |                  5.08 |                    5.08 |     81 |    27.9193 |
|        1 |        271 |           863.80 |       839.16 |       883.42 |                  9.70 |                    5.00 |     81 |    27.9774 |
|        1 |        272 |           863.80 |       839.16 |       910.10 |                 16.77 |                    5.00 |     81 |    28.0267 |
|        1 |        273 |           863.80 |       839.16 |       945.28 |                 44.91 |                    5.00 |     81 |    28.1201 |
|        1 |        274 |           863.80 |       839.16 |       917.75 |                 29.06 |                    5.00 |     81 |    28.2185 |
|        1 |        275 |           863.80 |       839.16 |       917.90 |                 29.50 |                    5.00 |     83 |    28.3085 |
|        1 |        276 |           863.80 |       839.16 |       892.00 |                 13.24 |                    5.00 |     83 |    28.5308 |
|        1 |        277 |           863.80 |       839.16 |       892.00 |                  6.55 |                    5.00 |     83 |    28.5974 |
|        1 |        278 |           863.80 |       839.16 |       891.50 |                  5.00 |                    5.00 |     83 |    28.6470 |
|        1 |        279 |           863.80 |       839.16 |       891.50 |                  9.27 |                    5.00 |     83 |    28.7143 |
|        1 |        280 |           863.80 |       839.16 |       891.50 |                  7.79 |                    5.00 |     83 |    28.7692 |
|        1 |        281 |           863.80 |       839.16 |       891.50 |                  5.00 |                    5.00 |     84 |    28.8666 |
|        1 |        282 |           863.80 |       839.16 |       891.50 |                  7.44 |                    5.00 |     84 |    28.9144 |
|        1 |        283 |           863.80 |       839.16 |       891.50 |                  5.00 |                    5.00 |     84 |    28.9739 |
|        1 |        284 |           863.80 |       839.16 |       891.50 |                  5.00 |                    5.00 |     84 |    29.0189 |
|        1 |        285 |           863.80 |       839.16 |       891.50 |                  5.00 |                    5.00 |     84 |    29.0943 |
|        1 |        286 |           863.80 |       839.16 |       891.50 |                  7.75 |                    5.00 |     84 |    29.2036 |
|        1 |        287 |           863.80 |       839.16 |       893.20 |                  5.00 |                    5.00 |     84 |    29.2725 |
|        1 |        288 |           863.80 |       839.16 |       863.80 |                  5.00 |                    5.00 |     84 |    29.3330 |
|        1 |        289 |           863.80 |       839.16 |       893.20 |                  5.00 |                    5.00 |     84 |    29.3820 |
|        1 |        290 |           863.80 |       839.16 |       891.40 |                  5.00 |                    5.00 |     84 |    29.4742 |
|        1 |        291 |           863.80 |       839.16 |       891.40 |                  5.00 |                    5.00 |     84 |    29.5520 |
|        1 |        292 |           863.80 |       839.16 |       891.40 |                  5.00 |                    5.00 |     84 |    29.6118 |
|        1 |        293 |           863.80 |       839.16 |       891.40 |                  5.00 |                    5.00 |     84 |    29.6580 |
|        1 |        294 |           863.80 |       839.16 |       891.40 |                  5.00 |                    5.00 |     84 |    29.7135 |
|        1 |        295 |           863.80 |       839.16 |       908.54 |                  5.00 |                    5.00 |     87 |    29.7657 |
|        1 |        296 |           863.80 |       839.16 |       890.44 |                 13.00 |                    5.00 |     87 |    29.8709 |
|        1 |        297 |           863.80 |       839.16 |       892.00 |                  7.54 |                    5.00 |     87 |    29.9573 |
|        1 |        298 |           863.80 |       839.16 |       892.00 |                  5.58 |                    5.00 |     87 |    30.0393 |
|        1 |        299 |           863.80 |       839.16 |       891.40 |                  5.22 |                    5.00 |     87 |    30.1581 |
|        1 |        300 |           863.80 |       839.16 |       891.40 |                  5.00 |                    5.00 |     87 |    30.2174 |
|        1 |        301 |           863.80 |       839.16 |       891.40 |                  5.00 |                    5.00 |     87 |    30.2766 |
|        1 |        302 |           863.80 |       839.16 |       891.40 |                  5.00 |                    5.00 |     87 |    30.3437 |
|        1 |        303 |           863.80 |       839.16 |       894.40 |                  5.00 |                    5.00 |     87 |    30.4029 |
|        1 |        304 |           863.80 |       839.16 |       894.40 |                  5.86 |                    5.00 |     87 |    30.4452 |
|        1 |        305 |           863.80 |       839.16 |       894.40 |                  5.00 |                    5.00 |     87 |    30.5169 |
|        1 |        306 |           863.80 |       839.16 |       893.20 |                  5.00 |                    5.00 |     87 |    30.5812 |
|        1 |        307 |           863.80 |       839.16 |       893.20 |                  5.00 |                    5.00 |     87 |    30.6302 |
|        1 |        308 |           863.80 |       839.16 |       893.20 |                  5.00 |                    5.00 |     87 |    30.6713 |
|        1 |        309 |           863.80 |       839.16 |       893.20 |                  5.47 |                    5.00 |     87 |    30.7224 |
|        1 |        310 |           863.80 |       839.16 |       893.20 |                  5.63 |                    5.00 |     87 |    30.7615 |
|        1 |        311 |           863.80 |       839.16 |       893.20 |                  5.47 |                    5.00 |     87 |    30.8160 |
|        1 |        312 |           863.80 |       839.16 |       891.50 |                  5.00 |                    5.00 |     87 |    30.9355 |
|        1 |        313 |           863.80 |       839.16 |       891.50 |                  5.00 |                    5.00 |     87 |    31.0220 |
|        1 |        314 |           863.80 |       839.16 |       891.50 |                  5.00 |                    5.00 |     87 |    31.0651 |
|        1 |        315 |           863.80 |       839.16 |       891.50 |                  5.00 |                    5.00 |     87 |    31.1259 |
|        1 |        316 |           863.80 |       839.16 |       909.00 |                  7.08 |                    5.00 |     87 |    31.1688 |
|        1 |        317 |           863.80 |       839.16 |       913.59 |                 11.08 |                    5.00 |     87 |    31.2154 |
|        1 |        318 |           863.80 |       839.16 |       892.60 |                  6.43 |                    5.00 |     87 |    31.2848 |
|        1 |        319 |           863.80 |       839.16 |       894.40 |                  5.00 |                    5.00 |     87 |    31.3847 |
|        1 |        320 |           863.80 |       839.16 |       893.30 |                  7.59 |                    5.00 |     87 |    31.4572 |
|        1 |        321 |           863.80 |       839.16 |       893.30 |                  6.16 |                    5.00 |     87 |    31.5283 |
|        1 |        322 |           863.80 |       839.16 |       893.20 |                  5.00 |                    5.00 |     87 |    31.5722 |
|        1 |        323 |           863.80 |       839.16 |       863.80 |                  5.74 |                    5.00 |     87 |    31.6535 |
|        1 |        324 |           863.80 |       839.16 |       880.70 |                  5.00 |                    5.00 |     87 |    31.7318 |
|        1 |        325 |           863.80 |       839.16 |       857.79 |                  5.00 |                    5.00 |     87 |    31.8143 |
|        1 |        326 |           863.80 |       839.16 |       856.04 |                 11.31 |                    5.00 |     87 |    31.8859 |
|        1 |        327 |           863.80 |       839.16 |       881.52 |                 11.06 |                    5.00 |     87 |    31.9289 |
|        1 |        328 |           863.80 |       839.16 |       879.31 |                  8.42 |                    5.00 |     87 |    31.9811 |
|        1 |        329 |           863.80 |       839.16 |       874.76 |                  6.34 |                    5.00 |     87 |    32.0529 |
|        1 |        330 |           863.80 |       839.16 |       870.72 |                 11.27 |                    5.00 |     87 |    32.1262 |
|        1 |        331 |           863.80 |       839.16 |       891.40 |                  7.10 |                    5.00 |     87 |    32.1717 |
|        1 |        332 |           863.80 |       839.16 |       891.40 |                 10.99 |                    5.00 |     87 |    32.2269 |
|        1 |        333 |           863.80 |       839.16 |       891.40 |                  6.01 |                    5.00 |     87 |    32.2804 |
|        1 |        334 |           863.80 |       839.16 |       891.40 |                  5.00 |                    5.00 |     87 |    32.3306 |
|        1 |        335 |           863.80 |       839.16 |       891.50 |                  5.36 |                    5.00 |     87 |    32.3877 |
|        1 |        336 |           863.80 |       839.16 |       893.30 |                  7.23 |                    5.00 |     87 |    32.4447 |
|        1 |        337 |           863.80 |       839.16 |       886.01 |                 22.63 |                    5.00 |     87 |    32.5949 |
|        1 |        338 |           863.80 |       839.16 |       872.30 |                  8.81 |                    5.00 |     87 |    32.8213 |
|        1 |        339 |           863.80 |       839.16 |       872.30 |                  5.00 |                    5.00 |     87 |    32.8795 |
|        1 |        340 |           863.80 |       839.16 |       847.50 |                  9.93 |                    5.00 |     87 |    32.9400 |
|        1 |        341 |           863.80 |       839.16 |       876.63 |                 11.97 |                    5.00 |     87 |    33.0076 |
|        1 |        342 |           863.80 |       839.16 |       863.90 |                  9.66 |                    5.00 |     87 |    33.0837 |
|        1 |        343 |           863.80 |       839.16 |       863.80 |                  5.00 |                    5.00 |     87 |    33.2174 |
|        1 |        344 |           863.80 |       839.16 |       863.80 |                  5.31 |                    5.00 |     87 |    33.2708 |
|        1 |        345 |           863.80 |       839.16 |       863.80 |                  5.00 |                    5.00 |     87 |    33.3488 |
|        1 |        346 |           863.80 |       839.16 |       863.80 |                  5.92 |                    5.00 |     87 |    33.4109 |
|        1 |        347 |           863.80 |       839.16 |       872.20 |                  5.00 |                    5.00 |     87 |    33.4634 |
|        1 |        348 |           863.80 |       839.16 |       872.20 |                  5.00 |                    5.00 |     87 |    33.5220 |
|        1 |        349 |           863.80 |       839.16 |       879.60 |                  5.00 |                    5.00 |     87 |    33.5786 |
|        1 |        350 |           863.80 |       839.16 |       880.20 |                  7.98 |                    5.00 |     87 |    33.6343 |
|        1 |        351 |           863.80 |       839.16 |       880.80 |                  5.00 |                    5.00 |     87 |    33.8249 |
|        1 |        352 |           863.80 |       839.16 |       867.70 |                  5.00 |                    5.00 |     87 |    33.8913 |
|        1 |        353 |           863.80 |       839.16 |       867.70 |                  5.00 |                    5.00 |     87 |    33.9414 |
|        1 |        354 |           863.80 |       839.16 |       867.70 |                  5.31 |                    5.00 |     87 |    33.9967 |
|        1 |        355 |           863.80 |       839.16 |       870.30 |                  6.74 |                    5.00 |     88 |    34.0762 |
|        1 |        356 |           863.80 |       839.16 |       869.10 |                  5.86 |                    5.00 |     88 |    34.1364 |
|        1 |        357 |           863.80 |       839.16 |       869.10 |                  5.00 |                    5.00 |     88 |    34.1961 |
|        1 |        358 |           863.80 |       839.16 |       869.10 |                  5.00 |                    5.00 |     88 |    34.2416 |
|        1 |        359 |           863.80 |       839.16 |       863.80 |                  5.00 |                    5.00 |     88 |    34.3632 |
|        1 |        360 |           863.80 |       839.16 |       863.80 |                  5.00 |                    5.00 |     88 |    34.4259 |
|        1 |        361 |           863.80 |       839.16 |       863.90 |                  5.00 |                    5.00 |     88 |    34.5347 |
|        1 |        362 |           863.80 |       839.16 |       863.90 |                  5.00 |                    5.26 |     88 |    34.6135 |
|        1 |        363 |           863.80 |       839.16 |       879.80 |                 10.86 |                    5.00 |     88 |    34.6936 |
|        1 |        364 |           863.80 |       839.16 |       894.40 |                  8.27 |                    5.00 |     88 |    34.7488 |
|        1 |        365 |           863.80 |       839.16 |       893.20 |                  5.00 |                    5.00 |     88 |    34.8241 |
|        1 |        366 |           863.80 |       839.16 |       867.74 |                  5.26 |                    5.00 |     88 |    34.9076 |
|        1 |        367 |           863.80 |       839.16 |       867.71 |                 10.76 |                    5.00 |     88 |    34.9720 |
|        1 |        368 |           863.80 |       839.16 |       881.20 |                  8.02 |                    5.00 |     88 |    35.0322 |
|        1 |        369 |           863.80 |       839.16 |       893.20 |                  6.42 |                    5.00 |     88 |    35.0829 |
|        1 |        370 |           863.80 |       839.16 |       908.15 |                 10.34 |                    5.00 |     88 |    35.1362 |
|        1 |        371 |           863.80 |       839.16 |       890.68 |                  8.67 |                    5.00 |     89 |    35.2876 |
|        1 |        372 |           863.80 |       839.16 |       894.05 |                 12.65 |                    5.00 |     89 |    35.3399 |
|        1 |        373 |           863.80 |       839.16 |       892.60 |                  6.13 |                    5.00 |     89 |    35.4217 |
|        1 |        374 |           863.80 |       839.16 |       892.60 |                  5.00 |                    5.00 |     89 |    35.4776 |
|        1 |        375 |           863.80 |       839.16 |       892.60 |                  5.00 |                    5.00 |     89 |    35.5362 |
|        1 |        376 |           863.80 |       839.16 |       892.60 |                  5.00 |                    5.00 |     89 |    35.5978 |
|        1 |        377 |           863.80 |       839.16 |       891.50 |                  5.00 |                    5.00 |     89 |    35.6498 |
|        1 |        378 |           863.80 |       839.16 |       879.79 |                  5.68 |                    5.00 |     89 |    35.7085 |
|        1 |        379 |           863.80 |       839.16 |       892.00 |                  5.98 |                    5.00 |     89 |    35.7647 |
|        1 |        380 |           863.80 |       839.16 |       868.95 |                 10.55 |                    5.00 |     89 |    35.8923 |
|        1 |        381 |           863.80 |       839.16 |       874.56 |                 17.87 |                    5.00 |     89 |    35.9428 |
|        1 |        382 |           863.80 |       839.16 |       912.38 |                 12.04 |                    5.00 |     90 |    36.0278 |
|        1 |        383 |           863.80 |       839.16 |       896.20 |                 24.12 |                    5.00 |     90 |    36.1247 |
|        1 |        384 |           863.80 |       839.16 |       896.20 |                 13.88 |                    5.00 |     90 |    36.1719 |
|        1 |        385 |           863.80 |       839.16 |       895.70 |                  6.52 |                    5.00 |     90 |    36.2620 |
|        1 |        386 |           863.80 |       839.16 |       895.70 |                  5.00 |                    5.00 |     90 |    36.3067 |
|        1 |        387 |           863.80 |       839.16 |       845.47 |                  5.00 |                    5.00 |     90 |    36.4422 |
|        1 |        388 |           863.80 |       839.16 |       845.25 |                  5.00 |                    5.00 |     90 |    36.5153 |
|        1 |        389 |           863.80 |       839.16 |       844.71 |                  8.47 |                    5.00 |     90 |    36.5603 |
|        1 |        390 |           863.80 |       839.16 |       866.30 |                  5.00 |                    5.00 |     90 |    36.6173 |
|        1 |        391 |           863.80 |       839.16 |       882.80 |                  5.85 |                    5.00 |     90 |    36.6856 |
|        1 |        392 |           863.80 |       839.16 |       895.70 |                  5.00 |                    5.00 |     90 |    36.7602 |
|        1 |        393 |           863.80 |       839.16 |       893.90 |                  5.00 |                    5.00 |     90 |    36.8548 |
|        1 |        394 |           863.80 |       839.16 |       893.90 |                  7.37 |                    5.00 |     90 |    36.9099 |
|        1 |        395 |           863.80 |       839.16 |       893.90 |                  5.00 |                    5.00 |     90 |    36.9766 |
|        1 |        396 |           863.80 |       839.16 |       893.90 |                  6.87 |                    5.00 |     90 |    37.0408 |
|        1 |        397 |           863.80 |       839.16 |       893.90 |                  5.58 |                    5.00 |     90 |    37.1055 |
|        1 |        398 |           863.80 |       839.16 |       893.90 |                  6.67 |                    5.00 |     90 |    37.1546 |
|        1 |        399 |           863.80 |       839.16 |       893.90 |                  5.36 |                    5.00 |     90 |    37.2355 |
|        1 |        400 |           863.80 |       839.16 |       908.06 |                  9.17 |                    5.00 |     91 |    37.2926 |
|        1 |        401 |           863.80 |       839.16 |       851.58 |                 19.71 |                    5.00 |     92 |    37.5778 |
|        1 |        402 |           863.80 |       839.16 |       859.64 |                 16.39 |                    5.00 |     92 |    37.6590 |
|        1 |        403 |           863.80 |       839.16 |       857.33 |                 18.96 |                    5.00 |     92 |    37.7374 |
|        1 |        404 |           863.80 |       839.16 |       995.58 |                 39.59 |                    5.00 |     97 |    37.8034 |
|        1 |        405 |           863.80 |       839.16 |       895.27 |                 25.36 |                    5.00 |     98 |    37.9013 |
|        1 |        406 |           863.80 |       839.16 |       867.00 |                 13.74 |                    5.00 |     98 |    37.9563 |
|        1 |        407 |           863.80 |       839.16 |       867.00 |                  8.23 |                    5.00 |     98 |    38.0040 |
|        1 |        408 |           863.80 |       839.16 |       866.50 |                  8.80 |                    5.00 |     98 |    38.0596 |
|        1 |        409 |           863.80 |       839.16 |       863.80 |                  5.00 |                    5.00 |     98 |    38.1409 |
|        1 |        410 |           863.80 |       839.16 |       863.80 |                  5.29 |                    5.00 |     98 |    38.2050 |
|        1 |        411 |           863.80 |       839.16 |       863.80 |                  5.00 |                    5.00 |     98 |    38.2648 |
|        1 |        412 |           863.80 |       839.16 |       863.80 |                  5.00 |                    5.00 |     98 |    38.3214 |
|        1 |        413 |           863.80 |       839.16 |       864.40 |                  5.00 |                    5.00 |     98 |    38.3735 |
|        1 |        414 |           863.80 |       839.16 |       882.50 |                  8.64 |                    5.00 |     98 |    38.4503 |
|        1 |        415 |           863.80 |       839.16 |       891.89 |                  7.96 |                    5.00 |     98 |    38.5016 |
|        1 |        416 |           863.80 |       839.16 |       891.00 |                 14.03 |                    5.00 |     98 |    38.5552 |
|        1 |        417 |           863.80 |       839.16 |       863.90 |                 10.06 |                    5.00 |     98 |    38.6292 |
|        1 |        418 |           863.80 |       839.16 |       863.90 |                  5.90 |                    5.00 |     98 |    38.7018 |
|        1 |        419 |           863.80 |       839.16 |       864.90 |                  5.00 |                    5.00 |     98 |    38.7901 |
|        1 |        420 |           863.80 |       839.16 |       881.71 |                  9.84 |                    5.00 |     98 |    38.8847 |
|        1 |        421 |           863.80 |       839.16 |       890.77 |                  5.42 |                    5.00 |     98 |    39.0400 |
|        1 |        422 |           863.80 |       839.16 |       861.07 |                  7.59 |                    5.00 |     98 |    39.1384 |
|        1 |        423 |           863.80 |       839.16 |       863.80 |                  6.75 |                    5.00 |     98 |    39.4199 |
|        1 |        424 |           863.80 |       839.16 |       863.90 |                  5.00 |                    5.00 |     98 |    39.4928 |
|        1 |        425 |           863.80 |       839.16 |       893.30 |                  7.44 |                    5.00 |     98 |    39.5605 |
|        1 |        426 |           863.80 |       839.16 |       893.30 |                  5.00 |                    5.00 |     98 |    39.6371 |
|        1 |        427 |           863.80 |       839.16 |       893.30 |                  5.00 |                    5.00 |     98 |    39.7143 |
|        1 |        428 |           863.80 |       839.16 |       868.12 |                  9.43 |                    5.00 |     98 |    39.8277 |
|        1 |        429 |           863.80 |       839.16 |       871.96 |                 16.55 |                    5.00 |     98 |    39.9645 |
------------------------------------------------------------------------------------------------------------------------------------------------
|  Restart |  Iteration |  Best Feas. Cost |    Best Cost |   Curr. Cost |   Penalty Custom Res. |   Penalty Standard Res. |   Pool |   Time (s) |
------------------------------------------------------------------------------------------------------------------------------------------------
|        1 |        430 |           863.80 |       839.16 |       878.98 |                 28.31 |                    5.00 |     98 |    40.0205 |
|        1 |        431 |           863.80 |       839.16 |       887.04 |                 46.02 |                    5.00 |     98 |    40.0955 |
|        1 |        432 |           863.80 |       839.16 |       920.91 |                 28.20 |                    5.00 |     98 |    40.2647 |
|        1 |        433 |           863.80 |       839.16 |       895.10 |                 12.24 |                    5.00 |     98 |    40.3496 |
|        1 |        434 |           863.80 |       839.16 |       896.20 |                  7.04 |                    5.00 |     98 |    40.4053 |
|        1 |        435 |           863.80 |       839.16 |       891.40 |                  5.00 |                    5.00 |     98 |    40.5114 |
|        1 |        436 |           863.80 |       839.16 |       891.40 |                  5.00 |                    5.00 |     98 |    40.5704 |
|        1 |        437 |           863.80 |       839.16 |       891.40 |                  6.48 |                    5.00 |     98 |    40.6196 |
|        1 |        438 |           863.80 |       839.16 |       891.40 |                  5.00 |                    5.00 |     98 |    40.6628 |
|        1 |        439 |           863.80 |       839.16 |       843.64 |                  6.92 |                    5.00 |     98 |    40.7552 |
|        1 |        440 |           863.80 |       839.16 |       842.25 |                  9.20 |                    5.00 |     98 |    40.8583 |
|        1 |        441 |           863.80 |       839.16 |       847.74 |                  7.90 |                    5.00 |     98 |    40.9320 |
|        1 |        442 |           863.80 |       839.16 |       864.02 |                  7.34 |                    5.00 |     98 |    40.9920 |
|        1 |        443 |           863.80 |       839.16 |       870.32 |                  7.68 |                    5.00 |     98 |    41.0673 |
|        1 |        444 |           863.80 |       839.16 |       872.23 |                  6.27 |                    5.00 |     98 |    41.1244 |
|        1 |        445 |           863.80 |       839.16 |       870.29 |                 11.61 |                    5.00 |     98 |    41.1788 |
|        1 |        446 |           863.80 |       839.16 |       880.75 |                 11.46 |                    5.00 |     98 |    41.2421 |
|        1 |        447 |           863.80 |       839.16 |       878.51 |                  8.55 |                    5.00 |     98 |    41.2890 |
|        1 |        448 |           863.80 |       839.16 |       873.21 |                  7.48 |                    5.00 |     98 |    41.3423 |
|        1 |        449 |           863.80 |       839.16 |       871.97 |                  6.17 |                    5.00 |     98 |    41.3993 |
|        1 |        450 |           863.80 |       839.16 |       869.78 |                  6.02 |                    5.00 |     98 |    41.4638 |
|        1 |        451 |           863.80 |       839.16 |       867.77 |                  6.77 |                    5.00 |     98 |    41.5117 |
|        1 |        452 |           863.80 |       839.16 |       869.14 |                  6.49 |                    5.00 |     98 |    41.5549 |
|        1 |        453 |           863.80 |       839.16 |       871.04 |                 12.64 |                    5.00 |     98 |    41.6142 |
|        1 |        454 |           863.80 |       839.16 |       891.66 |                 14.21 |                    5.00 |     99 |    41.6690 |
|        1 |        455 |           863.80 |       839.16 |       893.80 |                  9.39 |                    5.00 |     99 |    41.7297 |
|        1 |        456 |           863.80 |       839.16 |       895.60 |                 11.31 |                    5.00 |     99 |    41.7978 |
|        1 |        457 |           863.80 |       839.16 |       892.60 |                  5.00 |                    5.00 |     99 |    41.8940 |
|        1 |        458 |           863.80 |       839.16 |       892.60 |                  5.00 |                    5.00 |     99 |    41.9596 |
|        1 |        459 |           863.80 |       839.16 |       891.40 |                  6.22 |                    5.00 |     99 |    42.0687 |
|        1 |        460 |           863.80 |       839.16 |       899.98 |                  9.64 |                    5.00 |     99 |    42.1334 |
|        1 |        461 |           863.80 |       839.16 |       891.40 |                  6.75 |                    5.00 |     99 |    42.3035 |
|        1 |        462 |           863.80 |       839.16 |       891.40 |                  5.00 |                    5.00 |     99 |    42.3769 |
|        1 |        463 |           863.80 |       839.16 |       892.00 |                  5.00 |                    5.00 |     99 |    42.4441 |
|        1 |        464 |           863.80 |       839.16 |       892.00 |                  7.23 |                    5.00 |     99 |    42.5159 |
|        1 |        465 |           863.80 |       839.16 |       892.00 |                  7.57 |                    5.00 |     99 |    42.5745 |
|        1 |        466 |           863.80 |       839.16 |       891.40 |                  6.87 |                    5.00 |     99 |    42.6520 |
|        1 |        467 |           863.80 |       839.16 |       891.40 |                  5.00 |                    5.00 |     99 |    42.7049 |
|        1 |        468 |           863.80 |       839.16 |       891.40 |                  9.93 |                    5.00 |     99 |    42.7825 |
|        1 |        469 |           863.80 |       839.16 |       891.40 |                  5.95 |                    5.00 |     99 |    42.8337 |
|        1 |        470 |           863.80 |       839.16 |       905.08 |                 11.59 |                    5.00 |     99 |    42.9106 |
|        1 |        471 |           863.80 |       839.16 |       911.90 |                 23.91 |                    5.00 |     99 |    43.0167 |
|        1 |        472 |           863.80 |       839.16 |       863.90 |                 11.41 |                    5.00 |     99 |    43.1850 |
|        1 |        473 |           863.80 |       839.16 |       893.30 |                  6.57 |                    5.00 |     99 |    43.2363 |
|        1 |        474 |           863.80 |       839.16 |       893.30 |                  5.00 |                    5.00 |     99 |    43.2986 |
|        1 |        475 |           863.80 |       839.16 |       844.04 |                  7.36 |                    5.00 |     99 |    43.3763 |
|        1 |        476 |           863.80 |       839.16 |       847.70 |                  5.00 |                    5.00 |    100 |    43.4344 |
|        1 |        477 |           863.80 |       839.16 |       840.51 |                  5.63 |                    5.00 |    100 |    43.4782 |
|        1 |        478 |           863.80 |       839.16 |       859.25 |                  8.29 |                    5.00 |    100 |    43.5399 |
|        1 |        479 |           863.80 |       839.16 |       874.31 |                 15.99 |                    5.00 |    100 |    43.6084 |
|        1 |        480 |           863.80 |       839.16 |       877.45 |                 28.69 |                    5.00 |    100 |    43.7045 |
|        1 |        481 |           863.80 |       839.16 |       883.06 |                  9.55 |                    5.00 |    100 |    43.8746 |
|        1 |        482 |           863.80 |       839.16 |       880.25 |                 16.68 |                    5.00 |    100 |    43.9268 |
|        1 |        483 |           863.80 |       839.16 |       888.74 |                 29.08 |                    5.00 |    100 |    44.0006 |
|        1 |        484 |           863.80 |       839.16 |       892.55 |                 19.17 |                    5.00 |    100 |    44.1092 |
|        1 |        485 |           863.80 |       839.16 |       867.00 |                 10.69 |                    5.00 |    100 |    44.1841 |
|        1 |        486 |           863.80 |       839.16 |       866.40 |                  5.72 |                    5.00 |    100 |    44.2688 |
|        1 |        487 |           863.80 |       839.16 |       866.40 |                  5.00 |                    5.00 |    100 |    44.3257 |
|        1 |        488 |           863.80 |       839.16 |       866.40 |                  5.00 |                    5.00 |    100 |    44.3696 |
|        1 |        489 |           863.80 |       839.16 |       845.78 |                 11.31 |                    5.00 |    100 |    44.4463 |
|        1 |        490 |           863.80 |       839.16 |       885.69 |                 16.01 |                    5.00 |    100 |    44.4914 |
|        1 |        491 |           863.80 |       839.16 |       893.80 |                  8.74 |                    5.00 |    100 |    44.5780 |
|        1 |        492 |           863.80 |       839.16 |       893.80 |                  5.00 |                    5.00 |    100 |    44.6404 |
|        1 |        493 |           863.80 |       839.16 |       893.80 |                  7.59 |                    5.00 |    100 |    44.6850 |
|        1 |        494 |           863.80 |       839.16 |       890.79 |                 12.58 |                    5.00 |    100 |    44.7803 |
|        1 |        495 |           863.80 |       839.16 |       893.80 |                  7.89 |                    5.00 |    100 |    44.8871 |
|        1 |        496 |           863.80 |       839.16 |       893.80 |                  6.77 |                    5.00 |    100 |    44.9567 |
|        1 |        497 |           863.80 |       839.16 |       893.80 |                  5.00 |                    5.00 |    100 |    45.0113 |
|        1 |        498 |           863.80 |       839.16 |       894.40 |                  5.31 |                    5.00 |    100 |    45.0596 |
|        1 |        499 |           863.80 |       839.16 |       893.80 |                  5.00 |                    5.00 |    100 |    45.1632 |
|        1 |        500 |           863.80 |       839.16 |       872.21 |                 10.03 |                    5.00 |    100 |    45.2485 |
------------------------------------------------------------------------------------------------------------------------------------------------
Version identifier: 22.1.2.0 | 2024-11-26 | 0edbb82fd
CPXPARAM_MIP_Tolerances_UpperCutoff              863.900000000001
Tried aggregator 1 time.
MIP Presolve eliminated 58 rows and 25 columns.
MIP Presolve modified 51 coefficients.
Reduced MIP has 43 rows, 75 columns, and 344 nonzeros.
Reduced MIP has 75 binaries, 0 generals, 0 SOSs, and 0 indicators.
Presolve time = 0.00 sec. (0.32 ticks)
Probing fixed 6 vars, tightened 0 bounds.
Probing time = 0.00 sec. (0.25 ticks)
Tried aggregator 1 time.
MIP Presolve eliminated 8 rows and 13 columns.
Reduced MIP has 35 rows, 62 columns, and 258 nonzeros.
Reduced MIP has 62 binaries, 0 generals, 0 SOSs, and 0 indicators.
Presolve time = 0.00 sec. (0.17 ticks)
Probing time = 0.00 sec. (0.18 ticks)
Tried aggregator 1 time.
Detecting symmetries...
MIP Presolve eliminated 3 rows and 3 columns.
Reduced MIP has 32 rows, 59 columns, and 244 nonzeros.
Reduced MIP has 59 binaries, 0 generals, 0 SOSs, and 0 indicators.
Presolve time = 0.00 sec. (0.16 ticks)
Probing time = 0.00 sec. (0.17 ticks)
Clique table members: 154.
MIP emphasis: balance optimality and feasibility.
MIP search method: dynamic search.
Parallel mode: deterministic, using up to 8 threads.
Root relaxation solution time = 0.00 sec. (0.08 ticks)

        Nodes                                         Cuts/
   Node  Left     Objective  IInf  Best Integer    Best Bound    ItCnt     Gap

      0     0      846.5000     3                    846.5000       19         
*     0+    0                          863.9000      846.5000             2.01%
*     0+    0                          863.8000      846.5000             2.00%
      0     0        cutoff            863.8000      863.8000       23    0.00%
Elapsed time = 0.02 sec. (1.87 ticks, tree = 0.01 MB, solutions = 2)
objective_value(sp) = 863.8
 48.890634 seconds (6.84 M allocations: 340.486 MiB, 0.17% gc time, 8.56% compilation time)
#1: 0 (0.0) {99.0} -> 32 (30.0) {130.6} [31.0, 391.0] -> 33 (70.0) {222.6} [33.0, 393.0] -> 31 (90.0) {317.9} [39.0, 399.0] -> 35 (100.0) {412.9} [134.0, 494.0] -> 37 (120.0) {508.7} [229.0, 589.0] -> 38 (150.0) {600.7} [321.0, 681.0] -> 39 (170.0) {695.7} [416.0, 776.0] -> 36 (180.0) {790.7} [511.0, 871.0] -> 34 (200.0) {883.7} [604.0, 964.0] -> 0 (200.0) {1006.0} [0.0, 1236.0]
#2: 0 (0.0) {126.0} -> 90 (10.0) {146.6} [20.0, 380.0] -> 87 (30.0) {241.6} [25.0, 385.0] -> 86 (40.0) {332.6} [26.0, 386.0] -> 83 (50.0) {428.6} [122.0, 482.0] -> 82 (70.0) {521.6} [215.0, 575.0] -> 84 (90.0) {617.4} [311.0, 671.0] -> 85 (120.0) {710.2} [404.0, 764.0] -> 88 (150.0) {803.2} [497.0, 857.0] -> 89 (160.0) {896.0} [590.0, 950.0] -> 91 (170.0) {989.6} [683.0, 1043.0] -> 0 (170.0) {1101.9} [0.0, 1236.0]
#3: 0 (0.0) {117.0} -> 57 (40.0) {152.0} [35.0, 395.0] -> 55 (50.0) {244.0} [35.0, 395.0] -> 54 (90.0) {339.0} [42.0, 402.0] -> 53 (110.0) {434.3} [137.0, 497.0] -> 56 (140.0) {528.3} [231.0, 591.0] -> 58 (170.0) {620.3} [323.0, 683.0] -> 60 (190.0) {713.3} [416.0, 776.0] -> 59 (200.0) {813.7} [516.0, 876.0] -> 0 (200.0) {938.7} [0.0, 1236.0]
#4: 0 (0.0) {115.0} -> 20 (10.0) {125.0} [10.0, 370.0] -> 24 (20.0) {220.0} [15.0, 375.0] -> 25 (60.0) {312.0} [17.0, 377.0] -> 27 (70.0) {404.0} [109.0, 469.0] -> 29 (80.0) {497.6} [202.0, 562.0] -> 30 (90.0) {592.6} [297.0, 657.0] -> 28 (110.0) {685.6} [390.0, 750.0] -> 26 (120.0) {777.6} [482.0, 842.0] -> 23 (130.0) {870.6} [575.0, 935.0] -> 22 (150.0) {963.6} [668.0, 1028.0] -> 21 (170.0) {1055.6} [760.0, 1120.0] -> 0 (170.0) {1155.7} [0.0, 1236.0]
#5: 0 (0.0) {123.0} -> 67 (10.0) {135.2} [12.0, 372.0] -> 65 (20.0) {226.2} [12.0, 372.0] -> 63 (70.0) {318.2} [15.0, 375.0] -> 62 (90.0) {413.2} [110.0, 470.0] -> 74 (140.0) {506.2} [203.0, 563.0] -> 72 (150.0) {601.2} [298.0, 658.0] -> 61 (160.0) {694.2} [391.0, 751.0] -> 64 (170.0) {786.2} [483.0, 843.0] -> 68 (180.0) {879.2} [576.0, 936.0] -> 66 (190.0) {974.5} [671.0, 1031.0] -> 69 (200.0) {1066.5} [763.0, 1123.0] -> 0 (200.0) {1172.3} [0.0, 1236.0]
#6: 0 (0.0) {120.0} -> 81 (30.0) {167.4} [47.0, 407.0] -> 78 (50.0) {260.4} [50.0, 410.0] -> 76 (60.0) {352.4} [52.0, 412.0] -> 71 (80.0) {447.4} [147.0, 507.0] -> 70 (110.0) {542.4} [242.0, 602.0] -> 73 (120.0) {635.4} [335.0, 695.0] -> 77 (130.0) {729.4} [429.0, 789.0] -> 79 (140.0) {820.4} [520.0, 880.0] -> 80 (150.0) {915.7} [615.0, 975.0] -> 0 (150.0) {1057.1} [0.0, 1236.0]
#7: 0 (0.0) {116.0} -> 13 (30.0) {146.8} [30.0, 390.0] -> 17 (50.0) {240.8} [33.0, 393.0] -> 18 (70.0) {333.8} [37.0, 397.0] -> 19 (80.0) {428.8} [132.0, 492.0] -> 15 (120.0) {523.8} [227.0, 587.0] -> 16 (160.0) {618.8} [322.0, 682.0] -> 14 (170.0) {710.8} [414.0, 774.0] -> 12 (190.0) {803.8} [507.0, 867.0] -> 0 (190.0) {931.8} [0.0, 1236.0]
#8: 0 (0.0) {109.0} -> 5 (10.0) {124.1} [15.0, 375.0] -> 3 (20.0) {215.1} [16.0, 376.0] -> 7 (40.0) {307.1} [18.0, 378.0] -> 8 (60.0) {399.9} [110.0, 470.0] -> 10 (70.0) {493.5} [204.0, 564.0] -> 11 (80.0) {586.5} [297.0, 657.0] -> 9 (90.0) {679.6} [390.0, 750.0] -> 6 (110.0) {771.8} [482.0, 842.0] -> 4 (120.0) {864.0} [575.0, 935.0] -> 2 (150.0) {957.6} [668.0, 1028.0] -> 75 (170.0) {1052.6} [770.0, 1130.0] -> 0 (170.0) {1158.4} [0.0, 1236.0]
#9: 0 (0.0) {121.0} -> 98 (20.0) {151.8} [30.0, 390.0] -> 96 (30.0) {247.1} [36.0, 396.0] -> 95 (60.0) {339.1} [38.0, 398.0] -> 94 (70.0) {432.7} [131.0, 491.0] -> 92 (90.0) {526.3} [225.0, 585.0] -> 93 (130.0) {618.3} [317.0, 677.0] -> 97 (160.0) {713.3} [412.0, 772.0] -> 100 (180.0) {808.3} [507.0, 867.0] -> 99 (190.0) {903.3} [602.0, 962.0] -> 1 (200.0) {1008.9} [760.0, 1120.0] -> 0 (200.0) {1117.5} [0.0, 1236.0]
#10: 0 (0.0) {39.0} -> 43 (10.0) {55.5} [16.0, 376.0] -> 47 (20.0) {767.0} [767.0, 1127.0] -> 0 (20.0) {875.0} [0.0, 1236.0]
#11: 0 (0.0) {106.0} -> 41 (10.0) {124.6} [21.0, 381.0] -> 40 (20.0) {216.6} [113.0, 473.0] -> 42 (40.0) {309.4} [19.0, 379.0] -> 44 (50.0) {401.6} [206.0, 566.0] -> 45 (60.0) {493.6} [391.0, 751.0] -> 46 (90.0) {585.6} [299.0, 659.0] -> 48 (100.0) {678.4} [483.0, 843.0] -> 51 (110.0) {771.4} [576.0, 936.0] -> 50 (120.0) {863.6} [668.0, 1028.0] -> 52 (130.0) {956.7} [761.0, 1121.0] -> 49 (140.0) {1049.7} [766.0, 1126.0] -> 0 (140.0) {1158.9} [0.0, 1236.0]

Dist: 863.8. Cost: 863.8

Root node processing (before b&c):
  Real time             =    0.02 sec. (1.87 ticks)
Parallel b&c, 8 threads:
  Real time             =    0.00 sec. (0.00 ticks)
  Sync time (average)   =    0.00 sec.
  Wait time (average)   =    0.00 sec.
                          ------------
Total (root+branch&cut) =    0.02 sec. (1.87 ticks)
