Solving instance /mnt/c/Users/bruno.mattos/OneDrive - americanas s.a/Documentos/GitHub/GenericILS/TWRD/100/C201_100_010.vrptwrd...
------------------------------------------------------------------------------------------------------------------------------------------------
|  Restart |  Iteration |  Best Feas. Cost |    Best Cost |   Curr. Cost |   Penalty Custom Res. |   Penalty Standard Res. |   Pool |   Time (s) |
------------------------------------------------------------------------------------------------------------------------------------------------
|        1 |          1 |           763.50 |       763.50 |       763.50 |                 23.75 |                   21.49 |      9 |     0.1516 |
|        1 |          2 |           763.50 |       763.50 |       763.50 |                 13.12 |                   11.40 |      9 |     0.6162 |
|        1 |          3 |           763.50 |       763.04 |       763.04 |                 13.07 |                    5.53 |     10 |     0.6766 |
|        1 |          4 |           763.50 |       761.74 |       761.74 |                 12.78 |                    5.00 |     10 |     0.7185 |
|        1 |          5 |           763.50 |       760.74 |       760.74 |                 12.84 |                    5.00 |     11 |     0.7945 |
|        1 |          0 |           744.90 |       744.90 |       744.90 |                 11.23 |                    5.00 |     15 |     0.8617 |
|        1 |          1 |           744.90 |       744.90 |       744.90 |                 13.54 |                    5.00 |     15 |     0.9042 |
|        1 |          2 |           744.90 |       743.55 |       743.55 |                 10.25 |                    5.00 |     16 |     1.0398 |
|        1 |          3 |           744.90 |       739.02 |       739.02 |                  9.99 |                    5.00 |     16 |     1.1349 |
|        1 |          4 |           744.90 |       739.02 |       741.08 |                 15.93 |                    5.00 |     16 |     1.1943 |
|        1 |          5 |           744.90 |       739.02 |       744.90 |                 22.75 |                    5.00 |     16 |     1.2710 |
|        1 |          0 |           744.20 |       739.02 |       744.20 |                 13.20 |                    5.00 |     16 |     1.3407 |
|        1 |          1 |           744.20 |       739.02 |       743.63 |                 13.96 |                    5.00 |     16 |     1.4113 |
|        1 |          2 |           744.20 |       739.02 |       776.60 |                 11.04 |                    5.00 |     20 |     1.4870 |
|        1 |          3 |           744.20 |       739.02 |       744.20 |                 12.25 |                    5.00 |     20 |     1.5793 |
|        1 |          4 |           744.20 |       739.02 |       743.14 |                 11.49 |                    5.00 |     20 |     1.6514 |
|        1 |          5 |           744.20 |       739.02 |       744.20 |                 12.29 |                    5.00 |     20 |     1.6910 |
|        1 |          6 |           744.20 |       739.02 |       814.30 |                 16.16 |                    5.00 |     22 |     1.8022 |
|        1 |          7 |           744.20 |       739.02 |       795.00 |                 16.03 |                    5.00 |     24 |     1.9517 |
|        1 |          8 |           744.20 |       739.02 |       764.18 |                 11.80 |                    5.00 |     24 |     2.0602 |
|        1 |          9 |           744.20 |       739.02 |       761.36 |                 12.33 |                    5.00 |     24 |     2.1816 |
|        1 |         10 |           744.20 |       739.02 |       761.02 |                 13.16 |                    5.00 |     24 |     2.2745 |
|        1 |         11 |           744.20 |       739.02 |       763.50 |                 16.51 |                    5.00 |     24 |     2.3604 |
|        1 |         12 |           744.20 |       739.02 |       763.50 |                 15.81 |                    5.00 |     24 |     2.4233 |
|        1 |         13 |           744.20 |       739.02 |       759.59 |                 13.70 |                    5.00 |     25 |     2.4970 |
|        1 |         14 |           744.20 |       739.02 |       763.50 |                 15.71 |                    5.00 |     25 |     2.5706 |
|        1 |         15 |           744.20 |       739.02 |       761.96 |                 13.69 |                    5.00 |     25 |     2.7517 |
|        1 |         16 |           744.20 |       739.02 |       762.35 |                 13.25 |                    5.00 |     25 |     2.8181 |
|        1 |         17 |           744.20 |       739.02 |       758.10 |                 16.23 |                    5.00 |     25 |     2.9727 |
|        1 |         18 |           744.20 |       739.02 |       761.27 |                 14.61 |                    5.00 |     25 |     3.0787 |
|        1 |         19 |           744.20 |       739.02 |       763.12 |                 14.38 |                    5.00 |     25 |     3.2237 |
|        1 |         20 |           744.20 |       739.02 |       763.28 |                 12.59 |                    5.00 |     25 |     3.2970 |
|        1 |         21 |           744.20 |       739.02 |       764.20 |                 14.29 |                    5.00 |     25 |     3.3666 |
|        1 |         22 |           744.20 |       739.02 |       743.79 |                 15.09 |                    5.00 |     25 |     3.4776 |
|        1 |         23 |           744.20 |       739.02 |       768.18 |                 12.70 |                    5.00 |     25 |     3.5321 |
|        1 |         24 |           744.20 |       739.02 |       762.94 |                 20.26 |                    5.14 |     25 |     3.5907 |
|        1 |         25 |           744.20 |       739.02 |       744.90 |                 11.26 |                    5.00 |     25 |     3.7628 |
|        1 |         26 |           744.20 |       736.02 |       736.02 |                 11.31 |                    5.00 |     25 |     3.8676 |
|        1 |         27 |           744.20 |       736.02 |       740.75 |                 13.37 |                    5.00 |     25 |     4.0049 |
|        1 |         28 |           744.20 |       736.02 |       740.75 |                 12.44 |                    5.00 |     25 |     4.0718 |
|        1 |         29 |           744.20 |       736.02 |       742.85 |                 16.39 |                    5.00 |     25 |     4.2879 |
|        1 |         30 |           744.20 |       736.02 |       744.20 |                 12.47 |                    5.00 |     25 |     4.4028 |
|        1 |         31 |           744.20 |       736.02 |       743.25 |                 10.78 |                    5.00 |     25 |     4.5982 |
|        1 |         32 |           744.20 |       736.02 |       743.25 |                 15.11 |                    5.00 |     25 |     4.7597 |
|        1 |         33 |           744.20 |       736.02 |       744.20 |                 10.31 |                    5.00 |     25 |     4.9620 |
|        1 |         34 |           744.20 |       736.02 |       743.71 |                 15.04 |                    5.00 |     25 |     5.1188 |
|        1 |         35 |           744.20 |       736.02 |       744.20 |                 10.76 |                    5.00 |     25 |     5.3793 |
|        1 |         36 |           744.20 |       736.02 |       738.70 |                 14.03 |                    5.00 |     25 |     5.5601 |
|        1 |         37 |           744.20 |       736.02 |       762.16 |                 15.69 |                    5.00 |     25 |     5.7824 |
|        1 |         38 |           744.20 |       736.02 |       759.30 |                 16.58 |                    5.00 |     25 |     5.9333 |
|        1 |         39 |           744.20 |       736.02 |       763.03 |                 12.57 |                    5.00 |     25 |     6.2118 |
|        1 |         40 |           744.20 |       736.02 |       761.75 |                 12.90 |                    5.00 |     25 |     6.5461 |
|        1 |         41 |           744.20 |       736.02 |       761.90 |                 13.11 |                    5.00 |     25 |     6.6987 |
|        1 |         42 |           744.20 |       736.02 |       762.27 |                 14.43 |                    5.00 |     25 |     6.8365 |
|        1 |         43 |           744.20 |       736.02 |       763.50 |                 15.28 |                    5.00 |     25 |     6.9200 |
|        1 |         44 |           744.20 |       736.02 |       760.74 |                 13.79 |                    5.00 |     25 |     7.0319 |
|        1 |         45 |           744.20 |       736.02 |       761.08 |                 15.21 |                    5.00 |     25 |     7.1224 |
|        1 |         46 |           744.20 |       736.02 |       763.50 |                 13.44 |                    5.00 |     25 |     7.2813 |
|        1 |         47 |           744.20 |       736.02 |       760.02 |                 11.96 |                    5.00 |     25 |     7.5584 |
|        1 |         48 |           744.20 |       736.02 |       760.63 |                 13.56 |                    5.00 |     25 |     7.7218 |
|        1 |         49 |           744.20 |       736.02 |       763.50 |                 13.78 |                    5.00 |     25 |     8.0776 |
|        1 |         50 |           744.20 |       736.02 |       761.56 |                 12.55 |                    5.00 |     25 |     8.1981 |
|        1 |         51 |           744.20 |       736.02 |       763.50 |                 13.69 |                    5.00 |     25 |     8.3420 |
|        1 |         52 |           744.20 |       736.02 |       762.60 |                 13.49 |                    5.00 |     25 |     8.5363 |
|        1 |         53 |           744.20 |       736.02 |       763.14 |                 14.25 |                    5.00 |     25 |     8.7147 |
|        1 |         54 |           744.20 |       736.02 |       762.76 |                 15.97 |                    5.00 |     25 |     8.9549 |
|        1 |         55 |           744.20 |       736.02 |       763.39 |                 13.69 |                    5.00 |     25 |     9.1203 |
|        1 |         56 |           744.20 |       736.02 |       762.56 |                 13.51 |                    5.00 |     25 |     9.3001 |
|        1 |         57 |           744.20 |       736.02 |       763.22 |                 15.80 |                    5.00 |     25 |     9.4220 |
|        1 |         58 |           744.20 |       736.02 |       763.37 |                 12.74 |                    5.00 |     25 |     9.6270 |
|        1 |         59 |           744.20 |       736.02 |       760.48 |                 13.88 |                    5.00 |     25 |     9.7768 |
|        1 |         60 |           744.20 |       736.02 |       763.39 |                 13.01 |                    5.00 |     25 |     9.9100 |
|        1 |         61 |           744.20 |       736.02 |       773.60 |                 14.76 |                    5.00 |     28 |    10.0510 |
|        1 |         62 |           744.20 |       736.02 |       763.19 |                 16.08 |                    5.00 |     28 |    10.1999 |
|        1 |         63 |           744.20 |       736.02 |       762.82 |                 11.74 |                    5.00 |     28 |    10.3584 |
|        1 |         64 |           744.20 |       736.02 |       762.74 |                 11.83 |                    5.00 |     28 |    10.4171 |
|        1 |         65 |           744.20 |       736.02 |       762.46 |                 14.69 |                    5.00 |     28 |    10.5013 |
|        1 |         66 |           744.20 |       736.02 |       788.48 |                 12.60 |                    5.00 |     28 |    10.5957 |
|        1 |         67 |           744.20 |       736.02 |       782.53 |                 15.50 |                    5.00 |     28 |    10.6720 |
|        1 |         68 |           744.20 |       736.02 |       761.88 |                 11.98 |                    5.00 |     28 |    10.8717 |
|        1 |         69 |           744.20 |       736.02 |       761.98 |                 12.52 |                    5.00 |     28 |    11.0376 |
|        1 |         70 |           744.20 |       736.02 |       763.50 |                 12.85 |                    5.00 |     28 |    11.1186 |
|        1 |         71 |           744.20 |       736.02 |       759.33 |                 12.81 |                    5.00 |     28 |    11.1902 |
|        1 |         72 |           744.20 |       736.02 |       760.91 |                 13.57 |                    5.00 |     28 |    11.2614 |
|        1 |         73 |           744.20 |       736.02 |       763.50 |                 14.94 |                    5.00 |     28 |    11.3643 |
|        1 |         74 |           744.20 |       736.02 |       760.55 |                 13.65 |                    5.00 |     28 |    11.6810 |
|        1 |         75 |           744.20 |       736.02 |       763.50 |                 14.43 |                    5.00 |     28 |    11.7800 |
|        1 |         76 |           744.20 |       736.02 |       761.45 |                 11.88 |                    5.00 |     28 |    11.8788 |
|        1 |         77 |           744.20 |       736.02 |       761.79 |                 14.00 |                    5.00 |     28 |    11.9982 |
|        1 |         78 |           744.20 |       736.02 |       762.13 |                 16.17 |                    5.00 |     28 |    12.1054 |
|        1 |         79 |           744.20 |       736.02 |       762.18 |                 12.37 |                    5.00 |     28 |    12.2508 |
|        1 |         80 |           744.20 |       736.02 |       760.54 |                 12.46 |                    5.00 |     28 |    12.2940 |
|        1 |         81 |           744.20 |       736.02 |       758.96 |                 14.58 |                    5.00 |     28 |    12.3504 |
|        1 |         82 |           744.20 |       736.02 |       761.41 |                 12.96 |                    5.00 |     28 |    12.4894 |
|        1 |         83 |           744.20 |       736.02 |       762.43 |                 16.22 |                    5.00 |     28 |    12.6013 |
|        1 |         84 |           744.20 |       736.02 |       763.50 |                 12.99 |                    5.00 |     28 |    12.6389 |
|        1 |         85 |           744.20 |       736.02 |       762.31 |                 13.21 |                    5.00 |     28 |    12.7008 |
|        1 |         86 |           744.20 |       736.02 |       764.20 |                 12.52 |                    5.00 |     28 |    12.7659 |
|        1 |         87 |           744.20 |       736.02 |       762.82 |                 12.47 |                    5.00 |     28 |    12.8342 |
|        1 |         88 |           744.20 |       736.02 |       762.46 |                 12.78 |                    5.00 |     28 |    12.9341 |
|        1 |         89 |           744.20 |       736.02 |       760.74 |                 12.87 |                    5.00 |     28 |    12.9930 |
|        1 |         90 |           744.20 |       736.02 |       761.00 |                 13.33 |                    5.00 |     28 |    13.0742 |
|        1 |         91 |           744.20 |       736.02 |       762.85 |                 12.37 |                    5.00 |     28 |    13.1631 |
|        1 |         92 |           744.20 |       736.02 |       763.02 |                 11.72 |                    5.00 |     28 |    13.2401 |
|        1 |         93 |           744.20 |       736.02 |       762.93 |                 14.99 |                    5.00 |     28 |    13.3387 |
|        1 |         94 |           744.20 |       736.02 |       762.59 |                 12.97 |                    5.00 |     28 |    13.4221 |
|        1 |         95 |           744.20 |       736.02 |       762.27 |                 19.08 |                    5.00 |     28 |    13.4980 |
|        1 |         96 |           744.20 |       736.02 |       762.38 |                 19.75 |                    5.00 |     28 |    13.6075 |
|        1 |         97 |           744.20 |       736.02 |       763.50 |                 20.72 |                    5.00 |     28 |    13.6526 |
|        1 |         98 |           744.20 |       736.02 |       763.50 |                 16.05 |                    5.00 |     28 |    13.7661 |
|        1 |         99 |           744.20 |       736.02 |       761.61 |                 12.09 |                    5.00 |     28 |    13.8435 |
|        1 |        100 |           744.20 |       736.02 |       762.19 |                 12.63 |                    5.00 |     28 |    13.9679 |
|        1 |        101 |           744.20 |       736.02 |       762.36 |                 14.63 |                    5.00 |     28 |    14.0267 |
|        1 |        102 |           744.20 |       736.02 |       761.80 |                 12.67 |                    5.00 |     28 |    14.0917 |
|        1 |        103 |           744.20 |       736.02 |       763.16 |                 14.54 |                    5.00 |     28 |    14.1544 |
|        1 |        104 |           744.20 |       736.02 |       763.50 |                 16.68 |                    5.00 |     28 |    14.2292 |
|        1 |        105 |           744.20 |       736.02 |       763.50 |                 15.51 |                    5.00 |     28 |    14.2802 |
|        1 |        106 |           744.20 |       736.02 |       763.50 |                 12.94 |                    5.00 |     28 |    14.3048 |
|        1 |        107 |           744.20 |       736.02 |       760.43 |                 21.27 |                    5.00 |     28 |    14.3620 |
|        1 |        108 |           744.20 |       736.02 |       764.20 |                 20.34 |                    5.00 |     28 |    14.4488 |
|        1 |        109 |           744.20 |       736.02 |       764.20 |                 14.45 |                    5.00 |     28 |    14.4798 |
|        1 |        110 |           744.20 |       736.02 |       762.66 |                 14.12 |                    5.00 |     28 |    14.5522 |
|        1 |        111 |           744.20 |       736.02 |       761.83 |                 12.07 |                    5.00 |     28 |    14.6782 |
|        1 |        112 |           744.20 |       736.02 |       762.35 |                 12.96 |                    5.00 |     28 |    14.8191 |
|        1 |        113 |           744.20 |       736.02 |       762.50 |                 12.79 |                    5.00 |     28 |    14.8809 |
|        1 |        114 |           744.20 |       736.02 |       762.41 |                 14.95 |                    5.00 |     28 |    14.9485 |
|        1 |        115 |           744.20 |       736.02 |       763.50 |                 13.31 |                    5.00 |     28 |    15.0628 |
|        1 |        116 |           744.20 |       736.02 |       761.90 |                 14.19 |                    5.00 |     28 |    15.1632 |
|        1 |        117 |           744.20 |       736.02 |       761.98 |                 11.79 |                    5.00 |     28 |    15.2516 |
|        1 |        118 |           744.20 |       736.02 |       764.20 |                 13.50 |                    5.00 |     28 |    15.3382 |
|        1 |        119 |           744.20 |       736.02 |       764.20 |                 12.43 |                    5.00 |     28 |    15.3825 |
|        1 |        120 |           744.20 |       736.02 |       763.41 |                 14.99 |                    5.00 |     28 |    15.4434 |
|        1 |        121 |           744.20 |       736.02 |       763.04 |                 12.84 |                    5.00 |     28 |    15.5407 |
|        1 |        122 |           744.20 |       736.02 |       762.22 |                 12.91 |                    5.00 |     28 |    15.6329 |
|        1 |        123 |           744.20 |       736.02 |       761.85 |                 13.36 |                    5.00 |     28 |    15.7416 |
|        1 |        124 |           744.20 |       736.02 |       762.21 |                 13.69 |                    5.00 |     28 |    15.8403 |
|        1 |        125 |           744.20 |       736.02 |       761.87 |                 14.19 |                    5.00 |     28 |    15.9154 |
|        1 |        126 |           744.20 |       736.02 |       762.26 |                 20.88 |                    5.00 |     28 |    15.9822 |
|        1 |        127 |           744.20 |       736.02 |       763.50 |                 12.63 |                    5.00 |     28 |    16.0325 |
|        1 |        128 |           744.20 |       736.02 |       762.36 |                 12.98 |                    5.00 |     28 |    16.0889 |
|        1 |        129 |           744.20 |       736.02 |       762.53 |                 12.68 |                    5.00 |     28 |    16.1391 |
|        1 |        130 |           744.20 |       736.02 |       762.43 |                 16.38 |                    5.00 |     28 |    16.2131 |
|        1 |        131 |           744.20 |       736.02 |       761.85 |                 12.82 |                    5.00 |     28 |    16.3164 |
|        1 |        132 |           744.20 |       736.02 |       761.97 |                 12.39 |                    5.00 |     28 |    16.3889 |
|        1 |        133 |           744.20 |       736.02 |       762.08 |                 14.59 |                    5.00 |     28 |    16.5116 |
|        1 |        134 |           744.20 |       736.02 |       762.45 |                 15.11 |                    5.00 |     28 |    16.6122 |
|        1 |        135 |           744.20 |       736.02 |       761.71 |                 14.59 |                    5.00 |     28 |    16.7039 |
|        1 |        136 |           744.20 |       736.02 |       788.55 |                 12.64 |                    5.00 |     28 |    16.7691 |
|        1 |        137 |           744.20 |       736.02 |       783.61 |                 16.02 |                    5.00 |     28 |    16.8306 |
|        1 |        138 |           744.20 |       736.02 |       760.88 |                 13.55 |                    5.00 |     28 |    16.9526 |
|        1 |        139 |           744.20 |       736.02 |       762.03 |                 11.70 |                    5.00 |     28 |    17.1058 |
|        1 |        140 |           744.20 |       736.02 |       761.97 |                 13.02 |                    5.00 |     28 |    17.1688 |
|        1 |        141 |           744.20 |       736.02 |       763.50 |                 15.09 |                    5.00 |     28 |    17.2250 |
|        1 |        142 |           744.20 |       736.02 |       763.50 |                 13.35 |                    5.00 |     28 |    17.2695 |
|        1 |        143 |           744.20 |       736.02 |       762.01 |                 12.79 |                    5.00 |     28 |    17.3213 |
|        1 |        144 |           744.20 |       736.02 |       763.50 |                 15.10 |                    5.00 |     28 |    17.4046 |
|        1 |        145 |           744.20 |       736.02 |       763.50 |                 16.15 |                    5.00 |     28 |    17.4515 |
|        1 |        146 |           744.20 |       736.02 |       762.61 |                 12.66 |                    5.00 |     28 |    17.5165 |
|        1 |        147 |           744.20 |       736.02 |       760.42 |                 11.66 |                    5.00 |     28 |    17.5595 |
|        1 |        148 |           744.20 |       736.02 |       759.11 |                 17.00 |                    5.00 |     28 |    17.6147 |
|        1 |        149 |           744.20 |       736.02 |       763.50 |                 13.74 |                    5.00 |     28 |    17.6628 |
|        1 |        150 |           744.20 |       736.02 |       761.73 |                 15.29 |                    5.00 |     28 |    17.7170 |
|        1 |        151 |           744.20 |       736.02 |       761.64 |                 11.97 |                    5.00 |     28 |    17.7909 |
|        1 |        152 |           744.20 |       736.02 |       762.29 |                 12.19 |                    5.00 |     28 |    17.8277 |
|        1 |        153 |           744.20 |       736.02 |       762.43 |                 13.41 |                    5.00 |     28 |    17.9028 |
|        1 |        154 |           744.20 |       736.02 |       761.84 |                 14.04 |                    5.00 |     28 |    17.9744 |
|        1 |        155 |           744.20 |       736.02 |       763.49 |                 14.26 |                    5.00 |     28 |    18.0438 |
|        1 |        156 |           744.20 |       736.02 |       761.89 |                 13.96 |                    5.00 |     28 |    18.2364 |
|        1 |        157 |           744.20 |       736.02 |       761.80 |                 14.03 |                    5.00 |     28 |    18.3237 |
|        1 |        158 |           744.20 |       736.02 |       761.73 |                 15.76 |                    5.00 |     28 |    18.4025 |
|        1 |        159 |           744.20 |       736.02 |       761.73 |                 12.63 |                    5.00 |     28 |    18.4302 |
|        1 |        160 |           744.20 |       736.02 |       762.79 |                 12.45 |                    5.00 |     28 |    18.4998 |
|        1 |        161 |           744.20 |       736.02 |       762.46 |                 11.92 |                    5.00 |     28 |    18.5595 |
|        1 |        162 |           744.20 |       736.02 |       762.62 |                 13.26 |                    5.00 |     28 |    18.6288 |
|        1 |        163 |           744.20 |       736.02 |       764.30 |                 15.20 |                    5.00 |     29 |    18.6878 |
|        1 |        164 |           744.20 |       736.02 |       762.67 |                 13.01 |                    5.00 |     29 |    18.7861 |
|        1 |        165 |           744.20 |       736.02 |       762.56 |                 13.49 |                    5.00 |     29 |    18.8561 |
|        1 |        166 |           744.20 |       736.02 |       760.33 |                 12.49 |                    5.00 |     29 |    18.9700 |
|        1 |        167 |           744.20 |       736.02 |       760.49 |                 11.83 |                    5.00 |     29 |    19.0384 |
|        1 |        168 |           744.20 |       736.02 |       762.46 |                 12.54 |                    5.00 |     29 |    19.0744 |
|        1 |        169 |           744.20 |       736.02 |       763.88 |                 12.90 |                    5.00 |     29 |    19.0992 |
|        1 |        170 |           744.20 |       736.02 |       762.77 |                 12.69 |                    5.00 |     29 |    19.2084 |
|        1 |        171 |           744.20 |       736.02 |       761.74 |                 12.90 |                    5.00 |     29 |    19.2635 |
|        1 |        172 |           744.20 |       736.02 |       763.50 |                 11.75 |                    5.00 |     29 |    19.3190 |
|        1 |        173 |           744.20 |       736.02 |       761.74 |                 16.90 |                    5.20 |     29 |    19.4371 |
|        1 |        174 |           744.20 |       736.02 |       762.11 |                 12.84 |                    5.00 |     29 |    19.5139 |
|        1 |        175 |           744.20 |       736.02 |       761.12 |                 19.90 |                    5.00 |     29 |    19.5499 |
|        1 |        176 |           744.20 |       736.02 |       774.90 |                 20.03 |                    5.00 |     31 |    19.6108 |
|        1 |        177 |           744.20 |       736.02 |       763.45 |                 15.02 |                    5.00 |     31 |    19.7379 |
|        1 |        178 |           744.20 |       736.02 |       762.61 |                 13.95 |                    5.00 |     31 |    19.8066 |
|        1 |        179 |           744.20 |       736.02 |       762.79 |                 13.35 |                    5.00 |     31 |    19.8704 |
------------------------------------------------------------------------------------------------------------------------------------------------
|  Restart |  Iteration |  Best Feas. Cost |    Best Cost |   Curr. Cost |   Penalty Custom Res. |   Penalty Standard Res. |   Pool |   Time (s) |
------------------------------------------------------------------------------------------------------------------------------------------------
|        1 |        180 |           744.20 |       736.02 |       762.14 |                 14.36 |                    5.00 |     31 |    20.0348 |
|        1 |        181 |           744.20 |       736.02 |       763.23 |                 14.02 |                    5.00 |     31 |    20.1074 |
|        1 |        182 |           744.20 |       736.02 |       763.15 |                 10.46 |                    5.00 |     31 |    20.2000 |
|        1 |        183 |           744.20 |       736.02 |       762.35 |                 13.93 |                    5.00 |     31 |    20.2767 |
|        1 |        184 |           744.20 |       736.02 |       763.00 |                 12.94 |                    5.00 |     31 |    20.3565 |
|        1 |        185 |           744.20 |       736.02 |       761.43 |                 12.59 |                    5.00 |     31 |    20.5332 |
|        1 |        186 |           744.20 |       736.02 |       758.81 |                 13.13 |                    5.00 |     31 |    20.7107 |
|        1 |        187 |           744.20 |       736.02 |       762.05 |                 12.95 |                    5.00 |     31 |    20.7859 |
|        1 |        188 |           744.20 |       736.02 |       762.71 |                 17.23 |                    5.00 |     31 |    20.8654 |
|        1 |        189 |           744.20 |       736.02 |       762.58 |                 14.32 |                    5.00 |     31 |    20.9615 |
|        1 |        190 |           744.20 |       736.02 |       762.22 |                 13.83 |                    5.00 |     31 |    21.0560 |
|        1 |        191 |           744.20 |       736.02 |       761.17 |                 13.48 |                    5.00 |     31 |    21.1595 |
|        1 |        192 |           744.20 |       736.02 |       763.50 |                 18.14 |                    5.00 |     31 |    21.2298 |
|        1 |        193 |           744.20 |       736.02 |       762.06 |                 12.82 |                    5.00 |     31 |    21.4083 |
|        1 |        194 |           744.20 |       736.02 |       761.91 |                 12.61 |                    5.00 |     31 |    21.7053 |
|        1 |        195 |           744.20 |       736.02 |       763.01 |                 14.73 |                    5.00 |     31 |    21.8529 |
|        1 |        196 |           744.20 |       736.02 |       764.20 |                 13.12 |                    5.00 |     31 |    22.0807 |
|        1 |        197 |           744.20 |       736.02 |       762.77 |                 12.95 |                    5.00 |     31 |    22.2197 |
|        1 |        198 |           744.20 |       736.02 |       762.43 |                 12.63 |                    5.00 |     31 |    22.4843 |
|        1 |        199 |           744.20 |       736.02 |       760.92 |                 13.25 |                    5.00 |     31 |    22.6256 |
|        1 |        200 |           744.20 |       736.02 |       763.50 |                 15.17 |                    5.00 |     31 |    22.9595 |
|        1 |        201 |           744.20 |       736.02 |       763.50 |                 15.91 |                    5.00 |     31 |    23.0548 |
|        1 |        202 |           744.20 |       736.02 |       763.50 |                 13.01 |                    5.00 |     31 |    23.0995 |
|        1 |        203 |           744.20 |       736.02 |       762.56 |                 15.67 |                    5.00 |     31 |    23.2159 |
|        1 |        204 |           744.20 |       736.02 |       763.50 |                 13.32 |                    5.00 |     31 |    23.2835 |
|        1 |        205 |           744.20 |       736.02 |       762.19 |                 13.28 |                    5.00 |     31 |    23.3659 |
|        1 |        206 |           744.20 |       736.02 |       762.50 |                 13.07 |                    5.00 |     31 |    23.5174 |
|        1 |        207 |           744.20 |       736.02 |       760.52 |                 14.12 |                    5.00 |     31 |    23.5864 |
|        1 |        208 |           744.20 |       736.02 |       762.48 |                 22.76 |                    5.00 |     31 |    23.6477 |
|        1 |        209 |           744.20 |       736.02 |       763.50 |                 12.93 |                    5.00 |     31 |    23.8037 |
|        1 |        210 |           744.20 |       736.02 |       762.62 |                 14.55 |                    5.00 |     31 |    23.8595 |
|        1 |        211 |           744.20 |       736.02 |       763.50 |                 13.27 |                    5.00 |     31 |    23.9168 |
|        1 |        212 |           744.20 |       736.02 |       756.22 |                 12.77 |                    5.00 |     31 |    24.1261 |
|        1 |        213 |           744.20 |       736.02 |       763.50 |                 10.72 |                    5.00 |     31 |    24.2662 |
|        1 |        214 |           744.20 |       736.02 |       761.31 |                 14.70 |                    5.00 |     31 |    24.4535 |
|        1 |        215 |           744.20 |       736.02 |       762.35 |                 12.72 |                    5.00 |     31 |    24.6641 |
|        1 |        216 |           744.20 |       736.02 |       761.75 |                 12.77 |                    5.00 |     31 |    24.8939 |
|        1 |        217 |           744.20 |       736.02 |       763.10 |                 14.06 |                    5.00 |     31 |    24.9961 |
|        1 |        218 |           744.20 |       736.02 |       763.48 |                 10.81 |                    5.00 |     31 |    25.0928 |
|        1 |        219 |           744.20 |       736.02 |       760.43 |                 12.79 |                    5.00 |     31 |    25.1791 |
|        1 |        220 |           744.20 |       736.02 |       761.63 |                 13.36 |                    5.00 |     31 |    25.4332 |
|        1 |        221 |           744.20 |       736.02 |       760.10 |                 13.58 |                    5.00 |     31 |    25.5552 |
|        1 |        222 |           744.20 |       736.02 |       760.43 |                 12.85 |                    5.00 |     31 |    25.6715 |
|        1 |        223 |           744.20 |       736.02 |       759.43 |                 20.31 |                    5.00 |     31 |    25.7288 |
|        1 |        224 |           744.20 |       736.02 |       763.50 |                 14.00 |                    5.00 |     31 |    25.7707 |
|        1 |        225 |           744.20 |       736.02 |       763.50 |                 12.51 |                    5.00 |     31 |    25.8350 |
|        1 |        226 |           744.20 |       736.02 |       761.64 |                 14.93 |                    5.00 |     31 |    25.9175 |
|        1 |        227 |           744.20 |       736.02 |       763.50 |                 12.69 |                    5.00 |     31 |    25.9745 |
|        1 |        228 |           744.20 |       736.02 |       763.50 |                 13.18 |                    5.00 |     31 |    26.0372 |
|        1 |        229 |           744.20 |       736.02 |       758.00 |                 19.98 |                    5.00 |     31 |    26.1291 |
|        1 |        230 |           744.20 |       736.02 |       763.50 |                 14.02 |                    5.00 |     31 |    26.2422 |
|        1 |        231 |           744.20 |       736.02 |       763.50 |                 11.78 |                    5.00 |     31 |    26.3460 |
|        1 |        232 |           744.20 |       736.02 |       761.90 |                 12.61 |                    5.00 |     31 |    26.3940 |
|        1 |        233 |           744.20 |       736.02 |       764.20 |                 12.95 |                    5.00 |     31 |    26.4657 |
|        1 |        234 |           744.20 |       736.02 |       763.43 |                 12.91 |                    5.00 |     31 |    26.5320 |
|        1 |        235 |           744.20 |       736.02 |       760.76 |                 14.35 |                    5.00 |     31 |    26.6075 |
|        1 |        236 |           744.20 |       736.02 |       764.20 |                 12.69 |                    5.00 |     31 |    26.6705 |
|        1 |        237 |           744.20 |       736.02 |       763.67 |                 12.78 |                    5.00 |     31 |    26.7241 |
|        1 |        238 |           744.20 |       736.02 |       765.00 |                 10.44 |                    5.00 |     31 |    26.7816 |
|        1 |        239 |           744.20 |       736.02 |       759.46 |                 12.82 |                    5.00 |     31 |    26.8898 |
|        1 |        240 |           744.20 |       736.02 |       762.38 |                 13.79 |                    5.00 |     31 |    27.0520 |
|        1 |        241 |           744.20 |       736.02 |       764.20 |                 13.75 |                    5.00 |     31 |    27.1087 |
|        1 |        242 |           744.20 |       736.02 |       757.71 |                 15.44 |                    5.00 |     31 |    27.1967 |
|        1 |        243 |           744.20 |       736.02 |       763.50 |                 15.82 |                    5.00 |     31 |    27.3157 |
|        1 |        244 |           744.20 |       736.02 |       759.61 |                 13.26 |                    5.00 |     31 |    27.4412 |
|        1 |        245 |           744.20 |       736.02 |       759.78 |                 13.75 |                    5.00 |     31 |    27.5222 |
|        1 |        246 |           744.20 |       736.02 |       763.50 |                 15.76 |                    5.00 |     31 |    27.5781 |
|        1 |        247 |           744.20 |       736.02 |       761.31 |                 10.72 |                    5.00 |     31 |    27.6860 |
|        1 |        248 |           744.20 |       736.02 |       756.89 |                 13.84 |                    5.00 |     31 |    27.7786 |
|        1 |        249 |           744.20 |       736.02 |       757.40 |                 15.22 |                    5.00 |     31 |    27.8951 |
|        1 |        250 |           744.20 |       736.02 |       762.49 |                 12.66 |                    5.00 |     31 |    27.9950 |
|        1 |        251 |           744.20 |       736.02 |       758.58 |                 11.99 |                    5.00 |     31 |    28.0819 |
|        1 |        252 |           744.20 |       736.02 |       762.57 |                 15.21 |                    5.00 |     31 |    28.1372 |
|        1 |        253 |           744.20 |       736.02 |       762.69 |                 10.13 |                    5.00 |     31 |    28.2724 |
|        1 |        254 |           744.20 |       736.02 |       751.75 |                 12.22 |                    5.00 |     31 |    28.3316 |
|        1 |        255 |           744.20 |       736.02 |       760.16 |                 20.89 |                    5.00 |     31 |    28.4159 |
|        1 |        256 |           744.20 |       736.02 |       763.50 |                 14.09 |                    5.00 |     31 |    28.4993 |
|        1 |        257 |           744.20 |       736.02 |       762.33 |                 15.68 |                    5.00 |     31 |    28.6007 |
|        1 |        258 |           744.20 |       736.02 |       760.63 |                 13.02 |                    5.00 |     31 |    28.7286 |
|        1 |        259 |           744.20 |       736.02 |       744.20 |                 11.27 |                    5.00 |     31 |    28.8337 |
|        1 |        260 |           744.20 |       736.02 |       743.48 |                 10.68 |                    5.00 |     31 |    28.9109 |
|        1 |        261 |           744.20 |       736.02 |       744.90 |                 10.13 |                    5.00 |     31 |    28.9771 |
|        1 |        262 |           744.20 |       736.02 |       744.45 |                 12.58 |                    5.00 |     31 |    29.0634 |
|        1 |        263 |           744.20 |       736.02 |       744.20 |                 15.94 |                    5.00 |     31 |    29.1753 |
|        1 |        264 |           744.20 |       736.02 |       744.90 |                 10.40 |                    5.00 |     31 |    29.5756 |
|        1 |        265 |           744.20 |       736.02 |       743.48 |                 11.82 |                    5.00 |     31 |    29.6487 |
|        1 |        266 |           744.20 |       736.02 |       744.20 |                 11.78 |                    5.00 |     31 |    29.7255 |
|        1 |        267 |           744.20 |       736.02 |       744.20 |                 16.67 |                    5.00 |     31 |    29.7912 |
|        1 |        268 |           744.20 |       736.02 |       744.20 |                 15.98 |                    5.00 |     31 |    29.8590 |
|        1 |        269 |           744.20 |       736.02 |       744.20 |                 15.47 |                    5.00 |     31 |    29.9516 |
|        1 |        270 |           744.20 |       736.02 |       742.98 |                 10.31 |                    5.00 |     31 |    30.0801 |
|        1 |        271 |           744.20 |       736.02 |       743.70 |                 13.06 |                    5.00 |     31 |    30.1558 |
|        1 |        272 |           744.20 |       736.02 |       758.80 |                 12.62 |                    5.00 |     31 |    30.2732 |
|        1 |        273 |           744.20 |       736.02 |       761.36 |                 12.83 |                    5.00 |     31 |    30.3545 |
|        1 |        274 |           744.20 |       736.02 |       762.00 |                 12.91 |                    5.00 |     31 |    30.4385 |
|        1 |        275 |           744.20 |       736.02 |       762.00 |                 17.35 |                    5.00 |     31 |    30.5505 |
|        1 |        276 |           744.20 |       736.02 |       772.81 |                 25.58 |                    5.00 |     31 |    30.5931 |
|        1 |        277 |           744.20 |       736.02 |       774.90 |                 16.56 |                    5.00 |     31 |    30.6993 |
|        1 |        278 |           744.20 |       736.02 |       761.18 |                 14.47 |                    5.00 |     31 |    30.8057 |
|        1 |        279 |           744.20 |       736.02 |       762.93 |                 12.17 |                    5.00 |     31 |    30.8680 |
|        1 |        280 |           744.20 |       736.02 |       762.41 |                 12.01 |                    5.00 |     31 |    30.9237 |
|        1 |        281 |           744.20 |       736.02 |       762.34 |                 12.98 |                    5.00 |     31 |    30.9746 |
|        1 |        282 |           744.20 |       736.02 |       764.20 |                 14.13 |                    5.00 |     31 |    31.0594 |
|        1 |        283 |           744.20 |       736.02 |       762.40 |                 15.26 |                    5.00 |     31 |    31.1164 |
|        1 |        284 |           744.20 |       736.02 |       762.29 |                 13.06 |                    5.00 |     31 |    31.2242 |
|        1 |        285 |           744.20 |       736.02 |       744.90 |                 12.68 |                    5.00 |     31 |    31.4254 |
|        1 |        286 |           744.20 |       736.02 |       743.32 |                 10.54 |                    5.00 |     31 |    31.5200 |
|        1 |        287 |           744.20 |       736.02 |       743.84 |                 10.30 |                    5.00 |     31 |    31.5661 |
|        1 |        288 |           744.20 |       736.02 |       759.46 |                 16.06 |                    5.00 |     31 |    31.6665 |
|        1 |        289 |           744.20 |       736.02 |       762.23 |                 15.00 |                    5.00 |     31 |    31.8078 |
|        1 |        290 |           744.20 |       736.02 |       763.50 |                 12.37 |                    5.00 |     31 |    31.8505 |
|        1 |        291 |           744.20 |       736.02 |       762.10 |                 20.13 |                    5.00 |     31 |    31.8942 |
|        1 |        292 |           744.20 |       736.02 |       763.50 |                 12.93 |                    5.00 |     31 |    31.9359 |
|        1 |        293 |           744.20 |       736.02 |       762.43 |                 17.05 |                    5.00 |     31 |    31.9875 |
|        1 |        294 |           744.20 |       736.02 |       760.28 |                 13.50 |                    5.00 |     31 |    32.0584 |
|        1 |        295 |           744.20 |       736.02 |       762.01 |                 12.67 |                    5.00 |     31 |    32.1216 |
|        1 |        296 |           744.20 |       736.02 |       762.64 |                 13.53 |                    5.00 |     31 |    32.1947 |
|        1 |        297 |           744.20 |       736.02 |       757.46 |                 15.33 |                    5.00 |     31 |    32.2795 |
|        1 |        298 |           744.20 |       736.02 |       761.92 |                 12.00 |                    5.00 |     31 |    32.3532 |
|        1 |        299 |           744.20 |       736.02 |       759.32 |                 18.95 |                    5.00 |     31 |    32.4048 |
|        1 |        300 |           744.20 |       736.02 |       763.50 |                 15.47 |                    5.00 |     31 |    32.4511 |
|        1 |        301 |           744.20 |       736.02 |       763.50 |                 14.38 |                    5.00 |     31 |    32.5063 |
|        1 |        302 |           744.20 |       736.02 |       762.77 |                 13.32 |                    5.00 |     31 |    32.6118 |
|        1 |        303 |           744.20 |       736.02 |       762.66 |                 13.40 |                    5.00 |     31 |    32.6773 |
|        1 |        304 |           744.20 |       736.02 |       762.48 |                 14.85 |                    5.00 |     31 |    32.8015 |
|        1 |        305 |           744.20 |       736.02 |       761.16 |                 15.20 |                    5.00 |     31 |    32.9202 |
|        1 |        306 |           744.20 |       736.02 |       761.04 |                 12.39 |                    5.00 |     31 |    32.9836 |
|        1 |        307 |           744.20 |       736.02 |       760.68 |                 12.33 |                    5.00 |     31 |    33.1030 |
|        1 |        308 |           744.20 |       736.02 |       762.75 |                 16.44 |                    5.00 |     31 |    33.1490 |
|        1 |        309 |           744.20 |       736.02 |       761.86 |                 13.95 |                    5.00 |     31 |    33.2207 |
|        1 |        310 |           744.20 |       736.02 |       762.08 |                 10.71 |                    5.00 |     31 |    33.2884 |
|        1 |        311 |           744.20 |       736.02 |       760.16 |                 13.31 |                    5.00 |     31 |    33.3242 |
|        1 |        312 |           744.20 |       736.02 |       762.64 |                 15.24 |                    5.00 |     31 |    33.3946 |
|        1 |        313 |           744.20 |       736.02 |       763.50 |                 15.50 |                    5.00 |     31 |    33.4518 |
|        1 |        314 |           744.20 |       736.02 |       761.97 |                 16.24 |                    5.00 |     31 |    33.5060 |
|        1 |        315 |           744.20 |       736.02 |       761.38 |                 14.61 |                    5.00 |     31 |    33.6086 |
|        1 |        316 |           744.20 |       736.02 |       762.48 |                 13.57 |                    5.00 |     31 |    33.6767 |
|        1 |        317 |           744.20 |       736.02 |       763.50 |                 12.48 |                    5.00 |     31 |    33.7418 |
|        1 |        318 |           744.20 |       736.02 |       762.28 |                 17.12 |                    5.00 |     31 |    33.8036 |
|        1 |        319 |           744.20 |       736.02 |       761.36 |                 14.60 |                    5.00 |     31 |    33.9565 |
|        1 |        320 |           744.20 |       736.02 |       763.50 |                 15.93 |                    5.00 |     31 |    33.9979 |
|        1 |        321 |           744.20 |       736.02 |       763.50 |                 13.27 |                    5.00 |     31 |    34.0404 |
|        1 |        322 |           744.20 |       736.02 |       762.05 |                 16.28 |                    5.00 |     31 |    34.1261 |
|        1 |        323 |           744.20 |       736.02 |       762.08 |                 12.96 |                    5.00 |     31 |    34.2604 |
|        1 |        324 |           744.20 |       736.02 |       761.05 |                 16.07 |                    5.00 |     31 |    34.3295 |
|        1 |        325 |           744.20 |       736.02 |       763.50 |                 12.11 |                    5.00 |     31 |    34.3708 |
|        1 |        326 |           744.20 |       736.02 |       761.85 |                 16.82 |                    5.00 |     31 |    34.4008 |
|        1 |        327 |           744.20 |       736.02 |       761.64 |                 14.69 |                    5.00 |     31 |    34.4789 |
|        1 |        328 |           744.20 |       736.02 |       761.82 |                 16.12 |                    5.63 |     31 |    34.5975 |
|        1 |        329 |           744.20 |       736.02 |       763.50 |                 14.10 |                    5.00 |     31 |    34.6577 |
|        1 |        330 |           744.20 |       736.02 |       762.47 |                 12.52 |                    5.00 |     31 |    34.8054 |
|        1 |        331 |           744.20 |       736.02 |       762.39 |                 13.53 |                    5.00 |     31 |    34.8430 |
|        1 |        332 |           744.20 |       736.02 |       763.50 |                 16.15 |                    5.00 |     31 |    34.8926 |
|        1 |        333 |           744.20 |       736.02 |       761.27 |                 14.95 |                    5.00 |     31 |    35.0207 |
|        1 |        334 |           744.20 |       736.02 |       764.56 |                 24.59 |                    5.00 |     31 |    35.0674 |
|        1 |        335 |           744.20 |       736.02 |       763.50 |                 19.10 |                    5.00 |     31 |    35.1585 |
|        1 |        336 |           744.20 |       736.02 |       763.50 |                 12.03 |                    5.00 |     31 |    35.2220 |
|        1 |        337 |           744.20 |       736.02 |       762.09 |                 13.77 |                    5.00 |     31 |    35.3181 |
|        1 |        338 |           744.20 |       736.02 |       761.94 |                 13.66 |                    5.00 |     31 |    35.4675 |
|        1 |        339 |           744.20 |       736.02 |       761.59 |                 12.81 |                    5.00 |     31 |    35.5431 |
|        1 |        340 |           744.20 |       736.02 |       763.88 |                 12.14 |                    5.00 |     31 |    35.5972 |
|        1 |        341 |           744.20 |       736.02 |       762.53 |                 13.07 |                    5.00 |     31 |    35.7022 |
|        1 |        342 |           744.20 |       736.02 |       763.08 |                 14.50 |                    5.00 |     31 |    35.8204 |
|        1 |        343 |           744.20 |       736.02 |       743.40 |                 11.31 |                    5.00 |     31 |    35.9548 |
|        1 |        344 |           744.20 |       736.02 |       742.21 |                 13.37 |                    5.00 |     31 |    35.9993 |
|        1 |        345 |           744.20 |       736.02 |       744.20 |                 10.55 |                    5.00 |     31 |    36.1054 |
|        1 |        346 |           744.20 |       736.02 |       743.33 |                 11.49 |                    5.00 |     31 |    36.1849 |
|        1 |        347 |           744.20 |       736.02 |       744.20 |                 11.92 |                    5.00 |     31 |    36.2255 |
|        1 |        348 |           744.20 |       736.02 |       803.50 |                 10.34 |                    5.00 |     33 |    36.2706 |
|        1 |        349 |           744.20 |       736.02 |       803.50 |                  9.76 |                    5.00 |     33 |    36.3810 |
|        1 |        350 |           744.20 |       736.02 |       764.50 |                 17.37 |                    5.00 |     34 |    36.4485 |
|        1 |        351 |           744.20 |       736.02 |       763.50 |                 12.83 |                    5.00 |     34 |    36.5005 |
|        1 |        352 |           744.20 |       736.02 |       761.98 |                 14.12 |                    5.00 |     34 |    36.5620 |
|        1 |        353 |           744.20 |       736.02 |       762.14 |                 14.07 |                    5.00 |     34 |    36.6283 |
|        1 |        354 |           744.20 |       736.02 |       762.65 |                 12.13 |                    5.00 |     34 |    36.7619 |
|        1 |        355 |           744.20 |       736.02 |       762.59 |                 12.34 |                    5.00 |     34 |    36.8033 |
|        1 |        356 |           744.20 |       736.02 |       761.75 |                 12.77 |                    5.00 |     34 |    36.9014 |
|        1 |        357 |           744.20 |       736.02 |       756.71 |                 12.31 |                    5.00 |     34 |    37.0295 |
|        1 |        358 |           744.20 |       736.02 |       753.36 |                 15.93 |                    5.00 |     34 |    37.0839 |
|        1 |        359 |           744.20 |       736.02 |       756.14 |                 17.87 |                    5.00 |     34 |    37.1774 |
|        1 |        360 |           744.20 |       736.02 |       759.87 |                 14.67 |                    5.00 |     34 |    37.3046 |
|        1 |        361 |           744.20 |       736.02 |       762.54 |                 14.18 |                    5.00 |     34 |    37.3843 |
|        1 |        362 |           744.20 |       736.02 |       764.30 |                 12.55 |                    5.00 |     34 |    37.4286 |
|        1 |        363 |           744.20 |       736.02 |       761.83 |                 14.60 |                    5.00 |     34 |    37.5767 |
|        1 |        364 |           744.20 |       736.02 |       762.10 |                 12.84 |                    5.00 |     34 |    37.7516 |
|        1 |        365 |           744.20 |       736.02 |       762.26 |                 15.00 |                    5.00 |     34 |    37.8432 |
|        1 |        366 |           744.20 |       736.02 |       762.26 |                 13.02 |                    5.00 |     34 |    37.8812 |
|        1 |        367 |           744.20 |       736.02 |       763.50 |                 12.71 |                    5.00 |     34 |    37.9501 |
|        1 |        368 |           744.20 |       736.02 |       761.53 |                 13.04 |                    5.00 |     34 |    38.0228 |
|        1 |        369 |           744.20 |       736.02 |       762.14 |                 15.87 |                    5.00 |     34 |    38.0919 |
|        1 |        370 |           744.20 |       736.02 |       761.53 |                 13.72 |                    5.00 |     34 |    38.1877 |
|        1 |        371 |           744.20 |       736.02 |       762.40 |                 16.35 |                    5.00 |     34 |    38.2681 |
|        1 |        372 |           744.20 |       736.02 |       758.76 |                 12.81 |                    5.00 |     34 |    38.3402 |
|        1 |        373 |           744.20 |       736.02 |       761.64 |                 15.31 |                    5.00 |     34 |    38.3696 |
|        1 |        374 |           744.20 |       736.02 |       762.14 |                 12.37 |                    5.00 |     34 |    38.4298 |
|        1 |        375 |           744.20 |       736.02 |       763.50 |                 13.61 |                    5.00 |     34 |    38.5046 |
|        1 |        376 |           744.20 |       736.02 |       762.07 |                 11.96 |                    5.00 |     34 |    38.6436 |
|        1 |        377 |           744.20 |       736.02 |       760.85 |                 13.31 |                    5.00 |     34 |    38.6981 |
|        1 |        378 |           744.20 |       736.02 |       760.29 |                 12.49 |                    5.00 |     34 |    38.7595 |
|        1 |        379 |           744.20 |       736.02 |       760.29 |                 15.69 |                    5.00 |     34 |    38.7836 |
|        1 |        380 |           744.20 |       736.02 |       761.94 |                 16.23 |                    5.00 |     34 |    38.9016 |
|        1 |        381 |           744.20 |       736.02 |       762.53 |                 11.95 |                    5.00 |     34 |    39.0004 |
|        1 |        382 |           744.20 |       736.02 |       758.08 |                 16.02 |                    5.00 |     34 |    39.1090 |
|        1 |        383 |           744.20 |       736.02 |       763.50 |                 13.09 |                    5.00 |     34 |    39.1438 |
|        1 |        384 |           744.20 |       736.02 |       783.76 |                 15.45 |                    5.00 |     34 |    39.2132 |
|        1 |        385 |           744.20 |       736.02 |       782.55 |                 12.44 |                    5.00 |     34 |    39.3322 |
|        1 |        386 |           744.20 |       736.02 |       782.71 |                 15.61 |                    5.00 |     34 |    39.3752 |
|        1 |        387 |           744.20 |       736.02 |       782.71 |                 15.42 |                    5.00 |     34 |    39.4080 |
|        1 |        388 |           744.20 |       736.02 |       763.50 |                 15.34 |                    5.00 |     34 |    39.4997 |
|        1 |        389 |           744.20 |       736.02 |       761.30 |                 22.13 |                    5.00 |     34 |    39.5522 |
|        1 |        390 |           744.20 |       736.02 |       763.50 |                 14.94 |                    5.00 |     34 |    39.6007 |
|        1 |        391 |           744.20 |       736.02 |       763.50 |                 15.36 |                    5.00 |     34 |    39.6446 |
|        1 |        392 |           744.20 |       736.02 |       763.50 |                 15.46 |                    5.00 |     34 |    39.7071 |
|        1 |        393 |           744.20 |       736.02 |       762.33 |                 15.99 |                    5.00 |     34 |    39.8095 |
|        1 |        394 |           744.20 |       736.02 |       758.59 |                 13.70 |                    5.00 |     34 |    39.8968 |
|        1 |        395 |           744.20 |       736.02 |       758.59 |                 11.77 |                    5.00 |     34 |    39.9221 |
|        1 |        396 |           744.20 |       736.02 |       763.33 |                 13.50 |                    5.00 |     34 |    39.9627 |
------------------------------------------------------------------------------------------------------------------------------------------------
|  Restart |  Iteration |  Best Feas. Cost |    Best Cost |   Curr. Cost |   Penalty Custom Res. |   Penalty Standard Res. |   Pool |   Time (s) |
------------------------------------------------------------------------------------------------------------------------------------------------
|        1 |        397 |           744.20 |       736.02 |       763.50 |                 13.19 |                    5.00 |     34 |    40.0108 |
|        1 |        398 |           744.20 |       736.02 |       763.50 |                 12.40 |                    5.00 |     34 |    40.0473 |
|        1 |        399 |           744.20 |       736.02 |       762.75 |                 12.94 |                    5.00 |     34 |    40.1624 |
|        1 |        400 |           744.20 |       736.02 |       762.39 |                 13.13 |                    5.00 |     34 |    40.2539 |
|        1 |        401 |           744.20 |       736.02 |       761.34 |                 14.30 |                    5.00 |     34 |    40.3281 |
|        1 |        402 |           744.20 |       736.02 |       763.50 |                 11.80 |                    5.00 |     34 |    40.3674 |
|        1 |        403 |           744.20 |       736.02 |       761.46 |                 14.67 |                    5.00 |     34 |    40.4080 |
|        1 |        404 |           744.20 |       736.02 |       761.14 |                 13.77 |                    5.00 |     34 |    40.4641 |
|        1 |        405 |           744.20 |       736.02 |       761.98 |                 11.70 |                    5.00 |     34 |    40.5055 |
|        1 |        406 |           744.20 |       736.02 |       758.88 |                 14.40 |                    5.00 |     34 |    40.5577 |
|        1 |        407 |           744.20 |       736.02 |       763.50 |                 10.96 |                    5.00 |     34 |    40.5981 |
|        1 |        408 |           744.20 |       736.02 |       759.47 |                 13.74 |                    5.00 |     34 |    40.6658 |
|        1 |        409 |           744.20 |       736.02 |       774.10 |                 15.75 |                    5.00 |     34 |    40.7301 |
|        1 |        410 |           744.20 |       736.02 |       762.06 |                 12.69 |                    5.00 |     34 |    40.8283 |
|        1 |        411 |           744.20 |       736.02 |       764.25 |                 11.67 |                    5.00 |     34 |    40.8925 |
|        1 |        412 |           744.20 |       736.02 |       761.44 |                 13.54 |                    5.00 |     34 |    40.9238 |
|        1 |        413 |           744.20 |       736.02 |       759.31 |                 12.07 |                    5.00 |     34 |    41.0083 |
|        1 |        414 |           744.20 |       736.02 |       763.00 |                 15.77 |                    5.00 |     34 |    41.0526 |
|        1 |        415 |           744.20 |       736.02 |       762.61 |                 14.48 |                    5.00 |     34 |    41.1379 |
|        1 |        416 |           744.20 |       736.02 |       762.51 |                 12.78 |                    5.00 |     34 |    41.2143 |
|        1 |        417 |           744.20 |       736.02 |       762.06 |                 12.07 |                    5.00 |     34 |    41.3411 |
|        1 |        418 |           744.20 |       736.02 |       762.23 |                 13.85 |                    5.00 |     34 |    41.3737 |
|        1 |        419 |           744.20 |       736.02 |       763.33 |                 15.25 |                    5.00 |     34 |    41.4418 |
|        1 |        420 |           744.20 |       736.02 |       762.28 |                 12.94 |                    5.00 |     34 |    41.5046 |
|        1 |        421 |           744.20 |       736.02 |       762.66 |                 13.97 |                    5.00 |     34 |    41.5620 |
|        1 |        422 |           744.20 |       736.02 |       761.63 |                 12.45 |                    5.00 |     34 |    41.6434 |
|        1 |        423 |           744.20 |       736.02 |       762.72 |                 15.77 |                    5.00 |     34 |    41.7034 |
|        1 |        424 |           744.20 |       736.02 |       759.54 |                 16.32 |                    5.00 |     34 |    41.8018 |
|        1 |        425 |           744.20 |       736.02 |       763.50 |                 14.42 |                    5.00 |     34 |    41.8579 |
|        1 |        426 |           744.20 |       736.02 |       785.59 |                 15.58 |                    5.00 |     34 |    41.9103 |
|        1 |        427 |           744.20 |       736.02 |       808.76 |                 12.82 |                    5.00 |     36 |    41.9912 |
|        1 |        428 |           744.20 |       736.02 |       787.89 |                 11.30 |                    5.00 |     36 |    42.0859 |
|        1 |        429 |           744.20 |       736.02 |       761.78 |                 13.44 |                    5.00 |     36 |    42.1964 |
|        1 |        430 |           744.20 |       736.02 |       763.50 |                 16.70 |                    5.00 |     36 |    42.2604 |
|        1 |        431 |           744.20 |       736.02 |       763.50 |                 12.86 |                    5.00 |     36 |    42.2817 |
|        1 |        432 |           744.20 |       736.02 |       760.44 |                 12.93 |                    5.00 |     36 |    42.3470 |
|        1 |        433 |           744.20 |       736.02 |       761.71 |                 13.14 |                    5.00 |     36 |    42.4388 |
|        1 |        434 |           744.20 |       736.02 |       762.33 |                 12.46 |                    5.00 |     36 |    42.5024 |
|        1 |        435 |           744.20 |       736.02 |       762.75 |                 12.43 |                    5.00 |     36 |    42.5418 |
|        1 |        436 |           744.20 |       736.02 |       762.20 |                 13.97 |                    5.00 |     36 |    42.5864 |
|        1 |        437 |           744.20 |       736.02 |       762.20 |                 11.76 |                    5.00 |     36 |    42.6191 |
|        1 |        438 |           744.20 |       736.02 |       761.86 |                 12.71 |                    5.00 |     36 |    42.6544 |
|        1 |        439 |           744.20 |       736.02 |       761.77 |                 12.91 |                    5.00 |     36 |    42.7238 |
|        1 |        440 |           744.20 |       736.02 |       760.28 |                 12.34 |                    5.00 |     36 |    42.8161 |
|        1 |        441 |           744.20 |       736.02 |      1244.47 |                 20.09 |                    8.14 |     36 |    42.8570 |
|        1 |        442 |           744.20 |       736.02 |       762.11 |                 13.10 |                    5.00 |     36 |    42.9813 |
|        1 |        443 |           744.20 |       736.02 |       763.22 |                 13.33 |                    5.00 |     36 |    43.0301 |
|        1 |        444 |           744.20 |       736.02 |       764.20 |                 12.76 |                    5.00 |     36 |    43.0928 |
|        1 |        445 |           744.20 |       736.02 |       762.54 |                 14.60 |                    5.00 |     36 |    43.1814 |
|        1 |        446 |           744.20 |       736.02 |       761.04 |                 12.38 |                    5.00 |     36 |    43.2593 |
|        1 |        447 |           744.20 |       736.02 |       757.40 |                 13.07 |                    5.00 |     36 |    43.3562 |
|        1 |        448 |           744.20 |       736.02 |       763.50 |                 12.01 |                    5.00 |     36 |    43.4393 |
|        1 |        449 |           744.20 |       736.02 |       762.33 |                 12.58 |                    5.00 |     36 |    43.5067 |
|        1 |        450 |           744.20 |       736.02 |       760.08 |                 21.06 |                    5.00 |     36 |    43.5779 |
|        1 |        451 |           744.20 |       736.02 |       763.50 |                 12.23 |                    5.00 |     36 |    43.6353 |
|        1 |        452 |           744.20 |       736.02 |       761.59 |                 14.46 |                    5.00 |     36 |    43.6791 |
|        1 |        453 |           744.20 |       736.02 |       759.63 |                 14.27 |                    5.00 |     36 |    43.7444 |
|        1 |        454 |           744.20 |       736.02 |       763.50 |                 15.09 |                    5.00 |     36 |    43.8040 |
|        1 |        455 |           744.20 |       736.02 |       763.50 |                 14.61 |                    5.00 |     36 |    43.8462 |
|        1 |        456 |           744.20 |       736.02 |       794.84 |                 16.22 |                    5.00 |     36 |    43.9729 |
|        1 |        457 |           744.20 |       736.02 |       762.77 |                 12.81 |                    5.00 |     36 |    44.0656 |
|        1 |        458 |           744.20 |       736.02 |       759.88 |                 13.37 |                    5.00 |     36 |    44.2100 |
|        1 |        459 |           744.20 |       736.02 |       793.66 |                 13.65 |                    5.00 |     36 |    44.3656 |
|        1 |        460 |           744.20 |       736.02 |       793.78 |                 12.92 |                    5.00 |     36 |    44.4536 |
|        1 |        461 |           744.20 |       736.02 |       793.34 |                 13.34 |                    5.00 |     36 |    44.6159 |
|        1 |        462 |           744.20 |       736.02 |       762.34 |                 17.00 |                    5.00 |     36 |    44.7691 |
|        1 |        463 |           744.20 |       736.02 |       762.96 |                 10.17 |                    5.00 |     36 |    44.8389 |
|        1 |        464 |           744.20 |       736.02 |       759.34 |                 17.92 |                    5.00 |     36 |    44.9057 |
|        1 |        465 |           744.20 |       736.02 |       760.93 |                 15.62 |                    5.00 |     36 |    45.0347 |
|        1 |        466 |           744.20 |       736.02 |       763.50 |                 12.62 |                    5.00 |     36 |    45.0976 |
|        1 |        467 |           744.20 |       736.02 |       761.15 |                 12.34 |                    5.00 |     36 |    45.1420 |
|        1 |        468 |           744.20 |       736.02 |       762.77 |                 15.33 |                    5.00 |     36 |    45.1893 |
|        1 |        469 |           744.20 |       736.02 |       761.94 |                 12.38 |                    5.00 |     36 |    45.2783 |
|        1 |        470 |           744.20 |       736.02 |       763.60 |                 14.35 |                    5.00 |     36 |    45.3182 |
|        1 |        471 |           744.20 |       736.02 |       763.50 |                 13.19 |                    5.00 |     36 |    45.3857 |
|        1 |        472 |           744.20 |       736.02 |       759.58 |                 14.11 |                    5.00 |     36 |    45.4315 |
|        1 |        473 |           744.20 |       736.02 |       764.20 |                 15.22 |                    5.00 |     36 |    45.4991 |
|        1 |        474 |           744.20 |       736.02 |       762.70 |                 12.66 |                    5.00 |     36 |    45.5634 |
|        1 |        475 |           744.20 |       736.02 |       761.89 |                  9.82 |                    5.00 |     36 |    45.6373 |
|        1 |        476 |           744.20 |       736.02 |       758.83 |                 14.18 |                    5.00 |     36 |    45.6780 |
|        1 |        477 |           744.20 |       736.02 |       764.20 |                 13.85 |                    5.00 |     36 |    45.7254 |
|        1 |        478 |           744.20 |       736.02 |       762.90 |                 12.48 |                    5.00 |     36 |    45.7947 |
|        1 |        479 |           744.20 |       736.02 |       755.41 |                 12.81 |                    5.00 |     36 |    45.8532 |
|        1 |        480 |           744.20 |       736.02 |       762.86 |                 13.27 |                    5.00 |     36 |    45.9318 |
|        1 |        481 |           744.20 |       736.02 |       762.77 |                 15.33 |                    5.00 |     36 |    46.0242 |
|        1 |        482 |           744.20 |       736.02 |       762.34 |                 12.70 |                    5.00 |     36 |    46.1526 |
|        1 |        483 |           744.20 |       736.02 |       762.50 |                 16.10 |                    5.00 |     36 |    46.2037 |
|        1 |        484 |           744.20 |       736.02 |       762.36 |                 14.63 |                    5.00 |     36 |    46.3104 |
|        1 |        485 |           744.20 |       736.02 |       761.30 |                 12.91 |                    5.00 |     36 |    46.4075 |
|        1 |        486 |           744.20 |       736.02 |       763.50 |                 13.67 |                    5.00 |     36 |    46.4627 |
|        1 |        487 |           744.20 |       736.02 |       744.90 |                  9.02 |                    5.00 |     36 |    46.5836 |
|        1 |        488 |           744.20 |       734.59 |       734.59 |                 15.90 |                    5.00 |     36 |    46.6402 |
|        1 |        489 |           744.20 |       734.59 |       744.90 |                 11.62 |                    5.00 |     36 |    46.7498 |
|        1 |        490 |           744.20 |       734.59 |       738.30 |                 10.37 |                    5.00 |     36 |    46.8473 |
|        1 |        491 |           744.20 |       734.59 |       744.90 |                 12.83 |                    5.00 |     36 |    47.0058 |
|        1 |        492 |           744.20 |       734.59 |       744.20 |                 11.23 |                    5.00 |     36 |    47.1098 |
|        1 |        493 |           744.20 |       734.59 |       744.21 |                 15.41 |                    5.00 |     36 |    47.2072 |
|        1 |        494 |           744.20 |       734.59 |       744.20 |                  9.60 |                    5.00 |     36 |    47.2865 |
|        1 |        495 |           744.20 |       734.59 |       743.48 |                 15.17 |                    5.00 |     36 |    47.3607 |
|        1 |        496 |           744.20 |       734.59 |       743.48 |                 10.45 |                    5.00 |     36 |    47.4183 |
|        1 |        497 |           744.20 |       734.59 |       742.98 |                 16.83 |                    5.00 |     36 |    47.4861 |
|        1 |        498 |           744.20 |       734.59 |       744.20 |                 13.75 |                    5.00 |     36 |    47.5514 |
|        1 |        499 |           744.20 |       734.59 |       758.85 |                 16.23 |                    5.00 |     36 |    47.6546 |
|        1 |        500 |           744.20 |       734.59 |       763.50 |                 12.48 |                    5.00 |     36 |    47.7174 |
------------------------------------------------------------------------------------------------------------------------------------------------
Version identifier: 22.1.2.0 | 2024-11-26 | 0edbb82fd
CPXPARAM_MIP_Tolerances_UpperCutoff              744.29999999998904
Tried aggregator 2 times.
MIP Presolve eliminated 78 rows and 5 columns.
MIP Presolve modified 7 coefficients.
Aggregator did 1 substitutions.
Reduced MIP has 22 rows, 30 columns, and 96 nonzeros.
Reduced MIP has 30 binaries, 0 generals, 0 SOSs, and 0 indicators.
Presolve time = 0.00 sec. (0.13 ticks)
Probing time = 0.00 sec. (0.04 ticks)
Tried aggregator 2 times.
MIP Presolve eliminated 17 rows and 21 columns.
Aggregator did 1 substitutions.
Reduced MIP has 4 rows, 8 columns, and 16 nonzeros.
Reduced MIP has 8 binaries, 0 generals, 0 SOSs, and 0 indicators.
Presolve time = 0.00 sec. (0.04 ticks)
Probing time = 0.00 sec. (0.01 ticks)
Tried aggregator 1 time.
Reduced MIP has 4 rows, 8 columns, and 16 nonzeros.
Reduced MIP has 8 binaries, 0 generals, 0 SOSs, and 0 indicators.
Presolve time = 0.00 sec. (0.01 ticks)
Probing time = 0.00 sec. (0.01 ticks)
Clique table members: 8.
MIP emphasis: balance optimality and feasibility.
MIP search method: dynamic search.
Parallel mode: deterministic, using up to 8 threads.
Root relaxation solution time = 0.00 sec. (0.01 ticks)

        Nodes                                         Cuts/
   Node  Left     Objective  IInf  Best Integer    Best Bound    ItCnt     Gap

*     0     0      integral     0      744.2000      744.2000        3    0.00%
Elapsed time = 0.01 sec. (1.28 ticks, tree = 0.00 MB, solutions = 1)
objective_value(sp) = 744.2
 52.358833 seconds (6.84 M allocations: 341.128 MiB, 0.16% gc time, 9.66% compilation time)
#1: 0 (0.0) {297.0} -> 27 (10.0) {314.1} [209.0, 369.0] -> 30 (20.0) {408.3} [303.0, 463.0] -> 29 (30.0) {503.3} [398.0, 558.0] -> 6 (50.0) {602.2} [497.0, 657.0] -> 32 (80.0) {698.5} [593.0, 753.0] -> 33 (120.0) {790.5} [685.0, 845.0] -> 31 (140.0) {885.8} [781.0, 941.0] -> 35 (150.0) {980.8} [876.0, 1036.0] -> 37 (170.0) {1076.6} [971.0, 1131.0] -> 38 (200.0) {1168.6} [1063.0, 1223.0] -> 39 (220.0) {1263.6} [1158.0, 1318.0] -> 36 (230.0) {1358.6} [1253.0, 1413.0] -> 34 (250.0) {1451.6} [1346.0, 1506.0] -> 28 (270.0) {1552.3} [1447.0, 1607.0] -> 26 (280.0) {1650.3} [1545.0, 1705.0] -> 23 (290.0) {1747.5} [1643.0, 1803.0] -> 18 (310.0) {1846.5} [1742.0, 1902.0] -> 19 (320.0) {1941.5} [1837.0, 1997.0] -> 16 (360.0) {2038.5} [1934.0, 2094.0] -> 14 (370.0) {2130.5} [2026.0, 2186.0] -> 12 (390.0) {2223.5} [2119.0, 2279.0] -> 15 (430.0) {2320.5} [2216.0, 2376.0] -> 17 (450.0) {2415.8} [2311.0, 2471.0] -> 13 (480.0) {2509.8} [2405.0, 2565.0] -> 25 (520.0) {2608.8} [2504.0, 2664.0] -> 9 (530.0) {2706.0} [2601.0, 2761.0] -> 11 (540.0) {2803.0} [2698.0, 2858.0] -> 10 (550.0) {2896.0} [2791.0, 2951.0] -> 8 (570.0) {2992.0} [2887.0, 3047.0] -> 21 (590.0) {3087.6} [2983.0, 3143.0] -> 0 (590.0) {3189.2} [0.0, 3390.0]
#2: 0 (0.0) {104.0} -> 22 (20.0) {116.1} [22.0, 182.0] -> 24 (30.0) {209.7} [116.0, 276.0] -> 0 (30.0) {314.7} [0.0, 3390.0]
#3: 0 (0.0) {298.0} -> 2 (30.0) {318.6} [213.0, 373.0] -> 1 (40.0) {417.2} [311.0, 471.0] -> 99 (50.0) {513.0} [407.0, 567.0] -> 100 (70.0) {608.0} [502.0, 662.0] -> 97 (100.0) {703.0} [597.0, 757.0] -> 92 (120.0) {800.0} [694.0, 854.0] -> 94 (130.0) {893.6} [788.0, 948.0] -> 95 (160.0) {987.2} [881.0, 1041.0] -> 98 (180.0) {1083.6} [978.0, 1138.0] -> 7 (200.0) {1178.6} [1073.0, 1233.0] -> 3 (210.0) {1272.7} [1167.0, 1327.0] -> 4 (220.0) {1366.3} [1261.0, 1421.0] -> 91 (230.0) {1462.3} [1451.0, 1611.0] -> 88 (260.0) {1557.3} [1546.0, 1706.0] -> 84 (280.0) {1652.6} [1641.0, 1801.0] -> 86 (290.0) {1747.6} [1736.0, 1896.0] -> 83 (300.0) {1843.6} [1832.0, 1992.0] -> 82 (320.0) {1936.6} [1925.0, 2085.0] -> 85 (350.0) {2040.8} [2029.0, 2189.0] -> 76 (360.0) {2142.5} [2131.0, 2291.0] -> 71 (380.0) {2237.5} [2226.0, 2386.0] -> 70 (410.0) {2332.5} [2321.0, 2481.0] -> 73 (420.0) {2425.5} [2414.0, 2574.0] -> 80 (430.0) {2524.1} [2513.0, 2673.0] -> 79 (440.0) {2619.4} [2608.0, 2768.0] -> 81 (470.0) {2714.7} [2703.0, 2863.0] -> 78 (490.0) {2813.3} [2802.0, 2962.0] -> 77 (500.0) {2911.1} [2900.0, 3060.0] -> 96 (510.0) {3012.2} [3001.0, 3161.0] -> 87 (530.0) {3108.5} [3097.0, 3257.0] -> 90 (540.0) {3208.3} [3119.0, 3279.0] -> 0 (540.0) {3318.9} [0.0, 3390.0]
#4: 0 (0.0) {110.0} -> 20 (10.0) {120.0} [10.0, 170.0] -> 0 (10.0) {220.0} [0.0, 3390.0]
#5: 0 (0.0) {222.0} -> 75 (20.0) {237.8} [118.0, 278.0] -> 89 (30.0) {1355.0} [1355.0, 1515.0] -> 0 (30.0) {1466.2} [0.0, 3390.0]
#6: 0 (0.0) {1.0} -> 93 (40.0) {9.2} [8.0, 168.0] -> 5 (50.0) {106.2} [25.0, 185.0] -> 0 (50.0) {211.3} [0.0, 3390.0]
#7: 0 (0.0) {308.0} -> 74 (50.0) {327.8} [213.0, 373.0] -> 72 (60.0) {422.8} [308.0, 468.0] -> 61 (70.0) {515.8} [401.0, 561.0] -> 64 (80.0) {607.8} [493.0, 653.0] -> 66 (90.0) {702.8} [588.0, 748.0] -> 69 (100.0) {794.8} [680.0, 840.0] -> 68 (110.0) {890.6} [776.0, 936.0] -> 65 (120.0) {985.9} [871.0, 1031.0] -> 49 (130.0) {1082.3} [967.0, 1127.0] -> 55 (140.0) {1180.1} [1065.0, 1225.0] -> 54 (180.0) {1275.1} [1160.0, 1320.0] -> 53 (200.0) {1370.4} [1256.0, 1416.0] -> 56 (230.0) {1464.4} [1350.0, 1510.0] -> 58 (260.0) {1556.4} [1442.0, 1602.0] -> 60 (280.0) {1649.4} [1535.0, 1695.0] -> 59 (290.0) {1745.2} [1630.0, 1790.0] -> 57 (330.0) {1840.2} [1725.0, 1885.0] -> 40 (340.0) {1933.8} [1819.0, 1979.0] -> 44 (350.0) {2028.2} [1913.0, 2073.0] -> 46 (380.0) {2123.5} [2009.0, 2169.0] -> 45 (390.0) {2219.9} [2105.0, 2265.0] -> 51 (400.0) {2314.9} [2200.0, 2360.0] -> 50 (410.0) {2407.1} [2292.0, 2452.0] -> 52 (420.0) {2500.2} [2385.0, 2545.0] -> 47 (430.0) {2595.2} [2480.0, 2640.0] -> 43 (440.0) {2688.2} [2573.0, 2733.0] -> 42 (460.0) {2781.2} [2666.0, 2826.0] -> 41 (470.0) {2873.2} [2758.0, 2918.0] -> 48 (480.0) {2971.2} [2856.0, 3016.0] -> 0 (480.0) {3071.9} [0.0, 3390.0]
#8: 0 (0.0) {70.0} -> 67 (10.0) {82.2} [12.0, 172.0] -> 63 (60.0) {175.2} [25.0, 185.0] -> 62 (80.0) {270.2} [120.0, 280.0] -> 0 (80.0) {378.2} [0.0, 3390.0]

Dist: 744.2. Cost: 744.2

Root node processing (before b&c):
  Real time             =    0.01 sec. (1.28 ticks)
Parallel b&c, 8 threads:
  Real time             =    0.00 sec. (0.00 ticks)
  Sync time (average)   =    0.00 sec.
  Wait time (average)   =    0.00 sec.
                          ------------
Total (root+branch&cut) =    0.01 sec. (1.28 ticks)
