Solving instance /mnt/c/Users/bruno.mattos/OneDrive - americanas s.a/Documentos/GitHub/GenericILS/TWRD/100/C201_100_025.vrptwrd...
------------------------------------------------------------------------------------------------------------------------------------------------
|  Restart |  Iteration |  Best Feas. Cost |    Best Cost |   Curr. Cost |   Penalty Custom Res. |   Penalty Standard Res. |   Pool |   Time (s) |
------------------------------------------------------------------------------------------------------------------------------------------------
|        1 |          1 |          1003.20 |      1003.20 |      1003.20 |                 25.49 |                   25.49 |     14 |     0.1496 |
|        1 |          2 |          1003.20 |      1002.58 |      1002.58 |                 24.00 |                    5.00 |     14 |     0.7315 |
|        1 |          3 |          1003.20 |      1001.77 |      1001.77 |                 24.08 |                    5.00 |     14 |     0.8526 |
|        1 |          4 |          1003.20 |      1001.77 |      1008.82 |                 21.28 |                    5.00 |     17 |     0.9120 |
|        1 |          5 |          1003.20 |      1001.77 |      1002.41 |                 26.84 |                    5.00 |     17 |     1.0584 |
|        1 |          6 |          1003.20 |      1001.40 |      1001.40 |                 23.94 |                    5.00 |     17 |     1.1411 |
|        1 |          7 |          1003.20 |      1001.00 |      1001.00 |                 23.48 |                    5.00 |     17 |     1.3136 |
|        1 |          8 |          1003.20 |       986.10 |       986.10 |                 37.30 |                    5.00 |     19 |     1.4392 |
|        1 |          9 |          1003.20 |       986.10 |      1003.20 |                 27.81 |                    5.00 |     19 |     1.5019 |
|        1 |         10 |          1003.20 |       986.10 |      1001.97 |                 24.32 |                    5.00 |     19 |     1.5819 |
|        1 |         11 |          1003.20 |       986.10 |      1002.51 |                 24.42 |                    5.00 |     19 |     1.6912 |
|        1 |         12 |          1003.20 |       986.10 |      1001.41 |                 23.44 |                    5.00 |     19 |     1.8759 |
|        1 |         13 |          1003.20 |       986.10 |      1001.63 |                 24.42 |                    5.00 |     19 |     2.0338 |
|        1 |         14 |          1003.20 |       986.10 |      1001.75 |                 23.12 |                    5.00 |     19 |     2.1185 |
|        1 |         15 |          1003.20 |       986.10 |      1002.55 |                 21.48 |                    5.00 |     19 |     2.1895 |
|        1 |         16 |          1003.20 |       986.10 |      1001.16 |                 24.11 |                    5.00 |     19 |     2.2704 |
|        1 |         17 |          1003.20 |       986.10 |      1010.00 |                 19.88 |                    5.00 |     21 |     2.3278 |
|        1 |         18 |          1003.20 |       986.10 |       999.74 |                 23.68 |                    5.00 |     22 |     2.4304 |
|        1 |         19 |          1003.20 |       986.10 |      1002.03 |                 23.44 |                    5.00 |     22 |     2.6289 |
|        1 |         20 |          1003.20 |       986.10 |      1000.63 |                 24.24 |                    5.00 |     24 |     2.7578 |
|        1 |         21 |          1003.20 |       986.10 |      1002.32 |                 22.54 |                    5.00 |     24 |     2.8149 |
|        1 |         22 |          1003.20 |       986.10 |      1002.04 |                 25.33 |                    5.00 |     24 |     2.8995 |
|        1 |         23 |          1003.20 |       986.10 |      1001.25 |                 23.98 |                    5.00 |     24 |     3.0478 |
|        1 |         24 |          1003.20 |       986.10 |       999.71 |                 24.39 |                    5.00 |     24 |     3.1211 |
|        1 |         25 |          1003.20 |       986.10 |      1002.23 |                 23.14 |                    5.00 |     24 |     3.1804 |
|        1 |         26 |          1003.20 |       986.10 |      1002.16 |                 23.29 |                    5.00 |     24 |     3.2715 |
|        1 |         27 |          1003.20 |       986.10 |      1002.78 |                 28.34 |                    5.00 |     24 |     3.3575 |
|        1 |         28 |          1003.20 |       986.10 |      1001.31 |                 24.27 |                    5.00 |     24 |     3.4654 |
|        1 |         29 |          1003.20 |       986.10 |      1001.60 |                 23.63 |                    5.00 |     24 |     3.6094 |
|        1 |         30 |          1003.20 |       986.10 |      1000.66 |                 24.48 |                    5.00 |     24 |     3.6951 |
|        1 |         31 |          1003.20 |       986.10 |      1002.28 |                 24.36 |                    5.00 |     24 |     3.7984 |
|        1 |         32 |          1003.20 |       986.10 |      1001.50 |                 23.77 |                    5.00 |     24 |     3.9389 |
|        1 |         33 |          1003.20 |       986.10 |      1001.81 |                 23.17 |                    5.00 |     24 |     4.0655 |
|        1 |         34 |          1003.20 |       986.10 |      1001.08 |                 23.56 |                    5.00 |     24 |     4.1280 |
|        1 |         35 |          1003.20 |       986.10 |      1001.30 |                 24.02 |                    5.00 |     24 |     4.3479 |
|        1 |         36 |          1003.20 |       986.10 |      1002.57 |                 21.23 |                    5.00 |     24 |     4.4109 |
|        1 |         37 |          1003.20 |       986.10 |      1000.89 |                 24.31 |                    5.00 |     24 |     4.4968 |
|        1 |         38 |          1003.20 |       986.10 |      1002.31 |                 27.25 |                    5.00 |     24 |     4.6137 |
|        1 |         39 |          1003.20 |       986.10 |      1000.47 |                 24.28 |                    5.00 |     24 |     4.7111 |
|        1 |         40 |          1003.20 |       986.10 |      1001.90 |                 24.43 |                    5.00 |     24 |     4.7845 |
|        1 |         41 |          1003.20 |       986.10 |      1000.24 |                 21.97 |                    5.00 |     24 |     4.8975 |
|        1 |         42 |          1003.20 |       986.10 |       999.96 |                 23.01 |                    5.00 |     24 |     4.9569 |
|        1 |         43 |          1003.20 |       986.10 |      1000.94 |                 23.16 |                    5.00 |     24 |     5.0194 |
|        1 |         44 |          1003.20 |       986.10 |      1002.63 |                 23.30 |                    5.00 |     24 |     5.0822 |
|        1 |         45 |          1003.20 |       986.10 |      1000.98 |                 23.90 |                    5.00 |     24 |     5.1652 |
|        1 |         46 |          1003.20 |       986.10 |      1003.23 |                 24.29 |                    5.00 |     26 |     5.2294 |
|        1 |         47 |          1003.20 |       986.10 |      1002.35 |                 23.01 |                    5.00 |     26 |     5.3032 |
|        1 |         48 |          1003.20 |       986.10 |      1002.49 |                 31.87 |                    5.00 |     26 |     5.3788 |
|        1 |          0 |          1002.80 |       986.10 |      1002.80 |                 23.05 |                    5.00 |     26 |     5.4478 |
|        1 |          1 |          1002.80 |       986.10 |      1002.10 |                 27.23 |                    5.00 |     26 |     5.5059 |
|        1 |          2 |          1002.80 |       986.10 |      1000.89 |                 16.96 |                    5.00 |     26 |     5.5646 |
|        1 |          3 |          1002.80 |       986.10 |       997.15 |                 24.00 |                    5.00 |     26 |     5.6147 |
|        1 |          4 |          1002.80 |       986.10 |      1002.30 |                 22.72 |                    5.00 |     26 |     5.6992 |
|        1 |          5 |          1002.80 |       986.10 |      1000.89 |                 23.11 |                    5.00 |     26 |     5.7507 |
|        1 |          6 |          1002.80 |       986.10 |      1002.35 |                 23.27 |                    5.00 |     26 |     5.8096 |
|        1 |          7 |          1002.80 |       986.10 |       999.61 |                 24.23 |                    5.00 |     26 |     5.9697 |
|        1 |          8 |          1002.80 |       986.10 |      1002.47 |                 23.20 |                    5.00 |     26 |     6.0276 |
|        1 |          9 |          1002.80 |       986.10 |       990.25 |                 25.54 |                    5.00 |     26 |     6.0980 |
|        1 |         10 |          1002.80 |       986.10 |       995.72 |                 23.74 |                    5.00 |     26 |     6.1475 |
|        1 |         11 |          1002.80 |       986.10 |      1001.67 |                 23.30 |                    5.00 |     26 |     6.2999 |
|        1 |         12 |          1002.80 |       986.10 |       989.03 |                 24.17 |                    5.00 |     26 |     6.3528 |
|        1 |         13 |          1002.80 |       986.10 |       990.81 |                 37.82 |                    5.00 |     26 |     6.3931 |
|        1 |         14 |          1002.80 |       986.10 |      1006.20 |                 23.11 |                    5.00 |     28 |     6.4384 |
|        1 |         15 |          1002.80 |       986.10 |      1005.28 |                 23.69 |                    5.00 |     28 |     6.5219 |
|        1 |         16 |          1002.80 |       986.10 |      1006.20 |                 23.16 |                    5.00 |     28 |     6.5701 |
|        1 |         17 |          1002.80 |       986.10 |      1002.41 |                 24.22 |                    5.00 |     28 |     6.6658 |
|        1 |         18 |          1002.80 |       986.10 |      1001.00 |                 23.24 |                    5.00 |     28 |     6.8697 |
|        1 |         19 |          1002.80 |       986.10 |      1001.52 |                 24.26 |                    5.00 |     28 |     6.9932 |
|        1 |         20 |          1002.80 |       986.10 |      1002.34 |                 23.21 |                    5.00 |     28 |     7.0609 |
|        1 |         21 |          1002.80 |       986.10 |      1001.58 |                 23.36 |                    5.00 |     28 |     7.1249 |
|        1 |         22 |          1002.80 |       986.10 |      1001.89 |                 25.22 |                    5.00 |     28 |     7.1805 |
|        1 |         23 |          1002.80 |       986.10 |      1002.94 |                 24.40 |                    5.00 |     28 |     7.2282 |
|        1 |         24 |          1002.80 |       986.10 |      1002.15 |                 22.61 |                    5.00 |     28 |     7.3406 |
|        1 |         25 |          1002.80 |       986.10 |      1036.73 |                 24.11 |                    5.00 |     30 |     7.4338 |
|        1 |         26 |          1002.80 |       986.10 |      1001.58 |                 23.88 |                    5.00 |     30 |     7.5984 |
|        1 |         27 |          1002.80 |       986.10 |      1000.85 |                 17.10 |                    5.00 |     30 |     7.6759 |
|        1 |         28 |          1002.80 |       986.10 |       997.11 |                 24.43 |                    5.00 |     30 |     7.7259 |
|        1 |         29 |          1002.80 |       986.10 |      1002.02 |                 24.30 |                    5.00 |     30 |     7.8210 |
|        1 |         30 |          1002.80 |       986.10 |      1001.86 |                 23.70 |                    5.00 |     30 |     7.9042 |
|        1 |         31 |          1002.80 |       986.10 |      1002.87 |                 23.83 |                    5.00 |     30 |     7.9821 |
|        1 |         32 |          1002.80 |       986.10 |       992.11 |                 24.17 |                    5.00 |     30 |     8.0929 |
|        1 |         33 |          1002.80 |       986.10 |       993.32 |                 24.06 |                    5.00 |     30 |     8.1710 |
|        1 |         34 |          1002.80 |       986.10 |       994.29 |                 23.27 |                    5.00 |     32 |     8.2286 |
|        1 |         35 |          1002.80 |       986.10 |      1001.48 |                 21.95 |                    5.00 |     32 |     8.3763 |
|        1 |         36 |          1002.80 |       986.10 |      1001.39 |                 24.16 |                    5.00 |     32 |     8.4495 |
|        1 |         37 |          1002.80 |       986.10 |      1002.63 |                 24.32 |                    5.00 |     32 |     8.5169 |
|        1 |         38 |          1002.80 |       986.10 |       993.34 |                 40.75 |                    5.00 |     32 |     8.5755 |
|        1 |         39 |          1002.80 |       986.10 |      1002.40 |                 24.29 |                    5.00 |     32 |     8.7019 |
|        1 |         40 |          1002.80 |       986.10 |      1000.55 |                 22.95 |                    5.00 |     32 |     8.8202 |
|        1 |         41 |          1002.80 |       986.10 |       987.37 |                 20.60 |                    5.00 |     32 |     8.9653 |
|        1 |         42 |          1002.80 |       986.10 |      1008.51 |                 20.54 |                    5.00 |     32 |     9.0183 |
|        1 |         43 |          1002.80 |       986.10 |      1008.80 |                 24.01 |                    5.00 |     34 |     9.1029 |
|        1 |         44 |          1002.80 |       986.10 |       988.68 |                 23.17 |                    5.00 |     34 |     9.2032 |
|        1 |         45 |          1002.80 |       986.10 |      1001.88 |                 23.23 |                    5.00 |     34 |     9.3411 |
|        1 |         46 |          1002.80 |       986.10 |      1002.71 |                 24.07 |                    5.00 |     34 |     9.4229 |
|        1 |         47 |          1002.80 |       986.10 |       998.30 |                 22.90 |                    5.00 |     34 |     9.5937 |
|        1 |         48 |          1002.80 |       986.10 |      1001.44 |                 23.00 |                    5.00 |     34 |     9.6960 |
|        1 |         49 |          1002.80 |       986.10 |      1002.73 |                 23.41 |                    5.00 |     34 |     9.7349 |
|        1 |         50 |          1002.80 |       986.10 |      1001.32 |                 24.29 |                    5.00 |     34 |     9.7868 |
|        1 |         51 |          1002.80 |       986.10 |      1001.07 |                 24.42 |                    5.00 |     36 |     9.8723 |
|        1 |         52 |          1002.80 |       986.10 |      1002.15 |                 24.03 |                    5.00 |     36 |     9.9730 |
|        1 |         53 |          1002.80 |       986.10 |      1001.18 |                 23.91 |                    5.00 |     36 |    10.0584 |
|        1 |         54 |          1002.80 |       986.10 |      1002.19 |                 37.73 |                    5.00 |     36 |    10.1246 |
|        1 |         55 |          1002.80 |       986.10 |      1002.38 |                 22.86 |                    5.00 |     36 |    10.3238 |
|        1 |         56 |          1002.80 |       986.10 |      1002.96 |                 24.19 |                    5.00 |     36 |    10.3844 |
|        1 |         57 |          1002.80 |       986.10 |      1002.43 |                 22.68 |                    5.00 |     36 |    10.4582 |
|        1 |         58 |          1002.80 |       986.10 |      1002.37 |                 29.31 |                    5.00 |     38 |    10.5275 |
|        1 |         59 |          1002.80 |       986.10 |      1001.79 |                 23.62 |                    5.00 |     38 |    10.6291 |
|        1 |         60 |          1002.80 |       986.10 |      1001.64 |                 22.80 |                    5.00 |     38 |    10.7220 |
|        1 |         61 |          1002.80 |       986.10 |      1002.22 |                 24.12 |                    5.00 |     38 |    10.7793 |
|        1 |         62 |          1002.80 |       986.10 |      1001.94 |                 23.32 |                    5.00 |     38 |    10.8436 |
|        1 |         63 |          1002.80 |       986.10 |      1001.64 |                 24.42 |                    5.00 |     38 |    10.9096 |
|        1 |         64 |          1002.80 |       986.10 |      1003.20 |                 16.16 |                    5.00 |     38 |    10.9591 |
|        1 |         65 |          1002.80 |       986.10 |       995.42 |                 23.79 |                    5.00 |     38 |    11.0135 |
|        1 |         66 |          1002.80 |       986.10 |      1002.06 |                 24.40 |                    5.00 |     38 |    11.0991 |
|        1 |         67 |          1002.80 |       986.10 |      1002.83 |                 23.33 |                    5.00 |     38 |    11.1928 |
|        1 |         68 |          1002.80 |       986.10 |      1002.29 |                 21.66 |                    5.00 |     38 |    11.2650 |
|        1 |         69 |          1002.80 |       986.10 |      1000.29 |                 22.02 |                    5.00 |     38 |    11.3378 |
|        1 |         70 |          1002.80 |       986.10 |      1001.89 |                 24.44 |                    5.00 |     38 |    11.4525 |
|        1 |         71 |          1002.80 |       986.10 |      1000.48 |                 17.83 |                    5.00 |     38 |    11.5405 |
|        1 |         72 |          1002.80 |       986.10 |       997.87 |                 19.45 |                    5.00 |     38 |    11.5968 |
|        1 |         73 |          1002.80 |       986.10 |       999.74 |                 23.19 |                    5.00 |     38 |    11.6648 |
|        1 |         74 |          1002.80 |       986.10 |      1001.11 |                 30.90 |                    5.00 |     38 |    11.7224 |
|        1 |         75 |          1002.80 |       986.10 |      1002.80 |                 27.62 |                    5.00 |     38 |    11.7612 |
|        1 |         76 |          1002.80 |       986.10 |      1001.06 |                 23.54 |                    5.00 |     38 |    11.9393 |
|        1 |         77 |          1002.80 |       986.10 |      1002.51 |                 24.41 |                    5.00 |     38 |    12.0073 |
|        1 |         78 |          1002.80 |       986.10 |       990.31 |                 23.62 |                    5.00 |     38 |    12.0580 |
|        1 |         79 |          1002.80 |       986.10 |       990.16 |                 27.91 |                    5.00 |     38 |    12.1062 |
|        1 |         80 |          1002.80 |       986.10 |       999.01 |                 31.06 |                    5.00 |     38 |    12.1641 |
|        1 |         81 |          1002.80 |       986.10 |      1002.34 |                 24.01 |                    5.00 |     38 |    12.2872 |
|        1 |         82 |          1002.80 |       986.10 |       992.89 |                 23.88 |                    5.00 |     38 |    12.3829 |
|        1 |         83 |          1002.80 |       986.10 |       990.22 |                 24.77 |                    5.00 |     38 |    12.4413 |
|        1 |         84 |          1002.80 |       986.10 |       991.04 |                 28.12 |                    5.00 |     38 |    12.4968 |
|        1 |         85 |          1002.80 |       986.10 |      1001.80 |                 34.26 |                    5.00 |     38 |    12.5470 |
|        1 |         86 |          1002.80 |       986.10 |      1001.20 |                 20.42 |                    5.00 |     38 |    12.6724 |
|        1 |         87 |          1002.80 |       986.10 |      1000.52 |                 24.36 |                    5.00 |     38 |    12.7371 |
|        1 |         88 |          1002.80 |       986.10 |      1001.87 |                 23.26 |                    5.00 |     38 |    12.8456 |
|        1 |         89 |          1002.80 |       986.10 |       989.30 |                 35.94 |                    5.00 |     38 |    12.9275 |
|        1 |         90 |          1002.80 |       986.10 |       988.53 |                 22.98 |                    5.00 |     38 |    13.0773 |
|        1 |         91 |          1002.80 |       986.10 |       989.80 |                 25.33 |                    5.00 |     38 |    13.1270 |
|        1 |         92 |          1002.80 |       986.10 |      1003.20 |                 19.64 |                    5.00 |     38 |    13.2037 |
|        1 |         93 |          1002.80 |       986.10 |       998.96 |                 18.63 |                    5.00 |     38 |    13.2511 |
|        1 |         94 |          1002.80 |       986.10 |      1001.27 |                 23.32 |                    5.00 |     38 |    13.3467 |
|        1 |         95 |          1002.80 |       986.10 |      1002.30 |                 22.78 |                    5.00 |     38 |    13.4046 |
|        1 |         96 |          1002.80 |       986.10 |      1001.12 |                 23.86 |                    5.00 |     38 |    13.4785 |
|        1 |         97 |          1002.80 |       986.10 |      1002.24 |                 24.39 |                    5.00 |     38 |    13.6177 |
|        1 |         98 |          1002.80 |       986.10 |      1001.90 |                 22.17 |                    5.00 |     38 |    13.7170 |
|        1 |         99 |          1002.80 |       986.10 |      1001.62 |                 24.43 |                    5.00 |     38 |    13.7700 |
|        1 |        100 |          1002.80 |       986.10 |      1002.14 |                 18.53 |                    5.00 |     38 |    13.8838 |
|        1 |        101 |          1002.80 |       986.10 |       998.99 |                 22.75 |                    5.00 |     38 |    13.9700 |
|        1 |        102 |          1002.80 |       986.10 |      1001.75 |                 24.31 |                    5.00 |     38 |    14.0313 |
|        1 |        103 |          1002.80 |       986.10 |      1003.00 |                 23.27 |                    5.00 |     38 |    14.0968 |
|        1 |        104 |          1002.80 |       986.10 |      1003.15 |                 23.40 |                    5.00 |     38 |    14.1742 |
|        1 |        105 |          1002.80 |       986.10 |      1002.36 |                 23.77 |                    5.00 |     38 |    14.2482 |
|        1 |        106 |          1002.80 |       986.10 |      1001.71 |                 23.09 |                    5.00 |     38 |    14.4143 |
|        1 |        107 |          1002.80 |       986.10 |      1002.99 |                 22.78 |                    5.00 |     38 |    14.4783 |
|        1 |        108 |          1002.80 |       986.10 |      1001.99 |                 23.38 |                    5.00 |     38 |    14.5548 |
|        1 |        109 |          1002.80 |       986.10 |      1001.64 |                 24.44 |                    5.00 |     38 |    14.6576 |
|        1 |        110 |          1002.80 |       986.10 |      1001.46 |                 23.73 |                    5.00 |     38 |    14.8274 |
|        1 |        111 |          1002.80 |       986.10 |      1000.01 |                 23.30 |                    5.00 |     38 |    14.9825 |
|        1 |        112 |          1002.80 |       986.10 |      1001.80 |                 24.13 |                    5.00 |     38 |    15.0665 |
|        1 |        113 |          1002.80 |       986.10 |       998.40 |                 23.01 |                    5.00 |     38 |    15.1924 |
|        1 |        114 |          1002.80 |       986.10 |      1001.96 |                 24.06 |                    5.00 |     38 |    15.2885 |
|        1 |        115 |          1002.80 |       986.10 |       999.52 |                 40.73 |                    5.00 |     38 |    15.3512 |
|        1 |        116 |          1002.80 |       986.10 |      1015.60 |                 25.90 |                    5.00 |     38 |    15.3993 |
|        1 |        117 |          1002.80 |       986.10 |      1010.00 |                 16.64 |                    5.00 |     38 |    15.4447 |
|        1 |        118 |          1002.80 |       986.10 |      1010.00 |                 17.24 |                    5.00 |     38 |    15.5285 |
|        1 |        119 |          1002.80 |       986.10 |       991.12 |                 26.68 |                    5.00 |     38 |    15.5837 |
|        1 |        120 |          1002.80 |       986.10 |      1010.00 |                 17.13 |                    5.00 |     38 |    15.6376 |
|        1 |        121 |          1002.80 |       986.10 |       990.74 |                 25.22 |                    5.00 |     38 |    15.6940 |
|        1 |        122 |          1002.80 |       986.10 |      1002.36 |                 23.07 |                    5.00 |     38 |    15.8695 |
|        1 |        123 |          1002.80 |       986.10 |      1002.06 |                 24.42 |                    5.00 |     38 |    15.9249 |
|        1 |        124 |          1002.80 |       986.10 |       989.35 |                 28.30 |                    5.00 |     38 |    15.9855 |
|        1 |        125 |          1002.80 |       986.10 |       998.09 |                 29.70 |                    5.00 |     38 |    16.0285 |
|        1 |        126 |          1002.80 |       986.10 |      1002.71 |                 22.75 |                    5.00 |     38 |    16.1931 |
|        1 |        127 |          1002.80 |       986.10 |      1002.65 |                 26.89 |                    5.00 |     38 |    16.2617 |
|        1 |        128 |          1002.80 |       986.10 |      1001.87 |                 23.03 |                    5.00 |     38 |    16.3744 |
|        1 |        129 |          1002.80 |       986.10 |      1002.65 |                 23.60 |                    5.00 |     38 |    16.4775 |
|        1 |        130 |          1002.80 |       986.10 |      1002.33 |                 24.21 |                    5.00 |     38 |    16.5675 |
|        1 |        131 |          1002.80 |       986.10 |      1002.24 |                 19.95 |                    5.00 |     38 |    16.6350 |
|        1 |        132 |          1002.80 |       986.10 |       990.14 |                 27.33 |                    5.00 |     38 |    16.7378 |
|        1 |        133 |          1002.80 |       986.10 |      1002.80 |                 23.91 |                    5.00 |     38 |    16.8080 |
|        1 |        134 |          1002.80 |       986.10 |      1002.87 |                 22.46 |                    5.00 |     38 |    16.8564 |
|        1 |        135 |          1002.80 |       986.10 |      1000.42 |                 20.46 |                    5.00 |     38 |    16.9145 |
|        1 |        136 |          1002.80 |       986.10 |       999.16 |                 24.17 |                    5.00 |     38 |    16.9748 |
|        1 |        137 |          1002.80 |       986.10 |      1000.43 |                 21.52 |                    5.00 |     38 |    17.0922 |
|        1 |        138 |          1002.80 |       986.10 |      1001.42 |                 23.71 |                    5.00 |     38 |    17.1433 |
|        1 |        139 |          1002.80 |       986.10 |      1001.78 |                 22.69 |                    5.00 |     38 |    17.2108 |
|        1 |        140 |          1002.80 |       986.10 |      1000.37 |                 24.20 |                    5.00 |     38 |    17.3105 |
|        1 |        141 |          1002.80 |       986.10 |      1001.53 |                 23.85 |                    5.00 |     38 |    17.3929 |
|        1 |        142 |          1002.80 |       986.10 |      1002.92 |                 24.13 |                    5.00 |     38 |    17.5493 |
|        1 |        143 |          1002.80 |       986.10 |      1002.39 |                 22.42 |                    5.00 |     38 |    17.6159 |
|        1 |        144 |          1002.80 |       986.10 |      1000.36 |                 23.18 |                    5.00 |     38 |    17.7228 |
|        1 |        145 |          1002.80 |       986.10 |      1000.49 |                 24.58 |                    5.00 |     38 |    17.9327 |
|        1 |        146 |          1002.80 |       986.10 |       992.09 |                 24.23 |                    5.00 |     38 |    18.0069 |
|        1 |        147 |          1002.80 |       986.10 |       991.43 |                 23.22 |                    5.00 |     38 |    18.0598 |
|        1 |        148 |          1002.80 |       986.10 |       987.93 |                 30.96 |                    5.00 |     38 |    18.0992 |
|        1 |        149 |          1002.80 |       986.10 |      1005.29 |                 24.05 |                    5.00 |     38 |    18.1476 |
|        1 |        150 |          1002.80 |       986.10 |       990.07 |                 37.63 |                    5.00 |     38 |    18.1930 |
|        1 |        151 |          1002.80 |       986.10 |      1003.20 |                 24.38 |                    5.00 |     38 |    18.2729 |
|        1 |        152 |          1002.80 |       986.10 |       990.01 |                 27.56 |                    5.00 |     38 |    18.4058 |
|        1 |        153 |          1002.80 |       986.10 |       997.17 |                 34.61 |                    5.00 |     38 |    18.4472 |
|        1 |        154 |          1002.80 |       986.10 |       989.58 |                 24.70 |                    5.00 |     38 |    18.5727 |
|        1 |        155 |          1002.80 |       986.10 |       991.39 |                 39.82 |                    5.00 |     38 |    18.6167 |
|        1 |        156 |          1002.80 |       986.10 |      1003.20 |                 23.83 |                    5.00 |     38 |    18.6730 |
|        1 |        157 |          1002.80 |       986.10 |      1002.29 |                 24.43 |                    5.00 |     38 |    18.7701 |
|        1 |        158 |          1002.80 |       986.10 |      1002.90 |                 23.63 |                    5.00 |     38 |    18.8296 |
|        1 |        159 |          1002.80 |       986.10 |      1003.04 |                 24.02 |                    5.00 |     38 |    18.8936 |
|        1 |        160 |          1002.80 |       986.10 |      1000.92 |                 23.65 |                    5.00 |     38 |    18.9971 |
|        1 |        161 |          1002.80 |       986.10 |      1000.83 |                 17.09 |                    5.00 |     38 |    19.0809 |
|        1 |        162 |          1002.80 |       986.10 |       997.33 |                 22.52 |                    5.00 |     38 |    19.1470 |
|        1 |        163 |          1002.80 |       986.10 |      1001.71 |                 24.03 |                    5.00 |     38 |    19.2370 |
|        1 |        164 |          1002.80 |       986.10 |      1002.66 |                 23.61 |                    5.00 |     38 |    19.3673 |
|        1 |        165 |          1002.80 |       986.10 |      1002.80 |                 23.07 |                    5.00 |     38 |    19.4248 |
|        1 |        166 |          1002.80 |       986.10 |      1000.96 |                 19.20 |                    5.00 |     38 |    19.4849 |
|        1 |        167 |          1002.80 |       986.10 |       999.29 |                 23.62 |                    5.00 |     38 |    19.5367 |
|        1 |        168 |          1002.80 |       986.10 |      1002.35 |                 24.02 |                    5.00 |     38 |    19.5932 |
|        1 |        169 |          1002.80 |       986.10 |      1002.50 |                 24.14 |                    5.00 |     38 |    19.6757 |
|        1 |        170 |          1002.80 |       986.10 |      1002.14 |                 24.23 |                    5.00 |     38 |    19.7894 |
|        1 |        171 |          1002.80 |       986.10 |       987.90 |                 22.01 |                    5.00 |     38 |    19.8996 |
------------------------------------------------------------------------------------------------------------------------------------------------
|  Restart |  Iteration |  Best Feas. Cost |    Best Cost |   Curr. Cost |   Penalty Custom Res. |   Penalty Standard Res. |   Pool |   Time (s) |
------------------------------------------------------------------------------------------------------------------------------------------------
|        1 |        172 |          1002.80 |       986.10 |      1000.53 |                 22.72 |                    5.00 |     38 |    20.0392 |
|        1 |        173 |          1002.80 |       986.10 |       997.67 |                 36.55 |                    5.00 |     40 |    20.1218 |
|        1 |        174 |          1002.80 |       986.10 |       990.94 |                 24.28 |                    5.00 |     40 |    20.2682 |
|        1 |        175 |          1002.80 |       986.10 |       990.06 |                 26.23 |                    5.00 |     40 |    20.3170 |
|        1 |        176 |          1002.80 |       986.10 |       996.64 |                 24.36 |                    5.00 |     40 |    20.3805 |
|        1 |        177 |          1002.80 |       986.10 |       992.21 |                 40.45 |                    5.00 |     40 |    20.4301 |
|        1 |        178 |          1002.80 |       986.10 |      1002.80 |                 25.46 |                    5.00 |     40 |    20.4813 |
|        1 |        179 |          1002.80 |       986.10 |      1001.16 |                 22.71 |                    5.00 |     40 |    20.5589 |
|        1 |        180 |          1002.80 |       986.10 |      1001.70 |                 24.18 |                    5.00 |     40 |    20.6895 |
|        1 |        181 |          1002.80 |       986.10 |      1002.65 |                 23.83 |                    5.00 |     40 |    20.7670 |
|        1 |        182 |          1002.80 |       986.10 |      1001.22 |                 22.58 |                    5.00 |     40 |    20.8321 |
|        1 |        183 |          1002.80 |       986.10 |      1002.48 |                 23.91 |                    5.00 |     40 |    20.8782 |
|        1 |        184 |          1002.80 |       986.10 |      1001.97 |                 23.10 |                    5.00 |     40 |    20.9662 |
|        1 |        185 |          1002.80 |       986.10 |      1001.65 |                 24.47 |                    5.00 |     40 |    21.0053 |
|        1 |        186 |          1002.80 |       986.10 |      1001.71 |                 23.11 |                    5.00 |     40 |    21.1303 |
|        1 |        187 |          1002.80 |       986.10 |      1001.11 |                 22.91 |                    5.00 |     40 |    21.2960 |
|        1 |        188 |          1002.80 |       986.10 |      1001.90 |                 17.43 |                    5.00 |     40 |    21.3599 |
|        1 |        189 |          1002.80 |       986.10 |      1120.76 |                 28.10 |                    5.00 |     41 |    21.4066 |
|        1 |        190 |          1002.80 |       986.10 |      1002.12 |                 24.93 |                    5.00 |     41 |    21.5870 |
|        1 |        191 |          1002.80 |       986.10 |      1002.50 |                 23.38 |                    5.00 |     41 |    21.6776 |
|        1 |        192 |          1002.80 |       986.10 |      1000.98 |                 20.82 |                    5.00 |     41 |    21.7807 |
|        1 |        193 |          1002.80 |       986.10 |      1000.93 |                 24.11 |                    5.00 |     41 |    21.8354 |
|        1 |        194 |          1002.80 |       986.10 |       990.08 |                 22.33 |                    5.00 |     41 |    21.9423 |
|        1 |        195 |          1002.80 |       986.10 |       999.56 |                 24.44 |                    5.00 |     41 |    22.1220 |
|        1 |        196 |          1002.80 |       986.10 |      1002.64 |                 23.13 |                    5.00 |     41 |    22.2114 |
|        1 |        197 |          1002.80 |       986.10 |      1002.12 |                 23.30 |                    5.00 |     41 |    22.2591 |
|        1 |        198 |          1002.80 |       986.10 |      1001.82 |                 23.22 |                    5.00 |     41 |    22.3149 |
|        1 |        199 |          1002.80 |       986.10 |      1001.50 |                 23.55 |                    5.00 |     41 |    22.4085 |
|        1 |        200 |          1002.80 |       986.10 |      1002.28 |                 23.94 |                    5.00 |     41 |    22.4755 |
|        1 |        201 |          1002.80 |       986.10 |      1002.34 |                 17.44 |                    5.00 |     41 |    22.5957 |
|        1 |        202 |          1002.80 |       986.10 |       997.52 |                 23.02 |                    5.00 |     41 |    22.6352 |
|        1 |        203 |          1002.80 |       986.10 |      1001.31 |                 24.07 |                    5.00 |     41 |    22.7255 |
|        1 |        204 |          1002.80 |       986.10 |      1002.32 |                 22.82 |                    5.00 |     41 |    22.7836 |
|        1 |        205 |          1002.80 |       986.10 |       986.75 |                 26.76 |                    5.00 |     41 |    22.9685 |
|        1 |        206 |          1002.80 |       986.10 |      1001.56 |                 24.34 |                    5.00 |     41 |    23.0506 |
|        1 |        207 |          1002.80 |       986.10 |      1000.98 |                 23.93 |                    5.00 |     41 |    23.1655 |
|        1 |        208 |          1002.80 |       986.10 |      1002.03 |                 30.71 |                    5.00 |     41 |    23.3562 |
|        1 |        209 |          1002.80 |       986.10 |      1002.55 |                 32.70 |                    5.00 |     41 |    23.4785 |
|        1 |        210 |          1002.80 |       986.10 |      1003.20 |                 23.65 |                    5.00 |     41 |    23.5379 |
|        1 |        211 |          1002.80 |       986.10 |      1001.93 |                 23.80 |                    5.00 |     41 |    23.6043 |
|        1 |        212 |          1002.80 |       986.10 |      1001.41 |                 24.42 |                    5.00 |     41 |    23.6839 |
|        1 |        213 |          1002.80 |       986.10 |      1002.65 |                 25.83 |                    5.00 |     41 |    23.7531 |
|        1 |        214 |          1002.80 |       986.10 |      1002.20 |                 24.28 |                    5.00 |     41 |    23.9562 |
|        1 |        215 |          1002.80 |       986.10 |       990.46 |                 24.27 |                    5.00 |     41 |    24.1581 |
|        1 |        216 |          1002.80 |       986.10 |       999.31 |                 21.22 |                    5.00 |     41 |    24.2290 |
|        1 |        217 |          1002.80 |       986.10 |       991.60 |                 34.56 |                    5.00 |     41 |    24.2726 |
|        1 |        218 |          1002.80 |       986.10 |      1003.20 |                 26.27 |                    5.00 |     41 |    24.3494 |
|        1 |        219 |          1002.80 |       986.10 |      1002.24 |                 23.67 |                    5.00 |     41 |    24.4254 |
|        1 |        220 |          1002.80 |       986.10 |      1001.92 |                 24.71 |                    5.00 |     41 |    24.5461 |
|        1 |        221 |          1002.80 |       986.10 |      1000.49 |                 24.31 |                    5.00 |     41 |    24.6579 |
|        1 |        222 |          1002.80 |       986.10 |      1002.10 |                 23.70 |                    5.00 |     41 |    24.7558 |
|        1 |        223 |          1002.80 |       986.10 |      1001.08 |                 24.27 |                    5.00 |     41 |    24.8773 |
|        1 |        224 |          1002.80 |       986.10 |       986.74 |                 25.61 |                    5.00 |     41 |    24.9789 |
|        1 |        225 |          1002.80 |       986.10 |      1009.60 |                 21.11 |                    5.00 |     41 |    25.0365 |
|        1 |        226 |          1002.80 |       986.10 |      1009.60 |                 23.74 |                    5.00 |     41 |    25.0827 |
|        1 |        227 |          1002.80 |       986.10 |       996.74 |                 22.22 |                    5.00 |     41 |    25.1939 |
|        1 |        228 |          1002.80 |       986.10 |      1008.41 |                 23.04 |                    5.00 |     42 |    25.2662 |
|        1 |        229 |          1002.80 |       986.10 |      1002.27 |                 24.11 |                    5.00 |     42 |    25.3497 |
|        1 |        230 |          1002.80 |       986.10 |      1001.70 |                 23.50 |                    5.00 |     42 |    25.4422 |
|        1 |        231 |          1002.80 |       986.10 |      1002.07 |                 15.84 |                    5.00 |     42 |    25.5182 |
|        1 |        232 |          1002.80 |       986.10 |       995.98 |                 23.79 |                    5.00 |     42 |    25.5765 |
|        1 |        233 |          1002.80 |       986.10 |      1002.36 |                 23.91 |                    5.00 |     42 |    25.6665 |
|        1 |        234 |          1002.80 |       986.10 |      1001.77 |                 23.81 |                    5.00 |     42 |    25.7459 |
|        1 |        235 |          1002.80 |       986.10 |      1002.33 |                 23.70 |                    5.00 |     42 |    25.8316 |
|        1 |        236 |          1002.80 |       986.10 |      1002.20 |                 22.67 |                    5.00 |     42 |    25.9050 |
|        1 |        237 |          1002.80 |       986.10 |      1001.42 |                 26.48 |                    5.00 |     42 |    26.0089 |
|        1 |        238 |          1002.80 |       986.10 |      1036.95 |                 23.16 |                    5.00 |     44 |    26.0989 |
|        1 |        239 |          1002.80 |       986.10 |      1036.42 |                 24.01 |                    5.00 |     44 |    26.1794 |
|        1 |        240 |          1002.80 |       986.10 |      1002.56 |                 24.21 |                    5.00 |     44 |    26.4048 |
|        1 |        241 |          1002.80 |       986.10 |      1002.37 |                 24.06 |                    5.00 |     44 |    26.5174 |
|        1 |        242 |          1002.80 |       986.10 |      1002.33 |                 24.48 |                    5.00 |     44 |    26.5659 |
|        1 |        243 |          1002.80 |       986.10 |      1003.20 |                 21.43 |                    5.00 |     44 |    26.6296 |
|        1 |        244 |          1002.80 |       986.10 |      1002.39 |                 24.04 |                    5.00 |     44 |    26.7100 |
|        1 |        245 |          1002.80 |       986.10 |      1000.84 |                 22.85 |                    5.00 |     44 |    26.8982 |
|        1 |        246 |          1002.80 |       986.10 |      1002.98 |                 20.62 |                    5.00 |     44 |    26.9464 |
|        1 |        247 |          1002.80 |       986.10 |      1001.36 |                 24.14 |                    5.00 |     44 |    26.9929 |
|        1 |        248 |          1002.80 |       986.10 |      1002.15 |                 23.78 |                    5.00 |     44 |    27.0764 |
|        1 |        249 |          1002.80 |       986.10 |      1002.28 |                 24.37 |                    5.00 |     44 |    27.1721 |
|        1 |        250 |          1002.80 |       986.10 |      1002.11 |                 26.25 |                    5.00 |     44 |    27.2727 |
|        1 |        251 |          1002.80 |       986.10 |      1001.35 |                 24.12 |                    5.00 |     44 |    27.3522 |
|        1 |        252 |          1002.80 |       986.10 |      1001.93 |                 22.84 |                    5.00 |     44 |    27.4342 |
|        1 |        253 |          1002.80 |       986.10 |      1001.14 |                 23.87 |                    5.00 |     44 |    27.5289 |
|        1 |        254 |          1002.80 |       986.10 |      1002.00 |                 22.93 |                    5.00 |     44 |    27.7066 |
|        1 |        255 |          1002.80 |       986.10 |      1001.88 |                 23.50 |                    5.00 |     44 |    27.8111 |
|        1 |        256 |          1002.80 |       986.10 |      1002.47 |                 22.72 |                    5.00 |     44 |    27.8793 |
|        1 |        257 |          1002.80 |       986.10 |      1002.39 |                 22.86 |                    5.00 |     44 |    27.9468 |
|        1 |        258 |          1002.80 |       986.10 |      1001.51 |                 22.42 |                    5.00 |     44 |    28.1009 |
|        1 |        259 |          1002.80 |       986.10 |       987.86 |                 28.81 |                    5.00 |     44 |    28.2789 |
|        1 |        260 |          1002.80 |       986.10 |      1001.89 |                 29.25 |                    5.00 |     44 |    28.3650 |
|        1 |        261 |          1002.80 |       986.10 |      1000.65 |                 23.08 |                    5.00 |     44 |    28.4859 |
|        1 |        262 |          1002.80 |       986.10 |      1000.89 |                 23.30 |                    5.00 |     44 |    28.6791 |
|        1 |        263 |          1002.80 |       986.10 |      1001.85 |                 22.52 |                    5.00 |     44 |    28.7610 |
|        1 |        264 |          1002.80 |       986.10 |      1001.31 |                 24.03 |                    5.00 |     44 |    28.8502 |
|        1 |        265 |          1002.80 |       986.10 |      1001.20 |                 23.91 |                    5.00 |     44 |    28.9476 |
|        1 |        266 |          1002.80 |       986.10 |      1002.80 |                 39.67 |                    5.00 |     44 |    29.0204 |
|        1 |        267 |          1002.80 |       986.10 |      1002.80 |                 26.81 |                    5.00 |     44 |    29.0560 |
|        1 |        268 |          1002.80 |       986.10 |      1002.49 |                 23.70 |                    5.00 |     44 |    29.1158 |
|        1 |        269 |          1002.80 |       986.10 |      1002.37 |                 23.54 |                    5.00 |     44 |    29.2325 |
|        1 |        270 |          1002.80 |       986.10 |      1002.29 |                 24.43 |                    5.00 |     44 |    29.2885 |
|        1 |        271 |          1002.80 |       986.10 |      1002.17 |                 23.83 |                    5.00 |     44 |    29.3720 |
|        1 |        272 |          1002.80 |       986.10 |      1001.82 |                 22.50 |                    5.00 |     44 |    29.4882 |
|        1 |        273 |          1002.80 |       986.10 |      1001.43 |                 23.50 |                    5.00 |     44 |    29.5950 |
|        1 |        274 |          1002.80 |       986.10 |      1002.25 |                 24.38 |                    5.00 |     44 |    29.6575 |
|        1 |        275 |          1002.80 |       986.10 |      1002.34 |                 24.24 |                    5.00 |     44 |    29.7764 |
|        1 |        276 |          1002.80 |       986.10 |      1002.48 |                 23.18 |                    5.00 |     44 |    29.8696 |
|        1 |        277 |          1002.80 |       986.10 |      1000.79 |                 24.20 |                    5.00 |     44 |    30.0039 |
|        1 |        278 |          1002.80 |       986.10 |      1002.87 |                 29.12 |                    5.00 |     44 |    30.1062 |
|        1 |        279 |          1002.80 |       986.10 |      1000.51 |                 23.88 |                    5.00 |     44 |    30.2700 |
|        1 |        280 |          1002.80 |       986.10 |       991.52 |                 23.96 |                    5.00 |     44 |    30.3940 |
|        1 |        281 |          1002.80 |       986.10 |       989.43 |                 34.61 |                    5.00 |     44 |    30.4362 |
|        1 |        282 |          1002.80 |       986.10 |      1050.70 |                 30.28 |                    5.00 |     46 |    30.5115 |
|        1 |        283 |          1002.80 |       986.10 |      1002.80 |                 28.41 |                    5.00 |     46 |    30.5836 |
|        1 |        284 |          1002.80 |       986.10 |      1002.23 |                 22.41 |                    5.00 |     46 |    30.7138 |
|        1 |        285 |          1002.80 |       986.10 |       999.96 |                 23.93 |                    5.00 |     46 |    30.7953 |
|        1 |        286 |          1002.80 |       986.10 |      1001.27 |                 24.22 |                    5.00 |     46 |    30.9482 |
|        1 |        287 |          1002.80 |       986.10 |      1001.85 |                 24.37 |                    5.00 |     46 |    31.0148 |
|        1 |        288 |          1002.80 |       986.10 |      1002.40 |                 23.99 |                    5.00 |     46 |    31.1252 |
|        1 |        289 |          1002.80 |       986.10 |      1002.46 |                 23.16 |                    5.00 |     46 |    31.2222 |
|        1 |        290 |          1002.80 |       986.10 |      1002.14 |                 20.46 |                    5.00 |     46 |    31.3106 |
|        1 |        291 |          1002.80 |       986.10 |       999.94 |                 23.69 |                    5.00 |     46 |    31.3670 |
|        1 |        292 |          1002.80 |       986.10 |      1002.88 |                 23.83 |                    5.00 |     46 |    31.4493 |
|        1 |        293 |          1002.80 |       986.10 |      1001.75 |                 24.33 |                    5.00 |     46 |    31.6329 |
|        1 |        294 |          1002.80 |       986.10 |      1002.33 |                 24.48 |                    5.00 |     46 |    31.7046 |
|        1 |        295 |          1002.80 |       986.10 |      1000.93 |                 22.51 |                    5.00 |     46 |    31.7903 |
|        1 |        296 |          1002.80 |       986.10 |       992.62 |                 22.79 |                    5.00 |     46 |    31.9323 |
|        1 |        297 |          1002.80 |       986.10 |       989.36 |                 23.87 |                    5.00 |     46 |    32.0004 |
|        1 |        298 |          1002.80 |       986.10 |      1004.36 |                 26.38 |                    5.00 |     46 |    32.2733 |
|        1 |        299 |          1002.80 |       986.10 |      1004.05 |                 21.73 |                    5.00 |     46 |    32.3826 |
|        1 |        300 |          1002.80 |       986.10 |      1005.28 |                 23.93 |                    5.00 |     46 |    32.4553 |
|        1 |        301 |          1002.80 |       986.10 |      1005.88 |                 23.15 |                    5.00 |     46 |    32.5175 |
|        1 |        302 |          1002.80 |       986.10 |      1001.78 |                 24.35 |                    5.00 |     46 |    32.7609 |
|        1 |        303 |          1002.80 |       986.10 |      1001.87 |                 24.22 |                    5.00 |     46 |    32.8950 |
|        1 |        304 |          1002.80 |       986.10 |      1002.42 |                 22.67 |                    5.00 |     46 |    33.0325 |
|        1 |        305 |          1002.80 |       986.10 |      1002.04 |                 24.40 |                    5.00 |     46 |    33.1665 |
|        1 |        306 |          1002.80 |       986.10 |      1002.39 |                 24.29 |                    5.00 |     46 |    33.2528 |
|        1 |        307 |          1002.80 |       986.10 |      1001.56 |                 23.42 |                    5.00 |     46 |    33.3884 |
|        1 |        308 |          1002.80 |       986.10 |      1001.89 |                 22.83 |                    5.00 |     46 |    33.4932 |
|        1 |        309 |          1002.80 |       986.10 |      1002.26 |                 23.67 |                    5.00 |     46 |    33.5622 |
|        1 |        310 |          1002.80 |       986.10 |      1008.46 |                 24.07 |                    5.00 |     46 |    33.6227 |
|        1 |        311 |          1002.80 |       986.10 |      1002.23 |                 22.72 |                    5.00 |     46 |    33.7793 |
|        1 |        312 |          1002.80 |       986.10 |       988.65 |                 23.50 |                    5.00 |     46 |    33.8829 |
|        1 |        313 |          1002.80 |       986.10 |       990.90 |                 31.93 |                    5.00 |     46 |    33.9455 |
|        1 |        314 |          1002.80 |       986.10 |      1002.15 |                 24.23 |                    5.00 |     46 |    34.0623 |
|        1 |        315 |          1002.80 |       986.10 |      1001.79 |                 24.27 |                    5.00 |     46 |    34.2258 |
|        1 |        316 |          1002.80 |       986.10 |      1001.95 |                 35.49 |                    5.00 |     46 |    34.4594 |
|        1 |        317 |          1002.80 |       986.10 |      1002.69 |                 23.41 |                    5.00 |     46 |    34.5789 |
|        1 |        318 |          1002.80 |       986.10 |      1001.93 |                 24.23 |                    5.00 |     46 |    34.6818 |
|        1 |        319 |          1002.80 |       986.10 |      1001.58 |                 24.09 |                    5.00 |     46 |    34.7940 |
|        1 |        320 |          1002.80 |       986.10 |      1001.01 |                 24.42 |                    5.00 |     46 |    34.9117 |
|        1 |        321 |          1002.80 |       986.10 |      1000.76 |                 24.42 |                    5.00 |     46 |    35.0853 |
|        1 |        322 |          1002.80 |       986.10 |      1002.72 |                 26.64 |                    5.00 |     46 |    35.1388 |
|        1 |        323 |          1002.80 |       986.10 |      1002.11 |                 24.41 |                    5.00 |     46 |    35.2824 |
|        1 |        324 |          1002.80 |       986.10 |      1002.80 |                 23.37 |                    5.00 |     46 |    35.3441 |
|        1 |        325 |          1002.80 |       986.10 |      1000.85 |                 24.47 |                    5.00 |     46 |    35.4132 |
|        1 |        326 |          1002.80 |       986.10 |      1002.29 |                 18.05 |                    5.00 |     46 |    35.4898 |
|        1 |        327 |          1002.80 |       986.10 |       997.90 |                 24.27 |                    5.00 |     46 |    35.5621 |
|        1 |        328 |          1002.80 |       986.10 |      1002.12 |                 23.70 |                    5.00 |     46 |    35.6253 |
|        1 |        329 |          1002.80 |       986.10 |      1002.26 |                 28.88 |                    5.00 |     46 |    35.6683 |
|        1 |        330 |          1002.80 |       986.10 |      1002.80 |                 28.80 |                    5.00 |     46 |    35.7143 |
|        1 |        331 |          1002.80 |       986.10 |      1009.60 |                 23.29 |                    5.00 |     46 |    35.7576 |
|        1 |        332 |          1002.80 |       986.10 |      1006.53 |                 19.37 |                    5.00 |     46 |    35.8249 |
|        1 |        333 |          1002.80 |       986.10 |      1006.66 |                 15.97 |                    5.00 |     46 |    35.8806 |
|        1 |        334 |          1002.80 |       986.10 |       988.98 |                 24.47 |                    5.00 |     46 |    35.9314 |
|        1 |        335 |          1002.80 |       986.10 |      1001.80 |                 24.36 |                    5.00 |     46 |    36.1837 |
|        1 |        336 |          1002.80 |       986.10 |      1002.34 |                 24.24 |                    5.00 |     46 |    36.2624 |
|        1 |        337 |          1002.80 |       986.10 |      1001.05 |                 23.55 |                    5.00 |     46 |    36.4120 |
|        1 |        338 |          1002.80 |       986.10 |      1002.75 |                 24.43 |                    5.00 |     46 |    36.4721 |
|        1 |        339 |          1002.80 |       986.10 |      1001.06 |                 24.03 |                    5.00 |     46 |    36.5937 |
|        1 |        340 |          1002.80 |       986.10 |      1002.27 |                 23.69 |                    5.00 |     46 |    36.6745 |
|        1 |        341 |          1002.80 |       986.10 |      1002.16 |                 24.06 |                    5.00 |     46 |    36.7545 |
|        1 |        342 |          1002.80 |       986.10 |      1000.99 |                 23.71 |                    5.00 |     46 |    36.8377 |
|        1 |        343 |          1002.80 |       986.10 |      1002.90 |                 23.63 |                    5.00 |     46 |    36.8924 |
|        1 |        344 |          1002.80 |       986.10 |      1002.58 |                 21.07 |                    5.00 |     46 |    36.9716 |
|        1 |        345 |          1002.80 |       986.10 |      1001.60 |                 24.40 |                    5.00 |     46 |    37.0206 |
|        1 |        346 |          1002.80 |       986.10 |      1001.29 |                 22.62 |                    5.00 |     46 |    37.1207 |
|        1 |        347 |          1002.80 |       986.10 |      1001.84 |                 27.28 |                    5.00 |     46 |    37.1708 |
|        1 |        348 |          1002.80 |       986.10 |      1001.09 |                 23.83 |                    5.00 |     46 |    37.2683 |
|        1 |        349 |          1002.80 |       986.10 |      1001.83 |                 23.69 |                    5.00 |     46 |    37.3762 |
|        1 |        350 |          1002.80 |       986.10 |      1001.32 |                 23.37 |                    5.00 |     46 |    37.4375 |
|        1 |        351 |          1002.80 |       986.10 |      1002.11 |                 22.15 |                    5.00 |     46 |    37.5044 |
|        1 |        352 |          1002.80 |       986.10 |      1001.39 |                 23.43 |                    5.00 |     46 |    37.5732 |
|        1 |        353 |          1002.80 |       986.10 |      1001.73 |                 23.33 |                    5.00 |     46 |    37.6441 |
|        1 |        354 |          1002.80 |       986.10 |      1002.53 |                 23.28 |                    5.00 |     46 |    37.6841 |
|        1 |        355 |          1002.80 |       986.10 |      1002.02 |                 23.42 |                    5.00 |     46 |    37.7527 |
|        1 |        356 |          1002.80 |       986.10 |      1001.07 |                 23.10 |                    5.00 |     46 |    37.8161 |
|        1 |        357 |          1002.80 |       986.10 |      1001.11 |                 23.37 |                    5.00 |     46 |    37.9655 |
|        1 |        358 |          1002.80 |       986.10 |      1001.87 |                 22.82 |                    5.00 |     46 |    38.0405 |
|        1 |        359 |          1002.80 |       986.10 |      1001.95 |                 24.08 |                    5.00 |     46 |    38.1543 |
|        1 |        360 |          1002.80 |       986.10 |      1002.79 |                 22.60 |                    5.00 |     46 |    38.2157 |
|        1 |        361 |          1002.80 |       986.10 |       991.73 |                 23.82 |                    5.00 |     46 |    38.3438 |
|        1 |        362 |          1002.80 |       986.10 |       989.13 |                 23.03 |                    5.00 |     46 |    38.4016 |
|        1 |        363 |          1002.80 |       986.10 |       990.32 |                 23.15 |                    5.00 |     46 |    38.4861 |
|        1 |        364 |          1002.80 |       986.10 |       988.74 |                 23.79 |                    5.00 |     46 |    38.5426 |
|        1 |        365 |          1002.80 |       986.10 |      1002.07 |                 22.57 |                    5.00 |     46 |    38.5857 |
|        1 |        366 |          1002.80 |       986.10 |      1000.94 |                 23.20 |                    5.00 |     46 |    38.6389 |
|        1 |        367 |          1002.80 |       986.10 |      1002.30 |                 24.19 |                    5.00 |     46 |    38.7774 |
|        1 |        368 |          1002.80 |       986.10 |      1002.34 |                 24.23 |                    5.00 |     46 |    38.9152 |
|        1 |        369 |          1002.80 |       986.10 |      1002.47 |                 22.07 |                    5.00 |     46 |    38.9778 |
|        1 |        370 |          1002.80 |       986.10 |      1001.95 |                 22.44 |                    5.00 |     46 |    39.0312 |
|        1 |        371 |          1002.80 |       986.10 |      1001.24 |                 23.29 |                    5.00 |     46 |    39.0864 |
|        1 |        372 |          1002.80 |       986.10 |      1002.25 |                 24.39 |                    5.00 |     46 |    39.1630 |
|        1 |        373 |          1002.80 |       986.10 |      1002.41 |                 23.85 |                    5.00 |     46 |    39.2211 |
|        1 |        374 |          1002.80 |       986.10 |      1002.79 |                 24.46 |                    5.00 |     46 |    39.3002 |
|        1 |        375 |          1002.80 |       986.10 |      1002.45 |                 23.88 |                    5.00 |     46 |    39.3818 |
|        1 |        376 |          1002.80 |       986.10 |      1002.04 |                 24.39 |                    5.00 |     46 |    39.5361 |
|        1 |        377 |          1002.80 |       986.10 |      1001.96 |                 23.36 |                    5.00 |     46 |    39.5955 |
|        1 |        378 |          1002.80 |       986.10 |       987.74 |                 25.47 |                    5.00 |     46 |    39.6560 |
|        1 |        379 |          1002.80 |       986.10 |       993.98 |                 24.39 |                    5.00 |     46 |    39.7092 |
|        1 |        380 |          1002.80 |       986.10 |      1001.88 |                 24.24 |                    5.00 |     46 |    39.8210 |
|        1 |        381 |          1002.80 |       986.10 |      1000.69 |                 22.90 |                    5.00 |     46 |    39.9342 |
|        1 |        382 |          1002.80 |       986.10 |      1053.04 |                 35.13 |                    5.00 |     47 |    39.9733 |
------------------------------------------------------------------------------------------------------------------------------------------------
|  Restart |  Iteration |  Best Feas. Cost |    Best Cost |   Curr. Cost |   Penalty Custom Res. |   Penalty Standard Res. |   Pool |   Time (s) |
------------------------------------------------------------------------------------------------------------------------------------------------
|        1 |        383 |          1002.80 |       986.10 |      1000.62 |                 24.73 |                    5.00 |     47 |    40.1667 |
|        1 |        384 |          1002.80 |       986.10 |      1001.78 |                 24.09 |                    5.00 |     47 |    40.2733 |
|        1 |        385 |          1002.80 |       986.10 |      1002.05 |                 23.01 |                    5.00 |     47 |    40.3779 |
|        1 |        386 |          1002.80 |       986.10 |      1001.57 |                 21.57 |                    5.00 |     47 |    40.4578 |
|        1 |        387 |          1002.80 |       986.10 |      1000.83 |                 22.39 |                    5.00 |     47 |    40.5120 |
|        1 |        388 |          1002.80 |       986.10 |      1002.37 |                 23.78 |                    5.00 |     47 |    40.6943 |
|        1 |        389 |          1002.80 |       986.10 |      1002.06 |                 22.77 |                    5.00 |     47 |    40.7491 |
|        1 |        390 |          1002.80 |       986.10 |       989.61 |                 23.12 |                    5.00 |     47 |    40.8443 |
|        1 |        391 |          1002.80 |       986.10 |       998.03 |                 22.98 |                    5.00 |     47 |    40.9771 |
|        1 |        392 |          1002.80 |       986.10 |      1002.48 |                 24.37 |                    5.00 |     47 |    41.1794 |
|        1 |        393 |          1002.80 |       986.10 |      1001.46 |                 22.38 |                    5.00 |     47 |    41.2748 |
|        1 |        394 |          1002.80 |       986.10 |      1001.59 |                 24.35 |                    5.00 |     47 |    41.3723 |
|        1 |        395 |          1002.80 |       986.10 |      1001.47 |                 24.41 |                    5.00 |     47 |    41.5078 |
|        1 |        396 |          1002.80 |       986.10 |      1002.00 |                 23.58 |                    5.00 |     47 |    41.5934 |
|        1 |        397 |          1002.80 |       986.10 |      1000.55 |                 17.87 |                    5.00 |     47 |    41.7279 |
|        1 |        398 |          1002.80 |       986.10 |       997.55 |                 30.27 |                    5.00 |     47 |    41.7866 |
|        1 |        399 |          1002.80 |       986.10 |      1030.60 |                 22.81 |                    5.00 |     49 |    41.8424 |
|        1 |        400 |          1002.80 |       986.10 |      1002.10 |                 23.75 |                    5.00 |     49 |    42.0078 |
|        1 |        401 |          1002.80 |       986.10 |      1001.15 |                 21.83 |                    5.00 |     49 |    42.0931 |
|        1 |        402 |          1002.80 |       986.10 |      1001.20 |                 24.43 |                    5.00 |     49 |    42.2435 |
|        1 |        403 |          1002.80 |       986.10 |      1002.63 |                 17.64 |                    5.00 |     49 |    42.3452 |
|        1 |        404 |          1002.80 |       986.10 |       997.89 |                 28.71 |                    5.00 |     49 |    42.4011 |
|        1 |        405 |          1002.80 |       986.10 |       990.58 |                 23.73 |                    5.00 |     49 |    42.5914 |
|        1 |        406 |          1002.80 |       986.10 |       991.88 |                 41.02 |                    5.00 |     49 |    42.6428 |
|        1 |        407 |          1002.80 |       986.10 |      1002.28 |                 23.67 |                    5.00 |     49 |    42.8190 |
|        1 |        408 |          1002.80 |       986.10 |      1007.51 |                 23.26 |                    5.00 |     49 |    42.9603 |
|        1 |        409 |          1002.80 |       986.10 |      1008.26 |                 20.52 |                    5.00 |     49 |    43.0937 |
|        1 |        410 |          1002.80 |       986.10 |      1002.50 |                 29.81 |                    5.00 |     49 |    43.2122 |
|        1 |        411 |          1002.80 |       986.10 |      1003.20 |                 22.94 |                    5.00 |     49 |    43.2539 |
|        1 |        412 |          1002.80 |       986.10 |      1002.79 |                 23.98 |                    5.00 |     49 |    43.3537 |
|        1 |        413 |          1002.80 |       986.10 |      1002.24 |                 23.43 |                    5.00 |     49 |    43.4091 |
|        1 |        414 |          1002.80 |       986.10 |      1001.47 |                 23.07 |                    5.00 |     49 |    43.5149 |
|        1 |        415 |          1002.80 |       986.10 |      1030.08 |                 23.94 |                    5.00 |     50 |    43.5738 |
|        1 |        416 |          1002.80 |       986.10 |      1002.33 |                 23.03 |                    5.00 |     50 |    43.7387 |
|        1 |        417 |          1002.80 |       986.10 |      1002.00 |                 25.60 |                    5.00 |     50 |    43.8194 |
|        1 |        418 |          1002.80 |       986.10 |      1001.01 |                 24.21 |                    5.00 |     50 |    43.9236 |
|        1 |        419 |          1002.80 |       986.10 |       989.00 |                 21.78 |                    5.00 |     50 |    44.0290 |
|        1 |        420 |          1002.80 |       986.10 |      1001.55 |                 17.69 |                    5.00 |     50 |    44.1782 |
|        1 |        421 |          1002.80 |       986.10 |       997.23 |                 26.85 |                    5.00 |     50 |    44.2254 |
|        1 |        422 |          1002.80 |       986.10 |      1001.86 |                 22.80 |                    5.00 |     50 |    44.2904 |
|        1 |        423 |          1002.80 |       986.10 |      1001.35 |                 23.42 |                    5.00 |     50 |    44.3532 |
|        1 |        424 |          1002.80 |       986.10 |       989.67 |                 24.52 |                    5.00 |     50 |    44.4308 |
|        1 |        425 |          1002.80 |       986.10 |       990.53 |                 24.45 |                    5.00 |     50 |    44.4896 |
|        1 |        426 |          1002.80 |       986.10 |       991.87 |                 29.18 |                    5.00 |     50 |    44.5486 |
|        1 |        427 |          1002.80 |       986.10 |      1001.03 |                 32.45 |                    5.00 |     50 |    44.6236 |
|        1 |        428 |          1002.80 |       986.10 |      1001.89 |                 23.51 |                    5.00 |     50 |    44.8750 |
|        1 |        429 |          1002.80 |       986.10 |      1001.16 |                 23.17 |                    5.00 |     50 |    44.9736 |
|        1 |        430 |          1002.80 |       986.10 |      1002.42 |                 23.53 |                    5.00 |     50 |    45.0638 |
|        1 |        431 |          1002.80 |       986.10 |      1001.18 |                 22.93 |                    5.00 |     50 |    45.1781 |
|        1 |        432 |          1002.80 |       986.10 |      1001.73 |                 23.78 |                    5.00 |     50 |    45.2486 |
|        1 |        433 |          1002.80 |       986.10 |      1001.80 |                 23.14 |                    5.00 |     50 |    45.3803 |
|        1 |        434 |          1002.80 |       986.10 |      1002.13 |                 25.97 |                    5.00 |     50 |    45.4707 |
|        1 |        435 |          1002.80 |       986.10 |      1002.01 |                 24.38 |                    5.00 |     50 |    45.5348 |
|        1 |        436 |          1002.80 |       986.10 |      1000.59 |                 24.44 |                    5.00 |     50 |    45.6849 |
|        1 |        437 |          1002.80 |       986.10 |      1001.49 |                 24.27 |                    5.00 |     50 |    45.8184 |
|        1 |        438 |          1002.80 |       986.10 |      1002.73 |                 17.55 |                    5.00 |     50 |    45.8970 |
|        1 |        439 |          1002.80 |       986.10 |       997.62 |                 24.12 |                    5.00 |     50 |    45.9357 |
|        1 |        440 |          1002.80 |       986.10 |      1002.57 |                 24.25 |                    5.00 |     50 |    46.0204 |
|        1 |        441 |          1002.80 |       986.10 |       997.27 |                 24.35 |                    5.00 |     50 |    46.1393 |
|        1 |        442 |          1002.80 |       986.10 |      1001.43 |                 24.40 |                    5.00 |     50 |    46.2717 |
|        1 |        443 |          1002.80 |       986.10 |      1002.18 |                 24.06 |                    6.29 |     50 |    46.3411 |
|        1 |        444 |          1002.80 |       986.10 |       996.98 |                 22.32 |                    5.00 |     50 |    46.4309 |
|        1 |        445 |          1002.80 |       986.10 |      1000.66 |                 21.56 |                    5.47 |     50 |    46.5102 |
|        1 |        446 |          1002.80 |       986.10 |      1010.00 |                 16.57 |                    5.00 |     50 |    46.5687 |
|        1 |        447 |          1002.80 |       986.10 |       989.86 |                 23.70 |                    5.00 |     50 |    46.6089 |
|        1 |        448 |          1002.80 |       986.10 |       998.12 |                 24.11 |                    5.00 |     50 |    46.6608 |
|        1 |        449 |          1002.80 |       986.10 |      1010.00 |                 20.91 |                    5.00 |     50 |    46.7122 |
|        1 |        450 |          1002.80 |       986.10 |       997.86 |                 23.70 |                    5.00 |     50 |    46.7973 |
|        1 |        451 |          1002.80 |       986.10 |      1001.99 |                 24.30 |                    5.00 |     50 |    46.8819 |
|        1 |        452 |          1002.80 |       986.10 |      1002.71 |                 30.39 |                    5.00 |     50 |    46.9980 |
|        1 |        453 |          1002.80 |       986.10 |      1001.39 |                 26.42 |                    5.00 |     50 |    47.1809 |
|        1 |        454 |          1002.80 |       986.10 |      1002.28 |                 24.44 |                    5.00 |     50 |    47.3211 |
|        1 |        455 |          1002.80 |       986.10 |      1002.00 |                 22.24 |                    5.00 |     50 |    47.3903 |
|        1 |        456 |          1002.80 |       986.10 |      1002.14 |                 24.26 |                    5.00 |     50 |    47.4417 |
|        1 |        457 |          1002.80 |       986.10 |      1001.39 |                 30.42 |                    5.00 |     50 |    47.5074 |
|        1 |        458 |          1002.80 |       986.10 |      1001.61 |                 25.92 |                    5.00 |     50 |    47.6865 |
|        1 |        459 |          1002.80 |       986.10 |       989.06 |                 23.28 |                    5.00 |     50 |    47.8149 |
|        1 |        460 |          1002.80 |       986.10 |       988.85 |                 34.32 |                    5.00 |     50 |    47.8513 |
|        1 |        461 |          1002.80 |       986.10 |      1005.15 |                 22.65 |                    5.00 |     50 |    47.9601 |
|        1 |        462 |          1002.80 |       986.10 |      1001.61 |                 24.14 |                    5.00 |     50 |    48.0924 |
|        1 |        463 |          1002.80 |       986.10 |      1001.28 |                 31.46 |                    5.00 |     50 |    48.2212 |
|        1 |        464 |          1002.80 |       986.10 |      1001.80 |                 24.08 |                    5.00 |     50 |    48.3811 |
|        1 |        465 |          1002.80 |       986.10 |      1000.35 |                 22.99 |                    5.00 |     50 |    48.5045 |
|        1 |        466 |          1002.80 |       986.10 |      1000.70 |                 24.58 |                    5.00 |     50 |    48.5648 |
|        1 |        467 |          1002.80 |       986.10 |      1002.38 |                 22.59 |                    5.00 |     50 |    48.6490 |
|        1 |        468 |          1002.80 |       986.10 |      1001.42 |                 23.69 |                    5.00 |     50 |    48.7037 |
|        1 |        469 |          1002.80 |       986.10 |      1001.40 |                 24.38 |                    5.00 |     50 |    48.9182 |
|        1 |        470 |          1002.80 |       986.10 |      1001.23 |                 23.71 |                    5.00 |     50 |    49.0653 |
|        1 |        471 |          1002.80 |       986.10 |      1002.38 |                 24.02 |                    5.00 |     50 |    49.3032 |
|        1 |        472 |          1002.80 |       986.10 |       994.01 |                 26.46 |                    5.00 |     50 |    49.3747 |
|        1 |        473 |          1002.80 |       986.10 |       996.02 |                 26.63 |                    5.00 |     50 |    49.4398 |
|        1 |        474 |          1002.80 |       986.10 |      1005.78 |                 23.99 |                    5.00 |     50 |    49.5264 |
|        1 |        475 |          1002.80 |       986.10 |      1000.86 |                 22.42 |                    5.00 |     50 |    49.7031 |
|        1 |        476 |          1002.80 |       986.10 |      1001.43 |                 23.96 |                    5.00 |     50 |    49.7653 |
|        1 |        477 |          1002.80 |       986.10 |      1002.46 |                 24.36 |                    5.00 |     50 |    49.8370 |
|        1 |        478 |          1002.80 |       986.10 |      1002.60 |                 17.11 |                    5.00 |     50 |    49.8953 |
|        1 |        479 |          1002.80 |       986.10 |       997.71 |                 23.51 |                    5.00 |     50 |    49.9476 |
|        1 |        480 |          1002.80 |       986.10 |      1002.26 |                 24.39 |                    5.00 |     50 |    50.0090 |
|        1 |        481 |          1002.80 |       986.10 |      1000.87 |                 23.79 |                    5.00 |     50 |    50.0986 |
|        1 |        482 |          1002.80 |       986.10 |      1002.01 |                 23.89 |                    5.00 |     50 |    50.2128 |
|        1 |        483 |          1002.80 |       986.10 |      1001.92 |                 23.30 |                    5.00 |     50 |    50.2943 |
|        1 |        484 |          1002.80 |       986.10 |      1000.93 |                 30.68 |                    5.00 |     50 |    50.3851 |
|        1 |        485 |          1002.80 |       986.10 |      1001.88 |                 19.65 |                    5.00 |     50 |    50.4953 |
|        1 |        486 |          1002.80 |       986.10 |      1001.18 |                 17.21 |                    5.00 |     50 |    50.5443 |
|        1 |        487 |          1002.80 |       986.10 |       998.71 |                 23.38 |                    5.00 |     50 |    50.6088 |
|        1 |        488 |          1002.80 |       986.10 |      1003.15 |                 23.91 |                    5.00 |     50 |    50.7535 |
|        1 |        489 |          1002.80 |       986.10 |       989.28 |                 27.01 |                    5.00 |     50 |    50.9123 |
|        1 |        490 |          1002.80 |       986.10 |      1010.00 |                 18.23 |                    5.00 |     50 |    50.9730 |
|        1 |        491 |          1002.80 |       986.10 |       990.20 |                 26.01 |                    5.00 |     50 |    51.0552 |
|        1 |        492 |          1002.80 |       986.10 |      1010.00 |                 20.38 |                    5.00 |     50 |    51.1249 |
|        1 |        493 |          1002.80 |       986.10 |       995.90 |                 20.91 |                    5.00 |     50 |    51.2060 |
|        1 |        494 |          1002.80 |       986.10 |      1001.22 |                 22.81 |                    5.00 |     50 |    51.2599 |
|        1 |        495 |          1002.80 |       986.10 |      1002.24 |                 23.65 |                    5.00 |     50 |    51.3291 |
|        1 |        496 |          1002.80 |       986.10 |      1000.01 |                 23.54 |                    5.00 |     50 |    51.4255 |
|        1 |        497 |          1002.80 |       986.10 |      1001.96 |                 23.86 |                    5.00 |     50 |    51.5672 |
|        1 |        498 |          1002.80 |       986.10 |      1000.82 |                 23.99 |                    5.00 |     50 |    51.6499 |
|        1 |        499 |          1002.80 |       986.10 |      1001.01 |                 23.26 |                    5.00 |     50 |    51.8826 |
|        1 |        500 |          1002.80 |       986.10 |      1002.68 |                 24.14 |                    5.00 |     50 |    51.9378 |
------------------------------------------------------------------------------------------------------------------------------------------------
Version identifier: 22.1.2.0 | 2024-11-26 | 0edbb82fd
CPXPARAM_MIP_Tolerances_UpperCutoff              1002.9000000000067
Tried aggregator 2 times.
MIP Presolve eliminated 76 rows and 8 columns.
MIP Presolve modified 4 coefficients.
Aggregator did 3 substitutions.
Reduced MIP has 22 rows, 39 columns, and 123 nonzeros.
Reduced MIP has 39 binaries, 0 generals, 0 SOSs, and 0 indicators.
Presolve time = 0.00 sec. (0.19 ticks)
Probing time = 0.00 sec. (0.05 ticks)
Tried aggregator 1 time.
MIP Presolve eliminated 11 rows and 18 columns.
Reduced MIP has 11 rows, 21 columns, and 53 nonzeros.
Reduced MIP has 21 binaries, 0 generals, 0 SOSs, and 0 indicators.
Presolve time = 0.00 sec. (0.04 ticks)
Probing time = 0.00 sec. (0.02 ticks)
Tried aggregator 1 time.
MIP Presolve eliminated 1 rows and 1 columns.
Reduced MIP has 10 rows, 20 columns, and 45 nonzeros.
Reduced MIP has 20 binaries, 0 generals, 0 SOSs, and 0 indicators.
Presolve time = 0.00 sec. (0.03 ticks)
Probing time = 0.00 sec. (0.02 ticks)
Clique table members: 21.
MIP emphasis: balance optimality and feasibility.
MIP search method: dynamic search.
Parallel mode: deterministic, using up to 8 threads.
Root relaxation solution time = 0.00 sec. (0.02 ticks)

        Nodes                                         Cuts/
   Node  Left     Objective  IInf  Best Integer    Best Bound    ItCnt     Gap

*     0     0      integral     0     1002.8000     1002.8000        7    0.00%
Elapsed time = 0.01 sec. (1.46 ticks, tree = 0.00 MB, solutions = 1)
objective_value(sp) = 1002.8
 55.717226 seconds (6.84 M allocations: 340.723 MiB, 0.15% gc time, 7.53% compilation time)
#1: 0 (0.0) {0.0} -> 67 (10.0) {12.2} [12.0, 172.0] -> 0 (10.0) {114.4} [0.0, 3390.0]
#2: 0 (0.0) {372.0} -> 72 (10.0) {395.8} [308.0, 468.0] -> 61 (20.0) {488.8} [401.0, 561.0] -> 64 (30.0) {580.8} [493.0, 653.0] -> 69 (40.0) {680.0} [680.0, 840.0] -> 0 (40.0) {785.8} [0.0, 3390.0]
#3: 0 (0.0) {757.0} -> 89 (10.0) {1355.0} [1355.0, 1515.0] -> 88 (40.0) {1546.0} [1546.0, 1706.0] -> 84 (60.0) {1641.3} [1641.0, 1801.0] -> 86 (70.0) {1736.3} [1736.0, 1896.0] -> 83 (80.0) {1832.3} [1832.0, 1992.0] -> 82 (100.0) {1925.3} [1925.0, 2085.0] -> 85 (130.0) {2029.5} [2029.0, 2189.0] -> 76 (140.0) {2131.2} [2131.0, 2291.0] -> 71 (160.0) {2226.2} [2226.0, 2386.0] -> 70 (190.0) {2321.2} [2321.0, 2481.0] -> 73 (200.0) {2414.2} [2414.0, 2574.0] -> 80 (210.0) {2513.0} [2513.0, 2673.0] -> 79 (220.0) {2608.3} [2608.0, 2768.0] -> 81 (250.0) {2703.6} [2703.0, 2863.0] -> 78 (270.0) {2802.2} [2802.0, 2962.0] -> 77 (280.0) {2900.0} [2900.0, 3060.0] -> 96 (290.0) {3001.1} [3001.0, 3161.0] -> 87 (310.0) {3097.4} [3097.0, 3257.0] -> 0 (310.0) {3211.7} [0.0, 3390.0]
#4: 0 (0.0) {683.0} -> 97 (30.0) {723.3} [597.0, 757.0] -> 92 (50.0) {820.3} [694.0, 854.0] -> 94 (60.0) {913.9} [788.0, 948.0] -> 95 (90.0) {1007.5} [881.0, 1041.0] -> 98 (110.0) {1103.9} [978.0, 1138.0] -> 7 (130.0) {1198.9} [1073.0, 1233.0] -> 3 (140.0) {1293.0} [1167.0, 1327.0] -> 4 (150.0) {1386.6} [1261.0, 1421.0] -> 91 (160.0) {1482.6} [1451.0, 1611.0] -> 90 (170.0) {3119.0} [3119.0, 3279.0] -> 0 (170.0) {3229.6} [0.0, 3390.0]
#5: 0 (0.0) {10.0} -> 93 (40.0) {18.2} [8.0, 168.0] -> 5 (50.0) {115.2} [25.0, 185.0] -> 75 (70.0) {208.2} [118.0, 278.0] -> 0 (70.0) {314.0} [0.0, 3390.0]
#6: 0 (0.0) {338.0} -> 27 (10.0) {355.1} [209.0, 369.0] -> 30 (20.0) {449.3} [303.0, 463.0] -> 29 (30.0) {544.3} [398.0, 558.0] -> 21 (50.0) {2983.0} [2983.0, 3143.0] -> 0 (50.0) {3084.6} [0.0, 3390.0]
#7: 0 (0.0) {125.0} -> 20 (10.0) {135.0} [10.0, 170.0] -> 0 (10.0) {235.0} [0.0, 3390.0]
#8: 0 (0.0) {756.0} -> 68 (10.0) {776.0} [776.0, 936.0] -> 65 (20.0) {871.3} [871.0, 1031.0] -> 49 (30.0) {967.7} [967.0, 1127.0] -> 55 (40.0) {1065.5} [1065.0, 1225.0] -> 54 (80.0) {1160.5} [1160.0, 1320.0] -> 53 (100.0) {1256.0} [1256.0, 1416.0] -> 56 (130.0) {1350.0} [1350.0, 1510.0] -> 58 (160.0) {1442.0} [1442.0, 1602.0] -> 60 (180.0) {1535.0} [1535.0, 1695.0] -> 59 (190.0) {1630.8} [1630.0, 1790.0] -> 57 (230.0) {1725.8} [1725.0, 1885.0] -> 40 (240.0) {1819.4} [1819.0, 1979.0] -> 44 (250.0) {1913.8} [1913.0, 2073.0] -> 46 (280.0) {2009.1} [2009.0, 2169.0] -> 45 (290.0) {2105.5} [2105.0, 2265.0] -> 51 (300.0) {2200.5} [2200.0, 2360.0] -> 50 (310.0) {2292.7} [2292.0, 2452.0] -> 52 (320.0) {2385.8} [2385.0, 2545.0] -> 47 (330.0) {2480.8} [2480.0, 2640.0] -> 43 (340.0) {2573.8} [2573.0, 2733.0] -> 42 (360.0) {2666.8} [2666.0, 2826.0] -> 41 (370.0) {2758.8} [2758.0, 2918.0] -> 48 (380.0) {2856.8} [2856.0, 3016.0] -> 0 (380.0) {2957.5} [0.0, 3390.0]
#9: 0 (0.0) {92.0} -> 63 (50.0) {106.1} [25.0, 185.0] -> 62 (70.0) {201.1} [120.0, 280.0] -> 74 (120.0) {294.1} [213.0, 373.0] -> 0 (120.0) {403.9} [0.0, 3390.0]
#10: 0 (0.0) {314.0} -> 2 (30.0) {334.6} [213.0, 373.0] -> 1 (40.0) {433.2} [311.0, 471.0] -> 99 (50.0) {529.0} [407.0, 567.0] -> 100 (70.0) {624.0} [502.0, 662.0] -> 0 (70.0) {752.0} [0.0, 3390.0]
#11: 0 (0.0) {589.0} -> 66 (10.0) {605.5} [588.0, 748.0] -> 0 (10.0) {712.0} [0.0, 3390.0]
#12: 0 (0.0) {162.0} -> 22 (20.0) {174.1} [22.0, 182.0] -> 24 (30.0) {267.7} [116.0, 276.0] -> 0 (30.0) {372.7} [0.0, 3390.0]
#13: 0 (0.0) {596.0} -> 6 (20.0) {621.2} [497.0, 657.0] -> 32 (50.0) {717.5} [593.0, 753.0] -> 33 (90.0) {809.5} [685.0, 845.0] -> 36 (100.0) {1253.0} [1253.0, 1413.0] -> 34 (120.0) {1346.0} [1346.0, 1506.0] -> 0 (120.0) {1468.3} [0.0, 3390.0]
#14: 0 (0.0) {750.0} -> 31 (20.0) {783.5} [781.0, 941.0] -> 35 (30.0) {878.5} [876.0, 1036.0] -> 37 (50.0) {974.3} [971.0, 1131.0] -> 38 (80.0) {1066.3} [1063.0, 1223.0] -> 39 (100.0) {1161.3} [1158.0, 1318.0] -> 28 (120.0) {1447.0} [1447.0, 1607.0] -> 26 (130.0) {1545.0} [1545.0, 1705.0] -> 23 (140.0) {1643.0} [1643.0, 1803.0] -> 18 (160.0) {1742.0} [1742.0, 1902.0] -> 19 (170.0) {1837.0} [1837.0, 1997.0] -> 16 (210.0) {1934.0} [1934.0, 2094.0] -> 14 (220.0) {2026.0} [2026.0, 2186.0] -> 12 (240.0) {2119.0} [2119.0, 2279.0] -> 15 (280.0) {2216.0} [2216.0, 2376.0] -> 17 (300.0) {2311.3} [2311.0, 2471.0] -> 13 (330.0) {2405.3} [2405.0, 2565.0] -> 25 (370.0) {2504.3} [2504.0, 2664.0] -> 9 (380.0) {2601.5} [2601.0, 2761.0] -> 11 (390.0) {2698.5} [2698.0, 2858.0] -> 10 (400.0) {2791.5} [2791.0, 2951.0] -> 8 (420.0) {2887.5} [2887.0, 3047.0] -> 0 (420.0) {2989.1} [0.0, 3390.0]

Dist: 1002.8. Cost: 1002.8

Root node processing (before b&c):
  Real time             =    0.01 sec. (1.46 ticks)
Parallel b&c, 8 threads:
  Real time             =    0.00 sec. (0.00 ticks)
  Sync time (average)   =    0.00 sec.
  Wait time (average)   =    0.00 sec.
                          ------------
Total (root+branch&cut) =    0.01 sec. (1.46 ticks)
