Solving instance /mnt/c/Users/bruno.mattos/OneDrive - americanas s.a/Documentos/GitHub/GenericILS/TWRD/100/C201_100_015.vrptwrd...
------------------------------------------------------------------------------------------------------------------------------------------------
|  Restart |  Iteration |  Best Feas. Cost |    Best Cost |   Curr. Cost |   Penalty Custom Res. |   Penalty Standard Res. |   Pool |   Time (s) |
------------------------------------------------------------------------------------------------------------------------------------------------
|        1 |          1 |           788.90 |       788.90 |       788.90 |                 29.31 |                   25.99 |      9 |     0.1429 |
|        1 |          2 |           788.90 |       788.90 |       788.90 |                 17.02 |                   14.22 |      9 |     0.6510 |
|        1 |          3 |           788.90 |       787.44 |       787.44 |                 16.45 |                    6.05 |      9 |     0.7172 |
|        1 |          4 |           788.90 |       785.44 |       785.44 |                 17.58 |                    5.00 |      9 |     0.7758 |
|        1 |          5 |           788.90 |       785.44 |       788.80 |                 17.16 |                    5.00 |      9 |     0.8390 |
|        1 |          6 |           788.90 |       785.44 |       788.69 |                 11.80 |                    5.00 |      9 |     0.8989 |
|        1 |          7 |           788.90 |       779.24 |       779.24 |                 16.89 |                    5.00 |     10 |     0.9336 |
|        1 |          8 |           788.90 |       779.24 |       787.34 |                 27.06 |                    5.00 |     10 |     1.0676 |
|        1 |          9 |           788.90 |       779.24 |       788.90 |                 16.87 |                    5.00 |     10 |     1.1097 |
|        1 |         10 |           788.90 |       779.24 |       786.06 |                 16.73 |                    5.00 |     10 |     1.2475 |
|        1 |         11 |           788.90 |       779.24 |       787.16 |                 16.99 |                    5.00 |     10 |     1.3260 |
|        1 |         12 |           788.90 |       779.24 |       785.93 |                 17.70 |                    5.00 |     10 |     1.4907 |
|        1 |         13 |           788.90 |       779.24 |       787.61 |                 16.54 |                    5.00 |     10 |     1.6454 |
|        1 |         14 |           788.90 |       779.24 |       787.18 |                 17.16 |                    5.00 |     10 |     1.7100 |
|        1 |         15 |           788.90 |       779.24 |       787.33 |                 15.91 |                    5.00 |     10 |     1.7981 |
|        1 |         16 |           788.90 |       779.24 |       787.09 |                 16.77 |                    5.00 |     10 |     1.9199 |
|        1 |         17 |           788.90 |       779.24 |       785.39 |                 17.91 |                    5.00 |     10 |     1.9903 |
|        1 |         18 |           788.90 |       779.24 |       788.90 |                 16.31 |                    5.00 |     10 |     2.0486 |
|        1 |         19 |           788.90 |       779.24 |       786.42 |                 17.26 |                    5.00 |     10 |     2.1056 |
|        1 |         20 |           788.90 |       779.24 |       788.90 |                 17.74 |                    5.00 |     10 |     2.1382 |
|        1 |         21 |           788.90 |       779.24 |       787.13 |                 17.49 |                    5.00 |     10 |     2.2129 |
|        1 |         22 |           788.90 |       779.24 |       787.03 |                 17.43 |                    5.00 |     10 |     2.2669 |
|        1 |         23 |           788.90 |       779.24 |       787.50 |                 13.11 |                    5.00 |     10 |     2.3498 |
|        1 |         24 |           788.90 |       779.24 |       782.95 |                 16.61 |                    5.00 |     10 |     2.3989 |
|        1 |         25 |           788.90 |       779.24 |       787.92 |                 17.57 |                    5.00 |     10 |     2.4617 |
|        1 |         26 |           788.90 |       779.24 |       788.15 |                 16.50 |                    5.00 |     10 |     2.5081 |
|        1 |         27 |           788.90 |       779.24 |       787.08 |                 16.60 |                    5.00 |     10 |     2.5743 |
|        1 |         28 |           788.90 |       779.24 |       786.52 |                 17.50 |                    5.00 |     10 |     2.6951 |
|        1 |         29 |           788.90 |       779.24 |       788.34 |                 20.27 |                    5.00 |     10 |     2.7404 |
|        1 |         30 |           788.90 |       779.24 |       782.80 |                 17.58 |                    5.00 |     12 |     2.9377 |
|        1 |         31 |           788.90 |       779.24 |       781.56 |                 16.44 |                    5.00 |     12 |     3.0569 |
|        1 |         32 |           788.90 |       779.24 |       796.41 |                 17.04 |                    5.00 |     15 |     3.1197 |
|        1 |         33 |           788.90 |       779.24 |       798.20 |                 17.51 |                    5.00 |     15 |     3.1633 |
|        1 |         34 |           788.90 |       779.24 |       786.63 |                 17.55 |                    5.00 |     15 |     3.2936 |
|        1 |         35 |           788.90 |       779.24 |       786.15 |                 16.77 |                    5.00 |     15 |     3.3816 |
|        1 |         36 |           788.90 |       779.24 |       782.41 |                 19.18 |                    5.00 |     15 |     3.4958 |
|        1 |         37 |           788.90 |       779.24 |       779.57 |                 17.29 |                    5.00 |     15 |     3.5564 |
|        1 |         38 |           788.90 |       779.24 |       780.01 |                 17.05 |                    5.00 |     15 |     3.6207 |
|        1 |         39 |           788.90 |       779.24 |       781.71 |                 14.63 |                    5.00 |     15 |     3.6760 |
|        1 |          0 |           783.10 |       779.24 |       783.10 |                 16.43 |                    5.00 |     15 |     3.7416 |
|        1 |          1 |           783.10 |       779.24 |       781.80 |                 16.39 |                    5.00 |     15 |     3.7802 |
|        1 |          2 |           783.10 |       779.24 |       781.00 |                 17.67 |                    5.00 |     15 |     3.8555 |
|        1 |          3 |           783.10 |       779.24 |       781.70 |                 18.42 |                    5.00 |     15 |     3.9882 |
|        1 |          4 |           783.10 |       779.24 |       782.24 |                 18.92 |                    5.00 |     15 |     4.0421 |
|        1 |          5 |           783.10 |       776.90 |       776.90 |                 16.53 |                    5.00 |     15 |     4.1214 |
|        1 |          6 |           783.10 |       776.90 |       781.96 |                 16.97 |                    5.00 |     15 |     4.1796 |
|        1 |          7 |           783.10 |       776.90 |       782.08 |                 17.54 |                    5.00 |     15 |     4.3283 |
|        1 |          8 |           783.10 |       776.90 |       781.44 |                 17.27 |                    5.00 |     15 |     4.4545 |
|        1 |          9 |           783.10 |       776.90 |       782.77 |                 19.22 |                    5.00 |     15 |     4.5120 |
|        1 |         10 |           783.10 |       776.90 |       782.31 |                 17.31 |                    5.00 |     15 |     4.5992 |
|        1 |         11 |           783.10 |       776.90 |       782.41 |                 17.55 |                    5.00 |     15 |     4.7211 |
|        1 |         12 |           783.10 |       776.90 |       781.60 |                 16.63 |                    5.00 |     15 |     4.7848 |
|        1 |         13 |           783.10 |       776.90 |       795.45 |                 16.69 |                    5.00 |     15 |     4.8912 |
|        1 |         14 |           783.10 |       776.90 |       785.52 |                 17.46 |                    5.00 |     15 |     4.9682 |
|        1 |         15 |           783.10 |       776.90 |       786.28 |                 16.86 |                    5.00 |     15 |     5.0531 |
|        1 |         16 |           783.10 |       776.90 |       786.20 |                 17.13 |                    5.00 |     15 |     5.1220 |
|        1 |         17 |           783.10 |       776.90 |       787.60 |                 13.55 |                    5.00 |     15 |     5.1831 |
|        1 |         18 |           783.10 |       776.90 |       783.05 |                 17.36 |                    5.00 |     15 |     5.2214 |
|        1 |         19 |           783.10 |       776.90 |       787.74 |                 17.47 |                    5.00 |     15 |     5.2876 |
|        1 |         20 |           783.10 |       776.90 |       787.21 |                 17.19 |                    5.00 |     15 |     5.3895 |
|        1 |         21 |           783.10 |       776.90 |       787.41 |                 17.45 |                    5.00 |     15 |     5.4746 |
|        1 |         22 |           783.10 |       776.90 |       782.30 |                 17.29 |                    5.00 |     15 |     5.6259 |
|        1 |         23 |           783.10 |       776.90 |       781.66 |                 17.15 |                    5.00 |     15 |     5.7645 |
|        1 |         24 |           783.10 |       776.90 |       781.66 |                 17.11 |                    5.00 |     15 |     5.8016 |
|        1 |         25 |           783.10 |       776.90 |       782.80 |                 16.56 |                    5.00 |     15 |     5.8452 |
|        1 |         26 |           783.10 |       776.90 |       781.63 |                 17.51 |                    5.00 |     15 |     5.9104 |
|        1 |         27 |           783.10 |       776.90 |       860.02 |                 28.23 |                    5.00 |     17 |     5.9490 |
|        1 |         28 |           783.10 |       776.90 |       788.90 |                 17.59 |                    5.00 |     17 |     5.9945 |
|        1 |         29 |           783.10 |       776.90 |       787.47 |                 17.32 |                    5.00 |     17 |     6.0861 |
|        1 |         30 |           783.10 |       776.90 |       785.73 |                 17.38 |                    5.00 |     17 |     6.1779 |
|        1 |         31 |           783.10 |       776.90 |       785.84 |                 16.76 |                    5.00 |     17 |     6.2827 |
|        1 |         32 |           783.10 |       776.90 |       788.25 |                 16.54 |                    5.00 |     17 |     6.3315 |
|        1 |         33 |           783.10 |       776.90 |       784.97 |                 17.29 |                    5.00 |     17 |     6.4192 |
|        1 |         34 |           783.10 |       776.90 |       787.58 |                 17.04 |                    5.00 |     17 |     6.4940 |
|        1 |         35 |           783.10 |       776.90 |       785.92 |                 17.51 |                    5.00 |     17 |     6.5369 |
|        1 |         36 |           783.10 |       776.90 |       788.30 |                 18.69 |                    5.00 |     17 |     6.6145 |
|        1 |         37 |           783.10 |       776.90 |       785.93 |                 22.94 |                    5.00 |     17 |     6.6978 |
|        1 |         38 |           783.10 |       776.90 |       788.65 |                 16.90 |                    5.00 |     17 |     6.7785 |
|        1 |         39 |           783.10 |       776.90 |       787.09 |                 16.79 |                    5.00 |     17 |     6.8880 |
|        1 |         40 |           783.10 |       776.90 |       787.50 |                 17.17 |                    5.00 |     17 |     7.0063 |
|        1 |         41 |           783.10 |       776.90 |       787.07 |                 17.10 |                    5.00 |     17 |     7.0685 |
|        1 |         42 |           783.10 |       776.90 |       788.24 |                 17.39 |                    5.00 |     17 |     7.1254 |
|        1 |         43 |           783.10 |       776.90 |       786.02 |                 17.04 |                    5.00 |     17 |     7.2895 |
|        1 |         44 |           783.10 |       776.90 |       787.16 |                 18.76 |                    5.00 |     17 |     7.3581 |
|        1 |         45 |           783.10 |       776.90 |       816.90 |                 17.55 |                    5.00 |     19 |     7.4922 |
|        1 |         46 |           783.10 |       776.90 |       819.20 |                 17.45 |                    5.00 |     19 |     7.5999 |
|        1 |         47 |           783.10 |       776.90 |       817.44 |                 16.17 |                    5.00 |     19 |     7.7079 |
|        1 |         48 |           783.10 |       776.90 |       817.34 |                 17.27 |                    5.00 |     19 |     7.7733 |
|        1 |         49 |           783.10 |       776.90 |       806.30 |                 10.76 |                    5.00 |     21 |     7.8410 |
|        1 |         50 |           783.10 |       774.47 |       774.47 |                 16.00 |                    5.00 |     21 |     7.9015 |
|        1 |         51 |           783.10 |       774.47 |       786.76 |                 16.60 |                    5.00 |     21 |     7.9534 |
|        1 |         52 |           783.10 |       774.47 |       786.29 |                 17.55 |                    5.00 |     21 |     8.0278 |
|        1 |         53 |           783.10 |       774.47 |       786.72 |                 17.60 |                    5.00 |     21 |     8.1489 |
|        1 |         54 |           783.10 |       774.47 |       784.90 |                 14.85 |                    5.00 |     21 |     8.3212 |
|        1 |         55 |           783.10 |       774.47 |       785.39 |                 16.69 |                    5.00 |     21 |     8.3673 |
|        1 |         56 |           783.10 |       774.47 |       788.74 |                 16.62 |                    5.00 |     21 |     8.4351 |
|        1 |         57 |           783.10 |       774.47 |       787.00 |                 17.07 |                    5.00 |     21 |     8.4900 |
|        1 |         58 |           783.10 |       774.47 |       787.47 |                 17.33 |                    5.00 |     21 |     8.5745 |
|        1 |         59 |           783.10 |       774.47 |       787.71 |                 16.61 |                    5.00 |     21 |     8.6211 |
|        1 |         60 |           783.10 |       774.47 |       787.27 |                 17.22 |                    5.00 |     21 |     8.6822 |
|        1 |         61 |           783.10 |       774.47 |       781.95 |                 17.12 |                    5.00 |     21 |     8.7805 |
|        1 |         62 |           783.10 |       774.47 |       779.81 |                 18.42 |                    5.00 |     21 |     8.8882 |
|        1 |         63 |           783.10 |       774.47 |       780.16 |                 23.31 |                    5.00 |     21 |     8.9629 |
|        1 |         64 |           783.10 |       774.47 |       782.29 |                 16.32 |                    5.00 |     21 |     9.0815 |
|        1 |         65 |           783.10 |       774.47 |       782.29 |                 16.79 |                    5.00 |     21 |     9.1030 |
|        1 |         66 |           783.10 |       774.47 |       781.37 |                 17.42 |                    5.00 |     21 |     9.1581 |
|        1 |         67 |           783.10 |       774.47 |       782.41 |                 17.35 |                    5.00 |     21 |     9.2226 |
|        1 |         68 |           783.10 |       774.47 |       812.46 |                 17.42 |                    5.00 |     24 |     9.3151 |
|        1 |         69 |           783.10 |       774.47 |       787.77 |                 16.80 |                    5.00 |     24 |     9.4153 |
|        1 |         70 |           783.10 |       774.47 |       788.14 |                 17.51 |                    5.00 |     24 |     9.5466 |
|        1 |         71 |           783.10 |       774.47 |       786.95 |                 16.54 |                    5.00 |     24 |     9.6651 |
|        1 |         72 |           783.10 |       774.47 |       785.26 |                 16.78 |                    5.00 |     24 |     9.7520 |
|        1 |         73 |           783.10 |       774.47 |       787.85 |                 16.52 |                    5.00 |     24 |     9.8449 |
|        1 |         74 |           783.10 |       774.47 |       787.37 |                 16.11 |                    5.00 |     24 |     9.9240 |
|        1 |         75 |           783.10 |       774.47 |       787.21 |                 17.36 |                    5.00 |     24 |    10.0096 |
|        1 |         76 |           783.10 |       774.47 |       787.02 |                 17.42 |                    5.00 |     24 |    10.1164 |
|        1 |         77 |           783.10 |       774.47 |       786.82 |                 16.80 |                    5.00 |     24 |    10.2257 |
|        1 |         78 |           783.10 |       774.47 |       785.13 |                 17.39 |                    5.00 |     24 |    10.3147 |
|        1 |         79 |           783.10 |       774.47 |       787.17 |                 17.16 |                    5.00 |     24 |    10.3682 |
|        1 |         80 |           783.10 |       774.47 |       787.63 |                 17.41 |                    5.00 |     24 |    10.4614 |
|        1 |         81 |           783.10 |       774.47 |       786.19 |                 17.67 |                    5.00 |     24 |    10.5806 |
|        1 |         82 |           783.10 |       774.47 |       786.10 |                 15.95 |                    5.00 |     24 |    10.6562 |
|        1 |         83 |           783.10 |       774.47 |       786.04 |                 15.58 |                    5.00 |     24 |    10.7281 |
|        1 |         84 |           783.10 |       774.47 |       784.73 |                 16.66 |                    5.00 |     24 |    10.7782 |
|        1 |         85 |           783.10 |       774.47 |       786.66 |                 16.72 |                    5.00 |     24 |    10.8899 |
|        1 |         86 |           783.10 |       774.47 |       787.38 |                 16.60 |                    5.00 |     24 |    11.0072 |
|        1 |         87 |           783.10 |       774.47 |       787.57 |                 18.10 |                    5.00 |     24 |    11.0718 |
|        1 |         88 |           783.10 |       774.47 |       787.14 |                 17.13 |                    5.00 |     24 |    11.1546 |
|        1 |         89 |           783.10 |       774.47 |       785.17 |                 16.91 |                    5.00 |     24 |    11.2122 |
|        1 |         90 |           783.10 |       774.47 |       787.45 |                 17.13 |                    5.00 |     24 |    11.3245 |
|        1 |         91 |           783.10 |       774.47 |       784.43 |                 16.99 |                    5.00 |     24 |    11.4630 |
|        1 |         92 |           783.10 |       774.47 |       787.20 |                 17.52 |                    5.00 |     24 |    11.6300 |
|        1 |         93 |           783.10 |       774.47 |       798.88 |                 17.29 |                    5.00 |     25 |    11.6763 |
|        1 |         94 |           783.10 |       774.47 |       787.23 |                 17.37 |                    5.00 |     25 |    11.7662 |
|        1 |         95 |           783.10 |       774.47 |       788.77 |                 17.15 |                    5.00 |     25 |    11.8099 |
|        1 |         96 |           783.10 |       774.47 |       785.73 |                 16.89 |                    5.00 |     25 |    11.9105 |
|        1 |         97 |           783.10 |       774.47 |       787.48 |                 17.51 |                    5.00 |     25 |    11.9753 |
|        1 |         98 |           783.10 |       774.47 |       786.37 |                 17.58 |                    5.00 |     25 |    12.0690 |
|        1 |         99 |           783.10 |       774.47 |       788.90 |                 16.52 |                    5.00 |     25 |    12.1073 |
|        1 |        100 |           783.10 |       774.47 |       787.39 |                 16.94 |                    5.00 |     25 |    12.2022 |
|        1 |        101 |           783.10 |       774.47 |       786.94 |                 16.87 |                    5.00 |     25 |    12.2876 |
|        1 |        102 |           783.10 |       774.47 |       786.94 |                 16.50 |                    5.00 |     25 |    12.3207 |
|        1 |        103 |           783.10 |       774.47 |       786.75 |                 18.72 |                    5.00 |     25 |    12.3854 |
|        1 |        104 |           783.10 |       774.47 |       787.91 |                 17.22 |                    5.00 |     25 |    12.4479 |
|        1 |        105 |           783.10 |       774.47 |       788.11 |                 17.50 |                    5.00 |     25 |    12.5294 |
|        1 |        106 |           783.10 |       774.47 |       786.06 |                 17.59 |                    5.00 |     25 |    12.6094 |
|        1 |        107 |           783.10 |       774.47 |       785.02 |                 17.51 |                    5.00 |     25 |    12.6955 |
|        1 |        108 |           783.10 |       774.47 |       787.37 |                 16.58 |                    5.00 |     25 |    12.7887 |
|        1 |        109 |           783.10 |       774.47 |       784.46 |                 16.66 |                    5.00 |     25 |    12.8706 |
|        1 |        110 |           783.10 |       774.47 |       786.01 |                 17.55 |                    5.00 |     25 |    13.0155 |
|        1 |        111 |           783.10 |       774.47 |       787.77 |                 13.09 |                    5.00 |     25 |    13.0795 |
|        1 |        112 |           783.10 |       774.47 |       783.75 |                 16.43 |                    5.00 |     25 |    13.1291 |
|        1 |        113 |           783.10 |       774.47 |       786.27 |                 17.53 |                    5.00 |     25 |    13.2198 |
|        1 |        114 |           783.10 |       774.47 |       784.91 |                 16.26 |                    5.00 |     25 |    13.3009 |
|        1 |        115 |           783.10 |       774.47 |       785.37 |                 17.18 |                    5.00 |     25 |    13.3883 |
|        1 |        116 |           783.10 |       774.47 |       786.90 |                 16.86 |                    5.00 |     25 |    13.5811 |
|        1 |        117 |           783.10 |       774.47 |       788.11 |                 16.47 |                    5.00 |     25 |    13.6392 |
|        1 |        118 |           783.10 |       774.47 |       857.83 |                 17.43 |                    5.00 |     27 |    13.7063 |
|        1 |        119 |           783.10 |       774.47 |       858.46 |                 16.83 |                    5.00 |     29 |    13.7840 |
|        1 |        120 |           783.10 |       774.47 |       781.84 |                 16.72 |                    5.00 |     29 |    14.0733 |
|        1 |        121 |           783.10 |       774.47 |       780.59 |                 17.05 |                    5.00 |     29 |    14.2525 |
|        1 |        122 |           783.10 |       774.47 |       782.17 |                 17.25 |                    5.00 |     29 |    14.3868 |
|        1 |        123 |           783.10 |       774.47 |       781.98 |                 16.48 |                    5.00 |     29 |    14.4803 |
|        1 |        124 |           783.10 |       774.47 |       781.55 |                 17.31 |                    5.00 |     29 |    14.7047 |
|        1 |        125 |           783.10 |       774.47 |       782.07 |                 17.20 |                    5.00 |     29 |    14.8045 |
|        1 |        126 |           783.10 |       774.47 |       780.87 |                 17.27 |                    5.00 |     29 |    14.9125 |
|        1 |        127 |           783.10 |       774.47 |       779.91 |                 17.37 |                    5.00 |     29 |    14.9773 |
|        1 |        128 |           783.10 |       774.47 |       781.86 |                 16.41 |                    5.00 |     29 |    15.1236 |
|        1 |        129 |           783.10 |       774.47 |       782.64 |                 17.15 |                    5.00 |     29 |    15.2444 |
|        1 |        130 |           783.10 |       774.47 |       779.38 |                 16.72 |                    5.00 |     29 |    15.3412 |
|        1 |        131 |           783.10 |       774.47 |       781.90 |                 17.29 |                    5.00 |     29 |    15.4614 |
|        1 |        132 |           783.10 |       774.47 |       782.12 |                 17.21 |                    5.00 |     29 |    15.5429 |
|        1 |        133 |           783.10 |       774.47 |       781.88 |                 16.91 |                    5.00 |     29 |    15.6783 |
|        1 |        134 |           783.10 |       774.47 |       777.95 |                 17.16 |                    5.00 |     29 |    15.7651 |
|        1 |        135 |           783.10 |       774.47 |       779.56 |                 16.94 |                    5.00 |     29 |    15.8107 |
|        1 |        136 |           783.10 |       774.47 |       782.12 |                 17.39 |                    5.00 |     29 |    15.8779 |
|        1 |        137 |           783.10 |       774.47 |       781.03 |                 16.81 |                    5.00 |     29 |    15.9365 |
|        1 |        138 |           783.10 |       774.47 |       782.53 |                 17.09 |                    5.00 |     29 |    15.9938 |
|        1 |        139 |           783.10 |       774.47 |       781.71 |                 17.00 |                    5.00 |     29 |    16.0833 |
|        1 |        140 |           783.10 |       774.47 |       781.92 |                 16.76 |                    5.00 |     29 |    16.1638 |
|        1 |        141 |           783.10 |       774.47 |       782.43 |                 16.04 |                    5.00 |     29 |    16.2326 |
|        1 |        142 |           783.10 |       774.47 |       780.06 |                 17.41 |                    5.00 |     29 |    16.3601 |
|        1 |        143 |           783.10 |       774.47 |       781.10 |                 17.19 |                    5.00 |     29 |    16.4055 |
|        1 |        144 |           783.10 |       774.47 |       783.10 |                 17.12 |                    5.00 |     29 |    16.4729 |
|        1 |        145 |           783.10 |       774.47 |       780.05 |                 17.42 |                    5.00 |     29 |    16.5260 |
|        1 |        146 |           783.10 |       774.47 |       781.75 |                 17.20 |                    5.00 |     29 |    16.5788 |
|        1 |        147 |           783.10 |       774.47 |       781.92 |                 16.44 |                    5.00 |     29 |    16.6751 |
|        1 |        148 |           783.10 |       774.47 |       781.22 |                 22.32 |                    5.00 |     29 |    16.7579 |
|        1 |        149 |           783.10 |       774.47 |       781.83 |                 17.04 |                    5.00 |     29 |    16.9158 |
|        1 |        150 |           783.10 |       774.47 |       781.52 |                 16.94 |                    5.00 |     29 |    17.0129 |
|        1 |        151 |           783.10 |       774.47 |       780.57 |                 16.54 |                    5.00 |     29 |    17.0821 |
|        1 |        152 |           783.10 |       774.47 |       780.79 |                 17.08 |                    5.00 |     29 |    17.2176 |
|        1 |        153 |           783.10 |       774.47 |       782.41 |                 17.20 |                    5.00 |     29 |    17.2777 |
|        1 |        154 |           783.10 |       774.47 |       782.55 |                 17.44 |                    5.00 |     29 |    17.3807 |
|        1 |        155 |           783.10 |       774.47 |       780.59 |                 16.70 |                    5.00 |     29 |    17.4351 |
|        1 |        156 |           783.10 |       774.47 |       783.00 |                 16.81 |                    5.00 |     29 |    17.5010 |
|        1 |        157 |           783.10 |       774.47 |       780.76 |                 17.60 |                    5.00 |     29 |    17.5728 |
|        1 |        158 |           783.10 |       774.47 |       783.10 |                 17.36 |                    5.00 |     29 |    17.6426 |
|        1 |        159 |           783.10 |       774.47 |       780.31 |                 17.31 |                    5.00 |     29 |    17.7047 |
|        1 |        160 |           783.10 |       774.47 |       781.04 |                 17.32 |                    5.00 |     29 |    17.9000 |
|        1 |        161 |           783.10 |       774.47 |       780.78 |                 16.42 |                    5.00 |     29 |    17.9704 |
|        1 |        162 |           783.10 |       774.47 |       779.91 |                 19.19 |                    5.00 |     29 |    18.0300 |
|        1 |        163 |           783.10 |       774.47 |       779.91 |                 16.82 |                    5.00 |     29 |    18.0603 |
|        1 |        164 |           783.10 |       774.47 |       781.36 |                 16.58 |                    5.00 |     29 |    18.1412 |
|        1 |        165 |           783.10 |       774.47 |       783.08 |                 17.54 |                    5.00 |     29 |    18.2075 |
|        1 |        166 |           783.10 |       774.47 |       781.94 |                 16.29 |                    5.00 |     29 |    18.2821 |
|        1 |        167 |           783.10 |       774.47 |       781.79 |                 17.05 |                    5.00 |     29 |    18.3564 |
|        1 |        168 |           783.10 |       774.47 |       782.27 |                 17.30 |                    5.00 |     29 |    18.4428 |
|        1 |        169 |           783.10 |       774.47 |       782.05 |                 17.35 |                    5.00 |     29 |    18.5772 |
|        1 |        170 |           783.10 |       774.47 |       777.77 |                 16.77 |                    5.00 |     29 |    18.6399 |
|        1 |        171 |           783.10 |       774.47 |       782.43 |                 17.39 |                    5.00 |     29 |    18.7094 |
|        1 |        172 |           783.10 |       774.47 |       782.22 |                 19.47 |                    5.00 |     29 |    18.8259 |
|        1 |        173 |           783.10 |       774.47 |       780.30 |                 17.47 |                    5.00 |     29 |    18.9629 |
|        1 |        174 |           783.10 |       774.47 |       781.26 |                 17.39 |                    5.00 |     29 |    19.0404 |
|        1 |        175 |           783.10 |       774.47 |       782.34 |                 17.49 |                    5.00 |     29 |    19.1254 |
|        1 |        176 |           783.10 |       774.47 |       782.17 |                 17.25 |                    5.00 |     29 |    19.1825 |
|        1 |        177 |           783.10 |       774.47 |       782.72 |                 17.20 |                    5.00 |     29 |    19.2433 |
|        1 |        178 |           783.10 |       774.47 |       781.81 |                 17.39 |                    5.00 |     29 |    19.3885 |
|        1 |        179 |           783.10 |       774.47 |       782.61 |                 17.66 |                    5.00 |     29 |    19.4740 |
|        1 |        180 |           783.10 |       774.47 |       779.37 |                 17.54 |                    5.00 |     29 |    19.5854 |
|        1 |        181 |           783.10 |       774.47 |       782.28 |                 20.93 |                    5.00 |     29 |    19.6441 |
|        1 |        182 |           783.10 |       774.47 |       781.17 |                 18.07 |                    5.00 |     29 |    19.7587 |
|        1 |        183 |           783.10 |       774.47 |       782.27 |                 17.31 |                    5.00 |     29 |    19.8124 |
|        1 |        184 |           783.10 |       774.47 |       779.38 |                 16.89 |                    5.00 |     29 |    19.8891 |
|        1 |        185 |           783.10 |       774.47 |       782.70 |                 16.51 |                    5.00 |     29 |    19.9315 |
------------------------------------------------------------------------------------------------------------------------------------------------
|  Restart |  Iteration |  Best Feas. Cost |    Best Cost |   Curr. Cost |   Penalty Custom Res. |   Penalty Standard Res. |   Pool |   Time (s) |
------------------------------------------------------------------------------------------------------------------------------------------------
|        1 |        186 |           783.10 |       774.47 |       780.07 |                 16.23 |                    5.00 |     29 |    20.0387 |
|        1 |        187 |           783.10 |       774.47 |       781.66 |                 17.51 |                    5.00 |     29 |    20.1094 |
|        1 |        188 |           783.10 |       774.47 |       782.19 |                 17.42 |                    5.00 |     29 |    20.1857 |
|        1 |        189 |           783.10 |       774.47 |       781.93 |                 17.47 |                    5.00 |     29 |    20.3107 |
|        1 |        190 |           783.10 |       774.47 |       781.13 |                 17.19 |                    5.00 |     29 |    20.4117 |
|        1 |        191 |           783.10 |       774.47 |       779.66 |                 16.96 |                    5.00 |     29 |    20.4646 |
|        1 |        192 |           783.10 |       774.47 |       780.45 |                 17.35 |                    5.00 |     29 |    20.5815 |
|        1 |        193 |           783.10 |       774.47 |       788.29 |                 17.47 |                    5.00 |     31 |    20.6340 |
|        1 |        194 |           783.10 |       774.47 |       781.07 |                 16.49 |                    5.00 |     31 |    20.7578 |
|        1 |        195 |           783.10 |       774.47 |       780.82 |                 17.44 |                    5.00 |     31 |    20.8127 |
|        1 |        196 |           783.10 |       774.47 |       781.76 |                 16.99 |                    5.00 |     31 |    20.9058 |
|        1 |        197 |           783.10 |       774.47 |       779.59 |                 16.94 |                    5.00 |     31 |    20.9589 |
|        1 |        198 |           783.10 |       774.47 |       779.81 |                 16.84 |                    5.00 |     31 |    21.0439 |
|        1 |        199 |           783.10 |       774.47 |       781.55 |                 16.10 |                    5.00 |     31 |    21.1176 |
|        1 |        200 |           783.10 |       774.47 |       788.23 |                 17.21 |                    5.00 |     31 |    21.1639 |
|        1 |        201 |           783.10 |       774.47 |       786.04 |                 16.88 |                    5.00 |     31 |    21.3114 |
|        1 |        202 |           783.10 |       774.47 |       786.41 |                 16.44 |                    5.00 |     31 |    21.4194 |
|        1 |        203 |           783.10 |       774.47 |       786.32 |                 16.69 |                    5.00 |     31 |    21.4889 |
|        1 |        204 |           783.10 |       774.47 |       786.74 |                 17.11 |                    5.00 |     31 |    21.5695 |
|        1 |        205 |           783.10 |       774.47 |       787.25 |                 17.54 |                    5.00 |     31 |    21.6513 |
|        1 |        206 |           783.10 |       774.47 |       786.72 |                 16.41 |                    5.00 |     31 |    21.7548 |
|        1 |        207 |           783.10 |       774.47 |       785.68 |                 16.67 |                    5.00 |     31 |    21.8168 |
|        1 |        208 |           783.10 |       774.47 |       780.87 |                 17.43 |                    5.00 |     31 |    21.9026 |
|        1 |        209 |           783.10 |       774.47 |       780.85 |                 16.59 |                    5.00 |     31 |    22.0662 |
|        1 |        210 |           783.10 |       774.47 |       781.02 |                 16.48 |                    5.00 |     31 |    22.1650 |
|        1 |        211 |           783.10 |       774.47 |       780.66 |                 17.58 |                    5.00 |     31 |    22.2548 |
|        1 |        212 |           783.10 |       774.47 |       782.35 |                 17.18 |                    5.00 |     31 |    22.2974 |
|        1 |        213 |           783.10 |       774.47 |       783.10 |                 17.29 |                    5.00 |     31 |    22.3600 |
|        1 |        214 |           783.10 |       774.47 |       781.60 |                 16.78 |                    5.00 |     31 |    22.5119 |
|        1 |        215 |           783.10 |       774.47 |       780.54 |                 16.85 |                    5.00 |     31 |    22.6053 |
|        1 |        216 |           783.10 |       774.47 |       782.95 |                 19.13 |                    5.00 |     31 |    22.6668 |
|        1 |        217 |           783.10 |       774.47 |       783.10 |                 17.06 |                    5.00 |     31 |    22.7457 |
|        1 |        218 |           783.10 |       774.47 |       779.64 |                 16.59 |                    5.00 |     31 |    22.8697 |
|        1 |        219 |           783.10 |       774.47 |       779.96 |                 16.37 |                    5.00 |     31 |    22.9223 |
|        1 |        220 |           783.10 |       774.47 |       779.96 |                 16.84 |                    5.00 |     31 |    22.9565 |
|        1 |        221 |           783.10 |       774.47 |       780.11 |                 17.08 |                    5.00 |     31 |    23.0465 |
|        1 |        222 |           783.10 |       774.47 |       778.47 |                 18.02 |                    5.00 |     31 |    23.1688 |
|        1 |        223 |           783.10 |       774.47 |       780.71 |                 16.90 |                    5.00 |     31 |    23.2373 |
|        1 |        224 |           783.10 |       774.47 |       788.52 |                 17.54 |                    5.00 |     31 |    23.2972 |
|        1 |        225 |           783.10 |       774.47 |       786.71 |                 17.09 |                    5.00 |     31 |    23.4049 |
|        1 |        226 |           783.10 |       774.47 |       785.82 |                 16.94 |                    5.00 |     31 |    23.5965 |
|        1 |        227 |           783.10 |       774.47 |       785.37 |                 17.02 |                    5.00 |     31 |    23.6729 |
|        1 |        228 |           783.10 |       774.47 |       787.14 |                 17.67 |                    5.00 |     31 |    23.7372 |
|        1 |        229 |           783.10 |       774.47 |       781.44 |                 17.01 |                    5.00 |     31 |    23.8807 |
|        1 |        230 |           783.10 |       774.47 |       787.69 |                 16.26 |                    5.00 |     31 |    23.9887 |
|        1 |        231 |           783.10 |       774.47 |       787.92 |                 17.58 |                    5.00 |     31 |    24.0232 |
|        1 |        232 |           783.10 |       774.47 |       787.47 |                 17.14 |                    5.00 |     31 |    24.1143 |
|        1 |        233 |           783.10 |       774.47 |       787.59 |                 16.70 |                    5.00 |     31 |    24.2126 |
|        1 |        234 |           783.10 |       774.47 |       783.83 |                 16.79 |                    5.00 |     31 |    24.3165 |
|        1 |        235 |           783.10 |       774.47 |       785.09 |                 16.86 |                    5.00 |     31 |    24.4808 |
|        1 |        236 |           783.10 |       774.47 |       787.46 |                 17.15 |                    5.00 |     31 |    24.5266 |
|        1 |        237 |           783.10 |       774.47 |       784.90 |                 16.42 |                    5.00 |     31 |    24.5835 |
|        1 |        238 |           783.10 |       774.47 |       788.24 |                 17.54 |                    5.00 |     31 |    24.6550 |
|        1 |        239 |           783.10 |       774.47 |       787.43 |                 17.15 |                    5.00 |     31 |    24.7064 |
|        1 |        240 |           783.10 |       774.47 |       788.24 |                 17.21 |                    5.00 |     31 |    24.8117 |
|        1 |        241 |           783.10 |       774.47 |       787.46 |                 16.47 |                    5.00 |     31 |    24.8770 |
|        1 |        242 |           783.10 |       774.47 |       784.55 |                 16.41 |                    5.00 |     31 |    24.9409 |
|        1 |        243 |           783.10 |       774.47 |       785.31 |                 17.51 |                    5.00 |     31 |    25.0295 |
|        1 |        244 |           783.10 |       774.47 |       785.31 |                 16.46 |                    5.00 |     31 |    25.0634 |
|        1 |        245 |           783.10 |       774.47 |       787.61 |                 16.89 |                    5.00 |     31 |    25.1400 |
|        1 |        246 |           783.10 |       774.47 |       787.79 |                 17.51 |                    5.00 |     31 |    25.2095 |
|        1 |        247 |           783.10 |       774.47 |       786.74 |                 16.75 |                    5.00 |     31 |    25.2804 |
|        1 |        248 |           783.10 |       774.47 |       786.57 |                 16.83 |                    5.00 |     31 |    25.3699 |
|        1 |        249 |           783.10 |       774.47 |       786.46 |                 16.78 |                    5.00 |     31 |    25.4202 |
|        1 |        250 |           783.10 |       774.47 |       785.98 |                 16.52 |                    5.00 |     31 |    25.5157 |
|        1 |        251 |           783.10 |       774.47 |       784.02 |                 17.60 |                    5.00 |     31 |    25.6304 |
|        1 |        252 |           783.10 |       774.47 |       787.20 |                 17.18 |                    5.00 |     31 |    25.7056 |
|        1 |        253 |           783.10 |       774.47 |       785.86 |                 16.29 |                    5.00 |     31 |    25.7635 |
|        1 |        254 |           783.10 |       774.47 |       786.53 |                 17.32 |                    5.00 |     31 |    25.9287 |
|        1 |        255 |           783.10 |       774.47 |       786.95 |                 16.85 |                    5.00 |     31 |    26.0469 |
|        1 |        256 |           783.10 |       774.47 |       785.87 |                 17.48 |                    5.00 |     31 |    26.1100 |
|        1 |        257 |           783.10 |       774.47 |       786.98 |                 17.41 |                    5.00 |     31 |    26.1834 |
|        1 |        258 |           783.10 |       774.47 |       785.81 |                 16.92 |                    5.00 |     31 |    26.3268 |
|        1 |        259 |           783.10 |       774.47 |       787.54 |                 17.03 |                    5.00 |     31 |    26.3933 |
|        1 |        260 |           783.10 |       774.47 |       787.13 |                 17.49 |                    5.00 |     31 |    26.4419 |
|        1 |        261 |           783.10 |       774.47 |       787.97 |                 16.55 |                    5.00 |     31 |    26.5337 |
|        1 |        262 |           783.10 |       774.47 |       787.11 |                 19.32 |                    5.00 |     31 |    26.6242 |
|        1 |        263 |           783.10 |       774.47 |       788.90 |                 18.14 |                    5.00 |     31 |    26.6753 |
|        1 |        264 |           783.10 |       774.47 |       786.90 |                 17.35 |                    5.00 |     31 |    26.7744 |
|        1 |        265 |           783.10 |       774.47 |       787.73 |                 16.95 |                    5.00 |     31 |    26.8410 |
|        1 |        266 |           783.10 |       774.47 |       786.58 |                 16.85 |                    5.00 |     31 |    27.0325 |
|        1 |        267 |           783.10 |       774.47 |       787.67 |                 17.09 |                    5.00 |     31 |    27.1794 |
|        1 |        268 |           783.10 |       774.47 |       787.90 |                 17.56 |                    5.00 |     31 |    27.2656 |
|        1 |        269 |           783.10 |       774.47 |       787.43 |                 17.31 |                    5.00 |     31 |    27.3801 |
|        1 |        270 |           783.10 |       774.47 |       785.42 |                 17.23 |                    5.00 |     31 |    27.5214 |
|        1 |        271 |           783.10 |       774.47 |       788.90 |                 16.84 |                    5.00 |     31 |    27.5955 |
|        1 |        272 |           783.10 |       774.47 |       786.09 |                 11.68 |                    5.00 |     31 |    27.7768 |
|        1 |        273 |           783.10 |       774.47 |       781.17 |                 16.84 |                    5.00 |     31 |    27.9480 |
|        1 |        274 |           783.10 |       774.47 |       786.71 |                 16.91 |                    5.00 |     31 |    28.1621 |
|        1 |        275 |           783.10 |       774.47 |       786.48 |                 16.62 |                    5.00 |     31 |    28.5376 |
|        1 |        276 |           783.10 |       774.47 |       785.38 |                 17.54 |                    5.00 |     31 |    28.7477 |
|        1 |        277 |           783.10 |       774.47 |       784.89 |                 17.41 |                    5.00 |     31 |    29.0029 |
|        1 |        278 |           783.10 |       774.47 |       787.80 |                 16.66 |                    5.00 |     31 |    29.1387 |
|        1 |        279 |           783.10 |       774.47 |       787.40 |                 17.29 |                    5.00 |     31 |    29.2119 |
|        1 |        280 |           783.10 |       774.47 |       785.29 |                 15.83 |                    5.00 |     31 |    29.4561 |
|        1 |        281 |           783.10 |       774.47 |       786.03 |                 17.39 |                    5.00 |     31 |    29.6260 |
|        1 |        282 |           783.10 |       774.47 |       784.83 |                 17.21 |                    5.00 |     31 |    29.9537 |
|        1 |        283 |           783.10 |       774.47 |       788.14 |                 17.33 |                    5.00 |     31 |    30.0504 |
|        1 |        284 |           783.10 |       774.47 |       787.31 |                 17.57 |                    5.00 |     31 |    30.2504 |
|        1 |        285 |           783.10 |       774.47 |       788.12 |                 19.34 |                    5.00 |     31 |    30.3912 |
|        1 |        286 |           783.10 |       774.47 |       785.77 |                 16.23 |                    5.00 |     31 |    30.5614 |
|        1 |        287 |           783.10 |       774.47 |       786.51 |                 21.14 |                    5.00 |     31 |    30.7162 |
|        1 |        288 |           783.10 |       774.47 |       788.26 |                 17.57 |                    5.00 |     31 |    30.8646 |
|        1 |        289 |           783.10 |       774.47 |       788.05 |                 17.46 |                    5.00 |     31 |    31.0129 |
|        1 |        290 |           783.10 |       774.47 |       782.98 |                 17.13 |                    5.00 |     31 |    31.2417 |
|        1 |        291 |           783.10 |       774.47 |       787.59 |                 16.38 |                    5.00 |     31 |    31.3488 |
|        1 |        292 |           783.10 |       774.47 |       786.55 |                 16.17 |                    5.00 |     31 |    31.4147 |
|        1 |        293 |           783.10 |       774.47 |       786.73 |                 19.66 |                    5.00 |     31 |    31.5255 |
|        1 |        294 |           783.10 |       774.47 |       786.58 |                 17.34 |                    5.00 |     31 |    31.6666 |
|        1 |        295 |           783.10 |       774.47 |       787.07 |                 20.69 |                    5.00 |     31 |    31.7483 |
|        1 |        296 |           783.10 |       774.47 |       786.58 |                 16.67 |                    5.00 |     31 |    31.8946 |
|        1 |        297 |           783.10 |       774.47 |       785.56 |                 16.95 |                    5.00 |     31 |    31.9660 |
|        1 |        298 |           783.10 |       774.47 |       786.37 |                 18.13 |                    5.00 |     31 |    32.0306 |
|        1 |        299 |           783.10 |       774.47 |       787.15 |                 23.14 |                    5.00 |     31 |    32.1544 |
|        1 |        300 |           783.10 |       774.47 |       786.36 |                 17.58 |                    5.00 |     31 |    32.2844 |
|        1 |        301 |           783.10 |       774.47 |       785.86 |                 17.11 |                    5.00 |     31 |    32.6189 |
|        1 |        302 |           783.10 |       774.47 |       787.93 |                 17.58 |                    5.00 |     31 |    32.7351 |
|        1 |        303 |           783.10 |       774.47 |       786.51 |                 16.98 |                    5.00 |     31 |    32.8544 |
|        1 |        304 |           783.10 |       774.47 |       787.94 |                 17.05 |                    5.00 |     31 |    32.9913 |
|        1 |        305 |           783.10 |       774.47 |       787.07 |                 17.44 |                    5.00 |     31 |    33.1253 |
|        1 |        306 |           783.10 |       774.47 |       786.63 |                 17.04 |                    5.00 |     31 |    33.1938 |
|        1 |        307 |           783.10 |       774.47 |       787.76 |                 16.81 |                    5.00 |     31 |    33.2570 |
|        1 |        308 |           783.10 |       774.47 |       785.76 |                 16.57 |                    5.00 |     31 |    33.3364 |
|        1 |        309 |           783.10 |       774.47 |       782.16 |                 17.49 |                    5.00 |     31 |    33.4517 |
|        1 |        310 |           783.10 |       774.47 |       787.28 |                 16.72 |                    5.00 |     31 |    33.5400 |
|        1 |        311 |           783.10 |       774.47 |       786.38 |                 16.91 |                    5.00 |     31 |    33.6818 |
|        1 |        312 |           783.10 |       774.47 |       787.22 |                 17.36 |                    5.00 |     31 |    33.7386 |
|        1 |        313 |           783.10 |       774.47 |       787.76 |                 17.13 |                    5.00 |     31 |    33.7900 |
|        1 |        314 |           783.10 |       774.47 |       786.97 |                 17.58 |                    5.00 |     31 |    33.8631 |
|        1 |        315 |           783.10 |       774.47 |       788.15 |                 17.52 |                    5.00 |     31 |    33.9190 |
|        1 |        316 |           783.10 |       774.47 |       786.73 |                 16.57 |                    5.00 |     31 |    34.0058 |
|        1 |        317 |           783.10 |       774.47 |       806.45 |                 17.18 |                    5.00 |     32 |    34.0735 |
|        1 |        318 |           783.10 |       774.47 |       786.10 |                 16.26 |                    5.00 |     32 |    34.1631 |
|        1 |        319 |           783.10 |       774.47 |       785.63 |                 16.32 |                    5.00 |     32 |    34.2553 |
|        1 |        320 |           783.10 |       774.47 |       786.44 |                 16.45 |                    5.00 |     32 |    34.2933 |
|        1 |        321 |           783.10 |       774.47 |       786.97 |                 17.40 |                    5.00 |     32 |    34.3481 |
|        1 |        322 |           783.10 |       774.47 |       786.83 |                 17.32 |                    5.00 |     32 |    34.4210 |
|        1 |        323 |           783.10 |       774.47 |       787.37 |                 16.28 |                    5.00 |     32 |    34.4596 |
|        1 |        324 |           783.10 |       774.47 |       788.24 |                 16.67 |                    5.00 |     32 |    34.5593 |
|        1 |        325 |           783.10 |       774.47 |       786.17 |                 16.80 |                    5.00 |     32 |    34.6008 |
|        1 |        326 |           783.10 |       774.47 |       784.84 |                 17.58 |                    5.00 |     32 |    34.6644 |
|        1 |        327 |           783.10 |       774.47 |       786.76 |                 17.27 |                    5.00 |     32 |    34.7974 |
|        1 |        328 |           783.10 |       774.47 |       786.85 |                 17.49 |                    5.00 |     32 |    34.9081 |
|        1 |        329 |           783.10 |       774.47 |       787.36 |                 17.44 |                    5.00 |     32 |    34.9617 |
|        1 |        330 |           783.10 |       774.47 |       781.89 |                 14.12 |                    5.00 |     32 |    35.1503 |
|        1 |        331 |           783.10 |       774.47 |       775.13 |                 17.54 |                    5.00 |     32 |    35.2111 |
|        1 |        332 |           783.10 |       774.47 |       779.51 |                 17.60 |                    5.00 |     32 |    35.3491 |
|        1 |        333 |           783.10 |       774.47 |       781.16 |                 17.37 |                    5.00 |     32 |    35.4028 |
|        1 |        334 |           783.10 |       774.47 |       783.10 |                 17.15 |                    5.00 |     32 |    35.4573 |
|        1 |        335 |           783.10 |       774.47 |       782.19 |                 16.75 |                    5.00 |     32 |    35.5365 |
|        1 |        336 |           783.10 |       774.47 |       782.01 |                 16.50 |                    5.00 |     32 |    35.6576 |
|        1 |        337 |           783.10 |       774.47 |       781.54 |                 16.45 |                    5.00 |     32 |    35.7304 |
|        1 |        338 |           783.10 |       774.47 |       781.72 |                 17.89 |                    5.00 |     32 |    35.8701 |
|        1 |        339 |           783.10 |       774.47 |       782.26 |                 17.46 |                    5.00 |     32 |    35.9747 |
|        1 |        340 |           783.10 |       774.47 |       781.27 |                 14.08 |                    5.00 |     32 |    36.0792 |
|        1 |        341 |           783.10 |       774.47 |       779.72 |                 16.63 |                    5.00 |     32 |    36.1462 |
|        1 |        342 |           783.10 |       774.47 |       781.16 |                 19.96 |                    5.00 |     32 |    36.2977 |
|        1 |        343 |           783.10 |       774.47 |       786.42 |                 16.76 |                    5.00 |     32 |    36.4229 |
|        1 |        344 |           783.10 |       774.47 |       786.58 |                 17.18 |                    5.00 |     32 |    36.5944 |
|        1 |        345 |           783.10 |       774.47 |       788.73 |                 24.31 |                    5.00 |     32 |    36.6804 |
|        1 |        346 |           783.10 |       774.47 |       783.54 |                 16.81 |                    5.00 |     32 |    36.9337 |
|        1 |        347 |           783.10 |       774.47 |       783.99 |                 16.73 |                    5.00 |     32 |    37.0729 |
|        1 |        348 |           783.10 |       774.47 |       788.20 |                 17.55 |                    5.00 |     32 |    37.1543 |
|        1 |        349 |           783.10 |       774.47 |       787.40 |                 17.11 |                    5.00 |     32 |    37.5771 |
|        1 |        350 |           783.10 |       774.47 |       787.62 |                 17.41 |                    5.00 |     32 |    37.6435 |
|        1 |        351 |           783.10 |       774.47 |       781.37 |                 16.96 |                    5.00 |     32 |    37.7797 |
|        1 |        352 |           783.10 |       774.47 |       788.90 |                 10.89 |                    5.00 |     32 |    37.8621 |
|        1 |        353 |           783.10 |       774.47 |       775.91 |                 15.58 |                    5.00 |     32 |    37.9287 |
|        1 |        354 |           783.10 |       774.47 |       787.43 |                 16.79 |                    5.00 |     32 |    38.0213 |
|        1 |        355 |           783.10 |       774.47 |       787.24 |                 18.27 |                    5.00 |     32 |    38.1341 |
|        1 |        356 |           783.10 |       774.47 |       786.72 |                 17.09 |                    5.00 |     32 |    38.2578 |
|        1 |        357 |           783.10 |       774.47 |       786.00 |                 17.03 |                    5.00 |     32 |    38.3246 |
|        1 |        358 |           783.10 |       774.47 |       787.14 |                 16.99 |                    5.00 |     32 |    38.3647 |
|        1 |        359 |           783.10 |       774.47 |       784.59 |                 17.60 |                    5.00 |     32 |    38.4530 |
|        1 |        360 |           783.10 |       774.47 |       788.87 |                 17.37 |                    5.00 |     32 |    38.5127 |
|        1 |        361 |           783.10 |       774.47 |       788.90 |                 13.61 |                    5.00 |     32 |    38.5920 |
|        1 |        362 |           783.10 |       774.47 |       783.73 |                 16.92 |                    5.00 |     32 |    38.6392 |
|        1 |        363 |           783.10 |       774.47 |       786.52 |                 17.50 |                    5.00 |     32 |    38.7669 |
|        1 |        364 |           783.10 |       774.47 |       787.23 |                 17.19 |                    5.00 |     32 |    38.9086 |
|        1 |        365 |           783.10 |       774.47 |       787.36 |                 20.89 |                    5.00 |     32 |    39.0000 |
|        1 |        366 |           783.10 |       774.47 |       780.56 |                 16.29 |                    5.00 |     32 |    39.1564 |
|        1 |        367 |           783.10 |       774.47 |       787.58 |                 17.38 |                    5.00 |     32 |    39.2447 |
|        1 |        368 |           783.10 |       774.47 |       786.79 |                 16.44 |                    5.00 |     32 |    39.3529 |
|        1 |        369 |           783.10 |       774.47 |       788.25 |                 16.55 |                    5.00 |     32 |    39.4160 |
|        1 |        370 |           783.10 |       774.47 |       786.18 |                 17.14 |                    5.00 |     32 |    39.5127 |
|        1 |        371 |           783.10 |       774.47 |       816.97 |                 16.42 |                    5.00 |     32 |    39.5650 |
|        1 |        372 |           783.10 |       774.47 |       805.90 |                 16.68 |                    5.00 |     34 |    39.6663 |
|        1 |        373 |           783.10 |       774.47 |       805.90 |                  8.59 |                    5.00 |     34 |    39.7858 |
|        1 |        374 |           783.10 |       772.91 |       772.91 |                 13.29 |                    5.00 |     34 |    39.8856 |
|        1 |        375 |           783.10 |       772.91 |       781.98 |                 17.54 |                    5.00 |     34 |    39.9620 |
------------------------------------------------------------------------------------------------------------------------------------------------
|  Restart |  Iteration |  Best Feas. Cost |    Best Cost |   Curr. Cost |   Penalty Custom Res. |   Penalty Standard Res. |   Pool |   Time (s) |
------------------------------------------------------------------------------------------------------------------------------------------------
|        1 |        376 |           783.10 |       772.91 |       786.66 |                 16.89 |                    5.00 |     34 |    40.1509 |
|        1 |        377 |           783.10 |       772.91 |       784.91 |                 16.93 |                    5.00 |     34 |    40.3217 |
|        1 |        378 |           783.10 |       772.91 |       787.22 |                 17.37 |                    5.00 |     34 |    40.4359 |
|        1 |        379 |           783.10 |       772.91 |       781.21 |                 17.56 |                    5.00 |     34 |    40.6440 |
|        1 |        380 |           783.10 |       772.91 |       782.63 |                 17.32 |                    5.00 |     34 |    40.7270 |
|        1 |        381 |           783.10 |       772.91 |       781.86 |                 17.44 |                    5.00 |     34 |    40.7999 |
|        1 |        382 |           783.10 |       772.91 |       777.94 |                 16.67 |                    5.00 |     34 |    40.9108 |
|        1 |        383 |           783.10 |       772.91 |       781.39 |                 16.73 |                    5.00 |     34 |    41.0435 |
|        1 |        384 |           783.10 |       772.91 |       781.44 |                 16.92 |                    5.00 |     34 |    41.2612 |
|        1 |        385 |           783.10 |       772.91 |       782.10 |                 16.38 |                    5.00 |     34 |    41.3281 |
|        1 |        386 |           783.10 |       772.91 |       777.29 |                 16.81 |                    5.00 |     34 |    41.4825 |
|        1 |        387 |           783.10 |       772.91 |       787.94 |                 17.24 |                    5.00 |     34 |    41.6369 |
|        1 |        388 |           783.10 |       772.91 |       787.21 |                 17.52 |                    5.00 |     34 |    41.7627 |
|        1 |        389 |           783.10 |       772.91 |       786.75 |                 16.44 |                    5.00 |     34 |    41.9554 |
|        1 |        390 |           783.10 |       772.91 |       785.73 |                 17.20 |                    5.00 |     34 |    42.1093 |
|        1 |        391 |           783.10 |       772.91 |       786.48 |                 16.94 |                    5.00 |     34 |    42.2564 |
|        1 |        392 |           783.10 |       772.91 |       787.28 |                 16.55 |                    5.00 |     34 |    42.3709 |
|        1 |        393 |           783.10 |       772.91 |       785.01 |                 16.47 |                    5.00 |     34 |    42.6842 |
|        1 |        394 |           783.10 |       772.91 |       784.57 |                 16.73 |                    5.00 |     34 |    42.8950 |
|        1 |        395 |           783.10 |       772.91 |       786.84 |                 17.16 |                    5.00 |     34 |    43.0940 |
|        1 |        396 |           783.10 |       772.91 |       787.62 |                 17.40 |                    5.00 |     34 |    43.3143 |
|        1 |        397 |           783.10 |       772.91 |       782.26 |                 16.11 |                    5.00 |     34 |    43.5685 |
|        1 |        398 |           783.10 |       772.91 |       781.22 |                 17.56 |                    5.00 |     34 |    43.7782 |
|        1 |        399 |           783.10 |       772.91 |       781.22 |                 17.17 |                    5.00 |     34 |    43.8812 |
|        1 |        400 |           783.10 |       772.91 |       779.50 |                 16.92 |                    5.00 |     34 |    44.0551 |
|        1 |        401 |           783.10 |       772.91 |       782.76 |                 17.56 |                    5.00 |     34 |    44.1269 |
|        1 |        402 |           783.10 |       772.91 |       783.10 |                 17.16 |                    5.00 |     34 |    44.2141 |
|        1 |        403 |           783.10 |       772.91 |       782.21 |                 19.66 |                    5.00 |     34 |    44.3125 |
|        1 |        404 |           783.10 |       772.91 |       781.73 |                 18.06 |                    5.00 |     34 |    44.4243 |
|        1 |        405 |           783.10 |       772.91 |       780.73 |                 17.60 |                    5.00 |     34 |    44.5616 |
|        1 |        406 |           783.10 |       772.91 |       778.44 |                 17.48 |                    5.00 |     34 |    44.7126 |
|        1 |        407 |           783.10 |       772.91 |       782.49 |                 19.83 |                    5.00 |     34 |    44.8133 |
|        1 |        408 |           783.10 |       772.91 |       779.76 |                 17.33 |                    5.00 |     34 |    44.9084 |
|        1 |        409 |           783.10 |       772.91 |       782.06 |                 17.43 |                    5.00 |     34 |    45.0030 |
|        1 |        410 |           783.10 |       772.91 |       781.84 |                 16.68 |                    5.00 |     34 |    45.0835 |
|        1 |        411 |           783.10 |       772.91 |       780.31 |                 17.47 |                    5.00 |     34 |    45.1595 |
|        1 |        412 |           783.10 |       772.91 |       781.21 |                 17.56 |                    5.00 |     34 |    45.2592 |
|        1 |        413 |           783.10 |       772.91 |       777.85 |                 16.81 |                    5.00 |     34 |    45.3259 |
|        1 |        414 |           783.10 |       772.91 |       781.28 |                 16.70 |                    5.00 |     34 |    45.4539 |
|        1 |        415 |           783.10 |       772.91 |       781.47 |                 16.43 |                    5.00 |     34 |    45.5870 |
|        1 |        416 |           783.10 |       772.91 |       781.01 |                 16.49 |                    5.00 |     34 |    45.7284 |
|        1 |        417 |           783.10 |       772.91 |       782.88 |                 20.87 |                    5.00 |     34 |    45.8103 |
|        1 |        418 |           783.10 |       772.91 |       781.63 |                 17.34 |                    5.00 |     34 |    45.9136 |
|        1 |        419 |           783.10 |       772.91 |       781.81 |                 17.06 |                    5.00 |     34 |    46.0241 |
|        1 |        420 |           783.10 |       772.91 |       780.42 |                 17.14 |                    5.00 |     34 |    46.1238 |
|        1 |        421 |           783.10 |       772.91 |       782.46 |                 16.72 |                    5.00 |     34 |    46.2143 |
|        1 |        422 |           783.10 |       772.91 |       782.03 |                 16.99 |                    5.00 |     34 |    46.2839 |
|        1 |        423 |           783.10 |       772.91 |       782.22 |                 18.71 |                    5.00 |     34 |    46.3393 |
|        1 |        424 |           783.10 |       772.91 |       781.73 |                 17.00 |                    5.00 |     34 |    46.4409 |
|        1 |        425 |           783.10 |       772.91 |       781.86 |                 17.59 |                    5.00 |     34 |    46.5382 |
|        1 |        426 |           783.10 |       772.91 |       780.45 |                 16.50 |                    5.00 |     34 |    46.6156 |
|        1 |        427 |           783.10 |       772.91 |       783.10 |                 16.79 |                    5.00 |     34 |    46.6599 |
|        1 |        428 |           783.10 |       772.91 |       781.85 |                 17.09 |                    5.00 |     34 |    46.7067 |
|        1 |        429 |           783.10 |       772.91 |       781.69 |                 16.99 |                    5.00 |     34 |    46.8086 |
|        1 |        430 |           783.10 |       772.91 |       780.85 |                 16.95 |                    5.00 |     34 |    46.8568 |
|        1 |        431 |           783.10 |       772.91 |       786.58 |                 16.35 |                    5.00 |     34 |    46.9526 |
|        1 |        432 |           783.10 |       772.91 |       786.76 |                 17.29 |                    5.00 |     34 |    47.0225 |
|        1 |        433 |           783.10 |       772.91 |       786.96 |                 17.22 |                    5.00 |     34 |    47.0906 |
|        1 |        434 |           783.10 |       772.91 |       788.78 |                 12.59 |                    5.00 |     34 |    47.1516 |
|        1 |        435 |           783.10 |       772.91 |       781.33 |                 16.60 |                    5.00 |     34 |    47.1991 |
|        1 |        436 |           783.10 |       772.91 |       787.90 |                 17.55 |                    5.00 |     34 |    47.2666 |
|        1 |        437 |           783.10 |       772.91 |       786.51 |                 16.97 |                    5.00 |     34 |    47.3308 |
|        1 |        438 |           783.10 |       772.91 |       786.34 |                 16.88 |                    5.00 |     34 |    47.4107 |
|        1 |        439 |           783.10 |       772.91 |       786.15 |                 17.47 |                    5.00 |     34 |    47.5048 |
|        1 |        440 |           783.10 |       772.91 |       787.60 |                 20.82 |                    5.00 |     34 |    47.5766 |
|        1 |        441 |           783.10 |       772.91 |       786.50 |                 16.46 |                    5.00 |     34 |    47.6633 |
|        1 |        442 |           783.10 |       772.91 |       785.45 |                 17.25 |                    5.00 |     34 |    47.7270 |
|        1 |        443 |           783.10 |       772.91 |       786.59 |                 16.86 |                    5.00 |     34 |    47.7744 |
|        1 |        444 |           783.10 |       772.91 |       786.14 |                 16.44 |                    5.00 |     34 |    47.8578 |
|        1 |        445 |           783.10 |       772.91 |       786.01 |                 16.72 |                    5.00 |     34 |    47.9178 |
|        1 |        446 |           783.10 |       772.91 |       784.30 |                 17.43 |                    5.00 |     34 |    48.0680 |
|        1 |        447 |           783.10 |       772.91 |       785.65 |                 16.67 |                    5.00 |     34 |    48.1483 |
|        1 |        448 |           783.10 |       772.91 |       787.04 |                 17.44 |                    5.00 |     34 |    48.2310 |
|        1 |        449 |           783.10 |       772.91 |       785.90 |                 16.64 |                    5.00 |     34 |    48.3522 |
|        1 |        450 |           783.10 |       772.91 |       786.96 |                 16.71 |                    5.00 |     34 |    48.4600 |
|        1 |        451 |           783.10 |       772.91 |       785.29 |                 17.32 |                    5.00 |     34 |    48.5463 |
|        1 |        452 |           783.10 |       772.91 |       786.06 |                 16.40 |                    5.00 |     34 |    48.6238 |
|        1 |        453 |           783.10 |       772.91 |       787.50 |                 16.50 |                    5.00 |     34 |    48.6895 |
|        1 |        454 |           783.10 |       772.91 |       787.09 |                 17.47 |                    5.00 |     34 |    48.7426 |
|        1 |        455 |           783.10 |       772.91 |       785.03 |                 17.33 |                    5.00 |     34 |    48.8829 |
|        1 |        456 |           783.10 |       772.91 |       787.67 |                 15.93 |                    5.00 |     34 |    48.9715 |
|        1 |        457 |           783.10 |       772.91 |       785.64 |                 19.37 |                    5.00 |     34 |    49.0636 |
|        1 |        458 |           783.10 |       772.91 |       787.63 |                 17.41 |                    5.00 |     34 |    49.1822 |
|        1 |        459 |           783.10 |       772.91 |       785.25 |                 17.12 |                    5.00 |     34 |    49.3106 |
|        1 |        460 |           783.10 |       772.91 |       787.63 |                 17.42 |                    5.00 |     34 |    49.3933 |
|        1 |        461 |           783.10 |       772.91 |       788.18 |                 19.57 |                    5.00 |     34 |    49.4547 |
|        1 |        462 |           783.10 |       772.91 |       785.24 |                 16.45 |                    5.00 |     34 |    49.5306 |
|        1 |        463 |           783.10 |       772.91 |       785.02 |                 17.31 |                    5.00 |     34 |    49.6949 |
|        1 |        464 |           783.10 |       772.91 |       787.34 |                 17.43 |                    5.00 |     34 |    49.7557 |
|        1 |        465 |           783.10 |       772.91 |       787.54 |                 17.37 |                    5.00 |     34 |    49.8279 |
|        1 |        466 |           783.10 |       772.91 |       787.33 |                 17.06 |                    5.00 |     34 |    50.0159 |
|        1 |        467 |           783.10 |       772.91 |       783.67 |                 17.56 |                    5.00 |     34 |    50.2570 |
|        1 |        468 |           783.10 |       772.91 |       786.96 |                 16.71 |                    5.00 |     34 |    50.5216 |
|        1 |        469 |           783.10 |       772.91 |       788.40 |                 22.20 |                    5.00 |     34 |    50.6374 |
|        1 |        470 |           783.10 |       772.91 |       788.53 |                 17.88 |                    5.00 |     34 |    50.7708 |
|        1 |        471 |           783.10 |       772.91 |       788.07 |                 16.30 |                    5.00 |     34 |    50.8270 |
|        1 |        472 |           783.10 |       772.91 |       780.36 |                 16.63 |                    5.00 |     34 |    51.0545 |
|        1 |        473 |           783.10 |       772.91 |       781.85 |                 17.94 |                    5.00 |     34 |    51.1669 |
|        1 |        474 |           783.10 |       772.91 |       780.33 |                 17.15 |                    5.00 |     34 |    51.2751 |
|        1 |        475 |           783.10 |       772.91 |       778.11 |                 17.37 |                    5.00 |     34 |    51.4135 |
|        1 |        476 |           783.10 |       772.91 |       781.43 |                 17.08 |                    5.00 |     34 |    51.5633 |
|        1 |        477 |           783.10 |       772.91 |       782.42 |                 17.03 |                    5.00 |     34 |    51.6308 |
|        1 |        478 |           783.10 |       772.91 |       780.80 |                 17.44 |                    5.00 |     34 |    51.7856 |
|        1 |        479 |           783.10 |       772.91 |       782.77 |                 17.56 |                    5.00 |     34 |    51.8516 |
|        1 |        480 |           783.10 |       772.91 |       781.86 |                 17.09 |                    5.00 |     34 |    51.9926 |
|        1 |        481 |           783.10 |       772.91 |       781.13 |                 17.54 |                    5.00 |     34 |    52.0759 |
|        1 |        482 |           783.10 |       772.91 |       781.13 |                 16.65 |                    5.00 |     34 |    52.1241 |
|        1 |        483 |           783.10 |       772.91 |       783.10 |                 17.43 |                    5.00 |     34 |    52.2335 |
|        1 |        484 |           783.10 |       772.91 |       782.48 |                 17.90 |                    5.00 |     34 |    52.3042 |
|        1 |        485 |           783.10 |       772.91 |       781.98 |                 17.29 |                    5.00 |     34 |    52.4055 |
|        1 |        486 |           783.10 |       772.91 |       781.80 |                 20.01 |                    5.00 |     34 |    52.4820 |
|        1 |        487 |           783.10 |       772.91 |       782.18 |                 18.13 |                    5.00 |     34 |    52.6835 |
|        1 |        488 |           783.10 |       772.91 |       781.81 |                 17.59 |                    5.00 |     34 |    52.9229 |
|        1 |        489 |           783.10 |       772.91 |       781.57 |                 16.30 |                    5.00 |     34 |    53.0385 |
|        1 |        490 |           783.10 |       772.91 |       779.50 |                 17.59 |                    5.00 |     34 |    53.1060 |
|        1 |        491 |           783.10 |       772.91 |       780.90 |                 16.45 |                    5.00 |     34 |    53.2315 |
|        1 |        492 |           783.10 |       772.91 |       780.90 |                 16.41 |                    5.00 |     34 |    53.2736 |
|        1 |        493 |           783.10 |       772.91 |       781.20 |                 16.86 |                    5.00 |     34 |    53.3261 |
|        1 |        494 |           783.10 |       772.91 |       780.65 |                 17.23 |                    5.00 |     34 |    53.4833 |
|        1 |        495 |           783.10 |       772.91 |       782.32 |                 17.50 |                    5.00 |     34 |    53.5650 |
|        1 |        496 |           783.10 |       772.91 |       781.25 |                 16.56 |                    5.00 |     34 |    53.6697 |
|        1 |        497 |           783.10 |       772.91 |       780.44 |                 17.34 |                    5.00 |     34 |    53.7539 |
|        1 |        498 |           783.10 |       772.91 |       782.56 |                 18.17 |                    5.00 |     34 |    53.8555 |
|        1 |        499 |           783.10 |       772.91 |       782.31 |                 18.38 |                    5.00 |     34 |    54.0201 |
|        1 |        500 |           783.10 |       772.91 |       782.42 |                 17.55 |                    5.00 |     34 |    54.1415 |
------------------------------------------------------------------------------------------------------------------------------------------------
Version identifier: 22.1.2.0 | 2024-11-26 | 0edbb82fd
CPXPARAM_MIP_Tolerances_UpperCutoff              783.1999999999698
Tried aggregator 2 times.
MIP Presolve eliminated 81 rows and 8 columns.
MIP Presolve modified 5 coefficients.
Aggregator did 4 substitutions.
Reduced MIP has 16 rows, 22 columns, and 88 nonzeros.
Reduced MIP has 22 binaries, 0 generals, 0 SOSs, and 0 indicators.
Presolve time = 0.00 sec. (0.13 ticks)
Probing time = 0.00 sec. (0.04 ticks)
Tried aggregator 2 times.
MIP Presolve eliminated 11 rows and 12 columns.
Aggregator did 1 substitutions.
Reduced MIP has 4 rows, 9 columns, and 16 nonzeros.
Reduced MIP has 9 binaries, 0 generals, 0 SOSs, and 0 indicators.
Presolve time = 0.00 sec. (0.03 ticks)
Probing time = 0.00 sec. (0.01 ticks)
Tried aggregator 1 time.
Reduced MIP has 4 rows, 9 columns, and 16 nonzeros.
Reduced MIP has 9 binaries, 0 generals, 0 SOSs, and 0 indicators.
Presolve time = 0.00 sec. (0.01 ticks)
Probing time = 0.00 sec. (0.01 ticks)
Clique table members: 6.
MIP emphasis: balance optimality and feasibility.
MIP search method: dynamic search.
Parallel mode: deterministic, using up to 8 threads.
Root relaxation solution time = 0.00 sec. (0.01 ticks)

        Nodes                                         Cuts/
   Node  Left     Objective  IInf  Best Integer    Best Bound    ItCnt     Gap

*     0     0      integral     0      783.1000      783.1000        4    0.00%
Elapsed time = 0.01 sec. (0.29 ticks, tree = 0.00 MB, solutions = 1)
objective_value(sp) = 783.1
 58.687085 seconds (6.84 M allocations: 340.880 MiB, 0.22% gc time, 8.49% compilation time)
#1: 0 (0.0) {423.0} -> 30 (10.0) {443.6} [303.0, 463.0] -> 29 (20.0) {538.6} [398.0, 558.0] -> 6 (40.0) {637.5} [497.0, 657.0] -> 32 (70.0) {733.8} [593.0, 753.0] -> 33 (110.0) {825.8} [685.0, 845.0] -> 31 (130.0) {921.1} [781.0, 941.0] -> 35 (140.0) {1016.1} [876.0, 1036.0] -> 37 (160.0) {1111.9} [971.0, 1131.0] -> 38 (190.0) {1203.9} [1063.0, 1223.0] -> 39 (210.0) {1298.9} [1158.0, 1318.0] -> 36 (220.0) {1393.9} [1253.0, 1413.0] -> 34 (240.0) {1486.9} [1346.0, 1506.0] -> 28 (260.0) {1587.6} [1447.0, 1607.0] -> 26 (270.0) {1685.6} [1545.0, 1705.0] -> 23 (280.0) {1782.8} [1643.0, 1803.0] -> 18 (300.0) {1881.8} [1742.0, 1902.0] -> 19 (310.0) {1976.8} [1837.0, 1997.0] -> 16 (350.0) {2073.8} [1934.0, 2094.0] -> 14 (360.0) {2165.8} [2026.0, 2186.0] -> 12 (380.0) {2258.8} [2119.0, 2279.0] -> 15 (420.0) {2355.8} [2216.0, 2376.0] -> 17 (440.0) {2451.1} [2311.0, 2471.0] -> 13 (470.0) {2545.1} [2405.0, 2565.0] -> 25 (510.0) {2644.1} [2504.0, 2664.0] -> 9 (520.0) {2741.3} [2601.0, 2761.0] -> 11 (530.0) {2838.3} [2698.0, 2858.0] -> 10 (540.0) {2931.3} [2791.0, 2951.0] -> 8 (560.0) {3027.3} [2887.0, 3047.0] -> 21 (580.0) {3122.9} [2983.0, 3143.0] -> 0 (580.0) {3224.5} [0.0, 3390.0]
#2: 0 (0.0) {261.0} -> 62 (20.0) {279.0} [120.0, 280.0] -> 74 (70.0) {372.0} [213.0, 373.0] -> 72 (80.0) {467.0} [308.0, 468.0] -> 61 (90.0) {560.0} [401.0, 561.0] -> 64 (100.0) {652.0} [493.0, 653.0] -> 69 (110.0) {747.8} [680.0, 840.0] -> 0 (110.0) {853.6} [0.0, 3390.0]
#3: 0 (0.0) {51.0} -> 93 (40.0) {59.2} [8.0, 168.0] -> 5 (50.0) {156.2} [25.0, 185.0] -> 75 (70.0) {249.2} [118.0, 278.0] -> 2 (100.0) {344.2} [213.0, 373.0] -> 0 (100.0) {454.8} [0.0, 3390.0]
#4: 0 (0.0) {307.0} -> 27 (10.0) {324.1} [209.0, 369.0] -> 0 (10.0) {431.2} [0.0, 3390.0]
#5: 0 (0.0) {0.0} -> 67 (10.0) {12.2} [12.0, 172.0] -> 63 (60.0) {105.2} [25.0, 185.0] -> 0 (60.0) {209.3} [0.0, 3390.0]
#6: 0 (0.0) {38.0} -> 20 (10.0) {48.0} [10.0, 170.0] -> 22 (30.0) {140.8} [22.0, 182.0] -> 24 (40.0) {234.4} [116.0, 276.0] -> 0 (40.0) {339.4} [0.0, 3390.0]
#7: 0 (0.0) {459.0} -> 66 (10.0) {588.0} [588.0, 748.0] -> 68 (20.0) {776.0} [776.0, 936.0] -> 65 (30.0) {871.3} [871.0, 1031.0] -> 49 (40.0) {967.7} [967.0, 1127.0] -> 55 (50.0) {1065.5} [1065.0, 1225.0] -> 54 (90.0) {1160.5} [1160.0, 1320.0] -> 53 (110.0) {1256.0} [1256.0, 1416.0] -> 56 (140.0) {1350.0} [1350.0, 1510.0] -> 58 (170.0) {1442.0} [1442.0, 1602.0] -> 60 (190.0) {1535.0} [1535.0, 1695.0] -> 59 (200.0) {1630.8} [1630.0, 1790.0] -> 57 (240.0) {1725.8} [1725.0, 1885.0] -> 40 (250.0) {1819.4} [1819.0, 1979.0] -> 44 (260.0) {1913.8} [1913.0, 2073.0] -> 46 (290.0) {2009.1} [2009.0, 2169.0] -> 45 (300.0) {2105.5} [2105.0, 2265.0] -> 51 (310.0) {2200.5} [2200.0, 2360.0] -> 50 (320.0) {2292.7} [2292.0, 2452.0] -> 52 (330.0) {2385.8} [2385.0, 2545.0] -> 47 (340.0) {2480.8} [2480.0, 2640.0] -> 43 (350.0) {2573.8} [2573.0, 2733.0] -> 42 (370.0) {2666.8} [2666.0, 2826.0] -> 41 (380.0) {2758.8} [2758.0, 2918.0] -> 48 (390.0) {2856.8} [2856.0, 3016.0] -> 90 (400.0) {3119.0} [3119.0, 3279.0] -> 0 (400.0) {3229.6} [0.0, 3390.0]
#8: 0 (0.0) {442.0} -> 1 (10.0) {469.7} [311.0, 471.0] -> 99 (20.0) {565.5} [407.0, 567.0] -> 100 (40.0) {660.5} [502.0, 662.0] -> 97 (70.0) {755.5} [597.0, 757.0] -> 92 (90.0) {852.5} [694.0, 854.0] -> 94 (100.0) {946.1} [788.0, 948.0] -> 95 (130.0) {1039.7} [881.0, 1041.0] -> 98 (150.0) {1136.1} [978.0, 1138.0] -> 7 (170.0) {1231.1} [1073.0, 1233.0] -> 3 (180.0) {1325.2} [1167.0, 1327.0] -> 4 (190.0) {1418.8} [1261.0, 1421.0] -> 89 (200.0) {1513.2} [1355.0, 1515.0] -> 91 (210.0) {1608.8} [1451.0, 1611.0] -> 88 (240.0) {1703.8} [1546.0, 1706.0] -> 84 (260.0) {1799.1} [1641.0, 1801.0] -> 86 (270.0) {1894.1} [1736.0, 1896.0] -> 83 (280.0) {1990.1} [1832.0, 1992.0] -> 82 (300.0) {2083.1} [1925.0, 2085.0] -> 85 (330.0) {2187.3} [2029.0, 2189.0] -> 76 (340.0) {2289.0} [2131.0, 2291.0] -> 71 (360.0) {2384.0} [2226.0, 2386.0] -> 70 (390.0) {2479.0} [2321.0, 2481.0] -> 73 (400.0) {2572.0} [2414.0, 2574.0] -> 80 (410.0) {2670.6} [2513.0, 2673.0] -> 79 (420.0) {2765.9} [2608.0, 2768.0] -> 81 (450.0) {2861.2} [2703.0, 2863.0] -> 78 (470.0) {2959.8} [2802.0, 2962.0] -> 77 (480.0) {3057.6} [2900.0, 3060.0] -> 96 (490.0) {3158.7} [3001.0, 3161.0] -> 87 (510.0) {3255.0} [3097.0, 3257.0] -> 0 (510.0) {3369.3} [0.0, 3390.0]

Dist: 783.1. Cost: 783.1

Root node processing (before b&c):
  Real time             =    0.01 sec. (0.29 ticks)
Parallel b&c, 8 threads:
  Real time             =    0.00 sec. (0.00 ticks)
  Sync time (average)   =    0.00 sec.
  Wait time (average)   =    0.00 sec.
                          ------------
Total (root+branch&cut) =    0.01 sec. (0.29 ticks)
