Solving instance /mnt/c/Users/bruno.mattos/OneDrive - americanas s.a/Documentos/GitHub/GenericILS/TWRD/100/C202_100_005.vrptwrd...
------------------------------------------------------------------------------------------------------------------------------------------------
|  Restart |  Iteration |  Best Feas. Cost |    Best Cost |   Curr. Cost |   Penalty Custom Res. |   Penalty Standard Res. |   Pool |   Time (s) |
------------------------------------------------------------------------------------------------------------------------------------------------
|        1 |          1 |           721.00 |       654.72 |       654.72 |                 10.59 |                    5.37 |      9 |     0.2385 |
|        1 |          0 |           656.50 |       654.72 |       656.50 |                  6.28 |                    5.00 |     13 |     0.7682 |
|        1 |          1 |           656.50 |       632.32 |       632.32 |                  5.00 |                    5.00 |     15 |     0.8167 |
|        1 |          2 |           656.50 |       631.30 |       631.30 |                  7.08 |                    5.00 |     15 |     0.8537 |
|        1 |          0 |           648.40 |       631.30 |       648.40 |                  5.00 |                    5.00 |     15 |     1.0056 |
|        1 |          1 |           648.40 |       631.30 |       648.40 |                  5.00 |                    5.00 |     15 |     1.0334 |
|        1 |          2 |           648.40 |       631.30 |       648.40 |                  5.00 |                    5.00 |     15 |     1.0694 |
|        1 |          3 |           648.40 |       631.30 |       648.40 |                  5.00 |                    5.00 |     15 |     1.1102 |
|        1 |          4 |           648.40 |       631.30 |       648.40 |                  5.00 |                    5.00 |     15 |     1.1579 |
|        1 |          5 |           648.40 |       631.30 |       648.40 |                  5.00 |                    5.00 |     15 |     1.1968 |
|        1 |          6 |           648.40 |       631.30 |       648.40 |                  5.00 |                    5.00 |     15 |     1.2246 |
|        1 |          7 |           648.40 |       631.30 |       648.40 |                  5.00 |                    5.00 |     15 |     1.2572 |
|        1 |          8 |           648.40 |       631.30 |       661.60 |                  5.00 |                    5.00 |     15 |     1.2908 |
|        1 |          9 |           648.40 |       631.30 |       661.60 |                  5.00 |                    5.00 |     15 |     1.3150 |
|        1 |         10 |           648.40 |       631.30 |       661.60 |                  5.86 |                    5.00 |     15 |     1.3532 |
|        1 |         11 |           648.40 |       631.30 |       661.60 |                  5.47 |                    5.00 |     15 |     1.4155 |
|        1 |         12 |           648.40 |       631.30 |       661.60 |                  5.00 |                    5.00 |     15 |     1.4441 |
|        1 |         13 |           648.40 |       631.30 |       661.60 |                  5.31 |                    5.00 |     15 |     1.4893 |
|        1 |         14 |           648.40 |       631.30 |       644.94 |                  7.21 |                    5.00 |     15 |     1.5688 |
|        1 |         15 |           648.40 |       631.30 |       648.40 |                  5.00 |                    5.00 |     15 |     1.6220 |
|        1 |         16 |           648.40 |       631.30 |       648.40 |                  5.00 |                    5.00 |     15 |     1.6561 |
|        1 |         17 |           648.40 |       631.30 |       648.40 |                  5.00 |                    5.00 |     15 |     1.6927 |
|        1 |         18 |           648.40 |       631.30 |       669.60 |                  5.00 |                    5.00 |     17 |     1.7486 |
|        1 |         19 |           648.40 |       631.30 |       664.20 |                  5.00 |                    5.00 |     19 |     1.8649 |
|        1 |         20 |           648.40 |       631.30 |       664.72 |                  5.45 |                    5.00 |     19 |     1.9084 |
|        1 |         21 |           648.40 |       631.30 |       664.10 |                  5.86 |                    5.00 |     19 |     1.9483 |
|        1 |         22 |           648.40 |       631.30 |       666.17 |                 10.11 |                    5.00 |     19 |     1.9971 |
|        1 |         23 |           648.40 |       631.30 |       666.50 |                  6.24 |                    5.00 |     22 |     2.0475 |
|        1 |         24 |           648.40 |       631.30 |       656.06 |                  7.50 |                    5.00 |     22 |     2.1262 |
|        1 |         25 |           648.40 |       631.30 |       642.34 |                 11.60 |                    5.00 |     24 |     2.1832 |
|        1 |         26 |           648.40 |       631.30 |       639.32 |                  8.37 |                    5.00 |     24 |     2.2705 |
|        1 |         27 |           648.40 |       631.30 |       638.38 |                  5.88 |                    5.00 |     24 |     2.3252 |
|        1 |         28 |           648.40 |       631.30 |       652.20 |                  5.00 |                    5.00 |     26 |     2.3706 |
|        1 |         29 |           648.40 |       631.30 |       652.20 |                  5.00 |                    5.00 |     26 |     2.4038 |
|        1 |         30 |           648.40 |       631.30 |       632.79 |                  6.09 |                    5.00 |     26 |     2.4823 |
|        1 |         31 |           648.40 |       631.30 |       634.36 |                  8.03 |                    5.00 |     26 |     2.5274 |
|        1 |         32 |           648.40 |       631.30 |       634.36 |                  9.51 |                    5.00 |     26 |     2.5509 |
|        1 |         33 |           648.40 |       631.30 |       640.89 |                  9.77 |                    5.00 |     26 |     2.5939 |
|        1 |         34 |           648.40 |       631.30 |       641.22 |                  7.29 |                    5.00 |     26 |     2.6319 |
|        1 |         35 |           648.40 |       631.30 |       635.88 |                  5.83 |                    5.00 |     26 |     2.6730 |
|        1 |         36 |           648.40 |       631.30 |       634.31 |                  6.89 |                    5.00 |     26 |     2.7176 |
|        1 |         37 |           648.40 |       631.30 |       648.40 |                  5.00 |                    5.00 |     26 |     2.7519 |
|        1 |         38 |           648.40 |       631.30 |       648.40 |                  5.00 |                    5.00 |     26 |     2.8320 |
|        1 |         39 |           648.40 |       631.30 |       648.40 |                  5.00 |                    5.00 |     26 |     2.8789 |
|        1 |         40 |           648.40 |       631.30 |       648.40 |                  5.00 |                    5.00 |     26 |     2.9177 |
|        1 |         41 |           648.40 |       631.30 |       648.40 |                  5.26 |                    5.00 |     26 |     2.9605 |
|        1 |         42 |           648.40 |       631.30 |       648.40 |                  5.00 |                    5.00 |     26 |     2.9893 |
|        1 |         43 |           648.40 |       631.30 |       648.40 |                  5.00 |                    5.00 |     26 |     3.0270 |
|        1 |         44 |           648.40 |       631.30 |       652.60 |                  7.29 |                    5.00 |     27 |     3.0678 |
|        1 |         45 |           648.40 |       631.30 |       654.92 |                  8.71 |                    5.00 |     27 |     3.1045 |
|        1 |         46 |           648.40 |       631.30 |       654.92 |                  8.79 |                    5.00 |     27 |     3.1274 |
|        1 |         47 |           648.40 |       631.30 |       676.81 |                  5.69 |                    5.00 |     29 |     3.1812 |
|        1 |         48 |           648.40 |       631.30 |       645.23 |                  7.58 |                    5.00 |     29 |     3.2365 |
|        1 |         49 |           648.40 |       631.30 |       645.23 |                  9.91 |                    5.00 |     29 |     3.2653 |
|        1 |         50 |           648.40 |       631.30 |       648.40 |                  5.00 |                    5.00 |     29 |     3.3320 |
|        1 |         51 |           648.40 |       631.30 |       648.40 |                  5.00 |                    5.00 |     29 |     3.3603 |
|        1 |         52 |           648.40 |       631.30 |       648.40 |                  5.00 |                    5.00 |     29 |     3.4083 |
|        1 |         53 |           648.40 |       631.30 |       648.40 |                  5.00 |                    5.00 |     29 |     3.4423 |
|        1 |         54 |           648.40 |       631.30 |       648.40 |                  5.00 |                    5.00 |     29 |     3.4778 |
|        1 |         55 |           648.40 |       631.30 |       648.40 |                  5.00 |                    5.00 |     29 |     3.5115 |
|        1 |         56 |           648.40 |       631.30 |       648.40 |                  5.00 |                    5.00 |     29 |     3.5674 |
|        1 |         57 |           648.40 |       631.30 |       648.40 |                  5.00 |                    5.00 |     29 |     3.6172 |
|        1 |         58 |           648.40 |       631.30 |       648.40 |                  5.00 |                    5.00 |     29 |     3.6771 |
|        1 |         59 |           648.40 |       631.30 |       679.80 |                  5.00 |                    5.00 |     31 |     3.7261 |
|        1 |         60 |           648.40 |       631.30 |       679.80 |                  5.00 |                    5.00 |     31 |     3.7683 |
|        1 |         61 |           648.40 |       631.30 |       679.80 |                  6.04 |                    5.00 |     31 |     3.8150 |
|        1 |         62 |           648.40 |       631.30 |       679.80 |                  5.00 |                    5.00 |     31 |     3.8501 |
|        1 |         63 |           648.40 |       631.30 |       679.80 |                  5.00 |                    5.00 |     31 |     3.8892 |
|        1 |         64 |           648.40 |       631.30 |       679.80 |                  5.00 |                    5.00 |     31 |     3.9282 |
|        1 |         65 |           648.40 |       631.30 |       679.80 |                  5.00 |                    5.00 |     31 |     3.9644 |
|        1 |         66 |           648.40 |       631.30 |       648.40 |                  5.00 |                    5.00 |     31 |     4.0013 |
|        1 |         67 |           648.40 |       631.30 |       648.40 |                  5.00 |                    5.00 |     31 |     4.0377 |
|        1 |         68 |           648.40 |       631.30 |       648.40 |                  5.00 |                    5.00 |     31 |     4.0818 |
|        1 |         69 |           648.40 |       631.30 |       648.40 |                  5.26 |                    5.00 |     31 |     4.1418 |
|        1 |         70 |           648.40 |       631.30 |       648.40 |                  5.00 |                    5.00 |     31 |     4.1742 |
|        1 |         71 |           648.40 |       631.30 |       648.40 |                  5.00 |                    5.00 |     31 |     4.2149 |
|        1 |         72 |           648.40 |       631.30 |       652.91 |                  5.00 |                    5.00 |     31 |     4.2585 |
|        1 |         73 |           648.40 |       631.30 |       661.60 |                  5.00 |                    5.00 |     31 |     4.3656 |
|        1 |         74 |           648.40 |       631.30 |       693.00 |                  5.00 |                    5.00 |     31 |     4.4135 |
|        1 |         75 |           648.40 |       631.30 |       661.60 |                  5.00 |                    5.00 |     31 |     4.4797 |
|        1 |         76 |           648.40 |       631.30 |       644.50 |                  7.82 |                    5.00 |     31 |     4.5422 |
|        1 |         77 |           648.40 |       631.30 |       633.71 |                  8.53 |                    5.00 |     31 |     4.5961 |
|        1 |         78 |           648.40 |       631.30 |       637.68 |                 10.17 |                    5.00 |     31 |     4.6394 |
|        1 |         79 |           648.40 |       631.30 |       637.68 |                  9.75 |                    5.00 |     31 |     4.6691 |
|        1 |         80 |           648.40 |       631.30 |       640.80 |                 11.53 |                    5.00 |     31 |     4.7097 |
|        1 |         81 |           648.40 |       631.30 |       643.41 |                  9.87 |                    5.00 |     31 |     4.7854 |
|        1 |         82 |           648.40 |       631.30 |       648.40 |                  5.74 |                    5.00 |     31 |     4.8867 |
|        1 |         83 |           648.40 |       631.30 |       648.40 |                  5.00 |                    5.00 |     31 |     4.9297 |
|        1 |         84 |           648.40 |       631.30 |       652.91 |                  5.14 |                    5.00 |     31 |     4.9894 |
|        1 |         85 |           648.40 |       631.30 |       644.58 |                  8.45 |                    5.00 |     31 |     5.0321 |
|        1 |         86 |           648.40 |       631.30 |       644.58 |                  8.09 |                    5.00 |     31 |     5.0714 |
|        1 |         87 |           648.40 |       631.30 |       644.58 |                  6.41 |                    5.00 |     31 |     5.1049 |
|        1 |         88 |           648.40 |       631.30 |       648.40 |                  5.00 |                    5.00 |     31 |     5.1452 |
|        1 |         89 |           648.40 |       631.30 |       648.40 |                  5.00 |                    5.00 |     31 |     5.1828 |
|        1 |         90 |           648.40 |       631.30 |       648.40 |                  5.00 |                    5.00 |     31 |     5.2310 |
|        1 |         91 |           648.40 |       631.30 |       648.40 |                  5.00 |                    5.00 |     31 |     5.2542 |
|        1 |         92 |           648.40 |       631.30 |       648.40 |                  5.00 |                    5.00 |     31 |     5.2839 |
|        1 |         93 |           648.40 |       631.30 |       661.60 |                  6.10 |                    5.00 |     31 |     5.3248 |
|        1 |         94 |           648.40 |       631.30 |       661.60 |                  5.00 |                    5.00 |     31 |     5.3563 |
|        1 |         95 |           648.40 |       631.30 |       661.60 |                  5.00 |                    5.00 |     31 |     5.3853 |
|        1 |         96 |           648.40 |       631.30 |       648.40 |                  5.00 |                    5.00 |     31 |     5.4326 |
|        1 |         97 |           648.40 |       631.30 |       655.90 |                  5.00 |                    5.00 |     33 |     5.4765 |
|        1 |         98 |           648.40 |       631.30 |       655.90 |                  5.00 |                    5.00 |     33 |     5.5169 |
|        1 |         99 |           648.40 |       631.30 |       652.91 |                  5.36 |                    5.00 |     33 |     5.5724 |
|        1 |        100 |           648.40 |       631.30 |       653.71 |                  7.74 |                    5.00 |     33 |     5.6135 |
|        1 |        101 |           648.40 |       631.30 |       660.75 |                  7.80 |                    5.00 |     33 |     5.6426 |
|        1 |        102 |           648.40 |       631.30 |       648.40 |                  5.81 |                    5.00 |     33 |     5.7146 |
|        1 |        103 |           648.40 |       631.30 |       648.40 |                  5.00 |                    5.00 |     33 |     5.7523 |
|        1 |        104 |           648.40 |       631.30 |       648.40 |                  5.00 |                    5.00 |     33 |     5.7982 |
|        1 |        105 |           648.40 |       631.30 |       648.40 |                  5.00 |                    5.00 |     33 |     5.8285 |
|        1 |        106 |           648.40 |       631.30 |       648.40 |                  5.00 |                    5.00 |     33 |     5.8617 |
|        1 |        107 |           648.40 |       631.30 |       648.40 |                  5.00 |                    5.00 |     33 |     5.8966 |
|        1 |        108 |           648.40 |       631.30 |       648.40 |                  5.00 |                    5.00 |     33 |     5.9478 |
|        1 |        109 |           648.40 |       631.30 |       648.40 |                  5.00 |                    5.00 |     33 |     5.9776 |
|        1 |        110 |           648.40 |       631.30 |       648.40 |                  5.00 |                    5.00 |     33 |     6.0229 |
|        1 |        111 |           648.40 |       631.30 |       648.40 |                  5.00 |                    5.00 |     33 |     6.0637 |
|        1 |        112 |           648.40 |       631.30 |       648.40 |                  5.00 |                    5.00 |     33 |     6.1054 |
|        1 |        113 |           648.40 |       631.30 |       643.27 |                  7.59 |                    5.00 |     33 |     6.1638 |
|        1 |        114 |           648.40 |       631.30 |       659.89 |                  5.00 |                    5.00 |     34 |     6.2124 |
|        1 |        115 |           648.40 |       631.30 |       648.40 |                  6.54 |                    5.00 |     34 |     6.2538 |
|        1 |        116 |           648.40 |       631.30 |       661.60 |                  5.00 |                    5.00 |     34 |     6.3008 |
|        1 |        117 |           648.40 |       631.30 |       661.60 |                  5.00 |                    5.00 |     34 |     6.3383 |
|        1 |        118 |           648.40 |       631.30 |       631.50 |                  5.00 |                    5.00 |     34 |     6.3920 |
|        1 |        119 |           648.40 |       631.30 |       642.22 |                  9.64 |                    5.00 |     34 |     6.4920 |
|        1 |        120 |           648.40 |       631.30 |       648.40 |                  5.00 |                    5.00 |     34 |     6.5917 |
|        1 |        121 |           648.40 |       631.30 |       648.40 |                  5.00 |                    5.00 |     34 |     6.6206 |
|        1 |        122 |           648.40 |       631.30 |       632.57 |                  6.93 |                    5.00 |     34 |     6.7083 |
|        1 |        123 |           648.40 |       631.30 |       637.40 |                  6.51 |                    5.00 |     34 |     6.7514 |
|        1 |        124 |           648.40 |       631.30 |       667.70 |                  5.00 |                    5.00 |     36 |     6.8003 |
|        1 |        125 |           648.40 |       631.30 |       635.43 |                  5.00 |                    5.00 |     36 |     6.9039 |
|        1 |        126 |           648.40 |       631.30 |       634.38 |                  6.65 |                    5.00 |     36 |     6.9844 |
|        1 |        127 |           648.40 |       631.30 |       634.59 |                  6.76 |                    5.00 |     36 |     7.0180 |
|        1 |        128 |           648.40 |       631.30 |       634.16 |                  5.00 |                    5.00 |     36 |     7.0652 |
|        1 |        129 |           648.40 |       631.30 |       648.40 |                  5.00 |                    5.00 |     36 |     7.1196 |
|        1 |        130 |           648.40 |       631.30 |       648.40 |                  5.00 |                    5.00 |     36 |     7.1647 |
|        1 |        131 |           648.40 |       631.30 |       661.60 |                  5.00 |                    5.00 |     36 |     7.2319 |
|        1 |        132 |           648.40 |       631.30 |       661.60 |                  5.00 |                    5.00 |     36 |     7.2594 |
|        1 |        133 |           648.40 |       631.30 |       661.60 |                  5.00 |                    5.00 |     36 |     7.2966 |
|        1 |        134 |           648.40 |       631.30 |       661.60 |                  5.00 |                    5.00 |     36 |     7.3395 |
|        1 |        135 |           648.40 |       631.30 |       648.40 |                  5.00 |                    5.00 |     36 |     7.3879 |
|        1 |        136 |           648.40 |       631.30 |       648.40 |                  5.00 |                    5.00 |     36 |     7.4414 |
|        1 |        137 |           648.40 |       631.30 |       648.40 |                  5.92 |                    5.00 |     36 |     7.4836 |
|        1 |        138 |           648.40 |       631.30 |       648.40 |                  5.46 |                    5.00 |     36 |     7.5355 |
|        1 |        139 |           648.40 |       631.30 |       648.40 |                  5.00 |                    5.00 |     36 |     7.5816 |
|        1 |        140 |           648.40 |       631.30 |       648.40 |                  5.00 |                    5.00 |     36 |     7.6265 |
|        1 |        141 |           648.40 |       631.30 |       648.40 |                  5.00 |                    5.00 |     36 |     7.6925 |
|        1 |        142 |           648.40 |       631.30 |       673.90 |                  6.67 |                    5.00 |     37 |     7.7736 |
|        1 |        143 |           648.40 |       631.30 |       666.07 |                  5.00 |                    5.00 |     38 |     7.9244 |
|        1 |        144 |           648.40 |       631.30 |       648.40 |                  5.02 |                    5.00 |     38 |     8.0582 |
|        1 |        145 |           648.40 |       631.30 |       648.40 |                  5.26 |                    5.00 |     38 |     8.1196 |
|        1 |        146 |           648.40 |       631.30 |       652.91 |                  5.00 |                    5.00 |     38 |     8.1658 |
|        1 |        147 |           648.40 |       631.30 |       715.80 |                  5.00 |                    5.00 |     42 |     8.2257 |
|        1 |        148 |           648.40 |       631.30 |       718.40 |                  5.00 |                    5.00 |     43 |     8.2877 |
|        1 |        149 |           648.40 |       631.30 |       681.88 |                  6.93 |                    5.00 |     43 |     8.3943 |
|        1 |        150 |           648.40 |       631.30 |       656.00 |                  6.10 |                    5.00 |     44 |     8.5216 |
|        1 |        151 |           648.40 |       631.30 |       660.59 |                  5.72 |                    5.00 |     46 |     8.5758 |
|        1 |        152 |           648.40 |       631.30 |       664.85 |                  7.55 |                    5.00 |     48 |     8.6154 |
|        1 |        153 |           648.40 |       631.30 |       664.85 |                  5.63 |                    5.00 |     48 |     8.6505 |
|        1 |        154 |           648.40 |       631.30 |       656.18 |                  5.00 |                    5.00 |     48 |     8.7210 |
|        1 |        155 |           648.40 |       631.30 |       656.30 |                  7.01 |                    5.00 |     48 |     8.7557 |
|        1 |        156 |           648.40 |       631.30 |       633.84 |                  8.88 |                    5.00 |     48 |     8.7992 |
|        1 |        157 |           648.40 |       631.30 |       633.84 |                  7.71 |                    5.00 |     48 |     8.8218 |
|        1 |        158 |           648.40 |       631.30 |       637.51 |                 11.58 |                    5.00 |     48 |     8.8654 |
|        1 |        159 |           648.40 |       631.30 |       643.78 |                 11.91 |                    5.00 |     48 |     8.8936 |
|        1 |        160 |           648.40 |       631.30 |       648.40 |                  5.00 |                    5.00 |     48 |     8.9632 |
|        1 |        161 |           648.40 |       631.30 |       648.40 |                  5.00 |                    5.00 |     48 |     8.9987 |
|        1 |        162 |           648.40 |       631.30 |       643.54 |                  5.91 |                    5.00 |     48 |     9.0736 |
|        1 |        163 |           648.40 |       631.30 |       646.66 |                  6.59 |                    5.00 |     50 |     9.2091 |
|        1 |        164 |           648.40 |       631.30 |       653.60 |                  5.26 |                    5.00 |     50 |     9.2827 |
|        1 |        165 |           648.40 |       631.30 |       653.60 |                  5.00 |                    5.00 |     50 |     9.3335 |
|        1 |        166 |           648.40 |       631.30 |       653.60 |                  5.00 |                    5.00 |     50 |     9.3619 |
|        1 |        167 |           648.40 |       631.30 |       653.60 |                  5.00 |                    5.00 |     50 |     9.4037 |
|        1 |        168 |           648.40 |       631.30 |       653.60 |                  5.00 |                    5.00 |     50 |     9.4528 |
|        1 |        169 |           648.40 |       631.30 |       653.60 |                  5.00 |                    5.00 |     50 |     9.4920 |
|        1 |        170 |           648.40 |       631.30 |       648.40 |                  5.00 |                    5.00 |     50 |     9.5788 |
|        1 |        171 |           648.40 |       631.30 |       648.40 |                  5.00 |                    5.00 |     50 |     9.6213 |
|        1 |        172 |           648.40 |       631.30 |       648.40 |                  5.00 |                    5.00 |     50 |     9.6572 |
|        1 |        173 |           648.40 |       631.30 |       648.40 |                  5.00 |                    5.00 |     50 |     9.7192 |
|        1 |        174 |           648.40 |       631.30 |       661.60 |                  5.00 |                    5.00 |     50 |     9.7611 |
|        1 |        175 |           648.40 |       631.30 |       661.60 |                  5.00 |                    5.00 |     50 |     9.8176 |
|        1 |        176 |           648.40 |       631.30 |       661.60 |                  5.00 |                    5.00 |     50 |     9.8476 |
|        1 |        177 |           648.40 |       631.30 |       661.60 |                  5.00 |                    5.00 |     50 |     9.8862 |
|        1 |        178 |           648.40 |       631.30 |       661.60 |                  5.47 |                    5.00 |     50 |     9.9246 |
|        1 |        179 |           648.40 |       631.30 |       661.60 |                  5.80 |                    5.00 |     50 |     9.9649 |
|        1 |        180 |           648.40 |       631.30 |       661.60 |                  5.00 |                    5.00 |     50 |    10.0160 |
|        1 |        181 |           648.40 |       631.30 |       648.40 |                  5.00 |                    5.00 |     50 |    10.0865 |
|        1 |        182 |           648.40 |       631.30 |       648.40 |                  5.00 |                    5.00 |     50 |    10.1177 |
|        1 |        183 |           648.40 |       631.30 |       648.40 |                  5.00 |                    5.00 |     50 |    10.1473 |
|        1 |        184 |           648.40 |       631.30 |       648.40 |                  5.00 |                    5.00 |     50 |    10.1913 |
|        1 |        185 |           648.40 |       631.30 |       648.40 |                  5.00 |                    5.00 |     50 |    10.2291 |
|        1 |        186 |           648.40 |       631.30 |       648.40 |                  5.24 |                    5.00 |     50 |    10.2741 |
|        1 |        187 |           648.40 |       631.30 |       648.40 |                  5.31 |                    5.00 |     50 |    10.3282 |
|        1 |        188 |           648.40 |       631.30 |       648.40 |                  5.00 |                    5.00 |     50 |    10.3754 |
|        1 |        189 |           648.40 |       631.30 |       648.40 |                  5.00 |                    5.00 |     50 |    10.4157 |
|        1 |        190 |           648.40 |       631.30 |       631.81 |                  7.73 |                    5.00 |     50 |    10.4971 |
|        1 |        191 |           648.40 |       631.30 |       637.72 |                  6.64 |                    5.00 |     50 |    10.5354 |
|        1 |        192 |           648.40 |       631.30 |       636.11 |                 11.36 |                    5.00 |     50 |    10.5792 |
|        1 |        193 |           648.40 |       631.30 |       643.11 |                  7.59 |                    5.00 |     50 |    10.6211 |
|        1 |        194 |           648.40 |       631.30 |       631.50 |                  5.00 |                    5.00 |     50 |    10.7275 |
|        1 |        195 |           648.40 |       631.30 |       631.50 |                  7.08 |                    5.00 |     50 |    10.7506 |
|        1 |        196 |           648.40 |       631.30 |       631.50 |                  8.46 |                    5.00 |     50 |    10.7774 |
|        1 |        197 |           648.40 |       631.30 |       633.07 |                  5.93 |                    5.00 |     50 |    10.8617 |
|        1 |        198 |           648.40 |       631.30 |       633.73 |                 10.01 |                    5.00 |     50 |    10.9543 |
|        1 |        199 |           648.40 |       631.30 |       648.40 |                  6.43 |                    5.00 |     50 |    10.9881 |
|        1 |        200 |           648.40 |       631.30 |       648.40 |                  5.00 |                    5.00 |     50 |    11.0172 |
|        1 |        201 |           648.40 |       631.30 |       675.20 |                  5.00 |                    5.00 |     50 |    11.0768 |
|        1 |        202 |           648.40 |       631.30 |       675.20 |                  5.00 |                    5.00 |     50 |    11.1170 |
|        1 |        203 |           648.40 |       631.30 |       675.20 |                  5.00 |                    5.00 |     50 |    11.1590 |
|        1 |        204 |           648.40 |       631.30 |       664.10 |                  7.08 |                    5.00 |     50 |    11.1972 |
|        1 |        205 |           648.40 |       631.30 |       664.10 |                  8.54 |                    5.00 |     50 |    11.2280 |
|        1 |        206 |           648.40 |       631.30 |       673.82 |                  6.70 |                    5.00 |     50 |    11.2717 |
|        1 |        207 |           648.40 |       631.30 |       633.29 |                  5.47 |                    5.00 |     50 |    11.3164 |
|        1 |        208 |           648.40 |       631.30 |       632.68 |                  7.90 |                    5.00 |     50 |    11.3457 |
|        1 |        209 |           648.40 |       631.30 |       632.68 |                  5.00 |                    5.00 |     50 |    11.4066 |
|        1 |        210 |           648.40 |       631.30 |       648.40 |                  5.00 |                    5.00 |     50 |    11.5140 |
|        1 |        211 |           648.40 |       631.30 |       652.20 |                  6.10 |                    5.00 |     50 |    11.5525 |
|        1 |        212 |           648.40 |       631.30 |       652.20 |                  5.00 |                    5.00 |     50 |    11.5947 |
|        1 |        213 |           648.40 |       631.30 |       652.20 |                  5.00 |                    5.00 |     50 |    11.6493 |
|        1 |        214 |           648.40 |       631.30 |       652.20 |                  6.28 |                    5.00 |     50 |    11.6857 |
|        1 |        215 |           648.40 |       631.30 |       648.40 |                  5.00 |                    5.00 |     50 |    11.7425 |
|        1 |        216 |           648.40 |       631.30 |       648.40 |                  5.00 |                    5.00 |     50 |    11.7878 |
|        1 |        217 |           648.40 |       631.30 |       648.40 |                  5.00 |                    5.00 |     50 |    11.8384 |
|        1 |        218 |           648.40 |       631.30 |       648.40 |                  5.00 |                    5.00 |     50 |    11.8866 |
|        1 |        219 |           648.40 |       631.30 |       648.40 |                  5.00 |                    5.00 |     50 |    11.9129 |
|        1 |        220 |           648.40 |       631.30 |       661.60 |                  5.00 |                    5.00 |     50 |    11.9619 |
|        1 |        221 |           648.40 |       631.30 |       661.60 |                  5.00 |                    5.00 |     50 |    12.0037 |
|        1 |        222 |           648.40 |       631.30 |       661.60 |                  5.00 |                    5.00 |     50 |    12.0465 |
|        1 |        223 |           648.40 |       631.30 |       648.40 |                  5.00 |                    5.00 |     50 |    12.1005 |
|        1 |        224 |           648.40 |       631.30 |       648.40 |                  5.26 |                    5.00 |     50 |    12.1441 |
|        1 |        225 |           648.40 |       631.30 |       648.40 |                  5.00 |                    5.00 |     50 |    12.1855 |
|        1 |        226 |           648.40 |       631.30 |       648.40 |                  5.00 |                    5.00 |     50 |    12.2215 |
|        1 |        227 |           648.40 |       631.30 |       648.40 |                  5.31 |                    5.00 |     50 |    12.2588 |
|        1 |        228 |           648.40 |       631.30 |       648.40 |                  5.00 |                    5.00 |     50 |    12.3115 |
|        1 |        229 |           648.40 |       631.30 |       648.40 |                  5.98 |                    5.00 |     50 |    12.3498 |
|        1 |        230 |           648.40 |       631.30 |       648.40 |                  5.00 |                    5.00 |     50 |    12.3811 |
|        1 |        231 |           648.40 |       631.30 |       652.45 |                  7.67 |                    5.00 |     50 |    12.4295 |
|        1 |        232 |           648.40 |       631.30 |       648.40 |                  5.00 |                    5.00 |     50 |    12.4690 |
|        1 |        233 |           648.40 |       631.30 |       648.40 |                  5.00 |                    5.00 |     50 |    12.4996 |
|        1 |        234 |           648.40 |       631.30 |       648.40 |                  5.00 |                    5.00 |     50 |    12.5254 |
|        1 |        235 |           648.40 |       631.30 |       648.40 |                  5.00 |                    5.00 |     50 |    12.5568 |
|        1 |        236 |           648.40 |       631.30 |       648.40 |                  5.00 |                    5.00 |     50 |    12.5904 |
|        1 |        237 |           648.40 |       631.30 |       682.10 |                  5.00 |                    5.00 |     52 |    12.6376 |
|        1 |        238 |           648.40 |       631.30 |       661.60 |                  5.00 |                    5.00 |     52 |    12.6993 |
|        1 |        239 |           648.40 |       631.30 |       631.50 |                  7.44 |                    5.00 |     52 |    12.7574 |
|        1 |        240 |           648.40 |       631.30 |       636.94 |                 10.11 |                    5.00 |     52 |    12.8105 |
|        1 |        241 |           648.40 |       631.30 |       642.56 |                  9.60 |                    5.00 |     52 |    12.8375 |
|        1 |        242 |           648.40 |       631.30 |       640.50 |                  7.69 |                    5.00 |     52 |    12.8668 |
|        1 |        243 |           648.40 |       631.30 |       636.67 |                  5.00 |                    5.00 |     52 |    12.9071 |
|        1 |        244 |           648.40 |       631.30 |       632.46 |                  7.29 |                    5.00 |     52 |    12.9514 |
|        1 |        245 |           648.40 |       631.30 |       633.69 |                  7.24 |                    5.00 |     52 |    13.0416 |
|        1 |        246 |           648.40 |       631.30 |       648.40 |                  5.00 |                    5.00 |     52 |    13.0907 |
|        1 |        247 |           648.40 |       631.30 |       648.40 |                  5.00 |                    5.00 |     52 |    13.1272 |
|        1 |        248 |           648.40 |       631.30 |       648.40 |                  5.00 |                    5.00 |     52 |    13.1687 |
|        1 |        249 |           648.40 |       631.30 |       648.40 |                  5.00 |                    5.00 |     52 |    13.2107 |
|        1 |        250 |           648.40 |       631.30 |       648.40 |                  5.26 |                    5.00 |     52 |    13.2337 |
|        1 |        251 |           648.40 |       631.30 |       648.40 |                  5.00 |                    5.00 |     52 |    13.2710 |
|        1 |        252 |           648.40 |       631.30 |       661.60 |                  5.00 |                    5.00 |     52 |    13.3110 |
|        1 |        253 |           648.40 |       631.30 |       661.60 |                  5.00 |                    5.00 |     52 |    13.3297 |
|        1 |        254 |           648.40 |       631.30 |       652.30 |                  6.80 |                    5.00 |     52 |    13.3849 |
|        1 |        255 |           648.40 |       631.30 |       648.40 |                  5.33 |                    5.00 |     52 |    13.4301 |
|        1 |        256 |           648.40 |       631.30 |       648.40 |                  5.00 |                    5.00 |     52 |    13.4699 |
|        1 |        257 |           648.40 |       631.30 |       648.40 |                  5.80 |                    5.00 |     52 |    13.5344 |
|        1 |        258 |           648.40 |       631.30 |       648.40 |                  5.00 |                    5.00 |     52 |    13.5584 |
|        1 |        259 |           648.40 |       631.30 |       648.40 |                  5.00 |                    5.00 |     52 |    13.5990 |
|        1 |        260 |           648.40 |       631.30 |       648.40 |                  5.00 |                    5.00 |     52 |    13.6515 |
|        1 |        261 |           648.40 |       631.30 |       648.40 |                  5.00 |                    5.00 |     52 |    13.7024 |
|        1 |        262 |           648.40 |       631.30 |       648.40 |                  5.00 |                    5.00 |     52 |    13.7526 |
|        1 |        263 |           648.40 |       631.30 |       648.40 |                  5.00 |                    5.00 |     52 |    13.7965 |
|        1 |        264 |           648.40 |       631.30 |       648.40 |                  5.00 |                    5.00 |     52 |    13.8545 |
|        1 |        265 |           648.40 |       631.30 |       648.40 |                  5.00 |                    5.00 |     52 |    13.8945 |
|        1 |        266 |           648.40 |       631.30 |       661.60 |                  5.00 |                    5.00 |     52 |    13.9397 |
|        1 |        267 |           648.40 |       631.30 |       648.40 |                  5.00 |                    5.00 |     52 |    14.0281 |
|        1 |        268 |           648.40 |       631.30 |       648.40 |                  6.22 |                    5.00 |     52 |    14.0912 |
|        1 |        269 |           648.40 |       631.30 |       648.40 |                  5.00 |                    5.00 |     52 |    14.1428 |
|        1 |        270 |           648.40 |       631.30 |       648.40 |                  5.00 |                    5.00 |     52 |    14.1709 |
|        1 |        271 |           648.40 |       631.30 |       679.80 |                  5.00 |                    5.00 |     52 |    14.2105 |
|        1 |        272 |           648.40 |       631.30 |       648.40 |                  5.00 |                    5.00 |     52 |    14.2677 |
|        1 |        273 |           648.40 |       631.30 |       648.40 |                  5.00 |                    5.00 |     52 |    14.3397 |
|        1 |        274 |           648.40 |       631.30 |       648.40 |                  5.00 |                    5.00 |     52 |    14.3821 |
|        1 |        275 |           648.40 |       631.30 |       648.40 |                  6.04 |                    5.00 |     52 |    14.4121 |
|        1 |        276 |           648.40 |       631.30 |       648.40 |                  5.00 |                    5.00 |     52 |    14.4421 |
|        1 |        277 |           648.40 |       631.30 |       648.40 |                  5.00 |                    5.00 |     52 |    14.4909 |
|        1 |        278 |           648.40 |       631.30 |       648.40 |                  5.56 |                    5.00 |     52 |    14.5461 |
|        1 |        279 |           648.40 |       631.30 |       648.40 |                  5.00 |                    5.00 |     52 |    14.5785 |
|        1 |        280 |           648.40 |       631.30 |       648.40 |                  5.04 |                    5.00 |     52 |    14.6294 |
|        1 |        281 |           648.40 |       631.30 |       648.40 |                  5.00 |                    5.00 |     52 |    14.6576 |
|        1 |        282 |           648.40 |       631.30 |       648.40 |                  5.00 |                    5.00 |     52 |    14.7011 |
|        1 |        283 |           648.40 |       631.30 |       648.40 |                  5.00 |                    5.00 |     52 |    14.7251 |
|        1 |        284 |           648.40 |       631.30 |       635.35 |                 10.55 |                    5.00 |     52 |    14.8166 |
|        1 |        285 |           648.40 |       631.30 |       657.07 |                 11.95 |                    5.00 |     53 |    14.8866 |
|        1 |        286 |           648.40 |       631.30 |       648.53 |                  5.00 |                    5.00 |     54 |    14.9968 |
|        1 |        287 |           648.40 |       631.30 |       641.60 |                  8.22 |                    5.00 |     54 |    15.0347 |
|        1 |        288 |           648.40 |       631.30 |       652.20 |                  5.00 |                    5.00 |     54 |    15.1013 |
|        1 |        289 |           648.40 |       631.30 |       648.40 |                  5.00 |                    5.00 |     54 |    15.1394 |
|        1 |        290 |           648.40 |       631.30 |       645.19 |                  8.98 |                    5.00 |     54 |    15.2004 |
|        1 |        291 |           648.40 |       631.30 |       645.19 |                  9.24 |                    5.00 |     54 |    15.2291 |
|        1 |        292 |           648.40 |       631.30 |       645.19 |                  8.26 |                    5.00 |     54 |    15.2574 |
|        1 |        293 |           648.40 |       631.30 |       673.70 |                 11.57 |                    5.00 |     54 |    15.2937 |
|        1 |        294 |           648.40 |       631.30 |       648.40 |                  5.00 |                    5.00 |     54 |    15.3675 |
|        1 |        295 |           648.40 |       631.30 |       631.30 |                  7.15 |                    5.00 |     54 |    15.4356 |
|        1 |        296 |           648.40 |       631.30 |       636.03 |                 12.11 |                    5.00 |     54 |    15.4787 |
|        1 |        297 |           648.40 |       631.30 |       652.20 |                  6.49 |                    5.00 |     54 |    15.5230 |
|        1 |        298 |           648.40 |       631.30 |       631.91 |                  5.00 |                    5.00 |     54 |    15.6179 |
|        1 |        299 |           648.40 |       631.30 |       648.40 |                  5.46 |                    5.00 |     54 |    15.6829 |
|        1 |        300 |           648.40 |       631.30 |       648.40 |                  5.00 |                    5.00 |     54 |    15.7201 |
|        1 |        301 |           648.40 |       631.30 |       648.40 |                  5.00 |                    5.00 |     54 |    15.7586 |
|        1 |        302 |           648.40 |       631.30 |       661.60 |                  5.00 |                    5.00 |     54 |    15.8155 |
|        1 |        303 |           648.40 |       631.30 |       661.60 |                  5.00 |                    5.00 |     54 |    15.8540 |
|        1 |        304 |           648.40 |       631.30 |       661.60 |                  5.31 |                    5.00 |     54 |    15.9060 |
|        1 |        305 |           648.40 |       631.30 |       661.60 |                  5.00 |                    5.00 |     54 |    15.9395 |
|        1 |        306 |           648.40 |       631.30 |       648.40 |                  5.00 |                    5.00 |     54 |    16.0069 |
|        1 |        307 |           648.40 |       631.30 |       635.45 |                  7.59 |                    5.00 |     54 |    16.0857 |
|        1 |        308 |           648.40 |       631.30 |       648.55 |                  9.82 |                    5.00 |     54 |    16.1343 |
|        1 |        309 |           648.40 |       631.30 |       643.65 |                  8.09 |                    5.00 |     54 |    16.1888 |
|        1 |        310 |           648.40 |       631.30 |       633.87 |                  9.08 |                    5.00 |     54 |    16.2641 |
|        1 |        311 |           648.40 |       631.30 |       639.45 |                  6.90 |                    5.00 |     54 |    16.3187 |
|        1 |        312 |           648.40 |       631.30 |       635.11 |                  7.61 |                    5.00 |     54 |    16.3587 |
|        1 |        313 |           648.40 |       631.30 |       636.52 |                  6.40 |                    5.00 |     54 |    16.3939 |
|        1 |        314 |           648.40 |       631.30 |       635.30 |                 10.63 |                    5.00 |     54 |    16.4431 |
|        1 |        315 |           648.40 |       631.30 |       652.20 |                  6.17 |                    5.00 |     54 |    16.5086 |
|        1 |        316 |           648.40 |       631.30 |       652.20 |                  5.00 |                    5.00 |     54 |    16.5402 |
|        1 |        317 |           648.40 |       631.30 |       652.20 |                  5.00 |                    5.00 |     54 |    16.5724 |
|        1 |        318 |           648.40 |       631.30 |       652.20 |                  5.00 |                    5.00 |     54 |    16.6344 |
|        1 |        319 |           648.40 |       631.30 |       652.20 |                  5.00 |                    5.00 |     54 |    16.6588 |
|        1 |        320 |           648.40 |       631.30 |       652.20 |                  5.00 |                    5.00 |     54 |    16.7237 |
|        1 |        321 |           648.40 |       631.30 |       652.20 |                  5.00 |                    5.00 |     54 |    16.7771 |
|        1 |        322 |           648.40 |       631.30 |       631.30 |                  6.09 |                    5.00 |     54 |    16.8628 |
|        1 |        323 |           648.40 |       631.30 |       634.36 |                  9.91 |                    5.00 |     54 |    16.9221 |
|        1 |        324 |           648.40 |       631.30 |       651.72 |                  9.68 |                    5.00 |     54 |    16.9817 |
|        1 |        325 |           648.40 |       631.30 |       654.25 |                  6.03 |                    5.00 |     54 |    17.0409 |
|        1 |        326 |           648.40 |       631.30 |       647.69 |                  5.00 |                    5.00 |     54 |    17.1076 |
|        1 |        327 |           648.40 |       631.30 |       644.50 |                  5.98 |                    5.00 |     54 |    17.1670 |
|        1 |        328 |           648.40 |       631.30 |       635.45 |                  7.82 |                    5.00 |     54 |    17.2745 |
|        1 |        329 |           648.40 |       631.30 |       664.76 |                  6.24 |                    5.00 |     54 |    17.3669 |
|        1 |        330 |           648.40 |       631.30 |       653.60 |                  5.00 |                    5.00 |     54 |    17.4556 |
|        1 |        331 |           648.40 |       631.30 |       653.60 |                  5.00 |                    5.00 |     54 |    17.5121 |
|        1 |        332 |           648.40 |       631.30 |       653.60 |                  5.00 |                    5.00 |     54 |    17.5477 |
|        1 |        333 |           648.40 |       631.30 |       653.60 |                  5.00 |                    5.00 |     54 |    17.5706 |
|        1 |        334 |           648.40 |       631.30 |       648.40 |                  5.00 |                    5.00 |     54 |    17.6417 |
|        1 |        335 |           648.40 |       631.30 |       648.40 |                  5.00 |                    5.00 |     54 |    17.6758 |
|        1 |        336 |           648.40 |       631.30 |       648.40 |                  5.00 |                    5.00 |     54 |    17.7207 |
|        1 |        337 |           648.40 |       631.30 |       661.20 |                  5.00 |                    5.00 |     55 |    17.7577 |
|        1 |        338 |           648.40 |       631.30 |       661.20 |                  5.00 |                    5.00 |     55 |    17.7990 |
|        1 |        339 |           648.40 |       631.30 |       661.20 |                  5.00 |                    5.00 |     55 |    17.8682 |
|        1 |        340 |           648.40 |       631.30 |       661.20 |                  5.00 |                    5.00 |     55 |    17.9119 |
|        1 |        341 |           648.40 |       631.30 |       674.40 |                  5.00 |                    5.00 |     55 |    17.9463 |
|        1 |        342 |           648.40 |       631.30 |       674.40 |                  5.00 |                    5.00 |     55 |    17.9859 |
|        1 |        343 |           648.40 |       631.30 |       674.40 |                  5.00 |                    5.00 |     55 |    18.0454 |
|        1 |        344 |           648.40 |       631.30 |       674.40 |                  5.00 |                    5.00 |     55 |    18.0776 |
|        1 |        345 |           648.40 |       631.30 |       674.40 |                  6.22 |                    5.00 |     55 |    18.1143 |
|        1 |        346 |           648.40 |       631.30 |       649.27 |                  5.95 |                    5.00 |     55 |    18.2228 |
|        1 |        347 |           648.40 |       631.30 |       632.80 |                  5.00 |                    5.00 |     55 |    18.3444 |
|        1 |        348 |           648.40 |       631.30 |       631.30 |                  5.26 |                    5.00 |     55 |    18.3902 |
|        1 |        349 |           648.40 |       631.30 |       631.81 |                  7.08 |                    5.00 |     55 |    18.4199 |
|        1 |        350 |           648.40 |       631.30 |       631.81 |                 10.44 |                    5.00 |     55 |    18.4569 |
|        1 |        351 |           648.40 |       631.30 |       631.81 |                  9.52 |                    5.00 |     55 |    18.4876 |
|        1 |        352 |           648.40 |       631.30 |       640.14 |                 12.56 |                    5.00 |     55 |    18.5295 |
|        1 |        353 |           648.40 |       631.30 |       648.40 |                  6.73 |                    5.00 |     55 |    18.5785 |
|        1 |        354 |           648.40 |       631.30 |       648.40 |                  5.00 |                    5.00 |     55 |    18.6697 |
|        1 |        355 |           648.40 |       631.30 |       648.40 |                  5.00 |                    5.00 |     55 |    18.7088 |
|        1 |        356 |           648.40 |       631.30 |       648.40 |                  5.00 |                    5.00 |     55 |    18.7667 |
|        1 |        357 |           648.40 |       631.30 |       648.40 |                  5.00 |                    5.00 |     55 |    18.8061 |
|        1 |        358 |           648.40 |       631.30 |       668.00 |                  5.00 |                    5.00 |     56 |    18.8578 |
|        1 |        359 |           648.40 |       631.30 |       668.00 |                  5.00 |                    5.00 |     56 |    18.9051 |
|        1 |        360 |           648.40 |       631.30 |       643.14 |                  7.57 |                    5.00 |     56 |    18.9926 |
|        1 |        361 |           648.40 |       631.30 |       637.36 |                 11.96 |                    5.00 |     56 |    19.0241 |
|        1 |        362 |           648.40 |       631.30 |       643.78 |                  8.47 |                    5.00 |     56 |    19.0890 |
|        1 |        363 |           648.40 |       631.30 |       638.59 |                  9.71 |                    5.00 |     56 |    19.1371 |
|        1 |        364 |           648.40 |       631.30 |       638.59 |                  9.51 |                    5.00 |     56 |    19.1638 |
|        1 |        365 |           648.40 |       631.30 |       638.59 |                 11.48 |                    5.00 |     56 |    19.1889 |
|        1 |        366 |           648.40 |       631.30 |       643.80 |                  7.83 |                    5.00 |     56 |    19.2325 |
|        1 |        367 |           648.40 |       631.30 |       637.43 |                 10.55 |                    5.00 |     56 |    19.2661 |
|        1 |        368 |           648.40 |       631.30 |       642.39 |                  7.94 |                    5.00 |     56 |    19.3164 |
|        1 |        369 |           648.40 |       631.30 |       636.56 |                  7.39 |                    5.00 |     56 |    19.3548 |
|        1 |        370 |           648.40 |       631.30 |       636.07 |                 10.99 |                    5.00 |     56 |    19.3962 |
|        1 |        371 |           648.40 |       631.30 |       643.50 |                 12.11 |                    5.00 |     56 |    19.4363 |
|        1 |        372 |           648.40 |       631.30 |       641.72 |                  8.25 |                    5.00 |     56 |    19.4950 |
|        1 |        373 |           648.40 |       631.30 |       640.84 |                 12.02 |                    5.00 |     56 |    19.5514 |
|        1 |        374 |           648.40 |       631.30 |       656.50 |                  6.32 |                    5.00 |     56 |    19.6017 |
|        1 |        375 |           648.40 |       631.30 |       636.41 |                  6.30 |                    5.00 |     56 |    19.6507 |
|        1 |        376 |           648.40 |       631.30 |       634.27 |                  5.24 |                    5.00 |     56 |    19.7009 |
|        1 |        377 |           648.40 |       631.30 |       631.78 |                  5.66 |                    5.00 |     56 |    19.7424 |
|        1 |        378 |           648.40 |       631.30 |       652.20 |                  5.00 |                    5.00 |     56 |    19.7874 |
|        1 |        379 |           648.40 |       631.30 |       652.20 |                  5.00 |                    5.00 |     56 |    19.8218 |
|        1 |        380 |           648.40 |       631.30 |       631.71 |                  5.00 |                    5.00 |     56 |    19.8808 |
|        1 |        381 |           648.40 |       631.30 |       631.30 |                  5.00 |                    5.00 |     56 |    19.9425 |
------------------------------------------------------------------------------------------------------------------------------------------------
|  Restart |  Iteration |  Best Feas. Cost |    Best Cost |   Curr. Cost |   Penalty Custom Res. |   Penalty Standard Res. |   Pool |   Time (s) |
------------------------------------------------------------------------------------------------------------------------------------------------
|        1 |        382 |           648.40 |       631.30 |       640.68 |                  7.65 |                    5.00 |     56 |    20.0043 |
|        1 |        383 |           648.40 |       631.30 |       647.01 |                  5.06 |                    5.00 |     56 |    20.0628 |
|        1 |        384 |           648.40 |       631.30 |       632.37 |                  6.41 |                    5.00 |     56 |    20.1133 |
|        1 |        385 |           648.40 |       631.30 |       634.11 |                  5.34 |                    5.00 |     56 |    20.1763 |
|        1 |        386 |           648.40 |       631.30 |       632.06 |                  7.85 |                    5.00 |     56 |    20.2371 |
|        1 |        387 |           648.40 |       631.30 |       637.16 |                 11.01 |                    5.00 |     56 |    20.2624 |
|        1 |        388 |           648.40 |       631.30 |       643.99 |                  7.58 |                    5.00 |     56 |    20.3143 |
|        1 |        389 |           648.40 |       631.30 |       648.40 |                  5.00 |                    5.00 |     56 |    20.3597 |
|        1 |        390 |           648.40 |       631.30 |       648.40 |                  5.00 |                    5.00 |     56 |    20.3963 |
|        1 |        391 |           648.40 |       631.30 |       648.40 |                  5.00 |                    5.00 |     56 |    20.4378 |
|        1 |        392 |           648.40 |       631.30 |       648.40 |                  5.00 |                    5.00 |     56 |    20.4774 |
|        1 |        393 |           648.40 |       631.30 |       648.40 |                  5.98 |                    5.00 |     56 |    20.5267 |
|        1 |        394 |           648.40 |       631.30 |       648.40 |                  5.00 |                    5.00 |     56 |    20.5639 |
|        1 |        395 |           648.40 |       631.30 |       648.40 |                  5.00 |                    5.00 |     56 |    20.6006 |
|        1 |        396 |           648.40 |       631.30 |       648.40 |                  5.00 |                    5.00 |     56 |    20.6216 |
|        1 |        397 |           648.40 |       631.30 |       648.40 |                  5.00 |                    5.00 |     56 |    20.6732 |
|        1 |        398 |           648.40 |       631.30 |       648.40 |                  5.00 |                    5.00 |     56 |    20.7183 |
|        1 |        399 |           648.40 |       631.30 |       648.40 |                  5.00 |                    5.00 |     56 |    20.7609 |
|        1 |        400 |           648.40 |       631.30 |       648.40 |                  5.00 |                    5.00 |     56 |    20.8078 |
|        1 |        401 |           648.40 |       631.30 |       648.40 |                  5.00 |                    5.00 |     56 |    20.8556 |
|        1 |        402 |           648.40 |       631.30 |       661.60 |                  5.00 |                    5.00 |     56 |    20.9342 |
|        1 |        403 |           648.40 |       631.30 |       648.40 |                  5.00 |                    5.00 |     56 |    21.0185 |
|        1 |        404 |           648.40 |       631.30 |       648.40 |                  5.47 |                    5.00 |     56 |    21.0770 |
|        1 |        405 |           648.40 |       631.30 |       658.70 |                  5.00 |                    5.00 |     56 |    21.1300 |
|        1 |        406 |           648.40 |       631.30 |       648.40 |                  5.00 |                    5.00 |     56 |    21.2023 |
|        1 |        407 |           648.40 |       631.30 |       648.40 |                  5.00 |                    5.00 |     56 |    21.2285 |
|        1 |        408 |           648.40 |       631.30 |       648.40 |                  5.00 |                    5.00 |     56 |    21.2794 |
|        1 |        409 |           648.40 |       631.30 |       661.60 |                  5.00 |                    5.00 |     56 |    21.3175 |
|        1 |        410 |           648.40 |       631.30 |       661.60 |                  5.00 |                    5.00 |     56 |    21.3592 |
|        1 |        411 |           648.40 |       631.30 |       661.60 |                  5.00 |                    5.00 |     56 |    21.3847 |
|        1 |        412 |           648.40 |       631.30 |       661.60 |                  5.00 |                    5.00 |     56 |    21.4133 |
|        1 |        413 |           648.40 |       631.30 |       661.60 |                  5.00 |                    5.00 |     56 |    21.4438 |
|        1 |        414 |           648.40 |       631.30 |       634.32 |                  5.00 |                    5.00 |     56 |    21.5495 |
|        1 |        415 |           648.40 |       631.30 |       656.00 |                  5.26 |                    5.00 |     56 |    21.6091 |
|        1 |        416 |           648.40 |       631.30 |       656.00 |                  5.00 |                    5.00 |     56 |    21.6575 |
|        1 |        417 |           648.40 |       631.30 |       656.30 |                  5.00 |                    5.00 |     56 |    21.7041 |
|        1 |        418 |           648.40 |       631.30 |       668.00 |                  5.00 |                    5.00 |     57 |    21.7388 |
|        1 |        419 |           648.40 |       631.30 |       633.13 |                  6.33 |                    5.00 |     57 |    21.8235 |
|        1 |        420 |           648.40 |       631.30 |       633.82 |                  8.96 |                    5.00 |     57 |    21.8600 |
|        1 |        421 |           648.40 |       631.30 |       633.82 |                 11.24 |                    5.00 |     57 |    21.8934 |
|        1 |        422 |           648.40 |       631.30 |       633.82 |                  7.98 |                    5.00 |     57 |    21.9227 |
|        1 |        423 |           648.40 |       631.30 |       637.91 |                 10.02 |                    5.00 |     57 |    21.9581 |
|        1 |        424 |           648.40 |       631.30 |       641.14 |                 13.37 |                    5.00 |     57 |    21.9810 |
|        1 |        425 |           648.40 |       631.30 |       644.07 |                  7.76 |                    5.00 |     57 |    22.0321 |
|        1 |        426 |           648.40 |       631.30 |       637.14 |                 11.54 |                    5.00 |     57 |    22.0739 |
|        1 |        427 |           648.40 |       631.30 |       643.25 |                  7.41 |                    5.00 |     57 |    22.1231 |
|        1 |        428 |           648.40 |       631.30 |       652.20 |                  5.00 |                    5.00 |     57 |    22.1659 |
|        1 |        429 |           648.40 |       631.30 |       652.20 |                  5.00 |                    5.00 |     57 |    22.1989 |
|        1 |        430 |           648.40 |       631.30 |       652.20 |                  5.00 |                    5.00 |     57 |    22.2285 |
|        1 |        431 |           648.40 |       631.30 |       652.20 |                  5.00 |                    5.00 |     57 |    22.2661 |
|        1 |        432 |           648.40 |       631.30 |       652.20 |                  5.00 |                    5.00 |     57 |    22.2986 |
|        1 |        433 |           648.40 |       631.30 |       652.20 |                  5.00 |                    5.00 |     57 |    22.3237 |
|        1 |        434 |           648.40 |       631.30 |       648.40 |                  5.00 |                    5.00 |     57 |    22.3662 |
|        1 |        435 |           648.40 |       631.30 |       648.40 |                  5.00 |                    5.00 |     57 |    22.4603 |
|        1 |        436 |           648.40 |       631.30 |       648.40 |                  5.00 |                    5.00 |     57 |    22.4853 |
|        1 |        437 |           648.40 |       631.30 |       648.40 |                  5.00 |                    5.00 |     57 |    22.5228 |
|        1 |        438 |           648.40 |       631.30 |       661.60 |                  5.00 |                    5.00 |     57 |    22.5726 |
|        1 |        439 |           648.40 |       631.30 |       638.09 |                  6.59 |                    5.00 |     57 |    22.6439 |
|        1 |        440 |           648.40 |       631.30 |       638.03 |                  7.55 |                    5.00 |     57 |    22.7053 |
|        1 |        441 |           648.40 |       631.30 |       632.02 |                  6.59 |                    5.00 |     57 |    22.7868 |
|        1 |        442 |           648.40 |       631.30 |       634.22 |                  5.00 |                    5.00 |     57 |    22.8264 |
|        1 |        443 |           648.40 |       631.30 |       632.02 |                  6.94 |                    5.00 |     57 |    22.8537 |
|        1 |        444 |           648.40 |       631.30 |       636.94 |                 10.12 |                    5.00 |     57 |    22.9019 |
|        1 |        445 |           648.40 |       631.30 |       640.73 |                  8.34 |                    5.00 |     57 |    22.9455 |
|        1 |        446 |           648.40 |       631.30 |       637.32 |                  6.16 |                    5.00 |     57 |    22.9960 |
|        1 |        447 |           648.40 |       631.30 |       633.86 |                 10.03 |                    5.00 |     57 |    23.0389 |
|        1 |        448 |           648.40 |       631.30 |       652.20 |                  5.60 |                    5.00 |     57 |    23.0821 |
|        1 |        449 |           648.40 |       631.30 |       652.20 |                  5.00 |                    5.00 |     57 |    23.1260 |
|        1 |        450 |           648.40 |       631.30 |       648.40 |                  5.00 |                    5.00 |     57 |    23.1821 |
|        1 |        451 |           648.40 |       631.30 |       648.40 |                  5.00 |                    5.00 |     57 |    23.2706 |
|        1 |        452 |           648.40 |       631.30 |       648.40 |                  5.00 |                    5.00 |     57 |    23.3095 |
|        1 |        453 |           648.40 |       631.30 |       648.40 |                  5.00 |                    5.00 |     57 |    23.3408 |
|        1 |        454 |           648.40 |       631.30 |       648.40 |                  5.00 |                    5.00 |     57 |    23.3713 |
|        1 |        455 |           648.40 |       631.30 |       648.40 |                  6.60 |                    5.00 |     57 |    23.4250 |
|        1 |        456 |           648.40 |       631.30 |       648.40 |                  5.00 |                    5.00 |     57 |    23.5042 |
|        1 |        457 |           648.40 |       631.30 |       648.40 |                  5.00 |                    5.00 |     57 |    23.5280 |
|        1 |        458 |           648.40 |       631.30 |       648.40 |                  5.00 |                    5.00 |     57 |    23.5655 |
|        1 |        459 |           648.40 |       631.30 |       648.40 |                  5.00 |                    5.00 |     57 |    23.6098 |
|        1 |        460 |           648.40 |       631.30 |       648.40 |                  5.00 |                    5.00 |     57 |    23.6451 |
|        1 |        461 |           648.40 |       631.30 |       648.40 |                  5.00 |                    5.00 |     57 |    23.6930 |
|        1 |        462 |           648.40 |       631.30 |       648.40 |                  5.00 |                    5.00 |     57 |    23.7287 |
|        1 |        463 |           648.40 |       631.30 |       648.40 |                  5.75 |                    5.00 |     57 |    23.7697 |
|        1 |        464 |           648.40 |       631.30 |       648.40 |                  5.00 |                    5.00 |     57 |    23.8024 |
|        1 |        465 |           648.40 |       631.30 |       648.40 |                  5.00 |                    5.00 |     57 |    23.8490 |
|        1 |        466 |           648.40 |       631.30 |       648.40 |                  5.00 |                    5.00 |     57 |    23.8910 |
|        1 |        467 |           648.40 |       631.30 |       648.40 |                  5.00 |                    5.00 |     57 |    23.9317 |
|        1 |        468 |           648.40 |       631.30 |       648.40 |                  5.00 |                    5.00 |     57 |    23.9672 |
|        1 |        469 |           648.40 |       631.30 |       648.40 |                  5.00 |                    5.00 |     57 |    24.0023 |
|        1 |        470 |           648.40 |       631.30 |       648.40 |                  5.00 |                    5.00 |     57 |    24.0377 |
|        1 |        471 |           648.40 |       631.30 |       661.60 |                  5.00 |                    5.00 |     57 |    24.0848 |
|        1 |        472 |           648.40 |       631.30 |       648.40 |                  5.00 |                    5.00 |     57 |    24.1297 |
|        1 |        473 |           648.40 |       631.30 |       648.40 |                  5.00 |                    5.00 |     57 |    24.1650 |
|        1 |        474 |           648.40 |       631.30 |       652.20 |                  5.00 |                    5.00 |     57 |    24.2100 |
|        1 |        475 |           648.40 |       631.30 |       652.20 |                  5.00 |                    5.00 |     57 |    24.2436 |
|        1 |        476 |           648.40 |       631.30 |       648.40 |                  5.00 |                    5.00 |     57 |    24.2771 |
|        1 |        477 |           648.40 |       631.30 |       648.40 |                  5.00 |                    5.00 |     57 |    24.3422 |
|        1 |        478 |           648.40 |       631.30 |       634.11 |                  6.38 |                    5.00 |     57 |    24.4502 |
|        1 |        479 |           648.40 |       631.30 |       667.69 |                  7.46 |                    5.00 |     57 |    24.5166 |
|        1 |        480 |           648.40 |       631.30 |       665.50 |                  6.24 |                    5.00 |     58 |    24.6484 |
|        1 |        481 |           648.40 |       631.30 |       631.92 |                  5.00 |                    5.00 |     58 |    24.7069 |
|        1 |        482 |           648.40 |       631.30 |       631.40 |                  6.15 |                    5.00 |     58 |    24.7490 |
|        1 |        483 |           648.40 |       631.30 |       635.30 |                  9.90 |                    5.00 |     58 |    24.8030 |
|        1 |        484 |           648.40 |       631.30 |       635.30 |                 12.07 |                    5.00 |     58 |    24.8362 |
|        1 |        485 |           648.40 |       631.30 |       648.40 |                  8.24 |                    5.00 |     58 |    24.8652 |
|        1 |        486 |           648.40 |       631.30 |       648.40 |                  5.24 |                    5.00 |     58 |    24.9020 |
|        1 |        487 |           648.40 |       631.30 |       648.40 |                  5.00 |                    5.00 |     58 |    24.9427 |
|        1 |        488 |           648.40 |       631.30 |       648.40 |                  5.00 |                    5.00 |     58 |    24.9924 |
|        1 |        489 |           648.40 |       631.30 |       659.70 |                  5.00 |                    5.00 |     59 |    25.0478 |
|        1 |        490 |           648.40 |       631.30 |       648.40 |                  5.00 |                    5.00 |     59 |    25.0866 |
|        1 |        491 |           648.40 |       631.30 |       648.40 |                  5.98 |                    5.00 |     59 |    25.1158 |
|        1 |        492 |           648.40 |       631.30 |       648.40 |                  6.66 |                    5.00 |     59 |    25.1455 |
|        1 |        493 |           648.40 |       631.30 |       648.40 |                  5.00 |                    5.00 |     59 |    25.1966 |
|        1 |        494 |           648.40 |       631.30 |       648.40 |                  5.00 |                    5.00 |     59 |    25.2360 |
|        1 |        495 |           648.40 |       631.30 |       665.10 |                  5.00 |                    5.00 |     59 |    25.2762 |
|        1 |        496 |           648.40 |       631.30 |       653.60 |                  5.00 |                    5.00 |     59 |    25.3538 |
|        1 |        497 |           648.40 |       631.30 |       658.70 |                  5.00 |                    5.00 |     59 |    25.3999 |
|        1 |        498 |           648.40 |       631.30 |       671.50 |                  5.00 |                    5.00 |     59 |    25.4308 |
|        1 |        499 |           648.40 |       631.30 |       671.50 |                  5.00 |                    5.00 |     59 |    25.4561 |
|        1 |        500 |           648.40 |       631.30 |       661.20 |                  5.36 |                    5.00 |     59 |    25.5176 |
------------------------------------------------------------------------------------------------------------------------------------------------
Version identifier: 22.1.2.0 | 2024-11-26 | 0edbb82fd
CPXPARAM_MIP_Tolerances_UpperCutoff              648.49999999999511
Tried aggregator 1 time.
MIP Presolve eliminated 77 rows and 8 columns.
MIP Presolve modified 11 coefficients.
Reduced MIP has 24 rows, 51 columns, and 236 nonzeros.
Reduced MIP has 51 binaries, 0 generals, 0 SOSs, and 0 indicators.
Presolve time = 0.00 sec. (0.28 ticks)
Probing time = 0.00 sec. (0.15 ticks)
Tried aggregator 1 time.
MIP Presolve eliminated 4 rows and 8 columns.
Reduced MIP has 20 rows, 43 columns, and 185 nonzeros.
Reduced MIP has 43 binaries, 0 generals, 0 SOSs, and 0 indicators.
Presolve time = 0.00 sec. (0.12 ticks)
Probing time = 0.00 sec. (0.11 ticks)
Tried aggregator 1 time.
MIP Presolve eliminated 7 rows and 11 columns.
Reduced MIP has 13 rows, 32 columns, and 110 nonzeros.
Reduced MIP has 32 binaries, 0 generals, 0 SOSs, and 0 indicators.
Presolve time = 0.00 sec. (0.08 ticks)
Probing time = 0.00 sec. (0.06 ticks)
Tried aggregator 1 time.
Reduced MIP has 13 rows, 32 columns, and 110 nonzeros.
Reduced MIP has 32 binaries, 0 generals, 0 SOSs, and 0 indicators.
Presolve time = 0.00 sec. (0.05 ticks)
Probing time = 0.00 sec. (0.06 ticks)
Clique table members: 81.
MIP emphasis: balance optimality and feasibility.
MIP search method: dynamic search.
Parallel mode: deterministic, using up to 8 threads.
Root relaxation solution time = 0.00 sec. (0.03 ticks)

        Nodes                                         Cuts/
   Node  Left     Objective  IInf  Best Integer    Best Bound    ItCnt     Gap

*     0     0      integral     0      648.4000      648.4000       13    0.00%
Elapsed time = 0.00 sec. (1.23 ticks, tree = 0.00 MB, solutions = 1)
objective_value(sp) = 648.4
 29.245540 seconds (6.84 M allocations: 340.884 MiB, 0.25% gc time, 14.46% compilation time)
#1: 0 (0.0) {154.0} -> 63 (50.0) {168.1} [25.0, 185.0] -> 62 (70.0) {263.1} [120.0, 280.0] -> 74 (120.0) {356.1} [213.0, 373.0] -> 72 (130.0) {451.1} [0.0, 3276.0] -> 61 (140.0) {544.1} [401.0, 561.0] -> 64 (150.0) {636.1} [493.0, 653.0] -> 68 (160.0) {776.0} [776.0, 936.0] -> 65 (170.0) {871.3} [871.0, 1031.0] -> 49 (180.0) {967.7} [967.0, 1127.0] -> 55 (190.0) {1065.5} [1065.0, 1225.0] -> 54 (230.0) {1160.5} [1160.0, 1320.0] -> 53 (250.0) {1256.0} [1256.0, 1416.0] -> 56 (280.0) {1350.0} [1350.0, 1510.0] -> 58 (310.0) {1442.0} [1442.0, 1602.0] -> 60 (330.0) {1535.0} [1535.0, 1695.0] -> 59 (340.0) {1630.8} [0.0, 3259.0] -> 57 (380.0) {1725.8} [1725.0, 1885.0] -> 40 (390.0) {1819.4} [1819.0, 1979.0] -> 44 (400.0) {1913.8} [1913.0, 2073.0] -> 46 (430.0) {2009.1} [2009.0, 2169.0] -> 45 (440.0) {2105.5} [2105.0, 2265.0] -> 51 (450.0) {2200.5} [2200.0, 2360.0] -> 50 (460.0) {2292.7} [0.0, 3277.0] -> 52 (470.0) {2385.8} [0.0, 3278.0] -> 47 (480.0) {2480.8} [2480.0, 2640.0] -> 43 (490.0) {2573.8} [2573.0, 2733.0] -> 42 (510.0) {2666.8} [2666.0, 2826.0] -> 41 (520.0) {2758.8} [2758.0, 2918.0] -> 48 (530.0) {2856.8} [0.0, 3289.0] -> 0 (530.0) {2957.5} [0.0, 3390.0]
#2: 0 (0.0) {108.0} -> 67 (10.0) {120.2} [12.0, 172.0] -> 66 (20.0) {588.0} [588.0, 748.0] -> 69 (30.0) {680.0} [680.0, 840.0] -> 0 (30.0) {785.8} [0.0, 3390.0]
#3: 0 (0.0) {103.0} -> 22 (20.0) {115.1} [22.0, 182.0] -> 21 (40.0) {209.5} [0.0, 3288.0] -> 8 (60.0) {2887.0} [2887.0, 3047.0] -> 0 (60.0) {2988.6} [0.0, 3390.0]
#4: 0 (0.0) {150.0} -> 93 (40.0) {158.2} [8.0, 168.0] -> 2 (70.0) {260.5} [0.0, 3279.0] -> 1 (80.0) {359.1} [0.0, 3272.0] -> 99 (90.0) {454.9} [407.0, 567.0] -> 100 (110.0) {549.9} [502.0, 662.0] -> 97 (140.0) {644.9} [597.0, 757.0] -> 92 (160.0) {741.9} [694.0, 854.0] -> 94 (170.0) {835.5} [0.0, 3259.0] -> 95 (200.0) {929.1} [0.0, 3262.0] -> 98 (220.0) {1025.5} [0.0, 3269.0] -> 7 (240.0) {1120.5} [0.0, 3273.0] -> 3 (250.0) {1214.6} [0.0, 3270.0] -> 4 (260.0) {1308.2} [1261.0, 1421.0] -> 89 (270.0) {1402.6} [1355.0, 1515.0] -> 91 (280.0) {1498.2} [0.0, 3277.0] -> 88 (310.0) {1593.2} [1546.0, 1706.0] -> 84 (330.0) {1688.5} [1641.0, 1801.0] -> 86 (340.0) {1783.5} [1736.0, 1896.0] -> 83 (350.0) {1879.5} [0.0, 3267.0] -> 82 (370.0) {1972.5} [0.0, 3264.0] -> 85 (400.0) {2076.7} [0.0, 3253.0] -> 76 (410.0) {2178.4} [2131.0, 2291.0] -> 71 (430.0) {2273.4} [2226.0, 2386.0] -> 70 (460.0) {2368.4} [2321.0, 2481.0] -> 73 (470.0) {2461.4} [2414.0, 2574.0] -> 80 (480.0) {2560.0} [2513.0, 2673.0] -> 79 (490.0) {2655.3} [2608.0, 2768.0] -> 81 (520.0) {2750.6} [2703.0, 2863.0] -> 78 (540.0) {2849.2} [2802.0, 2962.0] -> 77 (550.0) {2947.0} [2900.0, 3060.0] -> 96 (560.0) {3048.1} [0.0, 3275.0] -> 87 (580.0) {3144.4} [3097.0, 3257.0] -> 90 (590.0) {3244.2} [3119.0, 3279.0] -> 0 (590.0) {3354.8} [0.0, 3390.0]
#5: 0 (0.0) {133.0} -> 20 (10.0) {143.0} [10.0, 170.0] -> 24 (20.0) {238.0} [116.0, 276.0] -> 27 (30.0) {330.8} [209.0, 369.0] -> 30 (40.0) {425.0} [303.0, 463.0] -> 29 (50.0) {520.0} [398.0, 558.0] -> 6 (70.0) {618.9} [497.0, 657.0] -> 32 (100.0) {715.2} [593.0, 753.0] -> 33 (140.0) {807.2} [685.0, 845.0] -> 31 (160.0) {902.5} [0.0, 3266.0] -> 35 (170.0) {997.5} [876.0, 1036.0] -> 37 (190.0) {1093.3} [0.0, 3260.0] -> 38 (220.0) {1185.3} [1063.0, 1223.0] -> 39 (240.0) {1280.3} [1158.0, 1318.0] -> 36 (250.0) {1375.3} [1253.0, 1413.0] -> 34 (270.0) {1468.3} [0.0, 3267.0] -> 28 (290.0) {1569.0} [1447.0, 1607.0] -> 26 (300.0) {1667.0} [0.0, 3265.0] -> 23 (310.0) {1764.2} [1643.0, 1803.0] -> 18 (330.0) {1863.2} [1742.0, 1902.0] -> 19 (340.0) {1958.2} [1837.0, 1997.0] -> 16 (380.0) {2055.2} [1934.0, 2094.0] -> 14 (390.0) {2147.2} [2026.0, 2186.0] -> 12 (410.0) {2240.2} [0.0, 3261.0] -> 15 (450.0) {2337.2} [2216.0, 2376.0] -> 17 (470.0) {2432.5} [2311.0, 2471.0] -> 13 (500.0) {2526.5} [2405.0, 2565.0] -> 25 (540.0) {2625.5} [2504.0, 2664.0] -> 9 (550.0) {2722.7} [2601.0, 2761.0] -> 11 (560.0) {2819.7} [2698.0, 2858.0] -> 10 (570.0) {2912.7} [2791.0, 2951.0] -> 5 (580.0) {3009.7} [0.0, 3284.0] -> 75 (600.0) {3102.7} [0.0, 3284.0] -> 0 (600.0) {3208.5} [0.0, 3390.0]

Dist: 648.4. Cost: 648.4

Root node processing (before b&c):
  Real time             =    0.00 sec. (1.23 ticks)
Parallel b&c, 8 threads:
  Real time             =    0.00 sec. (0.00 ticks)
  Sync time (average)   =    0.00 sec.
  Wait time (average)   =    0.00 sec.
                          ------------
Total (root+branch&cut) =    0.00 sec. (1.23 ticks)
