Solving instance /mnt/c/Users/bruno.mattos/OneDrive - americanas s.a/Documentos/GitHub/GenericILS/TWRD/100/C202_100_025.vrptwrd...
------------------------------------------------------------------------------------------------------------------------------------------------
|  Restart |  Iteration |  Best Feas. Cost |    Best Cost |   Curr. Cost |   Penalty Custom Res. |   Penalty Standard Res. |   Pool |   Time (s) |
------------------------------------------------------------------------------------------------------------------------------------------------
|        1 |          1 |          1013.40 |      1013.40 |      1013.40 |                 26.00 |                   25.49 |     13 |     0.1334 |
|        1 |          2 |          1013.40 |      1002.52 |      1002.52 |                 22.46 |                    7.18 |     14 |     0.6449 |
|        1 |          3 |          1013.40 |      1002.52 |      1007.36 |                 19.45 |                    5.00 |     14 |     0.7184 |
|        1 |          4 |          1013.40 |      1002.52 |      1013.40 |                 22.29 |                    5.00 |     14 |     0.7750 |
|        1 |          5 |          1013.40 |       955.05 |       955.05 |                 17.53 |                    5.00 |     19 |     0.9536 |
|        1 |          6 |          1013.40 |       946.19 |       946.19 |                 17.82 |                    5.00 |     19 |     1.0171 |
|        1 |          7 |          1013.40 |       946.19 |       955.95 |                 16.82 |                    5.00 |     19 |     1.1497 |
|        1 |          8 |          1013.40 |       944.43 |       944.43 |                 17.52 |                    5.00 |     23 |     1.3084 |
|        1 |          9 |          1013.40 |       944.18 |       944.18 |                 21.76 |                    5.00 |     25 |     1.3632 |
|        1 |         10 |          1013.40 |       944.18 |       944.32 |                 34.05 |                    5.00 |     26 |     1.4042 |
|        1 |         11 |          1013.40 |       941.04 |       941.04 |                 23.08 |                    5.00 |     28 |     1.5439 |
|        1 |          0 |           962.10 |       941.04 |       962.10 |                 20.53 |                    5.00 |     29 |     1.6566 |
|        1 |          1 |           962.10 |       941.04 |       956.23 |                 22.35 |                    5.00 |     30 |     1.7442 |
|        1 |          2 |           962.10 |       941.04 |       962.10 |                 19.18 |                    5.00 |     30 |     1.7922 |
|        1 |          3 |           962.10 |       941.04 |       952.51 |                 21.72 |                    5.00 |     31 |     1.8892 |
|        1 |          4 |           962.10 |       941.04 |       958.21 |                 19.38 |                    5.00 |     32 |     1.9500 |
|        1 |          5 |           962.10 |       941.04 |       952.52 |                 29.09 |                    5.00 |     34 |     2.0198 |
|        1 |          0 |           961.70 |       941.04 |       961.70 |                 19.85 |                    5.00 |     34 |     2.0541 |
|        1 |          1 |           961.70 |       941.04 |       955.70 |                 18.44 |                    5.00 |     34 |     2.1097 |
|        1 |          2 |           961.70 |       941.04 |       961.70 |                 16.30 |                    5.00 |     34 |     2.1564 |
|        1 |          3 |           961.70 |       941.04 |       945.82 |                 15.55 |                    5.00 |     34 |     2.2563 |
|        1 |          4 |           961.70 |       941.04 |       959.11 |                 18.88 |                    5.00 |     34 |     2.3488 |
|        1 |          5 |           961.70 |       938.16 |       938.16 |                 27.74 |                    5.00 |     34 |     2.4283 |
|        1 |          6 |           961.70 |       938.16 |       957.40 |                 22.87 |                    5.00 |     34 |     2.4767 |
|        1 |          7 |           961.70 |       938.16 |       955.94 |                 23.20 |                    5.00 |     34 |     2.5691 |
|        1 |          8 |           961.70 |       938.16 |       955.67 |                 18.34 |                    5.00 |     34 |     2.6529 |
|        1 |          9 |           961.70 |       938.16 |       951.27 |                 22.49 |                    5.00 |     34 |     2.7409 |
|        1 |         10 |           961.70 |       938.16 |       956.09 |                 16.25 |                    5.00 |     34 |     2.8168 |
|        1 |         11 |           961.70 |       938.16 |       956.95 |                 20.20 |                    5.00 |     34 |     2.8577 |
|        1 |         12 |           961.70 |       938.16 |       956.75 |                 16.97 |                    5.00 |     34 |     2.9256 |
|        1 |         13 |           961.70 |       938.16 |       955.99 |                 17.74 |                    5.00 |     34 |     3.0086 |
|        1 |         14 |           961.70 |       938.16 |       960.92 |                 19.95 |                    5.00 |     34 |     3.0490 |
|        1 |         15 |           961.70 |       938.16 |       962.10 |                 17.10 |                    5.00 |     34 |     3.1097 |
|        1 |         16 |           961.70 |       938.16 |       956.98 |                 22.55 |                    5.00 |     34 |     3.1725 |
|        1 |         17 |           961.70 |       938.16 |       957.12 |                 17.29 |                    5.00 |     35 |     3.2600 |
|        1 |         18 |           961.70 |       938.16 |       954.86 |                 19.93 |                    5.00 |     35 |     3.3774 |
|        1 |         19 |           961.70 |       938.16 |       962.10 |                 16.94 |                    5.00 |     35 |     3.4234 |
|        1 |         20 |           961.70 |       938.16 |       950.52 |                 20.81 |                    5.00 |     35 |     3.4903 |
|        1 |         21 |           961.70 |       938.16 |       956.21 |                 17.13 |                    5.00 |     35 |     3.5741 |
|        1 |         22 |           961.70 |       938.16 |       948.84 |                 22.33 |                    5.00 |     35 |     3.6513 |
|        1 |         23 |           961.70 |       938.16 |       956.73 |                 18.57 |                    5.00 |     35 |     3.7229 |
|        1 |         24 |           961.70 |       938.16 |       962.10 |                 11.10 |                    5.00 |     35 |     3.7908 |
|        1 |         25 |           961.70 |       938.16 |       941.55 |                 17.36 |                    5.00 |     35 |     3.8335 |
|        1 |         26 |           961.70 |       938.16 |       949.71 |                 17.93 |                    5.00 |     35 |     3.9539 |
|        1 |         27 |           961.70 |       938.16 |       952.90 |                 21.12 |                    5.00 |     35 |     4.0510 |
|        1 |         28 |           961.70 |       938.16 |       954.55 |                 17.91 |                    5.00 |     35 |     4.1297 |
|        1 |         29 |           961.70 |       938.16 |       955.54 |                 19.12 |                    5.00 |     35 |     4.2013 |
|        1 |         30 |           961.70 |       938.16 |       954.82 |                 18.66 |                    5.00 |     35 |     4.2730 |
|        1 |         31 |           961.70 |       938.16 |       958.58 |                 20.45 |                    5.00 |     35 |     4.4084 |
|        1 |          0 |           961.40 |       938.16 |       961.40 |                 20.37 |                    5.00 |     35 |     4.4645 |
|        1 |          1 |           961.40 |       938.16 |       961.40 |                 18.95 |                    5.00 |     35 |     4.5015 |
|        1 |          2 |           961.40 |       938.16 |       955.34 |                 20.44 |                    5.00 |     35 |     4.5685 |
|        1 |          3 |           961.40 |       938.16 |       954.87 |                 20.54 |                    5.00 |     35 |     4.6543 |
|        1 |          4 |           961.40 |       938.16 |       969.93 |                 22.16 |                    5.00 |     35 |     4.7137 |
|        1 |          5 |           961.40 |       938.16 |       962.10 |                 20.40 |                    5.00 |     35 |     4.7585 |
|        1 |          6 |           961.40 |       938.16 |       955.77 |                 17.15 |                    5.00 |     35 |     4.8104 |
|        1 |          7 |           961.40 |       938.16 |       962.10 |                 21.27 |                    5.00 |     35 |     4.8853 |
|        1 |          8 |           961.40 |       938.16 |       952.01 |                 20.30 |                    5.00 |     35 |     4.9942 |
|        1 |          9 |           961.40 |       938.16 |       949.18 |                 26.75 |                    5.00 |     36 |     5.0531 |
|        1 |         10 |           961.40 |       938.16 |       958.23 |                 23.89 |                    5.00 |     36 |     5.0996 |
|        1 |         11 |           961.40 |       938.16 |       961.30 |                 20.89 |                    5.00 |     38 |     5.1623 |
|        1 |         12 |           961.40 |       938.16 |       951.19 |                 32.36 |                    5.00 |     38 |     5.1999 |
|        1 |         13 |           961.40 |       938.16 |       961.70 |                 20.72 |                    5.00 |     38 |     5.2992 |
|        1 |         14 |           961.40 |       938.16 |       946.00 |                 16.03 |                    5.00 |     38 |     5.4007 |
|        1 |         15 |           961.40 |       938.16 |       965.60 |                 16.64 |                    5.00 |     40 |     5.4449 |
|        1 |         16 |           961.40 |       938.16 |       955.27 |                 21.44 |                    5.00 |     40 |     5.5578 |
|        1 |         17 |           961.40 |       938.16 |       956.80 |                 20.29 |                    5.00 |     40 |     5.6317 |
|        1 |         18 |           961.40 |       938.16 |       957.52 |                 18.07 |                    5.00 |     40 |     5.7192 |
|        1 |         19 |           961.40 |       938.16 |       952.54 |                 21.78 |                    5.00 |     40 |     5.7729 |
|        1 |         20 |           961.40 |       938.16 |       952.31 |                 16.38 |                    5.00 |     40 |     5.8452 |
|        1 |         21 |           961.40 |       938.16 |       950.85 |                 20.75 |                    5.00 |     40 |     5.9023 |
|        1 |         22 |           961.40 |       938.16 |       953.80 |                 20.67 |                    5.00 |     40 |     5.9673 |
|        1 |         23 |           961.40 |       938.16 |       955.49 |                 16.99 |                    5.00 |     40 |     6.0569 |
|        1 |         24 |           961.40 |       938.16 |       958.79 |                 17.30 |                    5.00 |     40 |     6.0959 |
|        1 |         25 |           961.40 |       938.16 |       955.82 |                 19.30 |                    5.00 |     40 |     6.2553 |
|        1 |         26 |           961.40 |       938.16 |       960.00 |                 12.24 |                    5.00 |     42 |     6.3503 |
|        1 |         27 |           961.40 |       938.16 |       950.05 |                 18.01 |                    5.00 |     44 |     6.4074 |
|        1 |         28 |           961.40 |       938.16 |       957.44 |                 17.86 |                    5.00 |     44 |     6.5364 |
|        1 |         29 |           961.40 |       938.16 |       952.48 |                 18.44 |                    5.00 |     44 |     6.6549 |
|        1 |          0 |           961.00 |       938.16 |       961.00 |                 16.97 |                    5.00 |     44 |     6.7102 |
|        1 |          1 |           961.00 |       938.16 |       954.04 |                 20.47 |                    5.00 |     44 |     6.7523 |
|        1 |          2 |           961.00 |       938.16 |       957.47 |                 19.55 |                    5.00 |     44 |     6.8462 |
|        1 |          3 |           961.00 |       938.16 |       956.38 |                 22.62 |                    5.00 |     44 |     6.9195 |
|        1 |          4 |           961.00 |       938.16 |       954.72 |                 19.77 |                    5.00 |     44 |     6.9946 |
|        1 |          5 |           961.00 |       938.16 |       954.04 |                 18.90 |                    5.00 |     44 |     7.0738 |
|        1 |          6 |           961.00 |       938.16 |       954.32 |                 17.90 |                    5.00 |     44 |     7.1513 |
|        1 |          7 |           961.00 |       938.16 |       962.35 |                 22.22 |                    5.00 |     44 |     7.2134 |
|        1 |          8 |           961.00 |       938.16 |       955.48 |                 21.06 |                    5.00 |     46 |     7.2722 |
|        1 |          9 |           961.00 |       938.16 |       949.51 |                 20.18 |                    5.00 |     47 |     7.3187 |
|        1 |         10 |           961.00 |       938.16 |       945.55 |                 28.25 |                    5.00 |     47 |     7.3745 |
|        1 |         11 |           961.00 |       938.16 |       960.06 |                 18.39 |                    5.00 |     47 |     7.5338 |
|        1 |         12 |           961.00 |       938.16 |       955.42 |                 22.10 |                    5.00 |     48 |     7.6338 |
|        1 |         13 |           961.00 |       938.16 |       962.10 |                 22.17 |                    5.00 |     50 |     7.7471 |
|        1 |         14 |           961.00 |       938.16 |       961.92 |                 20.59 |                    5.00 |     50 |     7.8120 |
|        1 |         15 |           961.00 |       938.16 |       965.99 |                 14.02 |                    5.00 |     51 |     7.8821 |
|        1 |         16 |           961.00 |       938.16 |       955.10 |                 24.24 |                    5.00 |     54 |     7.9277 |
|        1 |         17 |           961.00 |       938.16 |       987.53 |                 27.63 |                    5.00 |     56 |     8.0737 |
|        1 |         18 |           961.00 |       938.16 |       988.10 |                 22.53 |                    5.00 |     57 |     8.1276 |
|        1 |         19 |           961.00 |       938.16 |       987.81 |                 27.44 |                    5.00 |     57 |     8.1733 |
|        1 |         20 |           961.00 |       938.16 |       954.11 |                 21.47 |                    5.00 |     57 |     8.2541 |
|        1 |         21 |           961.00 |       938.16 |       962.10 |                 13.12 |                    5.00 |     57 |     8.3005 |
|        1 |         22 |           961.00 |       938.16 |       942.90 |                 20.28 |                    5.00 |     57 |     8.3673 |
|        1 |         23 |           961.00 |       938.16 |       962.10 |                 22.33 |                    5.00 |     57 |     8.4203 |
|        1 |         24 |           961.00 |       932.59 |       932.59 |                 34.16 |                    5.00 |     57 |     8.4935 |
|        1 |         25 |           961.00 |       932.59 |       962.10 |                 18.86 |                    5.00 |     57 |     8.5631 |
|        1 |         26 |           961.00 |       932.59 |       957.94 |                 17.86 |                    5.00 |     57 |     8.6325 |
|        1 |         27 |           961.00 |       932.59 |       964.70 |                 15.62 |                    5.00 |     57 |     8.7013 |
|        1 |         28 |           961.00 |       932.59 |       959.68 |                 15.68 |                    5.00 |     57 |     8.7966 |
|        1 |         29 |           961.00 |       932.59 |       957.40 |                 25.53 |                    5.00 |     57 |     8.8351 |
|        1 |         30 |           961.00 |       932.59 |       957.49 |                 16.86 |                    5.00 |     57 |     8.9090 |
|        1 |         31 |           961.00 |       932.59 |       961.51 |                 22.02 |                    5.00 |     57 |     8.9537 |
|        1 |         32 |           961.00 |       932.59 |       953.73 |                 16.21 |                    5.00 |     57 |     9.0411 |
|        1 |         33 |           961.00 |       932.59 |       959.45 |                 20.15 |                    5.00 |     57 |     9.0790 |
|        1 |         34 |           961.00 |       932.59 |       955.66 |                 20.86 |                    5.00 |     57 |     9.1755 |
|        1 |         35 |           961.00 |       932.59 |       955.44 |                 20.77 |                    5.00 |     57 |     9.2470 |
|        1 |         36 |           961.00 |       932.59 |       955.21 |                 17.25 |                    5.00 |     57 |     9.3399 |
|        1 |         37 |           961.00 |       932.59 |       960.16 |                 18.08 |                    5.00 |     58 |     9.3864 |
|        1 |         38 |           961.00 |       932.59 |       953.77 |                 20.66 |                    5.00 |     58 |     9.4906 |
|        1 |         39 |           961.00 |       932.59 |       954.53 |                 17.88 |                    5.00 |     58 |     9.5617 |
|        1 |         40 |           961.00 |       932.59 |       956.17 |                 18.69 |                    5.00 |     58 |     9.6462 |
|        1 |         41 |           961.00 |       932.59 |       952.69 |                 11.97 |                    5.00 |     58 |     9.7298 |
|        1 |         42 |           961.00 |       932.59 |       944.31 |                 17.28 |                    5.00 |     58 |     9.7871 |
|        1 |         43 |           961.00 |       932.59 |       957.51 |                 19.39 |                    5.00 |     60 |     9.8628 |
|        1 |         44 |           961.00 |       932.59 |       955.99 |                 17.36 |                    5.00 |     60 |    10.0246 |
|        1 |         45 |           961.00 |       932.59 |       956.94 |                 14.01 |                    5.00 |     60 |    10.0938 |
|        1 |         46 |           961.00 |       932.59 |       949.76 |                 16.39 |                    5.00 |     60 |    10.1572 |
|        1 |         47 |           961.00 |       932.59 |       956.32 |                 16.96 |                    5.00 |     60 |    10.2531 |
|        1 |         48 |           961.00 |       932.59 |       957.20 |                 17.07 |                    5.00 |     60 |    10.3163 |
|        1 |         49 |           961.00 |       932.59 |       959.66 |                 16.47 |                    5.00 |     60 |    10.4094 |
|        1 |         50 |           961.00 |       932.59 |       946.77 |                 18.62 |                    5.00 |     60 |    10.5218 |
|        1 |         51 |           961.00 |       932.59 |       952.89 |                 16.77 |                    5.00 |     60 |    10.5967 |
|        1 |         52 |           961.00 |       932.59 |       958.00 |                 17.06 |                    5.00 |     60 |    10.6433 |
|        1 |         53 |           961.00 |       932.59 |       955.28 |                 17.66 |                    5.00 |     60 |    10.7294 |
|        1 |         54 |           961.00 |       932.59 |       956.53 |                 19.82 |                    5.00 |     60 |    10.8000 |
|        1 |         55 |           961.00 |       932.59 |       956.23 |                 18.19 |                    5.00 |     60 |    10.8995 |
|        1 |         56 |           961.00 |       932.59 |       955.48 |                 17.03 |                    5.00 |     60 |    10.9936 |
|        1 |         57 |           961.00 |       932.59 |       956.23 |                 22.68 |                    5.00 |     60 |    11.0495 |
|        1 |         58 |           961.00 |       932.59 |       954.59 |                 16.71 |                    5.00 |     60 |    11.1388 |
|        1 |         59 |           961.00 |       932.59 |       955.84 |                 20.14 |                    5.00 |     60 |    11.1882 |
|        1 |         60 |           961.00 |       932.59 |       954.13 |                 20.02 |                    5.00 |     60 |    11.2843 |
|        1 |         61 |           961.00 |       932.59 |       971.01 |                 22.48 |                    5.00 |     60 |    11.3439 |
|        1 |         62 |           961.00 |       932.59 |       960.55 |                 14.69 |                    5.00 |     60 |    11.4321 |
|        1 |         63 |           961.00 |       932.59 |       957.24 |                 22.52 |                    5.00 |     60 |    11.4805 |
|        1 |         64 |           961.00 |       932.59 |       957.60 |                 19.47 |                    5.00 |     60 |    11.5632 |
|        1 |         65 |           961.00 |       932.59 |       962.10 |                 14.24 |                    5.00 |     60 |    11.6126 |
|        1 |         66 |           961.00 |       932.59 |       949.31 |                 21.61 |                    5.00 |     60 |    11.6570 |
|        1 |         67 |           961.00 |       932.59 |       957.84 |                 13.96 |                    5.00 |     60 |    11.7730 |
|        1 |         68 |           961.00 |       932.59 |       950.84 |                 20.55 |                    5.00 |     60 |    11.8221 |
|        1 |         69 |           961.00 |       932.59 |       961.12 |                 17.77 |                    5.00 |     60 |    11.9035 |
|        1 |         70 |           961.00 |       932.59 |       954.42 |                 21.38 |                    5.00 |     60 |    11.9779 |
|        1 |         71 |           961.00 |       932.59 |       962.10 |                 20.05 |                    5.00 |     60 |    12.0409 |
|        1 |         72 |           961.00 |       932.59 |       956.85 |                 25.89 |                    5.00 |     60 |    12.1109 |
|        1 |         73 |           961.00 |       932.59 |       962.10 |                 32.51 |                    5.00 |     60 |    12.1490 |
|        1 |         74 |           961.00 |       932.59 |       962.10 |                 21.10 |                    5.00 |     60 |    12.1837 |
|        1 |         75 |           961.00 |       932.59 |       953.14 |                 19.98 |                    5.00 |     60 |    12.2568 |
|        1 |         76 |           961.00 |       932.59 |       956.67 |                 16.27 |                    5.00 |     60 |    12.3499 |
|        1 |         77 |           961.00 |       932.59 |       957.48 |                 18.29 |                    5.00 |     60 |    12.4003 |
|        1 |         78 |           961.00 |       932.59 |       956.17 |                 17.26 |                    5.00 |     60 |    12.5223 |
|        1 |         79 |           961.00 |       932.59 |       956.44 |                 18.27 |                    5.00 |     60 |    12.5726 |
|        1 |         80 |           961.00 |       932.59 |       955.19 |                 19.86 |                    5.00 |     60 |    12.6715 |
|        1 |         81 |           961.00 |       932.59 |       955.17 |                 16.18 |                    5.00 |     60 |    12.7547 |
|        1 |         82 |           961.00 |       932.59 |       955.54 |                 18.01 |                    5.00 |     60 |    12.8011 |
|        1 |         83 |           961.00 |       932.59 |       961.57 |                 17.96 |                    5.00 |     60 |    12.8384 |
|        1 |         84 |           961.00 |       932.59 |       955.71 |                 16.84 |                    5.00 |     60 |    12.9042 |
|        1 |         85 |           961.00 |       932.59 |       958.63 |                 16.62 |                    5.00 |     60 |    12.9533 |
|        1 |         86 |           961.00 |       932.59 |       957.72 |                 19.66 |                    5.00 |     60 |    12.9915 |
|        1 |         87 |           961.00 |       932.59 |       954.23 |                 18.41 |                    5.00 |     60 |    13.0706 |
|        1 |         88 |           961.00 |       932.59 |       956.45 |                 20.98 |                    5.00 |     60 |    13.2232 |
|        1 |         89 |           961.00 |       932.59 |       954.67 |                 22.18 |                    5.00 |     60 |    13.2921 |
|        1 |         90 |           961.00 |       932.59 |       955.81 |                 21.78 |                    5.00 |     60 |    13.4138 |
|        1 |         91 |           961.00 |       932.59 |       955.02 |                 18.09 |                    5.00 |     60 |    13.4993 |
|        1 |         92 |           961.00 |       932.59 |       965.37 |                 17.51 |                    5.00 |     60 |    13.5375 |
|        1 |         93 |           961.00 |       932.59 |       958.68 |                 18.46 |                    5.00 |     60 |    13.6481 |
|        1 |         94 |           961.00 |       932.59 |       962.10 |                 14.32 |                    5.00 |     60 |    13.7174 |
|        1 |         95 |           961.00 |       932.59 |       949.80 |                 16.75 |                    5.00 |     60 |    13.7732 |
|        1 |         96 |           961.00 |       932.59 |       958.44 |                 19.98 |                    5.00 |     60 |    13.8221 |
|        1 |         97 |           961.00 |       932.59 |       962.10 |                 29.44 |                    5.00 |     60 |    13.8625 |
|        1 |         98 |           961.00 |       932.59 |       962.10 |                 20.28 |                    5.00 |     60 |    13.9073 |
|        1 |         99 |           961.00 |       932.59 |       955.97 |                 18.82 |                    5.00 |     60 |    13.9844 |
|        1 |        100 |           961.00 |       932.59 |       954.14 |                 14.66 |                    5.00 |     60 |    14.1366 |
|        1 |        101 |           961.00 |       932.59 |       949.94 |                 26.88 |                    5.00 |     60 |    14.1984 |
|        1 |        102 |           961.00 |       932.59 |       953.85 |                 16.86 |                    5.00 |     60 |    14.3065 |
|        1 |        103 |           961.00 |       932.59 |       961.24 |                 22.45 |                    5.00 |     60 |    14.3744 |
|        1 |        104 |           961.00 |       932.59 |       961.40 |                 19.64 |                    5.00 |     60 |    14.4282 |
|        1 |        105 |           961.00 |       932.59 |       950.75 |                 18.94 |                    5.00 |     60 |    14.5336 |
|        1 |        106 |           961.00 |       932.59 |       950.49 |                 18.07 |                    5.00 |     60 |    14.6433 |
|        1 |        107 |           961.00 |       932.59 |       958.07 |                 19.64 |                    5.00 |     60 |    14.7495 |
|        1 |        108 |           961.00 |       932.59 |       959.74 |                 20.57 |                    5.00 |     60 |    14.8138 |
|        1 |        109 |           961.00 |       932.59 |       954.51 |                 16.86 |                    5.00 |     60 |    14.9500 |
|        1 |        110 |           961.00 |       932.59 |       960.15 |                 17.67 |                    5.00 |     61 |    14.9936 |
|        1 |        111 |           961.00 |       932.59 |       959.65 |                 18.51 |                    5.00 |     61 |    15.0535 |
|        1 |        112 |           961.00 |       932.59 |       960.87 |                 17.57 |                    5.00 |     61 |    15.0902 |
|        1 |        113 |           961.00 |       932.59 |       961.01 |                 16.17 |                    5.00 |     61 |    15.1367 |
|        1 |        114 |           961.00 |       932.59 |       957.97 |                 22.90 |                    5.00 |     61 |    15.1731 |
|        1 |        115 |           961.00 |       932.59 |       962.10 |                 20.86 |                    5.00 |     61 |    15.2249 |
|        1 |        116 |           961.00 |       932.59 |       954.44 |                 19.76 |                    5.00 |     61 |    15.2905 |
|        1 |        117 |           961.00 |       932.59 |       954.67 |                 17.07 |                    5.00 |     61 |    15.3845 |
|        1 |        118 |           961.00 |       932.59 |       961.52 |                 14.94 |                    5.00 |     61 |    15.4361 |
|        1 |        119 |           961.00 |       932.59 |       954.34 |                 14.90 |                    5.00 |     61 |    15.4809 |
|        1 |        120 |           961.00 |       932.59 |       952.84 |                 21.93 |                    5.00 |     61 |    15.5287 |
|        1 |        121 |           961.00 |       932.59 |       952.13 |                 21.59 |                    5.00 |     61 |    15.6103 |
|        1 |        122 |           961.00 |       932.59 |       957.61 |                 16.38 |                    5.00 |     61 |    15.7051 |
|        1 |        123 |           961.00 |       932.59 |       957.44 |                 21.41 |                    5.00 |     61 |    15.7423 |
|        1 |        124 |           961.00 |       932.59 |       961.70 |                 13.21 |                    5.00 |     61 |    15.7926 |
|        1 |        125 |           961.00 |       932.59 |       950.19 |                 16.86 |                    5.00 |     61 |    15.8746 |
|        1 |        126 |           961.00 |       932.59 |       955.83 |                 23.61 |                    5.00 |     61 |    15.9286 |
|        1 |        127 |           961.00 |       932.59 |       961.70 |                 22.84 |                    5.00 |     61 |    15.9819 |
|        1 |        128 |           961.00 |       932.59 |       961.70 |                 14.97 |                    5.00 |     61 |    16.0200 |
|        1 |        129 |           961.00 |       932.59 |       953.27 |                 17.23 |                    5.00 |     61 |    16.1617 |
|        1 |        130 |           961.00 |       932.59 |       961.16 |                 22.73 |                    5.00 |     61 |    16.2157 |
|        1 |        131 |           961.00 |       932.59 |       956.14 |                 20.43 |                    5.00 |     61 |    16.3315 |
|        1 |        132 |           961.00 |       932.59 |       955.30 |                 21.37 |                    5.00 |     61 |    16.4079 |
|        1 |        133 |           961.00 |       932.59 |       959.53 |                 19.84 |                    5.00 |     61 |    16.4783 |
|        1 |        134 |           961.00 |       932.59 |       952.59 |                 17.67 |                    5.00 |     61 |    16.5668 |
|        1 |        135 |           961.00 |       932.59 |       961.78 |                 17.99 |                    5.00 |     61 |    16.6049 |
|        1 |        136 |           961.00 |       932.59 |       954.91 |                 18.61 |                    5.00 |     61 |    16.7052 |
|        1 |        137 |           961.00 |       932.59 |       955.68 |                 18.89 |                    5.00 |     61 |    16.7873 |
|        1 |        138 |           961.00 |       932.59 |       962.10 |                 15.87 |                    5.00 |     61 |    16.8606 |
|        1 |        139 |           961.00 |       932.59 |       953.87 |                 25.06 |                    5.00 |     61 |    16.9105 |
|        1 |        140 |           961.00 |       932.59 |       962.20 |                 16.10 |                    5.00 |     61 |    16.9457 |
|        1 |        141 |           961.00 |       932.59 |       952.72 |                 20.19 |                    5.00 |     61 |    17.0041 |
|        1 |        142 |           961.00 |       932.59 |       954.82 |                 20.51 |                    5.00 |     61 |    17.0703 |
|        1 |        143 |           961.00 |       932.59 |       962.10 |                 20.23 |                    5.00 |     61 |    17.1306 |
|        1 |        144 |           961.00 |       931.61 |       931.61 |                 27.19 |                    5.00 |     61 |    17.2001 |
|        1 |        145 |           961.00 |       931.61 |       956.28 |                 22.41 |                    5.00 |     61 |    17.2588 |
|        1 |        146 |           961.00 |       931.61 |       956.33 |                 37.93 |                    5.00 |     61 |    17.3153 |
|        1 |        147 |           961.00 |       931.61 |       961.70 |                 25.61 |                    5.00 |     61 |    17.3603 |
|        1 |        148 |           961.00 |       931.61 |       949.76 |                 15.75 |                    5.00 |     61 |    17.4556 |
|        1 |        149 |           961.00 |       931.61 |       949.76 |                 21.22 |                    5.00 |     61 |    17.4915 |
|        1 |        150 |           961.00 |       931.61 |       961.70 |                 20.74 |                    5.00 |     61 |    17.5308 |
|        1 |        151 |           961.00 |       931.61 |       954.78 |                 18.11 |                    5.00 |     61 |    17.6324 |
|        1 |        152 |           961.00 |       931.61 |       962.20 |                 14.62 |                    5.00 |     61 |    17.7034 |
|        1 |        153 |           961.00 |       931.61 |       952.51 |                 24.76 |                    5.00 |     61 |    17.7584 |
|        1 |        154 |           961.00 |       931.61 |       962.20 |                 21.25 |                    5.00 |     61 |    17.8138 |
|        1 |        155 |           961.00 |       931.61 |       962.20 |                 18.06 |                    5.00 |     61 |    17.8563 |
|        1 |        156 |           961.00 |       931.61 |       957.27 |                 22.43 |                    5.00 |     61 |    17.9184 |
|        1 |        157 |           961.00 |       931.61 |       962.20 |                 22.58 |                    5.00 |     61 |    17.9716 |
|        1 |        158 |           961.00 |       931.61 |       987.37 |                 21.83 |                    5.00 |     61 |    18.0331 |
|        1 |        159 |           961.00 |       931.61 |       986.00 |                 20.65 |                    5.00 |     61 |    18.1240 |
|        1 |        160 |           961.00 |       931.61 |       986.55 |                 20.99 |                    5.00 |     61 |    18.1848 |
|        1 |        161 |           961.00 |       931.61 |       986.02 |                 18.91 |                    5.00 |     61 |    18.2643 |
|        1 |        162 |           961.00 |       931.61 |       984.81 |                 16.09 |                    5.00 |     61 |    18.2921 |
|        1 |        163 |           961.00 |       931.61 |       982.15 |                 22.08 |                    5.00 |     61 |    18.3470 |
|        1 |        164 |           961.00 |       931.61 |       956.57 |                 14.62 |                    5.00 |     61 |    18.5541 |
|        1 |        165 |           961.00 |       931.61 |       950.85 |                 17.62 |                    5.00 |     61 |    18.6134 |
|        1 |        166 |           961.00 |       931.61 |       955.83 |                 20.53 |                    5.00 |     61 |    18.7343 |
|        1 |        167 |           961.00 |       931.61 |       962.10 |                 26.79 |                    5.00 |     61 |    18.7978 |
|        1 |        168 |           961.00 |       931.61 |       955.35 |                 17.33 |                    5.00 |     61 |    18.8868 |
|        1 |        169 |           961.00 |       931.61 |       961.80 |                 16.10 |                    5.00 |     61 |    18.9458 |
|        1 |        170 |           961.00 |       931.61 |       959.14 |                 16.53 |                    5.00 |     61 |    19.0030 |
|        1 |        171 |           961.00 |       931.61 |       955.73 |                 18.73 |                    5.00 |     61 |    19.0834 |
|        1 |        172 |           961.00 |       931.61 |       962.10 |                 19.25 |                    5.00 |     61 |    19.1266 |
|        1 |        173 |           961.00 |       931.61 |       959.21 |                 16.17 |                    5.00 |     61 |    19.1864 |
|        1 |        174 |           961.00 |       931.61 |       966.00 |                 13.45 |                    5.00 |     61 |    19.2544 |
|        1 |        175 |           961.00 |       931.61 |       956.27 |                 22.48 |                    5.00 |     61 |    19.3600 |
|        1 |        176 |           961.00 |       931.61 |       955.01 |                 20.02 |                    5.00 |     61 |    19.4577 |
|        1 |        177 |           961.00 |       931.61 |       957.28 |                 20.31 |                    5.00 |     61 |    19.5483 |
|        1 |        178 |           961.00 |       931.61 |       959.77 |                 27.49 |                    5.00 |     61 |    19.6708 |
|        1 |        179 |           961.00 |       931.61 |       953.78 |                 19.25 |                    5.00 |     61 |    19.7746 |
|        1 |        180 |           961.00 |       931.61 |      1011.37 |                 16.08 |                    5.00 |     64 |    19.9368 |
------------------------------------------------------------------------------------------------------------------------------------------------
|  Restart |  Iteration |  Best Feas. Cost |    Best Cost |   Curr. Cost |   Penalty Custom Res. |   Penalty Standard Res. |   Pool |   Time (s) |
------------------------------------------------------------------------------------------------------------------------------------------------
|        1 |        181 |           961.00 |       931.61 |       966.87 |                 22.47 |                    5.00 |     66 |    20.0191 |
|        1 |        182 |           961.00 |       931.61 |       959.03 |                 18.51 |                    5.00 |     66 |    20.0772 |
|        1 |        183 |           961.00 |       931.61 |       960.47 |                 14.96 |                    5.00 |     66 |    20.1315 |
|        1 |        184 |           961.00 |       931.61 |       956.46 |                 19.74 |                    5.00 |     66 |    20.1744 |
|        1 |        185 |           961.00 |       931.61 |       961.33 |                 14.44 |                    5.00 |     66 |    20.2224 |
|        1 |        186 |           961.00 |       931.61 |       955.64 |                 16.91 |                    5.00 |     66 |    20.2630 |
|        1 |        187 |           961.00 |       931.61 |       955.58 |                 18.75 |                    5.00 |     66 |    20.3780 |
|        1 |        188 |           961.00 |       931.61 |       961.40 |                 22.36 |                    5.00 |     66 |    20.4442 |
|        1 |        189 |           961.00 |       931.61 |       961.40 |                 16.03 |                    5.00 |     66 |    20.4994 |
|        1 |        190 |           961.00 |       931.61 |       955.52 |                 16.87 |                    5.00 |     66 |    20.6902 |
|        1 |        191 |           961.00 |       931.61 |       960.37 |                 18.05 |                    5.00 |     66 |    20.7335 |
|        1 |        192 |           961.00 |       931.61 |       955.60 |                 22.84 |                    5.00 |     66 |    20.8162 |
|        1 |        193 |           961.00 |       931.61 |       962.10 |                 18.28 |                    5.00 |     66 |    20.8699 |
|        1 |        194 |           961.00 |       931.61 |       957.28 |                 21.58 |                    5.00 |     66 |    20.9410 |
|        1 |        195 |           961.00 |       931.61 |       954.10 |                 19.42 |                    5.00 |     66 |    21.0510 |
|        1 |        196 |           961.00 |       931.61 |       962.10 |                 17.86 |                    5.00 |     66 |    21.1274 |
|        1 |        197 |           961.00 |       931.61 |       946.90 |                 19.61 |                    5.00 |     66 |    21.2502 |
|        1 |        198 |           961.00 |       931.61 |       937.22 |                 32.14 |                    5.00 |     66 |    21.3555 |
|        1 |        199 |           961.00 |       931.61 |       962.10 |                 19.22 |                    5.00 |     66 |    21.4243 |
|        1 |        200 |           961.00 |       931.61 |       954.38 |                 21.38 |                    5.00 |     66 |    21.4858 |
|        1 |        201 |           961.00 |       931.61 |       955.15 |                 18.97 |                    5.00 |     66 |    21.6548 |
|        1 |        202 |           961.00 |       931.61 |       963.90 |                 12.67 |                    5.00 |     67 |    21.7132 |
|        1 |        203 |           961.00 |       931.61 |       956.75 |                 16.54 |                    5.00 |     67 |    21.7709 |
|        1 |        204 |           961.00 |       931.61 |       957.46 |                 18.58 |                    5.00 |     67 |    21.8336 |
|        1 |        205 |           961.00 |       931.61 |       959.68 |                 16.94 |                    5.00 |     67 |    21.8735 |
|        1 |        206 |           961.00 |       931.61 |       958.38 |                 19.44 |                    5.00 |     67 |    21.9141 |
|        1 |        207 |           961.00 |       931.61 |       956.12 |                 23.61 |                    5.00 |     67 |    22.0096 |
|        1 |        208 |           961.00 |       931.61 |       961.40 |                 16.43 |                    5.00 |     67 |    22.0536 |
|        1 |        209 |           961.00 |       931.61 |       946.90 |                 16.37 |                    5.00 |     67 |    22.1072 |
|        1 |        210 |           961.00 |       931.61 |       962.10 |                 18.01 |                    5.00 |     67 |    22.1854 |
|        1 |        211 |           961.00 |       931.61 |       954.17 |                 18.68 |                    5.00 |     67 |    22.2449 |
|        1 |        212 |           961.00 |       931.61 |       953.35 |                 20.49 |                    5.00 |     67 |    22.3617 |
|        1 |        213 |           961.00 |       931.61 |       955.28 |                 19.13 |                    5.00 |     67 |    22.5025 |
|        1 |        214 |           961.00 |       931.61 |       955.68 |                 19.22 |                    5.00 |     67 |    22.5849 |
|        1 |        215 |           961.00 |       931.61 |       952.18 |                 22.40 |                    5.00 |     67 |    22.6935 |
|        1 |        216 |           961.00 |       931.61 |       961.40 |                 20.59 |                    5.00 |     67 |    22.7575 |
|        1 |        217 |           961.00 |       931.61 |       955.47 |                 22.91 |                    5.00 |     67 |    22.8092 |
|        1 |        218 |           961.00 |       931.61 |       962.10 |                 16.60 |                    5.00 |     67 |    22.8487 |
|        1 |        219 |           961.00 |       931.61 |       955.53 |                 16.89 |                    5.00 |     67 |    22.8873 |
|        1 |        220 |           961.00 |       931.61 |       958.38 |                 14.78 |                    5.00 |     67 |    22.9353 |
|        1 |        221 |           961.00 |       931.61 |       953.85 |                 18.94 |                    5.00 |     67 |    22.9722 |
|        1 |        222 |           961.00 |       931.61 |       962.10 |                 14.26 |                    5.00 |     67 |    23.0289 |
|        1 |        223 |           961.00 |       931.61 |       947.16 |                 18.43 |                    5.00 |     67 |    23.0897 |
|        1 |        224 |           961.00 |       931.61 |       956.09 |                 20.66 |                    5.00 |     67 |    23.1807 |
|        1 |        225 |           961.00 |       931.61 |       962.10 |                 13.10 |                    5.00 |     67 |    23.2709 |
|        1 |        226 |           961.00 |       931.61 |       946.60 |                 20.89 |                    5.00 |     67 |    23.3226 |
|        1 |        227 |           961.00 |       931.61 |       965.76 |                 23.45 |                    5.00 |     69 |    23.3967 |
|        1 |        228 |           961.00 |       931.61 |       956.53 |                 17.58 |                    5.00 |     69 |    23.5246 |
|        1 |        229 |           961.00 |       931.61 |       960.98 |                 19.58 |                    5.00 |     69 |    23.5644 |
|        1 |        230 |           961.00 |       931.61 |       961.35 |                 19.87 |                    5.00 |     69 |    23.6560 |
|        1 |        231 |           961.00 |       931.61 |       956.02 |                 23.22 |                    5.00 |     69 |    23.7625 |
|        1 |        232 |           961.00 |       931.61 |       962.10 |                 18.20 |                    5.00 |     69 |    23.8234 |
|        1 |        233 |           961.00 |       931.61 |       954.64 |                 21.29 |                    5.00 |     69 |    23.8996 |
|        1 |        234 |           961.00 |       931.61 |       962.10 |                 16.52 |                    5.00 |     69 |    23.9595 |
|        1 |        235 |           961.00 |       931.61 |       957.50 |                 22.23 |                    5.00 |     69 |    24.0331 |
|        1 |        236 |           961.00 |       931.61 |       955.08 |                 21.05 |                    5.00 |     69 |    24.1301 |
|        1 |        237 |           961.00 |       931.61 |       955.74 |                 22.67 |                    5.00 |     69 |    24.2324 |
|        1 |        238 |           961.00 |       931.61 |       962.10 |                 19.26 |                    5.00 |     69 |    24.2899 |
|        1 |        239 |           961.00 |       931.61 |       956.81 |                 18.59 |                    5.00 |     69 |    24.3855 |
|        1 |        240 |           961.00 |       931.61 |       962.10 |                 16.41 |                    5.00 |     69 |    24.4706 |
|        1 |        241 |           961.00 |       931.61 |       956.90 |                 19.97 |                    5.00 |     69 |    24.5252 |
|        1 |        242 |           961.00 |       931.61 |       961.40 |                 21.08 |                    5.00 |     69 |    24.6324 |
|        1 |        243 |           961.00 |       931.61 |       957.37 |                 16.35 |                    5.00 |     69 |    24.7087 |
|        1 |        244 |           961.00 |       931.61 |       954.64 |                 18.86 |                    5.00 |     69 |    24.8300 |
|        1 |        245 |           961.00 |       931.61 |       946.69 |                 16.43 |                    5.00 |     69 |    24.9655 |
|        1 |        246 |           961.00 |       931.61 |       958.00 |                 15.89 |                    5.00 |     69 |    25.0258 |
|        1 |        247 |           961.00 |       931.61 |       958.11 |                 15.54 |                    5.00 |     69 |    25.0583 |
|        1 |        248 |           961.00 |       931.61 |       958.89 |                 17.95 |                    5.00 |     70 |    25.1666 |
|        1 |        249 |           961.00 |       931.61 |       959.08 |                 22.01 |                    5.00 |     71 |    25.2664 |
|        1 |        250 |           961.00 |       931.61 |       960.72 |                 17.58 |                    5.00 |     71 |    25.3469 |
|        1 |        251 |           961.00 |       931.61 |       956.27 |                 21.34 |                    5.00 |     71 |    25.4493 |
|        1 |        252 |           961.00 |       931.61 |       955.68 |                 21.89 |                    5.00 |     71 |    25.5278 |
|        1 |        253 |           961.00 |       931.61 |       954.98 |                 22.87 |                    5.00 |     71 |    25.6397 |
|        1 |        254 |           961.00 |       931.61 |       951.30 |                 23.20 |                    5.00 |     71 |    25.7410 |
|        1 |        255 |           961.00 |       931.61 |       956.14 |                 20.89 |                    5.00 |     71 |    25.8257 |
|        1 |        256 |           961.00 |       931.61 |       962.10 |                 16.72 |                    5.00 |     71 |    25.8723 |
|        1 |        257 |           961.00 |       931.61 |       955.85 |                 20.75 |                    5.00 |     71 |    25.9384 |
|        1 |        258 |           961.00 |       931.61 |       962.10 |                 22.18 |                    5.00 |     71 |    25.9938 |
|        1 |        259 |           961.00 |       931.61 |       954.97 |                 16.35 |                    5.00 |     71 |    26.0737 |
|        1 |        260 |           961.00 |       931.61 |       957.25 |                 22.24 |                    5.00 |     71 |    26.1234 |
|        1 |        261 |           961.00 |       931.61 |       956.32 |                 21.28 |                    5.00 |     71 |    26.1972 |
|        1 |        262 |           961.00 |       931.61 |       961.00 |                 19.72 |                    5.00 |     71 |    26.2902 |
|        1 |        263 |           961.00 |       931.61 |       955.63 |                 18.11 |                    5.00 |     71 |    26.3719 |
|        1 |        264 |           961.00 |       931.61 |       965.84 |                 19.97 |                    5.00 |     71 |    26.4134 |
|        1 |        265 |           961.00 |       931.61 |       965.90 |                 18.01 |                    5.00 |     71 |    26.4667 |
|        1 |        266 |           961.00 |       931.61 |       964.30 |                 17.59 |                    5.00 |     71 |    26.5266 |
|        1 |        267 |           961.00 |       931.61 |       951.17 |                 18.57 |                    5.00 |     71 |    26.6335 |
|        1 |        268 |           961.00 |       931.61 |       951.81 |                 19.79 |                    5.00 |     71 |    26.7792 |
|        1 |        269 |           961.00 |       931.61 |       956.55 |                 17.58 |                    5.00 |     71 |    26.9557 |
|        1 |        270 |           961.00 |       931.61 |       959.88 |                 18.25 |                    5.00 |     71 |    27.0049 |
|        1 |        271 |           961.00 |       931.61 |       971.50 |                 17.12 |                    5.00 |     72 |    27.0737 |
|        1 |        272 |           961.00 |       931.61 |       954.33 |                 23.74 |                    5.00 |     72 |    27.1277 |
|        1 |        273 |           961.00 |       931.61 |       956.18 |                 20.91 |                    5.00 |     72 |    27.2491 |
|        1 |        274 |           961.00 |       931.61 |       954.77 |                 16.06 |                    5.00 |     72 |    27.3175 |
|        1 |        275 |           961.00 |       931.61 |       953.92 |                 19.73 |                    5.00 |     72 |    27.3860 |
|        1 |        276 |           961.00 |       931.61 |       954.60 |                 16.55 |                    5.00 |     72 |    27.4878 |
|        1 |        277 |           961.00 |       931.61 |       954.87 |                 16.66 |                    5.00 |     72 |    27.5491 |
|        1 |        278 |           961.00 |       931.61 |       958.17 |                 18.35 |                    5.00 |     72 |    27.6005 |
|        1 |        279 |           961.00 |       931.61 |       957.37 |                 18.43 |                    5.00 |     72 |    27.7210 |
|        1 |        280 |           961.00 |       931.61 |       960.43 |                 19.02 |                    5.00 |     74 |    27.8803 |
|        1 |        281 |           961.00 |       931.61 |       959.83 |                 19.92 |                    5.00 |     74 |    27.9471 |
|        1 |        282 |           961.00 |       931.61 |       953.48 |                 17.05 |                    5.00 |     74 |    28.0411 |
|        1 |        283 |           961.00 |       931.61 |       946.34 |                 18.75 |                    5.00 |     74 |    28.1124 |
|        1 |        284 |           961.00 |       931.61 |       961.00 |                 19.83 |                    5.00 |     74 |    28.1837 |
|        1 |        285 |           961.00 |       931.61 |       953.34 |                 16.66 |                    5.00 |     74 |    28.2520 |
|        1 |        286 |           961.00 |       931.61 |       950.34 |                 19.44 |                    5.00 |     74 |    28.3457 |
|        1 |        287 |           961.00 |       931.61 |       954.71 |                 20.74 |                    5.00 |     74 |    28.4287 |
|        1 |        288 |           961.00 |       931.61 |       954.73 |                 15.77 |                    5.00 |     74 |    28.4886 |
|        1 |        289 |           961.00 |       931.61 |       954.62 |                 20.42 |                    5.00 |     74 |    28.5173 |
|        1 |        290 |           961.00 |       931.61 |       961.70 |                 18.42 |                    5.00 |     74 |    28.5682 |
|        1 |        291 |           961.00 |       931.61 |       954.83 |                 22.44 |                    5.00 |     74 |    28.6086 |
|        1 |        292 |           961.00 |       931.61 |       961.70 |                 27.07 |                    5.00 |     74 |    28.6552 |
|        1 |        293 |           961.00 |       931.61 |       956.36 |                 18.21 |                    5.00 |     74 |    28.7584 |
|        1 |        294 |           961.00 |       931.61 |       963.03 |                 22.38 |                    5.00 |     74 |    28.8245 |
|        1 |        295 |           961.00 |       931.61 |       955.95 |                 24.63 |                    5.00 |     74 |    28.8900 |
|        1 |        296 |           961.00 |       931.61 |       954.71 |                 22.58 |                    5.00 |     74 |    29.0056 |
|        1 |        297 |           961.00 |       931.61 |       959.21 |                 20.14 |                    5.26 |     74 |    29.0710 |
|        1 |        298 |           961.00 |       931.61 |       955.33 |                 19.84 |                    5.00 |     74 |    29.1511 |
|        1 |        299 |           961.00 |       931.61 |       952.46 |                 20.28 |                    5.00 |     74 |    29.2750 |
|        1 |        300 |           961.00 |       931.61 |       972.93 |                 17.76 |                    5.00 |     74 |    29.3172 |
|        1 |        301 |           961.00 |       931.61 |       949.87 |                 16.78 |                    5.00 |     74 |    29.4306 |
|        1 |        302 |           961.00 |       931.61 |       944.87 |                 16.20 |                    5.00 |     74 |    29.5133 |
|        1 |        303 |           961.00 |       931.61 |       957.27 |                 17.15 |                    5.00 |     74 |    29.5618 |
|        1 |        304 |           961.00 |       931.61 |       955.59 |                 21.91 |                    5.00 |     74 |    29.6402 |
|        1 |        305 |           961.00 |       931.61 |       955.75 |                 18.94 |                    5.00 |     74 |    29.7297 |
|        1 |        306 |           961.00 |       931.61 |       957.34 |                 13.66 |                    5.00 |     74 |    29.8298 |
|        1 |        307 |           961.00 |       931.61 |       955.56 |                 14.19 |                    5.00 |     74 |    29.8617 |
|        1 |        308 |           961.00 |       931.61 |       953.36 |                 19.10 |                    5.00 |     74 |    29.9117 |
|        1 |        309 |           961.00 |       931.61 |       954.14 |                 23.65 |                    5.00 |     74 |    30.0115 |
|        1 |        310 |           961.00 |       931.61 |       957.38 |                 16.72 |                    5.00 |     74 |    30.1167 |
|        1 |        311 |           961.00 |       931.61 |       942.64 |                 20.25 |                    5.00 |     76 |    30.2581 |
|        1 |        312 |           961.00 |       931.61 |       942.67 |                 17.37 |                    5.00 |     76 |    30.3213 |
|        1 |        313 |           961.00 |       931.56 |       931.56 |                 20.94 |                    5.00 |     76 |    30.3650 |
|        1 |        314 |           961.00 |       931.56 |       943.89 |                 19.07 |                    5.00 |     76 |    30.4179 |
|        1 |        315 |           961.00 |       931.56 |       961.40 |                 18.00 |                    5.00 |     76 |    30.5409 |
|        1 |        316 |           961.00 |       931.56 |       952.62 |                 16.51 |                    5.00 |     76 |    30.6436 |
|        1 |        317 |           961.00 |       931.56 |       957.24 |                 19.13 |                    5.00 |     76 |    30.6872 |
|        1 |        318 |           961.00 |       931.56 |       965.09 |                 28.77 |                    5.00 |     76 |    30.7207 |
|        1 |        319 |           961.00 |       931.56 |       961.70 |                 16.49 |                    5.00 |     76 |    30.8151 |
|        1 |        320 |           961.00 |       931.56 |       956.77 |                 21.54 |                    5.00 |     76 |    30.8591 |
|        1 |        321 |           961.00 |       931.56 |       957.70 |                 17.02 |                    5.00 |     76 |    30.9505 |
|        1 |        322 |           961.00 |       931.56 |       955.65 |                 16.60 |                    5.00 |     76 |    31.0359 |
|        1 |        323 |           961.00 |       931.56 |       961.75 |                 20.00 |                    5.00 |     76 |    31.0934 |
|        1 |        324 |           961.00 |       931.56 |       951.58 |                 16.44 |                    5.00 |     76 |    31.1925 |
|        1 |        325 |           961.00 |       931.56 |       958.52 |                 16.40 |                    5.00 |     76 |    31.2378 |
|        1 |        326 |           961.00 |       931.56 |       959.92 |                 19.76 |                    5.00 |     76 |    31.2942 |
|        1 |        327 |           961.00 |       931.56 |       962.10 |                 17.80 |                    5.00 |     76 |    31.3696 |
|        1 |        328 |           961.00 |       931.56 |       962.10 |                 17.01 |                    5.00 |     76 |    31.4605 |
|        1 |        329 |           961.00 |       931.56 |       957.24 |                 19.82 |                    5.00 |     77 |    31.5675 |
|        1 |        330 |           961.00 |       931.56 |       954.49 |                 21.28 |                    5.00 |     77 |    31.7041 |
|        1 |        331 |           961.00 |       931.56 |       957.50 |                 19.53 |                    5.00 |     77 |    31.7965 |
|        1 |        332 |           961.00 |       931.56 |       962.50 |                 17.41 |                    5.00 |     77 |    31.8800 |
|        1 |        333 |           961.00 |       931.56 |       964.93 |                 16.36 |                    5.00 |     77 |    31.9145 |
|        1 |        334 |           961.00 |       931.56 |       956.96 |                 18.05 |                    5.00 |     77 |    32.0961 |
|        1 |        335 |           961.00 |       931.56 |      1012.19 |                 22.64 |                    5.00 |     79 |    32.1461 |
|        1 |        336 |           961.00 |       931.56 |       946.16 |                 19.86 |                    5.00 |     79 |    32.3296 |
|        1 |        337 |           961.00 |       931.56 |       955.89 |                 18.62 |                    5.00 |     79 |    32.3978 |
|        1 |        338 |           961.00 |       931.56 |       961.18 |                 25.83 |                    5.00 |     79 |    32.4412 |
|        1 |        339 |           961.00 |       931.56 |       949.08 |                 18.20 |                    5.00 |     79 |    32.6079 |
|        1 |        340 |           961.00 |       931.56 |       962.30 |                 22.40 |                    5.00 |     79 |    32.6435 |
|        1 |        341 |           961.00 |       931.56 |       951.17 |                 21.35 |                    5.00 |     79 |    32.7738 |
|        1 |        342 |           961.00 |       931.56 |       955.91 |                 21.21 |                    5.00 |     79 |    32.8753 |
|        1 |        343 |           961.00 |       931.56 |       962.10 |                 19.53 |                    5.00 |     79 |    32.9202 |
|        1 |        344 |           961.00 |       931.56 |       956.09 |                 25.22 |                    5.00 |     79 |    32.9867 |
|        1 |        345 |           961.00 |       931.56 |       962.10 |                 19.18 |                    5.00 |     79 |    33.0483 |
|        1 |        346 |           961.00 |       931.56 |       959.03 |                 22.67 |                    5.00 |     79 |    33.0982 |
|        1 |        347 |           961.00 |       931.56 |       965.90 |                 17.78 |                    5.00 |     79 |    33.1448 |
|        1 |        348 |           961.00 |       931.56 |       959.25 |                 22.54 |                    5.00 |     79 |    33.1960 |
|        1 |        349 |           961.00 |       931.56 |       955.05 |                 22.14 |                    5.00 |     79 |    33.3301 |
|        1 |        350 |           961.00 |       931.56 |       952.04 |                 14.45 |                    5.00 |     79 |    33.4419 |
|        1 |        351 |           961.00 |       931.56 |       955.78 |                 21.49 |                    5.00 |     79 |    33.4903 |
|        1 |        352 |           961.00 |       931.56 |       956.25 |                 19.91 |                    5.00 |     79 |    33.6078 |
|        1 |        353 |           961.00 |       931.56 |       954.85 |                 16.80 |                    5.00 |     79 |    33.7627 |
|        1 |        354 |           961.00 |       931.56 |       953.80 |                 21.65 |                    5.00 |     79 |    33.8752 |
|        1 |        355 |           961.00 |       931.56 |      1017.40 |                 16.64 |                    5.00 |     79 |    33.9232 |
|        1 |        356 |           961.00 |       931.56 |       955.93 |                 20.28 |                    5.00 |     79 |    33.9600 |
|        1 |        357 |           961.00 |       931.56 |       958.78 |                 18.81 |                    5.00 |     80 |    34.0538 |
|        1 |        358 |           961.00 |       931.56 |       954.85 |                 20.41 |                    5.00 |     80 |    34.1796 |
|        1 |        359 |           961.00 |       931.56 |       957.45 |                 20.94 |                    5.00 |     80 |    34.2407 |
|        1 |        360 |           961.00 |       931.56 |       962.10 |                 19.85 |                    5.00 |     80 |    34.2916 |
|        1 |        361 |           961.00 |       931.56 |       954.95 |                 21.64 |                    5.00 |     80 |    34.3531 |
|        1 |        362 |           961.00 |       931.56 |       955.21 |                 19.49 |                    5.00 |     80 |    34.4170 |
|        1 |        363 |           961.00 |       931.56 |       956.68 |                 16.18 |                    5.00 |     80 |    34.5155 |
|        1 |        364 |           961.00 |       931.56 |       950.41 |                 17.11 |                    5.00 |     80 |    34.5788 |
|        1 |        365 |           961.00 |       931.56 |       955.30 |                 22.35 |                    5.00 |     80 |    34.6234 |
|        1 |        366 |           961.00 |       931.56 |       956.03 |                 18.77 |                    5.00 |     80 |    34.6998 |
|        1 |        367 |           961.00 |       931.56 |       950.07 |                 22.51 |                    5.00 |     80 |    34.8249 |
|        1 |        368 |           961.00 |       931.56 |       958.58 |                 17.98 |                    5.00 |     80 |    34.8993 |
|        1 |        369 |           961.00 |       931.56 |       954.99 |                 20.68 |                    5.00 |     80 |    35.0472 |
|        1 |        370 |           961.00 |       931.56 |       956.18 |                 19.31 |                    5.00 |     80 |    35.1843 |
|        1 |        371 |           961.00 |       931.56 |       949.55 |                 21.61 |                    5.00 |     80 |    35.3021 |
|        1 |        372 |           961.00 |       931.56 |       962.10 |                 16.13 |                    5.00 |     80 |    35.3485 |
|        1 |        373 |           961.00 |       931.56 |       955.59 |                 14.26 |                    5.00 |     80 |    35.3989 |
|        1 |        374 |           961.00 |       931.56 |       950.48 |                 15.54 |                    5.00 |     80 |    35.4665 |
|        1 |        375 |           961.00 |       931.56 |       958.69 |                 15.66 |                    5.00 |     80 |    35.5103 |
|        1 |        376 |           961.00 |       931.56 |       960.30 |                 28.16 |                    5.00 |     80 |    35.5598 |
|        1 |        377 |           961.00 |       931.56 |       962.10 |                 18.09 |                    5.00 |     80 |    35.6027 |
|        1 |        378 |           961.00 |       931.56 |       955.31 |                 19.51 |                    5.00 |     80 |    35.6699 |
|        1 |        379 |           961.00 |       931.56 |       953.17 |                 17.03 |                    5.00 |     80 |    35.7694 |
|        1 |        380 |           961.00 |       931.56 |       959.82 |                 17.14 |                    5.00 |     80 |    35.8298 |
|        1 |        381 |           961.00 |       931.56 |       958.91 |                 20.18 |                    5.00 |     80 |    35.9400 |
|        1 |        382 |           961.00 |       931.56 |       956.62 |                 17.27 |                    5.00 |     80 |    36.0336 |
|        1 |        383 |           961.00 |       931.56 |       960.55 |                 18.66 |                    5.00 |     80 |    36.0786 |
|        1 |        384 |           961.00 |       931.56 |       949.83 |                 17.09 |                    5.00 |     80 |    36.2121 |
|        1 |        385 |           961.00 |       931.56 |       954.87 |                 21.80 |                    5.00 |     80 |    36.3221 |
|        1 |        386 |           961.00 |       931.56 |       962.10 |                 17.81 |                    5.00 |     80 |    36.3576 |
|        1 |        387 |           961.00 |       931.56 |       955.54 |                 15.29 |                    5.00 |     80 |    36.3966 |
|        1 |        388 |           961.00 |       931.56 |       957.87 |                 19.59 |                    5.00 |     80 |    36.4353 |
|        1 |        389 |           961.00 |       931.56 |       958.11 |                 19.88 |                    5.00 |     81 |    36.5257 |
|        1 |        390 |           961.00 |       931.56 |       950.02 |                 20.78 |                    5.00 |     81 |    36.6221 |
|        1 |        391 |           961.00 |       931.56 |       968.60 |                 19.48 |                    5.00 |     82 |    36.6906 |
|        1 |        392 |           961.00 |       931.56 |       960.70 |                 18.31 |                    5.00 |     82 |    36.7257 |
|        1 |        393 |           961.00 |       931.56 |       956.70 |                 19.31 |                    5.00 |     82 |    36.8369 |
|        1 |        394 |           961.00 |       931.56 |       954.58 |                 19.81 |                    5.00 |     82 |    36.9026 |
|        1 |        395 |           961.00 |       931.56 |       955.79 |                 20.12 |                    5.00 |     82 |    36.9722 |
|        1 |        396 |           961.00 |       931.56 |       957.85 |                 22.05 |                    5.00 |     82 |    37.1005 |
|        1 |        397 |           961.00 |       931.56 |       959.18 |                 18.30 |                    5.00 |     82 |    37.1960 |
|        1 |        398 |           961.00 |       931.56 |       950.16 |                 16.76 |                    5.00 |     82 |    37.3255 |
|        1 |        399 |           961.00 |       931.56 |       960.37 |                 19.81 |                    5.00 |     82 |    37.3691 |
|        1 |        400 |           961.00 |       931.56 |       962.20 |                 12.45 |                    5.00 |     82 |    37.4320 |
|        1 |        401 |           961.00 |       931.56 |       949.28 |                 19.27 |                    5.00 |     82 |    37.4886 |
|        1 |        402 |           961.00 |       931.56 |       960.59 |                 21.01 |                    5.00 |     82 |    37.5402 |
|        1 |        403 |           961.00 |       931.56 |       961.40 |                 11.00 |                    5.00 |     82 |    37.6567 |
|        1 |        404 |           961.00 |       931.56 |       942.73 |                 18.64 |                    5.00 |     82 |    37.6971 |
|        1 |        405 |           961.00 |       931.56 |       958.71 |                 20.72 |                    5.00 |     82 |    37.7666 |
|        1 |        406 |           961.00 |       931.56 |       953.58 |                 22.99 |                    5.00 |     82 |    37.8651 |
|        1 |        407 |           961.00 |       931.56 |       954.26 |                 23.57 |                    5.00 |     82 |    37.9411 |
|        1 |        408 |           961.00 |       931.56 |       955.97 |                 18.81 |                    5.00 |     82 |    38.0308 |
|        1 |        409 |           961.00 |       931.56 |       959.12 |                 20.91 |                    5.00 |     82 |    38.1018 |
|        1 |        410 |           961.00 |       931.56 |       956.47 |                 18.65 |                    5.00 |     82 |    38.1811 |
|        1 |        411 |           961.00 |       931.56 |       951.31 |                 21.10 |                    5.00 |     82 |    38.2828 |
|        1 |        412 |           961.00 |       931.56 |       955.74 |                 16.33 |                    5.00 |     82 |    38.3872 |
|        1 |        413 |           961.00 |       931.56 |       959.38 |                 19.90 |                    5.00 |     82 |    38.4200 |
|        1 |        414 |           961.00 |       931.56 |       954.13 |                 23.00 |                    5.00 |     82 |    38.5101 |
|        1 |        415 |           961.00 |       931.56 |       955.72 |                 18.16 |                    5.00 |     82 |    38.6051 |
|        1 |        416 |           961.00 |       931.56 |      1024.97 |                 30.37 |                    5.00 |     85 |    38.6934 |
|        1 |        417 |           961.00 |       931.56 |      1030.20 |                 21.77 |                    5.00 |     85 |    38.7368 |
|        1 |        418 |           961.00 |       931.56 |      1023.07 |                 20.80 |                    5.00 |     85 |    38.8321 |
|        1 |        419 |           961.00 |       931.56 |       987.50 |                 21.91 |                    5.00 |     85 |    38.9570 |
|        1 |        420 |           961.00 |       931.56 |       983.12 |                 22.46 |                    5.00 |     85 |    39.0402 |
|        1 |        421 |           961.00 |       931.56 |       987.74 |                 17.98 |                    5.00 |     85 |    39.0807 |
|        1 |        422 |           961.00 |       931.56 |       972.84 |                 34.62 |                    5.00 |     85 |    39.1595 |
|        1 |        423 |           961.00 |       931.56 |       956.25 |                 17.05 |                    5.00 |     85 |    39.2894 |
|        1 |        424 |           961.00 |       931.56 |       952.07 |                 20.48 |                    5.00 |     85 |    39.4044 |
|        1 |        425 |           961.00 |       931.56 |       961.70 |                 16.22 |                    5.00 |     85 |    39.4644 |
|        1 |        426 |           961.00 |       931.56 |       955.95 |                 22.51 |                    5.00 |     85 |    39.5055 |
|        1 |        427 |           961.00 |       931.56 |       957.33 |                 17.44 |                    5.00 |     85 |    39.5930 |
|        1 |        428 |           961.00 |       931.56 |       954.46 |                 19.19 |                    5.00 |     85 |    39.6557 |
|        1 |        429 |           961.00 |       931.56 |       955.12 |                 15.61 |                    5.00 |     85 |    39.7636 |
|        1 |        430 |           961.00 |       931.56 |       957.41 |                 19.77 |                    5.00 |     85 |    39.8180 |
|        1 |        431 |           961.00 |       931.56 |       962.10 |                 14.74 |                    5.00 |     85 |    39.8763 |
|        1 |        432 |           961.00 |       931.56 |       955.51 |                 16.89 |                    5.00 |     85 |    39.9401 |
|        1 |        433 |           961.00 |       931.56 |       958.76 |                 17.19 |                    5.00 |     85 |    39.9809 |
------------------------------------------------------------------------------------------------------------------------------------------------
|  Restart |  Iteration |  Best Feas. Cost |    Best Cost |   Curr. Cost |   Penalty Custom Res. |   Penalty Standard Res. |   Pool |   Time (s) |
------------------------------------------------------------------------------------------------------------------------------------------------
|        1 |        434 |           961.00 |       931.56 |       956.10 |                 22.17 |                    5.00 |     85 |    40.0689 |
|        1 |        435 |           961.00 |       931.56 |       954.92 |                 16.01 |                    5.00 |     85 |    40.1607 |
|        1 |        436 |           961.00 |       931.56 |       951.73 |                 18.70 |                    5.00 |     85 |    40.2311 |
|        1 |        437 |           961.00 |       931.56 |       955.69 |                 20.56 |                    5.00 |     85 |    40.3184 |
|        1 |        438 |           961.00 |       931.56 |       953.14 |                 18.99 |                    5.00 |     85 |    40.4662 |
|        1 |        439 |           961.00 |       931.56 |       956.60 |                 17.25 |                    5.00 |     85 |    40.5571 |
|        1 |        440 |           961.00 |       931.56 |       957.24 |                 18.92 |                    5.00 |     85 |    40.6819 |
|        1 |        441 |           961.00 |       931.56 |       959.36 |                 19.79 |                    5.00 |     85 |    40.7635 |
|        1 |        442 |           961.00 |       931.56 |       958.61 |                 16.42 |                    5.00 |     85 |    40.8634 |
|        1 |        443 |           961.00 |       931.56 |       954.32 |                 16.79 |                    5.00 |     85 |    40.9747 |
|        1 |        444 |           961.00 |       931.56 |       951.41 |                 20.02 |                    5.00 |     85 |    41.0343 |
|        1 |        445 |           961.00 |       931.56 |       935.49 |                 23.37 |                    5.00 |     85 |    41.1187 |
|        1 |        446 |           961.00 |       931.56 |       949.43 |                 25.76 |                    5.00 |     85 |    41.1588 |
|        1 |        447 |           961.00 |       931.56 |       953.36 |                 26.76 |                    5.00 |     85 |    41.1918 |
|        1 |        448 |           961.00 |       931.56 |       954.32 |                 17.71 |                    5.00 |     85 |    41.2412 |
|        1 |        449 |           961.00 |       931.56 |       936.98 |                 20.50 |                    5.00 |     85 |    41.2907 |
|        1 |        450 |           961.00 |       931.56 |       943.05 |                 20.83 |                    5.00 |     85 |    41.3540 |
|        1 |        451 |           961.00 |       931.56 |       947.62 |                 34.26 |                    5.00 |     85 |    41.3931 |
|        1 |        452 |           961.00 |       931.56 |       964.70 |                 14.57 |                    5.00 |     85 |    41.4695 |
|        1 |        453 |           961.00 |       931.56 |       952.71 |                 18.84 |                    5.00 |     85 |    41.5135 |
|        1 |        454 |           961.00 |       931.56 |       955.84 |                 16.12 |                    5.00 |     85 |    41.6066 |
|        1 |        455 |           961.00 |       931.56 |       954.58 |                 25.96 |                    5.00 |     85 |    41.6728 |
|        1 |        456 |           961.00 |       931.56 |       962.10 |                 20.77 |                    5.00 |     85 |    41.7209 |
|        1 |        457 |           961.00 |       931.56 |       962.10 |                 17.82 |                    5.00 |     85 |    41.7675 |
|        1 |        458 |           961.00 |       931.56 |       955.42 |                 23.92 |                    5.00 |     85 |    41.8587 |
|        1 |        459 |           961.00 |       931.56 |       962.10 |                 13.90 |                    5.00 |     85 |    41.9091 |
|        1 |        460 |           961.00 |       931.56 |       950.01 |                 16.58 |                    5.00 |     85 |    41.9724 |
|        1 |        461 |           961.00 |       931.56 |       951.32 |                 18.08 |                    5.00 |     85 |    42.0246 |
|        1 |        462 |           961.00 |       931.56 |       951.32 |                 16.64 |                    5.00 |     85 |    42.0708 |
|        1 |        463 |           961.00 |       931.56 |       951.32 |                 17.29 |                    5.00 |     85 |    42.0971 |
|        1 |        464 |           961.00 |       931.56 |       955.80 |                 16.31 |                    5.00 |     85 |    42.2359 |
|        1 |        465 |           961.00 |       931.56 |       956.55 |                 18.30 |                    5.00 |     85 |    42.3110 |
|        1 |        466 |           961.00 |       931.56 |       957.33 |                 21.83 |                    5.00 |     85 |    42.3749 |
|        1 |        467 |           961.00 |       931.56 |       951.46 |                 21.03 |                    5.00 |     85 |    42.4905 |
|        1 |        468 |           961.00 |       931.56 |       955.39 |                 25.84 |                    5.00 |     85 |    42.5557 |
|        1 |        469 |           961.00 |       931.56 |       961.70 |                 15.00 |                    5.00 |     85 |    42.6090 |
|        1 |        470 |           961.00 |       931.56 |       952.76 |                 24.92 |                    5.00 |     85 |    42.6533 |
|        1 |        471 |           961.00 |       931.56 |       958.22 |                 18.72 |                    5.00 |     85 |    42.7564 |
|        1 |        472 |           961.00 |       931.56 |       946.55 |                 19.46 |                    5.00 |     85 |    42.9263 |
|        1 |        473 |           961.00 |       931.56 |       958.70 |                 18.55 |                    5.00 |     85 |    43.0473 |
|        1 |        474 |           961.00 |       931.56 |       955.91 |                 17.02 |                    5.00 |     85 |    43.1472 |
|        1 |        475 |           961.00 |       931.56 |       957.76 |                 18.76 |                    5.00 |     85 |    43.1887 |
|        1 |        476 |           961.00 |       931.56 |       959.17 |                 17.22 |                    5.00 |     85 |    43.2732 |
|        1 |        477 |           961.00 |       931.56 |       959.12 |                 16.01 |                    5.00 |     85 |    43.3200 |
|        1 |        478 |           961.00 |       931.56 |       956.00 |                 16.77 |                    5.00 |     85 |    43.3740 |
|        1 |        479 |           961.00 |       931.56 |       939.58 |                 22.70 |                    5.00 |     86 |    43.5007 |
|        1 |        480 |           961.00 |       931.56 |       950.61 |                 20.80 |                    5.00 |     86 |    43.6355 |
|        1 |        481 |           961.00 |       931.56 |       955.28 |                 18.01 |                    5.00 |     86 |    43.7395 |
|        1 |        482 |           961.00 |       931.56 |       958.27 |                 21.63 |                    5.00 |     86 |    43.8440 |
|        1 |        483 |           961.00 |       931.56 |       962.10 |                 20.09 |                    5.00 |     86 |    43.9048 |
|        1 |        484 |           961.00 |       931.56 |       954.42 |                 17.16 |                    5.00 |     86 |    44.0310 |
|        1 |        485 |           961.00 |       931.56 |       955.52 |                 21.25 |                    5.00 |     86 |    44.1312 |
|        1 |        486 |           961.00 |       931.56 |       953.43 |                 21.77 |                    5.00 |     86 |    44.2315 |
|        1 |        487 |           961.00 |       931.56 |       953.68 |                 21.89 |                    5.00 |     86 |    44.3032 |
|        1 |        488 |           961.00 |       931.56 |       971.73 |                 38.59 |                    5.00 |     87 |    44.3532 |
|        1 |        489 |           961.00 |       931.56 |       957.05 |                 18.64 |                    5.00 |     87 |    44.4866 |
|        1 |        490 |           961.00 |       931.56 |       953.40 |                 22.62 |                    5.00 |     87 |    44.5792 |
|        1 |        491 |           961.00 |       931.56 |       955.92 |                 21.22 |                    5.00 |     87 |    44.6413 |
|        1 |        492 |           961.00 |       931.56 |       955.21 |                 21.95 |                    5.00 |     87 |    44.7427 |
|        1 |        493 |           961.00 |       931.56 |       938.60 |                 23.44 |                    5.00 |     87 |    44.8042 |
|        1 |        494 |           961.00 |       931.56 |       947.68 |                 32.55 |                    5.00 |     87 |    44.8320 |
|        1 |        495 |           961.00 |       931.56 |       962.10 |                 17.63 |                    5.00 |     87 |    44.8792 |
|        1 |        496 |           961.00 |       931.56 |       962.10 |                 22.12 |                    5.00 |     87 |    44.9289 |
|        1 |        497 |           961.00 |       931.56 |       955.34 |                 21.82 |                    5.00 |     87 |    44.9895 |
|        1 |        498 |           961.00 |       931.56 |       958.05 |                 13.04 |                    5.00 |     87 |    45.0684 |
|        1 |        499 |           961.00 |       931.56 |       947.99 |                 15.56 |                    5.00 |     87 |    45.1108 |
|        1 |        500 |           961.00 |       931.56 |       960.84 |                 14.32 |                    5.00 |     87 |    45.1712 |
------------------------------------------------------------------------------------------------------------------------------------------------
Version identifier: 22.1.2.0 | 2024-11-26 | 0edbb82fd
CPXPARAM_MIP_Tolerances_UpperCutoff              961.0999999999807
Tried aggregator 2 times.
MIP Presolve eliminated 60 rows and 11 columns.
MIP Presolve modified 5 coefficients.
Aggregator did 1 substitutions.
Reduced MIP has 40 rows, 74 columns, and 338 nonzeros.
Reduced MIP has 74 binaries, 0 generals, 0 SOSs, and 0 indicators.
Presolve time = 0.00 sec. (0.34 ticks)
Probing fixed 2 vars, tightened 0 bounds.
Probing time = 0.00 sec. (0.23 ticks)
Tried aggregator 1 time.
Detecting symmetries...
MIP Presolve eliminated 5 rows and 6 columns.
Reduced MIP has 35 rows, 68 columns, and 282 nonzeros.
Reduced MIP has 68 binaries, 0 generals, 0 SOSs, and 0 indicators.
Presolve time = 0.00 sec. (0.18 ticks)
Probing time = 0.00 sec. (0.18 ticks)
Clique table members: 156.
MIP emphasis: balance optimality and feasibility.
MIP search method: dynamic search.
Parallel mode: deterministic, using up to 8 threads.
Root relaxation solution time = 0.00 sec. (0.12 ticks)

        Nodes                                         Cuts/
   Node  Left     Objective  IInf  Best Integer    Best Bound    ItCnt     Gap

*     0     0      integral     0      961.0000      961.0000       32    0.00%
Elapsed time = 0.00 sec. (1.32 ticks, tree = 0.00 MB, solutions = 1)
objective_value(sp) = 961.0
 48.452533 seconds (6.85 M allocations: 341.533 MiB, 0.13% gc time, 7.64% compilation time)
#1: 0 (0.0) {589.0} -> 66 (10.0) {605.5} [588.0, 748.0] -> 0 (10.0) {712.0} [0.0, 3390.0]
#2: 0 (0.0) {756.0} -> 72 (10.0) {779.8} [0.0, 3276.0] -> 68 (20.0) {880.8} [776.0, 936.0] -> 65 (30.0) {976.1} [871.0, 1031.0] -> 49 (40.0) {1072.5} [967.0, 1127.0] -> 55 (50.0) {1170.3} [1065.0, 1225.0] -> 54 (90.0) {1265.3} [1160.0, 1320.0] -> 53 (110.0) {1360.6} [1256.0, 1416.0] -> 56 (140.0) {1454.6} [1350.0, 1510.0] -> 58 (170.0) {1546.6} [1442.0, 1602.0] -> 60 (190.0) {1639.6} [1535.0, 1695.0] -> 59 (200.0) {1735.4} [0.0, 3259.0] -> 57 (240.0) {1830.4} [1725.0, 1885.0] -> 40 (250.0) {1924.0} [1819.0, 1979.0] -> 44 (260.0) {2018.4} [1913.0, 2073.0] -> 46 (290.0) {2113.7} [2009.0, 2169.0] -> 45 (300.0) {2210.1} [2105.0, 2265.0] -> 51 (310.0) {2305.1} [2200.0, 2360.0] -> 50 (320.0) {2397.3} [0.0, 3277.0] -> 47 (330.0) {2492.3} [2480.0, 2640.0] -> 43 (340.0) {2585.3} [2573.0, 2733.0] -> 42 (360.0) {2678.3} [2666.0, 2826.0] -> 41 (370.0) {2770.3} [2758.0, 2918.0] -> 48 (380.0) {2868.3} [0.0, 3289.0] -> 0 (380.0) {2969.0} [0.0, 3390.0]
#3: 0 (0.0) {160.0} -> 63 (50.0) {174.1} [25.0, 185.0] -> 62 (70.0) {269.1} [120.0, 280.0] -> 74 (120.0) {362.1} [213.0, 373.0] -> 61 (130.0) {457.9} [401.0, 561.0] -> 64 (140.0) {549.9} [493.0, 653.0] -> 69 (150.0) {680.0} [680.0, 840.0] -> 0 (150.0) {785.8} [0.0, 3390.0]
#4: 0 (0.0) {757.0} -> 89 (10.0) {1355.0} [1355.0, 1515.0] -> 88 (40.0) {1546.0} [1546.0, 1706.0] -> 84 (60.0) {1641.3} [1641.0, 1801.0] -> 86 (70.0) {1736.3} [1736.0, 1896.0] -> 83 (80.0) {1832.3} [0.0, 3267.0] -> 82 (100.0) {1925.3} [0.0, 3264.0] -> 85 (130.0) {2029.5} [0.0, 3253.0] -> 76 (140.0) {2131.2} [2131.0, 2291.0] -> 71 (160.0) {2226.2} [2226.0, 2386.0] -> 70 (190.0) {2321.2} [2321.0, 2481.0] -> 73 (200.0) {2414.2} [2414.0, 2574.0] -> 80 (210.0) {2513.0} [2513.0, 2673.0] -> 79 (220.0) {2608.3} [2608.0, 2768.0] -> 81 (250.0) {2703.6} [2703.0, 2863.0] -> 78 (270.0) {2802.2} [2802.0, 2962.0] -> 77 (280.0) {2900.0} [2900.0, 3060.0] -> 87 (300.0) {3097.0} [3097.0, 3257.0] -> 96 (310.0) {3193.3} [0.0, 3275.0] -> 0 (310.0) {3307.4} [0.0, 3390.0]
#5: 0 (0.0) {162.0} -> 22 (20.0) {174.1} [22.0, 182.0] -> 24 (30.0) {267.7} [116.0, 276.0] -> 0 (30.0) {372.7} [0.0, 3390.0]
#6: 0 (0.0) {10.0} -> 67 (10.0) {22.2} [12.0, 172.0] -> 93 (50.0) {130.8} [8.0, 168.0] -> 0 (50.0) {229.0} [0.0, 3390.0]
#7: 0 (0.0) {125.0} -> 20 (10.0) {135.0} [10.0, 170.0] -> 0 (10.0) {235.0} [0.0, 3390.0]
#8: 0 (0.0) {596.0} -> 6 (20.0) {621.2} [497.0, 657.0] -> 32 (50.0) {717.5} [593.0, 753.0] -> 33 (90.0) {809.5} [685.0, 845.0] -> 36 (100.0) {1253.0} [1253.0, 1413.0] -> 34 (120.0) {1346.0} [0.0, 3267.0] -> 0 (120.0) {1468.3} [0.0, 3390.0]
#9: 0 (0.0) {750.0} -> 52 (10.0) {771.2} [0.0, 3278.0] -> 31 (30.0) {876.2} [0.0, 3266.0] -> 35 (40.0) {971.2} [876.0, 1036.0] -> 37 (60.0) {1067.0} [0.0, 3260.0] -> 38 (90.0) {1159.0} [1063.0, 1223.0] -> 39 (110.0) {1254.0} [1158.0, 1318.0] -> 28 (130.0) {1447.0} [1447.0, 1607.0] -> 26 (140.0) {1545.0} [0.0, 3265.0] -> 23 (150.0) {1643.0} [1643.0, 1803.0] -> 18 (170.0) {1742.0} [1742.0, 1902.0] -> 19 (180.0) {1837.0} [1837.0, 1997.0] -> 16 (220.0) {1934.0} [1934.0, 2094.0] -> 14 (230.0) {2026.0} [2026.0, 2186.0] -> 12 (250.0) {2119.0} [0.0, 3261.0] -> 15 (290.0) {2216.0} [2216.0, 2376.0] -> 17 (310.0) {2311.3} [2311.0, 2471.0] -> 13 (340.0) {2405.3} [2405.0, 2565.0] -> 25 (380.0) {2504.3} [2504.0, 2664.0] -> 9 (390.0) {2601.5} [2601.0, 2761.0] -> 11 (400.0) {2698.5} [2698.0, 2858.0] -> 10 (410.0) {2791.5} [2791.0, 2951.0] -> 8 (430.0) {2887.5} [2887.0, 3047.0] -> 0 (430.0) {2989.1} [0.0, 3390.0]
#10: 0 (0.0) {338.0} -> 27 (10.0) {355.1} [209.0, 369.0] -> 30 (20.0) {449.3} [303.0, 463.0] -> 29 (30.0) {544.3} [398.0, 558.0] -> 21 (50.0) {645.9} [0.0, 3288.0] -> 0 (50.0) {747.5} [0.0, 3390.0]
#11: 0 (0.0) {470.0} -> 99 (10.0) {503.5} [407.0, 567.0] -> 100 (30.0) {598.5} [502.0, 662.0] -> 98 (50.0) {698.9} [0.0, 3269.0] -> 7 (70.0) {793.9} [0.0, 3273.0] -> 3 (80.0) {888.0} [0.0, 3270.0] -> 4 (90.0) {1261.0} [1261.0, 1421.0] -> 91 (100.0) {1357.0} [0.0, 3277.0] -> 90 (110.0) {3119.0} [3119.0, 3279.0] -> 0 (110.0) {3229.6} [0.0, 3390.0]
#12: 0 (0.0) {683.0} -> 97 (30.0) {723.3} [597.0, 757.0] -> 92 (50.0) {820.3} [694.0, 854.0] -> 94 (60.0) {913.9} [0.0, 3259.0] -> 95 (90.0) {1007.5} [0.0, 3262.0] -> 1 (100.0) {1108.6} [0.0, 3272.0] -> 2 (130.0) {1207.2} [0.0, 3279.0] -> 75 (150.0) {1302.2} [0.0, 3284.0] -> 5 (160.0) {1395.2} [0.0, 3284.0] -> 0 (160.0) {1500.3} [0.0, 3390.0]

Dist: 961.0. Cost: 961.0

Root node processing (before b&c):
  Real time             =    0.00 sec. (1.32 ticks)
Parallel b&c, 8 threads:
  Real time             =    0.00 sec. (0.00 ticks)
  Sync time (average)   =    0.00 sec.
  Wait time (average)   =    0.00 sec.
                          ------------
Total (root+branch&cut) =    0.00 sec. (1.32 ticks)
