Solving instance /mnt/c/Users/bruno.mattos/OneDrive - americanas s.a/Documentos/GitHub/GenericILS/TWRD/100/C202_100_015.vrptwrd...
------------------------------------------------------------------------------------------------------------------------------------------------
|  Restart |  Iteration |  Best Feas. Cost |    Best Cost |   Curr. Cost |   Penalty Custom Res. |   Penalty Standard Res. |   Pool |   Time (s) |
------------------------------------------------------------------------------------------------------------------------------------------------
|        1 |          1 |              Inf |       770.39 |       772.77 |                 16.87 |                    5.00 |      7 |     0.3603 |
|        1 |          0 |           773.80 |       770.39 |       773.80 |                 10.39 |                    5.00 |      9 |     0.9858 |
|        1 |          1 |           773.80 |       761.07 |       761.07 |                 10.67 |                    5.00 |      9 |     1.0321 |
|        1 |          2 |           773.80 |       761.07 |       763.18 |                 16.19 |                    5.00 |      9 |     1.0806 |
|        1 |          3 |           773.80 |       761.07 |       770.97 |                 17.42 |                    5.00 |     10 |     1.1968 |
|        1 |          4 |           773.80 |       761.07 |       773.09 |                 24.39 |                    5.00 |     10 |     1.2419 |
|        1 |          5 |           773.80 |       761.07 |       773.80 |                 14.03 |                    5.00 |     10 |     1.2931 |
|        1 |          6 |           773.80 |       761.07 |       775.85 |                 20.05 |                    5.00 |     11 |     1.3366 |
|        1 |          7 |           773.80 |       761.07 |       773.43 |                 17.54 |                    5.00 |     11 |     1.3956 |
|        1 |          8 |           773.80 |       761.07 |       772.34 |                 16.47 |                    5.00 |     11 |     1.4478 |
|        1 |          9 |           773.80 |       761.07 |       770.94 |                 16.88 |                    5.00 |     11 |     1.5394 |
|        1 |         10 |           773.80 |       761.07 |       772.40 |                 11.50 |                    5.00 |     11 |     1.5926 |
|        1 |         11 |           773.80 |       761.07 |       763.30 |                 17.10 |                    5.00 |     11 |     1.6736 |
|        1 |         12 |           773.80 |       761.07 |       769.96 |                 17.35 |                    5.00 |     11 |     1.7769 |
|        1 |         13 |           773.80 |       761.07 |       772.31 |                 17.12 |                    5.00 |     11 |     1.8323 |
|        1 |         14 |           773.80 |       761.07 |       771.27 |                 14.98 |                    5.00 |     11 |     1.8862 |
|        1 |         15 |           773.80 |       761.07 |       770.26 |                 16.83 |                    5.00 |     11 |     1.9358 |
|        1 |         16 |           773.80 |       761.07 |       773.60 |                 14.15 |                    5.00 |     11 |     1.9952 |
|        1 |         17 |           773.80 |       761.07 |       769.16 |                 17.41 |                    5.00 |     11 |     2.0325 |
|        1 |         18 |           773.80 |       761.07 |       772.38 |                 16.83 |                    5.00 |     11 |     2.0994 |
|        1 |         19 |           773.80 |       761.07 |       770.69 |                 17.25 |                    5.00 |     11 |     2.1820 |
|        1 |         20 |           773.80 |       761.07 |       773.04 |                 13.23 |                    5.00 |     11 |     2.2726 |
|        1 |         21 |           773.80 |       761.07 |       766.76 |                 16.12 |                    5.00 |     11 |     2.3291 |
|        1 |         22 |           773.80 |       761.07 |       772.86 |                 17.24 |                    5.00 |     11 |     2.3768 |
|        1 |         23 |           773.80 |       761.07 |       770.91 |                 17.38 |                    5.00 |     11 |     2.5634 |
|        1 |         24 |           773.80 |       761.07 |       771.63 |                 17.10 |                    5.00 |     11 |     2.6752 |
|        1 |         25 |           773.80 |       761.07 |       788.49 |                 16.87 |                    5.00 |     12 |     2.7307 |
|        1 |         26 |           773.80 |       761.07 |       813.17 |                 17.68 |                    5.00 |     14 |     2.7774 |
|        1 |         27 |           773.80 |       761.07 |       785.62 |                 16.49 |                    5.00 |     14 |     2.9449 |
|        1 |          0 |           773.50 |       761.07 |       773.50 |                 11.08 |                    5.00 |     16 |     3.1512 |
|        1 |          1 |           773.50 |       761.07 |       780.65 |                 17.17 |                    5.00 |     16 |     3.1880 |
|        1 |          2 |           773.50 |       761.07 |       773.56 |                 16.59 |                    5.00 |     16 |     3.2615 |
|        1 |          3 |           773.50 |       761.07 |       773.04 |                 23.39 |                    5.00 |     16 |     3.3529 |
|        1 |          4 |           773.50 |       761.07 |       771.91 |                 17.78 |                    5.00 |     16 |     3.4221 |
|        1 |          5 |           773.50 |       761.07 |       772.78 |                  9.62 |                    5.00 |     16 |     3.4930 |
|        1 |          6 |           773.50 |       761.07 |       784.64 |                 15.81 |                    5.00 |     17 |     3.5382 |
|        1 |          7 |           773.50 |       761.07 |       771.21 |                 17.37 |                    5.00 |     17 |     3.6436 |
|        1 |          8 |           773.50 |       761.07 |       772.66 |                 17.31 |                    5.00 |     17 |     3.6948 |
|        1 |          9 |           773.50 |       761.07 |       772.82 |                 17.74 |                    5.00 |     17 |     3.7929 |
|        1 |         10 |           773.50 |       761.07 |       772.66 |                 16.46 |                    5.00 |     17 |     3.8672 |
|        1 |         11 |           773.50 |       761.07 |       772.53 |                 17.23 |                    5.00 |     17 |     3.9532 |
|        1 |         12 |           773.50 |       761.07 |       773.39 |                 17.17 |                    5.00 |     17 |     4.0174 |
|        1 |         13 |           773.50 |       761.07 |       772.96 |                 16.46 |                    5.00 |     17 |     4.0676 |
|        1 |         14 |           773.50 |       761.07 |       772.82 |                 14.97 |                    5.00 |     17 |     4.1925 |
|        1 |         15 |           773.50 |       761.07 |       771.14 |                 16.67 |                    5.00 |     17 |     4.2431 |
|        1 |         16 |           773.50 |       761.07 |       776.00 |                 14.23 |                    5.00 |     20 |     4.4327 |
|        1 |         17 |           773.50 |       761.07 |       770.03 |                 16.23 |                    5.00 |     20 |     4.6105 |
|        1 |         18 |           773.50 |       761.07 |       804.18 |                 17.32 |                    5.00 |     21 |     4.7041 |
|        1 |         19 |           773.50 |       761.07 |       804.04 |                 16.75 |                    5.00 |     21 |     4.7977 |
|        1 |         20 |           773.50 |       761.07 |       772.04 |                 17.12 |                    5.00 |     21 |     4.9423 |
|        1 |         21 |           773.50 |       761.07 |       770.58 |                 17.20 |                    5.00 |     21 |     5.0355 |
|        1 |         22 |           773.50 |       761.07 |       772.33 |                 19.70 |                    5.00 |     21 |     5.1017 |
|        1 |         23 |           773.50 |       761.07 |       773.50 |                 14.39 |                    5.00 |     21 |     5.1711 |
|        1 |         24 |           773.50 |       761.07 |       773.50 |                  9.15 |                    5.00 |     21 |     5.2141 |
|        1 |         25 |           773.50 |       754.23 |       754.23 |                 12.06 |                    5.00 |     21 |     5.3010 |
|        1 |         26 |           773.50 |       754.23 |       765.16 |                 17.60 |                    5.00 |     21 |     5.3616 |
|        1 |         27 |           773.50 |       754.23 |       770.50 |                 17.32 |                    5.00 |     21 |     5.4651 |
|        1 |         28 |           773.50 |       754.23 |       770.89 |                 16.86 |                    5.00 |     21 |     5.5844 |
|        1 |         29 |           773.50 |       754.23 |       771.71 |                 17.14 |                    5.00 |     21 |     5.6419 |
|        1 |         30 |           773.50 |       754.23 |       770.29 |                 17.39 |                    5.00 |     21 |     5.7324 |
|        1 |         31 |           773.50 |       754.23 |       772.66 |                 16.96 |                    5.00 |     21 |     5.8093 |
|        1 |         32 |           773.50 |       754.23 |       770.32 |                 17.40 |                    5.00 |     21 |     5.8841 |
|        1 |         33 |           773.50 |       754.23 |       773.80 |                 17.35 |                    5.00 |     21 |     5.9312 |
|        1 |         34 |           773.50 |       754.23 |       772.95 |                 13.32 |                    5.00 |     21 |     5.9932 |
|        1 |         35 |           773.50 |       754.23 |       767.21 |                 17.08 |                    5.00 |     21 |     6.0226 |
|        1 |         36 |           773.50 |       754.23 |       772.43 |                 17.18 |                    5.00 |     21 |     6.0849 |
|        1 |         37 |           773.50 |       754.23 |       770.74 |                 20.48 |                    5.00 |     21 |     6.1536 |
|        1 |         38 |           773.50 |       754.23 |       772.80 |                 17.55 |                    5.00 |     21 |     6.2171 |
|        1 |         39 |           773.50 |       754.23 |       773.50 |                 10.81 |                    5.00 |     21 |     6.2791 |
|        1 |         40 |           773.50 |       754.23 |       773.50 |                 15.60 |                    5.00 |     21 |     6.3272 |
|        1 |         41 |           773.50 |       754.23 |       771.47 |                 17.18 |                    5.00 |     21 |     6.3859 |
|        1 |         42 |           773.50 |       754.23 |       771.64 |                 16.61 |                    5.00 |     21 |     6.4449 |
|        1 |         43 |           773.50 |       754.23 |       771.87 |                 16.71 |                    5.00 |     21 |     6.5060 |
|        1 |         44 |           773.50 |       754.23 |       772.24 |                 17.25 |                    5.00 |     21 |     6.6291 |
|        1 |         45 |           773.50 |       754.23 |       772.45 |                 17.54 |                    5.00 |     21 |     6.6868 |
|        1 |         46 |           773.50 |       754.23 |       772.34 |                 17.15 |                    5.00 |     21 |     6.7305 |
|        1 |         47 |           773.50 |       754.23 |       770.65 |                 17.23 |                    5.00 |     21 |     6.8132 |
|        1 |         48 |           773.50 |       754.23 |       772.39 |                 17.32 |                    5.00 |     21 |     6.8851 |
|        1 |         49 |           773.50 |       754.23 |       773.80 |                 28.18 |                    5.00 |     21 |     6.9370 |
|        1 |         50 |           773.50 |       754.23 |       773.80 |                 17.54 |                    5.00 |     21 |     6.9976 |
|        1 |         51 |           773.50 |       754.23 |       770.11 |                 17.28 |                    5.00 |     21 |     7.0710 |
|        1 |         52 |           773.50 |       754.23 |       772.80 |                 16.54 |                    5.00 |     21 |     7.1248 |
|        1 |         53 |           773.50 |       754.23 |       773.38 |                 21.83 |                    5.00 |     21 |     7.1642 |
|        1 |         54 |           773.50 |       754.23 |       773.80 |                 15.02 |                    5.00 |     21 |     7.2145 |
|        1 |         55 |           773.50 |       754.23 |       770.35 |                 17.06 |                    5.00 |     21 |     7.2603 |
|        1 |         56 |           773.50 |       754.23 |       773.40 |                 18.42 |                    5.00 |     21 |     7.3141 |
|        1 |         57 |           773.50 |       754.23 |       772.62 |                 17.29 |                    5.00 |     21 |     7.3737 |
|        1 |         58 |           773.50 |       754.23 |       771.24 |                 16.86 |                    5.00 |     21 |     7.4553 |
|        1 |         59 |           773.50 |       754.23 |       778.30 |                  9.83 |                    5.00 |     21 |     7.5991 |
|        1 |         60 |           773.50 |       754.23 |       778.30 |                 18.00 |                    5.00 |     22 |     7.6745 |
|        1 |         61 |           773.50 |       754.23 |       778.30 |                 11.22 |                    5.00 |     22 |     7.7096 |
|        1 |         62 |           773.50 |       754.23 |       777.54 |                 11.26 |                    5.00 |     22 |     7.8173 |
|        1 |         63 |           773.50 |       754.23 |       778.30 |                 13.99 |                    5.00 |     22 |     7.8656 |
|        1 |         64 |           773.50 |       754.23 |       778.30 |                  7.97 |                    5.00 |     22 |     7.9090 |
|        1 |         65 |           773.50 |       754.23 |       774.63 |                  8.43 |                    5.00 |     22 |     7.9651 |
|        1 |         66 |           773.50 |       754.23 |       768.85 |                 14.12 |                    5.00 |     23 |     8.0257 |
|        1 |         67 |           773.50 |       754.23 |       770.73 |                 17.45 |                    5.00 |     23 |     8.1473 |
|        1 |         68 |           773.50 |       754.23 |       772.75 |                 16.18 |                    5.00 |     23 |     8.2319 |
|        1 |         69 |           773.50 |       754.23 |       768.70 |                 17.13 |                    5.00 |     23 |     8.2783 |
|        1 |         70 |           773.50 |       754.23 |       773.51 |                 16.72 |                    5.00 |     23 |     8.3454 |
|        1 |         71 |           773.50 |       754.23 |       773.37 |                 13.24 |                    5.00 |     23 |     8.3961 |
|        1 |         72 |           773.50 |       754.23 |       767.58 |                 17.29 |                    5.00 |     23 |     8.4388 |
|        1 |         73 |           773.50 |       754.23 |       773.76 |                 13.79 |                    5.00 |     23 |     8.5280 |
|        1 |         74 |           773.50 |       754.23 |       769.30 |                 10.39 |                    5.00 |     23 |     8.5786 |
|        1 |         75 |           773.50 |       754.23 |       788.59 |                 15.94 |                    5.00 |     24 |     8.6165 |
|        1 |         76 |           773.50 |       754.23 |       793.08 |                  8.81 |                    5.00 |     24 |     8.6682 |
|        1 |         77 |           773.50 |       754.23 |       782.71 |                 12.72 |                    5.00 |     24 |     8.6974 |
|        1 |         78 |           773.50 |       754.23 |       791.32 |                 16.63 |                    5.00 |     24 |     8.7342 |
|        1 |         79 |           773.50 |       754.23 |       773.50 |                 14.83 |                    5.00 |     24 |     8.8029 |
|        1 |         80 |           773.50 |       754.23 |       763.14 |                 17.00 |                    5.00 |     24 |     8.8635 |
|        1 |         81 |           773.50 |       754.23 |       772.57 |                 19.07 |                    5.00 |     24 |     8.9405 |
|        1 |         82 |           773.50 |       754.23 |       773.80 |                 17.54 |                    5.00 |     24 |     8.9937 |
|        1 |         83 |           773.50 |       754.23 |       772.98 |                 17.14 |                    5.00 |     24 |     9.0378 |
|        1 |         84 |           773.50 |       754.23 |       773.80 |                 17.44 |                    5.00 |     24 |     9.0839 |
|        1 |         85 |           773.50 |       754.23 |       772.75 |                 16.84 |                    5.00 |     24 |     9.1576 |
|        1 |         86 |           773.50 |       754.23 |       770.35 |                 17.07 |                    5.00 |     24 |     9.2673 |
|        1 |         87 |           773.50 |       754.23 |       767.05 |                 15.35 |                    5.00 |     24 |     9.3618 |
|        1 |         88 |           773.50 |       754.23 |       771.24 |                 11.55 |                    5.00 |     24 |     9.4334 |
|        1 |         89 |           773.50 |       754.23 |       764.51 |                 15.65 |                    5.00 |     24 |     9.5293 |
|        1 |         90 |           773.50 |       754.23 |       770.97 |                 13.57 |                    5.00 |     24 |     9.5852 |
|        1 |         91 |           773.50 |       754.23 |       769.59 |                 11.60 |                    5.00 |     24 |     9.6805 |
|        1 |         92 |           773.50 |       754.23 |       763.51 |                 14.15 |                    5.00 |     24 |     9.7060 |
|        1 |         93 |           773.50 |       754.23 |       769.75 |                 17.57 |                    5.00 |     24 |     9.7764 |
|        1 |         94 |           773.50 |       754.23 |       771.95 |                 17.28 |                    5.00 |     24 |     9.8834 |
|        1 |         95 |           773.50 |       754.23 |       768.55 |                 17.56 |                    5.00 |     24 |     9.9513 |
|        1 |         96 |           773.50 |       754.23 |       772.37 |                 19.34 |                    5.00 |     24 |    10.0119 |
|        1 |         97 |           773.50 |       754.23 |       773.52 |                 20.66 |                    5.00 |     24 |    10.0724 |
|        1 |         98 |           773.50 |       754.23 |       769.75 |                 17.59 |                    5.00 |     24 |    10.2368 |
|        1 |         99 |           773.50 |       754.23 |       772.75 |                 17.02 |                    5.00 |     24 |    10.2961 |
|        1 |        100 |           773.50 |       754.23 |       768.70 |                 16.79 |                    5.00 |     24 |    10.3586 |
|        1 |        101 |           773.50 |       754.23 |       772.54 |                 16.90 |                    5.00 |     24 |    10.4110 |
|        1 |        102 |           773.50 |       754.23 |       769.16 |                 21.27 |                    5.00 |     24 |    10.5761 |
|        1 |        103 |           773.50 |       754.23 |       773.37 |                 16.82 |                    5.00 |     24 |    10.6510 |
|        1 |        104 |           773.50 |       754.23 |       771.17 |                 17.54 |                    5.00 |     24 |    10.7889 |
|        1 |        105 |           773.50 |       754.23 |       773.80 |                 17.83 |                    5.00 |     24 |    10.8420 |
|        1 |        106 |           773.50 |       754.23 |       773.80 |                 17.42 |                    5.00 |     24 |    10.8923 |
|        1 |        107 |           773.50 |       754.23 |       773.09 |                 17.54 |                    5.00 |     24 |    10.9418 |
|        1 |        108 |           773.50 |       754.23 |       773.00 |                 13.22 |                    5.00 |     24 |    10.9932 |
|        1 |        109 |           773.50 |       754.23 |       767.27 |                 16.75 |                    5.00 |     24 |    11.0465 |
|        1 |        110 |           773.50 |       754.23 |       771.22 |                 16.70 |                    5.00 |     24 |    11.1015 |
|        1 |        111 |           773.50 |       754.23 |       773.69 |                 16.65 |                    5.00 |     24 |    11.1524 |
|        1 |        112 |           773.50 |       754.23 |       771.94 |                 18.88 |                    5.00 |     24 |    11.2250 |
|        1 |        113 |           773.50 |       754.23 |       770.41 |                 19.09 |                    5.00 |     24 |    11.4312 |
|        1 |        114 |           773.50 |       754.23 |       770.41 |                 17.59 |                    5.00 |     24 |    11.4582 |
|        1 |        115 |           773.50 |       754.23 |       770.38 |                 16.91 |                    5.00 |     24 |    11.6300 |
|        1 |        116 |           773.50 |       754.23 |       772.69 |                 20.74 |                    5.00 |     24 |    11.7311 |
|        1 |        117 |           773.50 |       754.23 |       772.54 |                 16.56 |                    5.00 |     24 |    11.8123 |
|        1 |        118 |           773.50 |       754.23 |       768.77 |                 11.03 |                    5.00 |     25 |    11.9168 |
|        1 |        119 |           773.50 |       754.23 |       768.26 |                 11.81 |                    5.00 |     25 |    11.9520 |
|        1 |        120 |           773.50 |       754.23 |       770.05 |                  9.84 |                    5.00 |     25 |    11.9938 |
|        1 |        121 |           773.50 |       754.23 |       765.87 |                 12.97 |                    5.00 |     25 |    12.0503 |
|        1 |        122 |           773.50 |       754.23 |       770.41 |                 16.76 |                    5.00 |     25 |    12.1095 |
|        1 |        123 |           773.50 |       754.23 |       793.05 |                 16.05 |                    5.00 |     26 |    12.1617 |
|        1 |        124 |           773.50 |       754.23 |       774.46 |                 19.64 |                    5.00 |     26 |    12.2893 |
|        1 |        125 |           773.50 |       754.23 |       775.94 |                 15.26 |                    5.00 |     26 |    12.3268 |
|        1 |        126 |           773.50 |       754.23 |       771.36 |                 22.95 |                    5.00 |     26 |    12.3621 |
|        1 |        127 |           773.50 |       754.23 |       778.30 |                 19.31 |                    5.00 |     26 |    12.4042 |
|        1 |        128 |           773.50 |       754.23 |       775.41 |                 14.84 |                    5.00 |     26 |    12.4559 |
|        1 |        129 |           773.50 |       754.23 |       786.20 |                 10.53 |                    5.00 |     28 |    12.5146 |
|        1 |        130 |           773.50 |       754.23 |       774.26 |                 12.16 |                    5.00 |     29 |    12.6097 |
|        1 |        131 |           773.50 |       754.23 |       774.26 |                 17.23 |                    5.00 |     29 |    12.6422 |
|        1 |        132 |           773.50 |       754.23 |       788.50 |                  9.99 |                    5.00 |     30 |    12.7309 |
|        1 |        133 |           773.50 |       754.23 |       769.93 |                 14.25 |                    5.00 |     30 |    12.8109 |
|        1 |        134 |           773.50 |       754.23 |       764.55 |                 12.22 |                    5.00 |     30 |    12.8769 |
|        1 |        135 |           773.50 |       754.23 |       763.07 |                 14.59 |                    5.00 |     30 |    12.9203 |
|        1 |        136 |           773.50 |       754.23 |       771.89 |                 17.23 |                    5.00 |     30 |    12.9833 |
|        1 |        137 |           773.50 |       754.23 |       772.73 |                 17.54 |                    5.00 |     30 |    13.0264 |
|        1 |        138 |           773.50 |       754.23 |       771.05 |                 11.58 |                    5.00 |     30 |    13.1136 |
|        1 |        139 |           773.50 |       754.23 |       764.89 |                 17.94 |                    5.00 |     30 |    13.1700 |
|        1 |        140 |           773.50 |       754.23 |       773.80 |                 15.39 |                    5.00 |     30 |    13.2344 |
|        1 |        141 |           773.50 |       754.23 |       771.09 |                 18.95 |                    5.00 |     30 |    13.2757 |
|        1 |        142 |           773.50 |       754.23 |       770.37 |                 13.30 |                    5.00 |     30 |    13.3382 |
|        1 |        143 |           773.50 |       754.23 |       767.99 |                 16.37 |                    5.00 |     30 |    13.3800 |
|        1 |        144 |           773.50 |       754.23 |       772.37 |                 16.64 |                    5.00 |     30 |    13.4393 |
|        1 |        145 |           773.50 |       754.23 |       770.93 |                 20.00 |                    5.00 |     30 |    13.5370 |
|        1 |        146 |           773.50 |       754.23 |       772.33 |                 15.81 |                    5.00 |     30 |    13.6201 |
|        1 |        147 |           773.50 |       754.23 |       786.27 |                 17.19 |                    5.00 |     30 |    13.7245 |
|        1 |        148 |           773.50 |       754.23 |       790.47 |                 13.06 |                    5.00 |     30 |    13.7906 |
|        1 |        149 |           773.50 |       754.23 |       799.97 |                 25.68 |                    5.00 |     32 |    13.8462 |
|        1 |        150 |           773.50 |       754.23 |       799.97 |                 21.38 |                    5.00 |     32 |    13.8916 |
|        1 |        151 |           773.50 |       754.23 |       778.30 |                 12.15 |                    5.00 |     32 |    13.9658 |
|        1 |        152 |           773.50 |       754.23 |       774.40 |                 12.47 |                    5.00 |     33 |    14.0262 |
|        1 |        153 |           773.50 |       754.23 |       782.28 |                 17.45 |                    5.00 |     33 |    14.0954 |
|        1 |        154 |           773.50 |       754.23 |       771.93 |                 15.93 |                    5.00 |     33 |    14.2677 |
|        1 |        155 |           773.50 |       754.23 |       772.16 |                 17.04 |                    5.00 |     33 |    14.3108 |
|        1 |        156 |           773.50 |       754.23 |       773.02 |                 11.72 |                    5.00 |     33 |    14.3725 |
|        1 |        157 |           773.50 |       754.23 |       765.67 |                 16.91 |                    5.00 |     33 |    14.4180 |
|        1 |        158 |           773.50 |       754.23 |       771.79 |                 16.49 |                    5.00 |     33 |    14.4922 |
|        1 |        159 |           773.50 |       754.23 |       769.95 |                 17.35 |                    5.00 |     33 |    14.6499 |
|        1 |        160 |           773.50 |       754.23 |       788.50 |                 17.45 |                    5.00 |     33 |    14.7145 |
|        1 |        161 |           773.50 |       754.23 |       783.85 |                 16.89 |                    5.00 |     33 |    14.7550 |
|        1 |        162 |           773.50 |       754.23 |       786.20 |                 13.45 |                    5.00 |     33 |    14.8706 |
|        1 |        163 |           773.50 |       754.23 |       777.73 |                 17.36 |                    5.00 |     33 |    14.9387 |
|        1 |        164 |           773.50 |       754.23 |       787.99 |                 16.96 |                    5.00 |     33 |    14.9872 |
|        1 |        165 |           773.50 |       754.23 |       788.20 |                 12.41 |                    5.00 |     33 |    15.0281 |
|        1 |        166 |           773.50 |       754.23 |       782.11 |                 17.92 |                    5.00 |     33 |    15.0623 |
|        1 |        167 |           773.50 |       754.23 |       786.73 |                 17.50 |                    5.00 |     33 |    15.1228 |
|        1 |        168 |           773.50 |       754.23 |       773.07 |                 20.68 |                    5.00 |     33 |    15.1720 |
|        1 |        169 |           773.50 |       754.23 |       771.75 |                 17.52 |                    5.00 |     33 |    15.2666 |
|        1 |        170 |           773.50 |       754.23 |       768.48 |                 17.50 |                    5.00 |     33 |    15.4420 |
|        1 |        171 |           773.50 |       754.23 |       771.32 |                 15.31 |                    5.00 |     33 |    15.4927 |
|        1 |        172 |           773.50 |       754.23 |       771.85 |                 15.58 |                    5.00 |     33 |    15.5338 |
|        1 |        173 |           773.50 |       754.23 |       767.59 |                 13.60 |                    5.00 |     33 |    15.6172 |
|        1 |        174 |           773.50 |       754.23 |       767.50 |                 16.41 |                    5.00 |     33 |    15.6513 |
|        1 |        175 |           773.50 |       754.23 |       773.06 |                 17.52 |                    5.00 |     33 |    15.7188 |
|        1 |        176 |           773.50 |       754.23 |       791.58 |                 16.91 |                    5.00 |     33 |    15.7909 |
|        1 |        177 |           773.50 |       754.23 |       788.57 |                 16.86 |                    5.00 |     33 |    15.8435 |
|        1 |        178 |           773.50 |       754.23 |       786.40 |                 11.13 |                    5.00 |     34 |    15.9277 |
|        1 |        179 |           773.50 |       754.23 |       773.69 |                 10.23 |                    5.00 |     34 |    15.9840 |
|        1 |        180 |           773.50 |       754.23 |       776.58 |                 15.69 |                    5.00 |     34 |    16.0195 |
|        1 |        181 |           773.50 |       754.23 |       785.95 |                 17.45 |                    5.00 |     34 |    16.0689 |
|        1 |        182 |           773.50 |       754.23 |       784.50 |                  9.36 |                    5.00 |     36 |    16.1338 |
|        1 |        183 |           773.50 |       754.23 |       771.01 |                 14.89 |                    5.00 |     36 |    16.2455 |
|        1 |        184 |           773.50 |       754.23 |       781.40 |                 19.43 |                    5.00 |     36 |    16.3058 |
|        1 |        185 |           773.50 |       754.23 |       771.96 |                 15.62 |                    5.00 |     36 |    16.4403 |
|        1 |        186 |           773.50 |       754.23 |       769.12 |                 16.70 |                    5.00 |     36 |    16.4918 |
|        1 |        187 |           773.50 |       754.23 |       773.80 |                 14.47 |                    5.00 |     36 |    16.5388 |
|        1 |        188 |           773.50 |       754.23 |       770.71 |                 16.77 |                    5.00 |     36 |    16.5815 |
|        1 |        189 |           773.50 |       754.23 |       771.70 |                 19.52 |                    5.00 |     36 |    16.7390 |
|        1 |        190 |           773.50 |       754.23 |       773.80 |                 20.87 |                    5.00 |     36 |    16.7971 |
|        1 |        191 |           773.50 |       754.23 |       773.42 |                 16.68 |                    5.00 |     36 |    16.9348 |
|        1 |        192 |           773.50 |       754.23 |       778.30 |                  8.12 |                    5.00 |     36 |    17.1102 |
|        1 |        193 |           773.50 |       754.23 |       777.39 |                 15.19 |                    5.00 |     36 |    17.1709 |
|        1 |        194 |           773.50 |       754.23 |       773.50 |                 13.41 |                    5.00 |     36 |    17.2464 |
|        1 |        195 |           773.50 |       754.23 |       773.50 |                 11.39 |                    5.00 |     36 |    17.2874 |
|        1 |        196 |           773.50 |       754.23 |       767.33 |                  8.24 |                    5.00 |     36 |    17.3659 |
|        1 |        197 |           773.50 |       754.23 |       764.58 |                 17.03 |                    5.00 |     36 |    17.4334 |
|        1 |        198 |           773.50 |       754.23 |       772.34 |                 17.49 |                    5.00 |     36 |    17.4876 |
|        1 |        199 |           773.50 |       754.23 |       770.33 |                 19.80 |                    5.00 |     36 |    17.5809 |
|        1 |        200 |           773.50 |       754.23 |       771.41 |                 19.53 |                    5.00 |     36 |    17.6478 |
|        1 |        201 |           773.50 |       754.23 |       772.56 |                 17.44 |                    5.00 |     36 |    17.7027 |
|        1 |        202 |           773.50 |       754.23 |       772.79 |                 11.89 |                    5.00 |     36 |    17.7508 |
|        1 |        203 |           773.50 |       754.23 |       761.81 |                 12.97 |                    5.00 |     36 |    17.7996 |
|        1 |        204 |           773.50 |       754.23 |       765.96 |                 15.93 |                    5.00 |     36 |    17.8702 |
|        1 |        205 |           773.50 |       754.23 |       772.16 |                 16.87 |                    5.00 |     36 |    17.9110 |
|        1 |        206 |           773.50 |       754.23 |       771.42 |                 17.85 |                    5.00 |     36 |    17.9732 |
|        1 |        207 |           773.50 |       754.23 |       772.82 |                 19.22 |                    5.00 |     36 |    18.0893 |
|        1 |        208 |           773.50 |       754.23 |       772.26 |                 17.09 |                    5.00 |     36 |    18.2229 |
|        1 |        209 |           773.50 |       754.23 |       773.06 |                 17.17 |                    5.00 |     36 |    18.3025 |
|        1 |        210 |           773.50 |       754.23 |       772.24 |                 17.43 |                    5.00 |     36 |    18.3897 |
|        1 |        211 |           773.50 |       754.23 |       772.47 |                 16.86 |                    5.00 |     36 |    18.4843 |
|        1 |        212 |           773.50 |       754.23 |       771.04 |                 17.99 |                    5.00 |     36 |    18.5694 |
|        1 |        213 |           773.50 |       754.23 |       768.83 |                 18.83 |                    5.00 |     36 |    18.6475 |
|        1 |        214 |           773.50 |       754.23 |       772.68 |                 17.49 |                    5.00 |     36 |    18.7118 |
|        1 |        215 |           773.50 |       754.23 |       773.24 |                 16.92 |                    5.00 |     36 |    18.7672 |
|        1 |        216 |           773.50 |       754.23 |       773.80 |                 11.87 |                    5.00 |     36 |    18.8281 |
|        1 |        217 |           773.50 |       754.23 |       763.11 |                 17.48 |                    5.00 |     36 |    18.8760 |
|        1 |        218 |           773.50 |       754.23 |       771.56 |                 17.22 |                    5.00 |     36 |    18.9552 |
|        1 |        219 |           773.50 |       754.23 |       773.03 |                 17.15 |                    5.00 |     36 |    19.0235 |
|        1 |        220 |           773.50 |       754.23 |       804.31 |                 11.92 |                    5.00 |     38 |    19.1118 |
|        1 |        221 |           773.50 |       754.23 |       795.54 |                 15.58 |                    5.00 |     38 |    19.1534 |
|        1 |        222 |           773.50 |       754.23 |       801.91 |                 17.17 |                    5.00 |     38 |    19.2007 |
|        1 |        223 |           773.50 |       754.23 |       804.68 |                 20.72 |                    5.00 |     38 |    19.2346 |
|        1 |        224 |           773.50 |       754.23 |       787.80 |                 11.11 |                    5.00 |     40 |    19.2861 |
|        1 |        225 |           773.50 |       754.23 |       790.80 |                  9.42 |                    5.00 |     41 |    19.3628 |
|        1 |        226 |           773.50 |       754.23 |       757.69 |                 13.33 |                    5.00 |     41 |    19.4109 |
|        1 |        227 |           773.50 |       754.23 |       767.78 |                 11.78 |                    5.00 |     41 |    19.4751 |
|        1 |        228 |           773.50 |       754.23 |       765.04 |                 16.83 |                    5.00 |     41 |    19.5263 |
|        1 |        229 |           773.50 |       754.23 |       771.65 |                 17.11 |                    5.00 |     41 |    19.5771 |
|        1 |        230 |           773.50 |       754.23 |       773.51 |                 15.90 |                    5.00 |     41 |    19.6370 |
|        1 |        231 |           773.50 |       754.23 |       783.78 |                 16.29 |                    5.00 |     41 |    19.7297 |
|        1 |        232 |           773.50 |       754.23 |       771.38 |                 11.40 |                    5.00 |     41 |    19.8425 |
|        1 |        233 |           773.50 |       754.23 |       769.59 |                 15.32 |                    5.00 |     41 |    19.9239 |
|        1 |        234 |           773.50 |       754.23 |       787.99 |                 18.30 |                    5.00 |     41 |    19.9608 |
------------------------------------------------------------------------------------------------------------------------------------------------
|  Restart |  Iteration |  Best Feas. Cost |    Best Cost |   Curr. Cost |   Penalty Custom Res. |   Penalty Standard Res. |   Pool |   Time (s) |
------------------------------------------------------------------------------------------------------------------------------------------------
|        1 |        235 |           773.50 |       754.23 |       787.79 |                 20.98 |                    5.00 |     41 |    20.0162 |
|        1 |        236 |           773.50 |       754.23 |       783.50 |                 17.60 |                    5.00 |     41 |    20.1122 |
|        1 |        237 |           773.50 |       754.23 |       774.73 |                 14.78 |                    5.00 |     42 |    20.1771 |
|        1 |        238 |           773.50 |       754.23 |       774.67 |                 17.14 |                    5.00 |     42 |    20.2115 |
|        1 |        239 |           773.50 |       754.23 |       778.36 |                 16.25 |                    5.00 |     42 |    20.2674 |
|        1 |        240 |           773.50 |       754.23 |       777.61 |                 17.56 |                    5.00 |     42 |    20.3085 |
|        1 |        241 |           773.50 |       754.23 |       776.86 |                 16.64 |                    5.00 |     42 |    20.3644 |
|        1 |        242 |           773.50 |       754.23 |       772.13 |                 17.54 |                    5.00 |     42 |    20.4871 |
|        1 |        243 |           773.50 |       754.23 |       772.61 |                 13.86 |                    5.00 |     42 |    20.5728 |
|        1 |        244 |           773.50 |       754.23 |       768.02 |                 16.56 |                    5.00 |     42 |    20.6006 |
|        1 |        245 |           773.50 |       754.23 |       771.79 |                 17.53 |                    5.00 |     42 |    20.6545 |
|        1 |        246 |           773.50 |       754.23 |       773.80 |                 18.74 |                    5.00 |     42 |    20.7126 |
|        1 |        247 |           773.50 |       754.23 |       773.80 |                 14.27 |                    5.00 |     42 |    20.7574 |
|        1 |        248 |           773.50 |       754.23 |       771.87 |                 17.40 |                    5.00 |     42 |    20.9369 |
|        1 |        249 |           773.50 |       754.23 |       772.67 |                 18.02 |                    5.00 |     42 |    21.0178 |
|        1 |        250 |           773.50 |       754.23 |       771.47 |                 17.19 |                    5.00 |     42 |    21.1305 |
|        1 |        251 |           773.50 |       754.23 |       771.07 |                 17.12 |                    5.00 |     42 |    21.1905 |
|        1 |        252 |           773.50 |       754.23 |       770.58 |                 16.20 |                    5.00 |     42 |    21.2780 |
|        1 |        253 |           773.50 |       754.23 |       773.33 |                 17.49 |                    5.00 |     42 |    21.3289 |
|        1 |        254 |           773.50 |       754.23 |       770.88 |                 16.20 |                    5.00 |     42 |    21.4436 |
|        1 |        255 |           773.50 |       754.23 |       772.02 |                 16.95 |                    5.00 |     42 |    21.5127 |
|        1 |        256 |           773.50 |       754.23 |       772.51 |                 20.42 |                    5.00 |     42 |    21.5674 |
|        1 |        257 |           773.50 |       754.23 |       773.35 |                 14.76 |                    5.00 |     42 |    21.6486 |
|        1 |        258 |           773.50 |       754.23 |       773.19 |                 17.60 |                    5.00 |     42 |    21.7101 |
|        1 |        259 |           773.50 |       754.23 |       773.76 |                 24.66 |                    7.01 |     42 |    21.7592 |
|        1 |        260 |           773.50 |       754.23 |       770.99 |                 18.88 |                    5.00 |     42 |    21.8702 |
|        1 |        261 |           773.50 |       754.23 |       772.06 |                 15.68 |                    5.00 |     42 |    21.9622 |
|        1 |        262 |           773.50 |       754.23 |       769.83 |                 17.11 |                    5.00 |     42 |    22.0096 |
|        1 |        263 |           773.50 |       754.23 |       772.16 |                 18.09 |                    5.00 |     42 |    22.0696 |
|        1 |        264 |           773.50 |       754.23 |       771.57 |                 17.39 |                    5.00 |     42 |    22.2132 |
|        1 |        265 |           773.50 |       754.23 |       771.57 |                 17.52 |                    5.00 |     42 |    22.2536 |
|        1 |        266 |           773.50 |       754.23 |       770.37 |                 17.25 |                    5.00 |     42 |    22.3310 |
|        1 |        267 |           773.50 |       754.23 |       771.49 |                 17.53 |                    5.00 |     42 |    22.3911 |
|        1 |        268 |           773.50 |       754.23 |       772.82 |                 18.46 |                    5.00 |     42 |    22.5112 |
|        1 |        269 |           773.50 |       754.23 |       773.80 |                 29.46 |                    5.00 |     42 |    22.5590 |
|        1 |        270 |           773.50 |       754.23 |       773.80 |                 19.91 |                    5.00 |     42 |    22.5917 |
|        1 |        271 |           773.50 |       754.23 |       787.80 |                 12.10 |                    5.00 |     42 |    22.7145 |
|        1 |        272 |           773.50 |       754.23 |       787.80 |                 14.01 |                    5.00 |     42 |    22.7659 |
|        1 |        273 |           773.50 |       754.23 |       787.78 |                 13.00 |                    5.00 |     42 |    22.8462 |
|        1 |        274 |           773.50 |       754.23 |       812.01 |                 10.06 |                    5.00 |     42 |    22.9351 |
|        1 |        275 |           773.50 |       754.23 |       783.31 |                  8.12 |                    5.00 |     42 |    23.0023 |
|        1 |        276 |           773.50 |       754.23 |       778.93 |                 19.12 |                    5.00 |     42 |    23.0780 |
|        1 |        277 |           773.50 |       754.23 |       788.16 |                 18.61 |                    5.00 |     42 |    23.1887 |
|        1 |        278 |           773.50 |       754.23 |       778.30 |                 17.10 |                    5.00 |     42 |    23.2714 |
|        1 |        279 |           773.50 |       754.23 |       778.30 |                 11.20 |                    5.00 |     42 |    23.3244 |
|        1 |        280 |           773.50 |       754.23 |       777.11 |                 17.69 |                    5.00 |     42 |    23.3752 |
|        1 |        281 |           773.50 |       754.23 |       777.26 |                 14.43 |                    5.00 |     42 |    23.4293 |
|        1 |        282 |           773.50 |       754.23 |       771.73 |                 11.32 |                    5.00 |     42 |    23.4707 |
|        1 |        283 |           773.50 |       754.23 |       767.77 |                  9.14 |                    5.00 |     42 |    23.5236 |
|        1 |        284 |           773.50 |       754.23 |       777.80 |                 14.87 |                    5.00 |     42 |    23.5789 |
|        1 |        285 |           773.50 |       754.23 |       778.30 |                  9.27 |                    5.00 |     42 |    23.6210 |
|        1 |        286 |           773.50 |       754.23 |       776.00 |                 14.35 |                    5.00 |     42 |    23.6805 |
|        1 |        287 |           773.50 |       754.23 |       776.00 |                 12.82 |                    5.00 |     42 |    23.7179 |
|        1 |        288 |           773.50 |       754.23 |       766.68 |                 16.55 |                    5.00 |     42 |    23.7926 |
|        1 |        289 |           773.50 |       754.23 |       772.32 |                 17.29 |                    5.00 |     42 |    23.8828 |
|        1 |        290 |           773.50 |       754.23 |       771.89 |                 12.64 |                    5.00 |     42 |    23.9370 |
|        1 |        291 |           773.50 |       754.23 |       763.33 |                 15.19 |                    5.00 |     42 |    24.0344 |
|        1 |        292 |           773.50 |       754.23 |       766.08 |                 17.70 |                    5.00 |     42 |    24.1342 |
|        1 |        293 |           773.50 |       754.23 |       773.29 |                  9.66 |                    5.26 |     42 |    24.2149 |
|        1 |        294 |           773.50 |       754.23 |       764.18 |                 17.20 |                    5.00 |     42 |    24.2685 |
|        1 |        295 |           773.50 |       754.23 |       770.17 |                 16.62 |                    5.00 |     42 |    24.3416 |
|        1 |        296 |           773.50 |       754.23 |       772.53 |                 12.90 |                    5.00 |     42 |    24.3895 |
|        1 |        297 |           773.50 |       754.23 |       769.69 |                 11.50 |                    5.00 |     42 |    24.4694 |
|        1 |        298 |           773.50 |       754.23 |       767.53 |                 17.09 |                    5.00 |     42 |    24.5325 |
|        1 |        299 |           773.50 |       754.23 |       773.09 |                 17.55 |                    5.00 |     42 |    24.5831 |
|        1 |        300 |           773.50 |       754.23 |       773.80 |                 16.48 |                    5.00 |     42 |    24.6295 |
|        1 |        301 |           773.50 |       754.23 |       772.25 |                 17.24 |                    5.00 |     42 |    24.7046 |
|        1 |        302 |           773.50 |       754.23 |       770.50 |                 17.51 |                    5.00 |     42 |    24.7824 |
|        1 |        303 |           773.50 |       754.23 |       770.72 |                 16.43 |                    5.00 |     42 |    24.8438 |
|        1 |        304 |           773.50 |       754.23 |       772.46 |                 14.96 |                    5.00 |     42 |    24.9054 |
|        1 |        305 |           773.50 |       754.23 |       772.66 |                 17.15 |                    5.00 |     42 |    24.9608 |
|        1 |        306 |           773.50 |       754.23 |       773.23 |                 23.78 |                    5.00 |     42 |    25.0091 |
|        1 |        307 |           773.50 |       754.23 |       767.87 |                 17.32 |                    5.00 |     42 |    25.1200 |
|        1 |        308 |           773.50 |       754.23 |       771.87 |                 10.75 |                    5.00 |     42 |    25.2240 |
|        1 |        309 |           773.50 |       754.23 |       767.50 |                 18.58 |                    5.00 |     42 |    25.2667 |
|        1 |        310 |           773.50 |       754.23 |       798.80 |                 26.02 |                    5.00 |     42 |    25.3261 |
|        1 |        311 |           773.50 |       754.23 |       795.50 |                 21.19 |                    5.00 |     42 |    25.4104 |
|        1 |        312 |           773.50 |       754.23 |       778.30 |                 11.01 |                    5.00 |     42 |    25.4756 |
|        1 |        313 |           773.50 |       754.23 |       778.30 |                 15.74 |                    5.00 |     42 |    25.5156 |
|        1 |        314 |           773.50 |       754.23 |       778.30 |                 20.37 |                    5.00 |     42 |    25.5560 |
|        1 |        315 |           773.50 |       754.23 |       778.30 |                 12.08 |                    5.00 |     42 |    25.5941 |
|        1 |        316 |           773.50 |       754.23 |       776.43 |                 12.77 |                    5.00 |     42 |    25.6587 |
|        1 |        317 |           773.50 |       754.23 |       778.30 |                 17.54 |                    5.00 |     42 |    25.7053 |
|        1 |        318 |           773.50 |       754.23 |       767.15 |                 17.29 |                    5.00 |     42 |    25.7735 |
|        1 |        319 |           773.50 |       754.23 |       773.13 |                 17.39 |                    5.00 |     42 |    25.8369 |
|        1 |        320 |           773.50 |       754.23 |       771.42 |                 16.48 |                    5.00 |     42 |    25.8922 |
|        1 |        321 |           773.50 |       754.23 |       790.17 |                 15.88 |                    5.00 |     42 |    25.9943 |
|        1 |        322 |           773.50 |       754.23 |       766.14 |                 16.37 |                    5.00 |     42 |    26.1351 |
|        1 |        323 |           773.50 |       754.23 |       766.14 |                 17.17 |                    5.00 |     42 |    26.1723 |
|        1 |        324 |           773.50 |       754.23 |       771.36 |                 17.13 |                    5.00 |     42 |    26.2140 |
|        1 |        325 |           773.50 |       754.23 |       770.93 |                 17.22 |                    5.00 |     42 |    26.2780 |
|        1 |        326 |           773.50 |       754.23 |       771.77 |                 17.34 |                    5.00 |     42 |    26.3289 |
|        1 |        327 |           773.50 |       754.23 |       772.19 |                 16.22 |                    5.00 |     42 |    26.4260 |
|        1 |        328 |           773.50 |       754.23 |       771.44 |                 17.17 |                    5.00 |     42 |    26.4783 |
|        1 |        329 |           773.50 |       754.23 |       767.52 |                 14.55 |                    5.00 |     42 |    26.5634 |
|        1 |        330 |           773.50 |       754.23 |       767.52 |                 13.13 |                    5.00 |     42 |    26.6028 |
|        1 |        331 |           773.50 |       754.23 |       767.09 |                 20.33 |                    5.00 |     42 |    26.6494 |
|        1 |        332 |           773.50 |       754.23 |       771.92 |                 17.79 |                    5.00 |     42 |    26.7107 |
|        1 |        333 |           773.50 |       754.23 |       794.10 |                 21.37 |                    5.00 |     42 |    26.8060 |
|        1 |        334 |           773.50 |       754.23 |       773.50 |                 16.24 |                    5.00 |     42 |    26.8827 |
|        1 |        335 |           773.50 |       754.23 |       773.50 |                 10.13 |                    5.00 |     42 |    26.9185 |
|        1 |        336 |           773.50 |       754.23 |       761.93 |                 13.16 |                    5.00 |     42 |    27.0398 |
|        1 |        337 |           773.50 |       754.23 |       766.35 |                 16.20 |                    5.00 |     42 |    27.0737 |
|        1 |        338 |           773.50 |       754.23 |       773.80 |                 17.46 |                    5.00 |     42 |    27.1512 |
|        1 |        339 |           773.50 |       754.23 |       772.44 |                 18.06 |                    5.00 |     42 |    27.2364 |
|        1 |        340 |           773.50 |       754.23 |       771.51 |                 17.03 |                    5.00 |     42 |    27.3623 |
|        1 |        341 |           773.50 |       754.23 |       773.34 |                 14.03 |                    5.00 |     42 |    27.4156 |
|        1 |        342 |           773.50 |       754.23 |       772.84 |                 16.89 |                    5.00 |     42 |    27.4812 |
|        1 |        343 |           773.50 |       754.23 |       773.02 |                 11.38 |                    5.00 |     42 |    27.5537 |
|        1 |        344 |           773.50 |       754.23 |       764.22 |                 20.66 |                    5.00 |     42 |    27.6104 |
|        1 |        345 |           773.50 |       754.23 |       770.72 |                 16.42 |                    5.00 |     42 |    27.7567 |
|        1 |        346 |           773.50 |       754.23 |       770.89 |                 16.85 |                    5.00 |     42 |    27.8216 |
|        1 |        347 |           773.50 |       754.23 |       772.98 |                 16.46 |                    5.00 |     42 |    27.8726 |
|        1 |        348 |           773.50 |       754.23 |       771.84 |                 17.55 |                    5.00 |     42 |    27.9643 |
|        1 |        349 |           773.50 |       754.23 |       770.77 |                 19.32 |                    5.00 |     42 |    28.0266 |
|        1 |        350 |           773.50 |       754.23 |       773.80 |                 19.44 |                    5.00 |     42 |    28.0938 |
|        1 |        351 |           773.50 |       754.23 |       772.65 |                 16.95 |                    5.00 |     42 |    28.1940 |
|        1 |        352 |           773.50 |       754.23 |       772.17 |                 17.91 |                    5.00 |     42 |    28.2735 |
|        1 |        353 |           773.50 |       754.23 |       773.01 |                 19.34 |                    5.00 |     42 |    28.3329 |
|        1 |        354 |           773.50 |       754.23 |       772.57 |                 16.40 |                    5.00 |     42 |    28.3983 |
|        1 |        355 |           773.50 |       754.23 |       772.05 |                 17.50 |                    5.00 |     42 |    28.4710 |
|        1 |        356 |           773.50 |       754.23 |       771.86 |                 16.70 |                    5.00 |     42 |    28.5727 |
|        1 |        357 |           773.50 |       754.23 |       772.60 |                 16.27 |                    5.00 |     42 |    28.6749 |
|        1 |        358 |           773.50 |       754.23 |       772.50 |                 17.22 |                    5.00 |     42 |    28.7262 |
|        1 |        359 |           773.50 |       754.23 |       772.72 |                 17.34 |                    5.00 |     42 |    28.7681 |
|        1 |        360 |           773.50 |       754.23 |       770.72 |                 15.79 |                    5.00 |     42 |    28.8209 |
|        1 |        361 |           773.50 |       754.23 |       773.04 |                 13.23 |                    5.00 |     42 |    28.9258 |
|        1 |        362 |           773.50 |       754.23 |       768.11 |                 14.42 |                    5.00 |     42 |    28.9817 |
|        1 |        363 |           773.50 |       754.23 |       770.02 |                 16.72 |                    5.00 |     42 |    29.0210 |
|        1 |        364 |           773.50 |       754.23 |       770.98 |                 20.65 |                    5.00 |     42 |    29.1561 |
|        1 |        365 |           773.50 |       754.23 |       778.30 |                  8.40 |                    5.00 |     42 |    29.2954 |
|        1 |        366 |           773.50 |       754.23 |       775.99 |                 15.71 |                    5.00 |     42 |    29.3493 |
|        1 |        367 |           773.50 |       754.23 |       788.32 |                 16.78 |                    5.00 |     42 |    29.4160 |
|        1 |        368 |           773.50 |       754.23 |       788.52 |                 20.62 |                    5.00 |     42 |    29.4712 |
|        1 |        369 |           773.50 |       754.23 |       788.80 |                 17.00 |                    5.00 |     42 |    29.5174 |
|        1 |        370 |           773.50 |       754.23 |       773.74 |                 26.00 |                    5.00 |     42 |    29.5899 |
|        1 |        371 |           773.50 |       754.23 |       788.80 |                 16.21 |                    5.00 |     42 |    29.6262 |
|        1 |        372 |           773.50 |       754.23 |       776.00 |                 11.60 |                    5.00 |     42 |    29.6909 |
|        1 |        373 |           773.50 |       754.23 |       770.47 |                  8.22 |                    5.00 |     43 |    29.7628 |
|        1 |        374 |           773.50 |       754.23 |       770.66 |                 12.99 |                    5.00 |     43 |    29.7985 |
|        1 |        375 |           773.50 |       754.23 |       786.15 |                 15.21 |                    5.00 |     43 |    29.8358 |
|        1 |        376 |           773.50 |       754.23 |       762.08 |                 16.54 |                    5.00 |     43 |    29.9293 |
|        1 |        377 |           773.50 |       754.23 |       772.99 |                 13.09 |                    5.00 |     43 |    29.9918 |
|        1 |        378 |           773.50 |       754.23 |       767.53 |                 16.59 |                    5.00 |     43 |    30.0328 |
|        1 |        379 |           773.50 |       754.23 |       795.14 |                 17.55 |                    5.00 |     43 |    30.0865 |
|        1 |        380 |           773.50 |       754.23 |       796.00 |                 11.62 |                    5.00 |     43 |    30.1211 |
|        1 |        381 |           773.50 |       754.23 |       792.92 |                 13.46 |                    5.00 |     44 |    30.1628 |
|        1 |        382 |           773.50 |       754.23 |       781.46 |                 17.03 |                    5.00 |     44 |    30.2301 |
|        1 |        383 |           773.50 |       754.23 |       782.60 |                  9.69 |                    5.00 |     45 |    30.2814 |
|        1 |        384 |           773.50 |       754.23 |       778.30 |                  8.32 |                    5.00 |     45 |    30.3159 |
|        1 |        385 |           773.50 |       754.23 |       771.50 |                 15.73 |                    5.00 |     45 |    30.3800 |
|        1 |        386 |           773.50 |       754.23 |       788.80 |                 17.85 |                    5.00 |     45 |    30.4383 |
|        1 |        387 |           773.50 |       754.23 |       777.54 |                 15.75 |                    5.00 |     46 |    30.5141 |
|        1 |        388 |           773.50 |       754.23 |       785.87 |                 20.15 |                    5.00 |     46 |    30.5701 |
|        1 |        389 |           773.50 |       754.23 |       789.00 |                 12.54 |                    5.00 |     46 |    30.6394 |
|        1 |        390 |           773.50 |       754.23 |       776.00 |                 17.89 |                    5.00 |     46 |    30.7042 |
|        1 |        391 |           773.50 |       754.23 |       776.00 |                  8.33 |                    5.00 |     46 |    30.7745 |
|        1 |        392 |           773.50 |       754.23 |       777.61 |                 17.20 |                    5.00 |     46 |    30.8478 |
|        1 |        393 |           773.50 |       754.23 |       778.30 |                 14.85 |                    5.00 |     46 |    30.9682 |
|        1 |        394 |           773.50 |       754.23 |       778.30 |                 14.52 |                    5.00 |     46 |    31.0127 |
|        1 |        395 |           773.50 |       754.23 |       778.30 |                 11.50 |                    5.00 |     46 |    31.0530 |
|        1 |        396 |           773.50 |       754.23 |       778.30 |                 11.03 |                    5.00 |     46 |    31.0893 |
|        1 |        397 |           773.50 |       754.23 |       764.46 |                 14.45 |                    5.00 |     46 |    31.2220 |
|        1 |        398 |           773.50 |       754.23 |       778.30 |                 12.16 |                    5.00 |     46 |    31.2698 |
|        1 |        399 |           773.50 |       754.23 |       777.30 |                 17.36 |                    5.00 |     46 |    31.3386 |
|        1 |        400 |           773.50 |       754.23 |       787.02 |                 16.98 |                    5.00 |     46 |    31.3718 |
|        1 |        401 |           773.50 |       754.23 |       776.00 |                 17.41 |                    5.00 |     46 |    31.4499 |
|        1 |        402 |           773.50 |       754.23 |       816.40 |                 17.01 |                    5.00 |     47 |    31.5049 |
|        1 |        403 |           773.50 |       754.23 |       817.73 |                 17.65 |                    5.00 |     48 |    31.5529 |
|        1 |        404 |           773.50 |       754.23 |       814.85 |                 17.22 |                    5.00 |     50 |    31.6151 |
|        1 |        405 |           773.50 |       754.23 |       813.99 |                 17.09 |                    5.00 |     50 |    31.7301 |
|        1 |        406 |           773.50 |       754.23 |       814.79 |                 16.70 |                    5.00 |     50 |    31.7796 |
|        1 |        407 |           773.50 |       754.23 |       814.79 |                 12.96 |                    5.00 |     50 |    31.8289 |
|        1 |        408 |           773.50 |       754.23 |       805.82 |                 15.94 |                    5.00 |     50 |    31.8846 |
|        1 |        409 |           773.50 |       754.23 |       811.77 |                 17.48 |                    5.00 |     50 |    31.9951 |
|        1 |        410 |           773.50 |       754.23 |       816.71 |                 17.38 |                    5.00 |     50 |    32.0819 |
|        1 |        411 |           773.50 |       754.23 |       817.25 |                 13.89 |                    5.00 |     50 |    32.1507 |
|        1 |        412 |           773.50 |       754.23 |       828.46 |                 10.16 |                    5.00 |     52 |    32.1945 |
|        1 |        413 |           773.50 |       754.23 |       807.09 |                 17.72 |                    5.00 |     52 |    32.2491 |
|        1 |        414 |           773.50 |       754.23 |       813.99 |                 13.04 |                    5.00 |     52 |    32.3730 |
|        1 |        415 |           773.50 |       754.23 |       810.79 |                 17.20 |                    5.00 |     52 |    32.4168 |
|        1 |        416 |           773.50 |       754.23 |       814.01 |                 15.31 |                    5.00 |     52 |    32.5148 |
|        1 |        417 |           773.50 |       754.23 |       775.51 |                 21.18 |                    5.00 |     52 |    32.6052 |
|        1 |        418 |           773.50 |       754.23 |       775.51 |                 26.88 |                    5.00 |     52 |    32.6304 |
|        1 |        419 |           773.50 |       754.23 |       778.30 |                 19.47 |                    5.00 |     52 |    32.6708 |
|        1 |        420 |           773.50 |       754.23 |       778.30 |                 21.65 |                    5.26 |     52 |    32.7284 |
|        1 |        421 |           773.50 |       754.23 |       788.80 |                 16.66 |                    5.00 |     52 |    32.7741 |
|        1 |        422 |           773.50 |       754.23 |       773.50 |                 10.35 |                    5.00 |     52 |    32.8853 |
|        1 |        423 |           773.50 |       754.23 |       777.46 |                 18.25 |                    5.00 |     52 |    32.9436 |
|        1 |        424 |           773.50 |       754.23 |       773.62 |                 16.11 |                    5.00 |     52 |    33.0539 |
|        1 |        425 |           773.50 |       754.23 |       771.11 |                 17.15 |                    5.00 |     52 |    33.2476 |
|        1 |        426 |           773.50 |       754.23 |       772.92 |                 17.27 |                    5.00 |     52 |    33.3247 |
|        1 |        427 |           773.50 |       754.23 |       769.62 |                 17.68 |                    5.00 |     52 |    33.4681 |
|        1 |        428 |           773.50 |       754.23 |       772.26 |                 13.04 |                    5.00 |     52 |    33.5357 |
|        1 |        429 |           773.50 |       754.23 |       763.89 |                 18.80 |                    5.00 |     52 |    33.6096 |
|        1 |        430 |           773.50 |       754.23 |       772.81 |                 16.72 |                    5.00 |     52 |    33.7259 |
|        1 |        431 |           773.50 |       754.23 |       773.05 |                 18.23 |                    5.00 |     52 |    33.7811 |
|        1 |        432 |           773.50 |       754.23 |       772.46 |                 17.70 |                    5.00 |     52 |    33.9452 |
|        1 |        433 |           773.50 |       754.23 |       770.57 |                 10.02 |                    5.00 |     52 |    34.0915 |
|        1 |        434 |           773.50 |       754.23 |       765.87 |                 13.48 |                    5.00 |     52 |    34.1341 |
|        1 |        435 |           773.50 |       754.23 |       765.94 |                 15.93 |                    5.00 |     52 |    34.1805 |
|        1 |        436 |           773.50 |       754.23 |       797.25 |                 18.99 |                    5.00 |     52 |    34.2417 |
|        1 |        437 |           773.50 |       754.23 |       780.41 |                 17.08 |                    5.00 |     52 |    34.3308 |
|        1 |        438 |           773.50 |       754.23 |       778.30 |                 12.72 |                    5.00 |     52 |    34.3963 |
|        1 |        439 |           773.50 |       754.23 |       778.30 |                 12.81 |                    5.26 |     52 |    34.4433 |
|        1 |        440 |           773.50 |       754.23 |       778.30 |                  8.23 |                    5.00 |     52 |    34.4781 |
|        1 |        441 |           773.50 |       754.23 |       787.64 |                 14.64 |                    5.00 |     52 |    34.5379 |
|        1 |        442 |           773.50 |       754.23 |       776.00 |                  8.77 |                    5.00 |     52 |    34.5824 |
|        1 |        443 |           773.50 |       754.23 |       772.92 |                  9.38 |                    5.00 |     52 |    34.6293 |
|        1 |        444 |           773.50 |       754.23 |       778.30 |                  9.44 |                    5.00 |     52 |    34.6818 |
|        1 |        445 |           773.50 |       754.23 |       777.23 |                 10.81 |                    5.00 |     52 |    34.7671 |
|        1 |        446 |           773.50 |       754.23 |       786.20 |                 11.44 |                    5.00 |     52 |    34.8226 |
|        1 |        447 |           773.50 |       754.23 |       776.19 |                 14.65 |                    5.00 |     52 |    34.8675 |
|        1 |        448 |           773.50 |       754.23 |       777.80 |                  8.48 |                    5.00 |     52 |    34.9534 |
|        1 |        449 |           773.50 |       754.23 |       767.15 |                  9.33 |                    5.00 |     52 |    35.0165 |
|        1 |        450 |           773.50 |       754.23 |       796.33 |                 14.46 |                    5.00 |     53 |    35.0479 |
|        1 |        451 |           773.50 |       754.23 |       778.60 |                 16.88 |                    5.00 |     53 |    35.1336 |
|        1 |        452 |           773.50 |       754.23 |       785.12 |                 16.96 |                    5.00 |     53 |    35.2137 |
|        1 |        453 |           773.50 |       754.23 |       777.98 |                 17.58 |                    5.00 |     53 |    35.2740 |
|        1 |        454 |           773.50 |       754.23 |       772.58 |                 13.44 |                    5.00 |     53 |    35.4126 |
|        1 |        455 |           773.50 |       754.23 |       778.30 |                 16.83 |                    5.00 |     53 |    35.4880 |
|        1 |        456 |           773.50 |       754.23 |       778.30 |                 10.18 |                    5.00 |     53 |    35.5260 |
|        1 |        457 |           773.50 |       754.23 |       765.40 |                  9.76 |                    5.00 |     53 |    35.5696 |
|        1 |        458 |           773.50 |       754.23 |       765.95 |                 13.82 |                    5.00 |     53 |    35.5957 |
|        1 |        459 |           773.50 |       754.23 |       788.80 |                 16.97 |                    5.00 |     53 |    35.6754 |
|        1 |        460 |           773.50 |       754.23 |       788.20 |                 12.28 |                    5.00 |     53 |    35.7294 |
|        1 |        461 |           773.50 |       754.23 |       778.30 |                 11.88 |                    5.00 |     53 |    35.7766 |
|        1 |        462 |           773.50 |       754.23 |       785.02 |                 12.39 |                    5.00 |     53 |    35.9180 |
|        1 |        463 |           773.50 |       754.23 |       783.89 |                 18.64 |                    5.00 |     53 |    35.9489 |
|        1 |        464 |           773.50 |       754.23 |       787.95 |                 18.54 |                    5.00 |     53 |    36.0219 |
|        1 |        465 |           773.50 |       754.23 |       791.30 |                 16.89 |                    5.00 |     53 |    36.0708 |
|        1 |        466 |           773.50 |       754.23 |       790.10 |                 16.68 |                    5.00 |     53 |    36.1102 |
|        1 |        467 |           773.50 |       754.23 |       791.60 |                 26.60 |                    5.00 |     53 |    36.1566 |
|        1 |        468 |           773.50 |       754.23 |       779.00 |                 17.22 |                    5.00 |     55 |    36.2267 |
|        1 |        469 |           773.50 |       754.23 |       777.27 |                 13.10 |                    5.00 |     55 |    36.2827 |
|        1 |        470 |           773.50 |       754.23 |       772.22 |                 16.12 |                    5.00 |     55 |    36.3217 |
|        1 |        471 |           773.50 |       754.23 |       769.28 |                 16.79 |                    5.00 |     55 |    36.4642 |
|        1 |        472 |           773.50 |       754.23 |       773.80 |                 18.50 |                    5.00 |     55 |    36.5035 |
|        1 |        473 |           773.50 |       754.23 |       759.87 |                 14.41 |                    5.00 |     55 |    36.6447 |
|        1 |        474 |           773.50 |       754.23 |       769.13 |                 17.54 |                    5.00 |     55 |    36.7063 |
|        1 |        475 |           773.50 |       754.23 |       773.22 |                 17.59 |                    5.00 |     55 |    36.8073 |
|        1 |        476 |           773.50 |       754.23 |       772.77 |                 16.16 |                    5.00 |     55 |    36.8838 |
|        1 |        477 |           773.50 |       754.23 |       772.95 |                 17.45 |                    5.00 |     55 |    36.9341 |
|        1 |        478 |           773.50 |       754.23 |       767.96 |                 12.98 |                    5.00 |     55 |    37.0221 |
|        1 |        479 |           773.50 |       754.23 |       766.27 |                 17.50 |                    5.00 |     55 |    37.0491 |
|        1 |        480 |           773.50 |       754.23 |       773.17 |                 16.88 |                    5.00 |     55 |    37.1375 |
|        1 |        481 |           773.50 |       754.23 |       773.34 |                 13.36 |                    5.00 |     55 |    37.1987 |
|        1 |        482 |           773.50 |       754.23 |       786.73 |                 11.44 |                    5.00 |     57 |    37.2798 |
|        1 |        483 |           773.50 |       754.23 |       772.60 |                 17.98 |                    5.00 |     57 |    37.4021 |
|        1 |        484 |           773.50 |       754.23 |       773.45 |                 16.52 |                    5.00 |     57 |    37.4707 |
|        1 |        485 |           773.50 |       754.23 |       772.61 |                 16.44 |                    5.00 |     57 |    37.5464 |
|        1 |        486 |           773.50 |       754.23 |       771.79 |                  9.62 |                    5.00 |     57 |    37.6385 |
|        1 |        487 |           773.50 |       754.23 |       763.76 |                 16.12 |                    5.00 |     57 |    37.6977 |
|        1 |        488 |           773.50 |       754.23 |       770.01 |                 17.04 |                    5.00 |     57 |    37.7749 |
|        1 |        489 |           773.50 |       754.23 |       772.70 |                 17.15 |                    5.00 |     57 |    37.8251 |
|        1 |        490 |           773.50 |       754.23 |       772.84 |                 12.63 |                    5.00 |     57 |    37.9143 |
|        1 |        491 |           773.50 |       754.23 |       766.06 |                 16.67 |                    5.00 |     57 |    37.9486 |
|        1 |        492 |           773.50 |       754.23 |       770.41 |                 17.10 |                    5.00 |     57 |    38.0177 |
|        1 |        493 |           773.50 |       754.23 |       773.13 |                 20.81 |                    5.00 |     57 |    38.0739 |
|        1 |        494 |           773.50 |       754.23 |       772.64 |                 17.48 |                    5.00 |     57 |    38.1395 |
|        1 |        495 |           773.50 |       754.23 |       773.80 |                 16.89 |                    5.00 |     57 |    38.2032 |
|        1 |        496 |           773.50 |       754.23 |       771.30 |                 14.85 |                    5.00 |     57 |    38.3363 |
|        1 |        497 |           773.50 |       754.23 |       769.99 |                 16.20 |                    5.00 |     57 |    38.3754 |
|        1 |        498 |           773.50 |       754.23 |       771.69 |                 17.83 |                    5.00 |     57 |    38.4451 |
|        1 |        499 |           773.50 |       754.23 |       772.52 |                 17.76 |                    5.00 |     57 |    38.5071 |
|        1 |        500 |           773.50 |       754.23 |       770.79 |                 16.14 |                    5.00 |     57 |    38.5947 |
------------------------------------------------------------------------------------------------------------------------------------------------
Version identifier: 22.1.2.0 | 2024-11-26 | 0edbb82fd
CPXPARAM_MIP_Tolerances_UpperCutoff              773.59999999996887
Tried aggregator 1 time.
MIP Presolve eliminated 85 rows and 24 columns.
MIP Presolve modified 84 coefficients.
Reduced MIP has 16 rows, 33 columns, and 114 nonzeros.
Reduced MIP has 33 binaries, 0 generals, 0 SOSs, and 0 indicators.
Presolve time = 0.00 sec. (0.23 ticks)
Probing time = 0.00 sec. (0.07 ticks)
Tried aggregator 1 time.
MIP Presolve eliminated 5 rows and 5 columns.
Reduced MIP has 11 rows, 27 columns, and 74 nonzeros.
Reduced MIP has 27 binaries, 0 generals, 0 SOSs, and 0 indicators.
Presolve time = 0.00 sec. (0.06 ticks)
Probing time = 0.00 sec. (0.05 ticks)
Tried aggregator 1 time.
Detecting symmetries...
Reduced MIP has 11 rows, 27 columns, and 74 nonzeros.
Reduced MIP has 27 binaries, 0 generals, 0 SOSs, and 0 indicators.
Presolve time = 0.00 sec. (0.04 ticks)
Probing time = 0.00 sec. (0.05 ticks)
Clique table members: 82.
MIP emphasis: balance optimality and feasibility.
MIP search method: dynamic search.
Parallel mode: deterministic, using up to 8 threads.
Root relaxation solution time = 0.00 sec. (0.03 ticks)

        Nodes                                         Cuts/
   Node  Left     Objective  IInf  Best Integer    Best Bound    ItCnt     Gap

*     0     0      integral     0      773.5000      773.5000        9    0.00%
Elapsed time = 0.00 sec. (0.64 ticks, tree = 0.00 MB, solutions = 1)
objective_value(sp) = 773.5
 42.056819 seconds (6.84 M allocations: 341.140 MiB, 0.19% gc time, 9.60% compilation time)
#1: 0 (0.0) {0.0} -> 67 (10.0) {12.2} [12.0, 172.0] -> 63 (60.0) {105.2} [25.0, 185.0] -> 0 (60.0) {209.3} [0.0, 3390.0]
#2: 0 (0.0) {450.0} -> 66 (10.0) {588.0} [588.0, 748.0] -> 68 (20.0) {776.0} [776.0, 936.0] -> 65 (30.0) {871.3} [871.0, 1031.0] -> 49 (40.0) {967.7} [967.0, 1127.0] -> 55 (50.0) {1065.5} [1065.0, 1225.0] -> 54 (90.0) {1160.5} [1160.0, 1320.0] -> 53 (110.0) {1256.0} [1256.0, 1416.0] -> 56 (140.0) {1350.0} [1350.0, 1510.0] -> 58 (170.0) {1442.0} [1442.0, 1602.0] -> 60 (190.0) {1535.0} [1535.0, 1695.0] -> 59 (200.0) {1630.8} [0.0, 3259.0] -> 57 (240.0) {1725.8} [1725.0, 1885.0] -> 40 (250.0) {1819.4} [1819.0, 1979.0] -> 44 (260.0) {1913.8} [1913.0, 2073.0] -> 46 (290.0) {2009.1} [2009.0, 2169.0] -> 45 (300.0) {2105.5} [2105.0, 2265.0] -> 51 (310.0) {2200.5} [2200.0, 2360.0] -> 50 (320.0) {2292.7} [0.0, 3277.0] -> 52 (330.0) {2385.8} [0.0, 3278.0] -> 47 (340.0) {2480.8} [2480.0, 2640.0] -> 43 (350.0) {2573.8} [2573.0, 2733.0] -> 42 (370.0) {2666.8} [2666.0, 2826.0] -> 41 (380.0) {2758.8} [2758.0, 2918.0] -> 48 (390.0) {2856.8} [0.0, 3289.0] -> 0 (390.0) {2957.5} [0.0, 3390.0]
#3: 0 (0.0) {30.0} -> 93 (40.0) {38.2} [8.0, 168.0] -> 0 (40.0) {136.4} [0.0, 3390.0]
#4: 0 (0.0) {261.0} -> 62 (20.0) {279.0} [120.0, 280.0] -> 74 (70.0) {372.0} [213.0, 373.0] -> 72 (80.0) {467.0} [0.0, 3276.0] -> 61 (90.0) {560.0} [401.0, 561.0] -> 64 (100.0) {652.0} [493.0, 653.0] -> 69 (110.0) {747.8} [680.0, 840.0] -> 0 (110.0) {853.6} [0.0, 3390.0]
#5: 0 (0.0) {38.0} -> 20 (10.0) {48.0} [10.0, 170.0] -> 22 (30.0) {140.8} [22.0, 182.0] -> 24 (40.0) {234.4} [116.0, 276.0] -> 0 (40.0) {339.4} [0.0, 3390.0]
#6: 0 (0.0) {442.0} -> 1 (10.0) {469.7} [0.0, 3272.0] -> 99 (20.0) {565.5} [407.0, 567.0] -> 100 (40.0) {660.5} [502.0, 662.0] -> 97 (70.0) {755.5} [597.0, 757.0] -> 92 (90.0) {852.5} [694.0, 854.0] -> 94 (100.0) {946.1} [0.0, 3259.0] -> 95 (130.0) {1039.7} [0.0, 3262.0] -> 98 (150.0) {1136.1} [0.0, 3269.0] -> 7 (170.0) {1231.1} [0.0, 3273.0] -> 3 (180.0) {1325.2} [0.0, 3270.0] -> 4 (190.0) {1418.8} [1261.0, 1421.0] -> 88 (220.0) {1546.0} [1546.0, 1706.0] -> 84 (240.0) {1641.3} [1641.0, 1801.0] -> 86 (250.0) {1736.3} [1736.0, 1896.0] -> 83 (260.0) {1832.3} [0.0, 3267.0] -> 82 (280.0) {1925.3} [0.0, 3264.0] -> 85 (310.0) {2029.5} [0.0, 3253.0] -> 76 (320.0) {2131.2} [2131.0, 2291.0] -> 71 (340.0) {2226.2} [2226.0, 2386.0] -> 70 (370.0) {2321.2} [2321.0, 2481.0] -> 73 (380.0) {2414.2} [2414.0, 2574.0] -> 80 (390.0) {2513.0} [2513.0, 2673.0] -> 79 (400.0) {2608.3} [2608.0, 2768.0] -> 81 (430.0) {2703.6} [2703.0, 2863.0] -> 78 (450.0) {2802.2} [2802.0, 2962.0] -> 77 (460.0) {2900.0} [2900.0, 3060.0] -> 87 (480.0) {3097.0} [3097.0, 3257.0] -> 96 (490.0) {3193.3} [0.0, 3275.0] -> 0 (490.0) {3307.4} [0.0, 3390.0]
#7: 0 (0.0) {459.0} -> 5 (10.0) {474.1} [0.0, 3284.0] -> 75 (30.0) {567.1} [0.0, 3284.0] -> 2 (60.0) {662.1} [0.0, 3279.0] -> 89 (70.0) {1355.0} [1355.0, 1515.0] -> 91 (80.0) {1450.6} [0.0, 3277.0] -> 90 (90.0) {3119.0} [3119.0, 3279.0] -> 0 (90.0) {3229.6} [0.0, 3390.0]
#8: 0 (0.0) {423.0} -> 21 (20.0) {434.6} [0.0, 3288.0] -> 29 (30.0) {536.2} [398.0, 558.0] -> 6 (50.0) {635.1} [497.0, 657.0] -> 32 (80.0) {731.4} [593.0, 753.0] -> 33 (120.0) {823.4} [685.0, 845.0] -> 31 (140.0) {918.7} [0.0, 3266.0] -> 35 (150.0) {1013.7} [876.0, 1036.0] -> 37 (170.0) {1109.5} [0.0, 3260.0] -> 38 (200.0) {1201.5} [1063.0, 1223.0] -> 39 (220.0) {1296.5} [1158.0, 1318.0] -> 36 (230.0) {1391.5} [1253.0, 1413.0] -> 34 (250.0) {1484.5} [0.0, 3267.0] -> 28 (270.0) {1585.2} [1447.0, 1607.0] -> 26 (280.0) {1683.2} [0.0, 3265.0] -> 23 (290.0) {1780.4} [1643.0, 1803.0] -> 18 (310.0) {1879.4} [1742.0, 1902.0] -> 19 (320.0) {1974.4} [1837.0, 1997.0] -> 16 (360.0) {2071.4} [1934.0, 2094.0] -> 14 (370.0) {2163.4} [2026.0, 2186.0] -> 12 (390.0) {2256.4} [0.0, 3261.0] -> 15 (430.0) {2353.4} [2216.0, 2376.0] -> 17 (450.0) {2448.7} [2311.0, 2471.0] -> 13 (480.0) {2542.7} [2405.0, 2565.0] -> 25 (520.0) {2641.7} [2504.0, 2664.0] -> 9 (530.0) {2738.9} [2601.0, 2761.0] -> 11 (540.0) {2835.9} [2698.0, 2858.0] -> 10 (550.0) {2928.9} [2791.0, 2951.0] -> 8 (570.0) {3024.9} [2887.0, 3047.0] -> 0 (570.0) {3126.5} [0.0, 3390.0]
#9: 0 (0.0) {307.0} -> 27 (10.0) {324.1} [209.0, 369.0] -> 30 (20.0) {418.3} [303.0, 463.0] -> 0 (20.0) {528.9} [0.0, 3390.0]

Dist: 773.5. Cost: 773.5

Root node processing (before b&c):
  Real time             =    0.00 sec. (0.64 ticks)
Parallel b&c, 8 threads:
  Real time             =    0.00 sec. (0.00 ticks)
  Sync time (average)   =    0.00 sec.
  Wait time (average)   =    0.00 sec.
                          ------------
Total (root+branch&cut) =    0.00 sec. (0.64 ticks)
