Solving instance /mnt/c/Users/bruno.mattos/OneDrive - americanas s.a/Documentos/GitHub/GenericILS/TWRD/100/C205_100_025.vrptwrd...
------------------------------------------------------------------------------------------------------------------------------------------------
|  Restart |  Iteration |  Best Feas. Cost |    Best Cost |   Curr. Cost |   Penalty Custom Res. |   Penalty Standard Res. |   Pool |   Time (s) |
------------------------------------------------------------------------------------------------------------------------------------------------
|        1 |          1 |          1047.10 |      1047.10 |      1047.10 |                 25.49 |                   30.52 |     15 |     0.1365 |
|        1 |          2 |          1047.10 |      1012.19 |      1012.19 |                 24.13 |                   11.51 |     20 |     0.6184 |
|        1 |          3 |          1047.10 |       928.34 |       928.34 |                 21.37 |                    5.00 |     24 |     0.7944 |
|        1 |          4 |          1047.10 |       924.26 |       924.26 |                 23.75 |                    5.00 |     25 |     0.8619 |
|        1 |          0 |           941.20 |       924.26 |       941.20 |                 20.38 |                    5.00 |     27 |     0.9113 |
|        1 |          1 |           941.20 |       923.43 |       923.43 |                 27.68 |                    6.67 |     28 |     0.9722 |
|        1 |          2 |           941.20 |       923.43 |       953.80 |                 18.28 |                    5.00 |     30 |     1.0411 |
|        1 |          3 |           941.20 |       923.43 |       953.80 |                 17.18 |                    5.00 |     30 |     1.0788 |
|        1 |          4 |           941.20 |       923.43 |       938.83 |                 23.34 |                    5.00 |     30 |     1.1257 |
|        1 |          5 |           941.20 |       923.43 |       938.83 |                 26.53 |                    5.00 |     30 |     1.1593 |
|        1 |          6 |           941.20 |       923.43 |       954.10 |                 18.26 |                    5.00 |     30 |     1.2069 |
|        1 |          7 |           941.20 |       923.43 |       951.29 |                 24.55 |                    5.00 |     33 |     1.2709 |
|        1 |          8 |           941.20 |       923.43 |       946.59 |                 18.10 |                    5.00 |     33 |     1.3426 |
|        1 |          9 |           941.20 |       923.43 |       944.17 |                 21.83 |                    5.00 |     33 |     1.3886 |
|        1 |         10 |           941.20 |       923.43 |       951.48 |                 17.47 |                    5.00 |     33 |     1.4314 |
|        1 |         11 |           941.20 |       909.56 |       909.56 |                 25.45 |                    5.00 |     34 |     1.4966 |
|        1 |         12 |           941.20 |       909.56 |       954.10 |                 20.95 |                    5.00 |     34 |     1.5752 |
|        1 |         13 |           941.20 |       909.56 |       941.50 |                 20.25 |                    5.00 |     36 |     1.6461 |
|        1 |         14 |           941.20 |       909.56 |       953.09 |                 24.68 |                    5.00 |     37 |     1.6802 |
|        1 |         15 |           941.20 |       909.56 |       959.98 |                 27.16 |                    5.00 |     37 |     1.7519 |
|        1 |         16 |           941.20 |       909.56 |       959.31 |                 18.70 |                    5.00 |     37 |     1.8005 |
|        1 |         17 |           941.20 |       909.56 |       951.13 |                 25.95 |                    5.00 |     37 |     1.8403 |
|        1 |         18 |           941.20 |       909.56 |       945.62 |                 18.38 |                    5.00 |     37 |     1.9175 |
|        1 |         19 |           941.20 |       909.56 |       943.99 |                 24.25 |                    5.00 |     37 |     1.9652 |
|        1 |         20 |           941.20 |       909.56 |       953.80 |                 13.94 |                    5.00 |     39 |     2.0186 |
|        1 |         21 |           941.20 |       909.56 |       932.68 |                 15.34 |                    5.00 |     39 |     2.0823 |
|        1 |         22 |           941.20 |       909.56 |       938.77 |                 26.50 |                    5.00 |     39 |     2.1321 |
|        1 |         23 |           941.20 |       909.56 |       974.24 |                 22.01 |                    5.00 |     41 |     2.2314 |
|        1 |         24 |           941.20 |       909.56 |       974.82 |                 21.89 |                    5.00 |     41 |     2.3167 |
|        1 |         25 |           941.20 |       909.56 |       965.67 |                 12.89 |                    5.00 |     45 |     2.4626 |
|        1 |         26 |           941.20 |       909.56 |       962.08 |                 15.53 |                    5.00 |     46 |     2.5321 |
|        1 |         27 |           941.20 |       909.56 |       928.52 |                 25.20 |                    5.00 |     47 |     2.6209 |
|        1 |          0 |           936.70 |       909.56 |       936.70 |                 20.15 |                    5.00 |     51 |     2.6784 |
|        1 |          1 |           936.70 |       909.56 |       936.70 |                 13.21 |                    5.00 |     51 |     2.7141 |
|        1 |          2 |           936.70 |       909.56 |       929.05 |                 14.99 |                    5.00 |     54 |     2.7663 |
|        1 |          3 |           936.70 |       909.56 |       929.36 |                 12.07 |                    5.00 |     54 |     2.8713 |
|        1 |          4 |           936.70 |       909.56 |       930.03 |                 13.03 |                    5.00 |     54 |     2.9247 |
|        1 |          5 |           936.70 |       909.56 |       930.84 |                 13.11 |                    5.00 |     55 |     2.9941 |
|        1 |          6 |           936.70 |       909.56 |       931.22 |                 12.17 |                    5.00 |     57 |     3.0655 |
|        1 |          7 |           936.70 |       909.56 |       932.14 |                 13.29 |                    5.00 |     57 |     3.1055 |
|        1 |          8 |           936.70 |       909.56 |       946.33 |                 24.87 |                    5.00 |     59 |     3.1563 |
|        1 |          9 |           936.70 |       909.56 |       941.20 |                 15.04 |                    5.00 |     61 |     3.2056 |
|        1 |         10 |           936.70 |       909.56 |       940.90 |                 18.32 |                    5.00 |     61 |     3.2439 |
|        1 |         11 |           936.70 |       909.56 |       934.94 |                 20.75 |                    5.00 |     61 |     3.3215 |
|        1 |         12 |           936.70 |       909.56 |       940.90 |                 14.88 |                    5.00 |     61 |     3.3719 |
|        1 |         13 |           936.70 |       909.56 |       931.50 |                 14.66 |                    5.00 |     61 |     3.4430 |
|        1 |         14 |           936.70 |       909.56 |       915.46 |                 14.43 |                    5.00 |     61 |     3.5224 |
|        1 |         15 |           936.70 |       909.56 |       919.25 |                 12.64 |                    5.00 |     61 |     3.5657 |
|        1 |         16 |           936.70 |       909.56 |       912.61 |                 12.08 |                    5.00 |     61 |     3.6455 |
|        1 |         17 |           936.70 |       909.56 |       912.99 |                 14.85 |                    5.00 |     61 |     3.6925 |
|        1 |         18 |           936.70 |       904.24 |       904.24 |                 12.09 |                    5.00 |     61 |     3.7881 |
|        1 |          0 |           920.80 |       904.24 |       920.80 |                 13.69 |                    5.00 |     61 |     3.8744 |
|        1 |          1 |           920.80 |       898.19 |       898.19 |                 20.76 |                    5.00 |     61 |     3.9260 |
|        1 |          2 |           920.80 |       898.19 |       915.55 |                 22.88 |                    5.00 |     61 |     3.9660 |
|        1 |          0 |           920.50 |       898.19 |       920.50 |                 15.14 |                    5.00 |     61 |     4.0136 |
|        1 |          1 |           920.50 |       898.19 |       920.50 |                 12.87 |                    5.00 |     61 |     4.0506 |
|        1 |          2 |           920.50 |       898.19 |       919.68 |                 12.58 |                    5.00 |     61 |     4.0942 |
|        1 |          3 |           920.50 |       898.19 |       899.29 |                 12.26 |                    5.00 |     61 |     4.1824 |
|        1 |          4 |           920.50 |       898.19 |       904.85 |                 18.06 |                    5.00 |     61 |     4.2154 |
|        1 |          5 |           920.50 |       898.19 |       916.42 |                 22.89 |                    5.00 |     61 |     4.2604 |
|        1 |          6 |           920.50 |       898.19 |       926.46 |                 24.44 |                    5.00 |     61 |     4.3257 |
|        1 |          7 |           920.50 |       898.19 |       914.82 |                 15.85 |                    5.00 |     61 |     4.3810 |
|        1 |          8 |           920.50 |       898.19 |       904.90 |                 12.69 |                    5.00 |     61 |     4.4328 |
|        1 |          9 |           920.50 |       898.19 |       898.57 |                 11.80 |                    5.00 |     61 |     4.4688 |
|        1 |         10 |           920.50 |       897.52 |       897.52 |                 19.02 |                    5.00 |     61 |     4.5130 |
|        1 |         11 |           920.50 |       897.52 |       911.24 |                 14.48 |                    5.00 |     61 |     4.5583 |
|        1 |         12 |           920.50 |       897.52 |       902.15 |                 22.21 |                    5.00 |     61 |     4.5928 |
|        1 |         13 |           920.50 |       897.52 |       918.96 |                 30.80 |                    5.00 |     61 |     4.6338 |
|        1 |         14 |           920.50 |       897.52 |       925.20 |                 17.20 |                    5.00 |     62 |     4.6827 |
|        1 |         15 |           920.50 |       897.52 |       926.90 |                 18.76 |                    5.00 |     64 |     4.7358 |
|        1 |         16 |           920.50 |       897.20 |       897.20 |                 21.24 |                    5.00 |     64 |     4.8226 |
|        1 |         17 |           920.50 |       897.20 |       920.41 |                 26.13 |                    5.00 |     64 |     4.8672 |
|        1 |         18 |           920.50 |       897.20 |       928.95 |                 42.38 |                    5.00 |     66 |     4.9677 |
|        1 |         19 |           920.50 |       897.20 |       930.40 |                 25.64 |                    5.00 |     67 |     5.0076 |
|        1 |         20 |           920.50 |       897.20 |       930.15 |                 15.65 |                    5.00 |     67 |     5.0654 |
|        1 |         21 |           920.50 |       897.20 |       912.46 |                 12.76 |                    5.00 |     67 |     5.1280 |
|        1 |         22 |           920.50 |       897.20 |       899.53 |                 20.57 |                    5.00 |     67 |     5.1672 |
|        1 |         23 |           920.50 |       897.20 |       921.10 |                 13.76 |                    5.00 |     67 |     5.2016 |
|        1 |         24 |           920.50 |       897.20 |       900.45 |                 15.61 |                    5.00 |     67 |     5.2630 |
|        1 |         25 |           920.50 |       897.20 |       905.67 |                 23.01 |                    5.00 |     67 |     5.2931 |
|        1 |         26 |           920.50 |       897.20 |       919.52 |                 19.37 |                    5.00 |     67 |     5.3304 |
|        1 |         27 |           920.50 |       897.20 |       947.82 |                 16.62 |                    5.00 |     70 |     5.3762 |
|        1 |         28 |           920.50 |       897.20 |       928.89 |                 29.02 |                    5.00 |     70 |     5.4227 |
|        1 |         29 |           920.50 |       897.20 |       941.20 |                 26.18 |                    5.00 |     70 |     5.4915 |
|        1 |         30 |           920.50 |       897.20 |       920.80 |                 12.69 |                    5.00 |     70 |     5.5710 |
|        1 |         31 |           920.50 |       897.20 |       920.80 |                 18.89 |                    5.00 |     70 |     5.6154 |
|        1 |         32 |           920.50 |       897.20 |       915.52 |                 27.80 |                    5.00 |     70 |     5.6703 |
|        1 |         33 |           920.50 |       897.20 |       920.80 |                 12.63 |                    5.00 |     70 |     5.8370 |
|        1 |         34 |           920.50 |       897.20 |       900.80 |                 22.25 |                    5.00 |     70 |     5.9020 |
|        1 |         35 |           920.50 |       897.20 |       919.40 |                 18.91 |                    5.00 |     72 |     5.9437 |
|        1 |         36 |           920.50 |       897.20 |       904.30 |                 13.89 |                    5.00 |     72 |     6.0772 |
|        1 |         37 |           920.50 |       897.20 |       901.83 |                 19.68 |                    5.00 |     72 |     6.1070 |
|        1 |         38 |           920.50 |       897.20 |       902.03 |                 19.60 |                    5.00 |     72 |     6.1746 |
|        1 |         39 |           920.50 |       897.20 |       915.52 |                 15.53 |                    5.00 |     72 |     6.2122 |
|        1 |         40 |           920.50 |       897.20 |       906.15 |                 16.28 |                    5.00 |     72 |     6.2575 |
|        1 |         41 |           920.50 |       897.20 |       907.08 |                 25.73 |                    5.00 |     72 |     6.2923 |
|        1 |         42 |           920.50 |       897.20 |       921.10 |                 14.50 |                    5.00 |     72 |     6.3398 |
|        1 |         43 |           920.50 |       897.20 |       908.41 |                 23.36 |                    5.00 |     72 |     6.3968 |
|        1 |         44 |           920.50 |       897.20 |       920.80 |                 15.30 |                    5.00 |     72 |     6.4461 |
|        1 |         45 |           920.50 |       897.20 |       914.02 |                 13.08 |                    5.00 |     72 |     6.5478 |
|        1 |         46 |           920.50 |       897.20 |       901.52 |                 18.15 |                    5.00 |     72 |     6.5831 |
|        1 |         47 |           920.50 |       897.20 |       905.69 |                 23.71 |                    5.00 |     72 |     6.6261 |
|        1 |         48 |           920.50 |       897.20 |       921.10 |                 14.75 |                    5.00 |     72 |     6.7061 |
|        1 |         49 |           920.50 |       897.20 |       913.96 |                 12.62 |                    5.00 |     72 |     6.7949 |
|        1 |         50 |           920.50 |       897.20 |       897.96 |                 18.21 |                    5.00 |     72 |     6.8488 |
|        1 |         51 |           920.50 |       897.20 |       910.65 |                 17.45 |                    5.00 |     72 |     6.8836 |
|        1 |         52 |           920.50 |       897.20 |       908.41 |                 17.24 |                    5.00 |     72 |     6.9261 |
|        1 |         53 |           920.50 |       897.20 |       905.75 |                 13.19 |                    5.00 |     73 |     7.0414 |
|        1 |         54 |           920.50 |       897.20 |       922.41 |                 23.93 |                    5.00 |     73 |     7.1126 |
|        1 |         55 |           920.50 |       897.20 |       940.60 |                 16.96 |                    5.00 |     75 |     7.1762 |
|        1 |         56 |           920.50 |       897.20 |       932.00 |                 12.64 |                    5.00 |     75 |     7.2465 |
|        1 |         57 |           920.50 |       897.20 |       923.96 |                 21.58 |                    5.00 |     77 |     7.3263 |
|        1 |         58 |           920.50 |       897.20 |       931.30 |                 16.26 |                    5.00 |     77 |     7.3688 |
|        1 |         59 |           920.50 |       897.20 |       931.25 |                 12.59 |                    5.00 |     77 |     7.4740 |
|        1 |         60 |           920.50 |       897.20 |       932.26 |                 11.79 |                    5.00 |     77 |     7.5682 |
|        1 |         61 |           920.50 |       897.20 |       928.42 |                 18.23 |                    5.00 |     77 |     7.6346 |
|        1 |         62 |           920.50 |       897.20 |       937.90 |                 13.60 |                    5.00 |     77 |     7.6767 |
|        1 |         63 |           920.50 |       897.20 |       930.04 |                 12.37 |                    5.00 |     77 |     7.7437 |
|        1 |         64 |           920.50 |       897.20 |       927.89 |                 14.33 |                    5.00 |     77 |     7.7906 |
|        1 |         65 |           920.50 |       897.20 |       936.56 |                 15.02 |                    5.00 |     77 |     7.8447 |
|        1 |         66 |           920.50 |       897.20 |       928.40 |                 13.09 |                    5.00 |     77 |     7.9554 |
|        1 |         67 |           920.50 |       897.20 |       942.20 |                 11.93 |                    5.00 |     79 |     7.9969 |
|        1 |         68 |           920.50 |       897.20 |       941.89 |                 16.38 |                    5.00 |     79 |     8.0338 |
|        1 |         69 |           920.50 |       897.20 |       934.29 |                 17.43 |                    5.00 |     79 |     8.1551 |
|        1 |         70 |           920.50 |       897.20 |       936.70 |                 12.37 |                    5.00 |     79 |     8.2121 |
|        1 |         71 |           920.50 |       897.20 |       931.12 |                 12.81 |                    5.00 |     79 |     8.2883 |
|        1 |         72 |           920.50 |       897.20 |       932.81 |                 11.85 |                    5.00 |     79 |     8.4076 |
|        1 |         73 |           920.50 |       897.20 |       929.81 |                 14.74 |                    5.00 |     79 |     8.4491 |
|        1 |         74 |           920.50 |       897.20 |       933.42 |                 12.50 |                    5.00 |     79 |     8.5326 |
|        1 |         75 |           920.50 |       897.20 |       931.12 |                 12.95 |                    5.00 |     79 |     8.6111 |
|        1 |         76 |           920.50 |       897.20 |       911.08 |                 12.52 |                    5.00 |     79 |     8.6716 |
|        1 |         77 |           920.50 |       897.20 |       906.11 |                 13.92 |                    5.00 |     79 |     8.7383 |
|        1 |         78 |           920.50 |       897.20 |       908.20 |                 16.77 |                    5.00 |     79 |     8.7946 |
|        1 |         79 |           920.50 |       897.20 |       914.01 |                 20.21 |                    5.00 |     79 |     8.8763 |
|        1 |         80 |           920.50 |       897.20 |       920.62 |                 20.77 |                    5.00 |     79 |     8.9244 |
|        1 |         81 |           920.50 |       897.20 |       927.20 |                 12.80 |                    5.00 |     79 |     8.9889 |
|        1 |         82 |           920.50 |       897.20 |       926.46 |                 17.74 |                    5.00 |     79 |     9.0427 |
|        1 |         83 |           920.50 |       897.20 |       902.23 |                 21.39 |                    5.00 |     79 |     9.0925 |
|        1 |         84 |           920.50 |       897.20 |       920.80 |                 13.18 |                    5.00 |     79 |     9.1506 |
|        1 |         85 |           920.50 |       897.20 |       901.14 |                 13.78 |                    5.00 |     79 |     9.2335 |
|        1 |         86 |           920.50 |       897.20 |       902.77 |                 23.59 |                    5.00 |     79 |     9.2739 |
|        1 |         87 |           920.50 |       897.20 |       920.80 |                 15.58 |                    5.00 |     79 |     9.3393 |
|        1 |         88 |           920.50 |       897.20 |       903.87 |                 18.57 |                    5.00 |     79 |     9.4089 |
|        1 |         89 |           920.50 |       897.20 |       921.10 |                 12.77 |                    5.00 |     79 |     9.4712 |
|        1 |         90 |           920.50 |       897.20 |       921.10 |                 17.72 |                    5.00 |     79 |     9.5137 |
|        1 |         91 |           920.50 |       897.20 |       920.64 |                 16.94 |                    5.00 |     79 |     9.5918 |
|        1 |         92 |           920.50 |       897.20 |       903.52 |                 23.49 |                    5.00 |     79 |     9.6450 |
|        1 |         93 |           920.50 |       897.20 |       921.10 |                 14.93 |                    5.00 |     79 |     9.6987 |
|        1 |         94 |           920.50 |       897.20 |       920.37 |                 12.91 |                    5.00 |     79 |     9.7702 |
|        1 |         95 |           920.50 |       897.20 |       920.73 |                 12.82 |                    5.00 |     79 |     9.8744 |
|        1 |         96 |           920.50 |       897.20 |       921.10 |                 19.66 |                    5.00 |     79 |     9.9136 |
|        1 |         97 |           920.50 |       897.20 |       921.10 |                 12.75 |                    5.00 |     79 |     9.9657 |
|        1 |         98 |           920.50 |       897.20 |       914.06 |                 14.74 |                    5.00 |     79 |    10.0349 |
|        1 |         99 |           920.50 |       897.20 |       907.05 |                 25.99 |                    5.00 |     79 |    10.0808 |
|        1 |        100 |           920.50 |       897.20 |       921.10 |                 16.70 |                    5.00 |     79 |    10.1149 |
|        1 |        101 |           920.50 |       897.20 |       907.91 |                 19.17 |                    5.00 |     79 |    10.1520 |
|        1 |        102 |           920.50 |       897.20 |       914.97 |                 12.27 |                    5.00 |     79 |    10.2514 |
|        1 |        103 |           920.50 |       897.20 |       915.37 |                 12.34 |                    5.00 |     79 |    10.3099 |
|        1 |        104 |           920.50 |       897.20 |       931.90 |                 14.40 |                    5.00 |     79 |    10.4094 |
|        1 |        105 |           920.50 |       897.20 |       930.59 |                 16.82 |                    5.00 |     79 |    10.4845 |
|        1 |        106 |           920.50 |       897.20 |       931.60 |                 12.30 |                    5.00 |     79 |    10.5383 |
|        1 |        107 |           920.50 |       897.20 |       924.97 |                 17.04 |                    5.00 |     79 |    10.6013 |
|        1 |        108 |           920.50 |       897.20 |       926.86 |                 15.64 |                    5.00 |     79 |    10.6859 |
|        1 |        109 |           920.50 |       897.20 |       925.60 |                 12.74 |                    5.00 |     79 |    10.7753 |
|        1 |        110 |           920.50 |       897.20 |       927.29 |                 12.58 |                    5.00 |     79 |    10.8128 |
|        1 |        111 |           920.50 |       897.20 |       956.75 |                 15.90 |                    5.00 |     79 |    10.9080 |
|        1 |        112 |           920.50 |       897.20 |       933.30 |                 12.81 |                    5.00 |     81 |    11.0016 |
|        1 |        113 |           920.50 |       897.20 |       922.50 |                 15.39 |                    5.00 |     81 |    11.1091 |
|        1 |        114 |           920.50 |       897.20 |       902.38 |                 12.39 |                    5.00 |     81 |    11.2221 |
|        1 |        115 |           920.50 |       897.20 |       898.27 |                 12.60 |                    5.00 |     81 |    11.2618 |
|        1 |        116 |           920.50 |       897.20 |       905.69 |                 20.31 |                    5.00 |     81 |    11.3092 |
|        1 |        117 |           920.50 |       897.20 |       920.80 |                 11.98 |                    5.00 |     81 |    11.4261 |
|        1 |        118 |           920.50 |       897.20 |       909.99 |                 15.76 |                    5.00 |     81 |    11.5321 |
|        1 |        119 |           920.50 |       897.20 |       912.71 |                 23.70 |                    5.00 |     81 |    11.5682 |
|        1 |        120 |           920.50 |       897.20 |       920.37 |                 22.61 |                    5.00 |     81 |    11.6859 |
|        1 |        121 |           920.50 |       897.20 |       920.80 |                 13.26 |                    5.00 |     81 |    11.7503 |
|        1 |        122 |           920.50 |       897.20 |       911.99 |                 18.37 |                    5.00 |     82 |    11.8127 |
|        1 |        123 |           920.50 |       897.20 |       912.05 |                 13.17 |                    5.00 |     82 |    11.8560 |
|        1 |        124 |           920.50 |       897.20 |       898.76 |                 19.55 |                    5.00 |     82 |    11.9424 |
|        1 |        125 |           920.50 |       897.20 |       906.44 |                 18.16 |                    5.00 |     82 |    12.0187 |
|        1 |        126 |           920.50 |       897.20 |       931.24 |                 17.22 |                    5.00 |     83 |    12.0658 |
|        1 |        127 |           920.50 |       897.20 |       928.74 |                 20.55 |                    5.00 |     83 |    12.1254 |
|        1 |        128 |           920.50 |       897.20 |       991.50 |                 20.86 |                    5.00 |     86 |    12.1986 |
|        1 |        129 |           920.50 |       897.20 |       933.83 |                 17.69 |                    5.00 |     86 |    12.2870 |
|        1 |        130 |           920.50 |       897.20 |      1107.23 |                 35.14 |                    5.00 |     89 |    12.3410 |
|        1 |        131 |           920.50 |       897.20 |       966.90 |                 11.86 |                    5.00 |     92 |    12.4275 |
|        1 |        132 |           920.50 |       897.20 |       927.39 |                 20.06 |                    5.00 |     93 |    12.4920 |
|        1 |        133 |           920.50 |       897.20 |       978.26 |                 27.52 |                    5.00 |     94 |    12.5581 |
|        1 |        134 |           920.50 |       897.20 |       979.69 |                 27.12 |                    5.00 |     94 |    12.6286 |
|        1 |        135 |           920.50 |       897.20 |       980.53 |                 29.28 |                    5.26 |     94 |    12.6846 |
|        1 |        136 |           920.50 |       897.20 |       979.75 |                 19.73 |                    5.00 |     94 |    12.7552 |
|        1 |        137 |           920.50 |       897.20 |       948.02 |                 21.68 |                    5.00 |     94 |    12.8526 |
|        1 |        138 |           920.50 |       897.20 |       924.75 |                 13.94 |                    5.00 |     96 |    13.0345 |
|        1 |        139 |           920.50 |       897.20 |       917.22 |                 12.96 |                    5.00 |     96 |    13.0696 |
|        1 |        140 |           920.50 |       897.20 |       915.22 |                 21.52 |                    5.00 |     97 |    13.1135 |
|        1 |        141 |           920.50 |       897.20 |       923.26 |                 24.58 |                    5.00 |     98 |    13.2194 |
|        1 |        142 |           920.50 |       897.20 |       945.30 |                 24.50 |                    5.00 |     98 |    13.2773 |
|        1 |        143 |           920.50 |       897.20 |       945.30 |                 13.81 |                    5.00 |     98 |    13.3197 |
|        1 |        144 |           920.50 |       897.20 |       913.12 |                 20.94 |                    5.00 |     98 |    13.3875 |
|        1 |        145 |           920.50 |       897.20 |       949.74 |                 17.61 |                    5.00 |     99 |    13.4306 |
|        1 |        146 |           920.50 |       897.20 |       949.53 |                 25.67 |                    5.00 |     99 |    13.4811 |
|        1 |        147 |           920.50 |       897.20 |       958.50 |                 25.35 |                    5.00 |     99 |    13.5193 |
|        1 |        148 |           920.50 |       897.20 |       900.66 |                 12.63 |                    5.00 |     99 |    13.6231 |
|        1 |        149 |           920.50 |       897.20 |       907.89 |                 25.85 |                    5.00 |     99 |    13.6883 |
|        1 |        150 |           920.50 |       897.20 |       920.80 |                 16.06 |                    5.00 |     99 |    13.7753 |
|        1 |        151 |           920.50 |       897.20 |       913.32 |                 18.96 |                    5.00 |     99 |    13.8581 |
|        1 |        152 |           920.50 |       897.20 |       958.30 |                 12.55 |                    5.00 |    100 |    13.9095 |
|        1 |        153 |           920.50 |       897.20 |       951.86 |                 15.89 |                    5.00 |    100 |    13.9667 |
|        1 |        154 |           920.50 |       897.20 |       909.24 |                 23.57 |                    5.00 |    102 |    14.0676 |
|        1 |        155 |           920.50 |       897.20 |       927.22 |                 24.71 |                    5.00 |    102 |    14.1143 |
|        1 |        156 |           920.50 |       897.20 |       926.04 |                 26.38 |                    5.00 |    102 |    14.1990 |
|        1 |        157 |           920.50 |       897.20 |       928.25 |                 19.26 |                    5.00 |    102 |    14.2986 |
|        1 |        158 |           920.50 |       897.20 |       919.28 |                 26.44 |                    5.00 |    102 |    14.3553 |
|        1 |        159 |           920.50 |       897.20 |       920.16 |                 16.58 |                    5.00 |    102 |    14.4944 |
|        1 |        160 |           920.50 |       897.20 |       921.36 |                 16.01 |                    5.00 |    102 |    14.5820 |
|        1 |        161 |           920.50 |       897.20 |       919.99 |                 13.05 |                    5.00 |    103 |    14.6569 |
|        1 |        162 |           920.50 |       897.20 |       920.12 |                 14.95 |                    5.00 |    105 |    14.7308 |
|        1 |        163 |           920.50 |       897.20 |       925.30 |                 20.54 |                    5.00 |    105 |    14.7766 |
|        1 |        164 |           920.50 |       897.20 |       908.41 |                 21.51 |                    5.00 |    105 |    14.8470 |
|        1 |        165 |           920.50 |       897.20 |       923.45 |                 13.81 |                    5.00 |    106 |    14.8929 |
|        1 |        166 |           920.50 |       897.20 |       907.68 |                 21.81 |                    5.00 |    106 |    14.9627 |
|        1 |        167 |           920.50 |       897.20 |       923.55 |                 21.32 |                    5.00 |    106 |    15.0551 |
|        1 |        168 |           920.50 |       897.20 |       927.10 |                 12.00 |                    5.00 |    106 |    15.1541 |
|        1 |        169 |           920.50 |       897.20 |       925.99 |                 19.93 |                    5.00 |    106 |    15.2094 |
|        1 |        170 |           920.50 |       897.20 |       917.03 |                 21.53 |                    5.00 |    106 |    15.2676 |
|        1 |        171 |           920.50 |       897.20 |       917.59 |                 13.08 |                    5.00 |    107 |    15.4189 |
|        1 |        172 |           920.50 |       897.20 |       904.46 |                 22.80 |                    5.00 |    107 |    15.4972 |
|        1 |        173 |           920.50 |       897.20 |       921.10 |                 24.86 |                    5.00 |    107 |    15.5642 |
|        1 |        174 |           920.50 |       897.20 |       909.85 |                 22.37 |                    5.00 |    107 |    15.6716 |
|        1 |        175 |           920.50 |       897.20 |       912.73 |                 16.17 |                    5.00 |    107 |    15.7591 |
|        1 |        176 |           920.50 |       897.20 |       906.81 |                 20.10 |                    5.00 |    107 |    15.7965 |
|        1 |        177 |           920.50 |       897.20 |       926.70 |                 19.00 |                    5.00 |    109 |    15.9129 |
|        1 |        178 |           920.50 |       897.20 |       926.70 |                 15.03 |                    5.00 |    109 |    15.9959 |
|        1 |        179 |           920.50 |       897.20 |       920.35 |                 17.51 |                    5.00 |    111 |    16.1707 |
|        1 |        180 |           920.50 |       897.20 |       917.26 |                 15.45 |                    5.00 |    111 |    16.3006 |
|        1 |        181 |           920.50 |       897.20 |       957.64 |                 20.54 |                    5.00 |    111 |    16.4272 |
|        1 |        182 |           920.50 |       897.20 |       946.90 |                 19.25 |                    5.00 |    112 |    16.5353 |
|        1 |        183 |           920.50 |       897.20 |       946.90 |                 15.87 |                    5.00 |    112 |    16.5993 |
|        1 |        184 |           920.50 |       897.20 |       931.66 |                 25.01 |                    5.00 |    112 |    16.7058 |
|        1 |        185 |           920.50 |       897.20 |       941.20 |                 23.84 |                    5.00 |    112 |    16.8795 |
|        1 |        186 |           920.50 |       897.20 |       941.20 |                 29.32 |                    5.00 |    112 |    16.9444 |
|        1 |        187 |           920.50 |       897.20 |       941.20 |                 34.31 |                    5.00 |    112 |    16.9985 |
|        1 |        188 |           920.50 |       897.20 |       941.20 |                 33.54 |                    5.00 |    112 |    17.0527 |
|        1 |        189 |           920.50 |       897.20 |       941.20 |                 20.91 |                    5.00 |    112 |    17.0985 |
|        1 |        190 |           920.50 |       897.20 |       941.20 |                 12.78 |                    5.00 |    112 |    17.1484 |
|        1 |        191 |           920.50 |       897.20 |       902.11 |                 19.38 |                    5.00 |    112 |    17.2127 |
|        1 |        192 |           920.50 |       897.20 |       945.71 |                 20.53 |                    5.00 |    112 |    17.2617 |
|        1 |        193 |           920.50 |       897.20 |       920.80 |                 25.75 |                    5.00 |    112 |    17.3217 |
|        1 |        194 |           920.50 |       897.20 |       920.80 |                 14.23 |                    5.00 |    112 |    17.3691 |
|        1 |        195 |           920.50 |       897.20 |       920.80 |                 19.92 |                    5.00 |    112 |    17.4411 |
|        1 |        196 |           920.50 |       897.20 |       920.50 |                 13.18 |                    5.00 |    112 |    17.4960 |
|        1 |        197 |           920.50 |       897.20 |       900.07 |                 17.21 |                    5.00 |    112 |    17.5546 |
|        1 |        198 |           920.50 |       897.20 |       907.61 |                 19.35 |                    5.00 |    112 |    17.5966 |
|        1 |        199 |           920.50 |       897.20 |       912.29 |                 17.47 |                    5.00 |    112 |    17.6329 |
|        1 |        200 |           920.50 |       897.20 |       911.04 |                 17.42 |                    5.00 |    112 |    17.6774 |
|        1 |        201 |           920.50 |       897.20 |       909.46 |                 16.68 |                    5.00 |    112 |    17.7564 |
|        1 |        202 |           920.50 |       897.20 |       907.22 |                 16.14 |                    5.00 |    112 |    17.8027 |
|        1 |        203 |           920.50 |       897.20 |       912.16 |                 22.79 |                    5.00 |    112 |    17.8845 |
|        1 |        204 |           920.50 |       897.20 |       939.90 |                 12.81 |                    5.00 |    114 |    17.9935 |
|        1 |        205 |           920.50 |       897.20 |       971.07 |                 16.23 |                    5.00 |    116 |    18.0477 |
|        1 |        206 |           920.50 |       897.20 |       939.60 |                 12.22 |                    5.00 |    116 |    18.1145 |
|        1 |        207 |           920.50 |       897.20 |       932.84 |                 23.07 |                    5.00 |    116 |    18.1783 |
|        1 |        208 |           920.50 |       897.20 |       939.90 |                 13.26 |                    5.00 |    116 |    18.2423 |
|        1 |        209 |           920.50 |       897.20 |       924.71 |                 15.43 |                    5.00 |    116 |    18.3721 |
|        1 |        210 |           920.50 |       897.20 |       903.68 |                 23.57 |                    5.00 |    116 |    18.4708 |
|        1 |        211 |           920.50 |       897.20 |       929.14 |                 17.39 |                    5.00 |    116 |    18.5336 |
|        1 |        212 |           920.50 |       897.20 |       915.43 |                 25.61 |                    5.00 |    116 |    18.5892 |
|        1 |        213 |           920.50 |       897.20 |       946.46 |                 26.47 |                    5.00 |    116 |    18.7022 |
|        1 |        214 |           920.50 |       897.20 |       943.04 |                 26.22 |                    5.00 |    116 |    18.8501 |
|        1 |        215 |           920.50 |       897.20 |       951.80 |                 16.18 |                    5.00 |    116 |    18.8896 |
|        1 |        216 |           920.50 |       897.20 |       972.68 |                 27.95 |                    5.00 |    116 |    18.9443 |
|        1 |        217 |           920.50 |       897.20 |       925.57 |                 11.98 |                    5.00 |    116 |    19.0506 |
|        1 |        218 |           920.50 |       897.20 |       924.24 |                 15.82 |                    5.00 |    116 |    19.0887 |
|        1 |        219 |           920.50 |       897.20 |       932.22 |                 21.50 |                    5.00 |    116 |    19.1388 |
|        1 |        220 |           920.50 |       897.20 |       902.14 |                 12.42 |                    5.00 |    116 |    19.2744 |
|        1 |        221 |           920.50 |       897.20 |       898.04 |                 16.90 |                    5.00 |    116 |    19.3123 |
|        1 |        222 |           920.50 |       897.20 |       925.10 |                 17.15 |                    5.00 |    116 |    19.3980 |
|        1 |        223 |           920.50 |       897.20 |       931.60 |                 21.50 |                    5.00 |    116 |    19.4527 |
|        1 |        224 |           920.50 |       897.20 |       916.57 |                 13.35 |                    5.00 |    116 |    19.5651 |
|        1 |        225 |           920.50 |       897.20 |       901.18 |                 15.00 |                    5.00 |    116 |    19.6177 |
|        1 |        226 |           920.50 |       897.20 |       904.01 |                 18.46 |                    5.00 |    116 |    19.6587 |
|        1 |        227 |           920.50 |       897.20 |       910.49 |                 14.34 |                    5.00 |    116 |    19.6979 |
|        1 |        228 |           920.50 |       897.20 |       902.46 |                 13.73 |                    5.00 |    116 |    19.7563 |
|        1 |        229 |           920.50 |       897.20 |       901.78 |                 13.69 |                    5.00 |    116 |    19.7976 |
|        1 |        230 |           920.50 |       897.20 |       908.39 |                 20.79 |                    5.00 |    116 |    19.8376 |
|        1 |        231 |           920.50 |       897.20 |       924.63 |                 25.06 |                    5.00 |    116 |    19.8885 |
|        1 |        232 |           920.50 |       897.20 |       930.10 |                 25.76 |                    5.00 |    116 |    19.9261 |
|        1 |        233 |           920.50 |       897.20 |       929.08 |                 26.46 |                    5.00 |    116 |    19.9808 |
------------------------------------------------------------------------------------------------------------------------------------------------
|  Restart |  Iteration |  Best Feas. Cost |    Best Cost |   Curr. Cost |   Penalty Custom Res. |   Penalty Standard Res. |   Pool |   Time (s) |
------------------------------------------------------------------------------------------------------------------------------------------------
|        1 |        234 |           920.50 |       897.20 |       920.50 |                 14.00 |                    5.00 |    116 |    20.0718 |
|        1 |        235 |           920.50 |       897.20 |       919.29 |                 15.56 |                    5.00 |    117 |    20.1556 |
|        1 |        236 |           920.50 |       897.20 |       919.08 |                 15.33 |                    5.00 |    117 |    20.2306 |
|        1 |        237 |           920.50 |       897.20 |       897.47 |                 19.42 |                    5.00 |    117 |    20.2870 |
|        1 |        238 |           920.50 |       897.20 |       914.44 |                 16.85 |                    5.00 |    117 |    20.3250 |
|        1 |        239 |           920.50 |       897.20 |       907.57 |                 25.83 |                    5.00 |    117 |    20.3653 |
|        1 |        240 |           920.50 |       897.20 |       958.20 |                 16.92 |                    5.00 |    117 |    20.4108 |
|        1 |        241 |           920.50 |       897.20 |       921.10 |                 12.74 |                    5.00 |    117 |    20.4707 |
|        1 |        242 |           920.50 |       897.20 |       904.38 |                 17.86 |                    5.00 |    117 |    20.5024 |
|        1 |        243 |           920.50 |       897.20 |       916.71 |                 26.32 |                    5.00 |    117 |    20.5456 |
|        1 |        244 |           920.50 |       897.20 |       928.47 |                 25.47 |                    5.00 |    117 |    20.5922 |
|        1 |        245 |           920.50 |       897.20 |       968.73 |                 24.91 |                    5.00 |    118 |    20.6290 |
|        1 |        246 |           920.50 |       897.20 |       923.35 |                 13.55 |                    5.00 |    118 |    20.7694 |
|        1 |        247 |           920.50 |       897.20 |       917.76 |                 21.54 |                    5.00 |    118 |    20.8750 |
|        1 |        248 |           920.50 |       897.20 |       954.29 |                 33.37 |                    5.00 |    118 |    20.9114 |
|        1 |        249 |           920.50 |       897.20 |       965.30 |                 17.15 |                    5.00 |    118 |    20.9980 |
|        1 |        250 |           920.50 |       897.20 |       972.31 |                 18.48 |                    5.00 |    119 |    21.0841 |
|        1 |        251 |           920.50 |       897.20 |       971.30 |                 12.10 |                    5.00 |    119 |    21.2838 |
|        1 |        252 |           920.50 |       897.20 |       964.25 |                 14.88 |                    5.00 |    119 |    21.3318 |
|        1 |        253 |           920.50 |       897.20 |       930.50 |                 11.64 |                    5.00 |    119 |    21.4152 |
|        1 |        254 |           920.50 |       897.20 |       927.37 |                 12.05 |                    5.00 |    119 |    21.5063 |
|        1 |        255 |           920.50 |       897.20 |       928.02 |                 15.34 |                    5.00 |    119 |    21.6491 |
|        1 |        256 |           920.50 |       897.20 |       931.42 |                 15.42 |                    5.00 |    119 |    21.7271 |
|        1 |        257 |           920.50 |       897.20 |       929.49 |                 14.58 |                    5.00 |    119 |    21.8195 |
|        1 |        258 |           920.50 |       897.20 |       937.99 |                 11.98 |                    5.00 |    119 |    21.9176 |
|        1 |        259 |           920.50 |       897.20 |       930.84 |                 15.48 |                    5.00 |    119 |    21.9797 |
|        1 |        260 |           920.50 |       897.20 |       932.30 |                 15.37 |                    5.00 |    119 |    22.0775 |
|        1 |        261 |           920.50 |       897.20 |       928.37 |                 18.15 |                    5.00 |    119 |    22.1354 |
|        1 |        262 |           920.50 |       897.20 |       931.23 |                 12.35 |                    5.00 |    119 |    22.2070 |
|        1 |        263 |           920.50 |       897.20 |       931.39 |                 17.13 |                    5.00 |    119 |    22.2492 |
|        1 |        264 |           920.50 |       897.20 |       961.40 |                 24.33 |                    5.00 |    119 |    22.3936 |
|        1 |        265 |           920.50 |       897.20 |       969.23 |                 36.19 |                    5.00 |    119 |    22.4389 |
|        1 |        266 |           920.50 |       897.20 |       980.90 |                 19.40 |                    5.26 |    119 |    22.4936 |
|        1 |        267 |           920.50 |       897.20 |       952.84 |                 24.00 |                    5.00 |    119 |    22.6083 |
|        1 |        268 |           920.50 |       897.20 |       954.30 |                 12.68 |                    5.00 |    119 |    22.7297 |
|        1 |        269 |           920.50 |       897.20 |       940.00 |                 18.45 |                    5.00 |    119 |    22.8075 |
|        1 |        270 |           920.50 |       897.20 |       902.40 |                 13.58 |                    5.00 |    120 |    22.9092 |
|        1 |        271 |           920.50 |       897.20 |       905.53 |                 24.42 |                    5.00 |    120 |    22.9563 |
|        1 |        272 |           920.50 |       897.20 |       933.40 |                 12.83 |                    5.00 |    120 |    23.0128 |
|        1 |        273 |           920.50 |       897.20 |       928.10 |                 12.42 |                    5.00 |    120 |    23.0495 |
|        1 |        274 |           920.50 |       897.20 |       927.53 |                 13.54 |                    5.00 |    120 |    23.0982 |
|        1 |        275 |           920.50 |       897.20 |       962.58 |                 12.81 |                    5.00 |    120 |    23.1818 |
|        1 |        276 |           920.50 |       897.20 |       922.35 |                 24.00 |                    5.00 |    121 |    23.3625 |
|        1 |        277 |           920.50 |       897.20 |       966.27 |                 31.34 |                    5.00 |    121 |    23.4156 |
|        1 |        278 |           920.50 |       897.20 |       897.98 |                 15.71 |                    5.00 |    121 |    23.5759 |
|        1 |        279 |           920.50 |       897.20 |       909.26 |                 21.13 |                    5.00 |    121 |    23.6337 |
|        1 |        280 |           920.50 |       897.20 |       916.19 |                 16.58 |                    5.00 |    121 |    23.6705 |
|        1 |        281 |           920.50 |       897.20 |       931.82 |                 14.63 |                    5.00 |    121 |    23.7499 |
|        1 |        282 |           920.50 |       897.20 |       908.32 |                 18.10 |                    5.00 |    121 |    23.8661 |
|        1 |        283 |           920.50 |       897.20 |       927.50 |                 15.67 |                    5.00 |    121 |    23.9269 |
|        1 |        284 |           920.50 |       897.20 |       921.85 |                 14.54 |                    5.00 |    121 |    23.9991 |
|        1 |        285 |           920.50 |       897.20 |       918.82 |                 19.92 |                    5.00 |    121 |    24.0851 |
|        1 |        286 |           920.50 |       897.20 |       921.10 |                 15.47 |                    5.00 |    121 |    24.1277 |
|        1 |        287 |           920.50 |       897.20 |       903.97 |                 17.47 |                    5.00 |    121 |    24.2455 |
|        1 |        288 |           920.50 |       897.20 |       910.60 |                 17.09 |                    5.00 |    121 |    24.2778 |
|        1 |        289 |           920.50 |       897.20 |       907.68 |                 12.51 |                    5.00 |    121 |    24.3154 |
|        1 |        290 |           920.50 |       897.20 |       898.76 |                 18.81 |                    5.00 |    121 |    24.3495 |
|        1 |        291 |           920.50 |       897.20 |       912.64 |                 16.31 |                    5.00 |    121 |    24.3869 |
|        1 |        292 |           920.50 |       897.20 |       910.63 |                 15.47 |                    5.00 |    121 |    24.4346 |
|        1 |        293 |           920.50 |       897.20 |       905.70 |                 25.19 |                    5.00 |    121 |    24.4724 |
|        1 |        294 |           920.50 |       897.20 |       921.10 |                 15.39 |                    5.00 |    121 |    24.5099 |
|        1 |        295 |           920.50 |       897.20 |       905.27 |                 19.28 |                    5.00 |    121 |    24.5823 |
|        1 |        296 |           920.50 |       897.20 |       920.80 |                 19.18 |                    5.00 |    121 |    24.6621 |
|        1 |        297 |           920.50 |       897.20 |       898.88 |                 12.28 |                    5.00 |    121 |    24.7502 |
|        1 |        298 |           920.50 |       897.20 |       914.82 |                 13.81 |                    5.00 |    122 |    24.7946 |
|        1 |        299 |           920.50 |       897.20 |       920.50 |                 12.80 |                    5.00 |    122 |    24.8805 |
|        1 |        300 |           920.50 |       897.20 |       915.40 |                 14.10 |                    5.00 |    122 |    24.9300 |
|        1 |        301 |           920.50 |       897.20 |       902.14 |                 12.67 |                    5.00 |    122 |    25.0376 |
|        1 |        302 |           920.50 |       897.20 |       899.84 |                 20.43 |                    5.00 |    122 |    25.0775 |
|        1 |        303 |           920.50 |       897.20 |       915.30 |                 19.97 |                    5.00 |    122 |    25.1255 |
|        1 |        304 |           920.50 |       897.20 |       913.53 |                 15.83 |                    5.00 |    122 |    25.1545 |
|        1 |        305 |           920.50 |       897.20 |       905.18 |                 12.67 |                    5.00 |    122 |    25.1997 |
|        1 |        306 |           920.50 |       897.20 |       901.61 |                 20.42 |                    5.00 |    122 |    25.2449 |
|        1 |        307 |           920.50 |       897.20 |       913.30 |                 14.03 |                    5.00 |    122 |    25.3276 |
|        1 |        308 |           920.50 |       896.30 |       896.30 |                 17.05 |                    5.00 |    122 |    25.3955 |
|        1 |        309 |           920.50 |       896.30 |       909.34 |                 15.22 |                    5.00 |    122 |    25.4451 |
|        1 |        310 |           920.50 |       896.30 |       909.10 |                 27.54 |                    5.00 |    122 |    25.5538 |
|        1 |        311 |           920.50 |       896.30 |       920.80 |                 15.22 |                    5.00 |    122 |    25.5981 |
|        1 |        312 |           920.50 |       896.30 |       949.22 |                 14.27 |                    5.00 |    122 |    25.6676 |
|        1 |        313 |           920.50 |       896.30 |       952.43 |                 12.87 |                    5.00 |    122 |    25.7157 |
|        1 |        314 |           920.50 |       896.30 |       950.93 |                 12.46 |                    5.00 |    122 |    25.7509 |
|        1 |        315 |           920.50 |       896.30 |       941.81 |                 25.50 |                    5.00 |    122 |    25.8222 |
|        1 |        316 |           920.50 |       896.30 |       963.20 |                 16.89 |                    5.00 |    122 |    25.8584 |
|        1 |        317 |           920.50 |       896.30 |       937.71 |                 19.92 |                    5.00 |    122 |    25.9286 |
|        1 |        318 |           920.50 |       896.30 |       953.15 |                 12.53 |                    5.00 |    122 |    25.9831 |
|        1 |        319 |           920.50 |       896.30 |       939.46 |                 15.43 |                    5.00 |    122 |    26.0174 |
|        1 |        320 |           920.50 |       896.30 |       915.63 |                 21.22 |                    5.00 |    124 |    26.2021 |
|        1 |        321 |           920.50 |       896.30 |       925.50 |                 14.18 |                    5.26 |    124 |    26.2610 |
|        1 |        322 |           920.50 |       896.30 |       906.95 |                 14.07 |                    5.00 |    124 |    26.3870 |
|        1 |        323 |           920.50 |       896.30 |       905.24 |                 16.29 |                    5.00 |    124 |    26.4384 |
|        1 |        324 |           920.50 |       896.30 |       904.16 |                 14.10 |                    5.00 |    124 |    26.4995 |
|        1 |        325 |           920.50 |       896.30 |       914.00 |                 12.95 |                    5.00 |    124 |    26.5736 |
|        1 |        326 |           920.50 |       896.30 |       924.58 |                 15.71 |                    5.00 |    124 |    26.6669 |
|        1 |        327 |           920.50 |       896.30 |       914.17 |                 12.27 |                    5.00 |    124 |    26.7770 |
|        1 |        328 |           920.50 |       896.30 |       914.34 |                 15.88 |                    5.00 |    124 |    26.8109 |
|        1 |        329 |           920.50 |       896.30 |       907.96 |                 21.14 |                    5.00 |    124 |    26.8668 |
|        1 |        330 |           920.50 |       896.30 |       912.59 |                 20.86 |                    5.00 |    124 |    26.9103 |
|        1 |        331 |           920.50 |       896.30 |       920.50 |                 12.11 |                    5.00 |    124 |    26.9675 |
|        1 |        332 |           920.50 |       896.30 |       914.00 |                 13.60 |                    5.00 |    124 |    27.0253 |
|        1 |        333 |           920.50 |       896.30 |       917.56 |                 23.05 |                    5.00 |    124 |    27.0661 |
|        1 |        334 |           920.50 |       896.30 |       920.50 |                 12.85 |                    5.00 |    124 |    27.1311 |
|        1 |        335 |           920.50 |       896.30 |       897.64 |                 14.90 |                    5.00 |    124 |    27.1687 |
|        1 |        336 |           920.50 |       896.30 |       906.60 |                 13.19 |                    5.00 |    124 |    27.1997 |
|        1 |        337 |           920.50 |       896.30 |       911.64 |                 20.22 |                    5.00 |    125 |    27.2388 |
|        1 |        338 |           920.50 |       896.30 |       920.50 |                 25.84 |                    5.00 |    125 |    27.3111 |
|        1 |        339 |           920.50 |       896.30 |       926.62 |                 25.41 |                    5.00 |    125 |    27.4178 |
|        1 |        340 |           920.50 |       896.30 |       920.80 |                 15.03 |                    5.00 |    125 |    27.4904 |
|        1 |        341 |           920.50 |       896.30 |       920.80 |                 22.54 |                    5.00 |    125 |    27.5600 |
|        1 |        342 |           920.50 |       896.30 |       920.80 |                 12.97 |                    5.00 |    125 |    27.6064 |
|        1 |        343 |           920.50 |       896.30 |       947.40 |                 14.86 |                    5.00 |    126 |    27.6736 |
|        1 |        344 |           920.50 |       895.82 |       895.82 |                 15.83 |                    5.00 |    126 |    27.7881 |
|        1 |        345 |           920.50 |       895.82 |       904.86 |                 20.27 |                    5.00 |    126 |    27.8332 |
|        1 |        346 |           920.50 |       895.82 |       914.14 |                 21.47 |                    5.00 |    126 |    27.8760 |
|        1 |        347 |           920.50 |       895.82 |       916.14 |                 15.40 |                    5.00 |    126 |    27.9137 |
|        1 |        348 |           920.50 |       895.82 |       903.99 |                 20.55 |                    5.00 |    126 |    27.9382 |
|        1 |        349 |           920.50 |       895.82 |       916.39 |                 23.81 |                    5.00 |    126 |    27.9819 |
|        1 |        350 |           920.50 |       895.82 |       918.62 |                 12.09 |                    5.00 |    127 |    28.1125 |
|        1 |        351 |           920.50 |       895.82 |       921.31 |                 15.48 |                    5.00 |    127 |    28.1645 |
|        1 |        352 |           920.50 |       895.82 |       899.14 |                 18.94 |                    5.00 |    127 |    28.2904 |
|        1 |        353 |           920.50 |       895.82 |       945.24 |                 19.67 |                    5.00 |    127 |    28.3291 |
|        1 |        354 |           920.50 |       895.82 |       946.74 |                 21.69 |                    5.00 |    127 |    28.3709 |
|        1 |        355 |           920.50 |       895.82 |       952.08 |                 17.17 |                    5.00 |    127 |    28.4322 |
|        1 |        356 |           920.50 |       895.82 |       942.23 |                 26.33 |                    5.00 |    127 |    28.4690 |
|        1 |        357 |           920.50 |       895.82 |       953.80 |                 16.91 |                    5.00 |    127 |    28.5259 |
|        1 |        358 |           920.50 |       895.82 |       929.89 |                 30.97 |                    5.00 |    127 |    28.6068 |
|        1 |        359 |           920.50 |       895.82 |       923.33 |                 24.10 |                    5.00 |    127 |    28.7776 |
|        1 |        360 |           920.50 |       895.82 |       964.75 |                 33.78 |                    5.00 |    127 |    28.8112 |
|        1 |        361 |           920.50 |       895.82 |       941.20 |                 34.94 |                    5.00 |    127 |    28.9048 |
|        1 |        362 |           920.50 |       895.82 |       941.20 |                 27.68 |                    5.00 |    127 |    28.9460 |
|        1 |        363 |           920.50 |       895.82 |       921.10 |                 16.80 |                    5.00 |    127 |    29.0952 |
|        1 |        364 |           920.50 |       895.82 |       905.77 |                 24.02 |                    5.00 |    127 |    29.1379 |
|        1 |        365 |           920.50 |       895.82 |       909.04 |                 22.77 |                    5.00 |    127 |    29.2157 |
|        1 |        366 |           920.50 |       895.82 |       918.53 |                 19.91 |                    5.00 |    127 |    29.3231 |
|        1 |        367 |           920.50 |       895.82 |       910.57 |                 17.23 |                    5.00 |    127 |    29.3895 |
|        1 |        368 |           920.50 |       895.82 |       916.16 |                 25.38 |                    5.00 |    128 |    29.4286 |
|        1 |        369 |           920.50 |       895.82 |       921.10 |                 13.61 |                    5.00 |    128 |    29.4798 |
|        1 |        370 |           920.50 |       895.82 |       921.10 |                 18.32 |                    5.00 |    128 |    29.5238 |
|        1 |        371 |           920.50 |       895.82 |       905.20 |                 25.25 |                    5.00 |    128 |    29.6626 |
|        1 |        372 |           920.50 |       895.82 |       911.95 |                 18.42 |                    5.00 |    128 |    29.7471 |
|        1 |        373 |           920.50 |       895.82 |       912.23 |                 16.78 |                    5.00 |    128 |    29.8160 |
|        1 |        374 |           920.50 |       895.82 |       908.43 |                 25.24 |                    5.00 |    128 |    29.8550 |
|        1 |        375 |           920.50 |       895.82 |       920.80 |                 18.99 |                    5.00 |    128 |    29.9265 |
|        1 |        376 |           920.50 |       895.82 |       911.11 |                 12.56 |                    5.00 |    128 |    29.9816 |
|        1 |        377 |           920.50 |       895.82 |       941.01 |                 23.75 |                    5.00 |    129 |    30.0317 |
|        1 |        378 |           920.50 |       895.82 |       931.90 |                 13.93 |                    5.00 |    129 |    30.0868 |
|        1 |        379 |           920.50 |       895.82 |       924.32 |                 20.86 |                    5.00 |    129 |    30.1974 |
|        1 |        380 |           920.50 |       895.82 |       931.60 |                 13.14 |                    5.00 |    129 |    30.2605 |
|        1 |        381 |           920.50 |       895.82 |       926.64 |                 12.71 |                    5.00 |    129 |    30.3097 |
|        1 |        382 |           920.50 |       895.82 |       932.30 |                 13.99 |                    5.00 |    129 |    30.3774 |
|        1 |        383 |           920.50 |       895.82 |       926.10 |                 14.37 |                    5.00 |    129 |    30.4377 |
|        1 |        384 |           920.50 |       895.82 |       926.10 |                 13.11 |                    5.00 |    129 |    30.4661 |
|        1 |        385 |           920.50 |       895.82 |       909.17 |                 24.49 |                    5.00 |    129 |    30.5564 |
|        1 |        386 |           920.50 |       895.82 |       922.48 |                 15.56 |                    5.00 |    129 |    30.6199 |
|        1 |        387 |           920.50 |       895.82 |       905.87 |                 22.25 |                    5.00 |    129 |    30.6584 |
|        1 |        388 |           920.50 |       895.82 |       921.10 |                 12.42 |                    5.00 |    129 |    30.7033 |
|        1 |        389 |           920.50 |       895.82 |       898.33 |                 18.85 |                    5.00 |    129 |    30.7423 |
|        1 |        390 |           920.50 |       895.82 |       912.35 |                 17.19 |                    5.00 |    129 |    30.7858 |
|        1 |        391 |           920.50 |       895.82 |       907.53 |                 27.70 |                    5.00 |    129 |    30.8304 |
|        1 |        392 |           920.50 |       895.82 |       958.30 |                 18.16 |                    5.00 |    129 |    30.8745 |
|        1 |        393 |           920.50 |       895.82 |       945.22 |                 16.06 |                    5.00 |    129 |    30.9210 |
|        1 |        394 |           920.50 |       895.82 |       964.68 |                 27.99 |                    5.00 |    129 |    30.9994 |
|        1 |        395 |           920.50 |       895.82 |       964.70 |                 35.09 |                    5.00 |    129 |    31.0657 |
|        1 |        396 |           920.50 |       895.82 |       952.22 |                 15.93 |                    5.00 |    129 |    31.2396 |
|        1 |        397 |           920.50 |       895.82 |       908.39 |                 19.01 |                    5.00 |    129 |    31.2909 |
|        1 |        398 |           920.50 |       895.82 |       950.00 |                 12.05 |                    5.00 |    129 |    31.3909 |
|        1 |        399 |           920.50 |       895.82 |       937.82 |                 22.77 |                    5.00 |    129 |    31.4497 |
|        1 |        400 |           920.50 |       895.82 |       988.61 |                 22.94 |                    5.00 |    129 |    31.4996 |
|        1 |        401 |           920.50 |       895.82 |       941.20 |                 30.49 |                    5.00 |    129 |    31.5905 |
|        1 |        402 |           920.50 |       895.82 |       940.90 |                 17.37 |                    5.00 |    129 |    31.6393 |
|        1 |        403 |           920.50 |       895.82 |       923.28 |                 18.90 |                    5.00 |    129 |    31.7303 |
|        1 |        404 |           920.50 |       895.82 |       937.88 |                 34.33 |                    5.00 |    129 |    31.7778 |
|        1 |        405 |           920.50 |       895.82 |       920.50 |                 20.33 |                    5.00 |    129 |    31.8441 |
|        1 |        406 |           920.50 |       895.82 |       919.50 |                 14.52 |                    5.00 |    130 |    31.9510 |
|        1 |        407 |           920.50 |       895.82 |       925.00 |                 12.57 |                    5.00 |    131 |    32.0215 |
|        1 |        408 |           920.50 |       895.82 |       908.69 |                 26.19 |                    5.00 |    131 |    32.1323 |
|        1 |        409 |           920.50 |       895.82 |       921.10 |                 17.00 |                    5.00 |    131 |    32.1698 |
|        1 |        410 |           920.50 |       895.82 |       921.10 |                 14.01 |                    5.00 |    131 |    32.2218 |
|        1 |        411 |           920.50 |       895.82 |       916.84 |                 14.08 |                    5.00 |    131 |    32.3040 |
|        1 |        412 |           920.50 |       895.82 |       984.25 |                 22.86 |                    5.00 |    134 |    32.4429 |
|        1 |        413 |           920.50 |       895.82 |       989.32 |                 16.72 |                    5.00 |    134 |    32.4877 |
|        1 |        414 |           920.50 |       895.82 |       977.71 |                 25.37 |                    5.00 |    134 |    32.5307 |
|        1 |        415 |           920.50 |       895.82 |       940.30 |                 12.78 |                    5.00 |    134 |    32.6271 |
|        1 |        416 |           920.50 |       895.82 |       934.89 |                 13.26 |                    5.00 |    134 |    32.6806 |
|        1 |        417 |           920.50 |       895.82 |       920.82 |                 21.56 |                    5.00 |    134 |    32.7327 |
|        1 |        418 |           920.50 |       895.82 |       946.75 |                 12.59 |                    5.00 |    136 |    32.8606 |
|        1 |        419 |           920.50 |       895.82 |       933.49 |                 22.41 |                    5.00 |    136 |    32.9043 |
|        1 |        420 |           920.50 |       895.82 |       958.80 |                 12.01 |                    5.00 |    136 |    32.9818 |
|        1 |        421 |           920.50 |       895.82 |       953.00 |                 15.35 |                    5.00 |    136 |    33.0805 |
|        1 |        422 |           920.50 |       895.82 |       948.57 |                 25.25 |                    5.00 |    139 |    33.1257 |
|        1 |        423 |           920.50 |       895.82 |       958.50 |                 12.49 |                    5.00 |    139 |    33.1868 |
|        1 |        424 |           920.50 |       895.82 |       951.50 |                 12.21 |                    5.00 |    139 |    33.2358 |
|        1 |        425 |           920.50 |       895.82 |       926.63 |                 23.09 |                    5.00 |    139 |    33.2931 |
|        1 |        426 |           920.50 |       895.82 |       946.56 |                 18.08 |                    5.00 |    139 |    33.3721 |
|        1 |        427 |           920.50 |       895.82 |       937.48 |                 31.57 |                    5.00 |    139 |    33.4200 |
|        1 |        428 |           920.50 |       895.82 |       953.80 |                 20.43 |                    5.00 |    139 |    33.5074 |
|        1 |        429 |           920.50 |       895.82 |       949.50 |                 24.15 |                    5.00 |    139 |    33.5558 |
|        1 |        430 |           920.50 |       895.82 |       938.83 |                 12.79 |                    5.00 |    139 |    33.6463 |
|        1 |        431 |           920.50 |       895.82 |       932.26 |                 16.22 |                    5.00 |    139 |    33.7062 |
|        1 |        432 |           920.50 |       895.82 |       938.67 |                 13.64 |                    5.00 |    139 |    33.7529 |
|        1 |        433 |           920.50 |       895.82 |       940.70 |                 25.04 |                    5.00 |    139 |    33.8024 |
|        1 |        434 |           920.50 |       895.82 |       928.47 |                 20.93 |                    5.00 |    139 |    33.9617 |
|        1 |        435 |           920.50 |       895.82 |       944.23 |                 18.03 |                    5.00 |    139 |    34.1082 |
|        1 |        436 |           920.50 |       895.82 |       949.95 |                 20.47 |                    5.00 |    139 |    34.1607 |
|        1 |        437 |           920.50 |       895.82 |       949.08 |                 24.32 |                    5.00 |    139 |    34.2848 |
|        1 |        438 |           920.50 |       895.82 |       953.80 |                 14.71 |                    5.00 |    139 |    34.3303 |
|        1 |        439 |           920.50 |       895.82 |       934.74 |                 14.24 |                    5.00 |    139 |    34.3691 |
|        1 |        440 |           920.50 |       895.82 |       898.23 |                 20.99 |                    5.00 |    140 |    34.4037 |
|        1 |        441 |           920.50 |       895.82 |       943.90 |                 20.50 |                    5.00 |    140 |    34.4632 |
|        1 |        442 |           920.50 |       895.82 |       954.10 |                 21.41 |                    5.00 |    140 |    34.5670 |
|        1 |        443 |           920.50 |       895.82 |       987.36 |                 22.66 |                    5.00 |    142 |    34.6238 |
|        1 |        444 |           920.50 |       895.82 |      1003.83 |                 21.01 |                    5.00 |    142 |    34.7139 |
|        1 |        445 |           920.50 |       895.82 |       928.16 |                 20.03 |                    5.75 |    142 |    34.8377 |
|        1 |        446 |           920.50 |       895.82 |       964.60 |                 16.62 |                    5.00 |    142 |    34.9438 |
|        1 |        447 |           920.50 |       895.82 |       956.52 |                 10.86 |                    5.00 |    142 |    35.0304 |
|        1 |        448 |           920.50 |       895.82 |       928.21 |                 12.45 |                    5.00 |    142 |    35.0870 |
|        1 |        449 |           920.50 |       895.82 |       926.06 |                 12.68 |                    5.00 |    142 |    35.1195 |
|        1 |        450 |           920.50 |       895.82 |       926.77 |                 17.93 |                    5.00 |    142 |    35.1935 |
|        1 |        451 |           920.50 |       895.82 |       931.60 |                 16.01 |                    5.00 |    142 |    35.2747 |
|        1 |        452 |           920.50 |       895.82 |       931.90 |                 16.96 |                    5.00 |    142 |    35.3655 |
|        1 |        453 |           920.50 |       895.82 |       924.03 |                 20.18 |                    5.00 |    142 |    35.4874 |
|        1 |        454 |           920.50 |       895.82 |       932.00 |                 12.57 |                    5.00 |    142 |    35.5381 |
|        1 |        455 |           920.50 |       895.82 |       925.17 |                 12.39 |                    5.00 |    142 |    35.6031 |
|        1 |        456 |           920.50 |       895.82 |       901.71 |                 12.86 |                    5.00 |    142 |    35.6614 |
|        1 |        457 |           920.50 |       895.82 |       906.39 |                 21.57 |                    5.00 |    142 |    35.7086 |
|        1 |        458 |           920.50 |       895.82 |       924.34 |                 26.00 |                    5.00 |    142 |    35.7719 |
|        1 |        459 |           920.50 |       895.82 |       921.10 |                 14.22 |                    5.00 |    142 |    35.8304 |
|        1 |        460 |           920.50 |       895.82 |       923.81 |                 22.44 |                    5.00 |    142 |    35.9110 |
|        1 |        461 |           920.50 |       895.82 |       951.45 |                 29.30 |                    5.00 |    142 |    35.9640 |
|        1 |        462 |           920.50 |       895.82 |       954.10 |                 17.46 |                    5.00 |    142 |    36.0956 |
|        1 |        463 |           920.50 |       895.82 |       947.33 |                 19.81 |                    5.00 |    142 |    36.1539 |
|        1 |        464 |           920.50 |       895.82 |       947.33 |                 17.72 |                    5.00 |    142 |    36.1879 |
|        1 |        465 |           920.50 |       895.82 |       950.51 |                 14.61 |                    5.00 |    142 |    36.2399 |
|        1 |        466 |           920.50 |       895.82 |       911.22 |                 22.25 |                    5.00 |    142 |    36.3955 |
|        1 |        467 |           920.50 |       895.82 |       920.80 |                 16.41 |                    5.00 |    142 |    36.4697 |
|        1 |        468 |           920.50 |       895.82 |       901.71 |                 21.22 |                    5.00 |    142 |    36.5213 |
|        1 |        469 |           920.50 |       895.82 |       920.33 |                 15.96 |                    5.00 |    142 |    36.6067 |
|        1 |        470 |           920.50 |       895.82 |       920.24 |                 12.50 |                    5.00 |    142 |    36.6762 |
|        1 |        471 |           920.50 |       895.82 |       920.80 |                 17.33 |                    5.00 |    142 |    36.7257 |
|        1 |        472 |           920.50 |       895.82 |       935.41 |                 20.28 |                    5.00 |    142 |    36.7838 |
|        1 |        473 |           920.50 |       895.82 |       946.76 |                 17.77 |                    5.26 |    142 |    36.8455 |
|        1 |        474 |           920.50 |       895.82 |       942.83 |                 23.22 |                    5.00 |    142 |    36.9404 |
|        1 |        475 |           920.50 |       895.82 |       993.70 |                 13.91 |                    5.00 |    144 |    36.9911 |
|        1 |        476 |           920.50 |       895.82 |       953.56 |                 13.31 |                    5.00 |    144 |    37.0567 |
|        1 |        477 |           920.50 |       895.82 |       941.82 |                 26.37 |                    5.00 |    144 |    37.1564 |
|        1 |        478 |           920.50 |       895.82 |       953.80 |                 15.76 |                    5.00 |    144 |    37.2353 |
|        1 |        479 |           920.50 |       895.82 |       912.45 |                 21.79 |                    5.00 |    144 |    37.3376 |
|        1 |        480 |           920.50 |       895.82 |       959.10 |                 20.22 |                    5.00 |    144 |    37.4170 |
|        1 |        481 |           920.50 |       895.82 |       952.55 |                 12.69 |                    5.00 |    144 |    37.5458 |
|        1 |        482 |           920.50 |       895.82 |       954.24 |                 13.03 |                    5.00 |    144 |    37.5925 |
|        1 |        483 |           920.50 |       895.82 |       951.90 |                 15.70 |                    5.00 |    144 |    37.6753 |
|        1 |        484 |           920.50 |       895.82 |       911.19 |                 17.41 |                    5.00 |    144 |    37.7910 |
|        1 |        485 |           920.50 |       895.82 |       937.99 |                 21.41 |                    5.00 |    144 |    37.8501 |
|        1 |        486 |           920.50 |       895.82 |       949.08 |                 25.57 |                    5.00 |    144 |    37.8917 |
|        1 |        487 |           920.50 |       895.82 |       957.10 |                 20.86 |                    5.00 |    144 |    37.9536 |
|        1 |        488 |           920.50 |       895.82 |       949.86 |                 14.32 |                    5.00 |    144 |    38.0529 |
|        1 |        489 |           920.50 |       895.82 |       941.65 |                 13.25 |                    5.00 |    144 |    38.1753 |
|        1 |        490 |           920.50 |       895.82 |       944.11 |                 19.93 |                    5.00 |    144 |    38.2123 |
|        1 |        491 |           920.50 |       895.82 |       957.10 |                 15.78 |                    5.00 |    144 |    38.2701 |
|        1 |        492 |           920.50 |       895.82 |       952.35 |                 12.74 |                    5.00 |    145 |    38.3425 |
|        1 |        493 |           920.50 |       895.82 |       953.31 |                 12.20 |                    5.00 |    145 |    38.3956 |
|        1 |        494 |           920.50 |       895.82 |       951.48 |                 14.86 |                    5.00 |    145 |    38.4375 |
|        1 |        495 |           920.50 |       895.82 |       940.60 |                 18.78 |                    5.00 |    145 |    38.5283 |
|        1 |        496 |           920.50 |       895.82 |       940.60 |                 15.96 |                    5.00 |    145 |    38.5763 |
|        1 |        497 |           920.50 |       895.82 |       916.66 |                 23.68 |                    5.00 |    145 |    38.6710 |
|        1 |        498 |           920.50 |       895.82 |       901.11 |                 20.57 |                    5.00 |    145 |    38.8411 |
|        1 |        499 |           920.50 |       895.82 |       914.76 |                 26.09 |                    5.00 |    145 |    38.8823 |
|        1 |        500 |           920.50 |       895.82 |       920.80 |                 15.15 |                    5.00 |    145 |    38.9404 |
------------------------------------------------------------------------------------------------------------------------------------------------
Version identifier: 22.1.2.0 | 2024-11-26 | 0edbb82fd
CPXPARAM_MIP_Tolerances_UpperCutoff              920.59999999999332
Tried aggregator 1 time.
MIP Presolve eliminated 55 rows and 31 columns.
MIP Presolve modified 204 coefficients.
Reduced MIP has 46 rows, 114 columns, and 549 nonzeros.
Reduced MIP has 114 binaries, 0 generals, 0 SOSs, and 0 indicators.
Presolve time = 0.00 sec. (0.91 ticks)
Probing time = 0.00 sec. (0.34 ticks)
Tried aggregator 1 time.
MIP Presolve eliminated 9 rows and 14 columns.
Reduced MIP has 37 rows, 100 columns, and 419 nonzeros.
Reduced MIP has 100 binaries, 0 generals, 0 SOSs, and 0 indicators.
Presolve time = 0.00 sec. (0.27 ticks)
Probing time = 0.00 sec. (0.23 ticks)
Tried aggregator 1 time.
Detecting symmetries...
MIP Presolve eliminated 3 rows and 8 columns.
Reduced MIP has 34 rows, 92 columns, and 358 nonzeros.
Reduced MIP has 92 binaries, 0 generals, 0 SOSs, and 0 indicators.
Presolve time = 0.00 sec. (0.24 ticks)
Probing time = 0.00 sec. (0.19 ticks)
Clique table members: 179.
MIP emphasis: balance optimality and feasibility.
MIP search method: dynamic search.
Parallel mode: deterministic, using up to 8 threads.
Root relaxation solution time = 0.00 sec. (0.11 ticks)

        Nodes                                         Cuts/
   Node  Left     Objective  IInf  Best Integer    Best Bound    ItCnt     Gap

      0     0      910.5000     3                    910.5000       30         
*     0+    0                          920.5000      910.5000             1.09%
      0     0        cutoff            920.5000                     30    0.00%
Elapsed time = 0.01 sec. (3.08 ticks, tree = 0.01 MB, solutions = 1)
objective_value(sp) = 920.5
 42.632148 seconds (6.85 M allocations: 341.409 MiB, 0.17% gc time, 9.62% compilation time)
#1: 0 (0.0) {291.0} -> 75 (20.0) {306.8} [38.0, 358.0] -> 2 (50.0) {401.8} [133.0, 453.0] -> 0 (50.0) {512.4} [0.0, 3390.0]
#2: 0 (0.0) {162.0} -> 20 (10.0) {172.0} [10.0, 330.0] -> 22 (30.0) {264.8} [12.0, 332.0] -> 0 (30.0) {366.9} [0.0, 3390.0]
#3: 0 (0.0) {596.0} -> 29 (10.0) {616.0} [318.0, 638.0] -> 6 (30.0) {714.9} [417.0, 737.0] -> 0 (30.0) {830.1} [0.0, 3390.0]
#4: 0 (0.0) {372.0} -> 74 (50.0) {391.8} [133.0, 453.0] -> 72 (60.0) {486.8} [228.0, 548.0] -> 61 (70.0) {579.8} [321.0, 641.0] -> 64 (80.0) {671.8} [413.0, 733.0] -> 69 (90.0) {767.6} [600.0, 920.0] -> 0 (90.0) {873.4} [0.0, 3390.0]
#5: 0 (0.0) {756.0} -> 66 (10.0) {772.5} [508.0, 828.0] -> 68 (20.0) {869.5} [696.0, 1016.0] -> 65 (30.0) {964.8} [791.0, 1111.0] -> 49 (40.0) {1061.2} [887.0, 1207.0] -> 55 (50.0) {1159.0} [985.0, 1305.0] -> 54 (90.0) {1254.0} [1080.0, 1400.0] -> 53 (110.0) {1349.3} [1176.0, 1496.0] -> 56 (140.0) {1443.3} [1270.0, 1590.0] -> 58 (170.0) {1535.3} [1362.0, 1682.0] -> 60 (190.0) {1628.3} [1455.0, 1775.0] -> 59 (200.0) {1724.1} [1550.0, 1870.0] -> 57 (240.0) {1819.1} [1645.0, 1965.0] -> 40 (250.0) {1912.7} [1739.0, 2059.0] -> 44 (260.0) {2007.1} [1833.0, 2153.0] -> 46 (290.0) {2102.4} [1929.0, 2249.0] -> 45 (300.0) {2198.8} [2025.0, 2345.0] -> 51 (310.0) {2293.8} [2120.0, 2440.0] -> 50 (320.0) {2386.0} [2212.0, 2532.0] -> 52 (330.0) {2479.1} [2305.0, 2625.0] -> 47 (340.0) {2574.1} [2400.0, 2720.0] -> 43 (350.0) {2667.1} [2493.0, 2813.0] -> 42 (370.0) {2760.1} [2586.0, 2906.0] -> 41 (380.0) {2852.1} [2678.0, 2998.0] -> 48 (390.0) {2950.1} [2776.0, 3096.0] -> 0 (390.0) {3050.8} [0.0, 3390.0]
#6: 0 (0.0) {750.0} -> 32 (30.0) {781.6} [513.0, 833.0] -> 33 (70.0) {873.6} [605.0, 925.0] -> 31 (90.0) {968.9} [701.0, 1021.0] -> 35 (100.0) {1063.9} [796.0, 1116.0] -> 37 (120.0) {1159.7} [891.0, 1211.0] -> 38 (150.0) {1251.7} [983.0, 1303.0] -> 39 (170.0) {1346.7} [1078.0, 1398.0] -> 36 (180.0) {1441.7} [1173.0, 1493.0] -> 34 (200.0) {1534.7} [1266.0, 1586.0] -> 28 (220.0) {1635.4} [1367.0, 1687.0] -> 26 (230.0) {1733.4} [1465.0, 1785.0] -> 23 (240.0) {1830.6} [1563.0, 1883.0] -> 18 (260.0) {1929.6} [1662.0, 1982.0] -> 19 (270.0) {2024.6} [1757.0, 2077.0] -> 16 (310.0) {2121.6} [1854.0, 2174.0] -> 14 (320.0) {2213.6} [1946.0, 2266.0] -> 12 (340.0) {2306.6} [2039.0, 2359.0] -> 15 (380.0) {2403.6} [2136.0, 2456.0] -> 17 (400.0) {2498.9} [2231.0, 2551.0] -> 13 (430.0) {2592.9} [2325.0, 2645.0] -> 25 (470.0) {2691.9} [2424.0, 2744.0] -> 9 (480.0) {2789.1} [2521.0, 2841.0] -> 11 (490.0) {2886.1} [2618.0, 2938.0] -> 10 (500.0) {2979.1} [2711.0, 3031.0] -> 8 (520.0) {3075.1} [2807.0, 3127.0] -> 0 (520.0) {3176.7} [0.0, 3390.0]
#7: 0 (0.0) {338.0} -> 24 (10.0) {353.0} [36.0, 356.0] -> 27 (20.0) {445.8} [129.0, 449.0] -> 30 (30.0) {540.0} [223.0, 543.0] -> 21 (50.0) {2903.0} [2903.0, 3223.0] -> 0 (50.0) {3004.6} [0.0, 3390.0]
#8: 0 (0.0) {227.0} -> 67 (10.0) {239.2} [12.0, 332.0] -> 62 (30.0) {335.0} [40.0, 360.0] -> 0 (30.0) {443.0} [0.0, 3390.0]
#9: 0 (0.0) {92.0} -> 93 (40.0) {100.2} [8.0, 328.0] -> 5 (50.0) {197.2} [15.0, 335.0] -> 63 (100.0) {313.4} [14.0, 334.0] -> 0 (100.0) {417.5} [0.0, 3390.0]
#10: 0 (0.0) {482.0} -> 1 (10.0) {509.7} [231.0, 551.0] -> 99 (20.0) {605.5} [327.0, 647.0] -> 100 (40.0) {700.5} [422.0, 742.0] -> 98 (60.0) {898.0} [898.0, 1218.0] -> 3 (70.0) {1087.0} [1087.0, 1407.0] -> 4 (80.0) {1181.0} [1181.0, 1501.0] -> 91 (90.0) {1371.0} [1371.0, 1691.0] -> 90 (100.0) {2959.0} [2959.0, 3279.0] -> 0 (100.0) {3069.6} [0.0, 3390.0]
#11: 0 (0.0) {757.0} -> 97 (30.0) {797.3} [517.0, 837.0] -> 92 (50.0) {894.3} [614.0, 934.0] -> 94 (60.0) {987.9} [708.0, 1028.0] -> 95 (90.0) {1081.5} [801.0, 1121.0] -> 7 (110.0) {1182.2} [993.0, 1313.0] -> 89 (120.0) {1278.5} [1275.0, 1595.0] -> 88 (150.0) {1466.0} [1466.0, 1786.0] -> 86 (160.0) {1656.0} [1656.0, 1976.0] -> 84 (180.0) {1751.0} [1561.0, 1881.0] -> 83 (190.0) {1844.6} [1752.0, 2072.0] -> 82 (210.0) {1937.6} [1845.0, 2165.0] -> 85 (240.0) {2041.8} [1949.0, 2269.0] -> 76 (250.0) {2143.5} [2051.0, 2371.0] -> 71 (270.0) {2238.5} [2146.0, 2466.0] -> 70 (300.0) {2333.5} [2241.0, 2561.0] -> 73 (310.0) {2426.5} [2334.0, 2654.0] -> 80 (320.0) {2525.1} [2433.0, 2753.0] -> 79 (330.0) {2620.4} [2528.0, 2848.0] -> 81 (360.0) {2715.7} [2623.0, 2943.0] -> 78 (380.0) {2814.3} [2722.0, 3042.0] -> 77 (390.0) {2912.1} [2820.0, 3140.0] -> 87 (410.0) {3010.1} [2955.0, 3275.0] -> 96 (420.0) {3106.4} [2921.0, 3241.0] -> 0 (420.0) {3220.5} [0.0, 3390.0]

Dist: 920.5. Cost: 920.5

Root node processing (before b&c):
  Real time             =    0.01 sec. (3.09 ticks)
Parallel b&c, 8 threads:
  Real time             =    0.00 sec. (0.00 ticks)
  Sync time (average)   =    0.00 sec.
  Wait time (average)   =    0.00 sec.
                          ------------
Total (root+branch&cut) =    0.01 sec. (3.09 ticks)
