Solving instance /mnt/c/Users/bruno.mattos/OneDrive - americanas s.a/Documentos/GitHub/GenericILS/TWRD/100/C206_100_020.vrptwrd...
------------------------------------------------------------------------------------------------------------------------------------------------
|  Restart |  Iteration |  Best Feas. Cost |    Best Cost |   Curr. Cost |   Penalty Custom Res. |   Penalty Standard Res. |   Pool |   Time (s) |
------------------------------------------------------------------------------------------------------------------------------------------------
|        1 |          0 |           822.10 |       822.10 |       822.10 |                 16.50 |                    9.05 |     11 |     0.2064 |
|        1 |          1 |           822.10 |       815.76 |       815.76 |                 10.34 |                    5.00 |     13 |     0.7173 |
|        1 |          2 |           822.10 |       815.76 |       826.39 |                 14.02 |                    5.00 |     15 |     0.7912 |
|        1 |          0 |           819.20 |       815.76 |       819.20 |                 14.67 |                    5.00 |     18 |     0.8579 |
|        1 |          0 |           816.30 |       815.76 |       816.30 |                  9.52 |                    5.00 |     19 |     0.8990 |
|        1 |          1 |           816.30 |       815.36 |       815.36 |                 10.66 |                    5.00 |     22 |     0.9972 |
|        1 |          2 |           816.30 |       815.36 |       827.20 |                 20.71 |                    5.00 |     25 |     1.0741 |
|        1 |          3 |           816.30 |       815.36 |       816.30 |                 11.40 |                    5.00 |     25 |     1.1887 |
|        1 |          4 |           816.30 |       814.60 |       814.60 |                 11.13 |                    5.00 |     25 |     1.2539 |
|        1 |          5 |           816.30 |       810.58 |       810.58 |                 10.50 |                    5.00 |     25 |     1.3753 |
|        1 |          6 |           816.30 |       810.58 |       813.85 |                 11.23 |                    5.00 |     27 |     1.4199 |
|        1 |          7 |           816.30 |       810.58 |       814.68 |                 21.02 |                    5.00 |     27 |     1.4662 |
|        1 |          8 |           816.30 |       810.58 |       814.56 |                 21.78 |                    5.00 |     28 |     1.5327 |
|        1 |          9 |           816.30 |       810.58 |       815.30 |                 26.26 |                    5.00 |     28 |     1.5772 |
|        1 |         10 |           816.30 |       810.58 |       816.30 |                 15.71 |                    5.00 |     30 |     1.6322 |
|        1 |         11 |           816.30 |       810.58 |       816.30 |                 12.44 |                    5.00 |     30 |     1.6854 |
|        1 |         12 |           816.30 |       810.58 |       814.30 |                 11.88 |                    5.00 |     30 |     1.7679 |
|        1 |         13 |           816.30 |       796.96 |       796.96 |                 18.15 |                    5.00 |     30 |     1.8651 |
|        1 |         14 |           816.30 |       796.96 |       817.00 |                  9.73 |                    5.00 |     30 |     1.9184 |
|        1 |         15 |           816.30 |       796.96 |       815.35 |                 10.94 |                    5.00 |     30 |     1.9687 |
|        1 |         16 |           816.30 |       796.96 |       815.98 |                 15.44 |                    5.00 |     32 |     2.0340 |
|        1 |         17 |           816.30 |       796.96 |       831.27 |                 17.53 |                    5.00 |     34 |     2.0836 |
|        1 |         18 |           816.30 |       796.96 |       819.40 |                 21.25 |                    5.00 |     36 |     2.1823 |
|        1 |         19 |           816.30 |       796.96 |       820.20 |                 11.61 |                    5.00 |     37 |     2.2578 |
|        1 |         20 |           816.30 |       796.96 |       816.79 |                 22.60 |                    5.00 |     38 |     2.3114 |
|        1 |         21 |           816.30 |       796.96 |       819.70 |                 11.34 |                    5.00 |     38 |     2.4526 |
|        1 |         22 |           816.30 |       796.96 |       819.36 |                 14.21 |                    5.00 |     38 |     2.5185 |
|        1 |         23 |           816.30 |       796.96 |       806.36 |                 15.63 |                    5.00 |     38 |     2.5938 |
|        1 |          0 |           807.30 |       796.96 |       807.30 |                 18.63 |                    5.00 |     39 |     2.6643 |
|        1 |          1 |           807.30 |       796.96 |       807.30 |                 24.57 |                    5.00 |     39 |     2.7086 |
|        1 |          2 |           807.30 |       796.96 |       807.30 |                 13.30 |                    5.00 |     39 |     2.7731 |
|        1 |          3 |           807.30 |       796.96 |       805.68 |                 18.06 |                    5.00 |     39 |     2.8394 |
|        1 |          0 |           806.60 |       796.96 |       806.60 |                 14.15 |                    5.00 |     39 |     2.9174 |
|        1 |          1 |           806.60 |       796.96 |       816.11 |                 12.14 |                    5.00 |     39 |     3.0197 |
|        1 |          2 |           806.60 |       796.96 |       809.65 |                 11.40 |                    5.00 |     39 |     3.0883 |
|        1 |          3 |           806.60 |       796.96 |       807.27 |                 18.34 |                    5.00 |     39 |     3.1506 |
|        1 |          4 |           806.60 |       796.96 |       823.03 |                 18.55 |                    5.00 |     40 |     3.2828 |
|        1 |          5 |           806.60 |       796.96 |       821.25 |                 18.48 |                    5.00 |     41 |     3.3438 |
|        1 |          6 |           806.60 |       796.96 |       821.03 |                 12.44 |                    5.00 |     41 |     3.4252 |
|        1 |          7 |           806.60 |       796.96 |       807.24 |                 20.67 |                    5.00 |     41 |     3.4653 |
|        1 |          8 |           806.60 |       796.96 |       808.40 |                 13.26 |                    5.00 |     41 |     3.5298 |
|        1 |          9 |           806.60 |       796.96 |       811.06 |                 19.51 |                    5.00 |     41 |     3.5810 |
|        1 |         10 |           806.60 |       796.96 |       821.50 |                 10.56 |                    5.00 |     41 |     3.6447 |
|        1 |         11 |           806.60 |       796.96 |       817.01 |                 11.05 |                    5.00 |     41 |     3.7240 |
|        1 |         12 |           806.60 |       796.96 |       802.84 |                 16.78 |                    5.00 |     41 |     3.7626 |
|        1 |         13 |           806.60 |       796.96 |       824.20 |                 25.36 |                    5.00 |     43 |     3.8717 |
|        1 |         14 |           806.60 |       796.96 |       823.92 |                 20.04 |                    5.00 |     43 |     3.9514 |
|        1 |         15 |           806.60 |       796.96 |       823.07 |                 18.26 |                    5.00 |     43 |     4.0021 |
|        1 |         16 |           806.60 |       796.96 |       823.32 |                 18.20 |                    5.00 |     43 |     4.0628 |
|        1 |         17 |           806.60 |       796.96 |       807.30 |                 11.54 |                    5.00 |     43 |     4.1526 |
|        1 |         18 |           806.60 |       796.96 |       804.22 |                 15.96 |                    5.00 |     43 |     4.2384 |
|        1 |         19 |           806.60 |       796.96 |       816.66 |                 23.74 |                    5.00 |     43 |     4.2836 |
|        1 |         20 |           806.60 |       796.96 |       816.66 |                 17.72 |                    5.00 |     43 |     4.3216 |
|        1 |         21 |           806.60 |       796.96 |       821.47 |                 31.25 |                    5.00 |     43 |     4.3663 |
|        1 |         22 |           806.60 |       796.96 |       819.50 |                 13.98 |                    5.00 |     44 |     4.4429 |
|        1 |         23 |           806.60 |       796.96 |       810.09 |                 18.04 |                    5.00 |     46 |     4.5175 |
|        1 |         24 |           806.60 |       796.96 |       809.10 |                 25.21 |                    5.00 |     46 |     4.7682 |
|        1 |         25 |           806.60 |       796.96 |       807.30 |                 18.23 |                    5.00 |     46 |     4.8289 |
|        1 |         26 |           806.60 |       796.96 |       806.60 |                 11.02 |                    5.00 |     46 |     4.8946 |
|        1 |         27 |           806.60 |       796.96 |       806.51 |                 18.66 |                    5.00 |     46 |     4.9428 |
|        1 |         28 |           806.60 |       796.96 |       823.81 |                 17.86 |                    5.00 |     46 |     5.0090 |
|        1 |         29 |           806.60 |       796.96 |       824.39 |                 18.52 |                    5.00 |     46 |     5.0641 |
|        1 |         30 |           806.60 |       796.96 |       823.92 |                 18.27 |                    5.00 |     46 |     5.1249 |
|        1 |         31 |           806.60 |       796.96 |       816.30 |                 11.11 |                    5.00 |     46 |     5.2433 |
|        1 |         32 |           806.60 |       796.96 |       814.69 |                 11.63 |                    5.00 |     46 |     5.3066 |
|        1 |         33 |           806.60 |       796.96 |       804.63 |                 20.03 |                    5.00 |     46 |     5.4144 |
|        1 |         34 |           806.60 |       796.96 |       804.03 |                 11.42 |                    5.00 |     47 |     5.6092 |
|        1 |         35 |           806.60 |       796.96 |       820.20 |                 11.59 |                    5.00 |     47 |     5.7007 |
|        1 |         36 |           806.60 |       796.96 |       817.54 |                 11.49 |                    5.00 |     47 |     5.8324 |
|        1 |         37 |           806.60 |       796.96 |       803.69 |                 18.70 |                    5.00 |     47 |     5.8845 |
|        1 |         38 |           806.60 |       796.96 |       822.30 |                 21.23 |                    5.00 |     48 |     5.9404 |
|        1 |         39 |           806.60 |       796.96 |       820.20 |                 12.09 |                    5.00 |     48 |     5.9951 |
|        1 |         40 |           806.60 |       796.96 |       815.25 |                 12.38 |                    5.00 |     48 |     6.1034 |
|        1 |         41 |           806.60 |       796.96 |       816.86 |                 14.16 |                    5.00 |     48 |     6.1864 |
|        1 |         42 |           806.60 |       796.96 |       821.69 |                 12.39 |                    5.00 |     48 |     6.2386 |
|        1 |         43 |           806.60 |       796.96 |       813.02 |                 20.08 |                    5.00 |     48 |     6.3498 |
|        1 |         44 |           806.60 |       796.96 |       797.90 |                 17.48 |                    5.00 |     49 |     6.4905 |
|        1 |         45 |           806.60 |       796.96 |       797.90 |                 25.25 |                    5.00 |     49 |     6.5176 |
|        1 |         46 |           806.60 |       796.96 |       804.93 |                 25.07 |                    5.00 |     49 |     6.6765 |
|        1 |         47 |           806.60 |       796.96 |       819.90 |                 22.83 |                    5.00 |     49 |     6.7972 |
|        1 |         48 |           806.60 |       796.96 |       817.10 |                 24.85 |                    5.00 |     49 |     6.9491 |
|        1 |         49 |           806.60 |       796.96 |       834.80 |                 12.90 |                    5.00 |     49 |     7.0879 |
|        1 |         50 |           806.60 |       796.96 |       818.90 |                 18.95 |                    5.00 |     49 |     7.2474 |
|        1 |         51 |           806.60 |       796.96 |       815.11 |                 17.56 |                    5.00 |     49 |     7.3418 |
|        1 |         52 |           806.60 |       796.96 |       819.20 |                 11.32 |                    5.00 |     49 |     7.5607 |
|        1 |         53 |           806.60 |       796.96 |       801.15 |                 22.39 |                    5.00 |     49 |     7.6906 |
|        1 |         54 |           806.60 |       796.96 |       823.51 |                 26.21 |                    5.00 |     49 |     7.7318 |
|        1 |         55 |           806.60 |       796.96 |       833.60 |                 11.47 |                    5.00 |     51 |     7.8292 |
|        1 |         56 |           806.60 |       792.16 |       792.16 |                 12.58 |                    5.00 |     54 |     7.9452 |
|        1 |         57 |           806.60 |       792.16 |       804.11 |                 26.53 |                    5.00 |     54 |     8.0003 |
|        1 |         58 |           806.60 |       792.16 |       804.11 |                 24.92 |                    5.00 |     54 |     8.0401 |
|        1 |         59 |           806.60 |       792.16 |       830.80 |                 15.52 |                    5.00 |     57 |     8.0954 |
|        1 |         60 |           806.60 |       792.16 |       816.29 |                 12.26 |                    5.00 |     57 |     8.1760 |
|        1 |         61 |           806.60 |       792.16 |       803.34 |                 19.13 |                    5.00 |     57 |     8.2608 |
|        1 |         62 |           806.60 |       792.16 |       809.10 |                 26.99 |                    5.00 |     57 |     8.3601 |
|        1 |         63 |           806.60 |       792.16 |       821.00 |                 14.45 |                    5.00 |     58 |     8.4288 |
|        1 |         64 |           806.60 |       792.16 |       817.19 |                 11.41 |                    5.00 |     58 |     8.5300 |
|        1 |         65 |           806.60 |       792.16 |       814.09 |                 27.34 |                    5.00 |     59 |     8.6272 |
|        1 |         66 |           806.60 |       792.16 |       817.80 |                 17.16 |                    5.00 |     59 |     8.7194 |
|        1 |         67 |           806.60 |       792.16 |       817.80 |                 15.02 |                    5.00 |     59 |     8.7698 |
|        1 |         68 |           806.60 |       792.16 |       815.29 |                 14.95 |                    5.00 |     59 |     8.8429 |
|        1 |         69 |           806.60 |       792.16 |       818.13 |                 11.13 |                    5.00 |     59 |     8.9227 |
|        1 |         70 |           806.60 |       792.16 |       811.64 |                 11.52 |                    5.00 |     59 |     9.0286 |
|        1 |         71 |           806.60 |       792.16 |       811.79 |                 11.48 |                    5.00 |     59 |     9.1137 |
|        1 |         72 |           806.60 |       792.16 |       807.71 |                 16.40 |                    5.00 |     59 |     9.1698 |
|        1 |         73 |           806.60 |       792.16 |       817.10 |                 10.96 |                    5.00 |     59 |     9.2267 |
|        1 |         74 |           806.60 |       792.16 |       807.81 |                 14.04 |                    5.00 |     59 |     9.2803 |
|        1 |         75 |           806.60 |       792.16 |       817.80 |                 18.33 |                    5.00 |     59 |     9.3476 |
|        1 |         76 |           806.60 |       792.16 |       817.10 |                 13.26 |                    5.00 |     59 |     9.4207 |
|        1 |         77 |           806.60 |       792.16 |       845.93 |                 17.30 |                    5.00 |     61 |     9.4900 |
|        1 |         78 |           806.60 |       792.16 |       814.06 |                 15.55 |                    5.00 |     63 |     9.5964 |
|        1 |         79 |           806.60 |       792.16 |       833.68 |                 19.89 |                    5.00 |     64 |     9.6582 |
|        1 |         80 |           806.60 |       792.16 |       849.80 |                 12.72 |                    5.00 |     67 |     9.7625 |
|        1 |         81 |           806.60 |       792.16 |       827.90 |                 10.90 |                    5.00 |     68 |     9.8357 |
|        1 |         82 |           806.60 |       792.16 |       808.69 |                 20.74 |                    5.00 |     68 |     9.9512 |
|        1 |         83 |           806.60 |       792.16 |       811.11 |                 27.04 |                    5.00 |     68 |    10.0249 |
|        1 |         84 |           806.60 |       792.16 |       826.40 |                 14.34 |                    5.00 |     68 |    10.0920 |
|        1 |         85 |           806.60 |       792.16 |       808.70 |                 17.94 |                    5.00 |     68 |    10.1879 |
|        1 |         86 |           806.60 |       792.16 |       808.70 |                 18.98 |                    5.00 |     68 |    10.2456 |
|        1 |         87 |           806.60 |       792.16 |       808.70 |                 19.48 |                    5.00 |     68 |    10.3061 |
|        1 |         88 |           806.60 |       792.16 |       808.70 |                 21.26 |                    5.00 |     68 |    10.3543 |
|        1 |         89 |           806.60 |       792.16 |       819.20 |                 15.32 |                    5.00 |     68 |    10.4768 |
|        1 |         90 |           806.60 |       792.16 |       804.53 |                 23.20 |                    5.00 |     68 |    10.5551 |
|        1 |         91 |           806.60 |       792.16 |       819.70 |                 11.53 |                    5.00 |     68 |    10.6904 |
|        1 |         92 |           806.60 |       792.16 |       804.71 |                 12.07 |                    5.00 |     68 |    10.7532 |
|        1 |         93 |           806.60 |       792.16 |       803.68 |                 17.77 |                    5.00 |     68 |    10.8074 |
|        1 |         94 |           806.60 |       792.16 |       822.70 |                 28.24 |                    5.00 |     68 |    10.9087 |
|        1 |         95 |           806.60 |       792.16 |       824.30 |                 19.04 |                    5.00 |     68 |    10.9766 |
|        1 |         96 |           806.60 |       792.16 |       821.94 |                 19.74 |                    5.00 |     68 |    11.0422 |
|        1 |         97 |           806.60 |       792.16 |       824.30 |                 31.45 |                    5.00 |     68 |    11.1052 |
|        1 |         98 |           806.60 |       792.16 |       824.30 |                 18.27 |                    5.00 |     68 |    11.1545 |
|        1 |         99 |           806.60 |       792.16 |       806.60 |                 12.17 |                    5.00 |     68 |    11.2559 |
|        1 |        100 |           806.60 |       792.16 |       805.75 |                 19.79 |                    5.00 |     68 |    11.3415 |
|        1 |        101 |           806.60 |       792.16 |       806.60 |                 18.15 |                    5.00 |     68 |    11.4524 |
|        1 |        102 |           806.60 |       792.16 |       806.60 |                 17.73 |                    5.00 |     68 |    11.5070 |
|        1 |        103 |           806.60 |       792.16 |       806.60 |                 27.71 |                    5.00 |     68 |    11.5780 |
|        1 |        104 |           806.60 |       792.16 |       806.60 |                 23.49 |                    5.00 |     68 |    11.6569 |
|        1 |        105 |           806.60 |       792.16 |       810.70 |                 18.79 |                    5.00 |     70 |    11.7112 |
|        1 |        106 |           806.60 |       792.16 |       815.00 |                 14.59 |                    5.00 |     72 |    11.7586 |
|        1 |        107 |           806.60 |       792.16 |       795.09 |                 18.42 |                    5.00 |     72 |    11.8726 |
|        1 |        108 |           806.60 |       792.16 |       801.94 |                 18.37 |                    5.00 |     73 |    11.9187 |
|        1 |        109 |           806.60 |       792.16 |       802.68 |                 16.73 |                    5.00 |     73 |    11.9732 |
|        1 |        110 |           806.60 |       792.16 |       798.06 |                 23.90 |                    5.00 |     73 |    12.0258 |
|        1 |        111 |           806.60 |       792.16 |       806.60 |                 18.55 |                    5.00 |     73 |    12.0807 |
|        1 |        112 |           806.60 |       792.16 |       824.30 |                 17.90 |                    5.00 |     73 |    12.2512 |
|        1 |        113 |           806.60 |       792.16 |       797.16 |                 18.50 |                    5.00 |     73 |    12.4080 |
|        1 |        114 |           806.60 |       792.16 |       823.78 |                 18.99 |                    5.00 |     73 |    12.4670 |
|        1 |        115 |           806.60 |       792.16 |       823.37 |                 18.37 |                    5.00 |     73 |    12.5207 |
|        1 |        116 |           806.60 |       792.16 |       807.30 |                 18.11 |                    5.00 |     73 |    12.5851 |
|        1 |        117 |           806.60 |       792.16 |       806.60 |                 11.85 |                    5.00 |     73 |    12.6547 |
|        1 |        118 |           806.60 |       792.16 |       805.43 |                 18.53 |                    5.00 |     73 |    12.7051 |
|        1 |        119 |           806.60 |       792.16 |       819.64 |                 17.74 |                    5.00 |     73 |    12.7617 |
|        1 |        120 |           806.60 |       792.16 |       824.30 |                 28.82 |                    5.00 |     73 |    12.8716 |
|        1 |        121 |           806.60 |       792.16 |       824.28 |                 28.39 |                    5.00 |     73 |    12.9664 |
|        1 |        122 |           806.60 |       792.16 |       821.20 |                 10.60 |                    5.00 |     73 |    13.0531 |
|        1 |        123 |           806.60 |       792.16 |       872.78 |                 11.68 |                    5.00 |     75 |    13.1013 |
|        1 |        124 |           806.60 |       792.16 |       837.30 |                 12.33 |                    5.00 |     76 |    13.1904 |
|        1 |        125 |           806.60 |       792.16 |       826.14 |                 18.32 |                    5.00 |     77 |    13.2588 |
|        1 |        126 |           806.60 |       792.16 |       822.60 |                 28.88 |                    5.00 |     77 |    13.3376 |
|        1 |        127 |           806.60 |       792.16 |       822.60 |                 18.37 |                    5.00 |     77 |    13.3721 |
|        1 |        128 |           806.60 |       792.16 |       822.60 |                 17.59 |                    5.00 |     77 |    13.4233 |
|        1 |        129 |           806.60 |       792.16 |       822.30 |                 20.16 |                    5.00 |     77 |    13.4843 |
|        1 |        130 |           806.60 |       792.16 |       819.34 |                 12.40 |                    5.00 |     77 |    13.5809 |
|        1 |        131 |           806.60 |       792.16 |       817.44 |                 14.03 |                    5.00 |     77 |    13.6774 |
|        1 |        132 |           806.60 |       792.16 |       818.05 |                 18.42 |                    5.00 |     78 |    13.8335 |
|        1 |        133 |           806.60 |       792.16 |       826.40 |                 18.36 |                    5.00 |     78 |    13.8837 |
|        1 |        134 |           806.60 |       792.16 |       826.25 |                 18.20 |                    5.00 |     78 |    14.0242 |
|        1 |        135 |           806.60 |       792.16 |       840.64 |                 21.52 |                    5.00 |     79 |    14.0738 |
|        1 |        136 |           806.60 |       792.16 |       809.40 |                 19.98 |                    5.00 |     79 |    14.1455 |
|        1 |        137 |           806.60 |       790.86 |       790.86 |                 11.35 |                    5.00 |     79 |    14.2338 |
|        1 |        138 |           806.60 |       783.44 |       783.44 |                 11.90 |                    5.00 |     79 |    14.2711 |
|        1 |        139 |           806.60 |       783.44 |       821.60 |                 16.77 |                    5.00 |     81 |    14.3785 |
|        1 |        140 |           806.60 |       783.44 |       821.60 |                 18.47 |                    5.00 |     81 |    14.4401 |
|        1 |        141 |           806.60 |       783.44 |       821.60 |                 15.70 |                    5.00 |     81 |    14.4859 |
|        1 |        142 |           806.60 |       783.44 |       817.51 |                 18.32 |                    5.00 |     81 |    14.5652 |
|        1 |        143 |           806.60 |       783.44 |       823.20 |                 13.34 |                    5.00 |     82 |    14.6750 |
|        1 |        144 |           806.60 |       783.44 |       836.10 |                 11.12 |                    5.00 |     82 |    14.7200 |
|        1 |        145 |           806.60 |       783.44 |       818.09 |                  9.34 |                    5.00 |     84 |    14.7781 |
|        1 |        146 |           806.60 |       783.44 |       815.90 |                 10.19 |                    5.00 |     84 |    14.8253 |
|        1 |        147 |           806.60 |       783.44 |       816.40 |                 11.68 |                    5.00 |     84 |    14.8874 |
|        1 |        148 |           806.60 |       783.44 |       821.45 |                 12.74 |                    5.00 |     84 |    14.9299 |
|        1 |        149 |           806.60 |       783.44 |       816.17 |                 11.32 |                    5.00 |     84 |    15.0641 |
|        1 |        150 |           806.60 |       783.44 |       818.50 |                  9.99 |                    5.00 |     84 |    15.1280 |
|        1 |        151 |           806.60 |       783.44 |       792.34 |                 21.90 |                    5.00 |     84 |    15.2154 |
|        1 |        152 |           806.60 |       783.44 |       806.60 |                 18.39 |                    5.00 |     84 |    15.2864 |
|        1 |        153 |           806.60 |       783.44 |       824.01 |                 18.15 |                    5.00 |     84 |    15.3400 |
|        1 |        154 |           806.60 |       783.44 |       822.70 |                 18.83 |                    5.00 |     84 |    15.3882 |
|        1 |        155 |           806.60 |       783.44 |       826.57 |                 16.80 |                    5.00 |     84 |    15.4525 |
|        1 |        156 |           806.60 |       783.44 |       816.15 |                 10.63 |                    5.00 |     84 |    15.5797 |
|        1 |        157 |           806.60 |       783.44 |       814.40 |                 11.82 |                    5.00 |     84 |    15.6443 |
|        1 |        158 |           806.60 |       783.44 |       816.30 |                 10.96 |                    5.00 |     84 |    15.7847 |
|        1 |        159 |           806.60 |       783.44 |       796.22 |                 14.70 |                    5.00 |     84 |    15.8795 |
|        1 |        160 |           806.60 |       783.44 |       812.88 |                 19.39 |                    5.00 |     86 |    15.9389 |
|        1 |        161 |           806.60 |       783.44 |       818.06 |                 16.31 |                    5.00 |     86 |    15.9874 |
|        1 |        162 |           806.60 |       783.44 |       844.46 |                 18.13 |                    5.00 |     86 |    16.0588 |
|        1 |        163 |           806.60 |       783.44 |       855.28 |                 24.15 |                    5.00 |     87 |    16.1171 |
|        1 |        164 |           806.60 |       783.44 |       858.10 |                 11.47 |                    5.00 |     87 |    16.1839 |
|        1 |        165 |           806.60 |       783.44 |       841.57 |                 15.57 |                    5.00 |     87 |    16.2723 |
|        1 |        166 |           806.60 |       783.44 |       833.10 |                 12.41 |                    5.00 |     89 |    16.3920 |
|        1 |        167 |           806.60 |       783.44 |       788.36 |                 13.22 |                    5.00 |     90 |    16.4976 |
|        1 |        168 |           806.60 |       783.44 |       791.85 |                 26.27 |                    5.00 |     90 |    16.5531 |
|        1 |        169 |           806.60 |       783.44 |       816.90 |                 18.65 |                    5.00 |     90 |    16.5969 |
|        1 |        170 |           806.60 |       783.44 |       816.90 |                 15.06 |                    5.00 |     90 |    16.6610 |
|        1 |        171 |           806.60 |       783.44 |       816.20 |                 16.25 |                    5.00 |     90 |    16.7199 |
|        1 |        172 |           806.60 |       783.44 |       826.33 |                 27.25 |                    5.00 |     90 |    16.7714 |
|        1 |        173 |           806.60 |       783.44 |       848.80 |                 18.57 |                    5.00 |     93 |    16.8202 |
|        1 |        174 |           806.60 |       783.44 |       847.83 |                 18.68 |                    5.00 |     93 |    16.8870 |
|        1 |        175 |           806.60 |       783.44 |       837.10 |                 20.15 |                    5.00 |     94 |    16.9543 |
|        1 |        176 |           806.60 |       783.44 |       837.10 |                 18.70 |                    5.00 |     94 |    17.0364 |
|        1 |        177 |           806.60 |       783.44 |       837.10 |                 18.28 |                    5.00 |     94 |    17.0840 |
|        1 |        178 |           806.60 |       783.44 |       802.41 |                 17.23 |                    5.00 |     94 |    17.2484 |
|        1 |        179 |           806.60 |       783.44 |       824.30 |                 17.69 |                    5.00 |     94 |    17.3054 |
|        1 |        180 |           806.60 |       783.44 |       807.35 |                 18.65 |                    5.00 |     94 |    17.4183 |
|        1 |        181 |           806.60 |       783.44 |       822.85 |                 21.91 |                    5.00 |     94 |    17.5556 |
|        1 |        182 |           806.60 |       783.44 |       819.20 |                 15.85 |                    5.00 |     94 |    17.6222 |
|        1 |        183 |           806.60 |       783.44 |       819.20 |                 13.07 |                    5.00 |     94 |    17.6671 |
|        1 |        184 |           806.60 |       783.44 |       791.89 |                 20.82 |                    5.00 |     94 |    17.7439 |
|        1 |        185 |           806.60 |       783.44 |       806.60 |                 18.16 |                    5.00 |     94 |    17.8503 |
|        1 |        186 |           806.60 |       783.44 |       814.40 |                 16.22 |                    5.00 |     95 |    17.8986 |
|        1 |        187 |           806.60 |       783.44 |       836.30 |                 18.79 |                    5.00 |     97 |    17.9374 |
|        1 |        188 |           806.60 |       783.44 |       832.10 |                 20.24 |                    5.00 |     97 |    18.0296 |
|        1 |        189 |           806.60 |       783.44 |       826.41 |                 22.65 |                    5.00 |     97 |    18.1549 |
|        1 |        190 |           806.60 |       783.44 |       810.23 |                 17.94 |                    5.00 |     97 |    18.3731 |
|        1 |        191 |           806.60 |       783.44 |       827.35 |                 27.22 |                    5.00 |     97 |    18.4389 |
|        1 |        192 |           806.60 |       783.44 |       822.24 |                 18.11 |                    5.00 |     97 |    18.5812 |
|        1 |        193 |           806.60 |       783.44 |       823.75 |                 19.30 |                    5.00 |     97 |    18.6847 |
|        1 |        194 |           806.60 |       783.44 |       822.24 |                 13.96 |                    5.00 |     97 |    18.7539 |
|        1 |        195 |           806.60 |       783.44 |       804.51 |                 12.71 |                    5.00 |     97 |    18.9750 |
|        1 |        196 |           806.60 |       783.44 |       827.52 |                 17.45 |                    5.00 |     98 |    19.0224 |
|        1 |        197 |           806.60 |       783.44 |       832.72 |                 23.03 |                    5.00 |     98 |    19.0624 |
|        1 |        198 |           806.60 |       783.44 |       829.87 |                 18.18 |                    5.00 |     99 |    19.1574 |
|        1 |        199 |           806.60 |       783.44 |       816.60 |                 18.04 |                    5.00 |     99 |    19.2806 |
|        1 |        200 |           806.60 |       783.44 |       826.30 |                 13.42 |                    5.00 |    100 |    19.3606 |
|        1 |        201 |           806.60 |       783.44 |       826.30 |                  9.33 |                    5.00 |    100 |    19.4096 |
|        1 |        202 |           806.60 |       783.44 |       800.11 |                 19.57 |                    5.00 |    101 |    19.5583 |
|        1 |        203 |           806.60 |       783.44 |       826.30 |                 10.81 |                    5.00 |    101 |    19.6089 |
|        1 |        204 |           806.60 |       783.44 |       876.96 |                 13.68 |                    5.00 |    103 |    19.7424 |
|        1 |        205 |           806.60 |       783.44 |       829.94 |                  9.39 |                    5.00 |    105 |    19.8476 |
|        1 |        206 |           806.60 |       783.44 |       854.18 |                 16.90 |                    5.00 |    109 |    19.8980 |
------------------------------------------------------------------------------------------------------------------------------------------------
|  Restart |  Iteration |  Best Feas. Cost |    Best Cost |   Curr. Cost |   Penalty Custom Res. |   Penalty Standard Res. |   Pool |   Time (s) |
------------------------------------------------------------------------------------------------------------------------------------------------
|        1 |        207 |           806.60 |       783.44 |       799.70 |                 11.33 |                    5.00 |    109 |    20.0437 |
|        1 |        208 |           806.60 |       783.44 |       796.30 |                 11.40 |                    5.00 |    109 |    20.1057 |
|        1 |        209 |           806.60 |       783.44 |       798.49 |                 20.30 |                    5.00 |    109 |    20.1498 |
|        1 |        210 |           806.60 |       783.44 |       816.41 |                 23.30 |                    5.00 |    109 |    20.1890 |
|        1 |        211 |           806.60 |       783.44 |       816.30 |                 12.59 |                    5.00 |    109 |    20.2686 |
|        1 |        212 |           806.60 |       783.44 |       816.05 |                 12.54 |                    5.00 |    109 |    20.3243 |
|        1 |        213 |           806.60 |       783.44 |       815.75 |                 10.97 |                    5.00 |    109 |    20.3909 |
|        1 |        214 |           806.60 |       783.44 |       814.43 |                 10.40 |                    5.00 |    109 |    20.4372 |
|        1 |        215 |           806.60 |       783.44 |       814.78 |                 11.01 |                    5.00 |    109 |    20.4892 |
|        1 |        216 |           806.60 |       783.44 |       816.61 |                 10.97 |                    5.00 |    109 |    20.5593 |
|        1 |        217 |           806.60 |       783.44 |       815.42 |                 11.46 |                    5.00 |    109 |    20.6677 |
|        1 |        218 |           806.60 |       783.44 |       814.84 |                 11.26 |                    5.00 |    109 |    20.8000 |
|        1 |        219 |           806.60 |       783.44 |       815.17 |                 11.91 |                    5.00 |    109 |    20.8798 |
|        1 |        220 |           806.60 |       783.44 |       815.01 |                 16.80 |                    5.00 |    109 |    20.9782 |
|        1 |        221 |           806.60 |       783.44 |       817.10 |                 14.68 |                    5.00 |    109 |    21.0580 |
|        1 |        222 |           806.60 |       783.44 |       822.92 |                 25.63 |                    5.00 |    109 |    21.1108 |
|        1 |        223 |           806.60 |       783.44 |       834.80 |                 19.10 |                    5.00 |    109 |    21.2294 |
|        1 |        224 |           806.60 |       783.44 |       834.80 |                 19.03 |                    5.00 |    109 |    21.3491 |
|        1 |        225 |           806.60 |       783.44 |       834.70 |                 18.59 |                    5.00 |    109 |    21.4637 |
|        1 |        226 |           806.60 |       783.44 |       817.80 |                 17.71 |                    5.00 |    109 |    21.5982 |
|        1 |        227 |           806.60 |       783.44 |       812.94 |                 13.55 |                    5.00 |    109 |    21.7164 |
|        1 |        228 |           806.60 |       783.44 |       817.80 |                 23.36 |                    5.00 |    109 |    21.8009 |
|        1 |        229 |           806.60 |       783.44 |       817.80 |                 17.77 |                    5.00 |    109 |    21.8552 |
|        1 |        230 |           806.60 |       783.44 |       823.10 |                 15.25 |                    5.00 |    111 |    21.9004 |
|        1 |        231 |           806.60 |       783.44 |       823.10 |                 14.90 |                    5.00 |    111 |    21.9539 |
|        1 |        232 |           806.60 |       783.44 |       823.10 |                 14.41 |                    5.00 |    111 |    22.0058 |
|        1 |        233 |           806.60 |       783.44 |       821.67 |                 17.52 |                    5.00 |    111 |    22.0772 |
|        1 |        234 |           806.60 |       783.44 |       836.16 |                 17.29 |                    5.00 |    111 |    22.1319 |
|        1 |        235 |           806.60 |       783.44 |       819.30 |                 19.01 |                    5.00 |    111 |    22.2056 |
|        1 |        236 |           806.60 |       783.44 |       819.30 |                 25.08 |                    5.00 |    111 |    22.2500 |
|        1 |        237 |           806.60 |       783.44 |       819.20 |                 17.61 |                    5.00 |    111 |    22.3128 |
|        1 |        238 |           806.60 |       783.44 |       819.20 |                 22.09 |                    5.00 |    111 |    22.3618 |
|        1 |        239 |           806.60 |       783.44 |       804.88 |                 23.84 |                    5.00 |    111 |    22.4239 |
|        1 |        240 |           806.60 |       783.44 |       798.73 |                  9.50 |                    5.00 |    111 |    22.5767 |
|        1 |        241 |           806.60 |       783.44 |       810.65 |                 13.17 |                    5.00 |    111 |    22.6384 |
|        1 |        242 |           806.60 |       783.44 |       817.72 |                 18.64 |                    5.00 |    111 |    22.6866 |
|        1 |        243 |           806.60 |       783.44 |       834.11 |                 13.49 |                    5.00 |    111 |    22.7324 |
|        1 |        244 |           806.60 |       783.44 |       818.20 |                 22.38 |                    5.00 |    111 |    22.8051 |
|        1 |        245 |           806.60 |       783.44 |       819.30 |                 24.17 |                    5.00 |    111 |    22.8553 |
|        1 |        246 |           806.60 |       783.44 |       817.38 |                 18.90 |                    5.00 |    111 |    22.9539 |
|        1 |        247 |           806.60 |       783.44 |       818.20 |                 14.52 |                    5.00 |    111 |    23.0186 |
|        1 |        248 |           806.60 |       783.44 |       812.73 |                 17.82 |                    5.00 |    111 |    23.0966 |
|        1 |        249 |           806.60 |       783.44 |       818.10 |                 12.96 |                    5.00 |    111 |    23.2194 |
|        1 |        250 |           806.60 |       783.44 |       815.87 |                 20.05 |                    5.00 |    111 |    23.2694 |
|        1 |        251 |           806.60 |       783.44 |       815.23 |                 18.06 |                    5.00 |    111 |    23.4806 |
|        1 |        252 |           806.60 |       783.44 |       833.01 |                 27.14 |                    5.00 |    111 |    23.5188 |
|        1 |        253 |           806.60 |       783.44 |       818.20 |                 15.77 |                    5.00 |    111 |    23.5607 |
|        1 |        254 |           806.60 |       783.44 |       818.20 |                 10.84 |                    5.00 |    111 |    23.6280 |
|        1 |        255 |           806.60 |       783.44 |       804.02 |                 15.15 |                    5.00 |    111 |    23.7118 |
|        1 |        256 |           806.60 |       783.44 |       805.97 |                 15.41 |                    5.00 |    111 |    23.7634 |
|        1 |        257 |           806.60 |       783.44 |       806.84 |                 25.83 |                    5.00 |    111 |    23.8194 |
|        1 |        258 |           806.60 |       783.44 |       819.30 |                 18.11 |                    5.00 |    111 |    23.8892 |
|        1 |        259 |           806.60 |       783.44 |       845.70 |                 11.04 |                    5.00 |    113 |    23.9600 |
|        1 |        260 |           806.60 |       783.44 |       790.76 |                 13.59 |                    5.00 |    113 |    24.1385 |
|        1 |        261 |           806.60 |       783.44 |       823.22 |                 22.34 |                    5.00 |    113 |    24.1760 |
|        1 |        262 |           806.60 |       783.44 |       818.20 |                 13.36 |                    5.00 |    113 |    24.2374 |
|        1 |        263 |           806.60 |       783.44 |       821.17 |                 18.51 |                    5.00 |    113 |    24.2949 |
|        1 |        264 |           806.60 |       783.44 |       829.50 |                 10.32 |                    5.00 |    114 |    24.3583 |
|        1 |        265 |           806.60 |       783.44 |       795.12 |                 10.37 |                    5.00 |    115 |    24.4332 |
|        1 |        266 |           806.60 |       783.44 |       806.22 |                 17.90 |                    5.00 |    117 |    24.5035 |
|        1 |        267 |           806.60 |       783.44 |       852.80 |                 24.03 |                    5.00 |    118 |    24.5937 |
|        1 |        268 |           806.60 |       783.44 |       842.90 |                 18.62 |                    5.00 |    118 |    24.6703 |
|        1 |        269 |           806.60 |       783.44 |       819.48 |                 20.50 |                    5.00 |    119 |    24.7354 |
|        1 |        270 |           806.60 |       783.44 |       806.60 |                 17.94 |                    5.00 |    119 |    24.7909 |
|        1 |        271 |           806.60 |       783.44 |       806.60 |                 20.55 |                    5.00 |    119 |    24.8475 |
|        1 |        272 |           806.60 |       783.44 |       806.60 |                 14.73 |                    5.00 |    119 |    24.8946 |
|        1 |        273 |           806.60 |       783.44 |       806.38 |                 14.52 |                    5.00 |    119 |    24.9560 |
|        1 |        274 |           806.60 |       783.44 |       804.70 |                 12.76 |                    5.00 |    119 |    25.0853 |
|        1 |        275 |           806.60 |       783.44 |       809.75 |                 14.21 |                    5.00 |    119 |    25.1296 |
|        1 |        276 |           806.60 |       783.44 |       809.22 |                 22.01 |                    5.00 |    119 |    25.1641 |
|        1 |        277 |           806.60 |       783.44 |       806.60 |                 17.23 |                    5.00 |    119 |    25.2373 |
|        1 |        278 |           806.60 |       783.44 |       789.66 |                 19.45 |                    5.00 |    120 |    25.3673 |
|        1 |        279 |           806.60 |       783.44 |       789.66 |                 24.18 |                    5.00 |    120 |    25.4021 |
|        1 |        280 |           806.60 |       783.44 |       812.85 |                 19.72 |                    5.00 |    120 |    25.4516 |
|        1 |        281 |           806.60 |       783.44 |       808.14 |                 20.47 |                    5.00 |    120 |    25.4909 |
|        1 |        282 |           806.60 |       783.44 |       808.70 |                 22.32 |                    5.00 |    120 |    25.5412 |
|        1 |        283 |           806.60 |       783.44 |       809.40 |                 19.46 |                    5.00 |    120 |    25.6437 |
|        1 |        284 |           806.60 |       783.44 |       822.90 |                 12.99 |                    5.00 |    120 |    25.7037 |
|        1 |        285 |           806.60 |       783.44 |       816.32 |                 12.92 |                    5.00 |    120 |    25.7904 |
|        1 |        286 |           806.60 |       783.44 |       815.72 |                 17.52 |                    5.00 |    120 |    25.8641 |
|        1 |        287 |           806.60 |       783.44 |       817.50 |                 15.01 |                    5.00 |    120 |    25.9372 |
|        1 |        288 |           806.60 |       783.44 |       804.79 |                 26.73 |                    5.00 |    120 |    25.9800 |
|        1 |        289 |           806.60 |       783.44 |       816.30 |                 18.95 |                    5.00 |    120 |    26.0455 |
|        1 |        290 |           806.60 |       783.44 |       816.30 |                 11.92 |                    5.00 |    120 |    26.0883 |
|        1 |        291 |           806.60 |       783.44 |       814.66 |                 11.39 |                    5.00 |    120 |    26.1738 |
|        1 |        292 |           806.60 |       783.44 |       815.84 |                  9.30 |                    5.00 |    120 |    26.2165 |
|        1 |        293 |           806.60 |       783.44 |       813.40 |                 10.66 |                    5.00 |    120 |    26.2683 |
|        1 |        294 |           806.60 |       783.44 |       801.04 |                 17.69 |                    5.00 |    120 |    26.3180 |
|        1 |        295 |           806.60 |       783.44 |       817.91 |                 10.92 |                    5.00 |    120 |    26.5206 |
|        1 |        296 |           806.60 |       783.44 |       800.28 |                 18.28 |                    5.00 |    120 |    26.5926 |
|        1 |        297 |           806.60 |       783.44 |       807.30 |                 12.55 |                    5.00 |    120 |    26.6945 |
|        1 |        298 |           806.60 |       783.44 |       802.37 |                 15.89 |                    5.00 |    120 |    26.7450 |
|        1 |        299 |           806.60 |       783.44 |       802.37 |                 26.14 |                    5.00 |    120 |    26.7841 |
|        1 |        300 |           806.60 |       783.44 |       816.90 |                 18.55 |                    5.00 |    120 |    26.8324 |
|        1 |        301 |           806.60 |       783.44 |       843.40 |                 20.03 |                    5.00 |    120 |    26.8846 |
|        1 |        302 |           806.60 |       783.44 |       843.30 |                 24.14 |                    5.00 |    120 |    26.9407 |
|        1 |        303 |           806.60 |       783.44 |       817.80 |                 17.58 |                    5.00 |    120 |    27.0508 |
|        1 |        304 |           806.60 |       783.44 |       825.10 |                 12.82 |                    5.00 |    121 |    27.1369 |
|        1 |        305 |           806.60 |       783.44 |       823.48 |                 10.35 |                    5.00 |    121 |    27.2059 |
|        1 |        306 |           806.60 |       783.44 |       845.80 |                 12.86 |                    5.00 |    121 |    27.2503 |
|        1 |        307 |           806.60 |       783.44 |       824.00 |                 11.31 |                    5.00 |    121 |    27.3784 |
|        1 |        308 |           806.60 |       783.44 |       818.11 |                 14.01 |                    5.00 |    121 |    27.4682 |
|        1 |        309 |           806.60 |       783.44 |       814.97 |                 19.03 |                    5.00 |    121 |    27.5293 |
|        1 |        310 |           806.60 |       783.44 |       818.10 |                 20.34 |                    5.00 |    121 |    27.5863 |
|        1 |        311 |           806.60 |       783.44 |       818.20 |                 17.81 |                    5.00 |    121 |    27.6325 |
|        1 |        312 |           806.60 |       783.44 |       818.20 |                 18.11 |                    5.00 |    121 |    27.6800 |
|        1 |        313 |           806.60 |       783.44 |       818.20 |                 13.10 |                    5.00 |    121 |    27.7298 |
|        1 |        314 |           806.60 |       783.44 |       846.03 |                 22.61 |                    5.00 |    121 |    27.7872 |
|        1 |        315 |           806.60 |       783.44 |       822.83 |                 11.48 |                    5.00 |    121 |    27.9050 |
|        1 |        316 |           806.60 |       783.44 |       818.92 |                 11.98 |                    5.00 |    121 |    28.0248 |
|        1 |        317 |           806.60 |       783.44 |       820.40 |                 10.28 |                    5.00 |    121 |    28.0693 |
|        1 |        318 |           806.60 |       783.44 |       821.54 |                 13.83 |                    5.00 |    121 |    28.1200 |
|        1 |        319 |           806.60 |       783.44 |       819.21 |                 11.37 |                    5.00 |    121 |    28.2104 |
|        1 |        320 |           806.60 |       783.44 |       820.50 |                 10.16 |                    5.00 |    121 |    28.2444 |
|        1 |        321 |           806.60 |       783.44 |       827.90 |                  9.51 |                    5.00 |    121 |    28.3409 |
|        1 |        322 |           806.60 |       783.44 |       831.20 |                 16.07 |                    5.00 |    122 |    28.4185 |
|        1 |        323 |           806.60 |       783.44 |       836.00 |                 13.23 |                    5.00 |    123 |    28.4858 |
|        1 |        324 |           806.60 |       783.44 |       819.50 |                 10.15 |                    5.00 |    124 |    28.5543 |
|        1 |        325 |           806.60 |       783.44 |       812.22 |                 12.48 |                    5.00 |    124 |    28.6076 |
|        1 |        326 |           806.60 |       783.44 |       822.77 |                 23.60 |                    5.00 |    124 |    28.6563 |
|        1 |        327 |           806.60 |       783.44 |       841.00 |                 18.30 |                    5.00 |    125 |    28.7191 |
|        1 |        328 |           806.60 |       783.44 |       851.96 |                 19.55 |                    5.00 |    125 |    28.7793 |
|        1 |        329 |           806.60 |       783.44 |       835.90 |                 19.89 |                    5.00 |    125 |    28.8272 |
|        1 |        330 |           806.60 |       783.44 |       835.90 |                 12.03 |                    5.00 |    125 |    28.8669 |
|        1 |        331 |           806.60 |       783.44 |       816.75 |                 12.71 |                    5.00 |    125 |    28.9361 |
|        1 |        332 |           806.60 |       783.44 |       823.02 |                 11.70 |                    5.00 |    125 |    28.9891 |
|        1 |        333 |           806.60 |       783.44 |       815.29 |                 14.98 |                    5.00 |    125 |    29.0331 |
|        1 |        334 |           806.60 |       783.44 |       822.76 |                 13.92 |                    5.00 |    125 |    29.0885 |
|        1 |        335 |           806.60 |       783.44 |       819.20 |                 12.88 |                    5.00 |    125 |    29.2111 |
|        1 |        336 |           806.60 |       783.44 |       802.04 |                 13.17 |                    5.00 |    126 |    29.3319 |
|        1 |        337 |           806.60 |       783.44 |       818.80 |                 18.57 |                    5.00 |    130 |    29.4289 |
|        1 |        338 |           806.60 |       783.44 |       811.27 |                 16.05 |                    5.00 |    130 |    29.5167 |
|        1 |        339 |           806.60 |       783.44 |       818.10 |                 17.34 |                    5.00 |    130 |    29.5639 |
|        1 |        340 |           806.60 |       783.44 |       818.10 |                 16.96 |                    5.00 |    130 |    29.5964 |
|        1 |        341 |           806.60 |       783.44 |       818.10 |                 17.78 |                    5.00 |    130 |    29.6419 |
|        1 |        342 |           806.60 |       783.44 |       816.20 |                 22.25 |                    5.00 |    130 |    29.7285 |
|        1 |        343 |           806.60 |       783.44 |       810.55 |                 18.61 |                    5.00 |    130 |    29.8504 |
|        1 |        344 |           806.60 |       783.44 |       828.10 |                 16.41 |                    5.00 |    132 |    29.9317 |
|        1 |        345 |           806.60 |       783.44 |       834.47 |                 21.58 |                    5.00 |    132 |    30.0207 |
|        1 |        346 |           806.60 |       783.44 |       825.19 |                 13.03 |                    5.36 |    134 |    30.2310 |
|        1 |        347 |           806.60 |       783.44 |       828.30 |                 13.10 |                    5.00 |    134 |    30.3091 |
|        1 |        348 |           806.60 |       783.44 |       825.82 |                 18.52 |                    5.00 |    134 |    30.3634 |
|        1 |        349 |           806.60 |       783.44 |       810.50 |                 18.59 |                    5.00 |    134 |    30.4628 |
|        1 |        350 |           806.60 |       783.44 |       810.40 |                 18.32 |                    5.00 |    134 |    30.5266 |
|        1 |        351 |           806.60 |       783.44 |       805.96 |                 23.09 |                    5.00 |    134 |    30.6529 |
|        1 |        352 |           806.60 |       783.44 |       810.71 |                 22.99 |                    5.00 |    134 |    30.7187 |
|        1 |        353 |           806.60 |       783.44 |       807.30 |                 16.30 |                    5.00 |    134 |    30.7825 |
|        1 |        354 |           806.60 |       783.44 |       799.94 |                 18.64 |                    5.00 |    134 |    30.8731 |
|        1 |        355 |           806.60 |       783.44 |       817.95 |                 12.14 |                    5.00 |    134 |    31.0389 |
|        1 |        356 |           806.60 |       783.44 |       819.31 |                 11.25 |                    5.00 |    134 |    31.1243 |
|        1 |        357 |           806.60 |       783.44 |       815.27 |                 13.36 |                    5.00 |    134 |    31.2508 |
|        1 |        358 |           806.60 |       783.44 |       816.30 |                 11.23 |                    5.00 |    134 |    31.3187 |
|        1 |        359 |           806.60 |       783.44 |       814.09 |                 11.18 |                    5.00 |    134 |    31.3832 |
|        1 |        360 |           806.60 |       783.44 |       815.13 |                 12.43 |                    5.00 |    134 |    31.4368 |
|        1 |        361 |           806.60 |       783.44 |       817.46 |                 16.73 |                    5.00 |    134 |    31.4902 |
|        1 |        362 |           806.60 |       783.44 |       817.46 |                 14.21 |                    5.00 |    134 |    31.5341 |
|        1 |        363 |           806.60 |       783.44 |       806.26 |                 18.18 |                    5.00 |    134 |    31.5947 |
|        1 |        364 |           806.60 |       783.44 |       808.96 |                 16.57 |                    5.00 |    134 |    31.6289 |
|        1 |        365 |           806.60 |       783.44 |       816.26 |                 10.41 |                    5.00 |    136 |    31.6914 |
|        1 |        366 |           806.60 |       783.44 |       831.98 |                 11.02 |                    5.00 |    136 |    31.7374 |
|        1 |        367 |           806.60 |       783.44 |       831.14 |                 13.83 |                    5.00 |    136 |    31.7762 |
|        1 |        368 |           806.60 |       783.44 |       819.96 |                 16.34 |                    5.00 |    137 |    31.8240 |
|        1 |        369 |           806.60 |       783.44 |       819.48 |                 14.31 |                    5.00 |    138 |    31.8726 |
|        1 |        370 |           806.60 |       783.44 |       814.41 |                 19.09 |                    5.00 |    138 |    31.8953 |
|        1 |        371 |           806.60 |       783.44 |       795.58 |                 10.91 |                    5.00 |    138 |    32.0408 |
|        1 |        372 |           806.60 |       783.44 |       861.17 |                 17.07 |                    5.00 |    139 |    32.0743 |
|        1 |        373 |           806.60 |       783.44 |       861.17 |                 25.67 |                    5.00 |    139 |    32.1046 |
|        1 |        374 |           806.60 |       783.44 |       816.30 |                 12.81 |                    5.00 |    139 |    32.1785 |
|        1 |        375 |           806.60 |       783.44 |       801.48 |                 10.84 |                    5.00 |    139 |    32.2792 |
|        1 |        376 |           806.60 |       783.44 |       802.06 |                  9.02 |                    5.00 |    139 |    32.3406 |
|        1 |        377 |           806.60 |       783.44 |       790.73 |                 18.62 |                    5.00 |    139 |    32.4161 |
|        1 |        378 |           806.60 |       783.44 |       810.59 |                 24.56 |                    5.00 |    139 |    32.4622 |
|        1 |        379 |           806.60 |       783.44 |       816.30 |                 16.57 |                    5.00 |    139 |    32.5125 |
|        1 |        380 |           806.60 |       783.44 |       807.02 |                 17.28 |                    5.00 |    140 |    32.6370 |
|        1 |        381 |           806.60 |       783.44 |       834.65 |                 25.17 |                    5.00 |    141 |    32.6914 |
|        1 |        382 |           806.60 |       783.44 |       806.63 |                 26.69 |                    5.00 |    141 |    32.8642 |
|        1 |        383 |           806.60 |       783.44 |       818.80 |                 18.36 |                    5.00 |    141 |    32.9258 |
|        1 |        384 |           806.60 |       783.44 |       800.29 |                 22.11 |                    5.00 |    141 |    32.9874 |
|        1 |        385 |           806.60 |       783.44 |       818.27 |                 17.16 |                    5.00 |    141 |    33.0358 |
|        1 |        386 |           806.60 |       783.44 |       833.70 |                 11.67 |                    5.00 |    142 |    33.1156 |
|        1 |        387 |           806.60 |       783.44 |       797.98 |                 20.79 |                    5.00 |    142 |    33.1600 |
|        1 |        388 |           806.60 |       783.44 |       840.97 |                 26.34 |                    5.00 |    142 |    33.2037 |
|        1 |        389 |           806.60 |       783.44 |       840.10 |                 18.67 |                    5.00 |    142 |    33.2621 |
|        1 |        390 |           806.60 |       783.44 |       833.90 |                 10.94 |                    5.00 |    143 |    33.3355 |
|        1 |        391 |           806.60 |       783.44 |       816.29 |                 13.85 |                    5.00 |    143 |    33.3932 |
|        1 |        392 |           806.60 |       783.44 |       829.70 |                  9.24 |                    5.00 |    143 |    33.4676 |
|        1 |        393 |           806.60 |       783.44 |       790.06 |                 14.69 |                    5.00 |    143 |    33.5628 |
|        1 |        394 |           806.60 |       783.44 |       801.07 |                 23.68 |                    5.00 |    143 |    33.6022 |
|        1 |        395 |           806.60 |       783.44 |       831.10 |                 16.30 |                    5.00 |    143 |    33.6562 |
|        1 |        396 |           806.60 |       783.44 |       828.30 |                 11.67 |                    5.00 |    144 |    33.7172 |
|        1 |        397 |           806.60 |       783.44 |       823.92 |                 22.73 |                    5.00 |    145 |    33.7670 |
|        1 |        398 |           806.60 |       783.44 |       827.35 |                 14.15 |                    5.00 |    145 |    33.8243 |
|        1 |        399 |           806.60 |       783.44 |       819.49 |                 20.21 |                    5.00 |    145 |    33.8777 |
|        1 |        400 |           806.60 |       783.44 |       810.70 |                 23.15 |                    5.00 |    145 |    33.9420 |
|        1 |        401 |           806.60 |       783.44 |       826.94 |                 18.30 |                    5.00 |    145 |    34.0171 |
|        1 |        402 |           806.60 |       783.44 |       830.50 |                 18.60 |                    5.00 |    145 |    34.0666 |
|        1 |        403 |           806.60 |       783.44 |       859.82 |                 30.58 |                    5.00 |    145 |    34.1033 |
|        1 |        404 |           806.60 |       783.44 |       828.30 |                 13.82 |                    5.00 |    145 |    34.1737 |
|        1 |        405 |           806.60 |       783.44 |       825.03 |                 18.00 |                    5.00 |    145 |    34.2533 |
|        1 |        406 |           806.60 |       783.44 |       831.85 |                 18.67 |                    5.00 |    145 |    34.2966 |
|        1 |        407 |           806.60 |       783.44 |       815.10 |                 18.79 |                    5.00 |    145 |    34.3592 |
|        1 |        408 |           806.60 |       783.44 |       815.00 |                 12.06 |                    5.00 |    145 |    34.4048 |
|        1 |        409 |           806.60 |       783.44 |       800.18 |                 16.37 |                    5.00 |    146 |    34.4718 |
|        1 |        410 |           806.60 |       783.44 |       806.60 |                 14.58 |                    5.00 |    146 |    34.5527 |
|        1 |        411 |           806.60 |       783.44 |       806.24 |                 20.36 |                    5.00 |    146 |    34.6443 |
|        1 |        412 |           806.60 |       783.44 |       806.60 |                 19.08 |                    5.00 |    146 |    34.7125 |
|        1 |        413 |           806.60 |       783.44 |       808.70 |                 11.08 |                    5.00 |    146 |    34.7600 |
|        1 |        414 |           806.60 |       783.44 |       802.60 |                 18.96 |                    5.00 |    146 |    34.8124 |
|        1 |        415 |           806.60 |       783.44 |       805.43 |                 12.57 |                    5.00 |    146 |    34.9772 |
|        1 |        416 |           806.60 |       783.44 |       807.88 |                 18.32 |                    5.00 |    146 |    35.0227 |
|        1 |        417 |           806.60 |       783.44 |       813.99 |                 18.84 |                    5.00 |    146 |    35.1875 |
|        1 |        418 |           806.60 |       783.44 |       817.10 |                 12.59 |                    5.00 |    146 |    35.2421 |
|        1 |        419 |           806.60 |       783.44 |       810.85 |                 14.83 |                    5.00 |    146 |    35.3258 |
|        1 |        420 |           806.60 |       783.44 |       853.67 |                 27.16 |                    5.00 |    147 |    35.4077 |
|        1 |        421 |           806.60 |       783.44 |       835.30 |                 15.94 |                    5.00 |    150 |    35.4490 |
|        1 |        422 |           806.60 |       783.44 |       814.22 |                 12.31 |                    5.00 |    150 |    35.5780 |
|        1 |        423 |           806.60 |       783.44 |       815.78 |                  9.65 |                    5.00 |    150 |    35.6260 |
|        1 |        424 |           806.60 |       783.44 |       810.26 |                 12.98 |                    5.00 |    150 |    35.6739 |
|        1 |        425 |           806.60 |       783.44 |       799.39 |                 21.57 |                    5.00 |    150 |    35.7135 |
|        1 |        426 |           806.60 |       783.44 |       816.30 |                 16.40 |                    5.00 |    150 |    35.7764 |
|        1 |        427 |           806.60 |       783.44 |       802.78 |                 16.76 |                    5.00 |    150 |    35.9086 |
|        1 |        428 |           806.60 |       783.44 |       802.78 |                 13.02 |                    5.00 |    150 |    35.9414 |
|        1 |        429 |           806.60 |       783.44 |       812.65 |                 26.13 |                    5.00 |    150 |    35.9959 |
|        1 |        430 |           806.60 |       783.44 |       809.10 |                 15.37 |                    5.00 |    150 |    36.1566 |
|        1 |        431 |           806.60 |       783.44 |       809.10 |                 14.29 |                    5.00 |    150 |    36.1950 |
|        1 |        432 |           806.60 |       783.44 |       803.84 |                 17.54 |                    5.00 |    150 |    36.2722 |
|        1 |        433 |           806.60 |       783.44 |       816.30 |                 13.85 |                    5.00 |    150 |    36.3699 |
|        1 |        434 |           806.60 |       783.44 |       795.94 |                 17.67 |                    5.00 |    150 |    36.4704 |
|        1 |        435 |           806.60 |       783.44 |       808.65 |                 17.27 |                    5.00 |    150 |    36.5178 |
|        1 |        436 |           806.60 |       783.44 |       807.83 |                 11.08 |                    5.00 |    150 |    36.5781 |
|        1 |        437 |           806.60 |       783.44 |       793.20 |                 18.21 |                    5.00 |    150 |    36.6195 |
|        1 |        438 |           806.60 |       783.44 |       809.76 |                 14.72 |                    5.00 |    150 |    36.6635 |
|        1 |        439 |           806.60 |       783.44 |       804.81 |                 23.93 |                    5.00 |    150 |    36.7272 |
|        1 |        440 |           806.60 |       783.44 |       835.60 |                 16.31 |                    5.00 |    151 |    36.7804 |
|        1 |        441 |           806.60 |       783.44 |       837.25 |                 10.36 |                    5.00 |    151 |    36.8496 |
|        1 |        442 |           806.60 |       783.44 |       835.15 |                  8.87 |                    5.00 |    151 |    36.9425 |
|        1 |        443 |           806.60 |       783.44 |       805.12 |                 15.80 |                    5.00 |    151 |    36.9885 |
|        1 |        444 |           806.60 |       783.44 |       823.43 |                 18.86 |                    5.00 |    151 |    37.0283 |
|        1 |        445 |           806.60 |       783.44 |       828.92 |                 22.73 |                    5.00 |    151 |    37.0824 |
|        1 |        446 |           806.60 |       783.44 |       836.66 |                 24.08 |                    5.00 |    151 |    37.1220 |
|        1 |        447 |           806.60 |       783.44 |       835.90 |                 22.37 |                    5.00 |    151 |    37.1744 |
|        1 |        448 |           806.60 |       783.44 |       835.90 |                 12.12 |                    5.00 |    151 |    37.2212 |
|        1 |        449 |           806.60 |       783.44 |       833.78 |                 11.69 |                    5.00 |    151 |    37.3530 |
|        1 |        450 |           806.60 |       783.44 |       834.73 |                 10.43 |                    5.00 |    151 |    37.4226 |
|        1 |        451 |           806.60 |       783.44 |       833.24 |                 10.19 |                    5.00 |    151 |    37.4750 |
|        1 |        452 |           806.60 |       783.44 |       817.75 |                 19.03 |                    5.00 |    153 |    37.5522 |
|        1 |        453 |           806.60 |       783.44 |       819.40 |                 15.52 |                    5.00 |    153 |    37.6218 |
|        1 |        454 |           806.60 |       783.44 |       819.40 |                 11.45 |                    5.00 |    153 |    37.6742 |
|        1 |        455 |           806.60 |       783.44 |       819.40 |                 13.34 |                    5.00 |    153 |    37.7835 |
|        1 |        456 |           806.60 |       783.44 |       817.80 |                 13.51 |                    5.00 |    153 |    37.8754 |
|        1 |        457 |           806.60 |       783.44 |       823.28 |                 25.04 |                    5.00 |    153 |    37.9250 |
|        1 |        458 |           806.60 |       783.44 |       817.10 |                 14.53 |                    5.00 |    153 |    37.9834 |
|        1 |        459 |           806.60 |       783.44 |       822.01 |                 19.55 |                    5.00 |    153 |    38.0396 |
|        1 |        460 |           806.60 |       783.44 |       817.10 |                 18.60 |                    5.00 |    153 |    38.1869 |
|        1 |        461 |           806.60 |       783.44 |       817.10 |                 17.10 |                    5.00 |    153 |    38.2496 |
|        1 |        462 |           806.60 |       783.44 |       842.14 |                  9.92 |                    5.00 |    153 |    38.3210 |
|        1 |        463 |           806.60 |       783.44 |       825.14 |                 17.31 |                    5.00 |    153 |    38.3672 |
|        1 |        464 |           806.60 |       783.44 |       848.30 |                 12.35 |                    5.00 |    153 |    38.4899 |
|        1 |        465 |           806.60 |       783.44 |       850.34 |                 12.55 |                    5.00 |    153 |    38.5484 |
|        1 |        466 |           806.60 |       783.44 |       850.77 |                 12.38 |                    5.00 |    153 |    38.6010 |
|        1 |        467 |           806.60 |       783.44 |       850.17 |                 11.14 |                    5.00 |    153 |    38.6875 |
|        1 |        468 |           806.60 |       783.44 |       849.10 |                 20.01 |                    5.00 |    153 |    38.7546 |
|        1 |        469 |           806.60 |       783.44 |       849.00 |                 11.97 |                    5.00 |    153 |    38.8095 |
|        1 |        470 |           806.60 |       783.44 |       849.00 |                 12.29 |                    5.00 |    153 |    38.8622 |
|        1 |        471 |           806.60 |       783.44 |       819.89 |                 18.05 |                    5.00 |    153 |    38.9544 |
|        1 |        472 |           806.60 |       783.44 |       824.20 |                 23.05 |                    5.00 |    153 |    39.0339 |
|        1 |        473 |           806.60 |       783.44 |       824.20 |                 15.54 |                    5.00 |    153 |    39.0914 |
|        1 |        474 |           806.60 |       783.44 |       802.53 |                 15.30 |                    5.00 |    153 |    39.1756 |
|        1 |        475 |           806.60 |       783.44 |       802.53 |                 23.23 |                    5.00 |    153 |    39.2045 |
|        1 |        476 |           806.60 |       783.44 |       824.38 |                 22.48 |                    5.00 |    153 |    39.2473 |
|        1 |        477 |           806.60 |       783.44 |       817.10 |                 21.92 |                    5.00 |    153 |    39.3213 |
|        1 |        478 |           806.60 |       783.44 |       835.50 |                 23.22 |                    5.00 |    153 |    39.3629 |
|        1 |        479 |           806.60 |       783.44 |       870.60 |                 20.96 |                    5.00 |    155 |    39.4003 |
|        1 |        480 |           806.60 |       783.44 |       831.20 |                 15.73 |                    5.00 |    156 |    39.5053 |
|        1 |        481 |           806.60 |       783.44 |       839.63 |                 16.67 |                    5.00 |    157 |    39.5442 |
|        1 |        482 |           806.60 |       783.44 |       824.50 |                  9.86 |                    5.00 |    158 |    39.6273 |
|        1 |        483 |           806.60 |       783.44 |       821.01 |                  9.34 |                    5.00 |    158 |    39.6846 |
|        1 |        484 |           806.60 |       783.44 |       823.53 |                 12.07 |                    5.00 |    160 |    39.7464 |
|        1 |        485 |           806.60 |       783.44 |       820.42 |                  9.35 |                    5.00 |    160 |    39.8220 |
|        1 |        486 |           806.60 |       783.44 |       800.36 |                 18.92 |                    5.00 |    160 |    39.9066 |
|        1 |        487 |           806.60 |       783.44 |       840.28 |                 17.08 |                    5.00 |    162 |    39.9446 |
|        1 |        488 |           806.60 |       783.44 |       836.74 |                 20.19 |                    5.00 |    163 |    39.9787 |
------------------------------------------------------------------------------------------------------------------------------------------------
|  Restart |  Iteration |  Best Feas. Cost |    Best Cost |   Curr. Cost |   Penalty Custom Res. |   Penalty Standard Res. |   Pool |   Time (s) |
------------------------------------------------------------------------------------------------------------------------------------------------
|        1 |        489 |           806.60 |       783.44 |       821.10 |                 12.05 |                    5.00 |    163 |    40.0649 |
|        1 |        490 |           806.60 |       783.44 |       821.10 |                 17.41 |                    5.00 |    163 |    40.1015 |
|        1 |        491 |           806.60 |       783.44 |       797.07 |                 22.67 |                    5.00 |    163 |    40.1885 |
|        1 |        492 |           806.60 |       783.44 |       821.20 |                 17.91 |                    5.00 |    163 |    40.2726 |
|        1 |        493 |           806.60 |       783.44 |       821.20 |                 13.76 |                    5.00 |    163 |    40.3350 |
|        1 |        494 |           806.60 |       783.44 |       818.47 |                 10.77 |                    5.00 |    163 |    40.4518 |
|        1 |        495 |           806.60 |       783.44 |       814.29 |                 11.49 |                    5.00 |    163 |    40.5289 |
|        1 |        496 |           806.60 |       783.44 |       829.00 |                 22.37 |                    5.00 |    164 |    40.6007 |
|        1 |        497 |           806.60 |       783.44 |       835.50 |                 26.92 |                    5.00 |    164 |    40.6803 |
|        1 |        498 |           806.60 |       783.44 |       819.20 |                 16.58 |                    5.00 |    164 |    40.7475 |
|        1 |        499 |           806.60 |       783.44 |       816.30 |                 11.31 |                    5.00 |    164 |    40.7938 |
|        1 |        500 |           806.60 |       783.44 |       815.88 |                 12.70 |                    5.00 |    164 |    40.8513 |
------------------------------------------------------------------------------------------------------------------------------------------------
Version identifier: 22.1.2.0 | 2024-11-26 | 0edbb82fd
CPXPARAM_MIP_Tolerances_UpperCutoff              806.69999999997697
Tried aggregator 1 time.
MIP Presolve eliminated 62 rows and 49 columns.
MIP Presolve modified 199 coefficients.
Reduced MIP has 39 rows, 115 columns, and 696 nonzeros.
Reduced MIP has 115 binaries, 0 generals, 0 SOSs, and 0 indicators.
Presolve time = 0.00 sec. (1.32 ticks)
Probing time = 0.00 sec. (0.48 ticks)
Tried aggregator 1 time.
Detecting symmetries...
MIP Presolve eliminated 5 rows and 7 columns.
Reduced MIP has 34 rows, 108 columns, and 620 nonzeros.
Reduced MIP has 108 binaries, 0 generals, 0 SOSs, and 0 indicators.
Presolve time = 0.00 sec. (0.52 ticks)
Probing time = 0.00 sec. (0.43 ticks)
Clique table members: 206.
MIP emphasis: balance optimality and feasibility.
MIP search method: dynamic search.
Parallel mode: deterministic, using up to 8 threads.
Root relaxation solution time = 0.00 sec. (0.17 ticks)

        Nodes                                         Cuts/
   Node  Left     Objective  IInf  Best Integer    Best Bound    ItCnt     Gap

*     0     0      integral     0      806.6000      806.6000       33    0.00%
Elapsed time = 0.00 sec. (3.69 ticks, tree = 0.00 MB, solutions = 1)
objective_value(sp) = 806.5999999999999
 44.482223 seconds (6.85 M allocations: 341.717 MiB, 0.17% gc time, 9.09% compilation time)
#1: 0 (0.0) {603.0} -> 20 (10.0) {613.0} [10.0, 645.0] -> 6 (30.0) {719.1} [331.0, 822.0] -> 32 (60.0) {815.4} [448.0, 897.0] -> 33 (100.0) {907.4} [499.0, 1030.0] -> 31 (120.0) {1002.7} [585.0, 1136.0] -> 35 (130.0) {1097.7} [666.0, 1245.0] -> 37 (150.0) {1193.5} [772.0, 1329.0] -> 38 (180.0) {1285.5} [890.0, 1395.0] -> 39 (200.0) {1380.5} [1036.0, 1439.0] -> 36 (210.0) {1475.5} [1076.0, 1589.0] -> 34 (230.0) {1568.5} [1190.0, 1661.0] -> 28 (250.0) {1669.2} [1268.0, 1785.0] -> 26 (260.0) {1767.2} [1330.0, 1919.0] -> 23 (270.0) {1864.4} [1519.0, 1926.0] -> 18 (290.0) {1963.4} [1560.0, 2083.0] -> 19 (300.0) {2058.4} [1689.0, 2144.0] -> 16 (340.0) {2155.4} [1763.0, 2264.0] -> 14 (350.0) {2247.4} [1846.0, 2365.0] -> 12 (370.0) {2340.4} [1985.0, 2412.0] -> 15 (410.0) {2437.4} [2077.0, 2514.0] -> 17 (430.0) {2532.7} [2143.0, 2638.0] -> 13 (460.0) {2626.7} [2310.0, 2659.0] -> 25 (500.0) {2725.7} [2380.0, 2787.0] -> 9 (510.0) {2822.9} [2385.0, 2976.0] -> 11 (520.0) {2919.9} [2603.0, 2952.0] -> 10 (530.0) {3012.9} [2628.0, 3113.0] -> 8 (550.0) {3108.9} [2653.0, 3280.0] -> 21 (570.0) {3204.5} [2675.0, 3288.0] -> 0 (570.0) {3306.1} [0.0, 3390.0]
#2: 0 (0.0) {290.0} -> 63 (50.0) {304.1} [14.0, 360.0] -> 62 (70.0) {399.1} [18.0, 474.0] -> 74 (120.0) {492.1} [87.0, 498.0] -> 72 (130.0) {587.1} [131.0, 644.0] -> 69 (140.0) {686.5} [534.0, 985.0] -> 0 (140.0) {792.3} [0.0, 3390.0]
#3: 0 (0.0) {456.0} -> 1 (10.0) {483.7} [213.0, 568.0] -> 89 (20.0) {1116.0} [1116.0, 1753.0] -> 91 (30.0) {1349.0} [1349.0, 1712.0] -> 90 (40.0) {2789.0} [2789.0, 3279.0] -> 0 (40.0) {2899.6} [0.0, 3390.0]
#4: 0 (0.0) {609.0} -> 99 (10.0) {642.5} [272.0, 701.0] -> 100 (30.0) {737.5} [373.0, 790.0] -> 97 (60.0) {832.5} [397.0, 956.0] -> 92 (80.0) {929.5} [518.0, 1029.0] -> 94 (90.0) {1023.1} [549.0, 1186.0] -> 95 (120.0) {1116.7} [744.0, 1177.0] -> 98 (140.0) {1213.1} [839.0, 1276.0] -> 7 (160.0) {1308.1} [965.0, 1340.0] -> 3 (170.0) {1402.2} [1030.0, 1463.0] -> 4 (180.0) {1495.8} [1154.0, 1527.0] -> 88 (210.0) {1593.6} [1338.0, 1913.0] -> 86 (220.0) {1688.6} [1604.0, 2027.0] -> 84 (240.0) {1783.6} [1513.0, 1928.0] -> 83 (250.0) {1877.2} [1591.0, 2232.0] -> 82 (270.0) {1970.2} [1783.0, 2226.0] -> 85 (300.0) {2074.4} [1829.0, 2388.0] -> 76 (310.0) {2176.1} [2002.0, 2419.0] -> 71 (330.0) {2271.1} [2079.0, 2532.0] -> 70 (360.0) {2366.1} [2119.0, 2682.0] -> 73 (370.0) {2459.1} [2169.0, 2818.0] -> 80 (380.0) {2557.7} [2369.0, 2816.0] -> 79 (390.0) {2653.0} [2505.0, 2870.0] -> 81 (420.0) {2748.3} [2563.0, 3002.0] -> 78 (440.0) {2846.9} [2599.0, 3164.0] -> 77 (450.0) {2944.7} [2701.0, 3258.0] -> 87 (470.0) {3042.7} [2976.0, 3275.0] -> 96 (480.0) {3139.0} [2713.0, 3275.0] -> 0 (480.0) {3253.1} [0.0, 3390.0]
#5: 0 (0.0) {182.0} -> 67 (10.0) {194.2} [12.0, 424.0] -> 93 (50.0) {302.8} [8.0, 509.0] -> 5 (60.0) {399.8} [15.0, 402.0] -> 2 (90.0) {495.6} [22.0, 563.0] -> 75 (110.0) {590.6} [15.0, 607.0] -> 0 (110.0) {696.4} [0.0, 3390.0]
#6: 0 (0.0) {231.0} -> 24 (10.0) {246.0} [23.0, 368.0] -> 27 (20.0) {338.8} [93.0, 484.0] -> 22 (40.0) {433.8} [12.0, 505.0] -> 0 (40.0) {535.9} [0.0, 3390.0]
#7: 0 (0.0) {558.0} -> 30 (10.0) {578.6} [170.0, 595.0] -> 29 (20.0) {673.6} [168.0, 787.0] -> 0 (20.0) {783.6} [0.0, 3390.0]
#8: 0 (0.0) {597.0} -> 66 (10.0) {613.5} [393.0, 942.0] -> 61 (20.0) {709.3} [223.0, 738.0] -> 64 (30.0) {801.3} [246.0, 899.0] -> 68 (40.0) {897.3} [641.0, 1070.0] -> 65 (50.0) {992.6} [704.0, 1197.0] -> 49 (60.0) {1089.0} [812.0, 1281.0] -> 55 (70.0) {1186.8} [897.0, 1392.0] -> 54 (110.0) {1281.8} [998.0, 1481.0] -> 53 (130.0) {1377.1} [1078.0, 1593.0] -> 56 (160.0) {1471.1} [1199.0, 1660.0] -> 58 (190.0) {1563.1} [1263.0, 1780.0] -> 60 (210.0) {1656.1} [1325.0, 1904.0] -> 59 (220.0) {1751.9} [1498.0, 1921.0] -> 57 (260.0) {1846.9} [1552.0, 2057.0] -> 40 (270.0) {1940.5} [1612.0, 2185.0] -> 44 (280.0) {2034.9} [1745.0, 2240.0] -> 46 (310.0) {2130.2} [1884.0, 2293.0] -> 45 (320.0) {2226.6} [1932.0, 2437.0] -> 51 (330.0) {2321.6} [2015.0, 2544.0] -> 50 (340.0) {2413.8} [2018.0, 2725.0] -> 52 (350.0) {2506.9} [2201.0, 2728.0] -> 47 (360.0) {2601.9} [2348.0, 2771.0] -> 43 (370.0) {2694.9} [2463.0, 2842.0] -> 42 (390.0) {2787.9} [2529.0, 2962.0] -> 41 (400.0) {2879.9} [2599.0, 3076.0] -> 48 (410.0) {2977.9} [2715.0, 3156.0] -> 0 (410.0) {3078.6} [0.0, 3390.0]

Dist: 806.5999999999999. Cost: 806.5999999999999

Root node processing (before b&c):
  Real time             =    0.00 sec. (3.69 ticks)
Parallel b&c, 8 threads:
  Real time             =    0.00 sec. (0.00 ticks)
  Sync time (average)   =    0.00 sec.
  Wait time (average)   =    0.00 sec.
                          ------------
Total (root+branch&cut) =    0.00 sec. (3.69 ticks)
