Solving instance /mnt/c/Users/bruno.mattos/OneDrive - americanas s.a/Documentos/GitHub/GenericILS/TWRD/100/C207_100_020.vrptwrd...
------------------------------------------------------------------------------------------------------------------------------------------------
|  Restart |  Iteration |  Best Feas. Cost |    Best Cost |   Curr. Cost |   Penalty Custom Res. |   Penalty Standard Res. |   Pool |   Time (s) |
------------------------------------------------------------------------------------------------------------------------------------------------
|        1 |          1 |           789.80 |       789.80 |       805.10 |                 11.32 |                    5.00 |     15 |     0.3478 |
|        1 |          2 |           789.80 |       789.80 |       795.01 |                 11.94 |                    5.00 |     19 |     0.8627 |
|        1 |          3 |           789.80 |       789.80 |       800.00 |                  6.71 |                    5.00 |     20 |     0.9469 |
|        1 |          4 |           789.80 |       789.80 |       794.17 |                 11.83 |                    5.00 |     23 |     1.0191 |
|        1 |          5 |           789.80 |       789.80 |       804.60 |                  9.54 |                    5.00 |     24 |     1.0914 |
|        1 |          6 |           789.80 |       789.80 |       834.40 |                 14.04 |                    5.00 |     27 |     1.1480 |
|        1 |          7 |           789.80 |       789.80 |       793.10 |                 18.25 |                    5.00 |     28 |     1.2743 |
|        1 |          8 |           789.80 |       789.80 |       804.90 |                  9.21 |                    5.00 |     30 |     1.3319 |
|        1 |          9 |           789.80 |       789.80 |       801.40 |                 12.15 |                    5.00 |     31 |     1.3831 |
|        1 |         10 |           789.80 |       789.80 |       802.20 |                 15.51 |                    5.00 |     37 |     1.4797 |
|        1 |          0 |           778.80 |       778.80 |       778.80 |                 14.41 |                    5.00 |     37 |     1.5511 |
|        1 |          1 |           778.80 |       778.80 |       778.80 |                  9.83 |                    5.00 |     37 |     1.5891 |
|        1 |          2 |           778.80 |       778.56 |       778.56 |                 13.20 |                    5.00 |     39 |     1.6939 |
|        1 |          0 |           763.20 |       763.20 |       763.20 |                 10.22 |                    5.00 |     41 |     1.8084 |
|        1 |          1 |           763.20 |       761.12 |       761.12 |                 10.49 |                    5.00 |     41 |     1.8613 |
|        1 |          2 |           763.20 |       761.12 |       762.26 |                 10.66 |                    5.00 |     41 |     1.9261 |
|        1 |          3 |           763.20 |       761.12 |       762.82 |                 11.61 |                    5.00 |     41 |     2.0058 |
|        1 |          4 |           763.20 |       761.12 |       763.19 |                 10.76 |                    5.00 |     42 |     2.0897 |
|        1 |          5 |           763.20 |       761.12 |       799.42 |                 11.26 |                    5.00 |     44 |     2.1595 |
|        1 |          6 |           763.20 |       761.12 |       799.42 |                 11.47 |                    5.00 |     44 |     2.1961 |
|        1 |          7 |           763.20 |       761.12 |       800.58 |                 11.52 |                    5.00 |     46 |     2.2821 |
|        1 |          8 |           763.20 |       761.12 |       800.92 |                 11.14 |                    5.00 |     46 |     2.3317 |
|        1 |          9 |           763.20 |       761.12 |       808.41 |                 10.81 |                    5.00 |     48 |     2.5087 |
|        1 |         10 |           763.20 |       761.12 |       808.30 |                  8.88 |                    5.00 |     48 |     2.6105 |
|        1 |         11 |           763.20 |       761.12 |       803.72 |                 10.79 |                    5.00 |     48 |     2.7033 |
|        1 |         12 |           763.20 |       761.12 |       810.23 |                  6.45 |                    5.00 |     48 |     2.7664 |
|        1 |         13 |           763.20 |       761.12 |       799.90 |                 12.20 |                    5.00 |     49 |     2.8278 |
|        1 |         14 |           763.20 |       761.12 |       808.94 |                 10.76 |                    5.00 |     49 |     2.9291 |
|        1 |         15 |           763.20 |       761.12 |       788.29 |                 11.87 |                    5.00 |     49 |     3.1036 |
|        1 |         16 |           763.20 |       761.12 |       789.37 |                 11.26 |                    5.00 |     49 |     3.1444 |
|        1 |         17 |           763.20 |       761.12 |       815.52 |                 11.92 |                    5.00 |     49 |     3.1970 |
|        1 |         18 |           763.20 |       761.12 |       797.30 |                 12.95 |                    5.00 |     51 |     3.3272 |
|        1 |         19 |           763.20 |       761.12 |       766.70 |                 11.55 |                    5.00 |     52 |     3.4003 |
|        1 |         20 |           763.20 |       761.12 |       763.80 |                 12.82 |                    5.00 |     53 |     3.4879 |
|        1 |         21 |           763.20 |       761.12 |       767.40 |                 10.89 |                    5.00 |     53 |     3.5385 |
|        1 |         22 |           763.20 |       761.12 |       766.63 |                 13.27 |                    5.00 |     53 |     3.5726 |
|        1 |         23 |           763.20 |       761.12 |       766.53 |                 10.92 |                    5.00 |     53 |     3.6513 |
|        1 |         24 |           763.20 |       761.12 |       784.22 |                 10.33 |                    5.00 |     55 |     3.7479 |
|        1 |         25 |           763.20 |       761.12 |       767.00 |                 12.19 |                    5.00 |     55 |     3.8141 |
|        1 |         26 |           763.20 |       761.12 |       765.86 |                 11.55 |                    5.00 |     55 |     3.8755 |
|        1 |         27 |           763.20 |       761.12 |       766.63 |                 13.23 |                    5.00 |     55 |     3.9475 |
|        1 |         28 |           763.20 |       761.12 |       766.63 |                 11.35 |                    5.00 |     55 |     3.9936 |
|        1 |         29 |           763.20 |       761.12 |       766.91 |                  9.54 |                    5.00 |     55 |     4.0582 |
|        1 |         30 |           763.20 |       761.12 |       783.00 |                 11.17 |                    5.00 |     58 |     4.1057 |
|        1 |         31 |           763.20 |       761.12 |       777.25 |                 14.69 |                    5.00 |     58 |     4.1953 |
|        1 |         32 |           763.20 |       761.12 |       803.90 |                  9.72 |                    5.00 |     58 |     4.2353 |
|        1 |         33 |           763.20 |       761.12 |       776.28 |                  9.88 |                    5.00 |     58 |     4.2992 |
|        1 |         34 |           763.20 |       761.12 |       777.61 |                 15.67 |                    5.00 |     58 |     4.4453 |
|        1 |         35 |           763.20 |       761.12 |       798.46 |                 11.21 |                    5.00 |     59 |     4.5260 |
|        1 |         36 |           763.20 |       761.12 |       766.71 |                 12.92 |                    5.00 |     59 |     4.6532 |
|        1 |         37 |           763.20 |       761.12 |       767.46 |                 10.43 |                    5.00 |     59 |     4.7183 |
|        1 |         38 |           763.20 |       761.12 |       778.30 |                 12.94 |                    5.00 |     60 |     4.7777 |
|        1 |         39 |           763.20 |       761.12 |       805.23 |                 12.09 |                    5.00 |     60 |     4.8929 |
|        1 |         40 |           763.20 |       761.12 |       803.50 |                  8.49 |                    5.00 |     60 |     4.9561 |
|        1 |         41 |           763.20 |       761.12 |       831.60 |                 13.14 |                    5.00 |     60 |     4.9992 |
|        1 |         42 |           763.20 |       761.12 |       783.05 |                 16.09 |                    5.00 |     62 |     5.1300 |
|        1 |         43 |           763.20 |       761.12 |       788.77 |                 13.21 |                    5.00 |     67 |     5.2519 |
|        1 |         44 |           763.20 |       761.12 |       784.40 |                 14.52 |                    5.00 |     68 |     5.3391 |
|        1 |         45 |           763.20 |       761.12 |       788.90 |                 12.22 |                    5.00 |     71 |     5.3843 |
|        1 |         46 |           763.20 |       761.12 |       788.44 |                 16.75 |                    5.00 |     71 |     5.4656 |
|        1 |         47 |           763.20 |       761.12 |       788.50 |                 10.64 |                    5.00 |     71 |     5.5315 |
|        1 |         48 |           763.20 |       761.12 |       785.66 |                 12.82 |                    5.00 |     71 |     5.5918 |
|        1 |         49 |           763.20 |       761.12 |       784.24 |                 10.56 |                    5.00 |     71 |     5.6619 |
|        1 |         50 |           763.20 |       761.12 |       782.28 |                 10.01 |                    5.00 |     71 |     5.7135 |
|        1 |         51 |           763.20 |       761.12 |       785.02 |                 10.92 |                    5.00 |     71 |     5.7689 |
|        1 |         52 |           763.20 |       761.12 |       782.61 |                 11.51 |                    5.00 |     71 |     5.8923 |
|        1 |         53 |           763.20 |       761.12 |       782.73 |                 12.42 |                    5.00 |     71 |     5.9598 |
|        1 |         54 |           763.20 |       761.12 |       785.11 |                 11.89 |                    5.00 |     71 |     6.0238 |
|        1 |         55 |           763.20 |       761.12 |       763.16 |                 16.93 |                    5.00 |     71 |     6.1387 |
|        1 |         56 |           763.20 |       761.12 |       763.20 |                 10.88 |                    5.00 |     71 |     6.1744 |
|        1 |         57 |           763.20 |       761.12 |       767.26 |                 10.62 |                    5.00 |     72 |     6.2489 |
|        1 |         58 |           763.20 |       761.12 |       762.11 |                 10.17 |                    5.00 |     72 |     6.2994 |
|        1 |         59 |           763.20 |       761.12 |       795.77 |                  9.74 |                    5.00 |     73 |     6.3643 |
|        1 |         60 |           763.20 |       761.12 |       796.48 |                 10.85 |                    5.00 |     73 |     6.4040 |
|        1 |         61 |           763.20 |       761.12 |       787.60 |                 14.60 |                    5.00 |     75 |     6.4538 |
|        1 |         62 |           763.20 |       761.12 |       772.94 |                 14.48 |                    5.00 |     75 |     6.5864 |
|        1 |         63 |           763.20 |       761.12 |       805.00 |                  9.02 |                    5.00 |     75 |     6.6447 |
|        1 |         64 |           763.20 |       761.12 |       829.90 |                  7.00 |                    5.00 |     80 |     6.7098 |
|        1 |         65 |           763.20 |       761.12 |       767.45 |                  7.90 |                    5.00 |     80 |     6.8409 |
|        1 |         66 |           763.20 |       761.12 |       762.71 |                 10.31 |                    5.00 |     80 |     6.9084 |
|        1 |         67 |           763.20 |       761.12 |       768.70 |                 17.80 |                    5.00 |     81 |     6.9753 |
|        1 |         68 |           763.20 |       761.12 |       768.34 |                 10.50 |                    5.00 |     81 |     7.0922 |
|        1 |         69 |           763.20 |       761.12 |       766.67 |                 11.20 |                    5.00 |     81 |     7.1995 |
|        1 |         70 |           763.20 |       761.12 |       770.74 |                 11.72 |                    5.00 |     81 |     7.2635 |
|        1 |         71 |           763.20 |       761.12 |       809.00 |                 10.68 |                    5.00 |     84 |     7.3110 |
|        1 |         72 |           763.20 |       761.12 |       790.00 |                 11.12 |                    5.00 |     85 |     7.4786 |
|        1 |         73 |           763.20 |       761.12 |       777.78 |                 12.99 |                    5.00 |     85 |     7.5602 |
|        1 |         74 |           763.20 |       761.12 |       780.00 |                 11.13 |                    5.00 |     85 |     7.6233 |
|        1 |         75 |           763.20 |       761.12 |       780.00 |                  9.84 |                    5.00 |     85 |     7.6752 |
|        1 |         76 |           763.20 |       761.12 |       796.73 |                 11.95 |                    5.00 |     88 |     7.7728 |
|        1 |         77 |           763.20 |       761.12 |       780.00 |                  7.22 |                    5.00 |     88 |     7.8335 |
|        1 |         78 |           763.20 |       761.12 |       768.61 |                  8.80 |                    5.00 |     88 |     7.8659 |
|        1 |         79 |           763.20 |       761.12 |       761.26 |                 11.11 |                    5.00 |     88 |     7.9986 |
|        1 |         80 |           763.20 |       761.12 |       762.82 |                 12.85 |                    5.00 |     88 |     8.0880 |
|        1 |         81 |           763.20 |       761.12 |       763.20 |                 10.60 |                    5.00 |     88 |     8.1332 |
|        1 |         82 |           763.20 |       761.12 |       787.20 |                 11.79 |                    5.00 |     88 |     8.1871 |
|        1 |         83 |           763.20 |       761.12 |       763.05 |                 11.27 |                    5.00 |     88 |     8.2680 |
|        1 |         84 |           763.20 |       761.12 |       763.20 |                 10.47 |                    5.00 |     88 |     8.3269 |
|        1 |         85 |           763.20 |       761.12 |       762.03 |                 11.31 |                    5.00 |     88 |     8.3756 |
|        1 |         86 |           763.20 |       761.12 |       762.77 |                 10.68 |                    5.00 |     89 |     8.5011 |
|        1 |         87 |           763.20 |       761.12 |       765.17 |                 10.32 |                    5.00 |     89 |     8.5879 |
|        1 |         88 |           763.20 |       761.12 |       764.03 |                 11.85 |                    5.00 |     89 |     8.6152 |
|        1 |         89 |           763.20 |       761.12 |       765.30 |                 10.58 |                    5.00 |     89 |     8.6764 |
|        1 |         90 |           763.20 |       761.12 |       763.73 |                 13.67 |                    5.00 |     89 |     8.7497 |
|        1 |         91 |           763.20 |       761.12 |       763.73 |                 11.99 |                    5.00 |     89 |     8.7793 |
|        1 |         92 |           763.20 |       761.12 |       788.31 |                 12.31 |                    5.00 |     89 |     8.8436 |
|        1 |         93 |           763.20 |       761.12 |       791.60 |                  9.46 |                    5.00 |     89 |     8.8976 |
|        1 |         94 |           763.20 |       760.37 |       760.37 |                 10.82 |                    5.00 |     89 |     8.9991 |
|        1 |         95 |           763.20 |       760.37 |       784.38 |                 10.37 |                    5.00 |     90 |     9.0575 |
|        1 |         96 |           763.20 |       760.37 |       784.74 |                 13.00 |                    5.00 |     90 |     9.1178 |
|        1 |         97 |           763.20 |       760.37 |       785.00 |                 14.04 |                    5.00 |     91 |     9.1652 |
|        1 |         98 |           763.20 |       760.37 |       766.00 |                 11.34 |                    5.00 |     91 |     9.2186 |
|        1 |         99 |           763.20 |       760.37 |       765.03 |                 12.49 |                    5.00 |     91 |     9.2804 |
|        1 |        100 |           763.20 |       760.37 |       764.33 |                 10.93 |                    5.00 |     91 |     9.3464 |
|        1 |        101 |           763.20 |       760.37 |       765.02 |                 11.43 |                    5.00 |     91 |     9.4348 |
|        1 |        102 |           763.20 |       760.37 |       765.38 |                 12.21 |                    5.00 |     91 |     9.5047 |
|        1 |        103 |           763.20 |       760.37 |       766.40 |                 10.68 |                    5.00 |     91 |     9.5562 |
|        1 |        104 |           763.20 |       760.37 |       769.01 |                 11.65 |                    5.00 |     91 |     9.6122 |
|        1 |        105 |           763.20 |       760.37 |       766.40 |                 11.03 |                    5.00 |     91 |     9.6903 |
|        1 |        106 |           763.20 |       760.37 |       765.66 |                 11.08 |                    5.00 |     91 |     9.7814 |
|        1 |        107 |           763.20 |       760.37 |       766.40 |                 11.05 |                    5.00 |     91 |     9.8380 |
|        1 |        108 |           763.20 |       760.37 |       771.51 |                 11.43 |                    5.00 |     92 |     9.9472 |
|        1 |        109 |           763.20 |       760.37 |       770.99 |                  9.41 |                    5.00 |     93 |    10.0149 |
|        1 |        110 |           763.20 |       760.37 |       766.72 |                 12.79 |                    5.00 |     93 |    10.0726 |
|        1 |        111 |           763.20 |       760.37 |       809.84 |                 12.37 |                    5.00 |     95 |    10.1420 |
|        1 |        112 |           763.20 |       760.37 |       796.97 |                 10.70 |                    5.00 |     97 |    10.2213 |
|        1 |        113 |           763.20 |       760.37 |       767.04 |                 11.19 |                    5.00 |     98 |    10.3182 |
|        1 |        114 |           763.20 |       760.37 |       766.68 |                 11.26 |                    5.00 |     98 |    10.3808 |
|        1 |        115 |           763.20 |       760.37 |       763.98 |                 10.26 |                    5.00 |     98 |    10.4354 |
|        1 |        116 |           763.20 |       760.37 |       765.51 |                 11.20 |                    5.00 |     98 |    10.4819 |
|        1 |        117 |           763.20 |       760.37 |       777.78 |                 10.93 |                    5.00 |    100 |    10.5552 |
|        1 |        118 |           763.20 |       760.37 |       777.39 |                 11.00 |                    5.00 |    101 |    10.6163 |
|        1 |        119 |           763.20 |       760.37 |       763.53 |                 10.12 |                    5.00 |    102 |    10.8488 |
|        1 |        120 |           763.20 |       760.37 |       761.44 |                 11.15 |                    5.00 |    102 |    10.8969 |
|        1 |        121 |           763.20 |       760.37 |       764.10 |                  9.46 |                    5.00 |    102 |    10.9622 |
|        1 |        122 |           763.20 |       760.37 |       782.93 |                 12.35 |                    5.00 |    102 |    11.0268 |
|        1 |        123 |           763.20 |       760.37 |       779.15 |                 10.55 |                    5.00 |    104 |    11.1445 |
|        1 |        124 |           763.20 |       760.37 |       767.11 |                 12.41 |                    5.00 |    104 |    11.2775 |
|        1 |        125 |           763.20 |       760.37 |       768.19 |                 11.40 |                    5.00 |    104 |    11.3514 |
|        1 |        126 |           763.20 |       760.37 |       768.70 |                 10.81 |                    5.00 |    104 |    11.4104 |
|        1 |        127 |           763.20 |       760.37 |       793.15 |                 12.14 |                    5.00 |    104 |    11.4926 |
|        1 |        128 |           763.20 |       760.37 |       767.17 |                 11.49 |                    5.00 |    104 |    11.6104 |
|        1 |        129 |           763.20 |       760.37 |       768.70 |                 12.18 |                    5.00 |    104 |    11.6632 |
|        1 |        130 |           763.20 |       760.37 |       768.70 |                 11.10 |                    5.00 |    104 |    11.7280 |
|        1 |        131 |           763.20 |       760.37 |       767.37 |                 12.22 |                    5.00 |    104 |    11.7802 |
|        1 |        132 |           763.20 |       760.37 |       773.29 |                 10.79 |                    5.00 |    105 |    11.8677 |
|        1 |        133 |           763.20 |       760.37 |       767.78 |                 11.18 |                    5.00 |    105 |    11.9470 |
|        1 |        134 |           763.20 |       760.37 |       767.32 |                 11.58 |                    5.00 |    105 |    12.0252 |
|        1 |        135 |           763.20 |       760.37 |       766.64 |                 11.98 |                    5.00 |    105 |    12.1298 |
|        1 |        136 |           763.20 |       760.37 |       768.70 |                 11.96 |                    5.00 |    105 |    12.1648 |
|        1 |        137 |           763.20 |       760.37 |       768.70 |                  9.65 |                    5.00 |    105 |    12.2371 |
|        1 |        138 |           763.20 |       760.37 |       767.41 |                 10.73 |                    5.00 |    105 |    12.3100 |
|        1 |        139 |           763.20 |       760.37 |       767.18 |                  9.28 |                    5.00 |    105 |    12.4095 |
|        1 |        140 |           763.20 |       760.37 |       765.59 |                 11.42 |                    5.00 |    105 |    12.4592 |
|        1 |        141 |           763.20 |       760.37 |       768.13 |                 10.82 |                    5.00 |    105 |    12.5134 |
|        1 |        142 |           763.20 |       760.37 |       792.57 |                 13.28 |                    5.00 |    105 |    12.5949 |
|        1 |        143 |           763.20 |       760.37 |       794.10 |                  8.50 |                    5.00 |    105 |    12.6908 |
|        1 |        144 |           763.20 |       760.37 |       790.85 |                 10.57 |                    5.00 |    105 |    12.7324 |
|        1 |        145 |           763.20 |       760.37 |       768.59 |                 10.31 |                    5.00 |    105 |    12.8170 |
|        1 |        146 |           763.20 |       760.37 |       767.30 |                  8.08 |                    5.00 |    105 |    12.8727 |
|        1 |        147 |           763.20 |       760.37 |       764.05 |                 13.84 |                    5.00 |    105 |    12.9189 |
|        1 |        148 |           763.20 |       760.37 |       768.57 |                 13.50 |                    5.00 |    105 |    13.0198 |
|        1 |        149 |           763.20 |       760.37 |       768.28 |                 10.90 |                    5.00 |    105 |    13.0916 |
|        1 |        150 |           763.20 |       760.37 |       768.11 |                 11.26 |                    5.00 |    105 |    13.2209 |
|        1 |        151 |           763.20 |       760.37 |       768.64 |                 11.09 |                    5.00 |    105 |    13.3110 |
|        1 |        152 |           763.20 |       760.37 |       768.70 |                  9.70 |                    5.00 |    105 |    13.3677 |
|        1 |        153 |           763.20 |       760.37 |       767.03 |                 10.70 |                    5.00 |    105 |    13.4145 |
|        1 |        154 |           763.20 |       760.37 |       768.21 |                 11.08 |                    5.00 |    105 |    13.4886 |
|        1 |        155 |           763.20 |       760.37 |       766.40 |                 10.50 |                    5.00 |    105 |    13.5699 |
|        1 |        156 |           763.20 |       760.37 |       762.95 |                 11.08 |                    5.00 |    105 |    13.6694 |
|        1 |        157 |           763.20 |       760.37 |       763.29 |                 12.08 |                    5.00 |    105 |    13.7363 |
|        1 |        158 |           763.20 |       760.37 |       762.99 |                 13.16 |                    5.00 |    105 |    13.8149 |
|        1 |        159 |           763.20 |       760.37 |       763.90 |                 10.54 |                    5.00 |    105 |    13.8567 |
|        1 |        160 |           763.20 |       760.37 |       761.77 |                 15.32 |                    5.00 |    105 |    13.9673 |
|        1 |        161 |           763.20 |       760.37 |       763.90 |                  9.54 |                    5.00 |    105 |    14.0307 |
|        1 |        162 |           763.20 |       760.37 |       761.83 |                 10.28 |                    5.00 |    105 |    14.1176 |
|        1 |        163 |           763.20 |       760.37 |       760.98 |                 10.89 |                    5.00 |    105 |    14.1596 |
|        1 |        164 |           763.20 |       760.37 |       762.90 |                 10.21 |                    5.00 |    105 |    14.2238 |
|        1 |        165 |           763.20 |       760.37 |       768.68 |                 10.47 |                    5.00 |    106 |    14.3072 |
|        1 |        166 |           763.20 |       760.37 |       766.69 |                 12.66 |                    5.00 |    107 |    14.4778 |
|        1 |        167 |           763.20 |       760.37 |       765.49 |                 11.07 |                    5.00 |    107 |    14.5469 |
|        1 |        168 |           763.20 |       760.37 |       769.19 |                 11.26 |                    5.00 |    108 |    14.6025 |
|        1 |        169 |           763.20 |       760.37 |       766.62 |                 11.55 |                    5.00 |    108 |    14.6701 |
|        1 |        170 |           763.20 |       760.37 |       766.76 |                 10.61 |                    5.00 |    108 |    14.7699 |
|        1 |        171 |           763.20 |       760.37 |       766.49 |                 11.23 |                    5.00 |    108 |    14.8199 |
|        1 |        172 |           763.20 |       760.37 |       767.06 |                 11.88 |                    5.00 |    108 |    14.8874 |
|        1 |        173 |           763.20 |       760.37 |       767.06 |                 10.84 |                    5.00 |    108 |    14.9119 |
|        1 |        174 |           763.20 |       760.37 |       796.18 |                 10.87 |                    5.00 |    110 |    15.0426 |
|        1 |        175 |           763.20 |       760.37 |       796.74 |                 10.94 |                    5.00 |    110 |    15.1127 |
|        1 |        176 |           763.20 |       760.37 |       794.33 |                 11.65 |                    5.00 |    110 |    15.2345 |
|        1 |        177 |           763.20 |       760.37 |       796.29 |                 15.85 |                    5.00 |    110 |    15.2771 |
|        1 |        178 |           763.20 |       760.37 |       795.78 |                 11.11 |                    5.00 |    110 |    15.3705 |
|        1 |        179 |           763.20 |       760.37 |       798.49 |                 13.24 |                    5.00 |    110 |    15.4655 |
|        1 |        180 |           763.20 |       760.37 |       798.57 |                 10.56 |                    5.00 |    110 |    15.5894 |
|        1 |        181 |           763.20 |       760.37 |       799.50 |                 12.72 |                    5.00 |    111 |    15.6538 |
|        1 |        182 |           763.20 |       760.37 |       796.60 |                 10.68 |                    5.00 |    111 |    15.7427 |
|        1 |        183 |           763.20 |       760.37 |       845.26 |                 14.07 |                    5.00 |    114 |    15.8188 |
|        1 |        184 |           763.20 |       760.37 |       841.10 |                 11.47 |                    5.00 |    116 |    15.9067 |
|        1 |        185 |           763.20 |       760.37 |       814.51 |                 10.01 |                    5.00 |    116 |    16.0139 |
|        1 |        186 |           763.20 |       760.37 |       817.19 |                 12.35 |                    5.00 |    116 |    16.1859 |
|        1 |        187 |           763.20 |       760.37 |       817.54 |                 10.17 |                    5.00 |    116 |    16.2481 |
|        1 |        188 |           763.20 |       760.37 |       815.34 |                 11.66 |                    5.00 |    116 |    16.3044 |
|        1 |        189 |           763.20 |       760.37 |       817.60 |                 11.74 |                    5.00 |    116 |    16.3593 |
|        1 |        190 |           763.20 |       760.37 |       819.51 |                 14.80 |                    5.00 |    117 |    16.5086 |
|        1 |        191 |           763.20 |       760.37 |       804.76 |                 15.27 |                    5.00 |    118 |    16.6557 |
|        1 |        192 |           763.20 |       760.37 |       808.84 |                 12.76 |                    5.00 |    120 |    16.8130 |
|        1 |        193 |           763.20 |       760.37 |       807.71 |                 12.82 |                    5.00 |    122 |    16.9064 |
|        1 |        194 |           763.20 |       760.37 |       810.00 |                 10.78 |                    5.00 |    124 |    16.9735 |
|        1 |        195 |           763.20 |       760.37 |       837.99 |                 11.87 |                    5.00 |    125 |    17.0287 |
|        1 |        196 |           763.20 |       760.37 |       809.00 |                 11.19 |                    5.00 |    126 |    17.1901 |
|        1 |        197 |           763.20 |       760.37 |       796.24 |                 13.30 |                    5.00 |    128 |    17.3130 |
|        1 |        198 |           763.20 |       760.37 |       804.75 |                 11.06 |                    5.00 |    131 |    17.3929 |
|        1 |        199 |           763.20 |       760.37 |       808.50 |                 13.89 |                    5.00 |    132 |    17.4318 |
|        1 |        200 |           763.20 |       760.37 |       794.44 |                 13.82 |                    5.00 |    132 |    17.5223 |
|        1 |        201 |           763.20 |       760.37 |       810.40 |                 13.22 |                    5.00 |    132 |    17.5846 |
|        1 |        202 |           763.20 |       760.37 |       810.40 |                 10.37 |                    5.00 |    132 |    17.6338 |
|        1 |        203 |           763.20 |       760.37 |       809.25 |                 10.35 |                    5.00 |    132 |    17.6791 |
|        1 |        204 |           763.20 |       760.37 |       808.79 |                 11.17 |                    5.00 |    132 |    17.7431 |
|        1 |        205 |           763.20 |       760.37 |       795.31 |                 11.00 |                    5.00 |    133 |    17.8456 |
|        1 |        206 |           763.20 |       760.37 |       790.41 |                 11.76 |                    5.00 |    133 |    17.8904 |
|        1 |        207 |           763.20 |       760.37 |       791.33 |                 11.14 |                    5.00 |    133 |    17.9608 |
|        1 |        208 |           763.20 |       760.37 |       792.05 |                 12.15 |                    5.00 |    133 |    18.0254 |
|        1 |        209 |           763.20 |       760.37 |       793.20 |                 14.36 |                    5.00 |    134 |    18.0796 |
|        1 |        210 |           763.20 |       760.37 |       793.20 |                 11.60 |                    5.00 |    134 |    18.1290 |
|        1 |        211 |           763.20 |       760.37 |       790.25 |                 11.43 |                    5.00 |    134 |    18.2169 |
|        1 |        212 |           763.20 |       760.37 |       796.50 |                 10.95 |                    5.00 |    136 |    18.2780 |
|        1 |        213 |           763.20 |       760.37 |       793.99 |                 16.25 |                    5.00 |    137 |    18.3648 |
|        1 |        214 |           763.20 |       760.37 |       797.50 |                 13.66 |                    5.00 |    139 |    18.4202 |
|        1 |        215 |           763.20 |       760.37 |       797.50 |                 12.32 |                    5.00 |    139 |    18.4796 |
|        1 |        216 |           763.20 |       760.37 |       797.50 |                 11.11 |                    5.00 |    139 |    18.5485 |
|        1 |        217 |           763.20 |       760.37 |       796.59 |                 10.64 |                    5.00 |    139 |    18.6155 |
|        1 |        218 |           763.20 |       760.37 |       802.44 |                 12.88 |                    5.00 |    141 |    18.7688 |
|        1 |        219 |           763.20 |       760.37 |       791.07 |                  9.94 |                    5.00 |    142 |    18.9203 |
|        1 |        220 |           763.20 |       760.37 |       789.40 |                 10.85 |                    5.00 |    142 |    18.9750 |
|        1 |        221 |           763.20 |       760.37 |       815.42 |                 12.31 |                    5.00 |    142 |    19.0363 |
|        1 |        222 |           763.20 |       760.37 |       818.62 |                 10.66 |                    5.00 |    142 |    19.0886 |
|        1 |        223 |           763.20 |       760.37 |       797.73 |                 10.38 |                    5.00 |    143 |    19.2202 |
|        1 |        224 |           763.20 |       760.37 |       797.45 |                 10.34 |                    5.00 |    143 |    19.2960 |
|        1 |        225 |           763.20 |       760.37 |       797.19 |                 11.73 |                    5.00 |    143 |    19.3593 |
|        1 |        226 |           763.20 |       760.37 |       813.50 |                 11.35 |                    5.00 |    144 |    19.4078 |
|        1 |        227 |           763.20 |       760.37 |       811.73 |                 11.32 |                    5.00 |    144 |    19.4590 |
|        1 |        228 |           763.20 |       760.37 |       793.08 |                 11.27 |                    5.00 |    145 |    19.6969 |
|        1 |        229 |           763.20 |       760.37 |       790.79 |                 11.30 |                    5.00 |    145 |    19.8421 |
|        1 |        230 |           763.20 |       760.37 |       791.77 |                 11.49 |                    5.00 |    145 |    19.8916 |
|        1 |        231 |           763.20 |       760.37 |       796.70 |                 11.20 |                    5.00 |    147 |    19.9914 |
------------------------------------------------------------------------------------------------------------------------------------------------
|  Restart |  Iteration |  Best Feas. Cost |    Best Cost |   Curr. Cost |   Penalty Custom Res. |   Penalty Standard Res. |   Pool |   Time (s) |
------------------------------------------------------------------------------------------------------------------------------------------------
|        1 |        232 |           763.20 |       760.37 |       793.50 |                 10.92 |                    5.00 |    147 |    20.0730 |
|        1 |        233 |           763.20 |       760.37 |       771.40 |                 11.30 |                    5.00 |    148 |    20.1670 |
|        1 |        234 |           763.20 |       760.37 |       767.79 |                 12.42 |                    5.00 |    148 |    20.2531 |
|        1 |        235 |           763.20 |       760.37 |       790.01 |                 11.88 |                    5.00 |    149 |    20.3250 |
|        1 |        236 |           763.20 |       760.37 |       791.49 |                 14.59 |                    5.00 |    149 |    20.4023 |
|        1 |        237 |           763.20 |       760.37 |       770.00 |                 11.63 |                    5.00 |    149 |    20.5151 |
|        1 |        238 |           763.20 |       760.37 |       788.31 |                 10.68 |                    5.00 |    150 |    20.5910 |
|        1 |        239 |           763.20 |       760.37 |       769.89 |                 12.25 |                    5.00 |    150 |    20.6444 |
|        1 |        240 |           763.20 |       760.37 |       769.16 |                 19.32 |                    5.00 |    150 |    20.6996 |
|        1 |        241 |           763.20 |       760.37 |       770.00 |                 10.89 |                    5.00 |    150 |    20.7604 |
|        1 |        242 |           763.20 |       760.37 |       768.28 |                 10.72 |                    5.00 |    150 |    20.8474 |
|        1 |        243 |           763.20 |       760.37 |       768.85 |                 11.01 |                    5.00 |    150 |    20.8966 |
|        1 |        244 |           763.20 |       760.37 |       783.40 |                 10.86 |                    5.00 |    151 |    20.9591 |
|        1 |        245 |           763.20 |       760.37 |       781.17 |                 12.19 |                    5.00 |    151 |    21.0360 |
|        1 |        246 |           763.20 |       760.37 |       768.10 |                 11.06 |                    5.00 |    151 |    21.1468 |
|        1 |        247 |           763.20 |       760.37 |       814.89 |                 19.32 |                    5.00 |    153 |    21.1916 |
|        1 |        248 |           763.20 |       760.37 |       787.68 |                 11.12 |                    5.00 |    154 |    21.4052 |
|        1 |        249 |           763.20 |       760.37 |       776.87 |                 10.99 |                    5.00 |    156 |    21.5864 |
|        1 |        250 |           763.20 |       760.37 |       776.87 |                 10.75 |                    5.00 |    156 |    21.6205 |
|        1 |        251 |           763.20 |       760.37 |       776.72 |                 10.27 |                    5.00 |    156 |    21.7291 |
|        1 |        252 |           763.20 |       760.37 |       789.92 |                 10.96 |                    5.00 |    157 |    21.8135 |
|        1 |        253 |           763.20 |       760.37 |       788.68 |                  9.98 |                    5.00 |    157 |    21.8749 |
|        1 |        254 |           763.20 |       760.37 |       801.06 |                 14.24 |                    5.00 |    159 |    21.9420 |
|        1 |        255 |           763.20 |       760.37 |       782.80 |                 10.60 |                    5.00 |    160 |    22.0248 |
|        1 |        256 |           763.20 |       760.37 |       782.09 |                 12.15 |                    5.00 |    160 |    22.0832 |
|        1 |        257 |           763.20 |       760.37 |       782.80 |                 10.52 |                    5.00 |    160 |    22.1381 |
|        1 |        258 |           763.20 |       760.37 |       781.32 |                 12.18 |                    5.00 |    160 |    22.1914 |
|        1 |        259 |           763.20 |       760.37 |       787.00 |                 11.67 |                    5.00 |    161 |    22.2422 |
|        1 |        260 |           763.20 |       760.37 |       778.37 |                 11.29 |                    5.00 |    161 |    22.2859 |
|        1 |        261 |           763.20 |       760.37 |       777.65 |                 11.70 |                    5.00 |    161 |    22.3459 |
|        1 |        262 |           763.20 |       760.37 |       777.65 |                 11.45 |                    5.00 |    161 |    22.3794 |
|        1 |        263 |           763.20 |       760.37 |       776.98 |                 10.30 |                    5.00 |    161 |    22.4580 |
|        1 |        264 |           763.20 |       760.37 |       777.89 |                 11.23 |                    5.00 |    161 |    22.5229 |
|        1 |        265 |           763.20 |       760.37 |       776.46 |                 10.74 |                    5.00 |    161 |    22.5997 |
|        1 |        266 |           763.20 |       760.37 |       777.53 |                 13.06 |                    5.00 |    161 |    22.6715 |
|        1 |        267 |           763.20 |       760.37 |       778.50 |                 11.55 |                    5.00 |    161 |    22.7128 |
|        1 |        268 |           763.20 |       760.37 |       772.09 |                 17.62 |                    5.00 |    161 |    22.8569 |
|        1 |        269 |           763.20 |       760.37 |       786.60 |                 12.01 |                    5.00 |    163 |    22.9129 |
|        1 |        270 |           763.20 |       760.37 |       785.77 |                 11.61 |                    5.00 |    163 |    22.9750 |
|        1 |        271 |           763.20 |       760.37 |       778.50 |                 13.96 |                    5.00 |    163 |    23.0641 |
|        1 |        272 |           763.20 |       760.37 |       777.54 |                 13.08 |                    5.00 |    163 |    23.1463 |
|        1 |        273 |           763.20 |       760.37 |       777.04 |                 10.87 |                    5.00 |    163 |    23.2257 |
|        1 |        274 |           763.20 |       760.37 |       778.36 |                 10.62 |                    5.00 |    163 |    23.2839 |
|        1 |        275 |           763.20 |       760.37 |       778.50 |                 10.58 |                    5.00 |    163 |    23.3370 |
|        1 |        276 |           763.20 |       760.37 |       777.42 |                 10.65 |                    5.00 |    163 |    23.3983 |
|        1 |        277 |           763.20 |       760.37 |       777.94 |                  7.70 |                    5.00 |    163 |    23.4582 |
|        1 |        278 |           763.20 |       760.37 |       792.82 |                 10.68 |                    5.00 |    164 |    23.5043 |
|        1 |        279 |           763.20 |       760.37 |       767.14 |                 11.14 |                    5.00 |    164 |    23.8020 |
|        1 |        280 |           763.20 |       760.37 |       792.67 |                 11.79 |                    5.00 |    164 |    23.8492 |
|        1 |        281 |           763.20 |       760.37 |       794.10 |                  8.20 |                    5.00 |    164 |    23.9077 |
|        1 |        282 |           763.20 |       760.37 |       789.73 |                 11.03 |                    5.00 |    164 |    23.9658 |
|        1 |        283 |           763.20 |       760.37 |       789.73 |                  9.85 |                    5.00 |    164 |    24.0174 |
|        1 |        284 |           763.20 |       760.37 |       763.13 |                 11.08 |                    5.00 |    164 |    24.2198 |
|        1 |        285 |           763.20 |       760.37 |       762.13 |                  9.96 |                    5.00 |    164 |    24.3100 |
|        1 |        286 |           763.20 |       760.37 |       761.43 |                 10.77 |                    5.00 |    164 |    24.3477 |
|        1 |        287 |           763.20 |       760.37 |       772.60 |                 10.70 |                    5.00 |    164 |    24.4627 |
|        1 |        288 |           763.20 |       760.37 |       767.25 |                 11.96 |                    5.00 |    164 |    24.6090 |
|        1 |        289 |           763.20 |       760.37 |       769.50 |                 10.57 |                    5.00 |    164 |    24.6514 |
|        1 |        290 |           763.20 |       760.37 |       767.31 |                 10.43 |                    5.00 |    164 |    24.7032 |
|        1 |        291 |           763.20 |       760.37 |       768.44 |                 11.36 |                    5.00 |    164 |    24.7778 |
|        1 |        292 |           763.20 |       760.37 |       769.50 |                 14.82 |                    5.00 |    164 |    24.8479 |
|        1 |        293 |           763.20 |       760.37 |       779.20 |                 11.26 |                    5.00 |    164 |    24.9197 |
|        1 |        294 |           763.20 |       760.37 |       768.90 |                 10.50 |                    5.00 |    164 |    25.0946 |
|        1 |        295 |           763.20 |       760.37 |       769.33 |                  9.85 |                    5.00 |    164 |    25.1561 |
|        1 |        296 |           763.20 |       760.37 |       768.51 |                 11.19 |                    5.00 |    164 |    25.2111 |
|        1 |        297 |           763.20 |       760.37 |       779.33 |                 11.38 |                    5.00 |    166 |    25.2665 |
|        1 |        298 |           763.20 |       760.37 |       767.54 |                 10.89 |                    5.00 |    166 |    25.3300 |
|        1 |        299 |           763.20 |       760.37 |       769.16 |                 11.99 |                    5.00 |    166 |    25.3947 |
|        1 |        300 |           763.20 |       760.37 |       769.50 |                 10.81 |                    5.00 |    166 |    25.4516 |
|        1 |        301 |           763.20 |       760.37 |       767.21 |                 10.74 |                    5.00 |    166 |    25.5600 |
|        1 |        302 |           763.20 |       760.37 |       768.40 |                 11.13 |                    5.00 |    166 |    25.6435 |
|        1 |        303 |           763.20 |       760.37 |       767.53 |                 11.89 |                    5.00 |    166 |    25.7024 |
|        1 |        304 |           763.20 |       760.37 |       772.10 |                 10.93 |                    5.00 |    166 |    25.7796 |
|        1 |        305 |           763.20 |       760.37 |       767.70 |                 10.52 |                    5.00 |    166 |    25.9176 |
|        1 |        306 |           763.20 |       760.37 |       768.90 |                 11.71 |                    5.00 |    166 |    25.9652 |
|        1 |        307 |           763.20 |       760.37 |       768.03 |                 10.65 |                    5.00 |    166 |    26.0321 |
|        1 |        308 |           763.20 |       760.37 |       767.40 |                 11.03 |                    5.00 |    166 |    26.1321 |
|        1 |        309 |           763.20 |       760.37 |       791.65 |                 10.77 |                    5.00 |    166 |    26.1917 |
|        1 |        310 |           763.20 |       760.37 |       791.85 |                 10.41 |                    5.00 |    166 |    26.2616 |
|        1 |        311 |           763.20 |       760.37 |       776.65 |                 11.67 |                    5.00 |    166 |    26.3647 |
|        1 |        312 |           763.20 |       760.37 |       772.42 |                 12.82 |                    5.00 |    167 |    26.4899 |
|        1 |        313 |           763.20 |       760.37 |       772.31 |                 10.44 |                    5.00 |    167 |    26.5939 |
|        1 |        314 |           763.20 |       760.37 |       772.05 |                 13.09 |                    5.69 |    167 |    26.6562 |
|        1 |        315 |           763.20 |       760.37 |       772.36 |                 10.89 |                    5.00 |    167 |    26.7169 |
|        1 |        316 |           763.20 |       760.37 |       771.89 |                 10.32 |                    5.00 |    167 |    26.7877 |
|        1 |        317 |           763.20 |       760.37 |       770.53 |                 10.93 |                    5.00 |    167 |    26.8360 |
|        1 |        318 |           763.20 |       760.37 |       768.34 |                 10.93 |                    5.00 |    167 |    27.0057 |
|        1 |        319 |           763.20 |       760.37 |       768.87 |                  9.94 |                    5.00 |    167 |    27.0878 |
|        1 |        320 |           763.20 |       760.37 |       768.39 |                 11.28 |                    5.00 |    167 |    27.1489 |
|        1 |        321 |           763.20 |       760.37 |       767.70 |                 11.24 |                    5.00 |    167 |    27.2072 |
|        1 |        322 |           763.20 |       760.37 |       767.85 |                 11.16 |                    5.00 |    167 |    27.3344 |
|        1 |        323 |           763.20 |       760.37 |       773.30 |                 13.30 |                    5.00 |    168 |    27.4040 |
|        1 |        324 |           763.20 |       760.37 |       761.09 |                 10.96 |                    5.00 |    168 |    27.4664 |
|        1 |        325 |           763.20 |       760.37 |       762.98 |                 10.57 |                    5.00 |    168 |    27.5872 |
|        1 |        326 |           763.20 |       760.37 |       763.56 |                 11.99 |                    5.00 |    168 |    27.6479 |
|        1 |        327 |           763.20 |       760.37 |       763.70 |                 11.38 |                    5.00 |    168 |    27.6996 |
|        1 |        328 |           763.20 |       760.37 |       762.58 |                 11.34 |                    5.00 |    168 |    27.7655 |
|        1 |        329 |           763.20 |       760.37 |       762.72 |                 11.08 |                    5.00 |    168 |    27.8203 |
|        1 |        330 |           763.20 |       760.37 |       777.16 |                 10.93 |                    5.00 |    168 |    27.8845 |
|        1 |        331 |           763.20 |       760.37 |       769.14 |                 10.31 |                    5.00 |    168 |    28.0097 |
|        1 |        332 |           763.20 |       760.37 |       768.23 |                  8.01 |                    5.00 |    168 |    28.0568 |
|        1 |        333 |           763.20 |       760.37 |       764.33 |                 12.28 |                    5.00 |    168 |    28.0975 |
|        1 |        334 |           763.20 |       760.37 |       768.90 |                 11.28 |                    5.00 |    168 |    28.1784 |
|        1 |        335 |           763.20 |       760.37 |       768.60 |                 10.70 |                    5.00 |    168 |    28.2307 |
|        1 |        336 |           763.20 |       760.37 |       768.90 |                 11.32 |                    5.00 |    168 |    28.2955 |
|        1 |        337 |           763.20 |       760.37 |       780.00 |                 12.95 |                    5.00 |    170 |    28.3762 |
|        1 |        338 |           763.20 |       760.37 |       769.90 |                 11.67 |                    5.00 |    171 |    28.4556 |
|        1 |        339 |           763.20 |       760.37 |       769.53 |                 10.11 |                    5.00 |    171 |    28.5207 |
|        1 |        340 |           763.20 |       760.37 |       768.01 |                 10.81 |                    5.00 |    171 |    28.5612 |
|        1 |        341 |           763.20 |       760.37 |       768.74 |                 11.91 |                    5.00 |    171 |    28.6161 |
|        1 |        342 |           763.20 |       760.37 |       769.90 |                 17.02 |                    5.75 |    171 |    28.6624 |
|        1 |        343 |           763.20 |       760.37 |       767.99 |                 10.68 |                    5.00 |    171 |    28.7676 |
|        1 |        344 |           763.20 |       760.37 |       760.57 |                 11.29 |                    5.00 |    171 |    28.8530 |
|        1 |        345 |           763.20 |       760.37 |       763.40 |                 17.65 |                    5.00 |    171 |    28.8980 |
|        1 |        346 |           763.20 |       760.37 |       763.40 |                 12.65 |                    5.00 |    171 |    28.9504 |
|        1 |        347 |           763.20 |       760.37 |       763.40 |                 12.12 |                    5.00 |    171 |    29.0001 |
|        1 |        348 |           763.20 |       760.37 |       769.50 |                 10.80 |                    5.00 |    171 |    29.0935 |
|        1 |        349 |           763.20 |       760.37 |       768.82 |                 11.30 |                    5.00 |    171 |    29.1576 |
|        1 |        350 |           763.20 |       760.37 |       769.62 |                 12.20 |                    5.00 |    171 |    29.2277 |
|        1 |        351 |           763.20 |       760.37 |       768.30 |                 10.74 |                    5.00 |    171 |    29.3385 |
|        1 |        352 |           763.20 |       760.37 |       767.78 |                 12.05 |                    5.00 |    171 |    29.4237 |
|        1 |        353 |           763.20 |       760.37 |       767.60 |                 12.86 |                    5.00 |    171 |    29.5067 |
|        1 |        354 |           763.20 |       760.37 |       768.70 |                 11.24 |                    5.00 |    171 |    29.5802 |
|        1 |        355 |           763.20 |       760.37 |       768.70 |                 15.44 |                    5.00 |    171 |    29.6238 |
|        1 |        356 |           763.20 |       760.37 |       768.70 |                 10.54 |                    5.00 |    171 |    29.6511 |
|        1 |        357 |           763.20 |       760.37 |       768.34 |                 10.61 |                    5.00 |    171 |    29.7142 |
|        1 |        358 |           763.20 |       760.37 |       767.84 |                 11.09 |                    5.00 |    171 |    29.8026 |
|        1 |        359 |           763.20 |       760.37 |       768.36 |                 16.82 |                    5.00 |    171 |    29.8625 |
|        1 |        360 |           763.20 |       760.37 |       769.30 |                 11.36 |                    5.00 |    171 |    29.9058 |
|        1 |        361 |           763.20 |       760.37 |       768.44 |                 11.78 |                    5.00 |    171 |    29.9678 |
|        1 |        362 |           763.20 |       760.37 |       769.07 |                 10.60 |                    5.00 |    171 |    30.0615 |
|        1 |        363 |           763.20 |       760.37 |       768.59 |                  9.74 |                    5.00 |    171 |    30.1250 |
|        1 |        364 |           763.20 |       760.37 |       766.31 |                 12.36 |                    5.00 |    171 |    30.1626 |
|        1 |        365 |           763.20 |       760.37 |       793.20 |                 11.70 |                    5.00 |    171 |    30.2378 |
|        1 |        366 |           763.20 |       760.37 |       793.20 |                 11.55 |                    5.00 |    171 |    30.2966 |
|        1 |        367 |           763.20 |       760.37 |       794.32 |                 11.64 |                    5.00 |    171 |    30.3400 |
|        1 |        368 |           763.20 |       760.37 |       769.08 |                  9.87 |                    5.00 |    171 |    30.4142 |
|        1 |        369 |           763.20 |       760.37 |       767.14 |                 11.21 |                    5.00 |    171 |    30.4754 |
|        1 |        370 |           763.20 |       760.37 |       768.34 |                 10.93 |                    5.00 |    171 |    30.5595 |
|        1 |        371 |           763.20 |       760.37 |       773.60 |                 12.67 |                    5.00 |    171 |    30.6023 |
|        1 |        372 |           763.20 |       760.37 |       770.04 |                 11.85 |                    5.00 |    171 |    30.7181 |
|        1 |        373 |           763.20 |       760.37 |       772.24 |                 14.29 |                    5.00 |    171 |    30.7591 |
|        1 |        374 |           763.20 |       760.37 |       771.90 |                 10.55 |                    5.00 |    171 |    30.8269 |
|        1 |        375 |           763.20 |       760.37 |       776.27 |                  9.42 |                    5.00 |    171 |    30.8816 |
|        1 |        376 |           763.20 |       760.37 |       773.34 |                 13.87 |                    5.00 |    171 |    30.9358 |
|        1 |        377 |           763.20 |       760.37 |       771.90 |                 13.54 |                    5.00 |    171 |    31.0134 |
|        1 |        378 |           763.20 |       760.37 |       762.02 |                 11.94 |                    5.00 |    171 |    31.1425 |
|        1 |        379 |           763.20 |       760.37 |       762.87 |                 10.66 |                    5.00 |    171 |    31.2344 |
|        1 |        380 |           763.20 |       760.37 |       760.97 |                 12.35 |                    5.00 |    171 |    31.2926 |
|        1 |        381 |           763.20 |       760.37 |       764.28 |                 13.33 |                    5.00 |    171 |    31.3546 |
|        1 |        382 |           763.20 |       760.37 |       773.70 |                 12.89 |                    5.00 |    172 |    31.4196 |
|        1 |        383 |           763.20 |       760.37 |       773.52 |                 11.62 |                    5.00 |    172 |    31.4755 |
|        1 |        384 |           763.20 |       760.37 |       773.24 |                 11.12 |                    5.00 |    172 |    31.5471 |
|        1 |        385 |           763.20 |       760.37 |       800.71 |                 10.76 |                    5.00 |    174 |    31.6025 |
|        1 |        386 |           763.20 |       760.37 |       801.29 |                 11.06 |                    5.00 |    174 |    31.6486 |
|        1 |        387 |           763.20 |       760.37 |       801.24 |                  8.09 |                    5.00 |    174 |    31.6964 |
|        1 |        388 |           763.20 |       760.37 |       792.80 |                 11.55 |                    5.00 |    175 |    31.7588 |
|        1 |        389 |           763.20 |       760.37 |       797.43 |                 11.61 |                    5.00 |    175 |    31.8343 |
|        1 |        390 |           763.20 |       760.37 |       797.17 |                  9.76 |                    5.00 |    175 |    31.8945 |
|        1 |        391 |           763.20 |       760.37 |       785.90 |                 11.60 |                    5.00 |    176 |    32.0334 |
|        1 |        392 |           763.20 |       760.37 |       772.04 |                 11.97 |                    5.00 |    176 |    32.1701 |
|        1 |        393 |           763.20 |       760.37 |       768.70 |                  9.47 |                    5.00 |    176 |    32.2354 |
|        1 |        394 |           763.20 |       760.37 |       767.04 |                 10.54 |                    5.00 |    176 |    32.3014 |
|        1 |        395 |           763.20 |       760.37 |       768.14 |                 10.82 |                    5.00 |    176 |    32.3699 |
|        1 |        396 |           763.20 |       760.37 |       767.72 |                 10.13 |                    5.00 |    176 |    32.4758 |
|        1 |        397 |           763.20 |       760.37 |       768.73 |                 11.26 |                    5.00 |    176 |    32.5596 |
|        1 |        398 |           763.20 |       760.37 |       768.03 |                 10.77 |                    5.00 |    176 |    32.6320 |
|        1 |        399 |           763.20 |       760.37 |       767.46 |                 11.17 |                    5.00 |    176 |    32.6934 |
|        1 |        400 |           763.20 |       760.37 |       767.59 |                 10.69 |                    5.00 |    176 |    32.7600 |
|        1 |        401 |           763.20 |       760.37 |       767.72 |                 11.31 |                    5.00 |    176 |    32.8254 |
|        1 |        402 |           763.20 |       760.37 |       768.64 |                 10.07 |                    5.00 |    176 |    32.9250 |
|        1 |        403 |           763.20 |       760.37 |       766.74 |                 11.30 |                    5.00 |    176 |    33.0106 |
|        1 |        404 |           763.20 |       760.37 |       769.50 |                 10.71 |                    5.00 |    176 |    33.0714 |
|        1 |        405 |           763.20 |       760.37 |       768.90 |                 12.17 |                    5.00 |    176 |    33.1219 |
|        1 |        406 |           763.20 |       760.37 |       768.90 |                 11.43 |                    5.00 |    176 |    33.1670 |
|        1 |        407 |           763.20 |       760.37 |       771.78 |                 10.37 |                    5.00 |    176 |    33.2885 |
|        1 |        408 |           763.20 |       760.37 |       763.87 |                 11.60 |                    5.00 |    176 |    33.4233 |
|        1 |        409 |           763.20 |       760.37 |       764.19 |                 12.26 |                    5.00 |    176 |    33.5087 |
|        1 |        410 |           763.20 |       760.37 |       764.19 |                 11.06 |                    5.00 |    176 |    33.5635 |
|        1 |        411 |           763.20 |       760.37 |       784.40 |                  8.49 |                    5.00 |    177 |    33.6310 |
|        1 |        412 |           763.20 |       760.37 |       764.10 |                 10.65 |                    5.00 |    177 |    33.6996 |
|        1 |        413 |           763.20 |       760.37 |       763.07 |                 13.22 |                    5.00 |    177 |    33.7539 |
|        1 |        414 |           763.20 |       760.37 |       764.10 |                 11.46 |                    5.00 |    177 |    33.8078 |
|        1 |        415 |           763.20 |       760.37 |       778.30 |                 11.54 |                    5.00 |    177 |    33.8549 |
|        1 |        416 |           763.20 |       760.37 |       768.52 |                 10.70 |                    5.00 |    177 |    33.9451 |
|        1 |        417 |           763.20 |       760.37 |       768.65 |                 11.80 |                    5.00 |    177 |    33.9841 |
|        1 |        418 |           763.20 |       760.37 |       766.08 |                 10.72 |                    5.00 |    177 |    34.0768 |
|        1 |        419 |           763.20 |       760.37 |       768.39 |                 11.23 |                    5.00 |    177 |    34.1447 |
|        1 |        420 |           763.20 |       760.37 |       771.98 |                 10.75 |                    5.00 |    177 |    34.2016 |
|        1 |        421 |           763.20 |       760.37 |       770.62 |                 11.24 |                    5.00 |    177 |    34.2778 |
|        1 |        422 |           763.20 |       760.37 |       801.73 |                 13.68 |                    5.00 |    177 |    34.3359 |
|        1 |        423 |           763.20 |       760.37 |       808.42 |                 11.86 |                    5.00 |    177 |    34.3855 |
|        1 |        424 |           763.20 |       760.37 |       805.50 |                 10.92 |                    5.00 |    177 |    34.4397 |
|        1 |        425 |           763.20 |       760.37 |       805.95 |                 17.43 |                    5.00 |    177 |    34.4804 |
|        1 |        426 |           763.20 |       760.37 |       769.90 |                 13.26 |                    5.00 |    177 |    34.5374 |
|        1 |        427 |           763.20 |       760.37 |       767.50 |                 12.52 |                    5.00 |    177 |    34.6592 |
|        1 |        428 |           763.20 |       760.37 |       768.58 |                  8.35 |                    5.00 |    177 |    34.7508 |
|        1 |        429 |           763.20 |       759.97 |       759.97 |                 11.34 |                    5.00 |    177 |    34.8057 |
|        1 |        430 |           763.20 |       759.97 |       787.98 |                 14.09 |                    5.00 |    177 |    34.8667 |
|        1 |        431 |           763.20 |       759.97 |       762.33 |                 11.35 |                    5.00 |    177 |    34.9575 |
|        1 |        432 |           763.20 |       759.97 |       767.22 |                 10.74 |                    5.00 |    177 |    35.0416 |
|        1 |        433 |           763.20 |       759.97 |       773.82 |                 11.03 |                    5.00 |    177 |    35.1103 |
|        1 |        434 |           763.20 |       759.97 |       773.20 |                 10.87 |                    5.00 |    177 |    35.1761 |
|        1 |        435 |           763.20 |       759.97 |       778.12 |                 11.92 |                    5.00 |    177 |    35.3146 |
|        1 |        436 |           763.20 |       759.97 |       777.82 |                  9.42 |                    5.00 |    177 |    35.3851 |
|        1 |        437 |           763.20 |       759.97 |       767.33 |                 12.12 |                    5.00 |    177 |    35.5141 |
|        1 |        438 |           763.20 |       759.97 |       767.80 |                 10.81 |                    5.00 |    177 |    35.5890 |
|        1 |        439 |           763.20 |       759.97 |       765.41 |                 10.86 |                    5.00 |    177 |    35.6765 |
|        1 |        440 |           763.20 |       759.97 |       767.41 |                 12.56 |                    5.00 |    177 |    35.7668 |
|        1 |        441 |           763.20 |       759.97 |       767.97 |                 12.72 |                    5.00 |    177 |    35.8811 |
|        1 |        442 |           763.20 |       759.97 |       784.10 |                 11.25 |                    5.00 |    177 |    35.9415 |
|        1 |        443 |           763.20 |       759.97 |       767.81 |                 10.97 |                    5.00 |    177 |    36.0137 |
|        1 |        444 |           763.20 |       759.97 |       768.53 |                  9.69 |                    5.00 |    177 |    36.0799 |
|        1 |        445 |           763.20 |       759.97 |       767.77 |                 11.57 |                    5.00 |    177 |    36.1308 |
|        1 |        446 |           763.20 |       759.97 |       762.21 |                 10.86 |                    5.00 |    177 |    36.1997 |
|        1 |        447 |           763.20 |       759.97 |       766.57 |                  9.77 |                    5.00 |    177 |    36.2908 |
|        1 |        448 |           763.20 |       759.97 |       768.55 |                 11.43 |                    5.00 |    177 |    36.3485 |
|        1 |        449 |           763.20 |       759.97 |       763.20 |                 10.82 |                    5.00 |    177 |    36.4383 |
|        1 |        450 |           763.20 |       759.97 |       761.87 |                 10.78 |                    5.00 |    177 |    36.4976 |
|        1 |        451 |           763.20 |       759.97 |       761.11 |                 13.88 |                    5.00 |    177 |    36.6272 |
|        1 |        452 |           763.20 |       759.97 |       762.82 |                 11.28 |                    5.00 |    177 |    36.7538 |
|        1 |        453 |           763.20 |       759.97 |       762.54 |                 11.14 |                    5.00 |    177 |    36.8025 |
|        1 |        454 |           763.20 |       759.97 |       763.20 |                 11.44 |                    5.00 |    177 |    36.8635 |
|        1 |        455 |           763.20 |       759.97 |       762.91 |                 14.21 |                    5.00 |    177 |    36.9249 |
|        1 |        456 |           763.20 |       759.97 |       763.50 |                 11.95 |                    5.00 |    177 |    36.9733 |
|        1 |        457 |           763.20 |       759.67 |       759.67 |                 12.25 |                    5.00 |    177 |    37.0682 |
|        1 |        458 |           763.20 |       759.67 |       763.20 |                 12.09 |                    5.00 |    177 |    37.1164 |
|        1 |        459 |           763.20 |       759.67 |       762.51 |                 11.12 |                    5.00 |    177 |    37.1767 |
|        1 |        460 |           763.20 |       759.67 |       764.50 |                 12.36 |                    5.00 |    177 |    37.2560 |
|        1 |        461 |           763.20 |       759.67 |       769.34 |                 13.20 |                    5.00 |    177 |    37.3326 |
|        1 |        462 |           763.20 |       759.67 |       762.30 |                 10.95 |                    5.00 |    177 |    37.4520 |
|        1 |        463 |           763.20 |       759.67 |       763.05 |                 12.18 |                    5.00 |    177 |    37.5005 |
|        1 |        464 |           763.20 |       759.67 |       763.42 |                 10.35 |                    5.00 |    177 |    37.5556 |
|        1 |        465 |           763.20 |       759.67 |       763.20 |                 10.81 |                    5.00 |    177 |    37.6679 |
|        1 |        466 |           763.20 |       759.67 |       761.05 |                 11.21 |                    5.00 |    177 |    37.7388 |
|        1 |        467 |           763.20 |       759.67 |       761.05 |                 10.64 |                    5.00 |    177 |    37.7759 |
|        1 |        468 |           763.20 |       759.67 |       763.15 |                 11.00 |                    5.00 |    177 |    37.8853 |
|        1 |        469 |           763.20 |       759.67 |       762.21 |                 10.74 |                    5.00 |    177 |    37.9488 |
|        1 |        470 |           763.20 |       759.67 |       761.59 |                 10.42 |                    5.00 |    177 |    38.1247 |
|        1 |        471 |           763.20 |       759.67 |       760.15 |                 11.14 |                    5.00 |    177 |    38.1801 |
|        1 |        472 |           763.20 |       759.67 |       765.80 |                 11.44 |                    5.00 |    177 |    38.2387 |
|        1 |        473 |           763.20 |       759.67 |       765.80 |                 12.86 |                    5.00 |    177 |    38.2883 |
|        1 |        474 |           763.20 |       759.67 |       765.80 |                 11.14 |                    5.00 |    177 |    38.3471 |
|        1 |        475 |           763.20 |       759.67 |       765.52 |                 13.18 |                    5.00 |    177 |    38.3868 |
|        1 |        476 |           763.20 |       759.67 |       765.80 |                 13.80 |                    5.00 |    177 |    38.4574 |
|        1 |        477 |           763.20 |       759.67 |       765.80 |                 11.85 |                    5.00 |    177 |    38.5100 |
|        1 |        478 |           763.20 |       759.67 |       765.33 |                 10.68 |                    5.00 |    177 |    38.5705 |
|        1 |        479 |           763.20 |       759.67 |       771.90 |                 10.62 |                    5.00 |    177 |    38.6696 |
|        1 |        480 |           763.20 |       759.67 |       771.02 |                 11.94 |                    5.00 |    177 |    38.7204 |
|        1 |        481 |           763.20 |       759.67 |       771.90 |                 10.97 |                    5.00 |    177 |    38.7961 |
|        1 |        482 |           763.20 |       759.67 |       767.02 |                 12.05 |                    5.00 |    177 |    38.8870 |
|        1 |        483 |           763.20 |       759.67 |       768.34 |                 10.97 |                    5.00 |    177 |    38.9591 |
|        1 |        484 |           763.20 |       759.67 |       774.36 |                 17.46 |                    5.00 |    177 |    39.0478 |
|        1 |        485 |           763.20 |       759.67 |       768.70 |                 11.10 |                    5.00 |    177 |    39.0992 |
|        1 |        486 |           763.20 |       759.67 |       767.05 |                 11.05 |                    5.00 |    177 |    39.1803 |
|        1 |        487 |           763.20 |       759.67 |       768.62 |                 12.04 |                    5.00 |    177 |    39.2383 |
|        1 |        488 |           763.20 |       759.67 |       767.28 |                 11.29 |                    5.00 |    177 |    39.3145 |
|        1 |        489 |           763.20 |       759.67 |       769.08 |                  9.59 |                    5.00 |    177 |    39.3555 |
|        1 |        490 |           763.20 |       759.67 |       773.81 |                 10.68 |                    5.00 |    177 |    39.4060 |
|        1 |        491 |           763.20 |       759.67 |       768.25 |                 11.94 |                    5.00 |    177 |    39.5348 |
|        1 |        492 |           763.20 |       759.67 |       766.16 |                 10.65 |                    5.00 |    177 |    39.6103 |
|        1 |        493 |           763.20 |       759.67 |       766.66 |                 11.04 |                    5.00 |    177 |    39.6676 |
|        1 |        494 |           763.20 |       759.67 |       768.40 |                 11.01 |                    5.00 |    177 |    39.7180 |
|        1 |        495 |           763.20 |       759.67 |       769.30 |                 10.44 |                    5.00 |    177 |    39.7691 |
|        1 |        496 |           763.20 |       759.67 |       766.84 |                 11.27 |                    5.00 |    177 |    39.8327 |
|        1 |        497 |           763.20 |       759.67 |       768.96 |                 11.08 |                    5.00 |    177 |    39.9377 |
|        1 |        498 |           763.20 |       759.67 |       763.50 |                 11.96 |                    5.00 |    177 |    39.9948 |
------------------------------------------------------------------------------------------------------------------------------------------------
|  Restart |  Iteration |  Best Feas. Cost |    Best Cost |   Curr. Cost |   Penalty Custom Res. |   Penalty Standard Res. |   Pool |   Time (s) |
------------------------------------------------------------------------------------------------------------------------------------------------
|        1 |        499 |           763.20 |       759.67 |       763.50 |                  8.15 |                    5.00 |    177 |    40.0369 |
|        1 |        500 |           763.20 |       757.58 |       757.58 |                 12.02 |                    5.00 |    177 |    40.0701 |
------------------------------------------------------------------------------------------------------------------------------------------------
Version identifier: 22.1.2.0 | 2024-11-26 | 0edbb82fd
CPXPARAM_MIP_Tolerances_UpperCutoff              763.29999999998677
Tried aggregator 1 time.
MIP Presolve eliminated 57 rows and 58 columns.
MIP Presolve modified 320 coefficients.
Reduced MIP has 44 rows, 119 columns, and 773 nonzeros.
Reduced MIP has 119 binaries, 0 generals, 0 SOSs, and 0 indicators.
Presolve time = 0.00 sec. (2.04 ticks)
Probing fixed 1 vars, tightened 0 bounds.
Probing time = 0.00 sec. (0.59 ticks)
Tried aggregator 1 time.
Detecting symmetries...
MIP Presolve eliminated 7 rows and 7 columns.
MIP Presolve modified 55 coefficients.
Reduced MIP has 37 rows, 112 columns, and 641 nonzeros.
Reduced MIP has 112 binaries, 0 generals, 0 SOSs, and 0 indicators.
Presolve time = 0.00 sec. (1.06 ticks)
Probing time = 0.00 sec. (0.47 ticks)
Clique table members: 229.
MIP emphasis: balance optimality and feasibility.
MIP search method: dynamic search.
Parallel mode: deterministic, using up to 8 threads.
Root relaxation solution time = 0.00 sec. (0.19 ticks)

        Nodes                                         Cuts/
   Node  Left     Objective  IInf  Best Integer    Best Bound    ItCnt     Gap

*     0     0      integral     0      763.2000      763.2000       40    0.00%
Elapsed time = 0.01 sec. (5.23 ticks, tree = 0.00 MB, solutions = 1)
objective_value(sp) = 763.1999999999999
 43.547813 seconds (6.85 M allocations: 341.702 MiB, 0.16% gc time, 8.96% compilation time)
#1: 0 (0.0) {290.0} -> 63 (50.0) {304.1} [14.0, 360.0] -> 62 (70.0) {399.1} [18.0, 474.0] -> 74 (120.0) {492.1} [87.0, 498.0] -> 72 (130.0) {587.1} [131.0, 644.0] -> 69 (140.0) {686.5} [534.0, 985.0] -> 0 (140.0) {792.3} [0.0, 3390.0]
#2: 0 (0.0) {171.0} -> 5 (10.0) {186.1} [15.0, 208.0] -> 75 (30.0) {279.1} [49.0, 346.0] -> 2 (60.0) {374.1} [157.0, 428.0] -> 1 (70.0) {472.7} [302.0, 479.0] -> 99 (80.0) {568.5} [379.0, 594.0] -> 89 (90.0) {1275.0} [1275.0, 1594.0] -> 91 (100.0) {1440.0} [1440.0, 1621.0] -> 90 (110.0) {2789.0} [2789.0, 3279.0] -> 0 (110.0) {2899.6} [0.0, 3390.0]
#3: 0 (0.0) {609.0} -> 100 (20.0) {647.0} [477.0, 686.0] -> 97 (50.0) {742.0} [537.0, 816.0] -> 92 (70.0) {839.0} [646.0, 901.0] -> 94 (80.0) {932.6} [708.0, 1027.0] -> 95 (110.0) {1026.2} [852.0, 1069.0] -> 98 (130.0) {1122.6} [948.0, 1167.0] -> 7 (150.0) {1217.6} [1059.0, 1246.0] -> 3 (160.0) {1311.7} [1138.0, 1355.0] -> 4 (170.0) {1405.3} [1247.0, 1434.0] -> 88 (200.0) {1503.1} [1482.0, 1769.0] -> 86 (210.0) {1710.0} [1710.0, 1921.0] -> 84 (230.0) {1805.0} [1617.0, 1824.0] -> 83 (240.0) {1898.6} [1751.0, 2072.0] -> 82 (260.0) {1991.6} [1894.0, 2115.0] -> 85 (290.0) {2095.8} [1969.0, 2248.0] -> 76 (300.0) {2197.5} [2106.0, 2315.0] -> 71 (320.0) {2292.5} [2192.0, 2419.0] -> 70 (350.0) {2387.5} [2119.0, 2682.0] -> 73 (360.0) {2480.5} [2169.0, 2818.0] -> 80 (370.0) {2579.1} [2369.0, 2816.0] -> 79 (380.0) {2674.4} [2505.0, 2870.0] -> 81 (410.0) {2769.7} [2563.0, 3002.0] -> 78 (430.0) {2868.3} [2599.0, 3164.0] -> 77 (440.0) {2966.1} [2701.0, 3258.0] -> 87 (460.0) {3064.1} [2976.0, 3275.0] -> 96 (470.0) {3160.4} [2713.0, 3275.0] -> 0 (470.0) {3274.5} [0.0, 3390.0]
#4: 0 (0.0) {597.0} -> 66 (10.0) {613.5} [393.0, 942.0] -> 61 (20.0) {709.3} [223.0, 738.0] -> 64 (30.0) {801.3} [246.0, 899.0] -> 68 (40.0) {897.3} [641.0, 1070.0] -> 65 (50.0) {992.6} [704.0, 1197.0] -> 49 (60.0) {1089.0} [812.0, 1281.0] -> 55 (70.0) {1186.8} [897.0, 1392.0] -> 54 (110.0) {1281.8} [998.0, 1481.0] -> 53 (130.0) {1377.1} [1078.0, 1593.0] -> 56 (160.0) {1471.1} [1083.0, 1776.0] -> 58 (190.0) {1563.1} [1133.0, 1910.0] -> 60 (210.0) {1656.1} [1180.0, 2049.0] -> 59 (220.0) {1751.9} [1392.0, 2027.0] -> 57 (260.0) {1846.9} [1426.0, 2183.0] -> 40 (270.0) {1940.5} [1468.0, 2329.0] -> 44 (280.0) {2034.9} [1621.0, 2364.0] -> 46 (310.0) {2130.2} [1782.0, 2395.0] -> 45 (320.0) {2226.6} [1805.0, 2564.0] -> 51 (330.0) {2321.6} [1883.0, 2676.0] -> 50 (340.0) {2413.8} [1842.0, 2901.0] -> 52 (350.0) {2506.9} [2070.0, 2859.0] -> 47 (360.0) {2601.9} [2242.0, 2877.0] -> 42 (380.0) {2696.1} [2421.0, 3070.0] -> 41 (390.0) {2788.1} [2480.0, 3195.0] -> 43 (400.0) {2881.7} [2368.0, 2937.0] -> 48 (410.0) {2977.5} [2605.0, 3266.0] -> 0 (410.0) {3078.2} [0.0, 3390.0]
#5: 0 (0.0) {352.0} -> 24 (10.0) {367.0} [15.0, 532.0] -> 29 (20.0) {462.0} [20.0, 948.0] -> 27 (30.0) {555.6} [17.0, 602.0] -> 22 (50.0) {650.6} [12.0, 752.0] -> 20 (60.0) {743.4} [10.0, 963.0] -> 0 (60.0) {843.4} [0.0, 3390.0]
#6: 0 (0.0) {182.0} -> 93 (40.0) {190.2} [8.0, 258.0] -> 67 (50.0) {298.8} [12.0, 424.0] -> 0 (50.0) {401.0} [0.0, 3390.0]
#7: 0 (0.0) {603.0} -> 30 (10.0) {623.6} [63.0, 702.0] -> 6 (30.0) {727.2} [209.0, 944.0] -> 32 (60.0) {823.5} [336.0, 1009.0] -> 33 (100.0) {915.5} [234.0, 1295.0] -> 31 (120.0) {1010.8} [309.0, 1412.0] -> 35 (130.0) {1105.8} [377.0, 1534.0] -> 37 (150.0) {1201.6} [494.0, 1607.0] -> 38 (180.0) {1293.6} [637.0, 1648.0] -> 39 (200.0) {1388.6} [834.0, 1641.0] -> 36 (210.0) {1483.6} [819.0, 1846.0] -> 34 (230.0) {1576.6} [954.0, 1897.0] -> 28 (250.0) {1677.3} [1010.0, 2043.0] -> 26 (260.0) {1775.3} [1036.0, 2213.0] -> 23 (270.0) {1872.5} [1316.0, 2129.0] -> 17 (290.0) {1972.3} [1895.0, 2886.0] -> 18 (310.0) {2065.3} [1299.0, 2344.0] -> 19 (320.0) {2160.3} [1461.0, 2372.0] -> 16 (360.0) {2257.3} [1512.0, 2515.0] -> 14 (370.0) {2349.3} [1586.0, 2625.0] -> 12 (390.0) {2442.3} [1772.0, 2625.0] -> 15 (430.0) {2539.3} [1858.0, 2733.0] -> 13 (460.0) {2634.6} [2135.0, 2834.0] -> 25 (500.0) {2733.6} [2177.0, 2990.0] -> 9 (510.0) {2830.8} [2090.0, 3271.0] -> 11 (520.0) {2927.8} [2428.0, 3127.0] -> 10 (530.0) {3020.8} [2311.0, 3283.0] -> 8 (550.0) {3116.8} [2035.0, 3288.0] -> 21 (570.0) {3212.4} [2062.0, 3288.0] -> 0 (570.0) {3314.0} [0.0, 3390.0]

Dist: 763.1999999999999. Cost: 763.1999999999999

Root node processing (before b&c):
  Real time             =    0.01 sec. (5.24 ticks)
Parallel b&c, 8 threads:
  Real time             =    0.00 sec. (0.00 ticks)
  Sync time (average)   =    0.00 sec.
  Wait time (average)   =    0.00 sec.
                          ------------
Total (root+branch&cut) =    0.01 sec. (5.24 ticks)
