Solving instance /mnt/c/Users/bruno.mattos/OneDrive - americanas s.a/Documentos/GitHub/GenericILS/TWRD/100/C208_100_015.vrptwrd...
------------------------------------------------------------------------------------------------------------------------------------------------
|  Restart |  Iteration |  Best Feas. Cost |    Best Cost |   Curr. Cost |   Penalty Custom Res. |   Penalty Standard Res. |   Pool |   Time (s) |
------------------------------------------------------------------------------------------------------------------------------------------------
|        1 |          1 |           770.60 |       770.60 |       788.20 |                 11.87 |                   10.11 |     11 |     0.2050 |
|        1 |          2 |           770.60 |       770.60 |       776.60 |                  5.36 |                    5.00 |     16 |     0.7099 |
|        1 |          0 |           708.60 |       708.60 |       708.60 |                  5.00 |                    5.00 |     22 |     0.8443 |
|        1 |          0 |           699.30 |       699.30 |       699.30 |                  5.00 |                    5.00 |     24 |     1.0131 |
|        1 |          0 |           697.50 |       697.50 |       697.50 |                  5.00 |                    5.00 |     26 |     1.0552 |
|        1 |          1 |           697.50 |       697.50 |       697.50 |                  5.00 |                    5.00 |     26 |     1.0978 |
|        1 |          2 |           697.50 |       697.50 |       697.50 |                  5.00 |                    5.00 |     26 |     1.1431 |
|        1 |          3 |           697.50 |       697.50 |       723.80 |                  5.00 |                    5.00 |     27 |     1.1809 |
|        1 |          4 |           697.50 |       697.50 |       723.80 |                  5.00 |                    5.00 |     27 |     1.2159 |
|        1 |          5 |           697.50 |       697.50 |       719.60 |                  5.00 |                    5.00 |     29 |     1.2670 |
|        1 |          6 |           697.50 |       697.50 |       719.60 |                  5.00 |                    5.00 |     29 |     1.3071 |
|        1 |          7 |           697.50 |       697.50 |       719.60 |                  5.00 |                    5.00 |     29 |     1.3474 |
|        1 |          8 |           697.50 |       697.50 |       719.60 |                  5.00 |                    5.00 |     29 |     1.3836 |
|        1 |          9 |           697.50 |       697.50 |       719.60 |                  5.00 |                    5.00 |     29 |     1.4186 |
|        1 |         10 |           697.50 |       697.50 |       718.50 |                  5.00 |                    5.00 |     30 |     1.5038 |
|        1 |         11 |           697.50 |       697.50 |       718.50 |                  5.00 |                    5.00 |     30 |     1.5607 |
|        1 |         12 |           697.50 |       697.50 |       718.50 |                  5.00 |                    5.00 |     30 |     1.6426 |
|        1 |         13 |           697.50 |       697.50 |       718.70 |                  5.00 |                    5.00 |     31 |     1.6894 |
|        1 |         14 |           697.50 |       697.50 |       718.70 |                  5.00 |                    5.00 |     31 |     1.7486 |
|        1 |         15 |           697.50 |       697.50 |       713.40 |                  5.00 |                    5.00 |     32 |     1.8212 |
|        1 |          0 |           692.40 |       692.40 |       692.40 |                  5.00 |                    5.00 |     32 |     1.9043 |
|        1 |          0 |           686.90 |       686.90 |       686.90 |                  5.00 |                    5.00 |     33 |     1.9751 |
|        1 |          1 |           686.90 |       686.90 |       686.90 |                  5.00 |                    5.00 |     33 |     2.0191 |
|        1 |          2 |           686.90 |       686.90 |       687.30 |                  5.00 |                    5.00 |     34 |     2.0660 |
|        1 |          3 |           686.90 |       686.90 |       687.30 |                  5.80 |                    5.00 |     34 |     2.1169 |
|        1 |          4 |           686.90 |       686.90 |       687.30 |                  5.86 |                    5.00 |     34 |     2.1653 |
|        1 |          5 |           686.90 |       686.90 |       687.30 |                  5.47 |                    5.00 |     34 |     2.2080 |
|        1 |          6 |           686.90 |       686.90 |       687.30 |                  5.00 |                    5.00 |     34 |     2.2517 |
|        1 |          7 |           686.90 |       686.90 |       687.30 |                  5.00 |                    5.00 |     34 |     2.2973 |
|        1 |          8 |           686.90 |       686.90 |       687.30 |                  5.00 |                    5.00 |     34 |     2.3603 |
|        1 |          9 |           686.90 |       686.90 |       687.30 |                  6.03 |                    5.00 |     34 |     2.4087 |
|        1 |         10 |           686.90 |       686.90 |       687.30 |                  5.00 |                    5.00 |     34 |     2.4678 |
|        1 |         11 |           686.90 |       686.90 |       687.30 |                  5.36 |                    5.00 |     34 |     2.5167 |
|        1 |         12 |           686.90 |       686.90 |       687.90 |                  5.00 |                    5.00 |     36 |     2.5749 |
|        1 |         13 |           686.90 |       686.90 |       689.00 |                  6.35 |                    5.00 |     37 |     2.6302 |
|        1 |         14 |           686.90 |       686.90 |       688.60 |                  5.00 |                    5.00 |     37 |     2.7237 |
|        1 |         15 |           686.90 |       680.40 |       680.40 |                  5.00 |                    5.00 |     38 |     2.7822 |
|        1 |         16 |           686.90 |       680.40 |       680.40 |                  5.14 |                    5.00 |     38 |     2.8277 |
|        1 |         17 |           686.90 |       680.40 |       680.40 |                  5.19 |                    5.00 |     38 |     2.9008 |
|        1 |         18 |           686.90 |       680.40 |       680.40 |                  5.69 |                    5.00 |     38 |     2.9848 |
|        1 |          0 |           682.50 |       680.40 |       682.50 |                  5.00 |                    5.00 |     40 |     3.0284 |
|        1 |          1 |           682.50 |       680.40 |       682.50 |                  5.80 |                    5.00 |     40 |     3.0869 |
|        1 |          0 |           675.60 |       675.60 |       675.60 |                  5.00 |                    5.00 |     41 |     3.1967 |
|        1 |          1 |           675.60 |       675.60 |       675.60 |                  5.91 |                    5.00 |     41 |     3.2640 |
|        1 |          2 |           675.60 |       675.60 |       675.60 |                  5.00 |                    5.00 |     41 |     3.2919 |
|        1 |          3 |           675.60 |       675.60 |       681.10 |                  5.26 |                    5.00 |     41 |     3.3979 |
|        1 |          4 |           675.60 |       675.60 |       681.10 |                  5.00 |                    5.00 |     41 |     3.4561 |
|        1 |          5 |           675.60 |       675.60 |       681.10 |                  5.00 |                    5.00 |     41 |     3.5031 |
|        1 |          6 |           675.60 |       675.60 |       681.10 |                  5.00 |                    5.00 |     41 |     3.5495 |
|        1 |          7 |           675.60 |       675.60 |       681.10 |                  5.00 |                    5.00 |     41 |     3.6125 |
|        1 |          8 |           675.60 |       675.60 |       707.40 |                  5.00 |                    5.00 |     41 |     3.6579 |
|        1 |          9 |           675.60 |       675.60 |       712.25 |                  5.00 |                    5.00 |     41 |     3.7721 |
|        1 |         10 |           675.60 |       675.60 |       712.20 |                  5.00 |                    5.00 |     41 |     3.8246 |
|        1 |         11 |           675.60 |       675.60 |       712.20 |                  5.47 |                    5.00 |     41 |     3.8754 |
|        1 |         12 |           675.60 |       675.60 |       712.30 |                  5.00 |                    5.00 |     43 |     3.9257 |
|        1 |         13 |           675.60 |       675.60 |       712.20 |                  5.31 |                    5.00 |     43 |     3.9633 |
|        1 |         14 |           675.60 |       675.60 |       712.20 |                  5.47 |                    5.00 |     43 |     4.0792 |
|        1 |         15 |           675.60 |       675.60 |       712.20 |                  5.14 |                    5.00 |     43 |     4.1710 |
|        1 |         16 |           675.60 |       675.60 |       712.20 |                  5.26 |                    5.00 |     43 |     4.3079 |
|        1 |         17 |           675.60 |       675.60 |       712.30 |                  5.05 |                    5.00 |     43 |     4.3651 |
|        1 |         18 |           675.60 |       675.60 |       712.20 |                  5.26 |                    5.00 |     43 |     4.4180 |
|        1 |         19 |           675.60 |       675.60 |       710.60 |                  5.00 |                    5.00 |     43 |     4.5116 |
|        1 |         20 |           675.60 |       675.60 |       710.60 |                  5.00 |                    5.00 |     43 |     4.5547 |
|        1 |         21 |           675.60 |       675.60 |       710.60 |                  5.00 |                    5.00 |     43 |     4.5989 |
|        1 |         22 |           675.60 |       675.60 |       710.60 |                  5.00 |                    5.00 |     43 |     4.6355 |
|        1 |         23 |           675.60 |       675.60 |       710.60 |                  5.00 |                    5.00 |     43 |     4.6866 |
|        1 |         24 |           675.60 |       675.60 |       714.30 |                  5.00 |                    5.00 |     46 |     4.7377 |
|        1 |         25 |           675.60 |       675.60 |       688.10 |                  5.00 |                    5.00 |     48 |     4.8200 |
|        1 |         26 |           675.60 |       675.60 |       681.10 |                  5.00 |                    5.00 |     48 |     4.8990 |
|        1 |         27 |           675.60 |       675.60 |       681.10 |                  5.00 |                    5.00 |     48 |     4.9559 |
|        1 |         28 |           675.60 |       675.60 |       681.10 |                  5.00 |                    5.00 |     48 |     4.9892 |
|        1 |         29 |           675.60 |       675.60 |       702.10 |                  5.00 |                    5.00 |     48 |     5.0746 |
|        1 |         30 |           675.60 |       675.60 |       675.60 |                  5.00 |                    5.00 |     48 |     5.1255 |
|        1 |         31 |           675.60 |       675.60 |       675.60 |                  5.00 |                    5.00 |     48 |     5.1885 |
|        1 |         32 |           675.60 |       675.60 |       680.40 |                  5.30 |                    5.00 |     48 |     5.2989 |
|        1 |         33 |           675.60 |       675.60 |       680.40 |                  5.36 |                    5.00 |     48 |     5.3766 |
|        1 |         34 |           675.60 |       675.60 |       680.40 |                  5.26 |                    5.00 |     48 |     5.4617 |
|        1 |         35 |           675.60 |       675.60 |       680.50 |                  5.30 |                    5.00 |     48 |     5.5185 |
|        1 |         36 |           675.60 |       675.60 |       680.40 |                  5.00 |                    5.00 |     48 |     5.6046 |
|        1 |         37 |           675.60 |       675.60 |       680.45 |                  5.00 |                    5.00 |     48 |     5.6544 |
|        1 |         38 |           675.60 |       675.60 |       680.40 |                  5.00 |                    5.00 |     48 |     5.7476 |
|        1 |         39 |           675.60 |       675.60 |       680.40 |                  5.00 |                    5.00 |     48 |     5.8434 |
|        1 |         40 |           675.60 |       675.60 |       685.94 |                  5.00 |                    5.00 |     48 |     5.9293 |
|        1 |         41 |           675.60 |       675.60 |       680.80 |                  5.00 |                    5.00 |     48 |     6.0033 |
|        1 |         42 |           675.60 |       675.60 |       680.40 |                  5.00 |                    5.00 |     48 |     6.0469 |
|        1 |         43 |           675.60 |       675.60 |       682.50 |                  5.00 |                    5.00 |     48 |     6.0927 |
|        1 |         44 |           675.60 |       675.60 |       682.50 |                  5.00 |                    5.00 |     48 |     6.1452 |
|        1 |         45 |           675.60 |       675.60 |       680.45 |                  5.31 |                    5.00 |     48 |     6.2144 |
|        1 |         46 |           675.60 |       675.60 |       680.40 |                  5.10 |                    5.00 |     48 |     6.2776 |
|        1 |         47 |           675.60 |       675.60 |       680.40 |                  5.09 |                    5.00 |     48 |     6.3588 |
|        1 |         48 |           675.60 |       675.60 |       675.60 |                  5.00 |                    5.00 |     48 |     6.4581 |
|        1 |         49 |           675.60 |       675.60 |       675.60 |                  5.00 |                    5.00 |     48 |     6.5038 |
|        1 |         50 |           675.60 |       675.60 |       675.60 |                  5.00 |                    5.00 |     48 |     6.5443 |
|        1 |         51 |           675.60 |       675.60 |       675.60 |                  5.80 |                    5.00 |     48 |     6.5963 |
|        1 |         52 |           675.60 |       675.60 |       675.60 |                  5.00 |                    5.00 |     48 |     6.6381 |
|        1 |         53 |           675.60 |       675.60 |       675.60 |                  5.00 |                    5.00 |     48 |     6.6799 |
|        1 |         54 |           675.60 |       675.60 |       675.60 |                  5.00 |                    5.00 |     48 |     6.7326 |
|        1 |         55 |           675.60 |       675.60 |       675.60 |                  5.00 |                    5.00 |     48 |     6.7835 |
|        1 |         56 |           675.60 |       675.60 |       675.60 |                  5.26 |                    5.00 |     48 |     6.8346 |
|        1 |         57 |           675.60 |       675.60 |       675.60 |                  5.00 |                    5.00 |     48 |     6.8725 |
|        1 |         58 |           675.60 |       675.60 |       675.60 |                  5.00 |                    5.00 |     48 |     6.9123 |
|        1 |         59 |           675.60 |       675.60 |       675.60 |                  5.00 |                    5.00 |     48 |     6.9723 |
|        1 |         60 |           675.60 |       675.60 |       675.60 |                  5.00 |                    5.00 |     48 |     7.0038 |
|        1 |         61 |           675.60 |       675.60 |       675.60 |                  5.00 |                    5.00 |     48 |     7.0435 |
|        1 |         62 |           675.60 |       675.60 |       685.60 |                  7.59 |                    5.00 |     49 |     7.0888 |
|        1 |         63 |           675.60 |       675.60 |       675.60 |                  5.76 |                    5.00 |     49 |     7.1593 |
|        1 |         64 |           675.60 |       675.60 |       675.60 |                  5.00 |                    5.00 |     49 |     7.2200 |
|        1 |         65 |           675.60 |       675.60 |       683.64 |                  5.00 |                    5.00 |     50 |     7.2995 |
|        1 |         66 |           675.60 |       675.60 |       678.80 |                  5.00 |                    5.00 |     50 |     7.3828 |
|        1 |         67 |           675.60 |       675.60 |       675.60 |                  5.00 |                    5.00 |     50 |     7.4383 |
|        1 |         68 |           675.60 |       675.60 |       675.60 |                  5.00 |                    5.00 |     50 |     7.4766 |
|        1 |         69 |           675.60 |       675.60 |       675.60 |                  5.00 |                    5.00 |     50 |     7.5206 |
|        1 |         70 |           675.60 |       675.60 |       680.40 |                  5.25 |                    5.00 |     50 |     7.5732 |
|        1 |         71 |           675.60 |       675.60 |       680.40 |                  5.30 |                    5.00 |     50 |     7.6364 |
|        1 |         72 |           675.60 |       675.60 |       680.40 |                  5.00 |                    5.00 |     50 |     7.6961 |
|        1 |         73 |           675.60 |       675.60 |       680.40 |                  5.00 |                    5.00 |     50 |     7.7359 |
|        1 |         74 |           675.60 |       675.60 |       680.80 |                  5.00 |                    5.00 |     50 |     7.7907 |
|        1 |         75 |           675.60 |       675.60 |       680.80 |                  5.00 |                    5.00 |     50 |     7.8411 |
|        1 |         76 |           675.60 |       675.60 |       678.80 |                  5.00 |                    5.00 |     50 |     8.0039 |
|        1 |         77 |           675.60 |       675.60 |       675.60 |                  5.00 |                    5.00 |     50 |     8.0501 |
|        1 |         78 |           675.60 |       675.60 |       675.60 |                  5.00 |                    5.00 |     50 |     8.0985 |
|        1 |         79 |           675.60 |       675.60 |       675.60 |                  5.00 |                    5.00 |     50 |     8.1341 |
|        1 |         80 |           675.60 |       675.60 |       707.40 |                  5.00 |                    5.00 |     50 |     8.1853 |
|        1 |         81 |           675.60 |       675.60 |       707.40 |                  5.00 |                    5.00 |     50 |     8.2276 |
|        1 |         82 |           675.60 |       675.60 |       707.40 |                  5.00 |                    5.00 |     50 |     8.2668 |
|        1 |         83 |           675.60 |       675.60 |       707.40 |                  5.31 |                    5.00 |     50 |     8.3118 |
|        1 |         84 |           675.60 |       675.60 |       707.40 |                  5.00 |                    5.00 |     50 |     8.3506 |
|        1 |         85 |           675.60 |       675.60 |       704.00 |                  5.00 |                    5.00 |     51 |     8.3947 |
|        1 |         86 |           675.60 |       675.60 |       704.00 |                  5.00 |                    5.00 |     51 |     8.4346 |
|        1 |         87 |           675.60 |       675.60 |       707.40 |                  5.20 |                    5.00 |     51 |     8.5025 |
|        1 |         88 |           675.60 |       675.60 |       683.30 |                  5.00 |                    5.00 |     51 |     8.5722 |
|        1 |         89 |           675.60 |       675.60 |       681.10 |                  5.00 |                    5.00 |     51 |     8.6351 |
|        1 |         90 |           675.60 |       675.60 |       681.10 |                  5.00 |                    5.00 |     51 |     8.6605 |
|        1 |         91 |           675.60 |       675.60 |       681.10 |                  5.00 |                    5.00 |     51 |     8.7071 |
|        1 |         92 |           675.60 |       675.60 |       685.90 |                  5.10 |                    5.00 |     51 |     8.7702 |
|        1 |         93 |           675.60 |       675.60 |       685.94 |                  5.00 |                    5.00 |     51 |     8.8229 |
|        1 |         94 |           675.60 |       675.60 |       685.90 |                  5.26 |                    5.00 |     51 |     8.8839 |
|        1 |         95 |           675.60 |       675.60 |       686.00 |                  5.00 |                    5.00 |     51 |     8.9278 |
|        1 |         96 |           675.60 |       675.60 |       685.90 |                  5.46 |                    5.00 |     51 |     8.9730 |
|        1 |         97 |           675.60 |       675.60 |       685.99 |                  5.00 |                    5.00 |     51 |     9.0373 |
|        1 |         98 |           675.60 |       675.60 |       680.40 |                  5.00 |                    5.00 |     51 |     9.1368 |
|        1 |         99 |           675.60 |       675.60 |       680.40 |                  5.62 |                    5.00 |     51 |     9.1852 |
|        1 |        100 |           675.60 |       675.60 |       680.40 |                  5.00 |                    5.00 |     51 |     9.2629 |
|        1 |        101 |           675.60 |       675.60 |       680.50 |                  5.00 |                    5.00 |     51 |     9.3056 |
|        1 |        102 |           675.60 |       675.60 |       680.40 |                  5.19 |                    5.00 |     51 |     9.3752 |
|        1 |        103 |           675.60 |       675.60 |       680.40 |                  5.26 |                    5.00 |     51 |     9.4571 |
|        1 |        104 |           675.60 |       675.60 |       680.40 |                  5.30 |                    5.00 |     51 |     9.5177 |
|        1 |        105 |           675.60 |       675.60 |       680.40 |                  5.26 |                    5.00 |     51 |     9.5632 |
|        1 |        106 |           675.60 |       675.60 |       680.45 |                  5.00 |                    5.00 |     51 |     9.6169 |
|        1 |        107 |           675.60 |       675.60 |       719.15 |                  5.00 |                    5.00 |     51 |     9.6782 |
|        1 |        108 |           675.60 |       675.60 |       683.30 |                  5.00 |                    5.00 |     51 |     9.7415 |
|        1 |        109 |           675.60 |       675.60 |       683.30 |                  5.00 |                    5.00 |     51 |     9.7944 |
|        1 |        110 |           675.60 |       675.60 |       683.30 |                  5.00 |                    5.00 |     51 |     9.8296 |
|        1 |        111 |           675.60 |       675.60 |       681.10 |                  5.00 |                    5.00 |     51 |     9.8672 |
|        1 |        112 |           675.60 |       675.60 |       707.40 |                  5.00 |                    5.00 |     51 |     9.9573 |
|        1 |        113 |           675.60 |       675.60 |       707.40 |                  5.00 |                    5.00 |     51 |    10.0218 |
|        1 |        114 |           675.60 |       675.60 |       707.40 |                  5.00 |                    5.00 |     51 |    10.0598 |
|        1 |        115 |           675.60 |       675.60 |       700.60 |                  5.00 |                    5.00 |     52 |    10.1315 |
|        1 |        116 |           675.60 |       675.60 |       700.60 |                  5.00 |                    5.00 |     52 |    10.1712 |
|        1 |        117 |           675.60 |       675.60 |       707.40 |                  5.26 |                    5.00 |     52 |    10.2346 |
|        1 |        118 |           675.60 |       675.60 |       707.40 |                  5.00 |                    5.00 |     52 |    10.2808 |
|        1 |        119 |           675.60 |       675.60 |       707.40 |                  5.00 |                    5.00 |     52 |    10.3146 |
|        1 |        120 |           675.60 |       675.60 |       707.40 |                  5.15 |                    5.00 |     52 |    10.3720 |
|        1 |        121 |           675.60 |       675.60 |       707.40 |                  5.00 |                    5.00 |     52 |    10.4244 |
|        1 |        122 |           675.60 |       675.60 |       701.50 |                  5.00 |                    5.00 |     56 |    10.4766 |
|        1 |        123 |           675.60 |       675.60 |       684.60 |                  5.09 |                    5.00 |     58 |    10.5481 |
|        1 |        124 |           675.60 |       675.60 |       678.80 |                  5.00 |                    5.00 |     58 |    10.6088 |
|        1 |        125 |           675.60 |       675.60 |       678.80 |                  5.00 |                    5.00 |     58 |    10.6385 |
|        1 |        126 |           675.60 |       675.60 |       678.80 |                  5.00 |                    5.00 |     58 |    10.6646 |
|        1 |        127 |           675.60 |       675.60 |       675.60 |                  5.00 |                    5.00 |     58 |    10.7303 |
|        1 |        128 |           675.60 |       675.60 |       682.00 |                  6.61 |                    5.00 |     60 |    10.7842 |
|        1 |        129 |           675.60 |       675.60 |       675.60 |                  5.00 |                    5.00 |     60 |    10.8747 |
|        1 |        130 |           675.60 |       675.60 |       675.60 |                  5.00 |                    5.00 |     60 |    10.9166 |
|        1 |        131 |           675.60 |       675.60 |       675.60 |                  5.00 |                    5.00 |     60 |    10.9697 |
|        1 |        132 |           675.60 |       675.60 |       675.60 |                  5.00 |                    5.00 |     60 |    11.0098 |
|        1 |        133 |           675.60 |       675.60 |       675.60 |                  5.00 |                    5.00 |     60 |    11.0658 |
|        1 |        134 |           675.60 |       675.60 |       707.40 |                  5.00 |                    5.00 |     60 |    11.1078 |
|        1 |        135 |           675.60 |       675.60 |       707.40 |                  5.00 |                    5.00 |     60 |    11.1549 |
|        1 |        136 |           675.60 |       675.60 |       707.40 |                  5.00 |                    5.00 |     60 |    11.2003 |
|        1 |        137 |           675.60 |       675.60 |       707.40 |                  5.58 |                    5.00 |     60 |    11.2286 |
|        1 |        138 |           675.60 |       675.60 |       707.40 |                  5.00 |                    5.00 |     60 |    11.2645 |
|        1 |        139 |           675.60 |       675.60 |       707.40 |                  5.36 |                    5.00 |     60 |    11.3191 |
|        1 |        140 |           675.60 |       675.60 |       707.40 |                  5.00 |                    5.00 |     60 |    11.3843 |
|        1 |        141 |           675.60 |       675.60 |       714.30 |                  5.00 |                    5.00 |     60 |    11.4224 |
|        1 |        142 |           675.60 |       675.60 |       714.30 |                  5.00 |                    5.00 |     60 |    11.4629 |
|        1 |        143 |           675.60 |       675.60 |       697.20 |                  5.00 |                    5.00 |     63 |    11.5307 |
|        1 |        144 |           675.60 |       675.60 |       697.20 |                  5.00 |                    5.00 |     63 |    11.6053 |
|        1 |        145 |           675.60 |       675.60 |       697.20 |                  5.00 |                    5.00 |     63 |    11.6593 |
|        1 |        146 |           675.60 |       675.60 |       696.70 |                  5.00 |                    5.00 |     65 |    11.7026 |
|        1 |        147 |           675.60 |       675.60 |       696.70 |                  5.00 |                    5.00 |     65 |    11.7410 |
|        1 |        148 |           675.60 |       675.60 |       685.90 |                  5.00 |                    5.00 |     65 |    11.9234 |
|        1 |        149 |           675.60 |       675.60 |       685.90 |                  5.00 |                    5.00 |     65 |    11.9935 |
|        1 |        150 |           675.60 |       675.60 |       685.90 |                  5.00 |                    5.00 |     65 |    12.0666 |
|        1 |        151 |           675.60 |       675.60 |       685.90 |                  5.26 |                    5.00 |     65 |    12.1193 |
|        1 |        152 |           675.60 |       675.60 |       681.10 |                  5.00 |                    5.00 |     65 |    12.2119 |
|        1 |        153 |           675.60 |       675.60 |       685.90 |                  5.00 |                    5.00 |     65 |    12.3303 |
|        1 |        154 |           675.60 |       675.60 |       681.10 |                  5.00 |                    5.00 |     65 |    12.3955 |
|        1 |        155 |           675.60 |       675.60 |       681.10 |                  5.00 |                    5.00 |     65 |    12.4501 |
|        1 |        156 |           675.60 |       675.60 |       681.10 |                  5.00 |                    5.00 |     65 |    12.5047 |
|        1 |        157 |           675.60 |       675.60 |       681.10 |                  5.00 |                    5.00 |     65 |    12.5370 |
|        1 |        158 |           675.60 |       675.60 |       681.10 |                  5.00 |                    5.00 |     65 |    12.5774 |
|        1 |        159 |           675.60 |       675.60 |       681.10 |                  5.30 |                    5.00 |     65 |    12.6213 |
|        1 |        160 |           675.60 |       675.60 |       697.20 |                  5.00 |                    5.00 |     65 |    12.6764 |
|        1 |        161 |           675.60 |       675.60 |       697.20 |                  5.00 |                    5.00 |     65 |    12.7201 |
|        1 |        162 |           675.60 |       675.60 |       697.20 |                  5.00 |                    5.00 |     65 |    12.7561 |
|        1 |        163 |           675.60 |       675.60 |       696.90 |                  5.00 |                    5.00 |     66 |    12.8451 |
|        1 |        164 |           675.60 |       675.60 |       696.90 |                  5.00 |                    5.00 |     66 |    12.8882 |
|        1 |        165 |           675.60 |       675.60 |       696.90 |                  5.00 |                    5.00 |     66 |    12.9197 |
|        1 |        166 |           675.60 |       675.60 |       699.80 |                  5.00 |                    5.00 |     67 |    13.0199 |
|        1 |        167 |           675.60 |       675.60 |       699.50 |                  5.26 |                    5.00 |     69 |    13.0780 |
|        1 |        168 |           675.60 |       675.60 |       696.70 |                  5.26 |                    5.00 |     69 |    13.1395 |
|        1 |        169 |           675.60 |       675.60 |       696.70 |                  5.00 |                    5.00 |     69 |    13.1771 |
|        1 |        170 |           675.60 |       675.60 |       696.70 |                  5.00 |                    5.00 |     69 |    13.2190 |
|        1 |        171 |           675.60 |       675.60 |       696.70 |                  5.00 |                    5.00 |     69 |    13.2664 |
|        1 |        172 |           675.60 |       675.60 |       696.70 |                  5.00 |                    5.00 |     69 |    13.3047 |
|        1 |        173 |           675.60 |       675.60 |       696.70 |                  5.00 |                    5.00 |     69 |    13.3461 |
|        1 |        174 |           675.60 |       675.60 |       697.30 |                  5.00 |                    5.00 |     70 |    13.4078 |
|        1 |        175 |           675.60 |       675.60 |       712.29 |                  5.00 |                    5.00 |     70 |    13.5416 |
|        1 |        176 |           675.60 |       675.60 |       712.20 |                  5.30 |                    5.00 |     70 |    13.6042 |
|        1 |        177 |           675.60 |       675.60 |       700.30 |                  5.00 |                    5.00 |     71 |    13.6738 |
|        1 |        178 |           675.60 |       675.60 |       712.20 |                  5.10 |                    5.00 |     71 |    13.7557 |
|        1 |        179 |           675.60 |       675.60 |       712.20 |                  5.26 |                    5.00 |     71 |    13.7804 |
|        1 |        180 |           675.60 |       675.60 |       685.90 |                  5.00 |                    5.00 |     71 |    13.8863 |
|        1 |        181 |           675.60 |       675.60 |       715.40 |                  5.05 |                    5.00 |     71 |    13.9562 |
|        1 |        182 |           675.60 |       675.60 |       705.00 |                  5.00 |                    5.00 |     73 |    14.0692 |
|        1 |        183 |           675.60 |       675.60 |       697.20 |                  5.00 |                    5.00 |     75 |    14.1158 |
|        1 |        184 |           675.60 |       675.60 |       697.20 |                  5.00 |                    5.00 |     75 |    14.1642 |
|        1 |        185 |           675.60 |       675.60 |       699.70 |                  5.00 |                    5.00 |     76 |    14.2688 |
|        1 |        186 |           675.60 |       675.60 |       699.70 |                  5.00 |                    5.00 |     76 |    14.3016 |
|        1 |        187 |           675.60 |       675.60 |       699.70 |                  5.00 |                    5.00 |     76 |    14.3450 |
|        1 |        188 |           675.60 |       675.60 |       707.40 |                  5.00 |                    5.00 |     76 |    14.4779 |
|        1 |        189 |           675.60 |       675.60 |       707.40 |                  5.00 |                    5.00 |     76 |    14.5063 |
|        1 |        190 |           675.60 |       675.60 |       707.40 |                  5.00 |                    5.00 |     76 |    14.5278 |
|        1 |        191 |           675.60 |       675.60 |       675.60 |                  5.00 |                    5.00 |     76 |    14.5778 |
|        1 |        192 |           675.60 |       675.60 |       675.60 |                  5.00 |                    5.00 |     76 |    14.6102 |
|        1 |        193 |           675.60 |       675.60 |       675.60 |                  5.00 |                    5.00 |     76 |    14.6547 |
|        1 |        194 |           675.60 |       675.60 |       675.60 |                  5.00 |                    5.00 |     76 |    14.6968 |
|        1 |        195 |           675.60 |       675.60 |       675.60 |                  5.36 |                    5.00 |     76 |    14.7316 |
|        1 |        196 |           675.60 |       675.60 |       675.60 |                  5.26 |                    5.00 |     76 |    14.7737 |
|        1 |        197 |           675.60 |       675.60 |       675.60 |                  5.00 |                    5.00 |     76 |    14.8149 |
|        1 |        198 |           675.60 |       675.60 |       675.60 |                  5.00 |                    5.00 |     76 |    14.8446 |
|        1 |        199 |           675.60 |       675.60 |       675.60 |                  5.00 |                    5.00 |     76 |    14.8889 |
|        1 |        200 |           675.60 |       675.60 |       675.60 |                  5.09 |                    5.00 |     76 |    14.9531 |
|        1 |        201 |           675.60 |       675.60 |       675.60 |                  5.00 |                    5.00 |     76 |    15.0014 |
|        1 |        202 |           675.60 |       675.60 |       675.60 |                  5.00 |                    5.00 |     76 |    15.0624 |
|        1 |        203 |           675.60 |       675.60 |       680.40 |                  5.15 |                    5.00 |     76 |    15.1141 |
|        1 |        204 |           675.60 |       675.60 |       680.40 |                  5.15 |                    5.00 |     76 |    15.1533 |
|        1 |        205 |           675.60 |       675.60 |       680.40 |                  5.26 |                    5.00 |     76 |    15.1974 |
|        1 |        206 |           675.60 |       675.60 |       680.50 |                  7.08 |                    5.00 |     76 |    15.2395 |
|        1 |        207 |           675.60 |       675.60 |       675.60 |                  5.00 |                    5.00 |     76 |    15.3166 |
|        1 |        208 |           675.60 |       675.60 |       675.60 |                  5.00 |                    5.00 |     76 |    15.3750 |
|        1 |        209 |           675.60 |       675.60 |       675.60 |                  5.00 |                    5.00 |     76 |    15.4323 |
|        1 |        210 |           675.60 |       675.60 |       675.60 |                  5.00 |                    5.00 |     76 |    15.4755 |
|        1 |        211 |           675.60 |       675.60 |       675.60 |                  5.00 |                    5.00 |     76 |    15.5174 |
|        1 |        212 |           675.60 |       675.60 |       675.60 |                  5.00 |                    5.00 |     76 |    15.5500 |
|        1 |        213 |           675.60 |       675.60 |       675.60 |                  5.00 |                    5.00 |     76 |    15.5853 |
|        1 |        214 |           675.60 |       675.60 |       675.60 |                  5.00 |                    5.00 |     76 |    15.6722 |
|        1 |        215 |           675.60 |       675.60 |       675.60 |                  5.00 |                    5.00 |     76 |    15.7192 |
|        1 |        216 |           675.60 |       675.60 |       675.60 |                  5.41 |                    5.00 |     76 |    15.7615 |
|        1 |        217 |           675.60 |       675.60 |       675.60 |                  5.00 |                    5.00 |     76 |    15.8040 |
|        1 |        218 |           675.60 |       675.60 |       675.60 |                  5.00 |                    5.00 |     76 |    15.8452 |
|        1 |        219 |           675.60 |       675.60 |       675.60 |                  5.20 |                    5.00 |     76 |    15.8980 |
|        1 |        220 |           675.60 |       675.60 |       680.40 |                  5.26 |                    5.00 |     76 |    15.9589 |
|        1 |        221 |           675.60 |       675.60 |       680.50 |                  7.15 |                    5.00 |     76 |    16.0072 |
|        1 |        222 |           675.60 |       675.60 |       680.44 |                  5.35 |                    5.00 |     76 |    16.1020 |
|        1 |        223 |           675.60 |       675.60 |       680.40 |                  5.35 |                    5.00 |     76 |    16.1724 |
|        1 |        224 |           675.60 |       675.60 |       680.40 |                  5.15 |                    5.00 |     76 |    16.2417 |
|        1 |        225 |           675.60 |       675.60 |       680.45 |                  7.07 |                    5.00 |     76 |    16.3150 |
|        1 |        226 |           675.60 |       675.60 |       680.45 |                  6.01 |                    5.00 |     76 |    16.3571 |
|        1 |        227 |           675.60 |       675.60 |       680.40 |                  5.00 |                    5.00 |     76 |    16.4333 |
|        1 |        228 |           675.60 |       675.60 |       680.40 |                  5.26 |                    5.00 |     76 |    16.4742 |
|        1 |        229 |           675.60 |       675.60 |       680.50 |                  5.26 |                    5.00 |     76 |    16.5327 |
|        1 |        230 |           675.60 |       675.60 |       712.20 |                  5.00 |                    5.00 |     76 |    16.5973 |
|        1 |        231 |           675.60 |       675.60 |       685.90 |                  5.36 |                    5.00 |     76 |    16.6710 |
|        1 |        232 |           675.60 |       675.60 |       685.90 |                  5.00 |                    5.00 |     76 |    16.7484 |
|        1 |        233 |           675.60 |       675.60 |       685.90 |                  5.26 |                    5.00 |     76 |    16.8037 |
|        1 |        234 |           675.60 |       675.60 |       685.90 |                  5.00 |                    5.00 |     76 |    16.8642 |
|        1 |        235 |           675.60 |       675.60 |       680.40 |                  5.31 |                    5.00 |     76 |    16.9736 |
|        1 |        236 |           675.60 |       675.60 |       680.45 |                  5.26 |                    5.00 |     76 |    17.0124 |
|        1 |        237 |           675.60 |       675.60 |       680.40 |                  5.04 |                    5.00 |     76 |    17.0830 |
|        1 |        238 |           675.60 |       675.60 |       680.49 |                  5.00 |                    5.00 |     76 |    17.1264 |
|        1 |        239 |           675.60 |       675.60 |       680.50 |                  6.28 |                    5.00 |     76 |    17.1770 |
|        1 |        240 |           675.60 |       675.60 |       680.40 |                  5.15 |                    5.00 |     76 |    17.2517 |
|        1 |        241 |           675.60 |       675.60 |       680.44 |                  5.09 |                    5.00 |     76 |    17.3021 |
|        1 |        242 |           675.60 |       675.60 |       675.60 |                  5.00 |                    5.00 |     76 |    17.3478 |
|        1 |        243 |           675.60 |       675.60 |       676.00 |                  5.00 |                    5.00 |     76 |    17.4049 |
|        1 |        244 |           675.60 |       675.60 |       680.40 |                  5.00 |                    5.00 |     76 |    17.5089 |
|        1 |        245 |           675.60 |       675.60 |       675.60 |                  5.00 |                    5.00 |     76 |    17.6092 |
|        1 |        246 |           675.60 |       675.60 |       675.60 |                  5.26 |                    5.00 |     76 |    17.6473 |
|        1 |        247 |           675.60 |       675.60 |       675.60 |                  5.00 |                    5.00 |     76 |    17.6854 |
|        1 |        248 |           675.60 |       675.60 |       682.50 |                  7.22 |                    5.00 |     76 |    17.7374 |
|        1 |        249 |           675.60 |       675.60 |       675.60 |                  5.15 |                    5.00 |     76 |    17.8073 |
|        1 |        250 |           675.60 |       675.60 |       675.60 |                  5.00 |                    5.00 |     76 |    17.8542 |
|        1 |        251 |           675.60 |       675.60 |       675.60 |                  5.92 |                    5.00 |     76 |    17.8870 |
|        1 |        252 |           675.60 |       675.60 |       675.60 |                  6.48 |                    5.00 |     76 |    17.9265 |
|        1 |        253 |           675.60 |       675.60 |       678.80 |                  5.75 |                    5.00 |     76 |    17.9724 |
|        1 |        254 |           675.60 |       675.60 |       675.60 |                  5.00 |                    5.00 |     76 |    18.0212 |
|        1 |        255 |           675.60 |       675.60 |       675.60 |                  5.63 |                    5.00 |     76 |    18.0566 |
|        1 |        256 |           675.60 |       675.60 |       675.60 |                  5.00 |                    5.00 |     76 |    18.1088 |
|        1 |        257 |           675.60 |       675.60 |       675.60 |                  5.00 |                    5.00 |     76 |    18.1339 |
|        1 |        258 |           675.60 |       675.60 |       675.60 |                  5.00 |                    5.00 |     76 |    18.1724 |
|        1 |        259 |           675.60 |       675.60 |       675.60 |                  5.00 |                    5.00 |     76 |    18.2086 |
|        1 |        260 |           675.60 |       675.60 |       675.60 |                  5.26 |                    5.00 |     76 |    18.2509 |
|        1 |        261 |           675.60 |       675.60 |       675.60 |                  5.30 |                    5.00 |     76 |    18.2944 |
|        1 |        262 |           675.60 |       675.60 |       675.60 |                  5.00 |                    5.00 |     76 |    18.3369 |
|        1 |        263 |           675.60 |       675.60 |       675.60 |                  7.59 |                    5.00 |     76 |    18.3767 |
|        1 |        264 |           675.60 |       675.60 |       675.60 |                  6.20 |                    5.00 |     76 |    18.4224 |
|        1 |        265 |           675.60 |       675.60 |       675.60 |                  5.00 |                    5.00 |     76 |    18.4691 |
|        1 |        266 |           675.60 |       675.60 |       675.60 |                  5.00 |                    5.00 |     76 |    18.5076 |
|        1 |        267 |           675.60 |       675.60 |       675.60 |                  5.00 |                    5.00 |     76 |    18.5513 |
|        1 |        268 |           675.60 |       675.60 |       675.60 |                  5.00 |                    5.00 |     76 |    18.6021 |
|        1 |        269 |           675.60 |       675.60 |       675.60 |                  5.00 |                    5.00 |     76 |    18.6402 |
|        1 |        270 |           675.60 |       675.60 |       675.60 |                  5.00 |                    5.00 |     76 |    18.7053 |
|        1 |        271 |           675.60 |       675.60 |       675.60 |                  5.00 |                    5.00 |     76 |    18.7638 |
|        1 |        272 |           675.60 |       675.60 |       675.60 |                  5.00 |                    5.00 |     76 |    18.8270 |
|        1 |        273 |           675.60 |       675.60 |       675.60 |                  5.00 |                    5.00 |     76 |    18.8585 |
|        1 |        274 |           675.60 |       675.60 |       675.60 |                  5.00 |                    5.00 |     76 |    18.9273 |
|        1 |        275 |           675.60 |       675.60 |       682.50 |                  5.00 |                    5.00 |     76 |    18.9706 |
|        1 |        276 |           675.60 |       675.60 |       680.40 |                  5.10 |                    5.00 |     76 |    19.0308 |
|        1 |        277 |           675.60 |       675.60 |       680.40 |                  5.15 |                    5.00 |     76 |    19.0793 |
|        1 |        278 |           675.60 |       675.60 |       680.40 |                  5.00 |                    5.00 |     76 |    19.1740 |
|        1 |        279 |           675.60 |       675.60 |       680.40 |                  6.10 |                    5.00 |     76 |    19.2519 |
|        1 |        280 |           675.60 |       675.60 |       680.40 |                  6.47 |                    5.00 |     76 |    19.3151 |
|        1 |        281 |           675.60 |       675.60 |       675.60 |                  7.71 |                    5.00 |     76 |    19.3876 |
|        1 |        282 |           675.60 |       675.60 |       675.60 |                  5.00 |                    5.00 |     76 |    19.4420 |
|        1 |        283 |           675.60 |       675.60 |       675.60 |                  5.00 |                    5.00 |     76 |    19.4856 |
|        1 |        284 |           675.60 |       675.60 |       675.60 |                  5.00 |                    5.00 |     76 |    19.5235 |
|        1 |        285 |           675.60 |       675.60 |       675.60 |                  5.00 |                    5.00 |     76 |    19.5523 |
|        1 |        286 |           675.60 |       675.60 |       707.40 |                  5.00 |                    5.00 |     76 |    19.6081 |
|        1 |        287 |           675.60 |       675.60 |       707.40 |                  5.00 |                    5.00 |     76 |    19.6393 |
|        1 |        288 |           675.60 |       675.60 |       707.40 |                  5.26 |                    5.00 |     76 |    19.6875 |
|        1 |        289 |           675.60 |       675.60 |       705.80 |                  5.00 |                    5.00 |     78 |    19.7470 |
|        1 |        290 |           675.60 |       675.60 |       705.80 |                  5.00 |                    5.00 |     79 |    19.7865 |
|        1 |        291 |           675.60 |       675.60 |       705.80 |                  5.00 |                    5.00 |     79 |    19.8300 |
|        1 |        292 |           675.60 |       675.60 |       705.80 |                  5.00 |                    5.00 |     79 |    19.8737 |
|        1 |        293 |           675.60 |       675.60 |       705.80 |                  5.00 |                    5.00 |     79 |    19.9187 |
|        1 |        294 |           675.60 |       675.60 |       705.80 |                  5.00 |                    5.00 |     79 |    19.9546 |
|        1 |        295 |           675.60 |       675.60 |       705.80 |                  5.00 |                    5.00 |     79 |    19.9822 |
------------------------------------------------------------------------------------------------------------------------------------------------
|  Restart |  Iteration |  Best Feas. Cost |    Best Cost |   Curr. Cost |   Penalty Custom Res. |   Penalty Standard Res. |   Pool |   Time (s) |
------------------------------------------------------------------------------------------------------------------------------------------------
|        1 |        296 |           675.60 |       675.60 |       705.80 |                  5.00 |                    5.00 |     79 |    20.0340 |
|        1 |        297 |           675.60 |       675.60 |       705.80 |                  5.00 |                    5.00 |     79 |    20.0776 |
|        1 |        298 |           675.60 |       675.60 |       705.80 |                  5.00 |                    5.00 |     79 |    20.1123 |
|        1 |        299 |           675.60 |       675.60 |       705.80 |                  5.00 |                    5.00 |     79 |    20.1410 |
|        1 |        300 |           675.60 |       675.60 |       705.80 |                  5.00 |                    5.00 |     79 |    20.1867 |
|        1 |        301 |           675.60 |       675.60 |       705.80 |                  5.00 |                    5.00 |     79 |    20.2250 |
|        1 |        302 |           675.60 |       675.60 |       705.80 |                  5.00 |                    5.00 |     79 |    20.2630 |
|        1 |        303 |           675.60 |       675.60 |       705.80 |                  5.86 |                    5.00 |     79 |    20.3097 |
|        1 |        304 |           675.60 |       675.60 |       705.80 |                  5.00 |                    5.00 |     79 |    20.3488 |
|        1 |        305 |           675.60 |       675.60 |       705.80 |                  5.00 |                    5.00 |     79 |    20.3979 |
|        1 |        306 |           675.60 |       675.60 |       709.00 |                  5.00 |                    5.00 |     80 |    20.4528 |
|        1 |        307 |           675.60 |       675.60 |       709.00 |                  5.00 |                    5.00 |     80 |    20.5022 |
|        1 |        308 |           675.60 |       675.60 |       705.80 |                  5.00 |                    5.00 |     80 |    20.5397 |
|        1 |        309 |           675.60 |       675.60 |       709.00 |                  5.00 |                    5.00 |     80 |    20.5904 |
|        1 |        310 |           675.60 |       675.60 |       709.00 |                  5.00 |                    5.00 |     80 |    20.6449 |
|        1 |        311 |           675.60 |       675.60 |       705.80 |                  5.47 |                    5.00 |     80 |    20.6851 |
|        1 |        312 |           675.60 |       675.60 |       705.80 |                  5.63 |                    5.00 |     80 |    20.7382 |
|        1 |        313 |           675.60 |       675.60 |       705.80 |                  5.00 |                    5.00 |     80 |    20.7852 |
|        1 |        314 |           675.60 |       675.60 |       705.80 |                  5.00 |                    5.00 |     80 |    20.8138 |
|        1 |        315 |           675.60 |       675.60 |       705.80 |                  5.00 |                    5.00 |     80 |    20.8533 |
|        1 |        316 |           675.60 |       675.60 |       706.40 |                  5.00 |                    5.00 |     81 |    20.8962 |
|        1 |        317 |           675.60 |       675.60 |       705.80 |                  5.00 |                    5.00 |     81 |    20.9505 |
|        1 |        318 |           675.60 |       675.60 |       705.80 |                  5.00 |                    5.00 |     81 |    20.9819 |
|        1 |        319 |           675.60 |       675.60 |       705.80 |                  5.00 |                    5.00 |     81 |    21.0597 |
|        1 |        320 |           675.60 |       675.60 |       706.00 |                  5.00 |                    5.00 |     82 |    21.1031 |
|        1 |        321 |           675.60 |       675.60 |       705.80 |                  5.00 |                    5.00 |     82 |    21.1828 |
|        1 |        322 |           675.60 |       675.60 |       699.20 |                  5.09 |                    5.00 |     83 |    21.2586 |
|        1 |        323 |           675.60 |       675.60 |       699.70 |                  5.00 |                    5.00 |     83 |    21.3239 |
|        1 |        324 |           675.60 |       675.60 |       699.70 |                  5.00 |                    5.00 |     83 |    21.3603 |
|        1 |        325 |           675.60 |       675.60 |       697.20 |                  5.00 |                    5.00 |     83 |    21.4287 |
|        1 |        326 |           675.60 |       675.60 |       681.10 |                  5.00 |                    5.00 |     83 |    21.5957 |
|        1 |        327 |           675.60 |       675.60 |       681.10 |                  5.15 |                    5.00 |     83 |    21.6396 |
|        1 |        328 |           675.60 |       675.60 |       681.10 |                  5.00 |                    5.00 |     83 |    21.6758 |
|        1 |        329 |           675.60 |       675.60 |       707.40 |                  5.00 |                    5.00 |     83 |    21.7105 |
|        1 |        330 |           675.60 |       675.60 |       710.60 |                  5.00 |                    5.00 |     84 |    21.7554 |
|        1 |        331 |           675.60 |       675.60 |       707.40 |                  5.00 |                    5.00 |     84 |    21.8133 |
|        1 |        332 |           675.60 |       675.60 |       714.30 |                  5.00 |                    5.00 |     84 |    21.8609 |
|        1 |        333 |           675.60 |       675.60 |       685.90 |                  5.10 |                    5.00 |     84 |    21.9996 |
|        1 |        334 |           675.60 |       675.60 |       685.90 |                  5.26 |                    5.00 |     84 |    22.0572 |
|        1 |        335 |           675.60 |       675.60 |       685.90 |                  5.10 |                    5.00 |     84 |    22.1391 |
|        1 |        336 |           675.60 |       675.60 |       685.90 |                  5.36 |                    5.00 |     84 |    22.2034 |
|        1 |        337 |           675.60 |       675.60 |       682.20 |                  5.00 |                    5.00 |     85 |    22.2745 |
|        1 |        338 |           675.60 |       675.60 |       680.40 |                  5.69 |                    5.00 |     85 |    22.3265 |
|        1 |        339 |           675.60 |       675.60 |       680.40 |                  5.30 |                    5.00 |     85 |    22.4183 |
|        1 |        340 |           675.60 |       675.60 |       682.50 |                  5.00 |                    5.00 |     85 |    22.4486 |
|        1 |        341 |           675.60 |       675.60 |       680.40 |                  5.26 |                    5.00 |     85 |    22.5379 |
|        1 |        342 |           675.60 |       675.60 |       712.25 |                  5.00 |                    5.00 |     85 |    22.5882 |
|        1 |        343 |           675.60 |       675.60 |       712.20 |                  5.26 |                    5.00 |     85 |    22.6352 |
|        1 |        344 |           675.60 |       675.60 |       707.40 |                  5.00 |                    5.00 |     85 |    22.7213 |
|        1 |        345 |           675.60 |       675.60 |       707.40 |                  5.00 |                    5.00 |     85 |    22.7538 |
|        1 |        346 |           675.60 |       675.60 |       712.20 |                  5.04 |                    5.00 |     85 |    22.8240 |
|        1 |        347 |           675.60 |       675.60 |       707.40 |                  5.00 |                    5.00 |     85 |    22.9457 |
|        1 |        348 |           675.60 |       675.60 |       707.40 |                  5.00 |                    5.00 |     85 |    22.9876 |
|        1 |        349 |           675.60 |       675.60 |       707.40 |                  5.26 |                    5.00 |     85 |    23.0291 |
|        1 |        350 |           675.60 |       675.60 |       707.40 |                  5.00 |                    5.00 |     85 |    23.0583 |
|        1 |        351 |           675.60 |       675.60 |       707.40 |                  5.26 |                    5.00 |     85 |    23.1266 |
|        1 |        352 |           675.60 |       675.60 |       707.40 |                  5.00 |                    5.00 |     85 |    23.1676 |
|        1 |        353 |           675.60 |       675.60 |       707.40 |                  5.14 |                    5.00 |     85 |    23.2142 |
|        1 |        354 |           675.60 |       675.60 |       685.90 |                  5.00 |                    5.00 |     85 |    23.3062 |
|        1 |        355 |           675.60 |       675.60 |       680.85 |                  6.73 |                    5.00 |     85 |    23.3793 |
|        1 |        356 |           675.60 |       675.60 |       680.90 |                  5.00 |                    5.00 |     85 |    23.4177 |
|        1 |        357 |           675.60 |       675.60 |       680.40 |                  5.30 |                    5.00 |     85 |    23.4655 |
|        1 |        358 |           675.60 |       675.60 |       680.50 |                  5.04 |                    5.00 |     85 |    23.5180 |
|        1 |        359 |           675.60 |       675.60 |       676.00 |                  5.00 |                    5.00 |     85 |    23.5961 |
|        1 |        360 |           675.60 |       675.60 |       675.60 |                  5.00 |                    5.00 |     85 |    23.6802 |
|        1 |        361 |           675.60 |       675.60 |       675.60 |                  5.00 |                    5.00 |     85 |    23.7288 |
|        1 |        362 |           675.60 |       675.60 |       682.90 |                  5.00 |                    5.00 |     86 |    23.7735 |
|        1 |        363 |           675.60 |       675.60 |       682.90 |                  5.00 |                    5.00 |     86 |    23.8066 |
|        1 |        364 |           675.60 |       675.60 |       689.80 |                  5.00 |                    5.00 |     86 |    23.8339 |
|        1 |        365 |           675.60 |       675.60 |       716.60 |                  5.00 |                    5.00 |     88 |    23.8687 |
|        1 |        366 |           675.60 |       675.60 |       716.60 |                  5.00 |                    5.00 |     88 |    23.8984 |
|        1 |        367 |           675.60 |       675.60 |       716.60 |                  5.00 |                    5.00 |     88 |    23.9296 |
|        1 |        368 |           675.60 |       675.60 |       716.60 |                  5.00 |                    5.00 |     88 |    23.9665 |
|        1 |        369 |           675.60 |       675.60 |       716.60 |                  5.00 |                    5.00 |     88 |    24.0249 |
|        1 |        370 |           675.60 |       675.60 |       687.70 |                  5.00 |                    5.00 |     88 |    24.0817 |
|        1 |        371 |           675.60 |       675.60 |       689.80 |                  5.19 |                    5.00 |     88 |    24.1486 |
|        1 |        372 |           675.60 |       675.60 |       687.70 |                  5.00 |                    5.00 |     88 |    24.1938 |
|        1 |        373 |           675.60 |       675.60 |       687.70 |                  5.00 |                    5.00 |     88 |    24.2732 |
|        1 |        374 |           675.60 |       675.60 |       680.80 |                  5.36 |                    5.00 |     88 |    24.3344 |
|        1 |        375 |           675.60 |       675.60 |       680.40 |                  5.52 |                    5.00 |     88 |    24.4165 |
|        1 |        376 |           675.60 |       675.60 |       680.40 |                  5.68 |                    5.00 |     88 |    24.4760 |
|        1 |        377 |           675.60 |       675.60 |       680.40 |                  5.00 |                    5.00 |     88 |    24.5332 |
|        1 |        378 |           675.60 |       675.60 |       680.45 |                  5.30 |                    5.00 |     88 |    24.5790 |
|        1 |        379 |           675.60 |       675.60 |       680.50 |                  5.07 |                    5.00 |     88 |    24.6347 |
|        1 |        380 |           675.60 |       675.60 |       682.20 |                  5.00 |                    5.00 |     88 |    24.6831 |
|        1 |        381 |           675.60 |       675.60 |       682.20 |                  6.16 |                    5.00 |     88 |    24.7381 |
|        1 |        382 |           675.60 |       675.60 |       682.20 |                  5.00 |                    5.00 |     88 |    24.7839 |
|        1 |        383 |           675.60 |       675.60 |       682.20 |                  5.00 |                    5.00 |     88 |    24.8313 |
|        1 |        384 |           675.60 |       675.60 |       682.20 |                  5.63 |                    5.00 |     88 |    24.8741 |
|        1 |        385 |           675.60 |       675.60 |       680.40 |                  5.00 |                    5.00 |     88 |    24.9457 |
|        1 |        386 |           675.60 |       675.60 |       680.40 |                  5.30 |                    5.00 |     88 |    25.0226 |
|        1 |        387 |           675.60 |       675.60 |       680.40 |                  5.04 |                    5.00 |     88 |    25.0694 |
|        1 |        388 |           675.60 |       675.60 |       705.39 |                  5.26 |                    5.00 |     89 |    25.1136 |
|        1 |        389 |           675.60 |       675.60 |       680.40 |                  5.00 |                    5.00 |     89 |    25.1631 |
|        1 |        390 |           675.60 |       675.60 |       680.40 |                  5.36 |                    5.00 |     89 |    25.2345 |
|        1 |        391 |           675.60 |       675.60 |       680.40 |                  5.31 |                    5.00 |     89 |    25.2642 |
|        1 |        392 |           675.60 |       675.60 |       680.50 |                  5.00 |                    5.00 |     89 |    25.3530 |
|        1 |        393 |           675.60 |       675.60 |       680.40 |                  6.54 |                    5.00 |     89 |    25.4507 |
|        1 |        394 |           675.60 |       675.60 |       680.40 |                  5.26 |                    5.00 |     89 |    25.5186 |
|        1 |        395 |           675.60 |       675.60 |       680.40 |                  5.35 |                    5.00 |     89 |    25.6178 |
|        1 |        396 |           675.60 |       675.60 |       680.40 |                  5.26 |                    5.00 |     89 |    25.6813 |
|        1 |        397 |           675.60 |       675.60 |       680.40 |                  5.10 |                    5.00 |     89 |    25.7250 |
|        1 |        398 |           675.60 |       675.60 |       680.40 |                  6.54 |                    5.00 |     89 |    25.8532 |
|        1 |        399 |           675.60 |       675.60 |       680.40 |                  5.00 |                    5.00 |     89 |    25.9519 |
|        1 |        400 |           675.60 |       675.60 |       680.45 |                  5.14 |                    5.00 |     89 |    26.0082 |
|        1 |        401 |           675.60 |       675.60 |       680.40 |                  5.35 |                    5.00 |     89 |    26.0631 |
|        1 |        402 |           675.60 |       675.60 |       680.40 |                  5.20 |                    5.00 |     89 |    26.1219 |
|        1 |        403 |           675.60 |       675.60 |       682.50 |                  5.20 |                    5.00 |     89 |    26.1792 |
|        1 |        404 |           675.60 |       675.60 |       680.40 |                  5.00 |                    5.00 |     89 |    26.2257 |
|        1 |        405 |           675.60 |       675.60 |       682.50 |                  5.00 |                    5.00 |     89 |    26.3158 |
|        1 |        406 |           675.60 |       675.60 |       682.50 |                  5.00 |                    5.00 |     89 |    26.3537 |
|        1 |        407 |           675.60 |       675.60 |       682.50 |                  5.00 |                    5.00 |     89 |    26.3924 |
|        1 |        408 |           675.60 |       675.60 |       682.50 |                  5.00 |                    5.00 |     89 |    26.4618 |
|        1 |        409 |           675.60 |       675.60 |       682.50 |                  5.00 |                    5.00 |     89 |    26.5134 |
|        1 |        410 |           675.60 |       675.60 |       680.40 |                  5.30 |                    5.00 |     89 |    26.6180 |
|        1 |        411 |           675.60 |       675.60 |       682.50 |                  5.00 |                    5.00 |     89 |    26.6658 |
|        1 |        412 |           675.60 |       675.60 |       682.50 |                  5.00 |                    5.00 |     89 |    26.7057 |
|        1 |        413 |           675.60 |       675.60 |       680.40 |                  5.15 |                    5.00 |     89 |    26.7816 |
|        1 |        414 |           675.60 |       675.60 |       680.40 |                  5.00 |                    5.00 |     89 |    26.8533 |
|        1 |        415 |           675.60 |       675.60 |       675.60 |                  5.00 |                    5.00 |     89 |    26.9007 |
|        1 |        416 |           675.60 |       675.60 |       675.60 |                  5.00 |                    5.00 |     89 |    26.9375 |
|        1 |        417 |           675.60 |       675.60 |       675.60 |                  5.00 |                    5.00 |     89 |    26.9797 |
|        1 |        418 |           675.60 |       675.60 |       675.60 |                  5.00 |                    5.00 |     89 |    27.0229 |
|        1 |        419 |           675.60 |       675.60 |       675.60 |                  5.00 |                    5.00 |     89 |    27.0735 |
|        1 |        420 |           675.60 |       675.46 |       675.46 |                  7.66 |                    5.00 |     89 |    27.1367 |
|        1 |        421 |           675.60 |       675.46 |       675.46 |                  5.00 |                    5.00 |     89 |    27.1763 |
|        1 |        422 |           675.60 |       675.46 |       675.60 |                  5.00 |                    5.00 |     89 |    27.2726 |
|        1 |        423 |           675.60 |       675.46 |       687.70 |                  5.26 |                    5.00 |     89 |    27.3445 |
|        1 |        424 |           675.60 |       675.46 |       682.90 |                  5.00 |                    5.00 |     89 |    27.4147 |
|        1 |        425 |           675.60 |       675.46 |       682.90 |                  5.00 |                    5.00 |     89 |    27.4548 |
|        1 |        426 |           675.60 |       675.46 |       682.90 |                  5.00 |                    5.00 |     89 |    27.5045 |
|        1 |        427 |           675.60 |       675.46 |       678.80 |                  5.00 |                    5.00 |     89 |    27.5438 |
|        1 |        428 |           675.60 |       675.46 |       678.80 |                  5.00 |                    5.00 |     89 |    27.5955 |
|        1 |        429 |           675.60 |       675.46 |       710.60 |                  5.26 |                    5.00 |     89 |    27.6463 |
|        1 |        430 |           675.60 |       675.46 |       699.20 |                  7.59 |                    5.00 |     89 |    27.7579 |
|        1 |        431 |           675.60 |       675.46 |       699.20 |                  5.00 |                    5.00 |     89 |    27.7992 |
|        1 |        432 |           675.60 |       675.46 |       702.90 |                  5.00 |                    5.00 |     91 |    27.8364 |
|        1 |        433 |           675.60 |       675.46 |       702.90 |                  5.30 |                    5.00 |     91 |    27.8820 |
|        1 |        434 |           675.60 |       675.46 |       675.60 |                  5.00 |                    5.00 |     91 |    28.0222 |
|        1 |        435 |           675.60 |       675.46 |       675.60 |                  5.00 |                    5.00 |     91 |    28.0684 |
|        1 |        436 |           675.60 |       675.46 |       675.60 |                  5.14 |                    5.00 |     91 |    28.1358 |
|        1 |        437 |           675.60 |       675.46 |       675.60 |                  5.00 |                    5.00 |     91 |    28.1686 |
|        1 |        438 |           675.60 |       675.46 |       675.60 |                  5.00 |                    5.00 |     91 |    28.2061 |
|        1 |        439 |           675.60 |       675.46 |       675.60 |                  5.00 |                    5.00 |     91 |    28.2732 |
|        1 |        440 |           675.60 |       675.46 |       680.40 |                  5.30 |                    5.00 |     91 |    28.3282 |
|        1 |        441 |           675.60 |       675.46 |       675.60 |                  5.09 |                    5.00 |     91 |    28.4542 |
|        1 |        442 |           675.60 |       675.46 |       676.00 |                  5.10 |                    5.00 |     91 |    28.5047 |
|        1 |        443 |           675.60 |       675.46 |       680.40 |                  5.00 |                    5.00 |     91 |    28.5934 |
|        1 |        444 |           675.60 |       675.46 |       680.40 |                  5.36 |                    5.00 |     91 |    28.6443 |
|        1 |        445 |           675.60 |       675.46 |       680.40 |                  5.35 |                    5.00 |     91 |    28.7092 |
|        1 |        446 |           675.60 |       675.46 |       680.44 |                  5.26 |                    5.00 |     91 |    28.7647 |
|        1 |        447 |           675.60 |       675.46 |       680.50 |                  5.58 |                    5.00 |     91 |    28.8176 |
|        1 |        448 |           675.60 |       675.46 |       680.40 |                  5.00 |                    5.00 |     91 |    28.8706 |
|        1 |        449 |           675.60 |       675.46 |       680.50 |                  5.00 |                    5.00 |     91 |    28.9293 |
|        1 |        450 |           675.60 |       675.46 |       680.40 |                  5.00 |                    5.00 |     91 |    28.9857 |
|        1 |        451 |           675.60 |       675.46 |       680.40 |                  5.20 |                    5.00 |     91 |    29.0872 |
|        1 |        452 |           675.60 |       675.46 |       680.50 |                  5.00 |                    5.00 |     91 |    29.1479 |
|        1 |        453 |           675.60 |       675.46 |       686.80 |                  5.00 |                    5.00 |     91 |    29.2278 |
|        1 |        454 |           675.60 |       675.46 |       680.40 |                  5.00 |                    5.00 |     91 |    29.4473 |
|        1 |        455 |           675.60 |       675.46 |       680.40 |                  5.35 |                    5.00 |     91 |    29.5203 |
|        1 |        456 |           675.60 |       675.46 |       680.44 |                  5.14 |                    5.00 |     91 |    29.5732 |
|        1 |        457 |           675.60 |       675.46 |       675.60 |                  5.00 |                    5.00 |     91 |    29.6418 |
|        1 |        458 |           675.60 |       675.46 |       675.60 |                  5.00 |                    5.00 |     91 |    29.7168 |
|        1 |        459 |           675.60 |       675.46 |       675.60 |                  5.00 |                    5.00 |     91 |    29.7601 |
|        1 |        460 |           675.60 |       675.46 |       675.60 |                  5.36 |                    5.00 |     91 |    29.8176 |
|        1 |        461 |           675.60 |       675.46 |       675.60 |                  5.00 |                    5.00 |     91 |    29.8665 |
|        1 |        462 |           675.60 |       675.46 |       678.80 |                  5.26 |                    5.00 |     91 |    29.9375 |
|        1 |        463 |           675.60 |       675.46 |       678.80 |                  5.00 |                    5.00 |     91 |    29.9809 |
|        1 |        464 |           675.60 |       675.46 |       678.80 |                  5.00 |                    5.00 |     91 |    30.0562 |
|        1 |        465 |           675.60 |       675.46 |       678.80 |                  5.00 |                    5.00 |     91 |    30.0972 |
|        1 |        466 |           675.60 |       675.46 |       678.80 |                  5.25 |                    5.00 |     91 |    30.1551 |
|        1 |        467 |           675.60 |       675.46 |       678.80 |                  5.26 |                    5.00 |     91 |    30.2427 |
|        1 |        468 |           675.60 |       675.46 |       678.80 |                  5.00 |                    5.00 |     91 |    30.2818 |
|        1 |        469 |           675.60 |       675.46 |       678.80 |                  5.00 |                    5.00 |     91 |    30.3474 |
|        1 |        470 |           675.60 |       675.46 |       678.80 |                  5.00 |                    5.00 |     91 |    30.3958 |
|        1 |        471 |           675.60 |       675.46 |       675.60 |                  5.00 |                    5.00 |     91 |    30.4751 |
|        1 |        472 |           675.60 |       675.46 |       675.60 |                  5.00 |                    5.00 |     91 |    30.5350 |
|        1 |        473 |           675.60 |       675.46 |       675.60 |                  5.26 |                    5.00 |     91 |    30.5758 |
|        1 |        474 |           675.60 |       675.46 |       675.60 |                  5.00 |                    5.00 |     91 |    30.6160 |
|        1 |        475 |           675.60 |       675.46 |       675.60 |                  5.00 |                    5.00 |     91 |    30.6549 |
|        1 |        476 |           675.60 |       675.46 |       675.60 |                  5.00 |                    5.00 |     91 |    30.7057 |
|        1 |        477 |           675.60 |       675.46 |       675.60 |                  5.46 |                    5.00 |     91 |    30.7596 |
|        1 |        478 |           675.60 |       675.46 |       675.60 |                  5.09 |                    5.00 |     91 |    30.8093 |
|        1 |        479 |           675.60 |       675.46 |       675.60 |                  5.00 |                    5.00 |     91 |    30.8593 |
|        1 |        480 |           675.60 |       675.46 |       682.50 |                  5.00 |                    5.00 |     91 |    30.9173 |
|        1 |        481 |           675.60 |       675.46 |       682.50 |                  5.00 |                    5.00 |     91 |    30.9586 |
|        1 |        482 |           675.60 |       675.46 |       676.00 |                  5.00 |                    5.00 |     91 |    31.0408 |
|        1 |        483 |           675.60 |       675.46 |       676.00 |                  5.00 |                    5.00 |     91 |    31.0724 |
|        1 |        484 |           675.60 |       675.46 |       685.60 |                  7.01 |                    5.00 |     91 |    31.1612 |
|        1 |        485 |           675.60 |       675.46 |       689.63 |                  5.00 |                    5.00 |     91 |    31.2713 |
|        1 |        486 |           675.60 |       675.46 |       675.60 |                  5.00 |                    5.00 |     91 |    31.3354 |
|        1 |        487 |           675.60 |       675.46 |       675.60 |                  5.00 |                    5.00 |     91 |    31.3763 |
|        1 |        488 |           675.60 |       675.46 |       680.40 |                  5.36 |                    5.00 |     91 |    31.4501 |
|        1 |        489 |           675.60 |       675.46 |       680.40 |                  5.00 |                    5.00 |     91 |    31.4790 |
|        1 |        490 |           675.60 |       675.46 |       680.40 |                  5.00 |                    5.00 |     91 |    31.5293 |
|        1 |        491 |           675.60 |       675.46 |       680.40 |                  5.26 |                    5.00 |     91 |    31.5675 |
|        1 |        492 |           675.60 |       675.46 |       680.50 |                  5.26 |                    5.00 |     91 |    31.6127 |
|        1 |        493 |           675.60 |       675.46 |       682.50 |                  5.00 |                    5.00 |     91 |    31.6491 |
|        1 |        494 |           675.60 |       675.46 |       682.50 |                  5.00 |                    5.00 |     91 |    31.6926 |
|        1 |        495 |           675.60 |       675.46 |       680.40 |                  5.25 |                    5.00 |     91 |    31.7578 |
|        1 |        496 |           675.60 |       675.46 |       680.49 |                  5.00 |                    5.00 |     91 |    31.8115 |
|        1 |        497 |           675.60 |       675.46 |       680.40 |                  5.14 |                    5.00 |     91 |    31.8721 |
|        1 |        498 |           675.60 |       675.46 |       680.40 |                  6.10 |                    5.00 |     91 |    31.9246 |
|        1 |        499 |           675.60 |       675.46 |       680.50 |                  5.00 |                    5.00 |     91 |    31.9718 |
|        1 |        500 |           675.60 |       675.46 |       680.40 |                  5.26 |                    5.00 |     91 |    32.0291 |
------------------------------------------------------------------------------------------------------------------------------------------------
Version identifier: 22.1.2.0 | 2024-11-26 | 0edbb82fd
CPXPARAM_MIP_Tolerances_UpperCutoff              675.69999999999561
Tried aggregator 1 time.
MIP Presolve eliminated 66 rows and 13 columns.
MIP Presolve modified 31 coefficients.
Reduced MIP has 35 rows, 78 columns, and 462 nonzeros.
Reduced MIP has 78 binaries, 0 generals, 0 SOSs, and 0 indicators.
Presolve time = 0.00 sec. (0.44 ticks)
Probing time = 0.00 sec. (0.33 ticks)
Tried aggregator 1 time.
Detecting symmetries...
MIP Presolve eliminated 3 rows and 5 columns.
Reduced MIP has 32 rows, 73 columns, and 443 nonzeros.
Reduced MIP has 73 binaries, 0 generals, 0 SOSs, and 0 indicators.
Presolve time = 0.00 sec. (0.32 ticks)
Probing time = 0.00 sec. (0.29 ticks)
Clique table members: 155.
MIP emphasis: balance optimality and feasibility.
MIP search method: dynamic search.
Parallel mode: deterministic, using up to 8 threads.
Root relaxation solution time = 0.00 sec. (0.12 ticks)

        Nodes                                         Cuts/
   Node  Left     Objective  IInf  Best Integer    Best Bound    ItCnt     Gap

      0     0      674.2000     6                    674.2000       27         
*     0     0      integral     0      675.6000      675.6000       28    0.00%
Elapsed time = 0.00 sec. (2.10 ticks, tree = 0.01 MB, solutions = 1)
objective_value(sp) = 675.6
 35.589588 seconds (6.85 M allocations: 341.276 MiB, 0.17% gc time, 11.16% compilation time)
#1: 0 (0.0) {459.0} -> 93 (40.0) {467.2} [8.0, 648.0] -> 75 (60.0) {564.8} [15.0, 655.0] -> 89 (70.0) {1115.0} [1115.0, 1755.0] -> 91 (80.0) {1211.0} [1211.0, 1851.0] -> 90 (90.0) {2639.0} [2639.0, 3279.0] -> 0 (90.0) {2749.6} [0.0, 3390.0]
#2: 0 (0.0) {450.0} -> 67 (10.0) {462.2} [12.0, 652.0] -> 62 (30.0) {558.0} [18.0, 658.0] -> 66 (40.0) {651.0} [348.0, 988.0] -> 69 (50.0) {743.0} [440.0, 1080.0] -> 0 (50.0) {848.8} [0.0, 3390.0]
#3: 0 (0.0) {442.0} -> 5 (10.0) {457.1} [15.0, 655.0] -> 2 (40.0) {552.9} [20.0, 660.0] -> 1 (50.0) {651.5} [71.0, 711.0] -> 99 (60.0) {747.3} [167.0, 807.0] -> 100 (80.0) {842.3} [262.0, 902.0] -> 97 (110.0) {937.3} [357.0, 997.0] -> 92 (130.0) {1034.3} [454.0, 1094.0] -> 94 (140.0) {1127.9} [548.0, 1188.0] -> 95 (170.0) {1221.5} [641.0, 1281.0] -> 98 (190.0) {1317.9} [738.0, 1378.0] -> 7 (210.0) {1412.9} [833.0, 1473.0] -> 3 (220.0) {1507.0} [927.0, 1567.0] -> 4 (230.0) {1600.6} [1021.0, 1661.0] -> 88 (260.0) {1698.4} [1306.0, 1946.0] -> 86 (270.0) {1793.4} [1496.0, 2136.0] -> 84 (290.0) {1888.4} [1401.0, 2041.0] -> 83 (300.0) {1982.0} [1592.0, 2232.0] -> 82 (320.0) {2075.0} [1685.0, 2325.0] -> 85 (350.0) {2179.2} [1789.0, 2429.0] -> 76 (360.0) {2280.9} [1891.0, 2531.0] -> 71 (380.0) {2375.9} [1986.0, 2626.0] -> 70 (410.0) {2470.9} [2081.0, 2721.0] -> 73 (420.0) {2563.9} [2174.0, 2814.0] -> 80 (430.0) {2662.5} [2273.0, 2913.0] -> 79 (440.0) {2757.8} [2368.0, 3008.0] -> 81 (470.0) {2853.1} [2463.0, 3103.0] -> 78 (490.0) {2951.7} [2562.0, 3202.0] -> 77 (500.0) {3049.5} [2627.0, 3267.0] -> 87 (520.0) {3147.5} [2635.0, 3275.0] -> 96 (530.0) {3243.8} [2635.0, 3275.0] -> 0 (530.0) {3357.9} [0.0, 3390.0]
#4: 0 (0.0) {427.0} -> 63 (50.0) {441.1} [14.0, 654.0] -> 74 (100.0) {536.9} [19.0, 659.0] -> 72 (110.0) {631.9} [68.0, 708.0] -> 61 (120.0) {724.9} [161.0, 801.0] -> 64 (130.0) {816.9} [253.0, 893.0] -> 68 (140.0) {912.9} [536.0, 1176.0] -> 65 (150.0) {1008.2} [631.0, 1271.0] -> 49 (160.0) {1104.6} [727.0, 1367.0] -> 55 (170.0) {1202.4} [825.0, 1465.0] -> 54 (210.0) {1297.4} [920.0, 1560.0] -> 53 (230.0) {1392.7} [1016.0, 1656.0] -> 56 (260.0) {1486.7} [1110.0, 1750.0] -> 58 (290.0) {1578.7} [1202.0, 1842.0] -> 60 (310.0) {1671.7} [1295.0, 1935.0] -> 59 (320.0) {1767.5} [1390.0, 2030.0] -> 57 (360.0) {1862.5} [1485.0, 2125.0] -> 40 (370.0) {1956.1} [1579.0, 2219.0] -> 44 (380.0) {2050.5} [1673.0, 2313.0] -> 46 (410.0) {2145.8} [1769.0, 2409.0] -> 45 (420.0) {2242.2} [1865.0, 2505.0] -> 51 (430.0) {2337.2} [1960.0, 2600.0] -> 50 (440.0) {2429.4} [2052.0, 2692.0] -> 52 (450.0) {2522.5} [2145.0, 2785.0] -> 47 (460.0) {2617.5} [2240.0, 2880.0] -> 42 (480.0) {2711.7} [2426.0, 3066.0] -> 41 (490.0) {2803.7} [2518.0, 3158.0] -> 43 (500.0) {2897.3} [2333.0, 2973.0] -> 48 (510.0) {2993.1} [2616.0, 3256.0] -> 0 (510.0) {3093.8} [0.0, 3390.0]
#5: 0 (0.0) {357.0} -> 20 (10.0) {367.0} [10.0, 650.0] -> 22 (30.0) {459.8} [12.0, 652.0] -> 21 (50.0) {2648.0} [2648.0, 3288.0] -> 0 (50.0) {2749.6} [0.0, 3390.0]
#6: 0 (0.0) {423.0} -> 24 (10.0) {438.0} [15.0, 655.0] -> 27 (20.0) {530.8} [17.0, 657.0] -> 30 (30.0) {625.0} [63.0, 703.0] -> 29 (40.0) {720.0} [158.0, 798.0] -> 6 (60.0) {818.9} [257.0, 897.0] -> 32 (90.0) {915.2} [353.0, 993.0] -> 33 (130.0) {1007.2} [445.0, 1085.0] -> 31 (150.0) {1102.5} [541.0, 1181.0] -> 35 (160.0) {1197.5} [636.0, 1276.0] -> 37 (180.0) {1293.3} [731.0, 1371.0] -> 38 (210.0) {1385.3} [823.0, 1463.0] -> 39 (230.0) {1480.3} [918.0, 1558.0] -> 36 (240.0) {1575.3} [1013.0, 1653.0] -> 34 (260.0) {1668.3} [1106.0, 1746.0] -> 28 (280.0) {1769.0} [1207.0, 1847.0] -> 26 (290.0) {1867.0} [1305.0, 1945.0] -> 23 (300.0) {1964.2} [1403.0, 2043.0] -> 18 (320.0) {2063.2} [1502.0, 2142.0] -> 19 (330.0) {2158.2} [1597.0, 2237.0] -> 16 (370.0) {2255.2} [1694.0, 2334.0] -> 14 (380.0) {2347.2} [1786.0, 2426.0] -> 12 (400.0) {2440.2} [1879.0, 2519.0] -> 15 (440.0) {2537.2} [1976.0, 2616.0] -> 17 (460.0) {2632.5} [2071.0, 2711.0] -> 13 (490.0) {2726.5} [2165.0, 2805.0] -> 25 (530.0) {2825.5} [2264.0, 2904.0] -> 9 (540.0) {2922.7} [2361.0, 3001.0] -> 11 (550.0) {3019.7} [2458.0, 3098.0] -> 10 (560.0) {3112.7} [2551.0, 3191.0] -> 8 (580.0) {3208.7} [2647.0, 3287.0] -> 0 (580.0) {3310.3} [0.0, 3390.0]

Dist: 675.6. Cost: 675.6

Root node processing (before b&c):
  Real time             =    0.00 sec. (2.10 ticks)
Parallel b&c, 8 threads:
  Real time             =    0.00 sec. (0.00 ticks)
  Sync time (average)   =    0.00 sec.
  Wait time (average)   =    0.00 sec.
                          ------------
Total (root+branch&cut) =    0.00 sec. (2.10 ticks)
