Solving instance /mnt/c/Users/bruno.mattos/OneDrive - americanas s.a/Documentos/GitHub/GenericILS/TWRD/100/R101_100_005.vrptwrd...
------------------------------------------------------------------------------------------------------------------------------------------------
|  Restart |  Iteration |  Best Feas. Cost |    Best Cost |   Curr. Cost |   Penalty Custom Res. |   Penalty Standard Res. |   Pool |   Time (s) |
------------------------------------------------------------------------------------------------------------------------------------------------
|        1 |          1 |          1701.00 |      1685.24 |      1685.24 |                  8.43 |                   84.14 |     39 |     0.2526 |
|        1 |          2 |          1701.00 |      1685.24 |      1718.60 |                  5.00 |                   55.63 |     49 |     0.7363 |
|        1 |          3 |          1701.00 |      1685.24 |      1715.75 |                  5.00 |                   57.71 |     49 |     0.7957 |
|        1 |          4 |          1701.00 |      1685.24 |      1700.09 |                  5.00 |                  104.59 |     58 |     0.8913 |
|        1 |          5 |          1701.00 |      1685.24 |      1703.50 |                  5.00 |                   58.37 |     66 |     0.9651 |
|        1 |          6 |          1701.00 |      1685.24 |      1712.57 |                  5.00 |                  126.69 |     70 |     1.0548 |
|        1 |          0 |          1664.10 |      1664.10 |      1664.10 |                  5.00 |                   70.37 |     77 |     1.1952 |
|        1 |          1 |          1664.10 |      1664.10 |      1664.10 |                  5.00 |                   34.13 |     77 |     1.2655 |
|        1 |          2 |          1664.10 |      1664.10 |      1664.10 |                  5.00 |                   18.12 |     77 |     1.3234 |
|        1 |          3 |          1664.10 |      1660.72 |      1660.72 |                  5.24 |                   17.35 |     78 |     1.3898 |
|        1 |          4 |          1664.10 |      1660.72 |      1661.01 |                  5.00 |                   21.09 |     78 |     1.4664 |
|        1 |          5 |          1664.10 |      1660.65 |      1660.65 |                  5.00 |                   18.10 |     78 |     1.5200 |
|        1 |          6 |          1664.10 |      1660.65 |      1660.98 |                  5.00 |                   17.16 |     78 |     1.5828 |
|        1 |          7 |          1664.10 |      1658.16 |      1658.16 |                 17.87 |                   15.89 |     84 |     1.7045 |
|        1 |          8 |          1664.10 |      1658.16 |      1667.58 |                 13.87 |                    8.61 |     84 |     1.7589 |
|        1 |          9 |          1664.10 |      1658.16 |      1664.13 |                 13.97 |                    7.84 |     84 |     1.8208 |
|        1 |         10 |          1664.10 |      1658.16 |      1663.48 |                 11.86 |                    5.45 |     84 |     1.8838 |
|        1 |         11 |          1664.10 |      1658.16 |      1680.64 |                 21.98 |                    5.26 |     87 |     1.9419 |
|        1 |         12 |          1664.10 |      1658.16 |      1700.08 |                 15.59 |                    7.01 |     93 |     2.0043 |
|        1 |         13 |          1664.10 |      1658.16 |      1679.29 |                 12.35 |                    6.51 |     94 |     2.0641 |
|        1 |         14 |          1664.10 |      1658.16 |      1675.14 |                  5.69 |                   13.19 |     97 |     2.1971 |
|        1 |         15 |          1664.10 |      1657.63 |      1657.63 |                  5.00 |                   22.51 |    102 |     2.3119 |
|        1 |         16 |          1664.10 |      1657.63 |      1665.32 |                  5.00 |                   20.09 |    104 |     2.3780 |
|        1 |         17 |          1664.10 |      1657.63 |      1662.33 |                  5.00 |                   37.61 |    106 |     2.4356 |
|        1 |         18 |          1664.10 |      1657.63 |      1667.45 |                  5.00 |                   79.33 |    107 |     2.5037 |
|        1 |         19 |          1664.10 |      1657.63 |      1672.00 |                  5.00 |                   58.00 |    108 |     2.5542 |
|        1 |         20 |          1664.10 |      1657.63 |      1668.19 |                  6.87 |                   97.09 |    109 |     2.6438 |
|        1 |         21 |          1664.10 |      1657.63 |      1670.90 |                  5.00 |                  187.23 |    109 |     2.7164 |
|        1 |         22 |          1664.10 |      1657.63 |      1680.20 |                  5.00 |                  108.53 |    113 |     2.8133 |
|        1 |         23 |          1664.10 |      1657.63 |      1680.20 |                  5.00 |                   44.37 |    113 |     2.8891 |
|        1 |         24 |          1664.10 |      1657.63 |      1680.20 |                  5.00 |                   38.08 |    113 |     2.9408 |
|        1 |         25 |          1664.10 |      1657.63 |      1673.10 |                  5.00 |                   48.65 |    113 |     3.0367 |
|        1 |         26 |          1664.10 |      1657.63 |      1686.46 |                  5.00 |                  101.58 |    117 |     3.1042 |
|        1 |         27 |          1664.10 |      1657.63 |      1681.50 |                  5.00 |                   66.51 |    117 |     3.1674 |
|        1 |         28 |          1664.10 |      1657.63 |      1681.32 |                  5.00 |                  123.26 |    117 |     3.2256 |
|        1 |         29 |          1664.10 |      1657.63 |      1687.68 |                  5.00 |                  188.95 |    117 |     3.2813 |
|        1 |         30 |          1664.10 |      1657.63 |      1707.40 |                  5.00 |                  146.58 |    118 |     3.3506 |
|        1 |         31 |          1664.10 |      1657.63 |      1682.70 |                  6.41 |                  108.94 |    119 |     3.4899 |
|        1 |         32 |          1664.10 |      1657.63 |      1682.70 |                  5.00 |                   51.78 |    119 |     3.5611 |
|        1 |         33 |          1664.10 |      1657.63 |      1670.48 |                  5.00 |                   29.39 |    121 |     3.6950 |
|        1 |         34 |          1664.10 |      1657.63 |      1660.91 |                  9.54 |                   18.99 |    123 |     3.8179 |
|        1 |         35 |          1664.10 |      1657.63 |      1690.03 |                 10.29 |                   23.10 |    128 |     3.9018 |
|        1 |         36 |          1664.10 |      1657.63 |      1678.90 |                  6.21 |                   16.35 |    133 |     3.9995 |
|        1 |         37 |          1664.10 |      1657.63 |      1716.50 |                  5.00 |                   10.29 |    137 |     4.0583 |
|        1 |         38 |          1664.10 |      1657.63 |      1666.79 |                  6.67 |                    9.94 |    138 |     4.1380 |
|        1 |         39 |          1664.10 |      1657.63 |      1659.97 |                  5.00 |                   10.10 |    138 |     4.2052 |
|        1 |         40 |          1664.10 |      1657.63 |      1660.00 |                  5.00 |                   10.48 |    138 |     4.2593 |
|        1 |         41 |          1664.10 |      1657.63 |      1659.78 |                  5.00 |                   11.87 |    138 |     4.3553 |
|        1 |         42 |          1664.10 |      1657.63 |      1673.40 |                  5.00 |                    7.76 |    139 |     4.4370 |
|        1 |         43 |          1664.10 |      1657.63 |      1689.95 |                  5.00 |                   10.55 |    140 |     4.5050 |
|        1 |         44 |          1664.10 |      1657.63 |      1687.31 |                  5.00 |                   11.61 |    143 |     4.5782 |
|        1 |         45 |          1664.10 |      1657.63 |      1667.99 |                  5.00 |                    7.37 |    150 |     4.6707 |
|        1 |         46 |          1664.10 |      1656.52 |      1656.52 |                  5.00 |                   10.09 |    152 |     4.7766 |
|        1 |         47 |          1664.10 |      1656.52 |      1658.39 |                  5.00 |                    9.65 |    153 |     4.8702 |
|        1 |         48 |          1664.10 |      1656.52 |      1658.07 |                  5.00 |                    7.56 |    156 |     4.9459 |
|        1 |         49 |          1664.10 |      1656.52 |      1674.50 |                  5.00 |                   10.27 |    159 |     5.0155 |
|        1 |         50 |          1664.10 |      1656.52 |      1682.85 |                  5.00 |                   11.39 |    163 |     5.1460 |
|        1 |         51 |          1664.10 |      1656.52 |      1684.07 |                  5.00 |                   16.26 |    168 |     5.2307 |
|        1 |         52 |          1664.10 |      1656.52 |      1674.60 |                  5.00 |                   10.42 |    174 |     5.3172 |
|        1 |         53 |          1664.10 |      1656.52 |      1667.56 |                  5.00 |                    9.77 |    176 |     5.3916 |
|        1 |         54 |          1664.10 |      1656.52 |      1670.57 |                  5.00 |                   10.10 |    179 |     5.5291 |
|        1 |          0 |          1657.00 |      1656.52 |      1657.00 |                  5.00 |                    5.98 |    182 |     5.6241 |
|        1 |          1 |          1657.00 |      1655.19 |      1655.19 |                  7.82 |                   11.62 |    184 |     5.7274 |
|        1 |          2 |          1657.00 |      1655.19 |      1664.30 |                  5.00 |                    7.39 |    184 |     5.7804 |
|        1 |          3 |          1657.00 |      1653.15 |      1653.15 |                  5.00 |                    8.46 |    184 |     5.8693 |
|        1 |          4 |          1657.00 |      1653.15 |      1672.79 |                  5.00 |                   21.13 |    185 |     5.9578 |
|        1 |          5 |          1657.00 |      1653.15 |      1674.17 |                  5.00 |                   39.95 |    185 |     6.0135 |
|        1 |          6 |          1657.00 |      1653.15 |      1676.40 |                  5.00 |                   81.78 |    185 |     6.0806 |
|        1 |          7 |          1657.00 |      1653.15 |      1681.02 |                  5.00 |                  170.77 |    185 |     6.1487 |
|        1 |          8 |          1657.00 |      1653.15 |      1708.10 |                  5.00 |                   45.77 |    189 |     6.2579 |
|        1 |          9 |          1657.00 |      1653.15 |      1689.70 |                  5.00 |                   20.28 |    191 |     6.3337 |
|        1 |         10 |          1657.00 |      1653.15 |      1692.80 |                  5.00 |                    8.98 |    192 |     6.4048 |
|        1 |         11 |          1657.00 |      1653.15 |      1672.30 |                  5.00 |                    7.46 |    192 |     6.5072 |
|        1 |         12 |          1657.00 |      1653.15 |      1670.59 |                  5.00 |                    9.35 |    192 |     6.5859 |
|        1 |         13 |          1657.00 |      1653.15 |      1672.30 |                  5.00 |                    6.43 |    193 |     6.6565 |
|        1 |         14 |          1657.00 |      1653.15 |      1671.52 |                  5.00 |                    7.59 |    193 |     6.7332 |
|        1 |         15 |          1657.00 |      1653.15 |      1660.23 |                  5.00 |                   11.50 |    193 |     6.8157 |
|        1 |         16 |          1657.00 |      1653.15 |      1660.59 |                  5.00 |                   18.54 |    193 |     6.8577 |
|        1 |         17 |          1657.00 |      1653.15 |      1661.96 |                  5.00 |                   18.48 |    193 |     6.9133 |
|        1 |         18 |          1657.00 |      1653.15 |      1661.83 |                  5.00 |                   12.84 |    193 |     6.9707 |
|        1 |         19 |          1657.00 |      1653.15 |      1695.50 |                  5.00 |                   29.04 |    196 |     7.0340 |
|        1 |         20 |          1657.00 |      1653.15 |      1698.28 |                  5.00 |                   37.92 |    196 |     7.0913 |
|        1 |         21 |          1657.00 |      1653.15 |      1700.43 |                  5.00 |                   50.53 |    196 |     7.1429 |
|        1 |         22 |          1657.00 |      1653.15 |      1682.20 |                  5.00 |                    6.30 |    199 |     7.3485 |
|        1 |         23 |          1657.00 |      1653.15 |      1678.63 |                  5.00 |                    5.00 |    200 |     7.4620 |
|        1 |         24 |          1657.00 |      1648.48 |      1648.48 |                  5.00 |                   17.50 |    200 |     7.5867 |
|        1 |         25 |          1657.00 |      1648.48 |      1649.05 |                  5.00 |                   29.96 |    200 |     7.6357 |
|        1 |         26 |          1657.00 |      1648.48 |      1650.42 |                  5.00 |                   65.09 |    200 |     7.7097 |
|        1 |         27 |          1657.00 |      1648.48 |      1654.14 |                  5.00 |                  124.29 |    200 |     7.7691 |
|        1 |         28 |          1657.00 |      1648.48 |      1661.17 |                  5.00 |                  272.78 |    200 |     7.8348 |
|        1 |         29 |          1657.00 |      1648.48 |      1675.44 |                  5.00 |                  255.95 |    200 |     7.8949 |
|        1 |         30 |          1657.00 |      1648.48 |      1699.62 |                  5.00 |                  156.27 |    202 |     7.9551 |
|        1 |         31 |          1657.00 |      1648.48 |      1677.32 |                  5.00 |                  180.83 |    202 |     8.0252 |
|        1 |         32 |          1657.00 |      1648.48 |      1679.03 |                  5.00 |                  120.84 |    202 |     8.0831 |
|        1 |         33 |          1657.00 |      1648.48 |      1674.60 |                  5.00 |                   74.43 |    203 |     8.1638 |
|        1 |         34 |          1657.00 |      1648.48 |      1686.20 |                  5.00 |                   37.20 |    203 |     8.2269 |
|        1 |         35 |          1657.00 |      1648.48 |      1686.20 |                  5.00 |                   18.22 |    203 |     8.2856 |
|        1 |         36 |          1657.00 |      1648.48 |      1671.66 |                  5.00 |                   19.44 |    204 |     8.3710 |
|        1 |         37 |          1657.00 |      1648.48 |      1668.00 |                  5.00 |                    9.58 |    204 |     8.5243 |
|        1 |         38 |          1657.00 |      1648.48 |      1664.78 |                  5.00 |                    9.35 |    206 |     8.6245 |
|        1 |         39 |          1657.00 |      1648.48 |      1664.76 |                  7.30 |                   10.29 |    206 |     8.7004 |
|        1 |         40 |          1657.00 |      1648.48 |      1677.60 |                  5.00 |                    8.92 |    207 |     8.7744 |
|        1 |          0 |          1656.20 |      1648.48 |      1656.20 |                  5.00 |                    7.95 |    207 |     8.8912 |
|        1 |          1 |          1656.20 |      1648.48 |      1656.20 |                  5.00 |                    5.00 |    207 |     8.9426 |
|        1 |          2 |          1656.20 |      1648.48 |      1656.20 |                  5.00 |                    5.00 |    207 |     9.0110 |
|        1 |          3 |          1656.20 |      1645.62 |      1645.62 |                  5.00 |                   10.43 |    207 |     9.1336 |
|        1 |          4 |          1656.20 |      1645.62 |      1646.10 |                  5.00 |                   20.72 |    207 |     9.2065 |
|        1 |          5 |          1656.20 |      1645.62 |      1662.00 |                  5.00 |                   44.59 |    207 |     9.2902 |
|        1 |          6 |          1656.20 |      1645.62 |      1664.68 |                  5.00 |                   87.69 |    207 |     9.3639 |
|        1 |          7 |          1656.20 |      1645.62 |      1683.60 |                  5.00 |                   46.55 |    207 |     9.4516 |
|        1 |          8 |          1656.20 |      1645.62 |      1683.60 |                  5.00 |                   23.03 |    207 |     9.5306 |
|        1 |          9 |          1656.20 |      1645.62 |      1683.60 |                  5.00 |                   14.21 |    207 |     9.5904 |
|        1 |         10 |          1656.20 |      1645.62 |      1677.40 |                  5.00 |                    7.03 |    209 |     9.6722 |
|        1 |         11 |          1656.20 |      1645.62 |      1675.77 |                  5.00 |                   13.54 |    212 |     9.7761 |
|        1 |         12 |          1656.20 |      1645.62 |      1677.89 |                  5.00 |                   23.87 |    212 |     9.8310 |
|        1 |         13 |          1656.20 |      1645.62 |      1679.92 |                  5.00 |                   19.11 |    212 |     9.8750 |
|        1 |         14 |          1656.20 |      1645.62 |      1663.90 |                  5.00 |                    7.49 |    214 |    10.0346 |
|        1 |         15 |          1656.20 |      1645.62 |      1663.90 |                  5.00 |                    7.92 |    214 |    10.1343 |
|        1 |         16 |          1656.20 |      1645.62 |      1663.90 |                  5.00 |                    9.45 |    214 |    10.2126 |
|        1 |         17 |          1656.20 |      1645.62 |      1663.90 |                  5.00 |                    9.61 |    214 |    10.2766 |
|        1 |         18 |          1656.20 |      1645.55 |      1645.55 |                  5.00 |                   15.11 |    214 |    10.4258 |
|        1 |         19 |          1656.20 |      1645.55 |      1646.20 |                  5.00 |                   27.98 |    214 |    10.4911 |
|        1 |         20 |          1656.20 |      1645.55 |      1664.72 |                  5.00 |                   23.28 |    217 |    10.5719 |
|        1 |         21 |          1656.20 |      1645.55 |      1674.00 |                  5.00 |                   48.62 |    217 |    10.6504 |
|        1 |         22 |          1656.20 |      1645.55 |      1691.05 |                  5.00 |                  103.45 |    220 |    10.7456 |
|        1 |         23 |          1656.20 |      1645.55 |      1688.30 |                  5.00 |                   77.71 |    221 |    10.8563 |
|        1 |         24 |          1656.20 |      1645.55 |      1680.50 |                  5.00 |                   41.26 |    221 |    10.9212 |
|        1 |         25 |          1656.20 |      1645.55 |      1680.50 |                  5.00 |                   20.01 |    221 |    10.9935 |
|        1 |         26 |          1656.20 |      1645.55 |      1676.91 |                  9.84 |                   29.16 |    221 |    11.0535 |
|        1 |         27 |          1656.20 |      1645.55 |      1681.40 |                  9.30 |                    9.56 |    221 |    11.1601 |
|        1 |         28 |          1656.20 |      1645.55 |      1679.63 |                  5.00 |                   11.96 |    222 |    11.2628 |
|        1 |         29 |          1656.20 |      1645.55 |      1680.28 |                  5.00 |                   21.72 |    222 |    11.3278 |
|        1 |         30 |          1656.20 |      1645.55 |      1666.20 |                  5.00 |                    9.31 |    222 |    11.4779 |
|        1 |         31 |          1656.20 |      1645.55 |      1673.42 |                  5.00 |                   11.33 |    222 |    11.5412 |
|        1 |         32 |          1656.20 |      1645.55 |      1654.08 |                  5.00 |                   16.73 |    223 |    11.7450 |
|        1 |         33 |          1656.20 |      1645.55 |      1655.61 |                 11.77 |                   12.31 |    223 |    11.9207 |
|        1 |         34 |          1656.20 |      1645.55 |      1668.50 |                  9.67 |                    6.52 |    223 |    12.0800 |
|        1 |         35 |          1656.20 |      1645.55 |      1656.95 |                  5.00 |                   12.05 |    224 |    12.1938 |
|        1 |         36 |          1656.20 |      1645.55 |      1657.32 |                  5.00 |                   10.31 |    227 |    12.3055 |
|        1 |         37 |          1656.20 |      1645.55 |      1663.90 |                  5.00 |                    6.36 |    227 |    12.3593 |
|        1 |         38 |          1656.20 |      1645.55 |      1658.74 |                  5.00 |                   11.34 |    227 |    12.5935 |
|        1 |         39 |          1656.20 |      1645.55 |      1660.59 |                  5.00 |                   38.57 |    227 |    12.7269 |
|        1 |         40 |          1656.20 |      1645.55 |      1662.45 |                  5.00 |                   72.19 |    227 |    12.7871 |
|        1 |         41 |          1656.20 |      1645.55 |      1666.07 |                  5.00 |                   97.11 |    227 |    12.8483 |
|        1 |         42 |          1656.20 |      1645.55 |      1672.63 |                  5.00 |                  208.94 |    227 |    12.9218 |
|        1 |         43 |          1656.20 |      1645.55 |      1673.40 |                  5.00 |                  125.97 |    231 |    13.0300 |
|        1 |         44 |          1656.20 |      1645.55 |      1683.20 |                 10.87 |                   50.96 |    231 |    13.1187 |
|        1 |         45 |          1656.20 |      1645.55 |      1672.30 |                  5.00 |                   23.50 |    232 |    13.1942 |
|        1 |         46 |          1656.20 |      1645.55 |      1656.40 |                  5.00 |                   18.23 |    232 |    13.2715 |
|        1 |         47 |          1656.20 |      1645.55 |      1672.00 |                  5.41 |                   11.45 |    234 |    13.3564 |
|        1 |         48 |          1656.20 |      1645.55 |      1670.02 |                  5.00 |                    9.90 |    234 |    13.4616 |
|        1 |         49 |          1656.20 |      1645.55 |      1672.00 |                  5.00 |                    5.52 |    234 |    13.5488 |
|        1 |         50 |          1656.20 |      1645.55 |      1673.16 |                  5.00 |                    8.62 |    235 |    13.6366 |
|        1 |         51 |          1656.20 |      1645.55 |      1667.64 |                  5.00 |                   14.55 |    235 |    13.7863 |
|        1 |         52 |          1656.20 |      1645.55 |      1670.29 |                  5.00 |                   32.89 |    235 |    13.8775 |
|        1 |         53 |          1656.20 |      1645.55 |      1672.02 |                  5.00 |                   64.07 |    235 |    13.9508 |
|        1 |         54 |          1656.20 |      1645.55 |      1671.10 |                  5.00 |                   45.39 |    235 |    14.0706 |
|        1 |         55 |          1656.20 |      1645.55 |      1678.80 |                  5.00 |                   23.84 |    238 |    14.1556 |
|        1 |         56 |          1656.20 |      1645.55 |      1681.02 |                 10.87 |                   11.56 |    240 |    14.2380 |
|        1 |         57 |          1656.20 |      1645.55 |      1686.37 |                 11.17 |                    7.06 |    240 |    14.2883 |
|        1 |         58 |          1656.20 |      1645.55 |      1680.52 |                  5.00 |                   18.69 |    241 |    14.4118 |
|        1 |         59 |          1656.20 |      1645.55 |      1679.90 |                  5.00 |                   39.43 |    241 |    14.4851 |
|        1 |         60 |          1656.20 |      1645.55 |      1681.48 |                  5.00 |                  148.09 |    243 |    14.6032 |
|        1 |         61 |          1656.20 |      1645.55 |      1692.32 |                  5.00 |                  108.28 |    243 |    14.6689 |
|        1 |         62 |          1656.20 |      1645.55 |      1663.74 |                  5.00 |                  115.52 |    243 |    14.7797 |
|        1 |         63 |          1656.20 |      1645.55 |      1707.50 |                  5.00 |                   63.18 |    246 |    14.8448 |
|        1 |         64 |          1656.20 |      1645.55 |      1687.60 |                  5.00 |                   28.56 |    246 |    14.9203 |
|        1 |         65 |          1656.20 |      1645.55 |      1679.12 |                 10.55 |                   13.44 |    246 |    14.9923 |
|        1 |         66 |          1656.20 |      1645.55 |      1681.13 |                  5.81 |                    9.99 |    246 |    15.1014 |
|        1 |         67 |          1656.20 |      1645.55 |      1681.15 |                  5.00 |                   10.26 |    246 |    15.1664 |
|        1 |         68 |          1656.20 |      1645.55 |      1681.31 |                  5.00 |                   10.08 |    246 |    15.2780 |
|        1 |         69 |          1656.20 |      1645.55 |      1681.19 |                  5.00 |                   10.03 |    246 |    15.3711 |
|        1 |         70 |          1656.20 |      1645.55 |      1669.21 |                  5.00 |                   15.83 |    246 |    15.4310 |
|        1 |         71 |          1656.20 |      1645.55 |      1669.30 |                  5.00 |                   15.93 |    246 |    15.5013 |
|        1 |         72 |          1656.20 |      1645.55 |      1666.30 |                  5.00 |                    6.57 |    246 |    15.5996 |
|        1 |         73 |          1656.20 |      1645.38 |      1645.38 |                  9.36 |                    9.43 |    246 |    15.7215 |
|        1 |         74 |          1656.20 |      1645.38 |      1650.76 |                 15.22 |                   18.74 |    246 |    15.7851 |
|        1 |         75 |          1656.20 |      1645.38 |      1671.63 |                 10.59 |                   34.73 |    247 |    15.8395 |
|        1 |         76 |          1656.20 |      1645.38 |      1685.66 |                  5.08 |                   58.79 |    247 |    15.8996 |
|        1 |         77 |          1656.20 |      1645.38 |      1710.65 |                  5.00 |                  102.64 |    248 |    15.9452 |
|        1 |         78 |          1656.20 |      1645.38 |      1693.00 |                  5.00 |                   80.36 |    248 |    16.0215 |
|        1 |         79 |          1656.20 |      1645.38 |      1693.00 |                  5.00 |                   66.26 |    248 |    16.0730 |
|        1 |         80 |          1656.20 |      1645.38 |      1688.20 |                  5.00 |                   23.51 |    248 |    16.1797 |
|        1 |         81 |          1656.20 |      1645.38 |      1660.10 |                  5.00 |                   10.00 |    249 |    16.2719 |
|        1 |         82 |          1656.20 |      1645.38 |      1660.05 |                  5.00 |                   16.93 |    249 |    16.3316 |
|        1 |         83 |          1656.20 |      1645.38 |      1669.77 |                  5.00 |                   10.10 |    249 |    16.4420 |
|        1 |         84 |          1656.20 |      1645.38 |      1666.50 |                 10.34 |                    9.46 |    249 |    16.5407 |
|        1 |         85 |          1656.20 |      1645.38 |      1671.79 |                 18.05 |                   14.36 |    249 |    16.5947 |
|        1 |         86 |          1656.20 |      1645.38 |      1678.56 |                  5.00 |                   44.99 |    249 |    16.7463 |
|        1 |         87 |          1656.20 |      1645.38 |      1681.20 |                  5.00 |                   30.94 |    251 |    16.8306 |
|        1 |         88 |          1656.20 |      1645.38 |      1664.68 |                  5.00 |                   10.55 |    251 |    17.0989 |
|        1 |         89 |          1656.20 |      1645.38 |      1667.32 |                  5.00 |                   22.36 |    251 |    17.2473 |
|        1 |         90 |          1656.20 |      1645.38 |      1670.36 |                  5.63 |                   38.94 |    251 |    17.3352 |
|        1 |         91 |          1656.20 |      1645.38 |      1671.85 |                  5.00 |                   64.04 |    251 |    17.3804 |
|        1 |         92 |          1656.20 |      1645.38 |      1659.90 |                  5.00 |                   61.12 |    251 |    17.4956 |
|        1 |         93 |          1656.20 |      1645.38 |      1656.80 |                  5.00 |                   20.42 |    252 |    17.6038 |
|        1 |         94 |          1656.20 |      1645.38 |      1671.60 |                  5.00 |                   10.20 |    254 |    17.6736 |
|        1 |         95 |          1656.20 |      1644.39 |      1644.39 |                  5.00 |                   15.89 |    254 |    17.7907 |
|        1 |         96 |          1656.20 |      1644.39 |      1660.70 |                  7.59 |                   11.38 |    254 |    17.8582 |
|        1 |         97 |          1656.20 |      1644.39 |      1666.49 |                  5.00 |                   13.29 |    254 |    17.9628 |
|        1 |         98 |          1656.20 |      1644.39 |      1667.88 |                  5.00 |                   10.21 |    254 |    18.0208 |
|        1 |         99 |          1656.20 |      1644.39 |      1663.74 |                  5.00 |                   18.34 |    257 |    18.0961 |
|        1 |        100 |          1656.20 |      1644.39 |      1656.05 |                  9.74 |                   33.93 |    258 |    18.1849 |
|        1 |        101 |          1656.20 |      1644.39 |      1673.06 |                 13.10 |                   62.85 |    258 |    18.2483 |
|        1 |        102 |          1656.20 |      1644.39 |      1677.72 |                  8.67 |                  113.05 |    258 |    18.2920 |
|        1 |        103 |          1656.20 |      1644.39 |      1690.63 |                  5.00 |                   90.33 |    258 |    18.3622 |
|        1 |        104 |          1656.20 |      1644.39 |      1669.23 |                  5.00 |                   84.47 |    260 |    18.4803 |
|        1 |        105 |          1656.20 |      1644.39 |      1665.53 |                  6.92 |                   29.39 |    260 |    18.5756 |
|        1 |        106 |          1656.20 |      1644.39 |      1676.90 |                  5.00 |                   12.13 |    260 |    18.6513 |
|        1 |        107 |          1656.20 |      1644.39 |      1676.90 |                  5.00 |                    6.50 |    260 |    18.7088 |
|        1 |        108 |          1656.20 |      1644.39 |      1676.50 |                  5.00 |                    5.15 |    260 |    18.7580 |
|        1 |        109 |          1656.20 |      1644.39 |      1663.45 |                  5.00 |                   11.88 |    262 |    18.8727 |
|        1 |        110 |          1656.20 |      1644.39 |      1668.55 |                  5.00 |                   13.07 |    265 |    18.9573 |
|        1 |        111 |          1656.20 |      1644.39 |      1678.09 |                  5.00 |                    9.85 |    265 |    19.0117 |
|        1 |        112 |          1656.20 |      1644.39 |      1677.37 |                  5.00 |                   14.36 |    265 |    19.0717 |
|        1 |        113 |          1656.20 |      1644.39 |      1675.07 |                  5.00 |                   13.07 |    265 |    19.1435 |
|        1 |        114 |          1656.20 |      1644.39 |      1678.60 |                  5.00 |                   26.91 |    266 |    19.2692 |
|        1 |        115 |          1656.20 |      1644.39 |      1665.20 |                  5.00 |                   19.03 |    269 |    19.3684 |
|        1 |        116 |          1656.20 |      1644.39 |      1665.30 |                  5.00 |                   28.02 |    269 |    19.4245 |
|        1 |        117 |          1656.20 |      1644.39 |      1665.36 |                  5.00 |                   78.09 |    269 |    19.5160 |
|        1 |        118 |          1656.20 |      1644.39 |      1674.30 |                  5.00 |                   43.07 |    271 |    19.6011 |
|        1 |        119 |          1656.20 |      1644.39 |      1674.30 |                  5.00 |                   21.31 |    271 |    19.6668 |
|        1 |        120 |          1656.20 |      1644.39 |      1674.30 |                  5.00 |                   12.37 |    271 |    19.7246 |
|        1 |        121 |          1656.20 |      1644.39 |      1672.65 |                  5.73 |                   33.47 |    272 |    19.8027 |
|        1 |        122 |          1656.20 |      1644.39 |      1674.55 |                  5.00 |                   68.51 |    272 |    19.8639 |
|        1 |        123 |          1656.20 |      1644.39 |      1678.13 |                  5.00 |                   46.70 |    272 |    19.9204 |
------------------------------------------------------------------------------------------------------------------------------------------------
|  Restart |  Iteration |  Best Feas. Cost |    Best Cost |   Curr. Cost |   Penalty Custom Res. |   Penalty Standard Res. |   Pool |   Time (s) |
------------------------------------------------------------------------------------------------------------------------------------------------
|        1 |        124 |          1656.20 |      1644.39 |      1674.22 |                  5.00 |                  148.12 |    272 |    20.0217 |
|        1 |        125 |          1656.20 |      1644.39 |      1685.50 |                  5.00 |                  152.03 |    273 |    20.0974 |
|        1 |        126 |          1656.20 |      1644.39 |      1681.70 |                  5.00 |                  188.88 |    274 |    20.1502 |
|        1 |        127 |          1656.20 |      1644.39 |      1685.65 |                  5.00 |                  142.24 |    275 |    20.2124 |
|        1 |        128 |          1656.20 |      1644.39 |      1695.15 |                  5.00 |                  115.95 |    275 |    20.2880 |
|        1 |        129 |          1656.20 |      1644.39 |      1690.99 |                  5.00 |                  217.04 |    275 |    20.3477 |
|        1 |        130 |          1656.20 |      1644.39 |      1713.18 |                  7.36 |                  286.19 |    278 |    20.4132 |
|        1 |        131 |          1656.20 |      1644.39 |      1676.90 |                  6.17 |                  239.90 |    278 |    20.5278 |
|        1 |        132 |          1656.20 |      1644.39 |      1676.90 |                  5.00 |                  122.33 |    278 |    20.5911 |
|        1 |        133 |          1656.20 |      1644.39 |      1684.70 |                  6.87 |                   66.23 |    278 |    20.6581 |
|        1 |        134 |          1656.20 |      1644.39 |      1677.40 |                  5.00 |                   25.23 |    278 |    20.7501 |
|        1 |        135 |          1656.20 |      1644.39 |      1655.41 |                  8.39 |                   75.36 |    278 |    20.8568 |
|        1 |        136 |          1656.20 |      1644.39 |      1661.36 |                  5.00 |                  104.40 |    278 |    20.9644 |
|        1 |        137 |          1656.20 |      1644.39 |      1671.39 |                  5.00 |                  191.56 |    278 |    21.0153 |
|        1 |        138 |          1656.20 |      1644.39 |      1660.90 |                  5.00 |                  127.59 |    278 |    21.1222 |
|        1 |        139 |          1656.20 |      1644.39 |      1662.20 |                  5.00 |                   54.30 |    278 |    21.2000 |
|        1 |        140 |          1656.20 |      1644.39 |      1662.20 |                  5.00 |                   31.55 |    278 |    21.2486 |
|        1 |        141 |          1656.20 |      1644.39 |      1664.80 |                  5.00 |                   16.58 |    278 |    21.3009 |
|        1 |        142 |          1656.20 |      1644.39 |      1669.14 |                  5.00 |                   12.33 |    280 |    21.4003 |
|        1 |        143 |          1656.20 |      1644.39 |      1653.35 |                  5.00 |                   44.51 |    280 |    21.5248 |
|        1 |        144 |          1656.20 |      1644.39 |      1662.70 |                  5.00 |                   42.99 |    280 |    21.6042 |
|        1 |        145 |          1656.20 |      1644.39 |      1675.60 |                  5.00 |                   21.06 |    280 |    21.6707 |
|        1 |        146 |          1656.20 |      1644.39 |      1675.60 |                  5.00 |                   13.52 |    280 |    21.7248 |
|        1 |        147 |          1656.20 |      1644.39 |      1675.60 |                  5.00 |                   14.88 |    280 |    21.8004 |
|        1 |        148 |          1656.20 |      1644.39 |      1675.60 |                  5.00 |                    9.93 |    280 |    21.8736 |
|        1 |        149 |          1656.20 |      1644.39 |      1697.06 |                  5.00 |                    8.18 |    281 |    21.9442 |
|        1 |        150 |          1656.20 |      1644.39 |      1685.87 |                  7.28 |                   10.03 |    281 |    22.0504 |
|        1 |        151 |          1656.20 |      1644.39 |      1688.90 |                  5.00 |                   12.68 |    282 |    22.1437 |
|        1 |        152 |          1656.20 |      1644.39 |      1664.54 |                  5.00 |                   11.95 |    282 |    22.3072 |
|        1 |        153 |          1656.20 |      1644.39 |      1678.99 |                  5.00 |                   36.07 |    286 |    22.4010 |
|        1 |        154 |          1656.20 |      1644.39 |      1701.48 |                  5.00 |                   64.88 |    286 |    22.4550 |
|        1 |        155 |          1656.20 |      1644.39 |      1708.41 |                  5.00 |                   83.64 |    289 |    22.5644 |
|        1 |        156 |          1656.20 |      1644.39 |      1706.08 |                  5.00 |                  171.21 |    289 |    22.6239 |
|        1 |        157 |          1656.20 |      1644.39 |      1714.49 |                  5.00 |                  167.30 |    289 |    22.6822 |
|        1 |        158 |          1656.20 |      1644.39 |      1736.60 |                  5.00 |                   87.04 |    291 |    22.7427 |
|        1 |        159 |          1656.20 |      1644.39 |      1698.80 |                  5.00 |                   50.93 |    291 |    22.8364 |
|        1 |        160 |          1656.20 |      1644.39 |      1671.30 |                  5.00 |                   16.17 |    293 |    22.9511 |
|        1 |        161 |          1656.20 |      1644.39 |      1679.30 |                  5.00 |                    8.41 |    293 |    23.0106 |
|        1 |        162 |          1656.20 |      1644.39 |      1678.46 |                  5.00 |                    5.79 |    293 |    23.0717 |
|        1 |        163 |          1656.20 |      1644.39 |      1669.37 |                  5.00 |                   10.31 |    293 |    23.1278 |
|        1 |        164 |          1656.20 |      1644.39 |      1671.20 |                  5.00 |                   12.17 |    293 |    23.1905 |
|        1 |        165 |          1656.20 |      1644.39 |      1680.00 |                  5.00 |                   14.50 |    293 |    23.2786 |
|        1 |        166 |          1656.20 |      1644.39 |      1681.10 |                  5.00 |                    8.67 |    293 |    23.3449 |
|        1 |        167 |          1656.20 |      1644.39 |      1688.35 |                  5.00 |                   19.21 |    293 |    23.4302 |
|        1 |        168 |          1656.20 |      1644.39 |      1670.30 |                  5.00 |                   19.46 |    293 |    23.5579 |
|        1 |        169 |          1656.20 |      1644.39 |      1669.80 |                  5.00 |                   14.94 |    293 |    23.6418 |
|        1 |        170 |          1656.20 |      1644.39 |      1669.80 |                  5.00 |                    7.61 |    293 |    23.7109 |
|        1 |        171 |          1656.20 |      1644.39 |      1657.43 |                  5.00 |                   16.53 |    293 |    23.7979 |
|        1 |        172 |          1656.20 |      1644.39 |      1671.10 |                  5.00 |                   14.03 |    293 |    23.8713 |
|        1 |        173 |          1656.20 |      1644.39 |      1670.68 |                  5.00 |                   24.97 |    293 |    23.9317 |
|        1 |        174 |          1656.20 |      1644.39 |      1661.04 |                  5.00 |                   44.92 |    293 |    23.9877 |
|        1 |        175 |          1656.20 |      1644.39 |      1665.13 |                  5.00 |                   56.31 |    293 |    24.0524 |
|        1 |        176 |          1656.20 |      1644.39 |      1667.10 |                  5.00 |                   63.95 |    293 |    24.1003 |
|        1 |        177 |          1656.20 |      1644.39 |      1657.40 |                  5.00 |                   55.84 |    293 |    24.1926 |
|        1 |        178 |          1656.20 |      1644.39 |      1656.40 |                  5.00 |                   33.44 |    293 |    24.2383 |
|        1 |        179 |          1656.20 |      1644.39 |      1656.40 |                  5.00 |                   17.57 |    293 |    24.2979 |
|        1 |        180 |          1656.20 |      1644.39 |      1665.80 |                  5.00 |                    8.61 |    293 |    24.3588 |
|        1 |        181 |          1656.20 |      1644.39 |      1669.50 |                  5.00 |                    7.68 |    293 |    24.4269 |
|        1 |        182 |          1656.20 |      1644.39 |      1668.50 |                  5.86 |                    6.67 |    293 |    24.5088 |
|        1 |        183 |          1656.20 |      1644.39 |      1665.80 |                  5.00 |                    8.14 |    293 |    24.5818 |
|        1 |        184 |          1656.20 |      1644.39 |      1677.47 |                  5.00 |                   10.61 |    295 |    24.6671 |
|        1 |        185 |          1656.20 |      1644.39 |      1696.63 |                  5.00 |                    7.30 |    296 |    24.7344 |
|        1 |        186 |          1656.20 |      1644.39 |      1700.33 |                  5.00 |                   14.89 |    299 |    24.8573 |
|        1 |        187 |          1656.20 |      1644.39 |      1704.56 |                  5.00 |                  107.85 |    299 |    25.0279 |
|        1 |        188 |          1656.20 |      1644.39 |      1714.02 |                  5.00 |                  173.70 |    299 |    25.0834 |
|        1 |        189 |          1656.20 |      1644.39 |      1720.34 |                  5.00 |                  303.26 |    299 |    25.1320 |
|        1 |        190 |          1656.20 |      1644.39 |      1697.10 |                  5.00 |                   91.49 |    301 |    25.2717 |
|        1 |        191 |          1656.20 |      1644.39 |      1697.10 |                  5.00 |                   47.60 |    301 |    25.3308 |
|        1 |        192 |          1656.20 |      1644.39 |      1658.60 |                  5.00 |                   14.97 |    301 |    25.4537 |
|        1 |        193 |          1656.20 |      1644.39 |      1658.60 |                  5.00 |                   10.41 |    301 |    25.5422 |
|        1 |        194 |          1656.20 |      1644.39 |      1655.00 |                 11.19 |                    9.76 |    301 |    25.6578 |
|        1 |        195 |          1656.20 |      1644.39 |      1662.03 |                 20.95 |                   10.23 |    301 |    25.7163 |
|        1 |        196 |          1656.20 |      1644.39 |      1679.36 |                 10.15 |                   20.50 |    305 |    25.7972 |
|        1 |        197 |          1656.20 |      1644.39 |      1675.10 |                  5.00 |                   10.34 |    307 |    25.8703 |
|        1 |        198 |          1656.20 |      1644.39 |      1679.02 |                  5.00 |                   12.32 |    312 |    25.9513 |
|        1 |        199 |          1656.20 |      1644.39 |      1679.20 |                  5.00 |                   11.45 |    313 |    26.0128 |
|        1 |        200 |          1656.20 |      1644.39 |      1671.27 |                  5.00 |                    7.56 |    314 |    26.0996 |
|        1 |        201 |          1656.20 |      1644.39 |      1670.24 |                  5.00 |                   11.82 |    314 |    26.1636 |
|        1 |        202 |          1656.20 |      1644.39 |      1671.30 |                  5.86 |                   12.25 |    314 |    26.2481 |
|        1 |        203 |          1656.20 |      1644.39 |      1666.30 |                  5.00 |                   13.76 |    314 |    26.3210 |
|        1 |        204 |          1656.20 |      1644.39 |      1702.23 |                  5.00 |                   22.82 |    323 |    26.4076 |
|        1 |        205 |          1656.20 |      1644.39 |      1698.70 |                  5.00 |                   29.44 |    326 |    26.5162 |
|        1 |        206 |          1656.20 |      1644.39 |      1691.07 |                  5.00 |                   25.26 |    326 |    26.5774 |
|        1 |        207 |          1656.20 |      1644.39 |      1689.76 |                  5.00 |                   46.35 |    326 |    26.6362 |
|        1 |        208 |          1656.20 |      1644.39 |      1666.70 |                  5.00 |                   30.86 |    327 |    26.7623 |
|        1 |        209 |          1656.20 |      1644.39 |      1663.20 |                  5.00 |                    8.61 |    327 |    26.8903 |
|        1 |        210 |          1656.20 |      1644.39 |      1662.32 |                  5.00 |                    6.95 |    327 |    26.9694 |
|        1 |        211 |          1656.20 |      1644.39 |      1650.74 |                  5.00 |                   13.89 |    328 |    27.0967 |
|        1 |        212 |          1656.20 |      1644.39 |      1664.09 |                  9.54 |                   19.80 |    328 |    27.1934 |
|        1 |        213 |          1656.20 |      1644.39 |      1659.83 |                  5.00 |                   46.05 |    330 |    27.2966 |
|        1 |        214 |          1656.20 |      1644.39 |      1668.57 |                  5.00 |                   45.41 |    331 |    27.3656 |
|        1 |        215 |          1656.20 |      1644.39 |      1670.43 |                  5.80 |                   72.33 |    331 |    27.4491 |
|        1 |        216 |          1656.20 |      1644.39 |      1694.45 |                  5.00 |                   46.43 |    331 |    27.5082 |
|        1 |        217 |          1656.20 |      1644.39 |      1690.80 |                  5.00 |                   21.37 |    333 |    27.6141 |
|        1 |        218 |          1656.20 |      1644.39 |      1690.80 |                  5.00 |                    9.96 |    333 |    27.7401 |
|        1 |        219 |          1656.20 |      1644.39 |      1677.57 |                  5.00 |                   10.19 |    333 |    27.8671 |
|        1 |        220 |          1656.20 |      1644.39 |      1673.16 |                  5.00 |                   10.13 |    333 |    27.9884 |
|        1 |        221 |          1656.20 |      1644.39 |      1676.46 |                 11.08 |                    9.87 |    334 |    28.0983 |
|        1 |        222 |          1656.20 |      1644.39 |      1682.40 |                 20.75 |                    7.97 |    334 |    28.1592 |
|        1 |        223 |          1656.20 |      1644.39 |      1670.03 |                  5.05 |                   10.01 |    334 |    28.3878 |
|        1 |        224 |          1656.20 |      1644.39 |      1670.01 |                  5.00 |                    9.87 |    334 |    28.4630 |
|        1 |        225 |          1656.20 |      1644.39 |      1677.06 |                 10.13 |                   10.52 |    334 |    28.5652 |
|        1 |        226 |          1656.20 |      1644.39 |      1682.95 |                 18.78 |                    9.68 |    334 |    28.6207 |
|        1 |        227 |          1656.20 |      1644.39 |      1668.27 |                  5.51 |                   18.24 |    334 |    28.7387 |
|        1 |        228 |          1656.20 |      1644.39 |      1668.30 |                  5.00 |                    9.78 |    334 |    28.7964 |
|        1 |        229 |          1656.20 |      1644.39 |      1698.80 |                  5.00 |                   10.04 |    335 |    28.8633 |
|        1 |        230 |          1656.20 |      1644.39 |      1687.52 |                  5.00 |                   14.49 |    335 |    28.9318 |
|        1 |        231 |          1656.20 |      1644.39 |      1691.70 |                  5.00 |                   10.17 |    335 |    29.0129 |
|        1 |        232 |          1656.20 |      1644.39 |      1673.57 |                  5.00 |                   10.10 |    335 |    29.1451 |
|        1 |        233 |          1656.20 |      1644.39 |      1683.60 |                  5.00 |                   10.06 |    335 |    29.2113 |
|        1 |        234 |          1656.20 |      1644.39 |      1667.07 |                  5.00 |                    6.57 |    335 |    29.3082 |
|        1 |        235 |          1656.20 |      1644.39 |      1665.59 |                  5.00 |                    9.87 |    335 |    29.3773 |
|        1 |        236 |          1656.20 |      1644.39 |      1665.80 |                  5.00 |                   10.02 |    335 |    29.4604 |
|        1 |        237 |          1656.20 |      1644.39 |      1675.20 |                  5.00 |                    6.96 |    335 |    29.5319 |
|        1 |        238 |          1656.20 |      1644.39 |      1673.39 |                  5.00 |                   11.43 |    335 |    29.6229 |
|        1 |        239 |          1656.20 |      1644.39 |      1673.98 |                  5.00 |                   27.43 |    335 |    29.7003 |
|        1 |        240 |          1656.20 |      1644.39 |      1680.98 |                  5.00 |                   24.74 |    335 |    29.7604 |
|        1 |        241 |          1656.20 |      1644.39 |      1683.13 |                  5.00 |                   33.94 |    335 |    29.8259 |
|        1 |        242 |          1656.20 |      1644.39 |      1680.20 |                  5.00 |                   39.22 |    335 |    29.9169 |
|        1 |        243 |          1656.20 |      1644.39 |      1699.50 |                  5.00 |                   51.71 |    337 |    29.9787 |
|        1 |        244 |          1656.20 |      1644.39 |      1694.90 |                  5.00 |                   15.17 |    337 |    30.0947 |
|        1 |        245 |          1656.20 |      1644.39 |      1681.60 |                  5.00 |                    5.49 |    337 |    30.1975 |
|        1 |        246 |          1656.20 |      1644.39 |      1681.60 |                  5.00 |                    5.00 |    337 |    30.2674 |
|        1 |        247 |          1656.20 |      1644.39 |      1651.95 |                  5.00 |                   15.85 |    337 |    30.3960 |
|        1 |        248 |          1656.20 |      1644.39 |      1652.84 |                  5.00 |                   32.45 |    337 |    30.4602 |
|        1 |        249 |          1656.20 |      1644.39 |      1667.38 |                  5.00 |                   57.21 |    337 |    30.5124 |
|        1 |        250 |          1656.20 |      1644.39 |      1684.38 |                  5.00 |                  123.09 |    337 |    30.5802 |
|        1 |        251 |          1656.20 |      1644.39 |      1679.63 |                  5.00 |                  212.77 |    337 |    30.6321 |
|        1 |        252 |          1656.20 |      1644.39 |      1689.50 |                  5.00 |                  116.14 |    338 |    30.7240 |
|        1 |        253 |          1656.20 |      1644.39 |      1689.50 |                  5.00 |                   59.23 |    338 |    30.7860 |
|        1 |        254 |          1656.20 |      1644.39 |      1688.00 |                  5.00 |                   24.96 |    338 |    30.8674 |
|        1 |        255 |          1656.20 |      1644.39 |      1681.30 |                  5.00 |                    7.54 |    338 |    30.9878 |
|        1 |        256 |          1656.20 |      1644.39 |      1669.30 |                  5.00 |                    6.13 |    338 |    31.1119 |
|        1 |        257 |          1656.20 |      1644.39 |      1669.30 |                  5.00 |                    5.00 |    338 |    31.1833 |
|        1 |        258 |          1656.20 |      1644.39 |      1657.50 |                  5.00 |                    5.03 |    338 |    31.2968 |
|        1 |        259 |          1656.20 |      1644.39 |      1653.33 |                  5.00 |                    7.71 |    338 |    31.3713 |
|        1 |        260 |          1656.20 |      1644.39 |      1655.25 |                  5.00 |                   10.26 |    338 |    31.5135 |
|        1 |        261 |          1656.20 |      1644.39 |      1670.84 |                  5.00 |                    9.86 |    338 |    31.6890 |
|        1 |        262 |          1656.20 |      1644.39 |      1677.30 |                  5.00 |                   14.79 |    339 |    31.7589 |
|        1 |        263 |          1656.20 |      1644.39 |      1677.30 |                  5.00 |                   10.39 |    339 |    31.8244 |
|        1 |        264 |          1656.20 |      1644.39 |      1665.14 |                 12.74 |                   10.52 |    340 |    31.9518 |
|        1 |        265 |          1656.20 |      1644.39 |      1671.04 |                 14.61 |                    8.59 |    340 |    32.0065 |
|        1 |        266 |          1656.20 |      1644.39 |      1666.31 |                  6.54 |                   19.04 |    340 |    32.0818 |
|        1 |        267 |          1656.20 |      1644.39 |      1668.76 |                  5.00 |                   35.99 |    340 |    32.1389 |
|        1 |        268 |          1656.20 |      1644.39 |      1671.00 |                  5.00 |                   31.45 |    340 |    32.2217 |
|        1 |        269 |          1656.20 |      1644.39 |      1669.80 |                  5.00 |                   18.26 |    340 |    32.2843 |
|        1 |        270 |          1656.20 |      1644.39 |      1686.73 |                  5.00 |                   19.64 |    346 |    32.4026 |
|        1 |        271 |          1656.20 |      1644.39 |      1684.53 |                 14.77 |                   74.34 |    347 |    32.5650 |
|        1 |        272 |          1656.20 |      1644.39 |      1676.90 |                 12.65 |                   29.77 |    348 |    32.6570 |
|        1 |        273 |          1656.20 |      1644.39 |      1678.00 |                  7.50 |                   18.01 |    348 |    32.7103 |
|        1 |        274 |          1656.20 |      1644.39 |      1657.68 |                  5.75 |                   52.70 |    348 |    32.8188 |
|        1 |        275 |          1656.20 |      1644.39 |      1660.38 |                  5.00 |                   92.00 |    348 |    32.8701 |
|        1 |        276 |          1656.20 |      1644.39 |      1654.87 |                  5.00 |                  186.48 |    348 |    32.9362 |
|        1 |        277 |          1656.20 |      1644.39 |      1665.59 |                  5.00 |                  359.61 |    348 |    32.9971 |
|        1 |        278 |          1656.20 |      1644.39 |      1656.90 |                  5.00 |                  157.73 |    348 |    33.0770 |
|        1 |        279 |          1656.20 |      1644.39 |      1672.30 |                  5.00 |                   72.74 |    348 |    33.1502 |
|        1 |        280 |          1656.20 |      1644.39 |      1668.90 |                  5.00 |                   19.10 |    348 |    33.2921 |
|        1 |        281 |          1656.20 |      1644.39 |      1668.90 |                  5.00 |                   11.21 |    348 |    33.3462 |
|        1 |        282 |          1656.20 |      1644.39 |      1668.90 |                  5.00 |                    9.91 |    348 |    33.4042 |
|        1 |        283 |          1656.20 |      1644.39 |      1661.61 |                  5.00 |                   15.89 |    348 |    33.5492 |
|        1 |        284 |          1656.20 |      1644.39 |      1661.80 |                  5.00 |                    8.70 |    348 |    33.6048 |
|        1 |        285 |          1656.20 |      1644.39 |      1648.27 |                  5.00 |                   28.59 |    348 |    33.7822 |
|        1 |        286 |          1656.20 |      1644.39 |      1661.05 |                  5.41 |                   62.12 |    348 |    33.8564 |
|        1 |        287 |          1656.20 |      1644.39 |      1667.86 |                  5.00 |                  122.21 |    348 |    33.9218 |
|        1 |        288 |          1656.20 |      1644.39 |      1700.25 |                  5.00 |                   92.86 |    348 |    34.0043 |
|        1 |        289 |          1656.20 |      1644.39 |      1701.32 |                  5.00 |                   59.00 |    348 |    34.0686 |
|        1 |        290 |          1656.20 |      1644.39 |      1697.80 |                  5.00 |                   26.92 |    350 |    34.1516 |
|        1 |        291 |          1656.20 |      1644.39 |      1675.50 |                  5.00 |                    9.92 |    352 |    34.3019 |
|        1 |        292 |          1656.20 |      1644.39 |      1675.50 |                  5.00 |                    6.49 |    352 |    34.3720 |
|        1 |        293 |          1656.20 |      1644.39 |      1662.29 |                  5.00 |                   22.73 |    352 |    34.5056 |
|        1 |        294 |          1656.20 |      1644.39 |      1659.85 |                  7.08 |                   94.31 |    352 |    34.6397 |
|        1 |        295 |          1656.20 |      1644.39 |      1672.91 |                  8.71 |                   67.60 |    352 |    34.6943 |
|        1 |        296 |          1656.20 |      1644.39 |      1682.70 |                  5.11 |                  116.84 |    352 |    34.7442 |
|        1 |        297 |          1656.20 |      1644.39 |      1701.41 |                  5.00 |                  110.73 |    352 |    34.8152 |
|        1 |        298 |          1656.20 |      1644.39 |      1694.29 |                  5.00 |                  317.93 |    352 |    34.9128 |
|        1 |        299 |          1656.20 |      1644.39 |      1671.50 |                  5.00 |                  132.14 |    352 |    35.0648 |
|        1 |        300 |          1656.20 |      1644.39 |      1695.60 |                  5.00 |                   55.10 |    352 |    35.1476 |
|        1 |        301 |          1656.20 |      1644.39 |      1725.10 |                  5.00 |                   33.33 |    355 |    35.1967 |
|        1 |        302 |          1656.20 |      1644.39 |      1670.00 |                  5.00 |                    5.24 |    355 |    35.4866 |
|        1 |        303 |          1656.20 |      1644.39 |      1655.94 |                  5.00 |                   13.76 |    356 |    35.5850 |
|        1 |        304 |          1656.20 |      1644.39 |      1664.64 |                  5.00 |                   29.02 |    356 |    35.6681 |
|        1 |        305 |          1656.20 |      1644.39 |      1665.90 |                  5.00 |                   13.24 |    356 |    35.7497 |
|        1 |        306 |          1656.20 |      1644.39 |      1665.90 |                  5.00 |                    7.46 |    356 |    35.8215 |
|        1 |        307 |          1656.20 |      1644.39 |      1657.23 |                  5.00 |                    7.41 |    356 |    35.9375 |
|        1 |        308 |          1656.20 |      1644.39 |      1669.61 |                  5.00 |                   12.66 |    357 |    36.0080 |
|        1 |        309 |          1656.20 |      1644.39 |      1665.74 |                  5.00 |                   22.31 |    357 |    36.0744 |
|        1 |        310 |          1656.20 |      1644.39 |      1660.70 |                  5.74 |                   12.56 |    358 |    36.1582 |
|        1 |        311 |          1656.20 |      1644.39 |      1660.54 |                  5.00 |                   11.32 |    358 |    36.2341 |
|        1 |        312 |          1656.20 |      1644.39 |      1658.66 |                  6.35 |                   10.71 |    360 |    36.3234 |
|        1 |        313 |          1656.20 |      1644.39 |      1662.38 |                  5.00 |                    8.71 |    360 |    36.4342 |
|        1 |        314 |          1656.20 |      1644.39 |      1707.31 |                  5.36 |                   11.02 |    362 |    36.5158 |
|        1 |        315 |          1656.20 |      1644.39 |      1674.35 |                  5.00 |                   42.57 |    367 |    36.6836 |
|        1 |        316 |          1656.20 |      1644.39 |      1703.10 |                  5.00 |                   22.14 |    370 |    36.7545 |
|        1 |        317 |          1656.20 |      1644.39 |      1679.89 |                  5.00 |                   20.15 |    370 |    36.8919 |
|        1 |        318 |          1656.20 |      1644.39 |      1679.61 |                  5.00 |                   53.96 |    371 |    37.0060 |
|        1 |        319 |          1656.20 |      1644.39 |      1658.00 |                  5.00 |                   23.36 |    371 |    37.1366 |
|        1 |        320 |          1656.20 |      1644.39 |      1709.00 |                  5.00 |                   11.67 |    375 |    37.2170 |
|        1 |        321 |          1656.20 |      1644.39 |      1755.40 |                  5.00 |                    5.83 |    376 |    37.2977 |
|        1 |        322 |          1656.20 |      1644.39 |      1726.44 |                  5.00 |                    9.39 |    379 |    37.3864 |
|        1 |        323 |          1656.20 |      1644.39 |      1681.13 |                  5.00 |                   17.38 |    379 |    37.4635 |
|        1 |        324 |          1656.20 |      1644.39 |      1679.87 |                  5.00 |                   18.02 |    379 |    37.5272 |
|        1 |        325 |          1656.20 |      1644.39 |      1690.10 |                  5.00 |                   16.57 |    379 |    37.5975 |
|        1 |        326 |          1656.20 |      1644.39 |      1678.24 |                  5.00 |                   15.14 |    379 |    37.7877 |
|        1 |        327 |          1656.20 |      1644.39 |      1687.80 |                  5.00 |                    9.80 |    379 |    37.8715 |
|        1 |        328 |          1656.20 |      1644.39 |      1690.29 |                  5.00 |                   10.05 |    380 |    37.9629 |
|        1 |        329 |          1656.20 |      1644.39 |      1690.40 |                  5.00 |                    6.13 |    380 |    38.0364 |
|        1 |        330 |          1656.20 |      1644.39 |      1659.58 |                  8.39 |                   20.24 |    380 |    38.1509 |
|        1 |        331 |          1656.20 |      1644.39 |      1713.01 |                  5.00 |                   13.79 |    382 |    38.2126 |
|        1 |        332 |          1656.20 |      1644.39 |      1712.38 |                  5.00 |                   28.52 |    382 |    38.2835 |
|        1 |        333 |          1656.20 |      1644.39 |      1689.00 |                  5.00 |                   95.06 |    382 |    38.3944 |
|        1 |        334 |          1656.20 |      1644.39 |      1693.99 |                  5.00 |                  264.92 |    383 |    38.4834 |
|        1 |        335 |          1656.20 |      1644.39 |      1689.60 |                  5.00 |                  158.50 |    383 |    38.5498 |
|        1 |        336 |          1656.20 |      1644.39 |      1689.60 |                  5.00 |                   84.94 |    383 |    38.6225 |
|        1 |        337 |          1656.20 |      1644.39 |      1686.20 |                  5.00 |                   29.26 |    384 |    38.7223 |
|        1 |        338 |          1656.20 |      1644.39 |      1683.60 |                  5.00 |                   16.62 |    384 |    38.8183 |
|        1 |        339 |          1656.20 |      1644.39 |      1683.60 |                  5.00 |                   13.04 |    384 |    38.8761 |
|        1 |        340 |          1656.20 |      1644.39 |      1680.63 |                  5.00 |                   11.05 |    384 |    38.9713 |
|        1 |        341 |          1656.20 |      1644.39 |      1672.45 |                  5.29 |                   32.70 |    385 |    39.0664 |
|        1 |        342 |          1656.20 |      1644.39 |      1678.61 |                  5.00 |                   28.91 |    385 |    39.1209 |
|        1 |        343 |          1656.20 |      1644.39 |      1694.89 |                  5.00 |                   56.88 |    385 |    39.1793 |
|        1 |        344 |          1656.20 |      1644.39 |      1678.50 |                  5.00 |                   12.10 |    385 |    39.3233 |
|        1 |        345 |          1656.20 |      1644.39 |      1685.90 |                  5.00 |                    8.24 |    386 |    39.3944 |
|        1 |        346 |          1656.20 |      1644.39 |      1682.95 |                  5.00 |                   16.70 |    388 |    39.4558 |
|        1 |        347 |          1656.20 |      1644.39 |      1672.10 |                  5.00 |                    8.09 |    388 |    39.5360 |
|        1 |        348 |          1656.20 |      1644.39 |      1672.10 |                  5.00 |                    8.39 |    388 |    39.6018 |
|        1 |        349 |          1656.20 |      1644.39 |      1672.10 |                  5.00 |                    5.69 |    388 |    39.6605 |
|        1 |        350 |          1656.20 |      1644.39 |      1670.44 |                  5.00 |                    8.71 |    388 |    39.7470 |
|        1 |        351 |          1656.20 |      1644.39 |      1670.61 |                  5.00 |                   14.91 |    388 |    39.7965 |
|        1 |        352 |          1656.20 |      1644.39 |      1671.27 |                  5.00 |                   29.62 |    388 |    39.8625 |
|        1 |        353 |          1656.20 |      1644.39 |      1673.85 |                  5.00 |                   80.91 |    388 |    39.9528 |
------------------------------------------------------------------------------------------------------------------------------------------------
|  Restart |  Iteration |  Best Feas. Cost |    Best Cost |   Curr. Cost |   Penalty Custom Res. |   Penalty Standard Res. |   Pool |   Time (s) |
------------------------------------------------------------------------------------------------------------------------------------------------
|        1 |        354 |          1656.20 |      1644.39 |      1687.04 |                  5.00 |                  131.45 |    388 |    40.0366 |
|        1 |        355 |          1656.20 |      1644.39 |      1686.78 |                  5.00 |                  261.17 |    388 |    40.1041 |
|        1 |        356 |          1656.20 |      1644.39 |      1698.52 |                  5.00 |                  217.43 |    388 |    40.1638 |
|        1 |        357 |          1656.20 |      1644.39 |      1693.18 |                  5.00 |                  190.28 |    388 |    40.2250 |
|        1 |        358 |          1656.20 |      1644.39 |      1683.20 |                  5.00 |                   91.89 |    388 |    40.3663 |
|        1 |        359 |          1656.20 |      1644.39 |      1702.20 |                  5.00 |                   49.78 |    388 |    40.4286 |
|        1 |        360 |          1656.20 |      1644.39 |      1682.48 |                  5.00 |                   95.99 |    389 |    40.4881 |
|        1 |        361 |          1656.20 |      1644.39 |      1707.49 |                  5.00 |                  196.50 |    389 |    40.5519 |
|        1 |        362 |          1656.20 |      1644.39 |      1720.40 |                  5.00 |                   89.63 |    389 |    40.6355 |
|        1 |        363 |          1656.20 |      1644.39 |      1722.30 |                  5.00 |                   68.86 |    389 |    40.6983 |
|        1 |        364 |          1656.20 |      1644.39 |      1722.30 |                  5.00 |                   41.64 |    389 |    40.7490 |
|        1 |        365 |          1656.20 |      1644.39 |      1722.10 |                  5.00 |                   19.39 |    390 |    40.8214 |
|        1 |        366 |          1656.20 |      1644.39 |      1714.40 |                  5.00 |                    9.47 |    391 |    40.9450 |
|        1 |        367 |          1656.20 |      1644.39 |      1681.10 |                  5.00 |                    9.71 |    391 |    41.0349 |
|        1 |        368 |          1656.20 |      1644.39 |      1676.79 |                  5.00 |                   13.46 |    393 |    41.0938 |
|        1 |        369 |          1656.20 |      1644.39 |      1700.90 |                  5.00 |                   12.26 |    393 |    41.1582 |
|        1 |        370 |          1656.20 |      1644.39 |      1700.20 |                  5.00 |                   16.65 |    393 |    41.2235 |
|        1 |        371 |          1656.20 |      1644.39 |      1684.10 |                  5.00 |                   44.51 |    394 |    41.3499 |
|        1 |        372 |          1656.20 |      1644.39 |      1694.30 |                  5.00 |                   19.92 |    394 |    41.4354 |
|        1 |        373 |          1656.20 |      1644.39 |      1694.30 |                  5.00 |                   10.89 |    394 |    41.5032 |
|        1 |        374 |          1656.20 |      1644.39 |      1677.24 |                  5.00 |                   26.38 |    394 |    41.6146 |
|        1 |        375 |          1656.20 |      1644.39 |      1673.21 |                  5.00 |                   65.23 |    394 |    41.7020 |
|        1 |        376 |          1656.20 |      1644.39 |      1676.05 |                  5.00 |                  116.17 |    394 |    41.7574 |
|        1 |        377 |          1656.20 |      1644.39 |      1682.36 |                  5.00 |                  150.11 |    394 |    41.8206 |
|        1 |        378 |          1656.20 |      1644.39 |      1673.10 |                  5.00 |                  137.87 |    394 |    41.9082 |
|        1 |        379 |          1656.20 |      1644.39 |      1670.35 |                  5.00 |                   28.72 |    395 |    42.0699 |
|        1 |        380 |          1656.20 |      1644.39 |      1663.01 |                  6.39 |                   12.97 |    396 |    42.1593 |
|        1 |        381 |          1656.20 |      1644.39 |      1672.14 |                  5.00 |                   10.04 |    396 |    42.2700 |
|        1 |        382 |          1656.20 |      1644.39 |      1672.17 |                  5.00 |                   10.19 |    396 |    42.3528 |
|        1 |        383 |          1656.20 |      1644.39 |      1678.30 |                  5.75 |                   10.05 |    396 |    42.4201 |
|        1 |        384 |          1656.20 |      1644.39 |      1682.19 |                  5.00 |                   11.04 |    399 |    42.5341 |
|        1 |        385 |          1656.20 |      1644.39 |      1664.97 |                  5.00 |                   23.52 |    399 |    42.6020 |
|        1 |        386 |          1656.20 |      1644.39 |      1666.10 |                  5.00 |                   15.09 |    399 |    42.6775 |
|        1 |        387 |          1656.20 |      1644.39 |      1658.70 |                  5.00 |                    6.42 |    399 |    42.7587 |
|        1 |        388 |          1656.20 |      1644.39 |      1662.37 |                  5.00 |                   11.65 |    401 |    42.8385 |
|        1 |        389 |          1656.20 |      1644.39 |      1664.87 |                  5.00 |                   15.20 |    401 |    42.9087 |
|        1 |        390 |          1656.20 |      1644.39 |      1671.60 |                  5.52 |                    9.57 |    401 |    42.9719 |
|        1 |        391 |          1656.20 |      1644.39 |      1676.40 |                  5.00 |                    5.00 |    401 |    43.0394 |
|        1 |        392 |          1656.20 |      1644.39 |      1669.85 |                 10.44 |                   10.21 |    401 |    43.1656 |
|        1 |        393 |          1656.20 |      1644.39 |      1674.95 |                  6.25 |                   10.48 |    401 |    43.2293 |
|        1 |        394 |          1656.20 |      1644.39 |      1676.82 |                  5.00 |                   10.75 |    401 |    43.3117 |
|        1 |        395 |          1656.20 |      1644.39 |      1656.40 |                  5.00 |                    9.45 |    401 |    43.4837 |
|        1 |        396 |          1656.20 |      1644.39 |      1691.62 |                  6.94 |                   16.49 |    401 |    43.5375 |
|        1 |        397 |          1656.20 |      1644.39 |      1668.79 |                  5.00 |                   38.29 |    401 |    43.6783 |
|        1 |        398 |          1656.20 |      1644.39 |      1680.63 |                  5.00 |                   69.51 |    401 |    43.7454 |
|        1 |        399 |          1656.20 |      1644.39 |      1673.90 |                  5.00 |                   48.68 |    401 |    43.8558 |
|        1 |        400 |          1656.20 |      1644.39 |      1673.90 |                  5.00 |                   30.03 |    401 |    43.9104 |
|        1 |        401 |          1656.20 |      1644.39 |      1673.90 |                  5.00 |                   17.62 |    401 |    43.9687 |
|        1 |        402 |          1656.20 |      1644.39 |      1690.40 |                  5.00 |                   10.23 |    402 |    44.0246 |
|        1 |        403 |          1656.20 |      1644.39 |      1677.12 |                 10.62 |                   20.46 |    403 |    44.1459 |
|        1 |        404 |          1656.20 |      1644.39 |      1688.37 |                 11.70 |                   13.68 |    403 |    44.1900 |
|        1 |        405 |          1656.20 |      1644.39 |      1682.00 |                  6.03 |                    7.33 |    403 |    44.2632 |
|        1 |        406 |          1656.20 |      1644.39 |      1683.95 |                  5.00 |                   10.21 |    406 |    44.4088 |
|        1 |        407 |          1656.20 |      1644.39 |      1683.67 |                  7.06 |                   10.06 |    406 |    44.4897 |
|        1 |        408 |          1656.20 |      1644.39 |      1684.11 |                 11.15 |                   10.44 |    406 |    44.5468 |
|        1 |        409 |          1656.20 |      1644.39 |      1672.85 |                  5.00 |                   15.96 |    406 |    44.6467 |
|        1 |        410 |          1656.20 |      1644.39 |      1661.29 |                  5.00 |                   14.52 |    406 |    44.7293 |
|        1 |        411 |          1656.20 |      1644.39 |      1660.62 |                  5.00 |                   10.51 |    406 |    44.7908 |
|        1 |        412 |          1656.20 |      1644.39 |      1661.40 |                  5.92 |                   13.99 |    406 |    44.8602 |
|        1 |        413 |          1656.20 |      1644.39 |      1662.04 |                  5.00 |                   12.99 |    406 |    44.9290 |
|        1 |        414 |          1656.20 |      1644.39 |      1682.41 |                  5.00 |                   11.14 |    406 |    44.9960 |
|        1 |        415 |          1656.20 |      1644.39 |      1677.40 |                  5.00 |                    7.26 |    406 |    45.1489 |
|        1 |        416 |          1656.20 |      1644.39 |      1677.40 |                  5.00 |                    7.45 |    406 |    45.2066 |
|        1 |        417 |          1656.20 |      1644.39 |      1673.95 |                  5.00 |                   13.64 |    407 |    45.2999 |
|        1 |        418 |          1656.20 |      1644.39 |      1681.99 |                  5.00 |                   33.74 |    408 |    45.3781 |
|        1 |        419 |          1656.20 |      1644.39 |      1682.00 |                  5.00 |                   35.67 |    408 |    45.4468 |
|        1 |        420 |          1656.20 |      1644.39 |      1660.94 |                  5.00 |                   47.83 |    408 |    45.5631 |
|        1 |        421 |          1656.20 |      1644.39 |      1660.74 |                  5.00 |                   86.89 |    408 |    45.6159 |
|        1 |        422 |          1656.20 |      1644.39 |      1675.39 |                  5.00 |                  164.26 |    408 |    45.6719 |
|        1 |        423 |          1656.20 |      1644.39 |      1657.70 |                  5.00 |                   77.22 |    408 |    45.7532 |
|        1 |        424 |          1656.20 |      1644.39 |      1672.20 |                  5.00 |                   28.26 |    408 |    45.8418 |
|        1 |        425 |          1656.20 |      1644.39 |      1672.20 |                  5.00 |                   14.55 |    408 |    45.8999 |
|        1 |        426 |          1656.20 |      1644.39 |      1672.20 |                  5.00 |                    8.62 |    408 |    45.9658 |
|        1 |        427 |          1656.20 |      1644.39 |      1672.20 |                  5.00 |                    5.00 |    408 |    46.0175 |
|        1 |        428 |          1656.20 |      1644.39 |      1674.90 |                  5.00 |                    5.00 |    408 |    46.0893 |
|        1 |        429 |          1656.20 |      1644.39 |      1664.85 |                  5.00 |                    8.99 |    408 |    46.1471 |
|        1 |        430 |          1656.20 |      1644.39 |      1673.92 |                  5.00 |                    8.85 |    408 |    46.2418 |
|        1 |        431 |          1656.20 |      1644.39 |      1673.77 |                  5.00 |                   10.46 |    408 |    46.2951 |
|        1 |        432 |          1656.20 |      1644.39 |      1676.10 |                  5.00 |                    6.65 |    408 |    46.3608 |
|        1 |        433 |          1656.20 |      1644.39 |      1694.60 |                  5.00 |                   10.18 |    408 |    46.4115 |
|        1 |        434 |          1656.20 |      1644.39 |      1684.63 |                  5.00 |                   17.83 |    409 |    46.5789 |
|        1 |        435 |          1656.20 |      1644.39 |      1685.40 |                  5.00 |                    8.38 |    409 |    46.6542 |
|        1 |        436 |          1656.20 |      1644.39 |      1676.75 |                  5.00 |                   13.33 |    409 |    46.7591 |
|        1 |        437 |          1656.20 |      1644.39 |      1688.90 |                  5.00 |                   10.15 |    409 |    46.8081 |
|        1 |        438 |          1656.20 |      1644.39 |      1675.71 |                  5.00 |                   10.49 |    409 |    46.9132 |
|        1 |        439 |          1656.20 |      1644.39 |      1682.61 |                  5.00 |                   12.14 |    409 |    46.9784 |
|        1 |        440 |          1656.20 |      1644.39 |      1680.73 |                  5.00 |                   11.83 |    409 |    47.0817 |
|        1 |        441 |          1656.20 |      1644.39 |      1661.90 |                  5.00 |                   13.37 |    410 |    47.2062 |
|        1 |        442 |          1656.20 |      1644.39 |      1663.53 |                  5.00 |                   17.80 |    410 |    47.2613 |
|        1 |        443 |          1656.20 |      1644.39 |      1672.20 |                  5.00 |                   31.68 |    411 |    47.3243 |
|        1 |        444 |          1656.20 |      1644.39 |      1687.20 |                  5.00 |                   64.77 |    412 |    47.4068 |
|        1 |        445 |          1656.20 |      1644.39 |      1672.85 |                  5.00 |                  133.91 |    412 |    47.4698 |
|        1 |        446 |          1656.20 |      1644.39 |      1662.80 |                  5.00 |                   62.31 |    412 |    47.5544 |
|        1 |        447 |          1656.20 |      1644.39 |      1670.08 |                  5.00 |                   42.43 |    412 |    47.6269 |
|        1 |        448 |          1656.20 |      1644.39 |      1671.60 |                  6.87 |                   14.60 |    412 |    47.7308 |
|        1 |        449 |          1656.20 |      1644.39 |      1675.20 |                  5.00 |                    8.74 |    412 |    47.7830 |
|        1 |        450 |          1656.20 |      1644.39 |      1675.20 |                  5.00 |                    5.49 |    412 |    47.8652 |
|        1 |        451 |          1656.20 |      1644.39 |      1675.20 |                  5.00 |                    7.22 |    412 |    47.9346 |
|        1 |        452 |          1656.20 |      1644.39 |      1671.80 |                  5.00 |                    7.30 |    412 |    48.0181 |
|        1 |        453 |          1656.20 |      1644.39 |      1667.73 |                  5.00 |                   10.51 |    412 |    48.1151 |
|        1 |        454 |          1656.20 |      1644.39 |      1669.13 |                  5.00 |                   16.36 |    412 |    48.2334 |
|        1 |        455 |          1656.20 |      1644.39 |      1669.30 |                  5.00 |                    8.68 |    412 |    48.2941 |
|        1 |        456 |          1656.20 |      1644.39 |      1669.10 |                  5.00 |                    6.15 |    412 |    48.3616 |
|        1 |        457 |          1656.20 |      1644.39 |      1654.57 |                  5.00 |                   10.01 |    412 |    48.4253 |
|        1 |        458 |          1656.20 |      1644.39 |      1676.65 |                  5.00 |                    7.03 |    412 |    48.4828 |
|        1 |        459 |          1656.20 |      1644.39 |      1660.18 |                  5.00 |                   10.24 |    412 |    48.5577 |
|        1 |        460 |          1656.20 |      1644.39 |      1661.12 |                  5.00 |                    8.96 |    412 |    48.6350 |
|        1 |        461 |          1656.20 |      1644.39 |      1673.95 |                  5.00 |                   11.00 |    413 |    48.7174 |
|        1 |        462 |          1656.20 |      1644.39 |      1653.55 |                  5.00 |                   12.84 |    414 |    48.8120 |
|        1 |        463 |          1656.20 |      1644.39 |      1653.90 |                  5.00 |                   26.55 |    414 |    48.8779 |
|        1 |        464 |          1656.20 |      1644.39 |      1670.10 |                  5.00 |                   15.27 |    414 |    48.9268 |
|        1 |        465 |          1656.20 |      1644.39 |      1669.14 |                  5.00 |                    8.13 |    414 |    49.1035 |
|        1 |        466 |          1656.20 |      1644.39 |      1668.79 |                  5.00 |                    7.40 |    414 |    49.1750 |
|        1 |        467 |          1656.20 |      1644.39 |      1668.27 |                  5.00 |                    8.15 |    414 |    49.2497 |
|        1 |        468 |          1656.20 |      1644.39 |      1668.45 |                  5.00 |                    7.72 |    414 |    49.3111 |
|        1 |        469 |          1656.20 |      1644.39 |      1674.92 |                  5.00 |                    8.94 |    414 |    49.3847 |
|        1 |        470 |          1656.20 |      1644.39 |      1675.72 |                  5.91 |                   15.38 |    414 |    49.5158 |
|        1 |        471 |          1656.20 |      1644.39 |      1675.20 |                  5.00 |                    6.61 |    414 |    49.5935 |
|        1 |        472 |          1656.20 |      1644.39 |      1675.20 |                  5.00 |                    5.98 |    414 |    49.6609 |
|        1 |        473 |          1656.20 |      1644.39 |      1676.88 |                  5.00 |                   10.33 |    414 |    49.8935 |
|        1 |        474 |          1656.20 |      1644.39 |      1676.90 |                  5.00 |                   18.38 |    414 |    49.9572 |
|        1 |        475 |          1656.20 |      1644.39 |      1676.90 |                  5.00 |                   10.46 |    414 |    50.0164 |
|        1 |        476 |          1656.20 |      1644.39 |      1678.20 |                  5.00 |                    6.07 |    414 |    50.0837 |
|        1 |        477 |          1656.20 |      1644.39 |      1677.80 |                  5.00 |                    5.00 |    414 |    50.1568 |
|        1 |        478 |          1656.20 |      1644.39 |      1677.80 |                  5.00 |                    5.00 |    414 |    50.2155 |
|        1 |        479 |          1656.20 |      1644.39 |      1677.80 |                  5.00 |                    6.48 |    414 |    50.2582 |
|        1 |        480 |          1656.20 |      1644.39 |      1684.00 |                  5.00 |                    7.50 |    414 |    50.3165 |
|        1 |        481 |          1656.20 |      1644.39 |      1676.12 |                  5.00 |                   10.47 |    414 |    50.4164 |
|        1 |        482 |          1656.20 |      1644.39 |      1667.70 |                  5.00 |                   10.41 |    414 |    50.5255 |
|        1 |        483 |          1656.20 |      1644.39 |      1665.46 |                  5.00 |                   21.10 |    414 |    50.5893 |
|        1 |        484 |          1656.20 |      1644.39 |      1666.62 |                  5.00 |                   37.57 |    414 |    50.6404 |
|        1 |        485 |          1656.20 |      1644.39 |      1668.39 |                  8.82 |                   26.12 |    414 |    50.7040 |
|        1 |        486 |          1656.20 |      1644.39 |      1667.09 |                  5.00 |                   49.38 |    414 |    50.7609 |
|        1 |        487 |          1656.20 |      1644.39 |      1669.34 |                  5.00 |                   86.21 |    414 |    50.8120 |
|        1 |        488 |          1656.20 |      1644.39 |      1675.68 |                  5.00 |                  198.85 |    414 |    50.8854 |
|        1 |        489 |          1656.20 |      1644.39 |      1681.60 |                  5.00 |                  125.98 |    414 |    51.0030 |
|        1 |        490 |          1656.20 |      1644.39 |      1667.20 |                  5.00 |                   32.43 |    414 |    51.1295 |
|        1 |        491 |          1656.20 |      1644.39 |      1672.80 |                  5.00 |                   15.10 |    414 |    51.2031 |
|        1 |        492 |          1656.20 |      1644.39 |      1665.10 |                  5.00 |                   17.26 |    414 |    51.3104 |
|        1 |        493 |          1656.20 |      1644.39 |      1665.67 |                  5.00 |                   19.78 |    414 |    51.3800 |
|        1 |        494 |          1656.20 |      1644.39 |      1665.08 |                  5.00 |                   37.84 |    416 |    51.5923 |
|        1 |        495 |          1656.20 |      1644.39 |      1677.60 |                  5.00 |                   25.05 |    416 |    51.6363 |
|        1 |        496 |          1656.20 |      1644.39 |      1648.12 |                  5.00 |                   40.67 |    416 |    51.7376 |
|        1 |        497 |          1656.20 |      1644.39 |      1650.52 |                  9.93 |                   68.85 |    416 |    51.7906 |
|        1 |        498 |          1656.20 |      1644.39 |      1664.85 |                 17.69 |                  122.62 |    416 |    51.8429 |
|        1 |        499 |          1656.20 |      1644.39 |      1663.38 |                 12.06 |                  137.77 |    416 |    51.9003 |
|        1 |        500 |          1656.20 |      1644.39 |      1670.60 |                  5.00 |                   97.53 |    416 |    51.9953 |
------------------------------------------------------------------------------------------------------------------------------------------------
Version identifier: 22.1.2.0 | 2024-11-26 | 0edbb82fd
CPXPARAM_MIP_Tolerances_UpperCutoff              1656.3000000000354
Tried aggregator 1 time.
MIP Presolve eliminated 11 rows and 5 columns.
MIP Presolve modified 297 coefficients.
Reduced MIP has 90 rows, 411 columns, and 1805 nonzeros.
Reduced MIP has 411 binaries, 0 generals, 0 SOSs, and 0 indicators.
Presolve time = 0.00 sec. (1.56 ticks)
Probing time = 0.00 sec. (1.52 ticks)
Tried aggregator 1 time.
Detecting symmetries...
MIP Presolve eliminated 2 rows and 2 columns.
Reduced MIP has 88 rows, 409 columns, and 1771 nonzeros.
Reduced MIP has 409 binaries, 0 generals, 0 SOSs, and 0 indicators.
Presolve time = 0.00 sec. (1.12 ticks)
Probing time = 0.00 sec. (1.51 ticks)
Clique table members: 565.
MIP emphasis: balance optimality and feasibility.
MIP search method: dynamic search.
Parallel mode: deterministic, using up to 8 threads.
Root relaxation solution time = 0.00 sec. (1.75 ticks)

        Nodes                                         Cuts/
   Node  Left     Objective  IInf  Best Integer    Best Bound    ItCnt     Gap

      0     0     1640.2833    17                   1640.2833      204         
*     0     0      integral     0     1648.5000      Cuts: 12      219    0.00%
      0     0        cutoff           1648.5000     1648.5000      219    0.00%
Elapsed time = 0.03 sec. (15.23 ticks, tree = 0.01 MB, solutions = 1)
objective_value(sp) = 1648.5
 55.367219 seconds (6.86 M allocations: 341.782 MiB, 0.13% gc time, 6.84% compilation time)
#1: 0 (0.0) {2.0} -> 39 (31.0) {44.0} [44.0, 54.0] -> 23 (60.0) {68.0} [68.0, 78.0] -> 67 (85.0) {90.0} [83.0, 93.0] -> 55 (87.0) {136.0} [136.0, 146.0] -> 25 (93.0) {172.0} [172.0, 182.0] -> 0 (93.0) {215.5} [0.0, 230.0]
#2: 0 (0.0) {3.0} -> 63 (10.0) {37.9} [34.0, 44.0] -> 64 (19.0) {73.0} [73.0, 83.0] -> 49 (49.0) {108.0} [108.0, 118.0] -> 48 (85.0) {165.0} [165.0, 175.0] -> 0 (85.0) {202.8} [0.0, 230.0]
#3: 0 (0.0) {3.0} -> 72 (25.0) {35.0} [35.0, 45.0] -> 75 (43.0) {69.0} [69.0, 79.0] -> 22 (61.0) {97.0} [97.0, 107.0] -> 74 (69.0) {149.0} [149.0, 159.0] -> 58 (87.0) {200.0} [200.0, 210.0] -> 0 (87.0) {219.0} [0.0, 230.0]
#4: 0 (0.0) {1.0} -> 36 (5.0) {42.4} [41.0, 51.0] -> 47 (32.0) {59.6} [51.0, 61.0] -> 19 (49.0) {77.6} [76.0, 86.0] -> 10 (65.0) {124.0} [124.0, 134.0] -> 0 (65.0) {159.4} [0.0, 230.0]
#5: 0 (0.0) {3.0} -> 95 (20.0) {39.0} [39.0, 49.0] -> 99 (29.0) {83.0} [83.0, 93.0] -> 94 (56.0) {100.0} [100.0, 110.0] -> 96 (67.0) {135.0} [135.0, 145.0] -> 0 (67.0) {160.2} [0.0, 230.0]
#6: 0 (0.0) {3.0} -> 62 (19.0) {58.0} [58.0, 68.0] -> 11 (31.0) {76.0} [67.0, 77.0] -> 90 (34.0) {97.1} [95.0, 105.0] -> 20 (43.0) {126.0} [126.0, 136.0] -> 32 (66.0) {146.7} [141.0, 151.0] -> 70 (71.0) {182.0} [182.0, 192.0] -> 0 (71.0) {213.0} [0.0, 230.0]
#7: 0 (0.0) {2.0} -> 52 (9.0) {52.0} [52.0, 62.0] -> 18 (21.0) {87.0} [87.0, 97.0] -> 84 (28.0) {109.7} [101.0, 111.0] -> 60 (31.0) {162.0} [162.0, 172.0] -> 89 (46.0) {181.0} [176.0, 186.0] -> 0 (46.0) {200.0} [0.0, 230.0]
#8: 0 (0.0) {2.0} -> 33 (11.0) {37.0} [37.0, 47.0] -> 29 (20.0) {63.0} [63.0, 73.0] -> 78 (23.0) {96.0} [96.0, 106.0] -> 34 (37.0) {117.0} [117.0, 127.0] -> 35 (45.0) {143.0} [143.0, 153.0] -> 77 (59.0) {179.0} [179.0, 189.0] -> 0 (59.0) {208.6} [0.0, 230.0]
#9: 0 (0.0) {3.0} -> 14 (20.0) {35.0} [32.0, 42.0] -> 44 (38.0) {69.0} [69.0, 79.0] -> 38 (54.0) {89.8} [83.0, 93.0] -> 43 (61.0) {132.0} [132.0, 142.0] -> 13 (84.0) {165.0} [159.0, 169.0] -> 0 (84.0) {186.1} [0.0, 230.0]
#10: 0 (0.0) {2.0} -> 2 (7.0) {50.0} [50.0, 60.0] -> 21 (18.0) {70.4} [62.0, 72.0] -> 73 (27.0) {83.5} [78.0, 88.0] -> 41 (32.0) {103.6} [97.0, 107.0] -> 56 (38.0) {130.0} [130.0, 140.0] -> 4 (57.0) {149.0} [149.0, 159.0] -> 0 (57.0) {184.0} [0.0, 230.0]
#11: 0 (0.0) {3.0} -> 59 (28.0) {20.8} [18.0, 28.0] -> 98 (38.0) {58.0} [58.0, 68.0] -> 16 (57.0) {77.0} [75.0, 85.0] -> 86 (92.0) {94.0} [94.0, 104.0] -> 91 (93.0) {160.0} [160.0, 170.0] -> 100 (110.0) {185.0} [185.0, 195.0] -> 0 (110.0) {219.0} [0.0, 230.0]
#12: 0 (0.0) {2.0} -> 92 (2.0) {20.3} [18.0, 28.0] -> 42 (7.0) {40.4} [31.0, 41.0] -> 15 (15.0) {61.0} [61.0, 71.0] -> 87 (41.0) {93.0} [93.0, 103.0] -> 57 (48.0) {110.2} [101.0, 111.0] -> 97 (60.0) {133.0} [133.0, 143.0] -> 0 (60.0) {160.2} [0.0, 230.0]
#13: 0 (0.0) {3.0} -> 5 (26.0) {34.0} [34.0, 44.0] -> 83 (37.0) {51.0} [44.0, 54.0] -> 61 (50.0) {76.0} [76.0, 86.0] -> 85 (91.0) {91.0} [91.0, 101.0] -> 37 (99.0) {134.0} [134.0, 144.0] -> 93 (121.0) {188.0} [188.0, 198.0] -> 0 (121.0) {218.2} [0.0, 230.0]
#14: 0 (0.0) {3.0} -> 45 (16.0) {32.1} [32.0, 42.0] -> 82 (32.0) {55.0} [55.0, 65.0] -> 7 (37.0) {81.0} [81.0, 91.0] -> 8 (46.0) {103.2} [95.0, 105.0] -> 46 (47.0) {122.6} [117.0, 127.0] -> 17 (49.0) {157.0} [157.0, 167.0] -> 0 (49.0) {197.4} [0.0, 230.0]
#15: 0 (0.0) {1.0} -> 31 (27.0) {50.0} [50.0, 60.0] -> 88 (36.0) {74.0} [74.0, 84.0] -> 6 (39.0) {106.0} [99.0, 109.0] -> 0 (39.0) {127.1} [0.0, 230.0]
#16: 0 (0.0) {2.0} -> 30 (21.0) {71.0} [71.0, 81.0] -> 51 (31.0) {90.2} [88.0, 98.0] -> 9 (47.0) {106.5} [97.0, 107.0] -> 66 (72.0) {130.8} [127.0, 137.0] -> 1 (82.0) {166.0} [161.0, 171.0] -> 0 (82.0) {191.2} [0.0, 230.0]
#17: 0 (0.0) {3.0} -> 27 (16.0) {37.0} [37.0, 47.0] -> 69 (22.0) {54.2} [50.0, 60.0] -> 76 (35.0) {77.2} [73.0, 83.0] -> 79 (58.0) {97.2} [92.0, 102.0] -> 3 (71.0) {116.0} [116.0, 126.0] -> 54 (89.0) {142.1} [140.0, 150.0] -> 24 (92.0) {162.1} [153.0, 163.0] -> 80 (98.0) {182.0} [182.0, 192.0] -> 0 (98.0) {213.0} [0.0, 230.0]
#18: 0 (0.0) {3.0} -> 65 (20.0) {52.9} [51.0, 61.0] -> 71 (35.0) {77.0} [77.0, 87.0] -> 81 (61.0) {101.1} [94.0, 104.0] -> 50 (74.0) {124.0} [124.0, 134.0] -> 68 (110.0) {146.0} [142.0, 152.0] -> 0 (110.0) {177.3} [0.0, 230.0]
#19: 0 (0.0) {3.0} -> 28 (16.0) {39.0} [39.0, 49.0] -> 12 (35.0) {63.0} [63.0, 73.0] -> 40 (44.0) {87.1} [85.0, 95.0] -> 53 (58.0) {103.8} [95.0, 105.0] -> 26 (75.0) {132.0} [132.0, 142.0] -> 0 (75.0) {153.1} [0.0, 230.0]

Dist: 1648.5. Cost: 1648.5

Clique cuts applied:  2
Cover cuts applied:  2
Zero-half cuts applied:  4
Lift and project cuts applied:  2
Gomory fractional cuts applied:  2

Root node processing (before b&c):
  Real time             =    0.03 sec. (15.24 ticks)
Parallel b&c, 8 threads:
  Real time             =    0.00 sec. (0.00 ticks)
  Sync time (average)   =    0.00 sec.
  Wait time (average)   =    0.00 sec.
                          ------------
Total (root+branch&cut) =    0.03 sec. (15.24 ticks)
