Solving instance /mnt/c/Users/bruno.mattos/OneDrive - americanas s.a/Documentos/GitHub/GenericILS/TWRD/100/R102_100_015.vrptwrd...
------------------------------------------------------------------------------------------------------------------------------------------------
|  Restart |  Iteration |  Best Feas. Cost |    Best Cost |   Curr. Cost |   Penalty Custom Res. |   Penalty Standard Res. |   Pool |   Time (s) |
------------------------------------------------------------------------------------------------------------------------------------------------
|        1 |          0 |          1594.10 |      1594.10 |      1594.10 |                 14.06 |                   22.27 |     33 |     0.4002 |
|        1 |          0 |          1577.60 |      1577.60 |      1577.60 |                 10.18 |                   11.94 |     40 |     0.9365 |
|        1 |          1 |          1577.60 |      1577.60 |      1582.20 |                  9.68 |                   10.28 |     51 |     1.1498 |
|        1 |          2 |          1577.60 |      1577.60 |      1615.90 |                 17.93 |                   18.67 |     56 |     1.2101 |
|        1 |          3 |          1577.60 |      1577.60 |      1585.60 |                 12.20 |                   12.45 |     67 |     1.3198 |
|        1 |          4 |          1577.60 |      1558.34 |      1558.34 |                 21.92 |                   24.72 |     69 |     1.4015 |
|        1 |          5 |          1577.60 |      1558.34 |      1588.80 |                 11.87 |                   18.44 |     71 |     1.4615 |
|        1 |          6 |          1577.60 |      1558.34 |      1571.10 |                 16.76 |                   31.16 |     74 |     1.5822 |
|        1 |          0 |          1557.30 |      1557.30 |      1557.30 |                  9.35 |                   19.99 |     82 |     1.6663 |
|        1 |          1 |          1557.30 |      1551.24 |      1551.24 |                 20.50 |                   17.83 |     91 |     1.7608 |
|        1 |          2 |          1557.30 |      1551.24 |      1570.40 |                 16.85 |                   35.32 |     97 |     1.8946 |
|        1 |          3 |          1557.30 |      1551.24 |      1556.93 |                 24.69 |                   39.11 |    103 |     2.0550 |
|        1 |          4 |          1557.30 |      1551.24 |      1592.71 |                 40.61 |                   64.33 |    108 |     2.1165 |
|        1 |          5 |          1557.30 |      1551.24 |      1587.80 |                 23.26 |                   40.72 |    116 |     2.2886 |
|        1 |          6 |          1557.30 |      1551.24 |      1576.35 |                 54.58 |                   12.18 |    123 |     2.4470 |
|        1 |          7 |          1557.30 |      1551.24 |      1582.30 |                 22.99 |                    6.79 |    128 |     2.5363 |
|        1 |          8 |          1557.30 |      1551.24 |      1551.87 |                 17.20 |                  132.32 |    139 |     2.9442 |
|        1 |          9 |          1557.30 |      1551.24 |      1557.44 |                 31.26 |                  131.92 |    139 |     3.0064 |
|        1 |          0 |          1534.90 |      1534.90 |      1534.90 |                 19.85 |                   62.06 |    146 |     3.0927 |
|        1 |          1 |          1534.90 |      1534.90 |      1534.90 |                 11.65 |                   33.62 |    146 |     3.1523 |
|        1 |          2 |          1534.90 |      1534.90 |      1534.90 |                 14.47 |                   25.84 |    146 |     3.2158 |
|        1 |          3 |          1534.90 |      1534.90 |      1561.70 |                 14.54 |                   20.03 |    153 |     3.3105 |
|        1 |          4 |          1534.90 |      1534.90 |      1547.20 |                 10.01 |                   10.42 |    157 |     3.3808 |
|        1 |          5 |          1534.90 |      1534.90 |      1543.05 |                  9.30 |                   17.29 |    157 |     3.4443 |
|        1 |          6 |          1534.90 |      1534.90 |      1541.69 |                 29.76 |                   24.86 |    164 |     3.5856 |
|        1 |          7 |          1534.90 |      1534.90 |      1569.00 |                 19.10 |                   14.43 |    167 |     3.6595 |
|        1 |          8 |          1534.90 |      1534.90 |      1558.06 |                 22.34 |                   14.97 |    168 |     3.7271 |
|        1 |          9 |          1534.90 |      1534.90 |      1559.35 |                 36.30 |                   17.67 |    168 |     3.8176 |
|        1 |         10 |          1534.90 |      1534.90 |      1559.75 |                 25.01 |                   16.76 |    168 |     3.8764 |
|        1 |         11 |          1534.90 |      1534.90 |      1561.75 |                 17.04 |                   21.66 |    170 |     3.9432 |
|        1 |         12 |          1534.90 |      1534.90 |      1575.70 |                 14.01 |                   17.12 |    175 |     4.0564 |
|        1 |         13 |          1534.90 |      1534.90 |      1557.51 |                 13.22 |                   19.33 |    178 |     4.2134 |
|        1 |         14 |          1534.90 |      1534.90 |      1560.70 |                 12.04 |                   11.57 |    178 |     4.2821 |
|        1 |         15 |          1534.90 |      1534.90 |      1558.93 |                 11.87 |                   15.40 |    179 |     4.3622 |
|        1 |         16 |          1534.90 |      1534.90 |      1546.20 |                 22.67 |                   14.89 |    187 |     4.6142 |
|        1 |         17 |          1534.90 |      1534.90 |      1561.66 |                 39.97 |                   11.80 |    188 |     4.6734 |
|        1 |         18 |          1534.90 |      1534.90 |      1579.98 |                 28.62 |                   11.87 |    190 |     4.7445 |
|        1 |         19 |          1534.90 |      1534.90 |      1590.98 |                 21.78 |                   17.84 |    191 |     4.8053 |
|        1 |         20 |          1534.90 |      1534.90 |      1601.42 |                 44.15 |                   30.20 |    193 |     4.8734 |
|        1 |         21 |          1534.90 |      1534.90 |      1591.98 |                 18.98 |                   21.83 |    194 |     4.9622 |
|        1 |         22 |          1534.90 |      1516.09 |      1516.09 |                 15.65 |                   11.83 |    200 |     5.2244 |
|        1 |         23 |          1534.90 |      1516.09 |      1549.51 |                 32.37 |                   12.64 |    203 |     5.2957 |
|        1 |         24 |          1534.90 |      1516.09 |      1567.70 |                 20.95 |                    6.06 |    210 |     5.4025 |
|        1 |         25 |          1534.90 |      1516.09 |      1566.39 |                 19.21 |                    5.00 |    217 |     5.5327 |
|        1 |         26 |          1534.90 |      1516.09 |      1572.41 |                 14.34 |                    5.00 |    217 |     5.5955 |
|        1 |         27 |          1534.90 |      1516.09 |      1540.86 |                 35.93 |                   10.90 |    221 |     5.8273 |
|        1 |         28 |          1534.90 |      1516.09 |      1517.18 |                 28.24 |                   13.84 |    224 |     6.0402 |
|        1 |         29 |          1534.90 |      1516.09 |      1535.00 |                 36.50 |                   17.89 |    227 |     6.1096 |
|        1 |         30 |          1534.90 |      1516.09 |      1544.64 |                 20.56 |                   15.96 |    227 |     6.1976 |
|        1 |         31 |          1534.90 |      1516.09 |      1526.54 |                 31.20 |                   12.52 |    229 |     6.2681 |
|        1 |         32 |          1534.90 |      1516.09 |      1535.81 |                 26.24 |                   14.21 |    229 |     6.3473 |
|        1 |         33 |          1534.90 |      1516.09 |      1531.84 |                 26.67 |                   10.08 |    229 |     6.4342 |
|        1 |         34 |          1534.90 |      1516.09 |      1539.65 |                 20.88 |                   11.77 |    231 |     6.5322 |
|        1 |         35 |          1534.90 |      1516.09 |      1525.65 |                 22.10 |                    9.80 |    233 |     6.6124 |
|        1 |         36 |          1534.90 |      1516.09 |      1525.92 |                 36.34 |                   15.18 |    233 |     6.6729 |
|        1 |         37 |          1534.90 |      1516.09 |      1543.32 |                 18.69 |                   18.07 |    233 |     6.7897 |
|        1 |         38 |          1534.90 |      1516.09 |      1526.09 |                 33.95 |                   23.37 |    233 |     6.8565 |
|        1 |         39 |          1534.90 |      1516.09 |      1559.00 |                 25.26 |                   14.82 |    236 |     6.9684 |
|        1 |         40 |          1534.90 |      1516.09 |      1561.28 |                 15.10 |                   16.14 |    240 |     7.0708 |
|        1 |         41 |          1534.90 |      1516.09 |      1570.55 |                 10.11 |                   24.06 |    246 |     7.3019 |
|        1 |         42 |          1534.90 |      1516.09 |      1538.41 |                 14.01 |                   36.11 |    247 |     7.3775 |
|        1 |         43 |          1534.90 |      1516.09 |      1537.40 |                 14.24 |                   25.60 |    251 |     7.4610 |
|        1 |         44 |          1534.90 |      1516.09 |      1530.24 |                 20.31 |                   16.41 |    252 |     7.5577 |
|        1 |         45 |          1534.90 |      1516.09 |      1548.82 |                 29.28 |                   23.19 |    255 |     7.6447 |
|        1 |         46 |          1534.90 |      1516.09 |      1562.86 |                 15.99 |                   13.99 |    255 |     7.7395 |
|        1 |         47 |          1534.90 |      1516.09 |      1550.25 |                 18.30 |                   25.37 |    259 |     7.8386 |
|        1 |         48 |          1534.90 |      1516.09 |      1557.58 |                 34.25 |                   47.48 |    259 |     7.9031 |
|        1 |         49 |          1534.90 |      1516.09 |      1562.99 |                 30.73 |                  150.21 |    262 |     8.0635 |
|        1 |         50 |          1534.90 |      1516.09 |      1576.40 |                 12.02 |                   47.15 |    266 |     8.2216 |
|        1 |         51 |          1534.90 |      1516.09 |      1578.52 |                  9.48 |                   13.15 |    272 |     8.3584 |
|        1 |         52 |          1534.90 |      1516.09 |      1572.16 |                 18.44 |                   13.48 |    276 |     8.4543 |
|        1 |         53 |          1534.90 |      1516.09 |      1578.09 |                 33.83 |                   10.05 |    279 |     8.5151 |
|        1 |         54 |          1534.90 |      1516.09 |      1577.05 |                 12.50 |                    8.78 |    283 |     8.6156 |
|        1 |         55 |          1534.90 |      1516.09 |      1565.46 |                 22.00 |                    9.95 |    285 |     8.7093 |
|        1 |         56 |          1534.90 |      1516.09 |      1559.05 |                 13.01 |                   18.77 |    290 |     8.8134 |
|        1 |         57 |          1534.90 |      1516.09 |      1561.67 |                  6.18 |                   10.68 |    290 |     8.8875 |
|        1 |         58 |          1534.90 |      1516.09 |      1567.25 |                 22.46 |                   16.44 |    294 |     9.0558 |
|        1 |         59 |          1534.90 |      1516.09 |      1524.35 |                 33.92 |                   13.90 |    295 |     9.1952 |
|        1 |         60 |          1534.90 |      1516.09 |      1552.30 |                 17.59 |                   15.11 |    299 |     9.3132 |
|        1 |         61 |          1534.90 |      1516.09 |      1584.43 |                 12.98 |                   17.66 |    301 |     9.3872 |
|        1 |         62 |          1534.90 |      1516.09 |      1580.10 |                  6.10 |                    8.29 |    306 |     9.5121 |
|        1 |         63 |          1534.90 |      1516.09 |      1561.61 |                 11.51 |                    6.37 |    306 |     9.5932 |
|        1 |         64 |          1534.90 |      1516.09 |      1591.40 |                  5.26 |                    5.00 |    306 |     9.6666 |
|        1 |         65 |          1534.90 |      1516.09 |      1585.87 |                 12.75 |                   12.12 |    311 |     9.7492 |
|        1 |         66 |          1534.90 |      1516.09 |      1564.19 |                 28.73 |                   20.65 |    317 |     9.8829 |
|        1 |         67 |          1534.90 |      1516.09 |      1576.20 |                 53.25 |                   38.27 |    319 |     9.9434 |
|        1 |         68 |          1534.90 |      1516.09 |      1570.50 |                 32.42 |                   32.09 |    322 |    10.0508 |
|        1 |         69 |          1534.90 |      1516.09 |      1567.10 |                 22.86 |                    5.92 |    328 |    10.2344 |
|        1 |         70 |          1534.90 |      1516.09 |      1577.19 |                 41.95 |                   10.87 |    334 |    10.2898 |
|        1 |         71 |          1534.90 |      1516.09 |      1571.10 |                 18.96 |                    7.04 |    335 |    10.3641 |
|        1 |         72 |          1534.90 |      1516.09 |      1570.69 |                 12.03 |                    5.10 |    337 |    10.4552 |
|        1 |         73 |          1534.90 |      1516.09 |      1569.99 |                 20.37 |                    9.73 |    338 |    10.5211 |
|        1 |         74 |          1534.90 |      1516.09 |      1541.87 |                 11.43 |                   23.52 |    340 |    10.6784 |
|        1 |         75 |          1534.90 |      1516.09 |      1547.72 |                 13.24 |                   17.89 |    340 |    10.7859 |
|        1 |         76 |          1534.90 |      1516.09 |      1542.84 |                 12.17 |                   20.50 |    340 |    10.8677 |
|        1 |         77 |          1534.90 |      1516.09 |      1558.20 |                 13.36 |                    8.11 |    344 |    11.0174 |
|        1 |         78 |          1534.90 |      1516.09 |      1568.01 |                 15.85 |                   16.52 |    345 |    11.1864 |
|        1 |         79 |          1534.90 |      1516.09 |      1555.58 |                  9.75 |                   15.78 |    345 |    11.3024 |
|        1 |         80 |          1534.90 |      1516.09 |      1570.07 |                 16.15 |                   10.84 |    349 |    11.4053 |
|        1 |         81 |          1534.90 |      1516.09 |      1570.50 |                 17.43 |                   12.93 |    349 |    11.4708 |
|        1 |         82 |          1534.90 |      1516.09 |      1579.90 |                  9.72 |                    9.35 |    350 |    11.5412 |
|        1 |         83 |          1534.90 |      1516.09 |      1579.90 |                 13.76 |                    6.57 |    350 |    11.5862 |
|        1 |         84 |          1534.90 |      1516.09 |      1591.03 |                 30.76 |                    8.99 |    354 |    11.6867 |
|        1 |         85 |          1534.90 |      1516.09 |      1593.86 |                 21.56 |                   25.55 |    358 |    11.7860 |
|        1 |         86 |          1534.90 |      1516.09 |      1583.39 |                 10.28 |                   17.12 |    363 |    11.9851 |
|        1 |         87 |          1534.90 |      1516.09 |      1543.93 |                 12.96 |                   11.16 |    365 |    12.1439 |
|        1 |         88 |          1534.90 |      1516.09 |      1545.81 |                 13.45 |                   19.09 |    365 |    12.1917 |
|        1 |         89 |          1534.90 |      1516.09 |      1548.94 |                 14.10 |                   26.48 |    365 |    12.2447 |
|        1 |         90 |          1534.90 |      1516.09 |      1551.88 |                 12.59 |                   21.38 |    365 |    12.3106 |
|        1 |         91 |          1534.90 |      1516.09 |      1548.46 |                 22.85 |                   21.73 |    366 |    12.3836 |
|        1 |         92 |          1534.90 |      1516.09 |      1573.35 |                 33.30 |                   15.73 |    368 |    12.4466 |
|        1 |         93 |          1534.90 |      1516.09 |      1550.43 |                  9.57 |                   44.18 |    369 |    12.5868 |
|        1 |         94 |          1534.90 |      1516.09 |      1560.95 |                  8.12 |                   22.75 |    370 |    12.6549 |
|        1 |         95 |          1534.90 |      1516.09 |      1558.93 |                 23.30 |                   28.17 |    371 |    12.7721 |
|        1 |         96 |          1534.90 |      1516.09 |      1549.10 |                 22.06 |                   14.35 |    371 |    12.8613 |
|        1 |         97 |          1534.90 |      1516.09 |      1566.83 |                 10.16 |                   18.33 |    373 |    12.9627 |
|        1 |         98 |          1534.90 |      1516.09 |      1564.09 |                 12.61 |                   23.22 |    373 |    13.0386 |
|        1 |         99 |          1534.90 |      1516.09 |      1542.77 |                 31.72 |                   15.60 |    376 |    13.1917 |
|        1 |        100 |          1534.90 |      1516.09 |      1564.86 |                 14.20 |                   17.51 |    378 |    13.2746 |
|        1 |        101 |          1534.90 |      1516.09 |      1557.85 |                 12.38 |                   16.22 |    380 |    13.4052 |
|        1 |        102 |          1534.90 |      1516.09 |      1560.35 |                 13.52 |                   17.71 |    380 |    13.4430 |
|        1 |        103 |          1534.90 |      1516.09 |      1582.90 |                 11.59 |                   12.68 |    386 |    13.5318 |
|        1 |        104 |          1534.90 |      1516.09 |      1566.67 |                  9.81 |                    5.33 |    387 |    13.6435 |
|        1 |        105 |          1534.90 |      1516.09 |      1566.33 |                 13.19 |                    8.90 |    388 |    13.7422 |
|        1 |        106 |          1534.90 |      1516.09 |      1577.50 |                 12.00 |                    7.08 |    390 |    13.8396 |
|        1 |        107 |          1534.90 |      1516.09 |      1569.91 |                 21.71 |                   10.55 |    393 |    13.9911 |
|        1 |        108 |          1534.90 |      1516.09 |      1557.06 |                 19.43 |                   10.02 |    400 |    14.1987 |
|        1 |        109 |          1534.90 |      1516.09 |      1539.85 |                 21.33 |                    9.57 |    404 |    14.3346 |
|        1 |        110 |          1534.90 |      1516.09 |      1540.97 |                  9.64 |                   10.02 |    404 |    14.4091 |
|        1 |        111 |          1534.90 |      1516.09 |      1540.80 |                  5.00 |                    7.92 |    404 |    14.5146 |
|        1 |        112 |          1534.90 |      1516.09 |      1539.96 |                 10.03 |                   17.03 |    404 |    14.5863 |
|        1 |        113 |          1534.90 |      1516.09 |      1541.00 |                  6.07 |                   10.73 |    405 |    14.6367 |
|        1 |        114 |          1534.90 |      1516.09 |      1540.89 |                  5.26 |                   10.05 |    405 |    14.7322 |
|        1 |        115 |          1534.90 |      1516.09 |      1541.00 |                  5.00 |                   10.21 |    407 |    14.8074 |
|        1 |        116 |          1534.90 |      1516.09 |      1546.73 |                  9.84 |                   20.09 |    411 |    14.8746 |
|        1 |        117 |          1534.90 |      1516.09 |      1554.55 |                 19.54 |                   39.92 |    413 |    14.9412 |
|        1 |        118 |          1534.90 |      1516.09 |      1563.46 |                 14.70 |                  107.98 |    417 |    15.0385 |
|        1 |        119 |          1534.90 |      1516.09 |      1541.90 |                 12.08 |                   86.99 |    419 |    15.1647 |
|        1 |        120 |          1534.90 |      1516.09 |      1541.90 |                 10.47 |                   60.53 |    419 |    15.2208 |
|        1 |        121 |          1534.90 |      1516.09 |      1541.87 |                  9.92 |                   27.91 |    419 |    15.2964 |
|        1 |        122 |          1534.90 |      1516.09 |      1541.90 |                 10.50 |                   38.30 |    419 |    15.3614 |
|        1 |        123 |          1534.90 |      1516.09 |      1539.40 |                  9.64 |                   13.74 |    422 |    15.4545 |
|        1 |        124 |          1534.90 |      1516.09 |      1536.13 |                 16.31 |                    8.72 |    423 |    15.5265 |
|        1 |        125 |          1534.90 |      1516.09 |      1543.06 |                 15.60 |                    8.02 |    424 |    15.6098 |
|        1 |        126 |          1534.90 |      1516.09 |      1549.46 |                 37.07 |                    9.85 |    425 |    15.6988 |
|        1 |        127 |          1534.90 |      1516.09 |      1554.80 |                 20.89 |                   16.67 |    427 |    15.7739 |
|        1 |        128 |          1534.90 |      1516.09 |      1554.80 |                 13.28 |                    8.67 |    427 |    15.8385 |
|        1 |        129 |          1534.90 |      1516.09 |      1559.80 |                 20.75 |                   13.02 |    427 |    15.9060 |
|        1 |        130 |          1534.90 |      1516.09 |      1568.00 |                 10.69 |                   14.34 |    432 |    15.9729 |
|        1 |        131 |          1534.90 |      1516.09 |      1530.37 |                 18.43 |                    8.57 |    433 |    16.0727 |
|        1 |        132 |          1534.90 |      1516.09 |      1554.27 |                 33.48 |                   12.24 |    433 |    16.1311 |
|        1 |        133 |          1534.90 |      1516.09 |      1561.29 |                 11.53 |                   18.17 |    437 |    16.2398 |
|        1 |        134 |          1534.90 |      1516.09 |      1551.98 |                 19.67 |                   16.01 |    440 |    16.3598 |
|        1 |        135 |          1534.90 |      1516.09 |      1590.87 |                 37.93 |                    9.49 |    441 |    16.4186 |
|        1 |        136 |          1534.90 |      1516.09 |      1575.35 |                 12.16 |                    8.78 |    442 |    16.5608 |
|        1 |        137 |          1534.90 |      1516.09 |      1580.30 |                 10.52 |                   11.56 |    443 |    16.6651 |
|        1 |        138 |          1534.90 |      1516.09 |      1580.60 |                 14.16 |                    9.07 |    443 |    16.7201 |
|        1 |        139 |          1534.90 |      1516.09 |      1598.30 |                 11.80 |                   14.33 |    443 |    16.7654 |
|        1 |        140 |          1534.90 |      1516.09 |      1600.76 |                 18.83 |                   15.03 |    446 |    16.8194 |
|        1 |        141 |          1534.90 |      1516.09 |      1572.74 |                 16.08 |                   22.92 |    446 |    17.0033 |
|        1 |        142 |          1534.90 |      1516.09 |      1582.83 |                 11.27 |                    8.81 |    446 |    17.1166 |
|        1 |        143 |          1534.90 |      1516.09 |      1546.72 |                 11.67 |                   24.31 |    447 |    17.2173 |
|        1 |        144 |          1534.90 |      1516.09 |      1551.75 |                 13.12 |                   38.43 |    447 |    17.2677 |
|        1 |        145 |          1534.90 |      1516.09 |      1581.96 |                 20.28 |                  101.89 |    451 |    17.3614 |
|        1 |        146 |          1534.90 |      1516.09 |      1581.20 |                 12.11 |                   43.32 |    451 |    17.4692 |
|        1 |        147 |          1534.90 |      1516.09 |      1572.62 |                  9.02 |                   31.62 |    455 |    17.5647 |
|        1 |        148 |          1534.90 |      1516.09 |      1565.17 |                 15.87 |                   11.69 |    455 |    17.6659 |
|        1 |        149 |          1534.90 |      1516.09 |      1589.00 |                  9.50 |                    7.14 |    455 |    17.7202 |
|        1 |        150 |          1534.90 |      1516.09 |      1590.64 |                  9.55 |                    5.00 |    457 |    17.8010 |
|        1 |        151 |          1534.90 |      1516.09 |      1560.88 |                 17.36 |                    9.08 |    459 |    17.8594 |
|        1 |        152 |          1534.90 |      1516.09 |      1567.53 |                 33.81 |                    5.89 |    461 |    17.9244 |
|        1 |        153 |          1534.90 |      1516.09 |      1577.95 |                 16.69 |                   10.76 |    463 |    18.0426 |
|        1 |        154 |          1534.90 |      1516.09 |      1552.27 |                 23.23 |                   39.88 |    465 |    18.2378 |
|        1 |        155 |          1534.90 |      1516.09 |      1578.68 |                 41.27 |                   33.15 |    466 |    18.3313 |
|        1 |        156 |          1534.90 |      1516.09 |      1550.43 |                 15.10 |                   26.46 |    466 |    18.4345 |
|        1 |        157 |          1534.90 |      1516.09 |      1564.90 |                  9.30 |                   13.61 |    468 |    18.5327 |
|        1 |        158 |          1534.90 |      1516.09 |      1558.27 |                  6.59 |                    7.14 |    470 |    18.6260 |
|        1 |        159 |          1534.90 |      1516.09 |      1550.53 |                  9.66 |                   11.81 |    470 |    18.7682 |
|        1 |        160 |          1534.90 |      1516.09 |      1571.39 |                 12.46 |                   11.51 |    470 |    18.8797 |
|        1 |        161 |          1534.90 |      1516.09 |      1563.16 |                 19.02 |                   21.04 |    472 |    19.0144 |
|        1 |        162 |          1534.90 |      1516.09 |      1554.11 |                 39.68 |                   10.19 |    475 |    19.1091 |
|        1 |        163 |          1534.90 |      1516.09 |      1544.39 |                 16.03 |                   10.54 |    475 |    19.2370 |
|        1 |        164 |          1534.90 |      1516.09 |      1542.47 |                 25.51 |                    9.97 |    476 |    19.3426 |
|        1 |        165 |          1534.90 |      1516.09 |      1543.84 |                 11.75 |                    6.58 |    479 |    19.4352 |
|        1 |        166 |          1534.90 |      1516.09 |      1541.99 |                 24.29 |                   10.08 |    479 |    19.5078 |
|        1 |        167 |          1534.90 |      1516.09 |      1569.60 |                 24.11 |                   10.41 |    479 |    19.6533 |
|        1 |        168 |          1534.90 |      1516.09 |      1575.60 |                 12.54 |                    6.36 |    480 |    19.7230 |
|        1 |        169 |          1534.90 |      1516.09 |      1554.00 |                 11.30 |                   11.30 |    482 |    19.8200 |
|        1 |        170 |          1534.90 |      1516.09 |      1572.25 |                 10.66 |                   10.46 |    482 |    19.9675 |
------------------------------------------------------------------------------------------------------------------------------------------------
|  Restart |  Iteration |  Best Feas. Cost |    Best Cost |   Curr. Cost |   Penalty Custom Res. |   Penalty Standard Res. |   Pool |   Time (s) |
------------------------------------------------------------------------------------------------------------------------------------------------
|        1 |        171 |          1534.90 |      1516.09 |      1568.20 |                  5.00 |                   16.65 |    482 |    20.0693 |
|        1 |        172 |          1534.90 |      1516.09 |      1569.53 |                  5.00 |                   10.37 |    482 |    20.1334 |
|        1 |        173 |          1534.90 |      1516.09 |      1567.35 |                  7.01 |                   13.56 |    482 |    20.1836 |
|        1 |        174 |          1534.90 |      1516.09 |      1566.30 |                  5.00 |                   13.37 |    482 |    20.2650 |
|        1 |        175 |          1534.90 |      1516.09 |      1527.08 |                 10.65 |                   10.45 |    483 |    20.3941 |
|        1 |        176 |          1534.90 |      1516.09 |      1538.45 |                 18.78 |                   10.52 |    485 |    20.4549 |
|        1 |        177 |          1534.90 |      1516.09 |      1574.29 |                 38.06 |                    5.59 |    487 |    20.5331 |
|        1 |        178 |          1534.90 |      1516.09 |      1590.76 |                 60.15 |                    6.16 |    487 |    20.5791 |
|        1 |        179 |          1534.90 |      1516.09 |      1612.85 |                103.98 |                    9.64 |    487 |    20.6363 |
|        1 |        180 |          1534.90 |      1516.09 |      1562.30 |                 29.90 |                    5.26 |    488 |    20.7541 |
|        1 |        181 |          1534.90 |      1516.09 |      1551.90 |                 14.06 |                   10.64 |    489 |    20.8510 |
|        1 |        182 |          1534.90 |      1516.09 |      1554.96 |                 25.52 |                   24.06 |    492 |    20.9309 |
|        1 |        183 |          1534.90 |      1516.09 |      1538.55 |                 12.61 |                   66.40 |    494 |    21.0336 |
|        1 |        184 |          1534.90 |      1516.09 |      1562.72 |                 12.06 |                   26.33 |    494 |    21.1405 |
|        1 |        185 |          1534.90 |      1516.09 |      1562.58 |                 15.11 |                   11.66 |    494 |    21.2276 |
|        1 |        186 |          1534.90 |      1516.09 |      1563.80 |                 15.52 |                   10.41 |    494 |    21.2940 |
|        1 |        187 |          1534.90 |      1516.09 |      1550.71 |                 21.92 |                    8.07 |    497 |    21.3889 |
|        1 |        188 |          1534.90 |      1516.09 |      1563.92 |                 19.19 |                    5.00 |    497 |    21.4501 |
|        1 |        189 |          1534.90 |      1516.09 |      1552.87 |                  9.38 |                   13.65 |    499 |    21.5618 |
|        1 |        190 |          1534.90 |      1516.09 |      1556.06 |                  9.83 |                    9.98 |    499 |    21.6318 |
|        1 |        191 |          1534.90 |      1516.09 |      1554.30 |                  9.31 |                   19.05 |    499 |    21.7024 |
|        1 |        192 |          1534.90 |      1516.09 |      1556.01 |                 13.31 |                   17.53 |    500 |    21.7696 |
|        1 |        193 |          1534.90 |      1516.09 |      1556.20 |                  9.15 |                   15.63 |    500 |    21.8688 |
|        1 |        194 |          1534.90 |      1516.09 |      1568.27 |                 14.46 |                   14.68 |    502 |    21.9315 |
|        1 |        195 |          1534.90 |      1516.09 |      1558.46 |                 22.09 |                   12.31 |    505 |    22.0804 |
|        1 |        196 |          1534.90 |      1516.09 |      1544.10 |                 14.89 |                    8.63 |    506 |    22.1879 |
|        1 |        197 |          1534.90 |      1516.09 |      1556.43 |                 14.25 |                   14.47 |    506 |    22.2646 |
|        1 |        198 |          1534.90 |      1516.09 |      1546.00 |                  9.22 |                   11.44 |    509 |    22.3767 |
|        1 |        199 |          1534.90 |      1516.09 |      1545.72 |                 12.64 |                    6.77 |    510 |    22.4692 |
|        1 |        200 |          1534.90 |      1516.09 |      1544.49 |                 11.17 |                    9.47 |    510 |    22.5483 |
|        1 |        201 |          1534.90 |      1516.09 |      1545.92 |                  9.46 |                    9.05 |    510 |    22.6510 |
|        1 |        202 |          1534.90 |      1516.09 |      1561.35 |                 15.88 |                   15.18 |    513 |    22.7015 |
|        1 |        203 |          1534.90 |      1516.09 |      1543.20 |                 18.32 |                   16.84 |    515 |    22.8337 |
|        1 |        204 |          1534.90 |      1516.09 |      1562.90 |                 15.71 |                    9.11 |    515 |    22.9111 |
|        1 |        205 |          1534.90 |      1516.09 |      1542.76 |                  9.65 |                    9.05 |    515 |    23.0385 |
|        1 |        206 |          1534.90 |      1516.09 |      1572.46 |                 11.47 |                    7.50 |    516 |    23.1628 |
|        1 |        207 |          1534.90 |      1516.09 |      1547.93 |                 15.35 |                    8.55 |    516 |    23.3666 |
|        1 |        208 |          1534.90 |      1516.09 |      1548.09 |                  7.82 |                    9.14 |    516 |    23.4957 |
|        1 |        209 |          1534.90 |      1516.09 |      1546.27 |                 10.83 |                   10.36 |    516 |    23.5783 |
|        1 |        210 |          1534.90 |      1516.09 |      1548.42 |                  9.46 |                   10.00 |    516 |    23.6691 |
|        1 |        211 |          1534.90 |      1516.09 |      1548.25 |                  9.69 |                    6.86 |    516 |    23.7874 |
|        1 |        212 |          1534.90 |      1516.09 |      1548.42 |                 16.22 |                   10.19 |    518 |    23.8712 |
|        1 |        213 |          1534.90 |      1516.09 |      1549.90 |                 11.50 |                    9.95 |    518 |    23.9453 |
|        1 |        214 |          1534.90 |      1516.09 |      1544.71 |                  9.75 |                    5.54 |    519 |    24.0546 |
|        1 |        215 |          1534.90 |      1516.09 |      1556.62 |                  9.52 |                   10.27 |    521 |    24.1234 |
|        1 |        216 |          1534.90 |      1516.09 |      1547.35 |                 11.62 |                   19.08 |    522 |    24.3264 |
|        1 |        217 |          1534.90 |      1516.09 |      1562.80 |                 17.28 |                    9.82 |    523 |    24.4000 |
|        1 |        218 |          1534.90 |      1516.09 |      1578.42 |                  9.64 |                   10.82 |    527 |    24.4730 |
|        1 |        219 |          1534.90 |      1516.09 |      1556.19 |                 12.58 |                   21.49 |    528 |    24.5415 |
|        1 |        220 |          1534.90 |      1516.09 |      1554.00 |                 15.15 |                   12.59 |    529 |    24.6229 |
|        1 |        221 |          1534.90 |      1516.09 |      1569.50 |                  9.46 |                    5.00 |    530 |    24.8458 |
|        1 |        222 |          1534.90 |      1516.09 |      1569.50 |                  9.70 |                    5.00 |    530 |    24.9350 |
|        1 |        223 |          1534.90 |      1516.09 |      1569.32 |                 15.16 |                    7.82 |    530 |    24.9976 |
|        1 |        224 |          1534.90 |      1516.09 |      1564.51 |                 27.77 |                    5.00 |    530 |    25.1007 |
|        1 |        225 |          1534.90 |      1516.09 |      1579.58 |                 50.95 |                    5.00 |    530 |    25.1622 |
|        1 |        226 |          1534.90 |      1516.09 |      1563.89 |                 28.65 |                    6.93 |    531 |    25.2802 |
|        1 |        227 |          1534.90 |      1516.09 |      1563.92 |                 13.20 |                   17.13 |    534 |    25.3630 |
|        1 |        228 |          1534.90 |      1516.09 |      1582.00 |                 12.38 |                    9.55 |    534 |    25.4560 |
|        1 |        229 |          1534.90 |      1516.09 |      1582.00 |                 10.72 |                    5.00 |    534 |    25.5306 |
|        1 |        230 |          1534.90 |      1516.09 |      1553.42 |                 31.86 |                    6.71 |    534 |    25.7535 |
|        1 |        231 |          1534.90 |      1516.09 |      1549.29 |                 33.88 |                   16.20 |    538 |    25.9446 |
|        1 |        232 |          1534.90 |      1516.09 |      1554.20 |                 16.40 |                   16.44 |    540 |    26.0419 |
|        1 |        233 |          1534.90 |      1516.09 |      1540.25 |                 32.26 |                   14.53 |    540 |    26.1197 |
|        1 |        234 |          1534.90 |      1516.09 |      1554.42 |                 25.29 |                   16.99 |    540 |    26.1894 |
|        1 |        235 |          1534.90 |      1516.09 |      1549.02 |                 40.77 |                   12.06 |    540 |    26.2387 |
|        1 |        236 |          1534.90 |      1516.09 |      1552.05 |                 26.20 |                   12.78 |    540 |    26.2882 |
|        1 |        237 |          1534.90 |      1516.09 |      1549.59 |                 19.27 |                    6.69 |    542 |    26.4217 |
|        1 |        238 |          1534.90 |      1516.09 |      1537.75 |                 36.79 |                    6.60 |    544 |    26.4864 |
|        1 |        239 |          1534.90 |      1516.09 |      1534.37 |                 32.72 |                    9.30 |    546 |    26.6330 |
|        1 |        240 |          1534.90 |      1516.09 |      1559.30 |                 35.52 |                    5.00 |    547 |    26.7941 |
|        1 |        241 |          1534.90 |      1516.09 |      1551.62 |                  9.80 |                    8.12 |    548 |    26.9487 |
|        1 |        242 |          1534.90 |      1516.09 |      1549.78 |                 12.21 |                   13.39 |    550 |    27.1469 |
|        1 |        243 |          1534.90 |      1516.09 |      1547.13 |                 23.50 |                   17.62 |    552 |    27.2648 |
|        1 |        244 |          1534.90 |      1516.09 |      1557.24 |                 31.27 |                    8.29 |    553 |    27.3483 |
|        1 |        245 |          1534.90 |      1516.09 |      1562.94 |                 54.60 |                    5.88 |    554 |    27.4016 |
|        1 |        246 |          1534.90 |      1516.09 |      1539.47 |                 11.73 |                    7.96 |    556 |    27.5556 |
|        1 |        247 |          1534.90 |      1516.09 |      1535.15 |                 22.62 |                    5.01 |    556 |    27.6214 |
|        1 |        248 |          1534.90 |      1516.09 |      1567.87 |                 21.86 |                    6.53 |    560 |    27.6981 |
|        1 |        249 |          1534.90 |      1516.09 |      1547.33 |                 27.97 |                   10.01 |    562 |    27.7713 |
|        1 |        250 |          1534.90 |      1516.09 |      1551.90 |                 27.30 |                    9.38 |    562 |    27.8567 |
|        1 |        251 |          1534.90 |      1516.09 |      1570.39 |                 50.09 |                    9.83 |    562 |    27.9183 |
|        1 |        252 |          1534.90 |      1516.09 |      1553.90 |                 18.33 |                    5.48 |    564 |    28.0163 |
|        1 |        253 |          1534.90 |      1516.09 |      1554.61 |                  9.72 |                    5.85 |    566 |    28.0996 |
|        1 |        254 |          1534.90 |      1516.09 |      1566.01 |                  9.68 |                   12.20 |    567 |    28.2003 |
|        1 |        255 |          1534.90 |      1516.09 |      1555.13 |                 10.31 |                   12.01 |    569 |    28.3436 |
|        1 |        256 |          1534.90 |      1516.09 |      1552.45 |                 17.98 |                   13.48 |    569 |    28.4394 |
|        1 |        257 |          1534.90 |      1516.09 |      1570.10 |                 11.21 |                    8.41 |    571 |    28.4906 |
|        1 |        258 |          1534.90 |      1516.09 |      1550.62 |                 11.79 |                   14.87 |    571 |    28.7330 |
|        1 |        259 |          1534.90 |      1516.09 |      1571.54 |                 11.83 |                   37.43 |    575 |    28.8876 |
|        1 |        260 |          1534.90 |      1516.09 |      1575.19 |                 23.90 |                   15.27 |    578 |    29.0283 |
|        1 |        261 |          1534.90 |      1516.09 |      1576.79 |                 18.13 |                   21.11 |    580 |    29.1532 |
|        1 |        262 |          1534.90 |      1516.09 |      1548.09 |                 29.97 |                   10.72 |    583 |    29.2890 |
|        1 |        263 |          1534.90 |      1516.09 |      1555.48 |                 19.04 |                    9.76 |    586 |    29.3576 |
|        1 |        264 |          1534.90 |      1516.09 |      1540.87 |                 12.16 |                    7.77 |    588 |    29.5161 |
|        1 |        265 |          1534.90 |      1516.09 |      1539.03 |                 18.44 |                   11.55 |    588 |    29.5854 |
|        1 |        266 |          1534.90 |      1516.09 |      1566.17 |                 18.20 |                    8.61 |    590 |    29.6594 |
|        1 |        267 |          1534.90 |      1516.09 |      1561.93 |                 10.41 |                   12.88 |    595 |    29.8191 |
|        1 |        268 |          1534.90 |      1516.09 |      1555.54 |                 17.63 |                    6.70 |    595 |    29.8926 |
|        1 |        269 |          1534.90 |      1516.09 |      1554.00 |                 21.68 |                    9.86 |    595 |    29.9559 |
|        1 |        270 |          1534.90 |      1516.09 |      1548.62 |                 10.18 |                    5.89 |    595 |    30.0719 |
|        1 |        271 |          1534.90 |      1516.09 |      1547.80 |                 13.03 |                   11.93 |    595 |    30.1499 |
|        1 |        272 |          1534.90 |      1516.09 |      1551.83 |                  9.71 |                   10.02 |    595 |    30.2239 |
|        1 |        273 |          1534.90 |      1516.09 |      1550.97 |                 25.99 |                    8.41 |    598 |    30.3218 |
|        1 |        274 |          1534.90 |      1516.09 |      1562.23 |                 20.58 |                   11.66 |    598 |    30.3928 |
|        1 |        275 |          1534.90 |      1516.09 |      1558.01 |                 40.48 |                    9.33 |    598 |    30.4634 |
|        1 |        276 |          1534.90 |      1516.09 |      1563.95 |                 17.57 |                   17.79 |    598 |    30.5574 |
|        1 |        277 |          1534.90 |      1516.09 |      1558.19 |                 11.59 |                   17.86 |    598 |    30.6979 |
|        1 |        278 |          1534.90 |      1516.09 |      1561.33 |                 16.23 |                   16.11 |    599 |    30.7650 |
|        1 |        279 |          1534.90 |      1516.09 |      1554.75 |                 34.15 |                    6.84 |    599 |    30.8983 |
|        1 |        280 |          1534.90 |      1516.09 |      1559.30 |                 26.16 |                    5.00 |    601 |    31.0345 |
|        1 |        281 |          1534.90 |      1516.09 |      1559.30 |                 32.83 |                    6.16 |    601 |    31.0904 |
|        1 |        282 |          1534.90 |      1516.09 |      1548.36 |                 38.74 |                    5.52 |    601 |    31.1817 |
|        1 |        283 |          1534.90 |      1516.09 |      1588.80 |                 39.80 |                    5.00 |    603 |    31.2504 |
|        1 |        284 |          1534.90 |      1516.09 |      1570.18 |                 32.27 |                   13.65 |    606 |    31.4399 |
|        1 |        285 |          1534.90 |      1516.09 |      1550.36 |                  6.84 |                   27.75 |    611 |    31.6613 |
|        1 |        286 |          1534.90 |      1516.09 |      1586.74 |                 13.47 |                   54.60 |    616 |    31.7304 |
|        1 |        287 |          1534.90 |      1516.09 |      1559.29 |                 10.74 |                   19.96 |    617 |    31.8601 |
|        1 |        288 |          1534.90 |      1516.09 |      1556.39 |                 10.92 |                   16.28 |    618 |    31.9382 |
|        1 |        289 |          1534.90 |      1516.09 |      1541.38 |                 24.20 |                   14.10 |    620 |    32.0182 |
|        1 |        290 |          1534.90 |      1516.09 |      1561.11 |                 36.72 |                   20.15 |    621 |    32.0775 |
|        1 |        291 |          1534.90 |      1516.09 |      1577.50 |                 18.35 |                   10.27 |    621 |    32.1504 |
|        1 |        292 |          1534.90 |      1516.09 |      1554.96 |                 11.50 |                   33.18 |    623 |    32.2983 |
|        1 |        293 |          1534.90 |      1516.09 |      1555.49 |                 12.37 |                   24.91 |    625 |    32.4160 |
|        1 |        294 |          1534.90 |      1516.09 |      1588.76 |                 13.50 |                   14.05 |    625 |    32.4691 |
|        1 |        295 |          1534.90 |      1516.09 |      1587.73 |                 13.05 |                    7.91 |    626 |    32.5410 |
|        1 |        296 |          1534.90 |      1516.09 |      1557.40 |                 12.62 |                    6.79 |    626 |    32.6132 |
|        1 |        297 |          1534.90 |      1516.09 |      1558.53 |                 16.14 |                    5.00 |    626 |    32.6840 |
|        1 |        298 |          1534.90 |      1516.09 |      1561.63 |                 12.28 |                    5.00 |    626 |    32.7416 |
|        1 |        299 |          1534.90 |      1516.09 |      1558.17 |                 11.89 |                    6.10 |    626 |    32.7922 |
|        1 |        300 |          1534.90 |      1516.09 |      1557.01 |                 22.04 |                    5.00 |    626 |    32.8533 |
|        1 |        301 |          1534.90 |      1516.09 |      1558.70 |                  9.37 |                   11.08 |    627 |    32.9473 |
|        1 |        302 |          1534.90 |      1516.09 |      1542.07 |                 10.01 |                   10.50 |    627 |    33.0295 |
|        1 |        303 |          1534.90 |      1516.09 |      1542.89 |                  9.74 |                   45.77 |    627 |    33.1810 |
|        1 |        304 |          1534.90 |      1516.09 |      1564.04 |                 10.29 |                   86.43 |    627 |    33.2568 |
|        1 |        305 |          1534.90 |      1516.09 |      1568.77 |                  9.56 |                   92.29 |    627 |    33.3474 |
|        1 |        306 |          1534.90 |      1516.09 |      1569.39 |                 12.60 |                  121.67 |    627 |    33.4134 |
|        1 |        307 |          1534.90 |      1516.09 |      1570.80 |                 10.17 |                   60.76 |    629 |    33.4954 |
|        1 |        308 |          1534.90 |      1516.09 |      1570.78 |                  9.63 |                   29.17 |    629 |    33.5691 |
|        1 |        309 |          1534.90 |      1516.09 |      1565.54 |                 21.05 |                   22.53 |    631 |    33.7327 |
|        1 |        310 |          1534.90 |      1516.09 |      1574.65 |                 39.40 |                   33.17 |    631 |    33.7929 |
|        1 |        311 |          1534.90 |      1516.09 |      1564.90 |                  9.74 |                    9.62 |    632 |    33.9201 |
|        1 |        312 |          1534.90 |      1516.09 |      1576.37 |                  5.00 |                   15.49 |    634 |    33.9977 |
|        1 |        313 |          1534.90 |      1516.09 |      1543.80 |                 26.87 |                   10.19 |    636 |    34.1524 |
|        1 |        314 |          1534.90 |      1516.09 |      1568.66 |                 32.73 |                    6.42 |    637 |    34.2052 |
|        1 |        315 |          1534.90 |      1516.09 |      1570.20 |                 19.34 |                    7.79 |    640 |    34.3295 |
|        1 |        316 |          1534.90 |      1516.09 |      1545.49 |                 12.07 |                   48.50 |    641 |    34.5490 |
|        1 |        317 |          1534.90 |      1516.09 |      1543.42 |                 18.66 |                  123.57 |    642 |    34.6379 |
|        1 |        318 |          1534.90 |      1516.09 |      1549.19 |                 23.64 |                  109.25 |    642 |    34.7017 |
|        1 |        319 |          1534.90 |      1516.09 |      1542.20 |                 12.40 |                   92.61 |    642 |    34.8020 |
|        1 |        320 |          1534.90 |      1516.09 |      1542.20 |                  9.35 |                   51.70 |    642 |    34.8632 |
|        1 |        321 |          1534.90 |      1516.09 |      1576.92 |                 33.32 |                   22.12 |    646 |    35.0298 |
|        1 |        322 |          1534.90 |      1516.09 |      1549.82 |                 13.45 |                   34.80 |    648 |    35.1661 |
|        1 |        323 |          1534.90 |      1516.09 |      1555.79 |                 10.09 |                  112.43 |    650 |    35.3052 |
|        1 |        324 |          1534.90 |      1516.09 |      1557.35 |                  9.54 |                   92.43 |    650 |    35.4332 |
|        1 |        325 |          1534.90 |      1516.09 |      1551.61 |                 10.41 |                  104.95 |    651 |    35.4994 |
|        1 |        326 |          1534.90 |      1516.09 |      1552.19 |                 15.96 |                  185.05 |    651 |    35.5589 |
|        1 |        327 |          1534.90 |      1516.09 |      1544.70 |                 18.09 |                   83.62 |    652 |    35.6780 |
|        1 |        328 |          1534.90 |      1516.09 |      1558.30 |                  9.98 |                   37.02 |    653 |    35.8022 |
|        1 |        329 |          1534.90 |      1516.09 |      1547.70 |                 12.39 |                   17.95 |    656 |    35.8785 |
|        1 |        330 |          1534.90 |      1516.09 |      1537.26 |                  9.79 |                    5.76 |    656 |    35.9902 |
|        1 |        331 |          1534.90 |      1516.09 |      1554.68 |                 19.60 |                   12.50 |    659 |    36.0990 |
|        1 |        332 |          1534.90 |      1516.09 |      1567.01 |                 37.74 |                    9.41 |    660 |    36.1856 |
|        1 |        333 |          1534.90 |      1516.09 |      1572.39 |                 35.01 |                    8.05 |    661 |    36.2860 |
|        1 |        334 |          1534.90 |      1516.09 |      1569.40 |                 18.21 |                   16.32 |    663 |    36.3688 |
|        1 |        335 |          1534.90 |      1516.09 |      1583.09 |                 10.56 |                   12.52 |    665 |    36.4686 |
|        1 |        336 |          1534.90 |      1516.09 |      1532.13 |                  9.93 |                   25.27 |    666 |    36.6233 |
|        1 |        337 |          1534.90 |      1516.09 |      1536.63 |                 15.98 |                   22.75 |    666 |    36.7234 |
|        1 |        338 |          1534.90 |      1516.09 |      1554.29 |                 32.71 |                   21.78 |    666 |    36.7919 |
|        1 |        339 |          1534.90 |      1516.09 |      1583.81 |                 28.30 |                   12.38 |    666 |    36.8816 |
|        1 |        340 |          1534.90 |      1516.09 |      1582.81 |                 15.59 |                   27.12 |    668 |    37.0059 |
|        1 |        341 |          1534.90 |      1516.09 |      1574.28 |                 11.95 |                   81.01 |    670 |    37.1194 |
|        1 |        342 |          1534.90 |      1516.09 |      1568.76 |                 21.02 |                   33.75 |    671 |    37.2326 |
|        1 |        343 |          1534.90 |      1516.09 |      1569.23 |                 18.11 |                   13.87 |    672 |    37.3999 |
|        1 |        344 |          1534.90 |      1516.09 |      1578.10 |                 32.57 |                    9.75 |    674 |    37.4539 |
|        1 |        345 |          1534.90 |      1516.09 |      1549.95 |                 11.43 |                   11.59 |    674 |    37.5925 |
|        1 |        346 |          1534.90 |      1516.09 |      1545.43 |                 18.61 |                   14.84 |    674 |    37.6489 |
|        1 |        347 |          1534.90 |      1516.09 |      1538.34 |                 38.08 |                   15.08 |    676 |    37.7316 |
|        1 |        348 |          1534.90 |      1516.09 |      1561.71 |                 25.66 |                   12.41 |    676 |    37.8836 |
|        1 |        349 |          1534.90 |      1516.09 |      1549.47 |                 43.92 |                   15.12 |    676 |    37.9822 |
|        1 |        350 |          1534.90 |      1516.09 |      1570.64 |                 37.70 |                   14.63 |    676 |    38.0626 |
|        1 |        351 |          1534.90 |      1516.09 |      1552.83 |                 23.96 |                   17.99 |    678 |    38.1466 |
|        1 |        352 |          1534.90 |      1516.09 |      1560.74 |                 17.00 |                   25.20 |    678 |    38.2136 |
|        1 |        353 |          1534.90 |      1516.09 |      1564.46 |                 16.77 |                   24.85 |    678 |    38.2903 |
|        1 |        354 |          1534.90 |      1516.09 |      1584.91 |                 22.07 |                   19.07 |    684 |    38.3988 |
|        1 |        355 |          1534.90 |      1516.09 |      1570.40 |                 13.57 |                    6.18 |    685 |    38.5179 |
|        1 |        356 |          1534.90 |      1516.09 |      1545.57 |                 35.93 |                   13.94 |    686 |    38.6513 |
|        1 |        357 |          1534.90 |      1516.09 |      1566.38 |                 33.37 |                   10.82 |    686 |    38.7367 |
|        1 |        358 |          1534.90 |      1516.09 |      1577.82 |                 47.64 |                    6.41 |    686 |    38.8152 |
|        1 |        359 |          1534.90 |      1516.09 |      1577.39 |                 22.87 |                   13.24 |    686 |    38.8861 |
|        1 |        360 |          1534.90 |      1516.09 |      1580.10 |                 13.98 |                   16.63 |    686 |    38.9333 |
|        1 |        361 |          1534.90 |      1516.09 |      1551.89 |                 28.62 |                    8.39 |    688 |    39.0019 |
|        1 |        362 |          1534.90 |      1516.09 |      1566.65 |                 26.06 |                    9.15 |    688 |    39.0678 |
|        1 |        363 |          1534.90 |      1516.09 |      1561.66 |                 32.68 |                   14.30 |    688 |    39.1332 |
|        1 |        364 |          1534.90 |      1516.09 |      1568.74 |                 17.69 |                   17.93 |    688 |    39.2053 |
|        1 |        365 |          1534.90 |      1516.09 |      1550.86 |                 36.58 |                    8.96 |    689 |    39.2847 |
|        1 |        366 |          1534.90 |      1516.09 |      1563.80 |                 23.21 |                    6.28 |    691 |    39.3881 |
|        1 |        367 |          1534.90 |      1516.09 |      1578.72 |                 14.46 |                    8.54 |    694 |    39.4536 |
|        1 |        368 |          1534.90 |      1516.09 |      1575.02 |                 35.29 |                    7.67 |    699 |    39.5965 |
|        1 |        369 |          1534.90 |      1516.09 |      1561.52 |                 33.26 |                   11.68 |    701 |    39.7701 |
|        1 |        370 |          1534.90 |      1516.09 |      1589.45 |                 26.81 |                   11.73 |    702 |    39.8772 |
------------------------------------------------------------------------------------------------------------------------------------------------
|  Restart |  Iteration |  Best Feas. Cost |    Best Cost |   Curr. Cost |   Penalty Custom Res. |   Penalty Standard Res. |   Pool |   Time (s) |
------------------------------------------------------------------------------------------------------------------------------------------------
|        1 |        371 |          1534.90 |      1516.09 |      1550.10 |                  7.54 |                   10.74 |    704 |    40.0311 |
|        1 |        372 |          1534.90 |      1516.09 |      1546.52 |                 17.93 |                    9.77 |    705 |    40.1042 |
|        1 |        373 |          1534.90 |      1516.09 |      1549.88 |                  9.23 |                   10.34 |    706 |    40.1886 |
|        1 |        374 |          1534.90 |      1516.09 |      1545.68 |                  9.52 |                   10.45 |    706 |    40.3631 |
|        1 |        375 |          1534.90 |      1516.09 |      1546.22 |                 10.07 |                    8.35 |    706 |    40.4385 |
|        1 |        376 |          1534.90 |      1516.09 |      1562.29 |                  9.64 |                   10.37 |    707 |    40.5014 |
|        1 |        377 |          1534.90 |      1516.09 |      1556.97 |                  9.77 |                   18.04 |    707 |    40.6169 |
|        1 |        378 |          1534.90 |      1516.09 |      1558.06 |                  9.16 |                   40.78 |    707 |    40.6953 |
|        1 |        379 |          1534.90 |      1516.09 |      1559.65 |                 12.58 |                   72.63 |    707 |    40.7566 |
|        1 |        380 |          1534.90 |      1516.09 |      1561.99 |                 14.43 |                  126.80 |    708 |    40.8121 |
|        1 |        381 |          1534.90 |      1516.09 |      1544.36 |                  9.52 |                  119.97 |    710 |    40.9100 |
|        1 |        382 |          1534.90 |      1516.09 |      1542.94 |                 10.90 |                   51.55 |    710 |    40.9960 |
|        1 |        383 |          1534.90 |      1516.09 |      1549.93 |                 25.39 |                   30.81 |    711 |    41.0860 |
|        1 |        384 |          1534.90 |      1516.09 |      1584.90 |                 33.79 |                   18.06 |    712 |    41.1740 |
|        1 |        385 |          1534.90 |      1516.09 |      1575.10 |                 25.37 |                   21.05 |    714 |    41.3058 |
|        1 |        386 |          1534.90 |      1516.09 |      1565.00 |                 11.58 |                   14.34 |    714 |    41.3866 |
|        1 |        387 |          1534.90 |      1516.09 |      1557.59 |                 19.63 |                    8.59 |    716 |    41.4440 |
|        1 |        388 |          1534.90 |      1516.09 |      1543.65 |                 49.02 |                    6.86 |    717 |    41.5326 |
|        1 |        389 |          1534.90 |      1516.09 |      1535.37 |                 34.73 |                    8.34 |    717 |    41.6228 |
|        1 |        390 |          1534.90 |      1516.09 |      1539.97 |                 14.58 |                    6.51 |    718 |    41.7983 |
|        1 |        391 |          1534.90 |      1516.09 |      1544.90 |                 17.58 |                    6.30 |    718 |    41.8577 |
|        1 |        392 |          1534.90 |      1516.09 |      1549.58 |                  9.79 |                    6.79 |    718 |    41.9614 |
|        1 |        393 |          1534.90 |      1516.09 |      1545.10 |                 18.70 |                    6.06 |    719 |    42.0880 |
|        1 |        394 |          1534.90 |      1516.09 |      1557.40 |                 21.02 |                    8.32 |    720 |    42.1925 |
|        1 |        395 |          1534.90 |      1516.09 |      1564.68 |                 40.94 |                   15.89 |    722 |    42.2490 |
|        1 |        396 |          1534.90 |      1516.09 |      1553.72 |                 23.07 |                   20.33 |    723 |    42.3094 |
|        1 |        397 |          1534.90 |      1516.09 |      1547.70 |                 13.13 |                   12.28 |    725 |    42.3757 |
|        1 |        398 |          1534.90 |      1516.09 |      1556.70 |                  9.27 |                    5.16 |    727 |    42.5481 |
|        1 |        399 |          1534.90 |      1516.09 |      1569.50 |                  9.79 |                    6.33 |    728 |    42.6443 |
|        1 |        400 |          1534.90 |      1516.09 |      1554.58 |                  9.65 |                    6.11 |    729 |    42.7630 |
|        1 |        401 |          1534.90 |      1516.09 |      1554.37 |                  9.89 |                    5.00 |    729 |    42.8542 |
|        1 |        402 |          1534.90 |      1516.09 |      1551.45 |                 11.34 |                    5.40 |    730 |    42.9321 |
|        1 |        403 |          1534.90 |      1516.09 |      1552.01 |                  9.53 |                    5.01 |    730 |    43.0161 |
|        1 |        404 |          1534.90 |      1516.09 |      1533.33 |                 28.96 |                   12.72 |    730 |    43.1803 |
|        1 |        405 |          1534.90 |      1516.09 |      1559.05 |                 23.38 |                   14.15 |    731 |    43.2588 |
|        1 |        406 |          1534.90 |      1516.09 |      1547.07 |                 35.06 |                   17.72 |    732 |    43.3567 |
|        1 |        407 |          1534.90 |      1516.09 |      1536.90 |                 15.52 |                   16.44 |    732 |    43.4578 |
|        1 |        408 |          1534.90 |      1516.09 |      1536.74 |                  9.66 |                   17.21 |    732 |    43.5440 |
|        1 |        409 |          1534.90 |      1516.09 |      1536.62 |                 15.39 |                   30.31 |    732 |    43.6261 |
|        1 |        410 |          1534.90 |      1516.09 |      1576.23 |                 18.47 |                   13.38 |    735 |    43.7854 |
|        1 |        411 |          1534.90 |      1516.09 |      1569.40 |                  9.58 |                   10.56 |    738 |    43.9208 |
|        1 |        412 |          1534.90 |      1516.09 |      1565.40 |                  7.56 |                   15.18 |    740 |    44.0899 |
|        1 |        413 |          1534.90 |      1516.09 |      1557.82 |                 13.04 |                   14.97 |    742 |    44.1699 |
|        1 |        414 |          1534.90 |      1516.09 |      1548.89 |                 25.10 |                   15.81 |    746 |    44.2785 |
|        1 |        415 |          1534.90 |      1516.09 |      1558.74 |                 31.48 |                   10.45 |    746 |    44.3486 |
|        1 |        416 |          1534.90 |      1516.09 |      1553.48 |                 13.37 |                   18.73 |    746 |    44.4841 |
|        1 |        417 |          1534.90 |      1516.09 |      1548.61 |                 23.50 |                   16.69 |    749 |    44.6052 |
|        1 |        418 |          1534.90 |      1516.09 |      1554.06 |                 20.94 |                   15.79 |    753 |    44.7220 |
|        1 |        419 |          1534.90 |      1516.09 |      1553.17 |                 11.57 |                   25.69 |    754 |    44.7842 |
|        1 |        420 |          1534.90 |      1516.09 |      1554.90 |                 15.40 |                   18.03 |    754 |    44.8753 |
|        1 |        421 |          1534.90 |      1516.09 |      1555.01 |                 12.43 |                   23.04 |    756 |    44.9595 |
|        1 |        422 |          1534.90 |      1516.09 |      1555.64 |                 12.14 |                   30.40 |    756 |    45.0176 |
|        1 |        423 |          1534.90 |      1516.09 |      1569.36 |                 14.78 |                   14.45 |    757 |    45.0941 |
|        1 |        424 |          1534.90 |      1516.09 |      1564.02 |                 15.61 |                    8.55 |    760 |    45.2038 |
|        1 |        425 |          1534.90 |      1516.09 |      1561.16 |                 13.54 |                   13.78 |    760 |    45.2606 |
|        1 |        426 |          1534.90 |      1516.09 |      1571.93 |                 12.33 |                   12.55 |    760 |    45.3284 |
|        1 |        427 |          1534.90 |      1516.09 |      1570.62 |                 12.28 |                    7.73 |    760 |    45.4114 |
|        1 |        428 |          1534.90 |      1516.09 |      1565.46 |                 10.97 |                   10.94 |    762 |    45.4736 |
|        1 |        429 |          1534.90 |      1516.09 |      1566.31 |                 11.95 |                    6.16 |    763 |    45.5571 |
|        1 |        430 |          1534.90 |      1516.09 |      1564.85 |                 11.09 |                   13.25 |    763 |    45.6408 |
|        1 |        431 |          1534.90 |      1516.09 |      1556.75 |                 15.02 |                   17.23 |    766 |    45.7782 |
|        1 |        432 |          1534.90 |      1516.09 |      1555.96 |                 19.01 |                   10.62 |    768 |    45.8628 |
|        1 |        433 |          1534.90 |      1516.09 |      1567.78 |                  9.89 |                    9.29 |    771 |    45.9359 |
|        1 |        434 |          1534.90 |      1516.09 |      1534.93 |                 13.20 |                   17.08 |    775 |    46.1330 |
|        1 |        435 |          1534.90 |      1516.09 |      1535.20 |                  7.65 |                   10.10 |    776 |    46.2397 |
|        1 |        436 |          1534.90 |      1516.09 |      1521.60 |                 13.55 |                   12.23 |    779 |    46.3937 |
|        1 |        437 |          1534.90 |      1516.09 |      1529.27 |                 25.36 |                   10.29 |    780 |    46.4474 |
|        1 |        438 |          1534.90 |      1516.09 |      1561.90 |                 24.22 |                    7.73 |    784 |    46.5487 |
|        1 |        439 |          1534.90 |      1516.09 |      1538.54 |                 26.05 |                   14.55 |    784 |    46.6795 |
|        1 |        440 |          1534.90 |      1516.09 |      1568.99 |                 11.74 |                   10.60 |    785 |    46.8025 |
|        1 |        441 |          1534.90 |      1516.09 |      1558.49 |                 11.47 |                    9.56 |    786 |    46.8677 |
|        1 |        442 |          1534.90 |      1516.09 |      1558.87 |                 12.64 |                   11.41 |    786 |    46.9341 |
|        1 |        443 |          1534.90 |      1516.09 |      1569.34 |                  8.76 |                    6.22 |    788 |    47.0434 |
|        1 |        444 |          1534.90 |      1516.09 |      1562.56 |                 14.70 |                    6.72 |    788 |    47.0882 |
|        1 |        445 |          1534.90 |      1516.09 |      1552.70 |                  7.99 |                    8.21 |    789 |    47.2532 |
|        1 |        446 |          1534.90 |      1516.09 |      1554.10 |                  9.63 |                   12.83 |    789 |    47.3204 |
|        1 |        447 |          1534.90 |      1516.09 |      1553.60 |                 14.56 |                    9.45 |    790 |    47.4337 |
|        1 |        448 |          1534.90 |      1516.09 |      1553.18 |                  9.83 |                    6.64 |    790 |    47.4900 |
|        1 |        449 |          1534.90 |      1516.09 |      1545.78 |                 11.04 |                   11.58 |    790 |    47.5636 |
|        1 |        450 |          1534.90 |      1516.09 |      1543.06 |                  6.59 |                   18.40 |    791 |    47.7043 |
|        1 |        451 |          1534.90 |      1516.09 |      1544.86 |                  9.59 |                   18.69 |    792 |    47.7904 |
|        1 |        452 |          1534.90 |      1516.09 |      1550.42 |                 12.38 |                    8.53 |    793 |    47.8908 |
|        1 |        453 |          1534.90 |      1516.09 |      1548.06 |                 19.09 |                   18.48 |    794 |    48.0189 |
|        1 |        454 |          1534.90 |      1516.09 |      1565.10 |                 10.44 |                   10.52 |    795 |    48.0912 |
|        1 |        455 |          1534.90 |      1516.09 |      1565.00 |                 13.49 |                    9.29 |    795 |    48.1605 |
|        1 |        456 |          1534.90 |      1516.09 |      1552.70 |                 15.55 |                   12.08 |    797 |    48.3076 |
|        1 |        457 |          1534.90 |      1516.09 |      1566.70 |                 12.30 |                    5.04 |    798 |    48.3990 |
|        1 |        458 |          1534.90 |      1516.09 |      1581.04 |                  9.74 |                    9.24 |    802 |    48.4564 |
|        1 |        459 |          1534.90 |      1516.09 |      1541.35 |                  5.09 |                   12.35 |    802 |    48.6351 |
|        1 |        460 |          1534.90 |      1516.09 |      1517.80 |                  9.81 |                   13.61 |    803 |    48.7003 |
|        1 |        461 |          1534.90 |      1516.09 |      1520.74 |                 20.48 |                   24.70 |    804 |    48.7730 |
|        1 |        462 |          1534.90 |      1516.09 |      1587.10 |                 12.62 |                   11.98 |    809 |    48.8481 |
|        1 |        463 |          1534.90 |      1516.09 |      1582.80 |                  5.00 |                   18.49 |    810 |    48.9574 |
|        1 |        464 |          1534.90 |      1516.09 |      1553.71 |                 11.99 |                   10.16 |    810 |    49.1075 |
|        1 |        465 |          1534.90 |      1516.09 |      1558.66 |                 15.04 |                    6.46 |    810 |    49.1597 |
|        1 |        466 |          1534.90 |      1516.09 |      1547.93 |                 27.50 |                    5.00 |    810 |    49.2849 |
|        1 |        467 |          1534.90 |      1516.09 |      1546.22 |                 35.55 |                    6.53 |    810 |    49.3453 |
|        1 |        468 |          1534.90 |      1516.09 |      1567.85 |                 15.36 |                    5.91 |    812 |    49.5139 |
|        1 |        469 |          1534.90 |      1516.09 |      1555.19 |                  9.94 |                   14.61 |    812 |    49.6222 |
|        1 |        470 |          1534.90 |      1516.09 |      1550.95 |                 17.52 |                   27.35 |    815 |    49.6829 |
|        1 |        471 |          1534.90 |      1516.09 |      1547.50 |                 12.18 |                   58.25 |    816 |    49.7575 |
|        1 |        472 |          1534.90 |      1516.09 |      1551.16 |                 12.13 |                  124.09 |    816 |    49.8270 |
|        1 |        473 |          1534.90 |      1516.09 |      1580.13 |                 23.83 |                  107.40 |    817 |    49.9149 |
|        1 |        474 |          1534.90 |      1516.09 |      1566.30 |                 10.96 |                   27.64 |    819 |    50.0566 |
|        1 |        475 |          1534.90 |      1516.09 |      1563.24 |                 14.15 |                   23.46 |    819 |    50.1375 |
|        1 |        476 |          1534.90 |      1516.09 |      1563.50 |                 11.21 |                   12.71 |    819 |    50.1981 |
|        1 |        477 |          1534.90 |      1516.09 |      1548.80 |                  9.91 |                   10.36 |    819 |    50.4700 |
|        1 |        478 |          1534.90 |      1516.09 |      1575.82 |                 15.95 |                   10.54 |    822 |    50.5335 |
|        1 |        479 |          1534.90 |      1516.09 |      1575.76 |                 12.75 |                    7.47 |    822 |    50.6053 |
|        1 |        480 |          1534.90 |      1516.09 |      1587.02 |                 12.69 |                   13.28 |    824 |    50.6861 |
|        1 |        481 |          1534.90 |      1516.09 |      1562.69 |                 12.61 |                   11.25 |    825 |    50.8026 |
|        1 |        482 |          1534.90 |      1516.09 |      1546.68 |                  9.29 |                   10.12 |    826 |    50.9137 |
|        1 |        483 |          1534.90 |      1516.09 |      1546.57 |                 12.49 |                   12.31 |    826 |    50.9920 |
|        1 |        484 |          1534.90 |      1516.09 |      1547.43 |                 10.18 |                   16.53 |    826 |    51.0830 |
|        1 |        485 |          1534.90 |      1516.09 |      1556.95 |                 12.63 |                   13.48 |    827 |    51.1599 |
|        1 |        486 |          1534.90 |      1516.09 |      1556.82 |                 16.82 |                   25.74 |    827 |    51.2154 |
|        1 |        487 |          1534.90 |      1516.09 |      1561.00 |                  8.84 |                   19.01 |    827 |    51.2779 |
|        1 |        488 |          1534.90 |      1516.09 |      1569.05 |                 11.75 |                    9.87 |    829 |    51.3828 |
|        1 |        489 |          1534.90 |      1516.09 |      1559.98 |                 11.57 |                   22.07 |    831 |    51.4875 |
|        1 |        490 |          1534.90 |      1516.09 |      1564.35 |                 12.62 |                   34.49 |    833 |    51.5565 |
|        1 |        491 |          1534.90 |      1516.09 |      1562.23 |                  9.78 |                   21.45 |    834 |    51.6485 |
|        1 |        492 |          1534.90 |      1516.09 |      1560.78 |                 16.72 |                   22.25 |    834 |    51.7272 |
|        1 |        493 |          1534.90 |      1516.09 |      1584.85 |                 23.86 |                   31.74 |    835 |    51.8149 |
|        1 |        494 |          1534.90 |      1516.09 |      1582.20 |                 14.70 |                   22.94 |    836 |    51.9060 |
|        1 |        495 |          1534.90 |      1516.09 |      1552.34 |                 15.62 |                   18.81 |    837 |    52.0781 |
|        1 |        496 |          1534.90 |      1516.09 |      1577.44 |                 12.73 |                   26.29 |    839 |    52.1833 |
|        1 |        497 |          1534.90 |      1516.09 |      1574.15 |                 10.81 |                   23.71 |    839 |    52.2388 |
|        1 |        498 |          1534.90 |      1516.09 |      1572.88 |                 16.24 |                   18.40 |    840 |    52.2993 |
|        1 |        499 |          1534.90 |      1516.09 |      1569.84 |                 10.52 |                   17.79 |    840 |    52.3818 |
|        1 |        500 |          1534.90 |      1516.09 |      1550.88 |                 25.73 |                   12.59 |    842 |    52.4893 |
------------------------------------------------------------------------------------------------------------------------------------------------
Version identifier: 22.1.2.0 | 2024-11-26 | 0edbb82fd
CPXPARAM_MIP_Tolerances_UpperCutoff              1535.0000000000148
Tried aggregator 1 time.
MIP Presolve eliminated 10 rows and 74 columns.
MIP Presolve modified 401 coefficients.
Reduced MIP has 91 rows, 768 columns, and 4180 nonzeros.
Reduced MIP has 768 binaries, 0 generals, 0 SOSs, and 0 indicators.
Presolve time = 0.00 sec. (4.03 ticks)
Probing fixed 5 vars, tightened 0 bounds.
Probing time = 0.01 sec. (7.75 ticks)
Tried aggregator 1 time.
Detecting symmetries...
MIP Presolve eliminated 6 rows and 12 columns.
Reduced MIP has 85 rows, 756 columns, and 4089 nonzeros.
Reduced MIP has 756 binaries, 0 generals, 0 SOSs, and 0 indicators.
Presolve time = 0.00 sec. (2.80 ticks)
Probing time = 0.00 sec. (2.58 ticks)
Clique table members: 914.
MIP emphasis: balance optimality and feasibility.
MIP search method: dynamic search.
Parallel mode: deterministic, using up to 8 threads.
Root relaxation solution time = 0.00 sec. (3.34 ticks)

        Nodes                                         Cuts/
   Node  Left     Objective  IInf  Best Integer    Best Bound    ItCnt     Gap

      0     0     1516.4500    17                   1516.4500      237         
*     0     0      integral     0     1516.5000      Cuts: 10      238    0.00%
      0     0        cutoff           1516.5000     1516.5000      238    0.00%
Elapsed time = 0.03 sec. (35.16 ticks, tree = 0.01 MB, solutions = 1)
objective_value(sp) = 1516.5
 55.868505 seconds (6.89 M allocations: 343.258 MiB, 0.11% gc time, 6.88% compilation time)
#1: 0 (0.0) {12.0} -> 39 (31.0) {45.9} [44.0, 54.0] -> 23 (60.0) {68.0} [68.0, 78.0] -> 67 (85.0) {90.0} [83.0, 93.0] -> 55 (87.0) {136.0} [136.0, 146.0] -> 25 (93.0) {172.0} [172.0, 182.0] -> 26 (110.0) {204.3} [0.0, 208.0] -> 0 (110.0) {225.4} [0.0, 230.0]
#2: 0 (0.0) {12.0} -> 42 (5.0) {37.4} [31.0, 41.0] -> 15 (13.0) {61.0} [61.0, 71.0] -> 41 (18.0) {97.0} [97.0, 107.0] -> 75 (36.0) {115.0} [0.0, 192.0] -> 56 (42.0) {130.0} [130.0, 140.0] -> 4 (61.0) {149.0} [149.0, 159.0] -> 0 (61.0) {184.0} [0.0, 230.0]
#3: 0 (0.0) {3.0} -> 40 (9.0) {85.0} [85.0, 95.0] -> 53 (23.0) {101.7} [95.0, 105.0] -> 0 (23.0) {116.1} [0.0, 230.0]
#4: 0 (0.0) {13.0} -> 28 (16.0) {39.0} [39.0, 49.0] -> 76 (29.0) {73.0} [73.0, 83.0] -> 81 (55.0) {96.4} [94.0, 104.0] -> 20 (64.0) {126.0} [126.0, 136.0] -> 32 (87.0) {146.7} [141.0, 151.0] -> 70 (92.0) {182.0} [182.0, 192.0] -> 0 (92.0) {213.0} [0.0, 230.0]
#5: 0 (0.0) {11.0} -> 87 (26.0) {93.0} [93.0, 103.0] -> 57 (33.0) {110.2} [101.0, 111.0] -> 2 (40.0) {126.0} [0.0, 202.0] -> 58 (58.0) {200.0} [200.0, 210.0] -> 0 (58.0) {219.0} [0.0, 230.0]
#6: 0 (0.0) {9.0} -> 14 (20.0) {41.0} [32.0, 42.0] -> 44 (38.0) {69.0} [69.0, 79.0] -> 38 (54.0) {89.8} [83.0, 93.0] -> 43 (61.0) {132.0} [132.0, 142.0] -> 13 (84.0) {165.0} [159.0, 169.0] -> 0 (84.0) {186.1} [0.0, 230.0]
#7: 0 (0.0) {10.0} -> 73 (9.0) {78.0} [78.0, 88.0] -> 22 (27.0) {97.0} [97.0, 107.0] -> 74 (35.0) {149.0} [149.0, 159.0] -> 72 (60.0) {162.1} [0.0, 197.0] -> 21 (71.0) {176.5} [0.0, 201.0] -> 0 (71.0) {204.5} [0.0, 230.0]
#8: 0 (0.0) {9.0} -> 18 (12.0) {87.0} [87.0, 97.0] -> 6 (15.0) {108.1} [99.0, 109.0] -> 0 (15.0) {129.2} [0.0, 230.0]
#9: 0 (0.0) {8.0} -> 92 (2.0) {26.3} [18.0, 28.0] -> 85 (43.0) {42.3} [0.0, 196.0] -> 61 (56.0) {76.0} [76.0, 86.0] -> 84 (63.0) {101.0} [101.0, 111.0] -> 17 (65.0) {157.0} [157.0, 167.0] -> 5 (91.0) {177.0} [0.0, 199.0] -> 93 (113.0) {193.7} [188.0, 198.0] -> 0 (113.0) {223.9} [0.0, 230.0]
#10: 0 (0.0) {9.0} -> 27 (16.0) {37.0} [37.0, 47.0] -> 69 (22.0) {54.2} [50.0, 60.0] -> 88 (31.0) {76.2} [74.0, 84.0] -> 10 (47.0) {124.0} [124.0, 134.0] -> 31 (74.0) {142.0} [0.0, 202.0] -> 0 (74.0) {169.4} [0.0, 230.0]
#11: 0 (0.0) {12.0} -> 48 (36.0) {39.8} [0.0, 192.0] -> 47 (63.0) {56.2} [51.0, 61.0] -> 19 (80.0) {76.0} [76.0, 86.0] -> 8 (89.0) {103.7} [95.0, 105.0] -> 46 (90.0) {123.1} [117.0, 127.0] -> 83 (101.0) {149.3} [0.0, 198.0] -> 60 (104.0) {163.5} [162.0, 172.0] -> 89 (119.0) {182.5} [176.0, 186.0] -> 0 (119.0) {201.5} [0.0, 230.0]
#12: 0 (0.0) {6.0} -> 36 (5.0) {47.4} [41.0, 51.0] -> 64 (14.0) {78.8} [73.0, 83.0] -> 49 (44.0) {108.0} [108.0, 118.0] -> 82 (60.0) {140.8} [0.0, 196.0] -> 52 (69.0) {163.4} [0.0, 208.0] -> 0 (69.0) {184.7} [0.0, 230.0]
#13: 0 (0.0) {13.0} -> 7 (5.0) {34.2} [0.0, 198.0] -> 62 (24.0) {58.0} [58.0, 68.0] -> 11 (36.0) {76.0} [67.0, 77.0] -> 90 (39.0) {97.1} [95.0, 105.0] -> 66 (64.0) {127.0} [127.0, 137.0] -> 1 (74.0) {162.2} [0.0, 204.0] -> 0 (74.0) {187.4} [0.0, 230.0]
#14: 0 (0.0) {13.0} -> 96 (11.0) {28.2} [0.0, 204.0] -> 99 (20.0) {83.0} [83.0, 93.0] -> 59 (48.0) {95.2} [0.0, 202.0] -> 98 (58.0) {108.8} [0.0, 198.0] -> 37 (66.0) {120.2} [0.0, 198.0] -> 97 (78.0) {135.2} [133.0, 143.0] -> 95 (98.0) {148.2} [0.0, 205.0] -> 0 (98.0) {173.0} [0.0, 230.0]
#15: 0 (0.0) {11.0} -> 45 (16.0) {40.1} [32.0, 42.0] -> 16 (35.0) {75.0} [75.0, 85.0] -> 86 (70.0) {94.0} [94.0, 104.0] -> 91 (71.0) {115.0} [0.0, 194.0] -> 100 (88.0) {185.0} [185.0, 195.0] -> 94 (115.0) {207.0} [0.0, 207.0] -> 0 (115.0) {229.0} [0.0, 230.0]
#16: 0 (0.0) {9.0} -> 63 (10.0) {43.9} [34.0, 44.0] -> 30 (31.0) {71.0} [71.0, 81.0] -> 51 (41.0) {90.2} [88.0, 98.0] -> 9 (57.0) {106.5} [97.0, 107.0] -> 35 (65.0) {143.0} [143.0, 153.0] -> 34 (79.0) {163.1} [0.0, 183.0] -> 3 (92.0) {187.2} [0.0, 197.0] -> 0 (92.0) {219.5} [0.0, 230.0]
#17: 0 (0.0) {9.0} -> 65 (20.0) {58.9} [51.0, 61.0] -> 71 (35.0) {79.1} [77.0, 87.0] -> 78 (38.0) {105.5} [96.0, 106.0] -> 68 (74.0) {142.0} [142.0, 152.0] -> 77 (88.0) {179.0} [179.0, 189.0] -> 0 (88.0) {208.6} [0.0, 230.0]
#18: 0 (0.0) {12.0} -> 50 (13.0) {28.9} [0.0, 203.0] -> 33 (24.0) {46.7} [37.0, 47.0] -> 29 (33.0) {71.5} [63.0, 73.0] -> 79 (56.0) {92.0} [92.0, 102.0] -> 54 (74.0) {140.0} [140.0, 150.0] -> 24 (77.0) {160.0} [153.0, 163.0] -> 80 (83.0) {182.0} [182.0, 192.0] -> 12 (102.0) {198.3} [0.0, 205.0] -> 0 (102.0) {223.3} [0.0, 230.0]

Dist: 1516.5. Cost: 1516.5

Clique cuts applied:  3
Cover cuts applied:  1
Zero-half cuts applied:  2
Lift and project cuts applied:  2
Gomory fractional cuts applied:  2

Root node processing (before b&c):
  Real time             =    0.03 sec. (35.18 ticks)
Parallel b&c, 8 threads:
  Real time             =    0.00 sec. (0.00 ticks)
  Sync time (average)   =    0.00 sec.
  Wait time (average)   =    0.00 sec.
                          ------------
Total (root+branch&cut) =    0.03 sec. (35.18 ticks)
