Solving instance /mnt/c/Users/bruno.mattos/OneDrive - americanas s.a/Documentos/GitHub/GenericILS/TWRD/100/R104_100_015.vrptwrd...
------------------------------------------------------------------------------------------------------------------------------------------------
|  Restart |  Iteration |  Best Feas. Cost |    Best Cost |   Curr. Cost |   Penalty Custom Res. |   Penalty Standard Res. |   Pool |   Time (s) |
------------------------------------------------------------------------------------------------------------------------------------------------
|        1 |          1 |              Inf |      1086.34 |      1086.34 |                  9.52 |                    5.00 |     16 |     0.3873 |
|        1 |          2 |              Inf |      1086.34 |      1102.75 |                 20.48 |                    5.00 |     24 |     0.9386 |
|        1 |          3 |              Inf |      1086.34 |      1110.28 |                 45.86 |                    5.00 |     28 |     1.0134 |
|        1 |          4 |              Inf |      1086.34 |      1133.40 |                 76.18 |                    5.00 |     34 |     1.0583 |
|        1 |          5 |              Inf |      1086.34 |      1161.38 |                129.08 |                    5.00 |     34 |     1.1100 |
|        1 |          6 |              Inf |      1086.34 |      1217.37 |                229.88 |                    5.00 |     36 |     1.1628 |
|        1 |          7 |              Inf |      1086.34 |      1321.40 |                401.32 |                    5.00 |     41 |     1.2178 |
|        1 |          8 |              Inf |      1086.34 |      1508.52 |                551.79 |                    5.00 |     44 |     1.2552 |
|        1 |          9 |              Inf |      1086.34 |      1653.99 |                781.67 |                    5.00 |     51 |     1.2901 |
|        1 |          0 |          1129.80 |      1086.34 |      1129.80 |                449.02 |                    5.00 |     61 |     1.3645 |
|        1 |          1 |          1129.80 |      1086.34 |      1129.80 |                268.81 |                    5.00 |     61 |     1.4379 |
|        1 |          2 |          1129.80 |      1086.34 |      1131.80 |                126.50 |                    5.00 |     66 |     1.5242 |
|        1 |          0 |          1119.50 |      1086.34 |      1119.50 |                 36.01 |                    5.00 |     74 |     1.6767 |
|        1 |          0 |          1107.20 |      1086.34 |      1107.20 |                 13.42 |                    5.00 |     84 |     1.8556 |
|        1 |          0 |          1106.60 |      1086.34 |      1106.60 |                 11.73 |                    5.00 |     91 |     1.9494 |
|        1 |          0 |          1099.40 |      1086.34 |      1099.40 |                  5.00 |                    5.00 |     95 |     2.1047 |
|        1 |          0 |          1063.60 |      1063.60 |      1063.60 |                  5.00 |                    5.00 |    102 |     2.2880 |
|        1 |          1 |          1063.60 |      1059.87 |      1059.87 |                 14.63 |                    5.00 |    107 |     2.5973 |
|        1 |          2 |          1063.60 |      1059.87 |      1067.92 |                 26.32 |                    5.00 |    107 |     2.6766 |
|        1 |          0 |          1058.60 |      1058.60 |      1058.60 |                 13.39 |                    5.00 |    115 |     2.8529 |
|        1 |          0 |          1056.40 |      1056.40 |      1056.40 |                 13.18 |                    5.00 |    121 |     2.9826 |
|        1 |          1 |          1056.40 |      1056.40 |      1094.60 |                  6.66 |                    5.00 |    125 |     3.0548 |
|        1 |          2 |          1056.40 |      1056.40 |      1078.80 |                  7.37 |                    5.00 |    127 |     3.1781 |
|        1 |          3 |          1056.40 |      1056.40 |      1078.80 |                  5.00 |                    5.00 |    127 |     3.2451 |
|        1 |          4 |          1056.40 |      1056.40 |      1078.80 |                  5.00 |                    5.00 |    128 |     3.3013 |
|        1 |          5 |          1056.40 |      1056.40 |      1078.80 |                  8.22 |                    5.00 |    128 |     3.3606 |
|        1 |          6 |          1056.40 |      1056.40 |      1078.80 |                  5.72 |                    5.00 |    128 |     3.4186 |
|        1 |          7 |          1056.40 |      1056.40 |      1070.83 |                  9.55 |                    5.00 |    132 |     3.5565 |
|        1 |          8 |          1056.40 |      1056.40 |      1074.94 |                 19.94 |                    5.00 |    135 |     3.6301 |
|        1 |          9 |          1056.40 |      1056.40 |      1085.84 |                 30.25 |                    5.00 |    137 |     3.6859 |
|        1 |         10 |          1056.40 |      1056.40 |      1099.49 |                 37.17 |                    5.63 |    140 |     3.7639 |
|        1 |         11 |          1056.40 |      1056.40 |      1064.20 |                 18.94 |                    6.22 |    143 |     3.8439 |
|        1 |         12 |          1056.40 |      1056.40 |      1059.10 |                  8.64 |                    5.00 |    144 |     3.9183 |
|        1 |         13 |          1056.40 |      1056.40 |      1066.20 |                  7.25 |                    5.00 |    147 |     4.0244 |
|        1 |         14 |          1056.40 |      1056.40 |      1056.60 |                  9.27 |                    5.00 |    147 |     4.1118 |
|        1 |         15 |          1056.40 |      1056.40 |      1056.60 |                  6.38 |                    7.15 |    147 |     4.1696 |
|        1 |         16 |          1056.40 |      1056.40 |      1057.28 |                 14.72 |                    5.00 |    153 |     4.2467 |
|        1 |         17 |          1056.40 |      1056.40 |      1065.04 |                 25.19 |                    5.00 |    153 |     4.2977 |
|        1 |          0 |          1052.70 |      1052.70 |      1052.70 |                 15.06 |                    5.00 |    156 |     4.3818 |
|        1 |          0 |          1051.30 |      1051.30 |      1051.30 |                 10.46 |                    5.00 |    157 |     4.4598 |
|        1 |          0 |          1042.80 |      1042.80 |      1042.80 |                  5.72 |                    5.00 |    159 |     4.5121 |
|        1 |          1 |          1042.80 |      1042.80 |      1042.80 |                  5.00 |                    5.26 |    159 |     4.5710 |
|        1 |          2 |          1042.80 |      1042.80 |      1042.80 |                  5.00 |                    5.00 |    159 |     4.6152 |
|        1 |          3 |          1042.80 |      1042.80 |      1054.20 |                 10.76 |                    5.00 |    159 |     4.7010 |
|        1 |          4 |          1042.80 |      1042.80 |      1096.41 |                 23.37 |                   11.08 |    161 |     4.7732 |
|        1 |          5 |          1042.80 |      1042.80 |      1055.20 |                 15.15 |                    6.90 |    165 |     4.8497 |
|        1 |          6 |          1042.80 |      1042.80 |      1057.70 |                  8.97 |                    6.48 |    168 |     4.9174 |
|        1 |          7 |          1042.80 |      1042.80 |      1045.10 |                 10.48 |                    7.59 |    171 |     5.0061 |
|        1 |          8 |          1042.80 |      1042.80 |      1045.80 |                  5.79 |                    5.00 |    174 |     5.0715 |
|        1 |          9 |          1042.80 |      1042.80 |      1046.59 |                  9.04 |                    5.00 |    176 |     5.1393 |
|        1 |         10 |          1042.80 |      1042.80 |      1049.68 |                  5.00 |                    5.00 |    180 |     5.2728 |
|        1 |         11 |          1042.80 |      1042.80 |      1049.13 |                 10.76 |                   11.19 |    181 |     5.3436 |
|        1 |         12 |          1042.80 |      1042.80 |      1094.74 |                 27.96 |                    5.00 |    184 |     5.4304 |
|        1 |         13 |          1042.80 |      1042.80 |      1085.00 |                  9.16 |                    5.98 |    188 |     5.5467 |
|        1 |         14 |          1042.80 |      1042.80 |      1085.00 |                  5.00 |                    5.00 |    188 |     5.6019 |
|        1 |         15 |          1042.80 |      1042.80 |      1109.75 |                  8.63 |                    5.00 |    196 |     5.6814 |
|        1 |         16 |          1042.80 |      1042.80 |      1112.72 |                 14.77 |                    5.00 |    196 |     5.7225 |
|        1 |         17 |          1042.80 |      1042.80 |      1099.40 |                 16.53 |                    5.00 |    202 |     5.8570 |
|        1 |         18 |          1042.80 |      1042.80 |      1094.70 |                  6.42 |                    5.00 |    204 |     5.9516 |
|        1 |         19 |          1042.80 |      1042.80 |      1080.80 |                  7.90 |                    5.00 |    209 |     6.0335 |
|        1 |         20 |          1042.80 |      1042.80 |      1085.70 |                  8.14 |                    5.00 |    211 |     6.1552 |
|        1 |         21 |          1042.80 |      1042.80 |      1089.26 |                 15.86 |                    5.00 |    211 |     6.2238 |
|        1 |         22 |          1042.80 |      1042.80 |      1103.03 |                 21.75 |                    5.26 |    217 |     6.3174 |
|        1 |         23 |          1042.80 |      1042.80 |      1068.30 |                 14.52 |                    5.00 |    220 |     6.4060 |
|        1 |         24 |          1042.80 |      1042.80 |      1068.30 |                 15.83 |                    5.00 |    220 |     6.4707 |
|        1 |         25 |          1042.80 |      1042.80 |      1059.30 |                  8.83 |                    5.00 |    223 |     6.5503 |
|        1 |         26 |          1042.80 |      1042.80 |      1059.30 |                  5.31 |                    5.00 |    223 |     6.6256 |
|        1 |         27 |          1042.80 |      1042.80 |      1059.30 |                  5.00 |                    5.00 |    223 |     6.6810 |
|        1 |         28 |          1042.80 |      1042.80 |      1059.30 |                  5.00 |                    5.00 |    223 |     6.7689 |
|        1 |         29 |          1042.80 |      1042.80 |      1059.30 |                  5.40 |                    5.00 |    223 |     6.8357 |
|        1 |         30 |          1042.80 |      1042.80 |      1059.99 |                  6.32 |                    5.00 |    223 |     6.9172 |
|        1 |         31 |          1042.80 |      1042.80 |      1066.61 |                 12.43 |                    5.00 |    224 |     7.0127 |
|        1 |         32 |          1042.80 |      1042.80 |      1065.96 |                 18.30 |                    5.00 |    224 |     7.0830 |
|        1 |         33 |          1042.80 |      1042.80 |      1060.21 |                 28.31 |                    5.00 |    225 |     7.1839 |
|        1 |         34 |          1042.80 |      1042.80 |      1058.80 |                 11.45 |                    5.00 |    225 |     7.3005 |
|        1 |         35 |          1042.80 |      1042.80 |      1058.80 |                  5.61 |                    5.00 |    225 |     7.3841 |
|        1 |         36 |          1042.80 |      1042.80 |      1062.30 |                  5.86 |                    5.00 |    227 |     7.4613 |
|        1 |         37 |          1042.80 |      1042.80 |      1104.20 |                  5.00 |                    5.00 |    231 |     7.5095 |
|        1 |         38 |          1042.80 |      1042.80 |      1099.70 |                  8.90 |                    5.00 |    236 |     7.6119 |
|        1 |         39 |          1042.80 |      1042.80 |      1096.40 |                  6.84 |                    5.00 |    239 |     7.6794 |
|        1 |         40 |          1042.80 |      1042.80 |      1086.52 |                  9.02 |                    9.64 |    242 |     7.7471 |
|        1 |         41 |          1042.80 |      1042.80 |      1092.16 |                 20.60 |                    5.00 |    246 |     7.8240 |
|        1 |         42 |          1042.80 |      1042.80 |      1099.00 |                 25.56 |                    5.00 |    246 |     7.8987 |
|        1 |         43 |          1042.80 |      1042.80 |      1098.80 |                 14.95 |                    5.00 |    249 |     8.0309 |
|        1 |         44 |          1042.80 |      1042.80 |      1097.50 |                  7.86 |                    5.00 |    250 |     8.0908 |
|        1 |         45 |          1042.80 |      1042.80 |      1097.50 |                  5.00 |                    5.00 |    251 |     8.1588 |
|        1 |         46 |          1042.80 |      1042.80 |      1097.04 |                  6.93 |                    5.00 |    256 |     8.2332 |
|        1 |         47 |          1042.80 |      1042.80 |      1094.01 |                  7.19 |                    5.00 |    258 |     8.2835 |
|        1 |         48 |          1042.80 |      1042.80 |      1092.70 |                 12.38 |                    5.00 |    263 |     8.4033 |
|        1 |         49 |          1042.80 |      1042.80 |      1092.78 |                 17.68 |                    5.00 |    263 |     8.4736 |
|        1 |         50 |          1042.80 |      1042.80 |      1087.30 |                  8.98 |                    5.00 |    263 |     8.6081 |
|        1 |         51 |          1042.80 |      1042.80 |      1071.29 |                 11.91 |                    6.22 |    268 |     8.7651 |
|        1 |         52 |          1042.80 |      1042.80 |      1069.02 |                 18.21 |                    5.00 |    271 |     8.9052 |
|        1 |         53 |          1042.80 |      1042.80 |      1072.90 |                  7.75 |                    5.00 |    275 |     8.9951 |
|        1 |         54 |          1042.80 |      1042.80 |      1067.96 |                 14.20 |                    5.00 |    275 |     9.0770 |
|        1 |         55 |          1042.80 |      1042.80 |      1074.10 |                 20.69 |                    5.00 |    275 |     9.1560 |
|        1 |         56 |          1042.80 |      1042.80 |      1104.40 |                  8.04 |                    5.00 |    279 |     9.2667 |
|        1 |         57 |          1042.80 |      1042.80 |      1083.11 |                  9.29 |                    5.00 |    284 |     9.3974 |
|        1 |         58 |          1042.80 |      1042.80 |      1086.18 |                 13.67 |                    5.00 |    284 |     9.4577 |
|        1 |         59 |          1042.80 |      1042.80 |      1087.60 |                 13.20 |                    5.00 |    286 |     9.5544 |
|        1 |         60 |          1042.80 |      1042.80 |      1071.55 |                 10.41 |                    6.54 |    293 |     9.7015 |
|        1 |         61 |          1042.80 |      1042.80 |      1099.71 |                 17.47 |                    5.00 |    296 |     9.7495 |
|        1 |         62 |          1042.80 |      1042.80 |      1087.46 |                 26.47 |                    5.00 |    298 |     9.8246 |
|        1 |         63 |          1042.80 |      1042.80 |      1094.94 |                 24.10 |                    5.00 |    298 |     9.9016 |
|        1 |         64 |          1042.80 |      1042.80 |      1089.80 |                 28.50 |                    5.00 |    298 |     9.9566 |
|        1 |         65 |          1042.80 |      1042.80 |      1130.58 |                 39.07 |                    6.27 |    304 |    10.0444 |
|        1 |         66 |          1042.80 |      1042.80 |      1098.31 |                 19.85 |                    8.38 |    312 |    10.3601 |
|        1 |         67 |          1042.80 |      1042.80 |      1138.68 |                 41.46 |                    5.00 |    317 |    10.4478 |
|        1 |         68 |          1042.80 |      1042.80 |      1109.40 |                 60.75 |                    5.00 |    326 |    10.6618 |
|        1 |         69 |          1042.80 |      1042.80 |      1102.20 |                 31.59 |                    5.00 |    330 |    10.7933 |
|        1 |         70 |          1042.80 |      1042.80 |      1105.40 |                 25.52 |                    5.00 |    332 |    10.9073 |
|        1 |         71 |          1042.80 |      1042.80 |      1100.70 |                 14.83 |                    5.00 |    333 |    10.9812 |
|        1 |         72 |          1042.80 |      1042.80 |      1133.50 |                  9.33 |                    5.00 |    335 |    11.0629 |
|        1 |         73 |          1042.80 |      1042.80 |      1113.32 |                  9.18 |                    5.00 |    342 |    11.2133 |
|        1 |         74 |          1042.80 |      1042.80 |      1097.85 |                 15.07 |                    5.00 |    346 |    11.3036 |
|        1 |         75 |          1042.80 |      1042.80 |      1090.08 |                 13.40 |                    5.00 |    353 |    11.4795 |
|        1 |         76 |          1042.80 |      1042.80 |      1090.15 |                 26.33 |                    5.00 |    353 |    11.5652 |
|        1 |         77 |          1042.80 |      1042.80 |      1100.10 |                  7.95 |                    5.00 |    360 |    11.7333 |
|        1 |         78 |          1042.80 |      1042.80 |      1089.80 |                  5.00 |                    5.00 |    361 |    11.8416 |
|        1 |         79 |          1042.80 |      1042.80 |      1088.00 |                  9.84 |                    5.00 |    362 |    12.0320 |
|        1 |         80 |          1042.80 |      1042.80 |      1061.97 |                  6.29 |                    5.00 |    366 |    12.3057 |
|        1 |         81 |          1042.80 |      1042.80 |      1067.78 |                 24.35 |                    5.00 |    371 |    12.5313 |
|        1 |         82 |          1042.80 |      1042.80 |      1083.67 |                 47.87 |                    5.00 |    371 |    12.6331 |
|        1 |         83 |          1042.80 |      1042.80 |      1081.99 |                 28.76 |                    8.62 |    372 |    12.8363 |
|        1 |         84 |          1042.80 |      1042.80 |      1091.70 |                 16.04 |                    5.00 |    374 |    12.9208 |
|        1 |         85 |          1042.80 |      1042.80 |      1091.90 |                  7.03 |                    5.47 |    378 |    13.0292 |
|        1 |         86 |          1042.80 |      1042.80 |      1100.60 |                  5.00 |                    5.00 |    379 |    13.0947 |
|        1 |         87 |          1042.80 |      1042.80 |      1080.74 |                 11.88 |                    5.00 |    386 |    13.2514 |
|        1 |         88 |          1042.80 |      1042.80 |      1086.79 |                 24.56 |                    5.00 |    386 |    13.3287 |
|        1 |         89 |          1042.80 |      1042.80 |      1097.90 |                 14.25 |                    5.00 |    391 |    13.4174 |
|        1 |         90 |          1042.80 |      1042.80 |      1080.06 |                 25.13 |                    9.17 |    394 |    13.4894 |
|        1 |         91 |          1042.80 |      1042.80 |      1090.73 |                 23.79 |                    8.02 |    394 |    13.5897 |
|        1 |         92 |          1042.80 |      1042.80 |      1093.53 |                 30.42 |                    7.30 |    395 |    13.6811 |
|        1 |         93 |          1042.80 |      1042.80 |      1090.20 |                 24.39 |                    5.00 |    399 |    13.9392 |
|        1 |         94 |          1042.80 |      1042.80 |      1083.43 |                 30.24 |                    5.00 |    399 |    14.0341 |
|        1 |         95 |          1042.80 |      1042.80 |      1085.69 |                 32.92 |                    5.00 |    400 |    14.1360 |
|        1 |         96 |          1042.80 |      1042.80 |      1087.50 |                 22.43 |                    5.00 |    402 |    14.1991 |
|        1 |         97 |          1042.80 |      1042.80 |      1086.66 |                 28.13 |                    5.00 |    405 |    14.2661 |
|        1 |         98 |          1042.80 |      1042.80 |      1097.70 |                 10.69 |                    5.00 |    409 |    14.3996 |
|        1 |         99 |          1042.80 |      1042.80 |      1129.60 |                  6.65 |                    5.00 |    415 |    14.4824 |
|        1 |        100 |          1042.80 |      1042.80 |      1120.80 |                  5.00 |                    5.00 |    422 |    14.6653 |
|        1 |        101 |          1042.80 |      1042.80 |      1083.61 |                  9.64 |                    5.00 |    426 |    14.7597 |
|        1 |        102 |          1042.80 |      1042.80 |      1116.53 |                 16.33 |                    5.00 |    429 |    14.8156 |
|        1 |        103 |          1042.80 |      1042.80 |      1092.59 |                 27.93 |                    5.00 |    431 |    14.8813 |
|        1 |        104 |          1042.80 |      1042.80 |      1081.50 |                 24.62 |                    5.00 |    433 |    14.9970 |
|        1 |        105 |          1042.80 |      1042.80 |      1081.80 |                 27.92 |                    5.00 |    435 |    15.0818 |
|        1 |        106 |          1042.80 |      1042.80 |      1081.80 |                 29.83 |                    5.00 |    435 |    15.1568 |
|        1 |        107 |          1042.80 |      1042.80 |      1082.80 |                 17.34 |                    5.00 |    435 |    15.2199 |
|        1 |        108 |          1042.80 |      1042.80 |      1082.90 |                 10.91 |                    5.00 |    436 |    15.2741 |
|        1 |        109 |          1042.80 |      1042.80 |      1081.30 |                  9.43 |                    5.00 |    439 |    15.4010 |
|        1 |        110 |          1042.80 |      1042.80 |      1070.21 |                  5.00 |                   11.88 |    440 |    15.4888 |
|        1 |        111 |          1042.80 |      1042.80 |      1070.72 |                  5.00 |                    8.87 |    440 |    15.5506 |
|        1 |        112 |          1042.80 |      1042.80 |      1070.43 |                  5.00 |                   17.62 |    440 |    15.6240 |
|        1 |        113 |          1042.80 |      1042.80 |      1071.82 |                  5.00 |                   41.87 |    443 |    15.7160 |
|        1 |        114 |          1042.80 |      1042.80 |      1074.20 |                  5.00 |                   47.53 |    443 |    15.7793 |
|        1 |        115 |          1042.80 |      1042.80 |      1074.55 |                  7.37 |                   46.44 |    443 |    15.8430 |
|        1 |        116 |          1042.80 |      1042.80 |      1073.61 |                 13.80 |                   13.86 |    445 |    16.0498 |
|        1 |        117 |          1042.80 |      1042.80 |      1080.73 |                 20.71 |                    6.26 |    445 |    16.1330 |
|        1 |        118 |          1042.80 |      1042.80 |      1109.05 |                 35.79 |                    5.41 |    448 |    16.1957 |
|        1 |        119 |          1042.80 |      1042.80 |      1089.00 |                 16.67 |                    5.00 |    449 |    16.2849 |
|        1 |        120 |          1042.80 |      1042.80 |      1069.60 |                  9.03 |                    5.00 |    450 |    16.3481 |
|        1 |        121 |          1042.80 |      1042.80 |      1069.60 |                  5.46 |                    5.00 |    450 |    16.4215 |
|        1 |        122 |          1042.80 |      1042.80 |      1073.70 |                  5.00 |                    5.00 |    452 |    16.4883 |
|        1 |        123 |          1042.80 |      1042.80 |      1071.36 |                  9.17 |                    5.00 |    454 |    16.6407 |
|        1 |        124 |          1042.80 |      1042.80 |      1074.75 |                 17.69 |                    5.00 |    454 |    16.7145 |
|        1 |        125 |          1042.80 |      1042.80 |      1082.89 |                 28.22 |                    5.00 |    454 |    16.7792 |
|        1 |        126 |          1042.80 |      1042.80 |      1095.45 |                 31.07 |                    5.00 |    454 |    16.8699 |
|        1 |        127 |          1042.80 |      1042.80 |      1095.65 |                 22.47 |                    5.00 |    454 |    16.9610 |
|        1 |        128 |          1042.80 |      1042.80 |      1088.35 |                 32.06 |                    5.00 |    454 |    17.0451 |
|        1 |        129 |          1042.80 |      1042.80 |      1075.40 |                 19.33 |                    5.00 |    457 |    17.1754 |
|        1 |        130 |          1042.80 |      1042.80 |      1075.40 |                 10.79 |                    5.00 |    457 |    17.2450 |
|        1 |        131 |          1042.80 |      1042.80 |      1075.40 |                  6.08 |                    5.00 |    457 |    17.3129 |
|        1 |        132 |          1042.80 |      1042.80 |      1072.42 |                 12.09 |                    5.00 |    459 |    17.4017 |
|        1 |        133 |          1042.80 |      1042.80 |      1083.43 |                 17.81 |                    5.00 |    460 |    17.4572 |
|        1 |        134 |          1042.80 |      1042.80 |      1080.15 |                 27.59 |                    5.00 |    460 |    17.5188 |
|        1 |        135 |          1042.80 |      1042.80 |      1067.80 |                 13.63 |                    5.00 |    460 |    17.6380 |
|        1 |        136 |          1042.80 |      1042.80 |      1067.80 |                  6.54 |                    5.00 |    460 |    17.7283 |
|        1 |        137 |          1042.80 |      1042.80 |      1067.90 |                  5.00 |                    5.00 |    461 |    17.7977 |
|        1 |        138 |          1042.80 |      1042.80 |      1074.11 |                  9.53 |                    5.00 |    464 |    17.9089 |
|        1 |        139 |          1042.80 |      1042.80 |      1077.72 |                 15.68 |                    5.00 |    467 |    17.9585 |
|        1 |        140 |          1042.80 |      1042.80 |      1076.60 |                 15.27 |                    5.00 |    469 |    18.1080 |
|        1 |        141 |          1042.80 |      1042.80 |      1072.80 |                 17.33 |                    5.00 |    469 |    18.1943 |
|        1 |        142 |          1042.80 |      1042.80 |      1076.60 |                 13.58 |                    5.00 |    469 |    18.2606 |
|        1 |        143 |          1042.80 |      1042.80 |      1076.60 |                 19.02 |                    5.00 |    469 |    18.3311 |
|        1 |        144 |          1042.80 |      1042.80 |      1069.60 |                  5.00 |                    5.00 |    469 |    18.4781 |
|        1 |        145 |          1042.80 |      1042.80 |      1069.40 |                  7.67 |                    5.00 |    469 |    18.5360 |
|        1 |        146 |          1042.80 |      1042.80 |      1069.40 |                  5.00 |                    5.00 |    469 |    18.5871 |
|        1 |        147 |          1042.80 |      1042.80 |      1068.79 |                  8.30 |                    5.00 |    469 |    18.6735 |
|        1 |        148 |          1042.80 |      1042.80 |      1071.40 |                 13.93 |                    7.08 |    469 |    18.7289 |
|        1 |        149 |          1042.80 |      1042.80 |      1069.40 |                  7.62 |                    5.00 |    469 |    18.7899 |
|        1 |        150 |          1042.80 |      1042.80 |      1068.40 |                  6.29 |                    5.00 |    469 |    18.9036 |
|        1 |        151 |          1042.80 |      1042.80 |      1074.37 |                 12.74 |                    5.00 |    470 |    18.9714 |
|        1 |        152 |          1042.80 |      1042.80 |      1073.20 |                  8.86 |                    5.00 |    470 |    19.0250 |
|        1 |        153 |          1042.80 |      1042.80 |      1073.20 |                  5.36 |                    5.00 |    470 |    19.0923 |
|        1 |        154 |          1042.80 |      1042.80 |      1068.50 |                  6.28 |                    5.00 |    470 |    19.1915 |
|        1 |        155 |          1042.80 |      1042.80 |      1091.97 |                 15.06 |                    5.00 |    471 |    19.2809 |
|        1 |        156 |          1042.80 |      1042.80 |      1101.33 |                 27.37 |                    5.00 |    471 |    19.3517 |
|        1 |        157 |          1042.80 |      1042.80 |      1079.60 |                 23.01 |                    5.00 |    473 |    19.4211 |
|        1 |        158 |          1042.80 |      1042.80 |      1079.60 |                 26.12 |                    5.00 |    473 |    19.4913 |
|        1 |        159 |          1042.80 |      1042.80 |      1082.10 |                 19.66 |                    5.00 |    475 |    19.5726 |
|        1 |        160 |          1042.80 |      1042.80 |      1082.10 |                 11.78 |                    5.00 |    475 |    19.6286 |
|        1 |        161 |          1042.80 |      1042.80 |      1068.04 |                  5.01 |                    8.89 |    477 |    19.7492 |
|        1 |        162 |          1042.80 |      1035.97 |      1035.97 |                 10.15 |                    8.60 |    481 |    19.8299 |
|        1 |        163 |          1042.80 |      1035.97 |      1043.06 |                  8.97 |                    5.00 |    482 |    19.9094 |
|        1 |        164 |          1042.80 |      1035.97 |      1074.63 |                 19.10 |                   10.65 |    484 |    19.9973 |
------------------------------------------------------------------------------------------------------------------------------------------------
|  Restart |  Iteration |  Best Feas. Cost |    Best Cost |   Curr. Cost |   Penalty Custom Res. |   Penalty Standard Res. |   Pool |   Time (s) |
------------------------------------------------------------------------------------------------------------------------------------------------
|        1 |        165 |          1042.80 |      1035.97 |      1096.20 |                 37.58 |                   20.95 |    484 |    20.0733 |
|        1 |        166 |          1042.80 |      1035.97 |      1146.34 |                 65.61 |                   36.58 |    486 |    20.1411 |
|        1 |        167 |          1042.80 |      1035.97 |      1071.60 |                 35.54 |                   19.81 |    489 |    20.2384 |
|        1 |        168 |          1042.80 |      1035.97 |      1082.40 |                 31.74 |                   13.65 |    490 |    20.3161 |
|        1 |        169 |          1042.80 |      1035.97 |      1082.29 |                 32.27 |                    6.75 |    490 |    20.4073 |
|        1 |        170 |          1042.80 |      1035.97 |      1108.79 |                 30.51 |                    5.00 |    495 |    20.5726 |
|        1 |        171 |          1042.80 |      1035.97 |      1091.80 |                 10.16 |                    5.00 |    502 |    20.7842 |
|        1 |        172 |          1042.80 |      1035.97 |      1092.10 |                  5.00 |                    5.00 |    503 |    20.8704 |
|        1 |        173 |          1042.80 |      1035.97 |      1091.57 |                  9.55 |                    5.00 |    503 |    20.9417 |
|        1 |        174 |          1042.80 |      1035.97 |      1089.20 |                 13.91 |                    5.00 |    505 |    21.0206 |
|        1 |        175 |          1042.80 |      1035.97 |      1089.20 |                  5.69 |                    5.00 |    505 |    21.1365 |
|        1 |        176 |          1042.80 |      1035.97 |      1094.70 |                  6.10 |                    5.00 |    507 |    21.2041 |
|        1 |        177 |          1042.80 |      1035.97 |      1091.00 |                  7.36 |                    5.00 |    509 |    21.2972 |
|        1 |        178 |          1042.80 |      1035.97 |      1102.02 |                  7.94 |                    5.00 |    511 |    21.3850 |
|        1 |        179 |          1042.80 |      1035.97 |      1102.71 |                 16.08 |                    5.00 |    512 |    21.4627 |
|        1 |        180 |          1042.80 |      1035.97 |      1069.86 |                  6.29 |                    5.00 |    515 |    21.6578 |
|        1 |        181 |          1042.80 |      1035.97 |      1091.70 |                  5.00 |                    5.00 |    517 |    21.7265 |
|        1 |        182 |          1042.80 |      1035.97 |      1090.10 |                  6.41 |                    5.00 |    517 |    21.8510 |
|        1 |        183 |          1042.80 |      1035.97 |      1092.00 |                  5.80 |                    8.30 |    518 |    21.9353 |
|        1 |        184 |          1042.80 |      1035.97 |      1091.60 |                  8.14 |                    5.00 |    518 |    22.0772 |
|        1 |        185 |          1042.80 |      1035.97 |      1073.54 |                  6.39 |                    5.00 |    524 |    22.2708 |
|        1 |        186 |          1042.80 |      1035.97 |      1077.97 |                  8.37 |                    5.00 |    530 |    22.5605 |
|        1 |        187 |          1042.80 |      1035.97 |      1078.67 |                 18.74 |                    5.00 |    530 |    22.6531 |
|        1 |        188 |          1042.80 |      1035.97 |      1079.50 |                 11.90 |                    5.00 |    535 |    22.7504 |
|        1 |        189 |          1042.80 |      1035.97 |      1045.20 |                  6.68 |                    5.00 |    538 |    22.8932 |
|        1 |        190 |          1042.80 |      1035.97 |      1046.50 |                  6.10 |                    5.00 |    538 |    22.9568 |
|        1 |        191 |          1042.80 |      1035.97 |      1046.50 |                  5.00 |                    5.00 |    538 |    23.0221 |
|        1 |        192 |          1042.80 |      1035.97 |      1053.98 |                  6.52 |                    5.00 |    538 |    23.1082 |
|        1 |        193 |          1042.80 |      1035.97 |      1043.90 |                 19.06 |                    5.00 |    541 |    23.2900 |
|        1 |        194 |          1042.80 |      1035.97 |      1059.65 |                 32.27 |                    5.00 |    544 |    23.3979 |
|        1 |        195 |          1042.80 |      1035.97 |      1064.74 |                 29.83 |                    5.00 |    546 |    23.5936 |
|        1 |        196 |          1042.80 |      1035.97 |      1073.12 |                 29.12 |                    5.00 |    550 |    23.6769 |
|        1 |        197 |          1042.80 |      1035.97 |      1072.11 |                 32.10 |                    5.00 |    550 |    23.7414 |
|        1 |        198 |          1042.80 |      1035.97 |      1070.08 |                 32.64 |                    5.00 |    550 |    23.8314 |
|        1 |        199 |          1042.80 |      1035.97 |      1067.09 |                 10.79 |                    5.00 |    551 |    23.9859 |
|        1 |        200 |          1042.80 |      1035.97 |      1074.22 |                  9.33 |                    5.00 |    555 |    24.1355 |
|        1 |        201 |          1042.80 |      1035.97 |      1072.40 |                 18.72 |                    5.00 |    555 |    24.2102 |
|        1 |        202 |          1042.80 |      1035.97 |      1066.80 |                 14.94 |                    5.00 |    561 |    24.3356 |
|        1 |        203 |          1042.80 |      1035.97 |      1074.26 |                 29.92 |                    5.00 |    565 |    24.4670 |
|        1 |        204 |          1042.80 |      1035.97 |      1070.10 |                  5.00 |                    5.00 |    567 |    24.7184 |
|        1 |        205 |          1042.80 |      1035.97 |      1055.47 |                 12.61 |                    5.00 |    569 |    24.8517 |
|        1 |        206 |          1042.80 |      1035.97 |      1060.00 |                  6.47 |                    5.26 |    571 |    24.9912 |
|        1 |        207 |          1042.80 |      1035.97 |      1060.00 |                 10.96 |                    5.00 |    571 |    25.0866 |
|        1 |        208 |          1042.80 |      1035.97 |      1060.00 |                  9.40 |                    5.00 |    571 |    25.1795 |
|        1 |        209 |          1042.80 |      1035.97 |      1058.77 |                 15.41 |                    5.00 |    572 |    25.3165 |
|        1 |        210 |          1042.80 |      1035.97 |      1066.74 |                 21.81 |                    5.00 |    573 |    25.3773 |
|        1 |        211 |          1042.80 |      1035.97 |      1079.24 |                 32.40 |                    5.00 |    573 |    25.4707 |
|        1 |        212 |          1042.80 |      1035.97 |      1082.99 |                 26.91 |                    5.00 |    574 |    25.5878 |
|        1 |        213 |          1042.80 |      1035.97 |      1088.76 |                  9.64 |                    5.67 |    580 |    25.7159 |
|        1 |        214 |          1042.80 |      1035.97 |      1070.72 |                 12.92 |                    8.57 |    585 |    25.8535 |
|        1 |        215 |          1042.80 |      1035.97 |      1075.54 |                 23.71 |                   14.22 |    585 |    25.9085 |
|        1 |        216 |          1042.80 |      1035.97 |      1087.72 |                 18.42 |                   10.83 |    585 |    25.9585 |
|        1 |        217 |          1042.80 |      1035.97 |      1077.88 |                  8.22 |                   42.75 |    590 |    26.0833 |
|        1 |        218 |          1042.80 |      1035.97 |      1080.72 |                  5.00 |                   43.92 |    592 |    26.1382 |
|        1 |        219 |          1042.80 |      1035.97 |      1078.76 |                  9.27 |                   60.87 |    593 |    26.2017 |
|        1 |        220 |          1042.80 |      1035.97 |      1115.60 |                 20.95 |                   33.94 |    597 |    26.2787 |
|        1 |        221 |          1042.80 |      1035.97 |      1113.20 |                 64.50 |                   21.95 |    600 |    26.3810 |
|        1 |        222 |          1042.80 |      1035.97 |      1174.75 |                120.73 |                   13.41 |    604 |    26.4569 |
|        1 |        223 |          1042.80 |      1035.97 |      1113.40 |                 47.64 |                   12.75 |    607 |    26.6334 |
|        1 |        224 |          1042.80 |      1035.97 |      1114.28 |                 27.40 |                   20.76 |    607 |    26.6848 |
|        1 |        225 |          1042.80 |      1035.97 |      1115.61 |                 10.87 |                   19.85 |    607 |    26.7707 |
|        1 |        226 |          1042.80 |      1035.97 |      1123.50 |                  5.60 |                   11.76 |    608 |    26.8322 |
|        1 |        227 |          1042.80 |      1035.97 |      1118.13 |                  5.00 |                    5.76 |    611 |    26.8983 |
|        1 |        228 |          1042.80 |      1035.97 |      1090.12 |                 13.51 |                    5.00 |    615 |    27.0134 |
|        1 |        229 |          1042.80 |      1035.97 |      1097.98 |                 20.69 |                    5.00 |    619 |    27.1309 |
|        1 |        230 |          1042.80 |      1035.97 |      1105.54 |                 50.65 |                    5.00 |    620 |    27.2935 |
|        1 |        231 |          1042.80 |      1035.97 |      1108.80 |                 17.46 |                    5.00 |    626 |    27.4868 |
|        1 |        232 |          1042.80 |      1035.97 |      1108.80 |                 15.11 |                    5.36 |    626 |    27.5900 |
|        1 |        233 |          1042.80 |      1035.97 |      1088.90 |                 14.29 |                    5.00 |    629 |    27.7250 |
|        1 |        234 |          1042.80 |      1035.97 |      1095.81 |                 23.73 |                    5.98 |    629 |    27.7773 |
|        1 |        235 |          1042.80 |      1035.97 |      1104.87 |                 42.68 |                    5.00 |    629 |    27.8353 |
|        1 |        236 |          1042.80 |      1035.97 |      1142.55 |                 89.13 |                    5.41 |    634 |    27.9108 |
|        1 |        237 |          1042.80 |      1035.97 |      1179.66 |                155.61 |                    7.57 |    635 |    27.9661 |
|        1 |        238 |          1042.80 |      1035.97 |      1254.52 |                271.67 |                    9.04 |    637 |    28.0218 |
|        1 |        239 |          1042.80 |      1035.97 |      1373.67 |                429.36 |                    8.33 |    639 |    28.0760 |
|        1 |        240 |          1042.80 |      1035.97 |      1090.90 |                 69.56 |                    5.00 |    642 |    28.2730 |
|        1 |        241 |          1042.80 |      1035.97 |      1087.40 |                 24.43 |                    5.75 |    643 |    28.3906 |
|        1 |        242 |          1042.80 |      1035.97 |      1087.40 |                 13.64 |                    5.00 |    643 |    28.4524 |
|        1 |        243 |          1042.80 |      1035.97 |      1094.30 |                  6.67 |                    6.79 |    643 |    28.5385 |
|        1 |        244 |          1042.80 |      1035.97 |      1094.71 |                  5.00 |                    8.10 |    644 |    28.6146 |
|        1 |        245 |          1042.80 |      1035.97 |      1094.95 |                 10.65 |                    6.67 |    646 |    28.6840 |
|        1 |        246 |          1042.80 |      1035.97 |      1095.53 |                 25.82 |                    5.00 |    650 |    28.7759 |
|        1 |        247 |          1042.80 |      1035.97 |      1082.61 |                 28.67 |                    5.00 |    654 |    28.8866 |
|        1 |        248 |          1042.80 |      1035.97 |      1079.50 |                 11.82 |                    5.00 |    656 |    29.0117 |
|        1 |        249 |          1042.80 |      1035.97 |      1065.05 |                 17.03 |                    5.00 |    657 |    29.1099 |
|        1 |        250 |          1042.80 |      1035.97 |      1113.20 |                 28.27 |                    5.00 |    657 |    29.1910 |
|        1 |        251 |          1042.80 |      1035.97 |      1084.20 |                 31.92 |                    7.37 |    660 |    29.3589 |
|        1 |        252 |          1042.80 |      1035.97 |      1087.25 |                 18.52 |                    5.00 |    662 |    29.4351 |
|        1 |        253 |          1042.80 |      1035.97 |      1078.16 |                 30.74 |                    5.00 |    665 |    29.4953 |
|        1 |        254 |          1042.80 |      1035.97 |      1087.50 |                 27.32 |                    6.20 |    667 |    29.6516 |
|        1 |        255 |          1042.80 |      1035.97 |      1087.80 |                 18.79 |                    5.00 |    667 |    29.7495 |
|        1 |        256 |          1042.80 |      1035.97 |      1084.70 |                  9.00 |                    5.00 |    670 |    29.9325 |
|        1 |        257 |          1042.80 |      1035.97 |      1083.00 |                 10.40 |                    5.00 |    671 |    30.0685 |
|        1 |        258 |          1042.80 |      1035.97 |      1083.00 |                  6.29 |                    5.00 |    671 |    30.1359 |
|        1 |        259 |          1042.80 |      1035.97 |      1083.60 |                  5.00 |                    5.00 |    674 |    30.2664 |
|        1 |        260 |          1042.80 |      1035.97 |      1111.02 |                  5.26 |                    5.00 |    679 |    30.3695 |
|        1 |        261 |          1042.80 |      1035.97 |      1106.65 |                  8.98 |                    5.00 |    680 |    30.4573 |
|        1 |        262 |          1042.80 |      1035.97 |      1106.70 |                  5.48 |                    5.00 |    681 |    30.5247 |
|        1 |        263 |          1042.80 |      1035.97 |      1082.56 |                 18.04 |                    7.14 |    686 |    30.6926 |
|        1 |        264 |          1042.80 |      1035.97 |      1102.93 |                 32.45 |                    6.91 |    690 |    30.7486 |
|        1 |        265 |          1042.80 |      1035.97 |      1098.23 |                 14.79 |                   21.49 |    693 |    30.8446 |
|        1 |        266 |          1042.80 |      1035.97 |      1092.70 |                  8.98 |                    6.61 |    700 |    30.9938 |
|        1 |        267 |          1042.80 |      1035.97 |      1091.70 |                  5.00 |                    5.00 |    702 |    31.0603 |
|        1 |        268 |          1042.80 |      1035.97 |      1088.02 |                  7.14 |                    5.00 |    704 |    31.1448 |
|        1 |        269 |          1042.80 |      1035.97 |      1089.83 |                 14.32 |                    5.00 |    709 |    31.2226 |
|        1 |        270 |          1042.80 |      1035.97 |      1100.20 |                 24.51 |                    5.00 |    709 |    31.3145 |
|        1 |        271 |          1042.80 |      1035.97 |      1110.31 |                 44.53 |                    5.36 |    710 |    31.3931 |
|        1 |        272 |          1042.80 |      1035.97 |      1131.79 |                 88.48 |                    5.00 |    711 |    31.5445 |
|        1 |        273 |          1042.80 |      1035.97 |      1099.45 |                 35.80 |                   10.24 |    716 |    31.6869 |
|        1 |        274 |          1042.80 |      1035.97 |      1100.21 |                 14.20 |                   10.19 |    716 |    31.8183 |
|        1 |        275 |          1042.80 |      1035.97 |      1096.03 |                 15.93 |                    9.93 |    716 |    31.9350 |
|        1 |        276 |          1042.80 |      1035.97 |      1086.20 |                  5.75 |                    5.00 |    720 |    32.1319 |
|        1 |        277 |          1042.80 |      1035.97 |      1082.53 |                 13.40 |                    5.00 |    720 |    32.2610 |
|        1 |        278 |          1042.80 |      1035.97 |      1082.73 |                 72.02 |                    8.99 |    723 |    32.5337 |
|        1 |        279 |          1042.80 |      1035.97 |      1132.47 |                128.26 |                    6.13 |    724 |    32.6080 |
|        1 |        280 |          1042.80 |      1035.97 |      1215.90 |                226.15 |                    5.00 |    731 |    32.6779 |
|        1 |        281 |          1042.80 |      1035.97 |      1069.10 |                 97.10 |                    5.00 |    733 |    32.8252 |
|        1 |        282 |          1042.80 |      1035.97 |      1062.70 |                 45.24 |                    5.00 |    735 |    32.9126 |
|        1 |        283 |          1042.80 |      1035.97 |      1056.10 |                 10.74 |                    5.00 |    739 |    33.1666 |
|        1 |        284 |          1042.80 |      1035.97 |      1058.10 |                  6.04 |                    7.66 |    742 |    33.3442 |
|        1 |        285 |          1042.80 |      1035.97 |      1058.66 |                  5.36 |                    5.00 |    742 |    33.4328 |
|        1 |        286 |          1042.80 |      1035.97 |      1058.20 |                  5.00 |                    6.27 |    742 |    33.5005 |
|        1 |        287 |          1042.80 |      1035.97 |      1058.38 |                  6.67 |                   10.01 |    742 |    33.5638 |
|        1 |        288 |          1042.80 |      1035.97 |      1057.66 |                  7.08 |                    9.55 |    744 |    33.7183 |
|        1 |        289 |          1042.80 |      1035.97 |      1057.67 |                  5.75 |                   10.42 |    744 |    33.8330 |
|        1 |        290 |          1042.80 |      1035.97 |      1057.00 |                  6.61 |                    7.84 |    745 |    34.0278 |
|        1 |        291 |          1042.80 |      1035.97 |      1052.85 |                 13.66 |                    5.00 |    749 |    34.5301 |
|        1 |        292 |          1042.80 |      1035.97 |      1057.39 |                 29.96 |                    5.00 |    749 |    35.0021 |
|        1 |        293 |          1042.80 |      1035.97 |      1068.97 |                 20.20 |                    5.00 |    750 |    35.5987 |
|        1 |        294 |          1042.80 |      1035.97 |      1061.33 |                 25.07 |                    5.00 |    750 |    35.7990 |
|        1 |        295 |          1042.80 |      1035.97 |      1048.20 |                 14.69 |                    5.00 |    750 |    36.3009 |
|        1 |        296 |          1042.80 |      1035.97 |      1048.20 |                  7.34 |                    5.26 |    750 |    36.6658 |
|        1 |        297 |          1042.80 |      1035.97 |      1050.30 |                  5.00 |                    5.00 |    750 |    36.8920 |
|        1 |        298 |          1042.80 |      1035.97 |      1042.80 |                  5.69 |                    5.00 |    750 |    37.1390 |
|        1 |        299 |          1042.80 |      1035.97 |      1040.05 |                  9.84 |                    5.00 |    750 |    37.4262 |
|        1 |        300 |          1042.80 |      1035.97 |      1044.74 |                 14.49 |                    5.00 |    750 |    37.5380 |
|        1 |        301 |          1042.80 |      1035.97 |      1051.59 |                  9.49 |                    5.00 |    752 |    37.6539 |
|        1 |        302 |          1042.80 |      1035.97 |      1046.68 |                 20.43 |                    7.22 |    753 |    37.7826 |
|        1 |        303 |          1042.80 |      1035.97 |      1064.12 |                 30.68 |                    5.00 |    753 |    37.9123 |
|        1 |        304 |          1042.80 |      1035.97 |      1049.20 |                 25.49 |                    5.00 |    753 |    38.0709 |
|        1 |        305 |          1042.80 |      1035.97 |      1049.20 |                 12.74 |                    5.00 |    753 |    38.1966 |
|        1 |        306 |          1042.80 |      1035.97 |      1044.50 |                  6.80 |                    5.00 |    753 |    38.4100 |
|        1 |        307 |          1042.80 |      1035.97 |      1045.10 |                  6.61 |                    5.00 |    753 |    38.4854 |
|        1 |        308 |          1042.80 |      1035.97 |      1045.10 |                  5.69 |                    5.00 |    753 |    38.6041 |
|        1 |        309 |          1042.80 |      1035.97 |      1045.10 |                  8.29 |                    5.00 |    753 |    38.6792 |
|        1 |        310 |          1042.80 |      1035.97 |      1045.10 |                  6.19 |                    5.00 |    753 |    38.7501 |
|        1 |        311 |          1042.80 |      1035.97 |      1045.10 |                  6.04 |                    5.00 |    753 |    38.8183 |
|        1 |        312 |          1042.80 |      1035.97 |      1045.70 |                 10.03 |                    7.98 |    754 |    38.8867 |
|        1 |        313 |          1042.80 |      1035.97 |      1057.40 |                  5.75 |                    5.00 |    756 |    39.0066 |
|        1 |        314 |          1042.80 |      1035.97 |      1051.44 |                  5.31 |                    5.00 |    756 |    39.1338 |
|        1 |        315 |          1042.80 |      1035.97 |      1051.45 |                 13.13 |                    5.00 |    756 |    39.2251 |
|        1 |        316 |          1042.80 |      1035.97 |      1053.99 |                 25.82 |                    5.00 |    756 |    39.3019 |
|        1 |        317 |          1042.80 |      1035.97 |      1046.90 |                 26.49 |                    5.00 |    756 |    39.4025 |
|        1 |        318 |          1042.80 |      1035.97 |      1045.80 |                  9.31 |                    5.00 |    756 |    39.5174 |
|        1 |        319 |          1042.80 |      1035.97 |      1045.80 |                  6.10 |                    5.00 |    756 |    39.5745 |
|        1 |        320 |          1042.80 |      1035.97 |      1047.80 |                  5.00 |                    5.00 |    757 |    39.6321 |
|        1 |        321 |          1042.80 |      1035.97 |      1046.91 |                  8.73 |                    5.26 |    758 |    39.6967 |
|        1 |        322 |          1042.80 |      1035.97 |      1050.23 |                 14.64 |                    5.00 |    758 |    39.7595 |
|        1 |        323 |          1042.80 |      1035.97 |      1080.40 |                 26.86 |                    6.04 |    760 |    39.8178 |
|        1 |        324 |          1042.80 |      1035.97 |      1071.20 |                 14.34 |                    5.00 |    761 |    39.9669 |
------------------------------------------------------------------------------------------------------------------------------------------------
|  Restart |  Iteration |  Best Feas. Cost |    Best Cost |   Curr. Cost |   Penalty Custom Res. |   Penalty Standard Res. |   Pool |   Time (s) |
------------------------------------------------------------------------------------------------------------------------------------------------
|        1 |        325 |          1042.80 |      1035.97 |      1062.12 |                 22.85 |                    5.00 |    761 |    40.0587 |
|        1 |        326 |          1042.80 |      1035.97 |      1077.20 |                 11.85 |                    5.92 |    763 |    40.1735 |
|        1 |        327 |          1042.80 |      1035.97 |      1100.30 |                  8.75 |                    5.00 |    767 |    40.2352 |
|        1 |        328 |          1042.80 |      1035.97 |      1093.31 |                 12.49 |                    5.00 |    769 |    40.3721 |
|        1 |        329 |          1042.80 |      1035.97 |      1098.24 |                 29.08 |                    5.00 |    771 |    40.4783 |
|        1 |        330 |          1042.80 |      1035.97 |      1107.18 |                 21.68 |                    5.00 |    771 |    40.5555 |
|        1 |        331 |          1042.80 |      1035.97 |      1096.45 |                 32.21 |                    5.00 |    773 |    40.6358 |
|        1 |        332 |          1042.80 |      1035.97 |      1084.70 |                 10.98 |                    5.00 |    776 |    40.7405 |
|        1 |        333 |          1042.80 |      1035.97 |      1084.70 |                  6.19 |                    5.00 |    776 |    40.7975 |
|        1 |        334 |          1042.80 |      1035.97 |      1076.60 |                  5.00 |                    5.00 |    776 |    40.9188 |
|        1 |        335 |          1042.80 |      1035.97 |      1074.96 |                 11.42 |                    5.00 |    777 |    41.0006 |
|        1 |        336 |          1042.80 |      1035.97 |      1072.30 |                  7.48 |                    5.00 |    777 |    41.0875 |
|        1 |        337 |          1042.80 |      1035.97 |      1072.30 |                  5.00 |                    5.00 |    777 |    41.1413 |
|        1 |        338 |          1042.80 |      1035.97 |      1072.30 |                  5.00 |                    5.00 |    777 |    41.2079 |
|        1 |        339 |          1042.80 |      1035.97 |      1072.30 |                  5.00 |                    5.00 |    777 |    41.2815 |
|        1 |        340 |          1042.80 |      1035.97 |      1072.30 |                  7.98 |                    5.00 |    777 |    41.3541 |
|        1 |        341 |          1042.80 |      1035.97 |      1072.30 |                  5.03 |                    6.16 |    777 |    41.4038 |
|        1 |        342 |          1042.80 |      1035.97 |      1074.80 |                  6.94 |                    5.00 |    777 |    41.4559 |
|        1 |        343 |          1042.80 |      1035.97 |      1073.40 |                  5.00 |                    5.00 |    777 |    41.5433 |
|        1 |        344 |          1042.80 |      1035.97 |      1073.40 |                  5.00 |                    5.00 |    777 |    41.6337 |
|        1 |        345 |          1042.80 |      1035.97 |      1073.07 |                  9.74 |                    5.00 |    778 |    41.7165 |
|        1 |        346 |          1042.80 |      1035.97 |      1077.44 |                 19.54 |                    5.00 |    778 |    41.7950 |
|        1 |        347 |          1042.80 |      1035.97 |      1087.74 |                 37.69 |                    5.00 |    778 |    41.8634 |
|        1 |        348 |          1042.80 |      1035.97 |      1094.10 |                 15.55 |                    5.00 |    781 |    41.9670 |
|        1 |        349 |          1042.80 |      1035.97 |      1083.69 |                 21.03 |                    5.00 |    787 |    42.1425 |
|        1 |        350 |          1042.80 |      1035.97 |      1108.55 |                 28.81 |                    5.00 |    788 |    42.2499 |
|        1 |        351 |          1042.80 |      1035.97 |      1092.60 |                  5.01 |                    5.00 |    790 |    42.4231 |
|        1 |        352 |          1042.80 |      1035.97 |      1081.60 |                 10.44 |                    5.00 |    791 |    42.4959 |
|        1 |        353 |          1042.80 |      1035.97 |      1071.58 |                 25.31 |                    5.00 |    796 |    42.5798 |
|        1 |        354 |          1042.80 |      1035.97 |      1080.97 |                 31.14 |                    5.00 |    796 |    42.6282 |
|        1 |        355 |          1042.80 |      1035.97 |      1073.40 |                 18.09 |                    5.00 |    796 |    42.6859 |
|        1 |        356 |          1042.80 |      1035.97 |      1083.14 |                  9.41 |                    6.59 |    798 |    42.7475 |
|        1 |        357 |          1042.80 |      1035.97 |      1076.30 |                  5.00 |                    5.00 |    800 |    42.8451 |
|        1 |        358 |          1042.80 |      1035.97 |      1063.09 |                 11.19 |                    5.00 |    803 |    42.9357 |
|        1 |        359 |          1042.80 |      1035.97 |      1068.57 |                 21.37 |                    5.00 |    803 |    42.9904 |
|        1 |        360 |          1042.80 |      1035.97 |      1076.10 |                 11.70 |                    5.00 |    804 |    43.0543 |
|        1 |        361 |          1042.80 |      1035.97 |      1074.67 |                 13.66 |                    5.35 |    804 |    43.1523 |
|        1 |        362 |          1042.80 |      1035.97 |      1084.40 |                 12.06 |                    5.00 |    804 |    43.2299 |
|        1 |        363 |          1042.80 |      1035.97 |      1071.33 |                 13.94 |                    5.00 |    805 |    43.3157 |
|        1 |        364 |          1042.80 |      1035.97 |      1071.94 |                 26.30 |                    5.00 |    806 |    43.4169 |
|        1 |        365 |          1042.80 |      1035.97 |      1075.10 |                  9.82 |                    5.00 |    809 |    43.5181 |
|        1 |        366 |          1042.80 |      1035.97 |      1075.10 |                  7.32 |                    5.00 |    809 |    43.5810 |
|        1 |        367 |          1042.80 |      1035.97 |      1068.40 |                 14.68 |                    5.00 |    813 |    43.6564 |
|        1 |        368 |          1042.80 |      1035.97 |      1074.68 |                 17.86 |                    5.62 |    813 |    43.7345 |
|        1 |        369 |          1042.80 |      1035.97 |      1077.44 |                 28.20 |                    6.48 |    813 |    43.7906 |
|        1 |        370 |          1042.80 |      1035.97 |      1088.86 |                 29.54 |                    5.00 |    815 |    43.8559 |
|        1 |        371 |          1042.80 |      1035.97 |      1108.16 |                 14.75 |                    5.00 |    819 |    43.9909 |
|        1 |        372 |          1042.80 |      1035.97 |      1100.85 |                 24.99 |                    5.00 |    819 |    44.1211 |
|        1 |        373 |          1042.80 |      1035.97 |      1111.84 |                 30.70 |                    5.00 |    820 |    44.2955 |
|        1 |        374 |          1042.80 |      1035.97 |      1059.42 |                  9.05 |                    5.51 |    823 |    44.9346 |
|        1 |        375 |          1042.80 |      1035.97 |      1059.79 |                 14.58 |                    5.00 |    823 |    45.0083 |
|        1 |        376 |          1042.80 |      1035.97 |      1065.49 |                 27.83 |                    9.55 |    823 |    45.0819 |
|        1 |        377 |          1042.80 |      1035.97 |      1071.98 |                 11.49 |                    5.76 |    825 |    45.1707 |
|        1 |        378 |          1042.80 |      1035.97 |      1071.08 |                 10.06 |                   10.79 |    827 |    45.2364 |
|        1 |        379 |          1042.80 |      1035.97 |      1067.66 |                 24.08 |                   12.57 |    828 |    45.4595 |
|        1 |        380 |          1042.80 |      1035.97 |      1079.63 |                 25.71 |                    6.28 |    828 |    45.6327 |
|        1 |        381 |          1042.80 |      1035.97 |      1074.13 |                 13.64 |                   14.06 |    828 |    45.8111 |
|        1 |        382 |          1042.80 |      1035.97 |      1075.10 |                  8.67 |                    8.76 |    830 |    45.9583 |
|        1 |        383 |          1042.80 |      1035.97 |      1094.40 |                  6.94 |                    5.00 |    832 |    46.0915 |
|        1 |        384 |          1042.80 |      1035.97 |      1066.51 |                 17.12 |                    5.00 |    834 |    46.5273 |
|        1 |        385 |          1042.80 |      1035.97 |      1077.20 |                  7.97 |                    5.00 |    836 |    46.6945 |
|        1 |        386 |          1042.80 |      1035.97 |      1068.32 |                 17.32 |                    5.26 |    837 |    46.8466 |
|        1 |        387 |          1042.80 |      1035.97 |      1072.08 |                 12.48 |                    5.00 |    843 |    47.0736 |
|        1 |        388 |          1042.80 |      1035.97 |      1073.93 |                 24.54 |                    5.00 |    844 |    47.1657 |
|        1 |        389 |          1042.80 |      1035.97 |      1077.90 |                 14.35 |                    5.00 |    847 |    47.4056 |
|        1 |        390 |          1042.80 |      1035.97 |      1083.00 |                  5.58 |                    5.00 |    849 |    47.5790 |
|        1 |        391 |          1042.80 |      1035.97 |      1075.50 |                  5.00 |                    5.00 |    851 |    47.6702 |
|        1 |        392 |          1042.80 |      1035.97 |      1075.50 |                  5.00 |                    5.00 |    851 |    47.7593 |
|        1 |        393 |          1042.80 |      1035.97 |      1075.90 |                  5.41 |                    5.00 |    853 |    47.8386 |
|        1 |        394 |          1042.80 |      1035.97 |      1075.90 |                  5.00 |                    5.00 |    853 |    47.9236 |
|        1 |        395 |          1042.80 |      1035.97 |      1069.82 |                 14.50 |                    5.00 |    856 |    48.0432 |
|        1 |        396 |          1042.80 |      1035.97 |      1081.99 |                 23.33 |                    9.64 |    858 |    48.1433 |
|        1 |        397 |          1042.80 |      1035.97 |      1083.51 |                 29.84 |                    5.02 |    860 |    48.2269 |
|        1 |        398 |          1042.80 |      1035.97 |      1088.03 |                 30.96 |                    5.00 |    860 |    48.3067 |
|        1 |        399 |          1042.80 |      1035.97 |      1082.00 |                 11.67 |                    6.58 |    862 |    48.5091 |
|        1 |        400 |          1042.80 |      1035.97 |      1070.86 |                 14.87 |                    6.09 |    865 |    48.7202 |
|        1 |        401 |          1042.80 |      1035.97 |      1086.22 |                 22.78 |                    5.00 |    868 |    48.8046 |
|        1 |        402 |          1042.80 |      1035.97 |      1096.82 |                 17.08 |                    5.26 |    870 |    49.0686 |
|        1 |        403 |          1042.80 |      1035.97 |      1079.84 |                 26.96 |                    5.00 |    871 |    49.1992 |
|        1 |        404 |          1042.80 |      1035.97 |      1082.50 |                 16.15 |                    5.47 |    873 |    49.2976 |
|        1 |        405 |          1042.80 |      1035.97 |      1082.50 |                  8.49 |                    5.00 |    873 |    49.4368 |
|        1 |        406 |          1042.80 |      1035.97 |      1080.50 |                  5.00 |                    5.00 |    873 |    49.5738 |
|        1 |        407 |          1042.80 |      1035.97 |      1063.28 |                 11.53 |                    5.52 |    873 |    49.7519 |
|        1 |        408 |          1042.80 |      1035.97 |      1068.95 |                 20.33 |                    5.00 |    873 |    49.8377 |
|        1 |        409 |          1042.80 |      1035.97 |      1079.32 |                 31.45 |                    5.00 |    873 |    49.9444 |
|        1 |        410 |          1042.80 |      1035.97 |      1086.30 |                 28.91 |                    5.00 |    873 |    50.1064 |
|        1 |        411 |          1042.80 |      1035.97 |      1087.01 |                 29.62 |                    5.00 |    873 |    50.6205 |
|        1 |        412 |          1042.80 |      1035.97 |      1120.95 |                 15.76 |                    5.00 |    876 |    51.3848 |
|        1 |        413 |          1042.80 |      1035.97 |      1120.10 |                 25.66 |                    5.00 |    876 |    51.6478 |
|        1 |        414 |          1042.80 |      1035.97 |      1121.10 |                 30.76 |                   10.55 |    879 |    52.0876 |
|        1 |        415 |          1042.80 |      1035.97 |      1123.02 |                 31.56 |                    5.59 |    879 |    52.2753 |
|        1 |        416 |          1042.80 |      1035.97 |      1121.15 |                 32.08 |                    9.00 |    879 |    52.4805 |
|        1 |        417 |          1042.80 |      1035.97 |      1087.60 |                 12.40 |                   32.70 |    882 |    52.9801 |
|        1 |        418 |          1042.80 |      1035.97 |      1088.80 |                  5.60 |                   37.04 |    885 |    53.2344 |
|        1 |        419 |          1042.80 |      1035.97 |      1088.80 |                  5.00 |                   24.53 |    885 |    53.3596 |
|        1 |        420 |          1042.80 |      1035.97 |      1086.00 |                  6.87 |                   11.20 |    885 |    53.5473 |
|        1 |        421 |          1042.80 |      1035.97 |      1086.30 |                  5.00 |                    9.60 |    885 |    53.7630 |
|        1 |        422 |          1042.80 |      1035.97 |      1084.54 |                  5.00 |                   11.80 |    885 |    53.9481 |
|        1 |        423 |          1042.80 |      1035.97 |      1099.30 |                  5.00 |                    5.78 |    889 |    54.1089 |
|        1 |        424 |          1042.80 |      1035.97 |      1089.70 |                  5.00 |                    5.00 |    892 |    54.2763 |
|        1 |        425 |          1042.80 |      1035.97 |      1079.27 |                  5.00 |                    5.00 |    894 |    54.3939 |
|        1 |        426 |          1042.80 |      1035.97 |      1092.65 |                 10.87 |                   10.87 |    894 |    54.5346 |
|        1 |        427 |          1042.80 |      1035.97 |      1094.01 |                 26.08 |                    6.56 |    896 |    54.6618 |
|        1 |        428 |          1042.80 |      1035.97 |      1118.60 |                 29.29 |                    5.00 |    899 |    54.8274 |
|        1 |        429 |          1042.80 |      1035.97 |      1104.30 |                 11.39 |                    5.00 |    902 |    54.9862 |
|        1 |        430 |          1042.80 |      1035.97 |      1104.60 |                  6.67 |                    5.00 |    904 |    55.1249 |
|        1 |        431 |          1042.80 |      1035.97 |      1104.60 |                  5.00 |                    5.00 |    904 |    55.2332 |
|        1 |        432 |          1042.80 |      1035.97 |      1104.60 |                  6.35 |                    5.00 |    904 |    55.3919 |
|        1 |        433 |          1042.80 |      1035.97 |      1104.60 |                  5.00 |                    5.00 |    904 |    55.5078 |
|        1 |        434 |          1042.80 |      1035.97 |      1103.16 |                 10.55 |                    5.00 |    907 |    55.7544 |
|        1 |        435 |          1042.80 |      1035.97 |      1106.90 |                  6.25 |                    5.00 |    909 |    55.8980 |
|        1 |        436 |          1042.80 |      1035.97 |      1106.90 |                  6.16 |                    5.00 |    909 |    56.0418 |
|        1 |        437 |          1042.80 |      1035.97 |      1111.94 |                 11.99 |                    5.00 |    913 |    56.2678 |
|        1 |        438 |          1042.80 |      1035.97 |      1114.10 |                  9.20 |                    5.00 |    919 |    56.5207 |
|        1 |        439 |          1042.80 |      1035.97 |      1129.97 |                 17.02 |                    5.00 |    922 |    56.6797 |
|        1 |        440 |          1042.80 |      1035.97 |      1131.48 |                 18.90 |                    5.00 |    922 |    56.8392 |
|        1 |        441 |          1042.80 |      1035.97 |      1113.50 |                 11.64 |                    5.26 |    926 |    57.0041 |
|        1 |        442 |          1042.80 |      1035.97 |      1098.90 |                  5.00 |                    5.00 |    927 |    57.2965 |
|        1 |        443 |          1042.80 |      1035.97 |      1090.20 |                  8.99 |                    5.00 |    929 |    57.5103 |
|        1 |        444 |          1042.80 |      1035.97 |      1085.45 |                  9.84 |                    6.67 |    932 |    57.7059 |
|        1 |        445 |          1042.80 |      1035.97 |      1067.05 |                 17.67 |                    5.00 |    934 |    57.8218 |
|        1 |        446 |          1042.80 |      1035.97 |      1074.19 |                 32.40 |                    5.00 |    934 |    57.9304 |
|        1 |        447 |          1042.80 |      1035.97 |      1082.40 |                 16.85 |                    5.00 |    934 |    58.0489 |
|        1 |        448 |          1042.80 |      1035.97 |      1086.40 |                 12.41 |                    5.00 |    935 |    58.1973 |
|        1 |        449 |          1042.80 |      1035.97 |      1088.00 |                  6.46 |                    5.00 |    935 |    58.2930 |
|        1 |        450 |          1042.80 |      1035.97 |      1067.56 |                  7.74 |                    7.30 |    935 |    58.4523 |
|        1 |        451 |          1042.80 |      1035.97 |      1075.60 |                 15.53 |                    5.84 |    936 |    58.5708 |
|        1 |        452 |          1042.80 |      1035.97 |      1071.59 |                 14.82 |                    5.00 |    939 |    58.7782 |
|        1 |        453 |          1042.80 |      1035.97 |      1080.79 |                 16.65 |                    5.00 |    940 |    58.8660 |
|        1 |        454 |          1042.80 |      1035.97 |      1080.50 |                 29.06 |                    5.00 |    940 |    58.9389 |
|        1 |        455 |          1042.80 |      1035.97 |      1091.80 |                 27.75 |                    5.00 |    944 |    59.0688 |
|        1 |        456 |          1042.80 |      1035.97 |      1084.60 |                  6.33 |                    5.00 |    948 |    59.2593 |
|        1 |        457 |          1042.80 |      1035.97 |      1081.20 |                  5.58 |                    5.00 |    948 |    59.3310 |
|        1 |        458 |          1042.80 |      1035.97 |      1085.20 |                  5.63 |                    5.00 |    949 |    59.4298 |
|        1 |        459 |          1042.80 |      1035.97 |      1085.20 |                  7.15 |                    5.00 |    949 |    59.5205 |
|        1 |        460 |          1042.80 |      1035.97 |      1079.20 |                  5.00 |                    5.00 |    949 |    59.8248 |
|        1 |        461 |          1042.80 |      1035.97 |      1076.96 |                 10.34 |                    5.00 |    949 |    59.9195 |
------------------------------------------------------------------------------------------------------------------------------------------------
|  Restart |  Iteration |  Best Feas. Cost |    Best Cost |   Curr. Cost |   Penalty Custom Res. |   Penalty Standard Res. |   Pool |   Time (s) |
------------------------------------------------------------------------------------------------------------------------------------------------
|        1 |        462 |          1042.80 |      1035.97 |      1081.67 |                 18.21 |                    5.00 |    949 |    60.0138 |
|        1 |        463 |          1042.80 |      1035.97 |      1081.50 |                 12.12 |                    5.00 |    951 |    60.2705 |
|        1 |        464 |          1042.80 |      1035.97 |      1085.70 |                  7.04 |                    5.00 |    953 |    60.3894 |
|        1 |        465 |          1042.80 |      1035.97 |      1082.00 |                  5.00 |                    5.00 |    953 |    60.5076 |
|        1 |        466 |          1042.80 |      1035.97 |      1132.70 |                  6.60 |                    5.00 |    958 |    60.6781 |
|        1 |        467 |          1042.80 |      1035.97 |      1127.11 |                 10.44 |                    5.00 |    960 |    60.9642 |
|        1 |        468 |          1042.80 |      1035.97 |      1130.80 |                  8.10 |                    5.00 |    963 |    61.1023 |
|        1 |        469 |          1042.80 |      1035.97 |      1131.90 |                  5.00 |                    5.00 |    965 |    61.3097 |
|        1 |        470 |          1042.80 |      1035.97 |      1076.30 |                  7.52 |                    5.00 |    969 |    61.6065 |
|        1 |        471 |          1042.80 |      1035.97 |      1074.20 |                  5.41 |                    5.00 |    973 |    61.8130 |
|        1 |        472 |          1042.80 |      1035.97 |      1090.30 |                  6.74 |                    5.63 |    975 |    61.9268 |
|        1 |        473 |          1042.80 |      1035.97 |      1088.33 |                  9.72 |                    5.00 |    977 |    62.0814 |
|        1 |        474 |          1042.80 |      1035.97 |      1099.60 |                  5.75 |                    5.00 |    985 |    62.3657 |
|        1 |        475 |          1042.80 |      1035.97 |      1098.55 |                  8.63 |                    7.90 |    988 |    62.4626 |
|        1 |        476 |          1042.80 |      1035.97 |      1110.81 |                  7.78 |                    5.00 |    991 |    62.5773 |
|        1 |        477 |          1042.80 |      1035.97 |      1093.90 |                  6.34 |                    5.00 |    996 |    62.7371 |
|        1 |        478 |          1042.80 |      1035.97 |      1078.95 |                  8.70 |                    5.00 |    999 |    62.8156 |
|        1 |        479 |          1042.80 |      1035.97 |      1091.92 |                 18.53 |                    5.00 |   1000 |    62.9120 |
|        1 |        480 |          1042.80 |      1035.97 |      1107.76 |                 37.55 |                    5.69 |   1005 |    63.0099 |
|        1 |        481 |          1042.80 |      1035.97 |      1126.58 |                 85.76 |                    5.00 |   1005 |    63.1451 |
|        1 |        482 |          1042.80 |      1035.97 |      1215.81 |                182.69 |                    5.00 |   1010 |    63.2627 |
|        1 |        483 |          1042.80 |      1035.97 |      1103.60 |                 26.98 |                    5.52 |   1013 |    63.6307 |
|        1 |        484 |          1042.80 |      1035.97 |      1105.75 |                  9.87 |                    5.17 |   1014 |    63.7762 |
|        1 |        485 |          1042.80 |      1035.97 |      1103.30 |                  7.58 |                    5.00 |   1017 |    63.9006 |
|        1 |        486 |          1042.80 |      1035.97 |      1098.10 |                  5.26 |                    5.00 |   1020 |    63.9801 |
|        1 |        487 |          1042.80 |      1035.97 |      1098.10 |                  7.22 |                    7.98 |   1020 |    64.0719 |
|        1 |        488 |          1042.80 |      1035.97 |      1075.20 |                 15.70 |                    5.00 |   1023 |    64.2554 |
|        1 |        489 |          1042.80 |      1035.97 |      1088.97 |                 35.50 |                    9.45 |   1026 |    64.4008 |
|        1 |        490 |          1042.80 |      1035.97 |      1066.50 |                 18.76 |                    5.00 |   1028 |    64.6021 |
|        1 |        491 |          1042.80 |      1035.97 |      1059.60 |                 11.20 |                    5.00 |   1029 |    64.7245 |
|        1 |        492 |          1042.80 |      1035.97 |      1083.80 |                  6.75 |                    5.00 |   1031 |    64.8735 |
|        1 |        493 |          1042.80 |      1035.97 |      1084.90 |                 10.03 |                    5.00 |   1036 |    65.1119 |
|        1 |        494 |          1042.80 |      1035.97 |      1090.64 |                 14.06 |                    5.80 |   1039 |    65.1799 |
|        1 |        495 |          1042.80 |      1035.97 |      1072.80 |                  7.91 |                    6.15 |   1041 |    65.2923 |
|        1 |        496 |          1042.80 |      1035.97 |      1065.75 |                  9.33 |                    5.00 |   1042 |    65.4290 |
|        1 |        497 |          1042.80 |      1035.97 |      1064.27 |                  7.58 |                    5.00 |   1044 |    65.6650 |
|        1 |        498 |          1042.80 |      1035.97 |      1086.54 |                  8.93 |                    6.34 |   1048 |    65.8322 |
|        1 |        499 |          1042.80 |      1035.97 |      1085.88 |                 27.76 |                   15.82 |   1050 |    65.9870 |
|        1 |        500 |          1042.80 |      1035.97 |      1104.44 |                 16.76 |                    9.74 |   1050 |    66.0915 |
------------------------------------------------------------------------------------------------------------------------------------------------
Version identifier: 22.1.2.0 | 2024-11-26 | 0edbb82fd
CPXPARAM_MIP_Tolerances_UpperCutoff              1042.9000000000015
Tried aggregator 1 time.
MIP Presolve eliminated 3 rows and 146 columns.
MIP Presolve modified 394 coefficients.
Reduced MIP has 98 rows, 904 columns, and 7101 nonzeros.
Reduced MIP has 904 binaries, 0 generals, 0 SOSs, and 0 indicators.
Presolve time = 0.04 sec. (7.68 ticks)
Probing fixed 12 vars, tightened 0 bounds.
Probing time = 0.02 sec. (12.65 ticks)
Tried aggregator 1 time.
Detecting symmetries...
MIP Presolve eliminated 1 rows and 18 columns.
Reduced MIP has 97 rows, 886 columns, and 6933 nonzeros.
Reduced MIP has 886 binaries, 0 generals, 0 SOSs, and 0 indicators.
Presolve time = 0.01 sec. (5.35 ticks)
Probing time = 0.00 sec. (2.54 ticks)
Clique table members: 1102.
MIP emphasis: balance optimality and feasibility.
MIP search method: dynamic search.
Parallel mode: deterministic, using up to 8 threads.
Root relaxation solution time = 0.03 sec. (10.58 ticks)

        Nodes                                         Cuts/
   Node  Left     Objective  IInf  Best Integer    Best Bound    ItCnt     Gap

      0     0     1020.9312    52                   1020.9312      354         
      0     0     1025.3672    52                    Cuts: 21      439         
      0     0     1030.6035    88                    Cuts: 32      570         
*     0+    0                         1035.5000     1030.6035             0.47%
      0     0        cutoff           1035.5000     1035.5000      697    0.00%
Elapsed time = 0.33 sec. (113.27 ticks, tree = 0.01 MB, solutions = 1)
objective_value(sp) = 1035.5
 76.288489 seconds (6.91 M allocations: 344.926 MiB, 2.24% gc time, 12.74% compilation time)
#1: 0 (0.0) {2.0} -> 53 (14.0) {95.0} [95.0, 105.0] -> 0 (14.0) {109.4} [0.0, 230.0]
#2: 0 (0.0) {16.0} -> 50 (13.0) {32.9} [0.0, 203.0] -> 33 (24.0) {50.7} [0.0, 195.0] -> 81 (50.0) {63.5} [0.0, 192.0] -> 9 (66.0) {97.0} [97.0, 107.0] -> 35 (74.0) {116.4} [0.0, 178.0] -> 65 (94.0) {138.4} [0.0, 170.0] -> 71 (109.0) {158.6} [0.0, 180.0] -> 51 (119.0) {181.4} [0.0, 193.0] -> 1 (129.0) {203.4} [0.0, 204.0] -> 0 (129.0) {228.6} [0.0, 230.0]
#3: 0 (0.0) {20.0} -> 12 (19.0) {35.0} [0.0, 205.0] -> 80 (25.0) {51.3} [0.0, 198.0] -> 68 (61.0) {63.3} [0.0, 198.0] -> 29 (70.0) {81.8} [0.0, 190.0] -> 24 (73.0) {98.8} [0.0, 190.0] -> 55 (75.0) {136.0} [136.0, 146.0] -> 25 (81.0) {172.0} [172.0, 182.0] -> 54 (99.0) {194.0} [0.0, 197.0] -> 0 (99.0) {226.8} [0.0, 230.0]
#4: 0 (0.0) {9.0} -> 92 (2.0) {27.3} [18.0, 28.0] -> 97 (14.0) {40.4} [0.0, 202.0] -> 87 (40.0) {93.0} [93.0, 103.0] -> 58 (58.0) {200.0} [200.0, 210.0] -> 0 (58.0) {219.0} [0.0, 230.0]
#5: 0 (0.0) {21.0} -> 27 (16.0) {26.0} [0.0, 215.0] -> 69 (22.0) {50.0} [50.0, 60.0] -> 70 (27.0) {69.0} [0.0, 198.0] -> 30 (48.0) {84.0} [0.0, 194.0] -> 20 (57.0) {101.0} [0.0, 188.0] -> 66 (82.0) {119.9} [0.0, 179.0] -> 32 (105.0) {144.4} [0.0, 186.0] -> 90 (108.0) {158.8} [0.0, 187.0] -> 63 (118.0) {173.2} [0.0, 185.0] -> 10 (134.0) {192.6} [0.0, 194.0] -> 0 (134.0) {228.0} [0.0, 230.0]
#6: 0 (0.0) {18.0} -> 28 (16.0) {24.3} [0.0, 213.0] -> 76 (29.0) {73.0} [73.0, 83.0] -> 79 (52.0) {93.0} [92.0, 102.0] -> 78 (55.0) {108.6} [0.0, 188.0] -> 34 (69.0) {123.6} [0.0, 183.0] -> 3 (82.0) {147.7} [0.0, 197.0] -> 77 (96.0) {179.0} [179.0, 189.0] -> 0 (96.0) {208.6} [0.0, 230.0]
#7: 0 (0.0) {21.0} -> 6 (3.0) {32.1} [0.0, 208.0] -> 96 (14.0) {46.3} [0.0, 204.0] -> 99 (23.0) {83.0} [83.0, 93.0] -> 59 (51.0) {95.2} [0.0, 202.0] -> 95 (71.0) {109.2} [0.0, 205.0] -> 94 (98.0) {122.3} [0.0, 207.0] -> 13 (121.0) {159.0} [159.0, 169.0] -> 0 (121.0) {180.1} [0.0, 230.0]
#8: 0 (0.0) {18.0} -> 31 (27.0) {35.4} [0.0, 202.0] -> 62 (46.0) {58.0} [58.0, 68.0] -> 11 (58.0) {76.0} [67.0, 77.0] -> 64 (67.0) {99.0} [0.0, 173.0] -> 49 (97.0) {121.7} [0.0, 176.0] -> 36 (102.0) {140.6} [0.0, 178.0] -> 47 (129.0) {157.8} [0.0, 185.0] -> 19 (146.0) {175.8} [0.0, 187.0] -> 88 (155.0) {199.4} [0.0, 200.0] -> 0 (155.0) {228.6} [0.0, 230.0]
#9: 0 (0.0) {19.0} -> 18 (12.0) {34.8} [0.0, 204.0] -> 83 (23.0) {51.5} [0.0, 198.0] -> 45 (39.0) {69.5} [0.0, 190.0] -> 8 (48.0) {95.0} [95.0, 105.0] -> 46 (49.0) {114.4} [0.0, 184.0] -> 48 (85.0) {136.1} [0.0, 192.0] -> 82 (101.0) {151.4} [0.0, 196.0] -> 7 (106.0) {167.2} [0.0, 198.0] -> 52 (115.0) {187.0} [0.0, 208.0] -> 0 (115.0) {208.3} [0.0, 230.0]
#10: 0 (0.0) {20.0} -> 56 (6.0) {49.2} [0.0, 190.0] -> 23 (35.0) {68.0} [68.0, 78.0] -> 67 (60.0) {90.0} [83.0, 93.0] -> 39 (91.0) {109.8} [0.0, 186.0] -> 4 (110.0) {149.0} [149.0, 159.0] -> 26 (127.0) {173.1} [0.0, 208.0] -> 0 (127.0) {194.2} [0.0, 230.0]
#11: 0 (0.0) {17.0} -> 2 (7.0) {35.0} [0.0, 202.0] -> 57 (14.0) {50.8} [0.0, 196.0] -> 15 (22.0) {68.0} [61.0, 71.0] -> 41 (27.0) {90.1} [0.0, 191.0] -> 22 (45.0) {104.3} [0.0, 193.0] -> 75 (63.0) {118.4} [0.0, 192.0] -> 74 (71.0) {149.0} [149.0, 159.0] -> 72 (96.0) {162.1} [0.0, 197.0] -> 73 (105.0) {175.2} [0.0, 199.0] -> 21 (116.0) {188.3} [0.0, 201.0] -> 40 (125.0) {205.3} [0.0, 208.0] -> 0 (125.0) {226.4} [0.0, 230.0]
#12: 0 (0.0) {16.0} -> 89 (15.0) {25.0} [0.0, 211.0] -> 60 (18.0) {44.0} [0.0, 201.0] -> 5 (44.0) {58.4} [0.0, 199.0] -> 84 (51.0) {101.0} [101.0, 111.0] -> 17 (53.0) {117.0} [0.0, 189.0] -> 86 (88.0) {139.0} [0.0, 184.0] -> 16 (107.0) {155.3} [0.0, 190.0] -> 61 (120.0) {169.7} [0.0, 194.0] -> 85 (161.0) {184.1} [0.0, 196.0] -> 93 (183.0) {196.9} [0.0, 199.0] -> 0 (183.0) {227.1} [0.0, 230.0]
#13: 0 (0.0) {19.0} -> 98 (10.0) {40.2} [0.0, 198.0] -> 91 (11.0) {54.6} [0.0, 194.0] -> 44 (29.0) {71.0} [69.0, 79.0] -> 38 (45.0) {91.8} [83.0, 93.0] -> 14 (65.0) {112.9} [0.0, 187.0] -> 43 (72.0) {133.5} [0.0, 185.0] -> 42 (77.0) {152.5} [0.0, 194.0] -> 100 (94.0) {185.0} [185.0, 195.0] -> 37 (102.0) {197.8} [0.0, 198.0] -> 0 (102.0) {229.0} [0.0, 230.0]

Dist: 1035.5. Cost: 1035.5

Clique cuts applied:  34
Zero-half cuts applied:  14
Gomory fractional cuts applied:  1

Root node processing (before b&c):
  Real time             =    0.33 sec. (113.35 ticks)
Parallel b&c, 8 threads:
  Real time             =    0.00 sec. (0.00 ticks)
  Sync time (average)   =    0.00 sec.
  Wait time (average)   =    0.00 sec.
                          ------------
Total (root+branch&cut) =    0.33 sec. (113.35 ticks)
