Solving instance /mnt/c/Users/bruno.mattos/OneDrive - americanas s.a/Documentos/GitHub/GenericILS/TWRD/100/R107_100_010.vrptwrd...
------------------------------------------------------------------------------------------------------------------------------------------------
|  Restart |  Iteration |  Best Feas. Cost |    Best Cost |   Curr. Cost |   Penalty Custom Res. |   Penalty Standard Res. |   Pool |   Time (s) |
------------------------------------------------------------------------------------------------------------------------------------------------
|        1 |          0 |          1161.30 |      1161.30 |      1161.30 |                  7.67 |                    5.00 |     25 |     0.6886 |
|        1 |          0 |          1152.60 |      1152.60 |      1152.60 |                  6.67 |                    5.00 |     32 |     1.3326 |
|        1 |          1 |          1152.60 |      1152.60 |      1160.10 |                  5.20 |                    5.20 |     34 |     1.4713 |
|        1 |          2 |          1152.60 |      1152.60 |      1165.80 |                  5.00 |                    5.00 |     36 |     1.6177 |
|        1 |          3 |          1152.60 |      1145.92 |      1145.92 |                  5.83 |                    5.00 |     42 |     1.8467 |
|        1 |          4 |          1152.60 |      1140.69 |      1140.69 |                  5.82 |                    6.22 |     47 |     2.2160 |
|        1 |          0 |          1146.10 |      1140.69 |      1146.10 |                  5.51 |                    5.00 |     54 |     2.3776 |
|        1 |          0 |          1142.70 |      1140.69 |      1142.70 |                  5.49 |                    5.00 |     55 |     2.5006 |
|        1 |          1 |          1142.70 |      1140.69 |      1142.63 |                  6.29 |                    5.00 |     55 |     2.6244 |
|        1 |          0 |          1127.30 |      1127.30 |      1127.30 |                  5.77 |                    5.00 |     60 |     2.8206 |
|        1 |          0 |          1126.20 |      1126.20 |      1126.20 |                  7.44 |                    5.00 |     60 |     2.9391 |
|        1 |          1 |          1126.20 |      1126.20 |      1126.20 |                  5.00 |                    5.00 |     60 |     3.0634 |
|        1 |          2 |          1126.20 |      1126.20 |      1126.20 |                  5.00 |                    5.00 |     60 |     3.1650 |
|        1 |          3 |          1126.20 |      1126.20 |      1126.20 |                  5.00 |                    5.00 |     60 |     3.2797 |
|        1 |          4 |          1126.20 |      1126.20 |      1129.00 |                  5.00 |                    5.00 |     62 |     3.4244 |
|        1 |          5 |          1126.20 |      1126.20 |      1132.96 |                  6.10 |                    5.00 |     64 |     3.5705 |
|        1 |          0 |          1126.10 |      1126.10 |      1126.10 |                  5.00 |                    5.00 |     65 |     3.7050 |
|        1 |          1 |          1126.10 |      1126.10 |      1129.70 |                  5.00 |                    5.00 |     65 |     3.8358 |
|        1 |          2 |          1126.10 |      1126.10 |      1132.30 |                  5.00 |                    5.00 |     70 |     4.0924 |
|        1 |          3 |          1126.10 |      1126.10 |      1135.30 |                  7.30 |                    5.00 |     72 |     4.2678 |
|        1 |          4 |          1126.10 |      1126.10 |      1146.60 |                  5.00 |                    5.00 |     75 |     4.4245 |
|        1 |          5 |          1126.10 |      1126.10 |      1139.20 |                  5.00 |                    5.00 |     80 |     4.6581 |
|        1 |          6 |          1126.10 |      1126.10 |      1126.50 |                  5.00 |                    5.00 |     83 |     4.8212 |
|        1 |          0 |          1118.60 |      1118.60 |      1118.60 |                  5.00 |                    7.82 |     86 |     5.0875 |
|        1 |          1 |          1118.60 |      1118.60 |      1126.90 |                  5.00 |                    8.53 |     87 |     5.2229 |
|        1 |          2 |          1118.60 |      1118.60 |      1126.30 |                  7.08 |                    5.00 |     88 |     5.4151 |
|        1 |          3 |          1118.60 |      1118.60 |      1124.50 |                  5.25 |                    5.26 |     92 |     5.6059 |
|        1 |          4 |          1118.60 |      1118.60 |      1123.60 |                  5.00 |                    5.00 |     93 |     5.8005 |
|        1 |          5 |          1118.60 |      1118.60 |      1120.50 |                  5.00 |                    5.00 |     96 |     5.9832 |
|        1 |          6 |          1118.60 |      1118.60 |      1120.50 |                  5.00 |                    5.00 |     96 |     6.0737 |
|        1 |          7 |          1118.60 |      1118.60 |      1120.50 |                  5.00 |                    5.00 |     96 |     6.1803 |
|        1 |          8 |          1118.60 |      1118.60 |      1127.80 |                  5.00 |                    5.00 |     99 |     6.2869 |
|        1 |          9 |          1118.60 |      1118.60 |      1120.50 |                  5.00 |                    5.00 |     99 |     6.4058 |
|        1 |         10 |          1118.60 |      1118.60 |      1123.60 |                  5.00 |                    5.00 |     99 |     6.5421 |
|        1 |         11 |          1118.60 |      1118.60 |      1123.60 |                  5.00 |                    5.26 |     99 |     6.6525 |
|        1 |         12 |          1118.60 |      1118.60 |      1123.60 |                  5.00 |                    5.00 |     99 |     6.7610 |
|        1 |         13 |          1118.60 |      1118.60 |      1123.60 |                  5.00 |                    5.00 |     99 |     6.8935 |
|        1 |         14 |          1118.60 |      1118.60 |      1124.70 |                  5.51 |                    5.00 |    101 |     7.0207 |
|        1 |         15 |          1118.60 |      1118.60 |      1124.70 |                  5.00 |                    5.00 |    101 |     7.1357 |
|        1 |         16 |          1118.60 |      1117.76 |      1117.76 |                  8.38 |                    5.00 |    103 |     7.2725 |
|        1 |         17 |          1118.60 |      1117.76 |      1122.40 |                  5.00 |                    5.00 |    104 |     7.4508 |
|        1 |         18 |          1118.60 |      1117.76 |      1122.40 |                  5.00 |                    5.00 |    104 |     7.5353 |
|        1 |         19 |          1118.60 |      1117.76 |      1131.60 |                  5.41 |                    5.00 |    106 |     7.6636 |
|        1 |         20 |          1118.60 |      1117.76 |      1131.30 |                  5.00 |                    5.00 |    107 |     7.7719 |
|        1 |         21 |          1118.60 |      1117.76 |      1131.30 |                  6.67 |                    8.22 |    108 |     7.8825 |
|        1 |         22 |          1118.60 |      1117.76 |      1131.30 |                  5.00 |                    5.00 |    108 |     7.9824 |
|        1 |         23 |          1118.60 |      1117.76 |      1138.30 |                  5.00 |                    7.23 |    111 |     8.1016 |
|        1 |         24 |          1118.60 |      1117.76 |      1137.00 |                  5.75 |                    5.00 |    112 |     8.3057 |
|        1 |         25 |          1118.60 |      1117.76 |      1141.40 |                  5.00 |                    5.00 |    117 |     8.4713 |
|        1 |         26 |          1118.60 |      1117.76 |      1141.40 |                  5.00 |                    5.00 |    117 |     8.5778 |
|        1 |         27 |          1118.60 |      1117.76 |      1131.90 |                  5.00 |                    5.26 |    121 |     8.7965 |
|        1 |         28 |          1118.60 |      1117.76 |      1131.90 |                  5.00 |                    5.00 |    121 |     8.9370 |
|        1 |         29 |          1118.60 |      1117.76 |      1129.60 |                  5.00 |                    5.00 |    122 |     9.0418 |
|        1 |         30 |          1118.60 |      1117.76 |      1139.00 |                  5.15 |                    5.00 |    124 |     9.1630 |
|        1 |         31 |          1118.60 |      1117.76 |      1139.00 |                  5.00 |                    5.00 |    124 |     9.3128 |
|        1 |         32 |          1118.60 |      1117.76 |      1138.30 |                  5.00 |                    5.00 |    124 |     9.4614 |
|        1 |         33 |          1118.60 |      1117.76 |      1163.50 |                  5.00 |                    5.00 |    128 |     9.6529 |
|        1 |         34 |          1118.60 |      1117.76 |      1163.50 |                  5.00 |                    6.47 |    128 |     9.7741 |
|        1 |         35 |          1118.60 |      1117.76 |      1162.80 |                  5.00 |                    5.00 |    128 |     9.8798 |
|        1 |         36 |          1118.60 |      1117.76 |      1165.80 |                  6.03 |                    5.97 |    132 |    10.0274 |
|        1 |         37 |          1118.60 |      1117.76 |      1165.80 |                  5.00 |                    5.00 |    132 |    10.1402 |
|        1 |         38 |          1118.60 |      1117.76 |      1160.50 |                  5.00 |                    5.00 |    137 |    10.5561 |
|        1 |         39 |          1118.60 |      1117.76 |      1152.20 |                  5.00 |                    5.00 |    139 |    10.7538 |
|        1 |         40 |          1118.60 |      1117.76 |      1145.56 |                  5.68 |                    5.00 |    142 |    10.9248 |
|        1 |         41 |          1118.60 |      1117.76 |      1139.53 |                  5.43 |                    5.00 |    145 |    11.0768 |
|        1 |         42 |          1118.60 |      1117.76 |      1119.08 |                  5.38 |                    5.00 |    146 |    11.3744 |
|        1 |         43 |          1118.60 |      1117.76 |      1120.67 |                  6.29 |                    5.00 |    146 |    11.5105 |
|        1 |         44 |          1118.60 |      1117.76 |      1123.50 |                  5.00 |                    5.00 |    149 |    11.6012 |
|        1 |         45 |          1118.60 |      1117.76 |      1120.45 |                  6.80 |                    5.00 |    150 |    11.8084 |
|        1 |          0 |          1117.00 |      1117.00 |      1117.00 |                  5.00 |                    5.00 |    153 |    12.0535 |
|        1 |          1 |          1117.00 |      1117.00 |      1126.50 |                  5.00 |                    5.00 |    154 |    12.1712 |
|        1 |          2 |          1117.00 |      1117.00 |      1124.60 |                  5.67 |                    5.08 |    158 |    12.3984 |
|        1 |          3 |          1117.00 |      1117.00 |      1123.93 |                  6.89 |                    5.00 |    160 |    12.5403 |
|        1 |          4 |          1117.00 |      1117.00 |      1139.50 |                  5.00 |                    5.00 |    164 |    12.6532 |
|        1 |          5 |          1117.00 |      1117.00 |      1134.45 |                  5.34 |                    5.00 |    168 |    12.8080 |
|        1 |          6 |          1117.00 |      1117.00 |      1137.10 |                  5.41 |                    5.00 |    171 |    12.9812 |
|        1 |          7 |          1117.00 |      1117.00 |      1125.30 |                  5.00 |                    5.00 |    172 |    13.1284 |
|        1 |          8 |          1117.00 |      1117.00 |      1128.90 |                  6.87 |                    5.00 |    172 |    13.2590 |
|        1 |          9 |          1117.00 |      1117.00 |      1137.00 |                  5.00 |                    5.00 |    175 |    13.3512 |
|        1 |         10 |          1117.00 |      1117.00 |      1127.49 |                 11.53 |                    5.00 |    176 |    13.5183 |
|        1 |         11 |          1117.00 |      1117.00 |      1129.90 |                 25.57 |                    5.00 |    177 |    13.6794 |
|        1 |          0 |          1116.00 |      1116.00 |      1116.00 |                 12.15 |                    5.00 |    178 |    13.8232 |
|        1 |          0 |          1115.00 |      1115.00 |      1115.00 |                  5.02 |                    5.00 |    180 |    13.9956 |
|        1 |          1 |          1115.00 |      1115.00 |      1115.00 |                  5.00 |                    5.00 |    180 |    14.1316 |
|        1 |          2 |          1115.00 |      1115.00 |      1119.10 |                  6.54 |                    5.00 |    183 |    14.3041 |
|        1 |          3 |          1115.00 |      1115.00 |      1118.50 |                  5.52 |                    5.36 |    186 |    14.5324 |
|        1 |          4 |          1115.00 |      1115.00 |      1117.00 |                  5.00 |                    5.00 |    186 |    14.6792 |
|        1 |          5 |          1115.00 |      1115.00 |      1117.00 |                  5.00 |                    5.00 |    186 |    14.8211 |
|        1 |          6 |          1115.00 |      1115.00 |      1116.50 |                  5.00 |                    5.00 |    187 |    15.0070 |
|        1 |          7 |          1115.00 |      1115.00 |      1120.10 |                  5.00 |                    5.00 |    187 |    15.1203 |
|        1 |          8 |          1115.00 |      1115.00 |      1121.60 |                  5.00 |                    5.00 |    188 |    15.2656 |
|        1 |          9 |          1115.00 |      1115.00 |      1120.10 |                  6.67 |                    5.00 |    188 |    15.4025 |
|        1 |         10 |          1115.00 |      1115.00 |      1120.10 |                  5.00 |                    5.00 |    188 |    15.5687 |
|        1 |         11 |          1115.00 |      1115.00 |      1126.10 |                  5.00 |                    5.00 |    188 |    15.8930 |
|        1 |         12 |          1115.00 |      1115.00 |      1123.80 |                  5.00 |                    5.00 |    188 |    16.1383 |
|        1 |         13 |          1115.00 |      1115.00 |      1123.80 |                  5.51 |                    5.00 |    188 |    16.2730 |
|        1 |         14 |          1115.00 |      1115.00 |      1123.80 |                  5.00 |                    5.00 |    188 |    16.3957 |
|        1 |         15 |          1115.00 |      1115.00 |      1123.80 |                  5.00 |                    5.00 |    188 |    16.4848 |
|        1 |         16 |          1115.00 |      1115.00 |      1123.80 |                  5.00 |                    5.00 |    188 |    16.6019 |
|        1 |         17 |          1115.00 |      1115.00 |      1125.50 |                  5.00 |                    5.63 |    188 |    16.7356 |
|        1 |         18 |          1115.00 |      1115.00 |      1125.50 |                  5.00 |                    5.00 |    188 |    16.8390 |
|        1 |         19 |          1115.00 |      1115.00 |      1125.50 |                  5.00 |                    5.00 |    188 |    16.9419 |
|        1 |         20 |          1115.00 |      1115.00 |      1125.50 |                  5.00 |                    5.00 |    188 |    17.0834 |
|        1 |         21 |          1115.00 |      1115.00 |      1125.50 |                  5.00 |                    5.00 |    188 |    17.1860 |
|        1 |         22 |          1115.00 |      1115.00 |      1125.50 |                  5.00 |                    5.00 |    188 |    17.2875 |
|        1 |         23 |          1115.00 |      1115.00 |      1125.50 |                  5.00 |                    5.00 |    188 |    17.4077 |
|        1 |         24 |          1115.00 |      1115.00 |      1129.10 |                  5.00 |                    5.00 |    188 |    17.5652 |
|        1 |         25 |          1115.00 |      1115.00 |      1129.10 |                  5.00 |                    5.00 |    188 |    17.7263 |
|        1 |         26 |          1115.00 |      1115.00 |      1129.10 |                  5.00 |                    5.00 |    188 |    17.8332 |
|        1 |         27 |          1115.00 |      1115.00 |      1125.50 |                  5.00 |                    5.00 |    188 |    17.9810 |
|        1 |         28 |          1115.00 |      1115.00 |      1129.00 |                  6.29 |                    5.00 |    190 |    18.0730 |
|        1 |         29 |          1115.00 |      1115.00 |      1125.10 |                  5.79 |                    5.00 |    192 |    18.2051 |
|        1 |         30 |          1115.00 |      1115.00 |      1126.10 |                  5.00 |                    5.00 |    193 |    18.2933 |
|        1 |         31 |          1115.00 |      1115.00 |      1123.50 |                  5.00 |                    5.00 |    193 |    18.5700 |
|        1 |         32 |          1115.00 |      1115.00 |      1121.50 |                  5.00 |                    5.00 |    196 |    18.7455 |
|        1 |         33 |          1115.00 |      1115.00 |      1119.10 |                  5.00 |                    5.00 |    196 |    18.8727 |
|        1 |         34 |          1115.00 |      1115.00 |      1117.80 |                  5.00 |                    5.00 |    196 |    18.9936 |
|        1 |         35 |          1115.00 |      1115.00 |      1117.80 |                  5.00 |                    5.00 |    196 |    19.1067 |
|        1 |         36 |          1115.00 |      1115.00 |      1122.00 |                  5.00 |                    5.00 |    196 |    19.2210 |
|        1 |         37 |          1115.00 |      1115.00 |      1122.00 |                  5.00 |                    5.00 |    196 |    19.3222 |
|        1 |         38 |          1115.00 |      1115.00 |      1131.40 |                  5.00 |                    5.00 |    196 |    19.4454 |
|        1 |         39 |          1115.00 |      1115.00 |      1128.20 |                  5.00 |                    5.00 |    197 |    19.5850 |
|        1 |         40 |          1115.00 |      1115.00 |      1116.54 |                 10.55 |                   10.55 |    201 |    19.8297 |
|        1 |         41 |          1115.00 |      1115.00 |      1130.28 |                 15.21 |                   15.21 |    203 |    19.9402 |
------------------------------------------------------------------------------------------------------------------------------------------------
|  Restart |  Iteration |  Best Feas. Cost |    Best Cost |   Curr. Cost |   Penalty Custom Res. |   Penalty Standard Res. |   Pool |   Time (s) |
------------------------------------------------------------------------------------------------------------------------------------------------
|        1 |         42 |          1115.00 |      1115.00 |      1135.70 |                 11.44 |                    8.15 |    204 |    20.0905 |
|        1 |         43 |          1115.00 |      1115.00 |      1145.98 |                 14.50 |                    5.00 |    205 |    20.2093 |
|        1 |         44 |          1115.00 |      1115.00 |      1146.80 |                  7.38 |                    5.00 |    205 |    20.3814 |
|        1 |         45 |          1115.00 |      1115.00 |      1142.50 |                  9.73 |                    5.00 |    206 |    20.4994 |
|        1 |         46 |          1115.00 |      1115.00 |      1145.32 |                 12.20 |                    5.00 |    206 |    20.6277 |
|        1 |         47 |          1115.00 |      1115.00 |      1141.40 |                  5.00 |                    5.00 |    208 |    20.8556 |
|        1 |         48 |          1115.00 |      1115.00 |      1139.18 |                  8.21 |                    8.05 |    211 |    20.9733 |
|        1 |         49 |          1115.00 |      1115.00 |      1141.00 |                  6.44 |                    6.32 |    212 |    21.0805 |
|        1 |         50 |          1115.00 |      1115.00 |      1140.83 |                  6.05 |                    5.93 |    212 |    21.1955 |
|        1 |         51 |          1115.00 |      1115.00 |      1147.19 |                 10.34 |                   11.19 |    219 |    21.7911 |
|        1 |         52 |          1115.00 |      1115.00 |      1127.00 |                  5.62 |                    5.00 |    220 |    22.0876 |
|        1 |         53 |          1115.00 |      1115.00 |      1126.95 |                  6.04 |                    5.00 |    220 |    22.1891 |
|        1 |         54 |          1115.00 |      1115.00 |      1127.00 |                  7.21 |                    5.41 |    220 |    22.2941 |
|        1 |         55 |          1115.00 |      1115.00 |      1127.00 |                  5.00 |                    5.00 |    220 |    22.4145 |
|        1 |         56 |          1115.00 |      1115.00 |      1126.70 |                  6.80 |                    6.10 |    220 |    22.5998 |
|        1 |         57 |          1115.00 |      1115.00 |      1129.00 |                  5.26 |                    5.00 |    222 |    22.8126 |
|        1 |         58 |          1115.00 |      1115.00 |      1128.70 |                  5.29 |                    5.00 |    222 |    22.9382 |
|        1 |         59 |          1115.00 |      1115.00 |      1164.30 |                  5.00 |                    5.00 |    227 |    23.1116 |
|        1 |         60 |          1115.00 |      1115.00 |      1139.00 |                  5.00 |                    5.00 |    231 |    23.4046 |
|        1 |         61 |          1115.00 |      1115.00 |      1139.00 |                  5.00 |                    5.79 |    231 |    23.5493 |
|        1 |         62 |          1115.00 |      1115.00 |      1141.30 |                  5.00 |                    5.00 |    231 |    23.7256 |
|        1 |         63 |          1115.00 |      1115.00 |      1137.50 |                  5.00 |                    5.00 |    232 |    23.8486 |
|        1 |         64 |          1115.00 |      1115.00 |      1140.10 |                  5.00 |                    5.00 |    233 |    23.9509 |
|        1 |         65 |          1115.00 |      1115.00 |      1139.51 |                  9.74 |                    5.00 |    234 |    24.1234 |
|        1 |         66 |          1115.00 |      1115.00 |      1143.96 |                  6.36 |                    6.46 |    234 |    24.2767 |
|        1 |         67 |          1115.00 |      1115.00 |      1139.72 |                 10.79 |                    5.00 |    234 |    24.3548 |
|        1 |         68 |          1115.00 |      1115.00 |      1147.43 |                 17.53 |                    5.00 |    234 |    24.4781 |
|        1 |         69 |          1115.00 |      1115.00 |      1139.90 |                  7.10 |                    5.00 |    234 |    24.6317 |
|        1 |         70 |          1115.00 |      1115.00 |      1151.60 |                  5.00 |                    5.00 |    240 |    24.7742 |
|        1 |         71 |          1115.00 |      1115.00 |      1147.10 |                  5.80 |                    5.00 |    240 |    24.9072 |
|        1 |         72 |          1115.00 |      1115.00 |      1154.90 |                  5.00 |                    5.00 |    240 |    25.1370 |
|        1 |         73 |          1115.00 |      1115.00 |      1154.90 |                  5.00 |                    5.00 |    240 |    25.2249 |
|        1 |         74 |          1115.00 |      1115.00 |      1141.00 |                  5.00 |                    5.00 |    243 |    25.3880 |
|        1 |         75 |          1115.00 |      1115.00 |      1143.60 |                  5.00 |                    5.00 |    244 |    25.5152 |
|        1 |         76 |          1115.00 |      1115.00 |      1145.60 |                  5.85 |                    5.15 |    246 |    25.6414 |
|        1 |         77 |          1115.00 |      1115.00 |      1139.52 |                  9.99 |                    9.07 |    247 |    25.8307 |
|        1 |         78 |          1115.00 |      1115.00 |      1130.10 |                  6.88 |                    6.24 |    249 |    25.9440 |
|        1 |         79 |          1115.00 |      1115.00 |      1129.77 |                  8.71 |                    7.91 |    250 |    26.0672 |
|        1 |         80 |          1115.00 |      1115.00 |      1142.40 |                  8.08 |                    5.00 |    250 |    26.2225 |
|        1 |         81 |          1115.00 |      1115.00 |      1143.02 |                  8.64 |                    5.80 |    250 |    26.3243 |
|        1 |         82 |          1115.00 |      1115.00 |      1128.71 |                  6.69 |                    5.00 |    250 |    26.5068 |
|        1 |         83 |          1115.00 |      1115.00 |      1118.80 |                  5.03 |                    5.00 |    252 |    26.6528 |
|        1 |         84 |          1115.00 |      1115.00 |      1118.80 |                  5.00 |                    5.00 |    252 |    26.7362 |
|        1 |         85 |          1115.00 |      1115.00 |      1144.55 |                  8.64 |                    5.00 |    254 |    26.8938 |
|        1 |         86 |          1115.00 |      1115.00 |      1142.27 |                  7.07 |                    5.25 |    258 |    27.2271 |
|        1 |         87 |          1115.00 |      1115.00 |      1145.66 |                  9.04 |                    5.00 |    260 |    27.3666 |
|        1 |         88 |          1115.00 |      1115.00 |      1138.50 |                  5.00 |                    7.35 |    265 |    27.6444 |
|        1 |         89 |          1115.00 |      1115.00 |      1126.45 |                  6.26 |                    5.00 |    269 |    27.9301 |
|        1 |         90 |          1115.00 |      1115.00 |      1133.04 |                  5.81 |                    5.00 |    273 |    28.0468 |
|        1 |         91 |          1115.00 |      1115.00 |      1140.98 |                  5.77 |                    5.00 |    277 |    28.2661 |
|        1 |         92 |          1115.00 |      1115.00 |      1130.83 |                  5.29 |                    5.00 |    279 |    28.5003 |
|        1 |         93 |          1115.00 |      1115.00 |      1132.24 |                  5.26 |                    5.00 |    282 |    28.6816 |
|        1 |         94 |          1115.00 |      1115.00 |      1129.20 |                  5.44 |                    5.00 |    283 |    28.8753 |
|        1 |         95 |          1115.00 |      1115.00 |      1161.50 |                  5.00 |                    5.00 |    290 |    29.0097 |
|        1 |         96 |          1115.00 |      1115.00 |      1164.10 |                  5.52 |                    5.00 |    293 |    29.1245 |
|        1 |         97 |          1115.00 |      1115.00 |      1161.50 |                  7.44 |                    6.80 |    293 |    29.2549 |
|        1 |         98 |          1115.00 |      1115.00 |      1159.60 |                  5.00 |                    5.00 |    296 |    29.4051 |
|        1 |         99 |          1115.00 |      1115.00 |      1159.30 |                  5.56 |                    5.26 |    298 |    29.5556 |
|        1 |        100 |          1115.00 |      1115.00 |      1158.30 |                  5.15 |                    5.00 |    302 |    29.7499 |
|        1 |        101 |          1115.00 |      1115.00 |      1156.95 |                  5.66 |                    5.00 |    302 |    29.9505 |
|        1 |        102 |          1115.00 |      1115.00 |      1154.80 |                  5.58 |                    5.00 |    304 |    30.1347 |
|        1 |        103 |          1115.00 |      1115.00 |      1162.95 |                  5.55 |                    5.00 |    305 |    30.2875 |
|        1 |        104 |          1115.00 |      1115.00 |      1176.09 |                  5.32 |                    5.00 |    306 |    30.4157 |
|        1 |        105 |          1115.00 |      1115.00 |      1171.21 |                  5.00 |                    5.00 |    307 |    30.5534 |
|        1 |        106 |          1115.00 |      1115.00 |      1160.69 |                  6.42 |                    5.04 |    308 |    30.9132 |
|        1 |        107 |          1115.00 |      1115.00 |      1179.15 |                  5.09 |                    5.00 |    310 |    31.0521 |
|        1 |        108 |          1115.00 |      1115.00 |      1159.90 |                  5.36 |                    5.00 |    310 |    31.1889 |
|        1 |        109 |          1115.00 |      1115.00 |      1164.50 |                  5.00 |                    5.00 |    312 |    31.3203 |
|        1 |        110 |          1115.00 |      1115.00 |      1164.50 |                  5.26 |                    5.00 |    314 |    31.4079 |
|        1 |        111 |          1115.00 |      1115.00 |      1171.10 |                  5.00 |                    5.00 |    319 |    31.6155 |
|        1 |        112 |          1115.00 |      1115.00 |      1171.10 |                  5.00 |                    5.00 |    319 |    31.7426 |
|        1 |        113 |          1115.00 |      1115.00 |      1171.10 |                  5.00 |                    5.00 |    319 |    31.8435 |
|        1 |        114 |          1115.00 |      1115.00 |      1168.60 |                  5.00 |                    5.00 |    321 |    31.9706 |
|        1 |        115 |          1115.00 |      1115.00 |      1168.60 |                  5.00 |                    5.00 |    321 |    32.1009 |
|        1 |        116 |          1115.00 |      1115.00 |      1166.30 |                  5.00 |                    5.00 |    322 |    32.2330 |
|        1 |        117 |          1115.00 |      1115.00 |      1152.60 |                  5.00 |                    5.00 |    326 |    32.4418 |
|        1 |        118 |          1115.00 |      1115.00 |      1152.60 |                  5.00 |                    5.00 |    326 |    32.5513 |
|        1 |        119 |          1115.00 |      1115.00 |      1152.60 |                  5.00 |                    5.00 |    326 |    32.6750 |
|        1 |        120 |          1115.00 |      1115.00 |      1152.60 |                  7.36 |                    5.00 |    326 |    32.8337 |
|        1 |        121 |          1115.00 |      1115.00 |      1151.60 |                  5.00 |                    5.00 |    326 |    32.9661 |
|        1 |        122 |          1115.00 |      1115.00 |      1147.70 |                  5.00 |                    5.00 |    327 |    33.1648 |
|        1 |        123 |          1115.00 |      1115.00 |      1139.60 |                  5.00 |                    5.00 |    329 |    33.4002 |
|        1 |        124 |          1115.00 |      1115.00 |      1139.50 |                  6.66 |                    5.00 |    329 |    33.6288 |
|        1 |        125 |          1115.00 |      1115.00 |      1148.20 |                  5.00 |                    5.00 |    331 |    33.8315 |
|        1 |        126 |          1115.00 |      1115.00 |      1146.50 |                  5.00 |                    5.00 |    336 |    34.0040 |
|        1 |        127 |          1115.00 |      1115.00 |      1146.50 |                  5.00 |                    5.00 |    336 |    34.1343 |
|        1 |        128 |          1115.00 |      1115.00 |      1133.80 |                  5.00 |                    5.00 |    339 |    34.3135 |
|        1 |        129 |          1115.00 |      1115.00 |      1132.30 |                  5.00 |                    5.00 |    342 |    34.6382 |
|        1 |        130 |          1115.00 |      1115.00 |      1132.30 |                  5.05 |                    5.00 |    344 |    34.8010 |
|        1 |        131 |          1115.00 |      1115.00 |      1129.10 |                  5.00 |                    5.00 |    345 |    34.9453 |
|        1 |        132 |          1115.00 |      1115.00 |      1132.90 |                  7.23 |                    7.50 |    348 |    35.1099 |
|        1 |        133 |          1115.00 |      1115.00 |      1139.50 |                  5.00 |                    5.99 |    349 |    35.3213 |
|        1 |        134 |          1115.00 |      1115.00 |      1139.50 |                  5.00 |                    5.00 |    349 |    35.4612 |
|        1 |        135 |          1115.00 |      1115.00 |      1139.50 |                  6.28 |                    5.00 |    349 |    35.5817 |
|        1 |        136 |          1115.00 |      1115.00 |      1176.40 |                  5.00 |                    5.00 |    354 |    35.7432 |
|        1 |        137 |          1115.00 |      1115.00 |      1174.10 |                  5.00 |                    5.00 |    360 |    35.9467 |
|        1 |        138 |          1115.00 |      1115.00 |      1191.31 |                  5.00 |                    5.00 |    363 |    36.0782 |
|        1 |        139 |          1115.00 |      1115.00 |      1175.00 |                  5.36 |                    5.00 |    367 |    36.3197 |
|        1 |        140 |          1115.00 |      1115.00 |      1174.30 |                  5.36 |                    5.00 |    368 |    36.4512 |
|        1 |        141 |          1115.00 |      1115.00 |      1174.00 |                  5.00 |                    5.00 |    369 |    36.6177 |
|        1 |        142 |          1115.00 |      1115.00 |      1154.80 |                  5.00 |                    5.47 |    372 |    36.8186 |
|        1 |        143 |          1115.00 |      1115.00 |      1155.10 |                  5.00 |                    5.00 |    374 |    36.9428 |
|        1 |        144 |          1115.00 |      1115.00 |      1157.20 |                  5.00 |                    5.00 |    374 |    37.0758 |
|        1 |        145 |          1115.00 |      1115.00 |      1155.70 |                  5.00 |                    5.00 |    374 |    37.3128 |
|        1 |        146 |          1115.00 |      1115.00 |      1148.00 |                  5.41 |                    5.00 |    374 |    37.5004 |
|        1 |        147 |          1115.00 |      1115.00 |      1148.00 |                  5.00 |                    5.00 |    374 |    37.6099 |
|        1 |        148 |          1115.00 |      1115.00 |      1156.90 |                  5.00 |                    5.63 |    374 |    37.9926 |
|        1 |        149 |          1115.00 |      1115.00 |      1154.50 |                  5.00 |                    5.00 |    375 |    38.1850 |
|        1 |        150 |          1115.00 |      1115.00 |      1154.50 |                  5.00 |                    5.00 |    375 |    38.2912 |
|        1 |        151 |          1115.00 |      1115.00 |      1155.00 |                  5.00 |                    5.00 |    375 |    38.4058 |
|        1 |        152 |          1115.00 |      1115.00 |      1151.90 |                  5.00 |                    5.00 |    377 |    38.6025 |
|        1 |        153 |          1115.00 |      1115.00 |      1150.25 |                  5.00 |                    5.00 |    381 |    38.7415 |
|        1 |        154 |          1115.00 |      1115.00 |      1156.48 |                  6.98 |                    5.00 |    382 |    38.9242 |
|        1 |        155 |          1115.00 |      1115.00 |      1153.17 |                  5.00 |                    5.00 |    383 |    39.0555 |
|        1 |        156 |          1115.00 |      1115.00 |      1151.70 |                  6.65 |                    5.00 |    383 |    39.2082 |
|        1 |        157 |          1115.00 |      1115.00 |      1167.86 |                 11.61 |                    5.00 |    385 |    39.3032 |
|        1 |        158 |          1115.00 |      1115.00 |      1169.90 |                  5.00 |                    5.00 |    392 |    39.5011 |
|        1 |        159 |          1115.00 |      1115.00 |      1176.10 |                  5.24 |                    5.00 |    395 |    39.6295 |
|        1 |        160 |          1115.00 |      1115.00 |      1177.40 |                  6.09 |                    5.00 |    397 |    39.7929 |
|        1 |        161 |          1115.00 |      1115.00 |      1178.10 |                  5.00 |                    5.00 |    401 |    39.9277 |
------------------------------------------------------------------------------------------------------------------------------------------------
|  Restart |  Iteration |  Best Feas. Cost |    Best Cost |   Curr. Cost |   Penalty Custom Res. |   Penalty Standard Res. |   Pool |   Time (s) |
------------------------------------------------------------------------------------------------------------------------------------------------
|        1 |        162 |          1115.00 |      1115.00 |      1172.75 |                  5.63 |                    6.72 |    403 |    40.1311 |
|        1 |        163 |          1115.00 |      1115.00 |      1184.60 |                  5.00 |                    7.03 |    407 |    40.2923 |
|        1 |        164 |          1115.00 |      1115.00 |      1187.10 |                  5.63 |                    7.14 |    410 |    40.4326 |
|        1 |        165 |          1115.00 |      1115.00 |      1187.10 |                  5.00 |                    5.00 |    410 |    40.5511 |
|        1 |        166 |          1115.00 |      1115.00 |      1221.60 |                  5.00 |                    7.88 |    417 |    40.6953 |
|        1 |        167 |          1115.00 |      1115.00 |      1195.40 |                  5.00 |                    5.00 |    423 |    40.8523 |
|        1 |        168 |          1115.00 |      1115.00 |      1202.95 |                  6.47 |                    5.00 |    424 |    40.9459 |
|        1 |        169 |          1115.00 |      1115.00 |      1212.50 |                  5.00 |                    5.00 |    429 |    41.1719 |
|        1 |        170 |          1115.00 |      1115.00 |      1167.95 |                  5.73 |                    5.00 |    429 |    41.3736 |
|        1 |        171 |          1115.00 |      1115.00 |      1158.00 |                  5.00 |                    5.63 |    429 |    41.6766 |
|        1 |        172 |          1115.00 |      1115.00 |      1132.99 |                  9.87 |                    5.00 |    434 |    42.0196 |
|        1 |        173 |          1115.00 |      1115.00 |      1151.88 |                  8.90 |                    5.00 |    436 |    42.1236 |
|        1 |        174 |          1115.00 |      1115.00 |      1147.90 |                  5.55 |                    5.00 |    438 |    42.4587 |
|        1 |        175 |          1115.00 |      1115.00 |      1152.40 |                  5.00 |                    5.00 |    439 |    42.6553 |
|        1 |        176 |          1115.00 |      1115.00 |      1152.40 |                  5.00 |                    5.00 |    439 |    42.7881 |
|        1 |        177 |          1115.00 |      1115.00 |      1140.50 |                  5.00 |                    5.00 |    439 |    42.9262 |
|        1 |        178 |          1115.00 |      1115.00 |      1144.70 |                  5.00 |                    5.00 |    442 |    43.0806 |
|        1 |        179 |          1115.00 |      1115.00 |      1144.70 |                  5.00 |                    5.00 |    442 |    43.2033 |
|        1 |        180 |          1115.00 |      1115.00 |      1140.60 |                  5.58 |                    5.05 |    443 |    43.4123 |
|        1 |        181 |          1115.00 |      1115.00 |      1150.80 |                  5.72 |                    5.00 |    451 |    43.7207 |
|        1 |        182 |          1115.00 |      1115.00 |      1150.32 |                 12.07 |                    5.00 |    454 |    43.8380 |
|        1 |        183 |          1115.00 |      1115.00 |      1163.30 |                  5.00 |                    5.00 |    456 |    43.9940 |
|        1 |        184 |          1115.00 |      1115.00 |      1163.30 |                  5.00 |                    5.00 |    456 |    44.1003 |
|        1 |        185 |          1115.00 |      1115.00 |      1163.30 |                  5.00 |                    5.00 |    456 |    44.2256 |
|        1 |        186 |          1115.00 |      1115.00 |      1163.30 |                  5.58 |                    5.46 |    456 |    44.3741 |
|        1 |        187 |          1115.00 |      1115.00 |      1163.30 |                  5.00 |                    5.00 |    456 |    44.4990 |
|        1 |        188 |          1115.00 |      1115.00 |      1163.30 |                  5.00 |                    5.00 |    456 |    44.5968 |
|        1 |        189 |          1115.00 |      1115.00 |      1163.30 |                  5.00 |                    5.00 |    456 |    44.7209 |
|        1 |        190 |          1115.00 |      1115.00 |      1184.00 |                  5.00 |                    5.00 |    458 |    44.8578 |
|        1 |        191 |          1115.00 |      1115.00 |      1171.90 |                  5.00 |                    5.00 |    462 |    45.1953 |
|        1 |        192 |          1115.00 |      1115.00 |      1167.70 |                  5.00 |                    5.00 |    467 |    45.4225 |
|        1 |        193 |          1115.00 |      1115.00 |      1174.55 |                  5.39 |                    5.00 |    469 |    45.6143 |
|        1 |        194 |          1115.00 |      1115.00 |      1151.10 |                  7.84 |                    5.00 |    473 |    45.8599 |
|        1 |        195 |          1115.00 |      1115.00 |      1144.08 |                  6.20 |                    5.00 |    475 |    46.0407 |
|        1 |        196 |          1115.00 |      1115.00 |      1161.90 |                  5.00 |                    5.00 |    475 |    46.2669 |
|        1 |        197 |          1115.00 |      1115.00 |      1183.00 |                  5.00 |                    5.00 |    479 |    46.4571 |
|        1 |        198 |          1115.00 |      1115.00 |      1181.50 |                  5.00 |                    5.00 |    481 |    46.6094 |
|        1 |        199 |          1115.00 |      1115.00 |      1183.70 |                  5.00 |                    5.00 |    481 |    46.7343 |
|        1 |        200 |          1115.00 |      1115.00 |      1183.00 |                  5.26 |                    5.00 |    481 |    47.0108 |
|        1 |        201 |          1115.00 |      1115.00 |      1180.20 |                  5.00 |                    5.30 |    482 |    47.1825 |
|        1 |        202 |          1115.00 |      1115.00 |      1180.42 |                  5.00 |                    5.46 |    482 |    47.3921 |
|        1 |        203 |          1115.00 |      1115.00 |      1157.10 |                  5.00 |                    5.00 |    484 |    47.6533 |
|        1 |        204 |          1115.00 |      1115.00 |      1156.60 |                  5.19 |                    8.44 |    489 |    47.9637 |
|        1 |        205 |          1115.00 |      1115.00 |      1146.46 |                  5.00 |                   14.77 |    494 |    48.3386 |
|        1 |        206 |          1115.00 |      1115.00 |      1146.67 |                  5.57 |                   11.92 |    495 |    48.4906 |
|        1 |        207 |          1115.00 |      1115.00 |      1146.55 |                  5.00 |                   11.63 |    495 |    48.6264 |
|        1 |        208 |          1115.00 |      1115.00 |      1159.65 |                  5.86 |                    5.00 |    504 |    49.1071 |
|        1 |        209 |          1115.00 |      1115.00 |      1170.47 |                  8.12 |                    5.00 |    505 |    49.2158 |
|        1 |        210 |          1115.00 |      1115.00 |      1156.17 |                  5.00 |                   10.18 |    506 |    49.6998 |
|        1 |        211 |          1115.00 |      1115.00 |      1141.31 |                  5.45 |                    5.00 |    510 |    50.0126 |
|        1 |        212 |          1115.00 |      1115.00 |      1133.00 |                  6.48 |                    5.00 |    510 |    50.1514 |
|        1 |        213 |          1115.00 |      1115.00 |      1129.00 |                  5.00 |                    5.00 |    510 |    50.3350 |
|        1 |        214 |          1115.00 |      1115.00 |      1116.70 |                  5.00 |                    5.00 |    512 |    50.4936 |
|        1 |        215 |          1115.00 |      1115.00 |      1120.70 |                  5.97 |                    5.00 |    513 |    50.6435 |
|        1 |        216 |          1115.00 |      1115.00 |      1121.00 |                  5.00 |                    5.00 |    515 |    50.7940 |
|        1 |        217 |          1115.00 |      1115.00 |      1133.40 |                  5.00 |                    5.00 |    516 |    50.8967 |
|        1 |        218 |          1115.00 |      1115.00 |      1129.20 |                 10.34 |                    6.93 |    516 |    51.0699 |
|        1 |        219 |          1115.00 |      1115.00 |      1129.80 |                  5.00 |                    5.00 |    516 |    51.2550 |
|        1 |        220 |          1115.00 |      1115.00 |      1125.60 |                  5.00 |                    5.00 |    516 |    51.3627 |
|        1 |        221 |          1115.00 |      1115.00 |      1129.20 |                  5.00 |                    5.00 |    516 |    51.4721 |
|        1 |        222 |          1115.00 |      1115.00 |      1128.80 |                  5.00 |                    5.00 |    516 |    51.6365 |
|        1 |        223 |          1115.00 |      1115.00 |      1117.70 |                  5.00 |                    5.00 |    516 |    51.7491 |
|        1 |        224 |          1115.00 |      1115.00 |      1117.70 |                  5.00 |                    5.00 |    516 |    51.8629 |
|        1 |        225 |          1115.00 |      1115.00 |      1119.70 |                  7.07 |                    5.00 |    517 |    52.0000 |
|        1 |        226 |          1115.00 |      1115.00 |      1136.12 |                  6.43 |                    5.00 |    517 |    52.1354 |
|        1 |        227 |          1115.00 |      1115.00 |      1137.80 |                  5.00 |                    5.00 |    518 |    52.2442 |
|        1 |        228 |          1115.00 |      1115.00 |      1137.80 |                  6.35 |                    5.00 |    518 |    52.3586 |
|        1 |        229 |          1115.00 |      1115.00 |      1137.80 |                  5.00 |                    5.00 |    518 |    52.4613 |
|        1 |        230 |          1115.00 |      1115.00 |      1137.80 |                  5.00 |                    5.00 |    518 |    52.5996 |
|        1 |        231 |          1115.00 |      1115.00 |      1135.30 |                  7.59 |                    5.00 |    521 |    52.7484 |
|        1 |        232 |          1115.00 |      1115.00 |      1136.70 |                  5.00 |                    5.00 |    522 |    52.8679 |
|        1 |        233 |          1115.00 |      1115.00 |      1123.60 |                  5.00 |                    5.00 |    523 |    53.1478 |
|        1 |        234 |          1115.00 |      1115.00 |      1122.70 |                  7.41 |                    5.00 |    524 |    53.4019 |
|        1 |        235 |          1115.00 |      1115.00 |      1126.70 |                  5.98 |                    5.00 |    524 |    53.5831 |
|        1 |        236 |          1115.00 |      1115.00 |      1126.70 |                  5.00 |                    7.98 |    524 |    53.7452 |
|        1 |        237 |          1115.00 |      1115.00 |      1126.20 |                  6.10 |                    5.63 |    524 |    53.9268 |
|        1 |        238 |          1115.00 |      1115.00 |      1126.10 |                  5.52 |                    5.00 |    524 |    54.3760 |
|        1 |        239 |          1115.00 |      1115.00 |      1132.50 |                  6.94 |                    5.00 |    527 |    54.5697 |
|        1 |        240 |          1115.00 |      1115.00 |      1175.50 |                  5.00 |                    5.00 |    529 |    54.7767 |
|        1 |        241 |          1115.00 |      1115.00 |      1170.20 |                  5.00 |                    5.00 |    530 |    55.0574 |
|        1 |        242 |          1115.00 |      1115.00 |      1144.67 |                  8.64 |                    8.64 |    532 |    55.2851 |
|        1 |        243 |          1115.00 |      1115.00 |      1158.86 |                 12.71 |                   12.46 |    533 |    55.5097 |
|        1 |        244 |          1115.00 |      1115.00 |      1165.84 |                 10.90 |                   10.68 |    533 |    55.7013 |
|        1 |        245 |          1115.00 |      1115.00 |      1157.00 |                  7.12 |                    6.06 |    537 |    55.9843 |
|        1 |        246 |          1115.00 |      1115.00 |      1157.00 |                  5.75 |                    5.00 |    537 |    56.2031 |
|        1 |        247 |          1115.00 |      1115.00 |      1156.86 |                  5.34 |                    5.00 |    537 |    56.4113 |
|        1 |        248 |          1115.00 |      1115.00 |      1146.90 |                  5.99 |                    5.00 |    538 |    56.6396 |
|        1 |        249 |          1115.00 |      1115.00 |      1146.75 |                  9.47 |                    5.00 |    538 |    56.8281 |
|        1 |        250 |          1115.00 |      1115.00 |      1151.45 |                 10.85 |                    5.00 |    539 |    57.0408 |
|        1 |        251 |          1115.00 |      1115.00 |      1143.60 |                  5.58 |                    5.00 |    545 |    57.3171 |
|        1 |        252 |          1115.00 |      1115.00 |      1147.93 |                  5.67 |                    5.00 |    546 |    57.4897 |
|        1 |        253 |          1115.00 |      1115.00 |      1163.60 |                  5.00 |                    5.00 |    549 |    57.6243 |
|        1 |        254 |          1115.00 |      1115.00 |      1158.90 |                  5.00 |                    5.00 |    551 |    57.7885 |
|        1 |        255 |          1115.00 |      1115.00 |      1151.80 |                  5.00 |                    5.26 |    551 |    58.0122 |
|        1 |        256 |          1115.00 |      1115.00 |      1157.60 |                  5.00 |                    5.00 |    552 |    58.1573 |
|        1 |        257 |          1115.00 |      1115.00 |      1132.20 |                  6.27 |                    5.00 |    554 |    58.3567 |
|        1 |        258 |          1115.00 |      1115.00 |      1148.40 |                  7.12 |                    5.00 |    555 |    58.4939 |
|        1 |        259 |          1115.00 |      1115.00 |      1148.40 |                  5.41 |                    5.00 |    555 |    58.6223 |
|        1 |        260 |          1115.00 |      1115.00 |      1145.00 |                  7.52 |                    5.00 |    555 |    58.8363 |
|        1 |        261 |          1115.00 |      1115.00 |      1145.00 |                  5.59 |                    5.00 |    556 |    59.0544 |
|        1 |        262 |          1115.00 |      1115.00 |      1155.37 |                  5.36 |                    5.00 |    558 |    59.1572 |
|        1 |        263 |          1115.00 |      1115.00 |      1155.72 |                  5.39 |                    5.00 |    560 |    59.3178 |
|        1 |        264 |          1115.00 |      1115.00 |      1155.98 |                  6.06 |                    5.00 |    560 |    59.4273 |
|        1 |        265 |          1115.00 |      1115.00 |      1167.01 |                  7.01 |                    5.67 |    564 |    59.5924 |
|        1 |        266 |          1115.00 |      1115.00 |      1168.37 |                  7.41 |                    5.00 |    564 |    59.7491 |
------------------------------------------------------------------------------------------------------------------------------------------------
|  Restart |  Iteration |  Best Feas. Cost |    Best Cost |   Curr. Cost |   Penalty Custom Res. |   Penalty Standard Res. |   Pool |   Time (s) |
------------------------------------------------------------------------------------------------------------------------------------------------
|        1 |        267 |          1115.00 |      1115.00 |      1161.50 |                  6.33 |                    5.00 |    565 |    60.0115 |
|        1 |        268 |          1115.00 |      1115.00 |      1159.62 |                 10.64 |                    5.00 |    569 |    60.3355 |
|        1 |        269 |          1115.00 |      1115.00 |      1165.07 |                 12.08 |                    5.00 |    569 |    60.4727 |
|        1 |        270 |          1115.00 |      1115.00 |      1165.70 |                  8.29 |                    5.00 |    571 |    60.6779 |
|        1 |        271 |          1115.00 |      1115.00 |      1158.12 |                  7.78 |                    5.00 |    573 |    60.8550 |
|        1 |        272 |          1115.00 |      1115.00 |      1158.06 |                  8.74 |                    5.00 |    574 |    61.0041 |
|        1 |        273 |          1115.00 |      1115.00 |      1159.75 |                  6.13 |                    5.00 |    574 |    61.1484 |
|        1 |        274 |          1115.00 |      1115.00 |      1160.97 |                  5.64 |                    5.00 |    575 |    61.3042 |
|        1 |        275 |          1115.00 |      1115.00 |      1153.55 |                  8.90 |                    5.00 |    581 |    61.5126 |
|        1 |        276 |          1115.00 |      1115.00 |      1158.14 |                  6.77 |                    5.00 |    581 |    61.6589 |
|        1 |        277 |          1115.00 |      1115.00 |      1168.42 |                  5.11 |                   10.22 |    589 |    62.0738 |
|        1 |        278 |          1115.00 |      1115.00 |      1138.80 |                 11.73 |                    7.07 |    590 |    62.4286 |
|        1 |        279 |          1115.00 |      1115.00 |      1138.80 |                  6.55 |                    5.00 |    590 |    62.5406 |
|        1 |        280 |          1115.00 |      1115.00 |      1136.00 |                  5.00 |                    5.00 |    590 |    62.7237 |
|        1 |        281 |          1115.00 |      1115.00 |      1136.00 |                  5.69 |                    5.69 |    590 |    62.8319 |
|        1 |        282 |          1115.00 |      1115.00 |      1139.20 |                  5.00 |                    5.00 |    590 |    62.9759 |
|        1 |        283 |          1115.00 |      1115.00 |      1138.50 |                  5.00 |                    5.00 |    592 |    63.0970 |
|        1 |        284 |          1115.00 |      1115.00 |      1149.35 |                  9.17 |                    5.00 |    592 |    63.2179 |
|        1 |        285 |          1115.00 |      1115.00 |      1126.90 |                  5.22 |                    5.00 |    592 |    63.3532 |
|        1 |        286 |          1115.00 |      1115.00 |      1126.90 |                  5.00 |                    5.00 |    592 |    63.5133 |
|        1 |        287 |          1115.00 |      1115.00 |      1126.90 |                  5.00 |                    5.00 |    592 |    63.6002 |
|        1 |        288 |          1115.00 |      1115.00 |      1126.80 |                  6.81 |                    6.81 |    592 |    63.7576 |
|        1 |        289 |          1115.00 |      1115.00 |      1126.80 |                  5.58 |                    5.00 |    592 |    63.9175 |
|        1 |        290 |          1115.00 |      1115.00 |      1126.80 |                  5.00 |                    5.00 |    592 |    64.1176 |
|        1 |        291 |          1115.00 |      1115.00 |      1127.50 |                  5.00 |                    5.00 |    592 |    64.2925 |
|        1 |        292 |          1115.00 |      1115.00 |      1127.50 |                  5.00 |                    5.35 |    592 |    64.4612 |
|        1 |        293 |          1115.00 |      1115.00 |      1129.80 |                  5.00 |                    5.00 |    592 |    64.6290 |
|        1 |        294 |          1115.00 |      1115.00 |      1129.80 |                  5.00 |                    5.00 |    592 |    64.8020 |
|        1 |        295 |          1115.00 |      1115.00 |      1129.80 |                  5.00 |                    5.00 |    592 |    65.1132 |
|        1 |        296 |          1115.00 |      1115.00 |      1126.20 |                  5.00 |                    5.00 |    592 |    65.5867 |
|        1 |        297 |          1115.00 |      1115.00 |      1129.30 |                  7.01 |                    5.00 |    592 |    65.7521 |
|        1 |        298 |          1115.00 |      1115.00 |      1132.80 |                  5.00 |                    5.00 |    592 |    65.9848 |
|        1 |        299 |          1115.00 |      1115.00 |      1130.50 |                  6.80 |                    5.05 |    592 |    66.2162 |
|        1 |        300 |          1115.00 |      1115.00 |      1126.90 |                  5.00 |                    5.00 |    592 |    66.5513 |
|        1 |        301 |          1115.00 |      1115.00 |      1123.80 |                  5.00 |                    5.00 |    592 |    66.8442 |
|        1 |        302 |          1115.00 |      1115.00 |      1128.00 |                  5.00 |                    5.00 |    593 |    67.0085 |
|        1 |        303 |          1115.00 |      1115.00 |      1126.50 |                  6.34 |                    5.69 |    593 |    67.2703 |
|        1 |        304 |          1115.00 |      1115.00 |      1126.50 |                  5.55 |                    5.00 |    593 |    67.4044 |
|        1 |        305 |          1115.00 |      1115.00 |      1125.60 |                  5.00 |                    5.00 |    593 |    67.6248 |
|        1 |        306 |          1115.00 |      1115.00 |      1129.20 |                  5.00 |                    5.00 |    593 |    67.7853 |
|        1 |        307 |          1115.00 |      1115.00 |      1129.20 |                  5.00 |                    5.00 |    593 |    67.9196 |
|        1 |        308 |          1115.00 |      1115.00 |      1124.90 |                  5.00 |                    5.00 |    593 |    68.1255 |
|        1 |        309 |          1115.00 |      1115.00 |      1125.90 |                  6.29 |                    5.00 |    593 |    68.2789 |
|        1 |        310 |          1115.00 |      1115.00 |      1135.10 |                  6.85 |                    5.00 |    594 |    68.4496 |
|        1 |        311 |          1115.00 |      1115.00 |      1135.10 |                  7.03 |                    5.68 |    594 |    68.5977 |
|        1 |        312 |          1115.00 |      1115.00 |      1124.90 |                  5.00 |                    5.00 |    594 |    68.8638 |
|        1 |        313 |          1115.00 |      1115.00 |      1124.90 |                  5.00 |                    5.00 |    594 |    69.0084 |
|        1 |        314 |          1115.00 |      1115.00 |      1124.90 |                  5.00 |                    5.00 |    594 |    69.1380 |
|        1 |        315 |          1115.00 |      1115.00 |      1124.90 |                  5.00 |                    5.00 |    594 |    69.2343 |
|        1 |        316 |          1115.00 |      1115.00 |      1124.90 |                  5.00 |                    5.00 |    594 |    69.3385 |
|        1 |        317 |          1115.00 |      1115.00 |      1124.90 |                  5.00 |                    5.00 |    594 |    69.4490 |
|        1 |        318 |          1115.00 |      1115.00 |      1124.90 |                  5.26 |                    5.00 |    594 |    69.5881 |
|        1 |        319 |          1115.00 |      1115.00 |      1128.10 |                  5.00 |                    5.00 |    594 |    69.7842 |
|        1 |        320 |          1115.00 |      1115.00 |      1128.10 |                  5.00 |                    5.00 |    594 |    69.9045 |
|        1 |        321 |          1115.00 |      1115.00 |      1128.10 |                  5.00 |                    5.00 |    594 |    70.0437 |
|        1 |        322 |          1115.00 |      1115.00 |      1128.10 |                  5.52 |                    5.00 |    594 |    70.1488 |
|        1 |        323 |          1115.00 |      1115.00 |      1128.10 |                  5.00 |                    5.00 |    594 |    70.3111 |
|        1 |        324 |          1115.00 |      1115.00 |      1124.90 |                  5.00 |                    5.00 |    594 |    70.5137 |
|        1 |        325 |          1115.00 |      1115.00 |      1124.90 |                  7.23 |                    5.00 |    594 |    70.6726 |
|        1 |        326 |          1115.00 |      1115.00 |      1135.90 |                  6.01 |                    5.00 |    596 |    70.8102 |
|        1 |        327 |          1115.00 |      1115.00 |      1147.50 |                  5.00 |                    5.00 |    598 |    71.0037 |
|        1 |        328 |          1115.00 |      1115.00 |      1139.50 |                  7.01 |                    5.00 |    601 |    71.1704 |
|        1 |        329 |          1115.00 |      1115.00 |      1129.00 |                  5.36 |                    5.00 |    603 |    71.3976 |
|        1 |        330 |          1115.00 |      1115.00 |      1127.05 |                  8.47 |                    5.00 |    604 |    71.6321 |
|        1 |        331 |          1115.00 |      1115.00 |      1127.80 |                  6.12 |                    5.00 |    604 |    71.8153 |
|        1 |        332 |          1115.00 |      1115.00 |      1127.80 |                  5.52 |                    5.00 |    604 |    71.9561 |
|        1 |        333 |          1115.00 |      1115.00 |      1126.20 |                  5.00 |                    5.00 |    604 |    72.2365 |
|        1 |        334 |          1115.00 |      1115.00 |      1126.20 |                  5.86 |                    5.00 |    604 |    72.3704 |
|        1 |        335 |          1115.00 |      1115.00 |      1129.80 |                  5.00 |                    5.00 |    604 |    72.5312 |
|        1 |        336 |          1115.00 |      1115.00 |      1129.80 |                  5.00 |                    6.87 |    604 |    72.6368 |
|        1 |        337 |          1115.00 |      1115.00 |      1126.20 |                  5.00 |                    5.00 |    604 |    72.7972 |
|        1 |        338 |          1115.00 |      1115.00 |      1126.20 |                  5.00 |                    5.00 |    604 |    72.8869 |
|        1 |        339 |          1115.00 |      1115.00 |      1126.10 |                  6.09 |                    5.00 |    604 |    73.1142 |
|        1 |        340 |          1115.00 |      1115.00 |      1128.20 |                  5.00 |                    5.00 |    604 |    73.2488 |
|        1 |        341 |          1115.00 |      1115.00 |      1124.60 |                  5.79 |                    5.00 |    604 |    73.3869 |
|        1 |        342 |          1115.00 |      1115.00 |      1124.60 |                  5.58 |                    5.00 |    604 |    73.5040 |
|        1 |        343 |          1115.00 |      1115.00 |      1153.20 |                  5.00 |                    5.00 |    604 |    73.6226 |
|        1 |        344 |          1115.00 |      1115.00 |      1153.20 |                  5.25 |                    5.00 |    604 |    73.7298 |
|        1 |        345 |          1115.00 |      1115.00 |      1128.20 |                  5.00 |                    5.00 |    604 |    73.8974 |
|        1 |        346 |          1115.00 |      1115.00 |      1128.20 |                  5.00 |                    5.00 |    604 |    74.0327 |
|        1 |        347 |          1115.00 |      1115.00 |      1123.60 |                  5.00 |                    5.00 |    604 |    74.1849 |
|        1 |        348 |          1115.00 |      1115.00 |      1123.60 |                  5.00 |                    5.00 |    604 |    74.2779 |
|        1 |        349 |          1115.00 |      1115.00 |      1124.60 |                  5.00 |                    5.00 |    604 |    74.4013 |
|        1 |        350 |          1115.00 |      1115.00 |      1128.32 |                  6.28 |                    5.00 |    605 |    74.6116 |
|        1 |        351 |          1115.00 |      1115.00 |      1129.40 |                 13.78 |                    5.00 |    605 |    74.8138 |
|        1 |        352 |          1115.00 |      1115.00 |      1130.00 |                  5.00 |                    5.00 |    606 |    75.1619 |
|        1 |        353 |          1115.00 |      1115.00 |      1130.00 |                  5.00 |                    5.00 |    606 |    75.2934 |
|        1 |        354 |          1115.00 |      1115.00 |      1124.23 |                  5.00 |                   10.03 |    607 |    75.4596 |
|        1 |        355 |          1115.00 |      1115.00 |      1131.34 |                  5.00 |                   11.38 |    607 |    75.6159 |
|        1 |        356 |          1115.00 |      1115.00 |      1136.80 |                  7.70 |                    5.00 |    608 |    75.9676 |
|        1 |        357 |          1115.00 |      1115.00 |      1130.20 |                  5.00 |                    5.00 |    610 |    76.1366 |
|        1 |        358 |          1115.00 |      1115.00 |      1130.20 |                  6.40 |                    5.00 |    610 |    76.2557 |
|        1 |        359 |          1115.00 |      1115.00 |      1128.20 |                  5.00 |                    5.00 |    611 |    76.3970 |
|        1 |        360 |          1115.00 |      1115.00 |      1164.60 |                  5.52 |                    5.00 |    611 |    76.5330 |
|        1 |        361 |          1115.00 |      1115.00 |      1156.30 |                  6.30 |                    5.00 |    611 |    76.8381 |
|        1 |        362 |          1115.00 |      1115.00 |      1162.20 |                  5.00 |                    5.00 |    613 |    76.9751 |
|        1 |        363 |          1115.00 |      1115.00 |      1140.83 |                  5.00 |                    5.47 |    613 |    77.4017 |
|        1 |        364 |          1115.00 |      1115.00 |      1144.80 |                  5.00 |                    5.00 |    615 |    77.5099 |
|        1 |        365 |          1115.00 |      1115.00 |      1147.70 |                  5.00 |                    5.00 |    615 |    77.6943 |
|        1 |        366 |          1115.00 |      1115.00 |      1134.04 |                  6.77 |                    5.00 |    615 |    77.9641 |
|        1 |        367 |          1115.00 |      1115.00 |      1132.70 |                  5.00 |                    5.00 |    615 |    78.1020 |
|        1 |        368 |          1115.00 |      1115.00 |      1132.70 |                  5.00 |                    5.00 |    615 |    78.1872 |
|        1 |        369 |          1115.00 |      1115.00 |      1136.30 |                  5.00 |                    5.00 |    615 |    78.2992 |
|        1 |        370 |          1115.00 |      1115.00 |      1129.70 |                  6.47 |                    6.34 |    618 |    78.4443 |
|        1 |        371 |          1115.00 |      1115.00 |      1148.80 |                  5.14 |                    5.00 |    618 |    78.6625 |
|        1 |        372 |          1115.00 |      1115.00 |      1128.50 |                  5.00 |                    5.00 |    618 |    78.9499 |
|        1 |        373 |          1115.00 |      1115.00 |      1126.90 |                  5.00 |                    5.00 |    618 |    79.1381 |
|        1 |        374 |          1115.00 |      1115.00 |      1126.90 |                  5.00 |                    5.00 |    618 |    79.2511 |
|        1 |        375 |          1115.00 |      1115.00 |      1152.30 |                  5.00 |                    5.00 |    619 |    79.3725 |
|        1 |        376 |          1115.00 |      1115.00 |      1152.30 |                  5.00 |                    5.00 |    619 |    79.4921 |
|        1 |        377 |          1115.00 |      1115.00 |      1133.60 |                  6.27 |                    5.00 |    619 |    79.8395 |
|        1 |        378 |          1115.00 |      1115.00 |      1129.40 |                  5.00 |                    5.00 |    619 |    79.9959 |
------------------------------------------------------------------------------------------------------------------------------------------------
|  Restart |  Iteration |  Best Feas. Cost |    Best Cost |   Curr. Cost |   Penalty Custom Res. |   Penalty Standard Res. |   Pool |   Time (s) |
------------------------------------------------------------------------------------------------------------------------------------------------
|        1 |        379 |          1115.00 |      1115.00 |      1125.80 |                  5.00 |                    5.00 |    619 |    80.2734 |
|        1 |        380 |          1115.00 |      1115.00 |      1128.50 |                  5.00 |                    5.00 |    621 |    80.5215 |
|        1 |        381 |          1115.00 |      1115.00 |      1132.10 |                  5.97 |                    5.00 |    623 |    80.6654 |
|        1 |        382 |          1115.00 |      1115.00 |      1127.10 |                  5.00 |                    5.00 |    623 |    80.9642 |
|        1 |        383 |          1115.00 |      1115.00 |      1127.10 |                  5.00 |                    5.00 |    623 |    81.1612 |
|        1 |        384 |          1115.00 |      1115.00 |      1126.60 |                  5.00 |                    5.00 |    623 |    81.3371 |
|        1 |        385 |          1115.00 |      1115.00 |      1125.90 |                  5.00 |                    5.00 |    623 |    81.4904 |
|        1 |        386 |          1115.00 |      1115.00 |      1129.40 |                  5.00 |                    5.00 |    623 |    81.6425 |
|        1 |        387 |          1115.00 |      1115.00 |      1128.90 |                  5.00 |                    5.00 |    627 |    82.0399 |
|        1 |        388 |          1115.00 |      1115.00 |      1134.80 |                  5.00 |                    5.00 |    627 |    82.1751 |
|        1 |        389 |          1115.00 |      1115.00 |      1132.30 |                  5.00 |                    5.00 |    627 |    82.4150 |
|        1 |        390 |          1115.00 |      1115.00 |      1132.30 |                  5.00 |                    5.00 |    627 |    82.5083 |
|        1 |        391 |          1115.00 |      1115.00 |      1131.60 |                  5.00 |                    5.00 |    627 |    82.7310 |
|        1 |        392 |          1115.00 |      1115.00 |      1131.70 |                  6.61 |                    5.00 |    627 |    82.8332 |
|        1 |        393 |          1115.00 |      1115.00 |      1135.80 |                  5.00 |                    5.00 |    627 |    83.0204 |
|        1 |        394 |          1115.00 |      1115.00 |      1132.30 |                  5.00 |                    5.00 |    627 |    83.2091 |
|        1 |        395 |          1115.00 |      1115.00 |      1140.50 |                  5.00 |                    5.00 |    628 |    83.3308 |
|        1 |        396 |          1115.00 |      1115.00 |      1136.30 |                  5.00 |                    5.00 |    628 |    83.5320 |
|        1 |        397 |          1115.00 |      1115.00 |      1138.60 |                  5.00 |                    6.81 |    628 |    83.7609 |
|        1 |        398 |          1115.00 |      1115.00 |      1138.60 |                  5.00 |                    5.00 |    628 |    83.9349 |
|        1 |        399 |          1115.00 |      1115.00 |      1135.40 |                  5.00 |                    5.00 |    628 |    84.2123 |
|        1 |        400 |          1115.00 |      1115.00 |      1141.10 |                  8.39 |                    5.00 |    628 |    84.5487 |
|        1 |        401 |          1115.00 |      1115.00 |      1152.55 |                 18.92 |                   13.66 |    632 |    84.7755 |
|        1 |        402 |          1115.00 |      1115.00 |      1162.37 |                 10.14 |                    7.32 |    632 |    84.9186 |
|        1 |        403 |          1115.00 |      1115.00 |      1141.20 |                  6.21 |                    5.00 |    632 |    85.2791 |
|        1 |        404 |          1115.00 |      1115.00 |      1141.00 |                  6.78 |                    5.00 |    633 |    85.3843 |
|        1 |        405 |          1115.00 |      1115.00 |      1141.00 |                  5.00 |                    5.00 |    633 |    85.4855 |
|        1 |        406 |          1115.00 |      1115.00 |      1138.20 |                  5.00 |                    5.00 |    633 |    85.6725 |
|        1 |        407 |          1115.00 |      1115.00 |      1137.74 |                 10.24 |                    5.00 |    637 |    85.8794 |
|        1 |        408 |          1115.00 |      1115.00 |      1151.08 |                  9.14 |                    5.00 |    639 |    86.0204 |
|        1 |        409 |          1115.00 |      1115.00 |      1148.00 |                  9.58 |                    5.00 |    640 |    86.1400 |
|        1 |        410 |          1115.00 |      1115.00 |      1147.70 |                  7.28 |                    5.00 |    642 |    86.3214 |
|        1 |        411 |          1115.00 |      1115.00 |      1149.97 |                  6.83 |                    5.00 |    642 |    86.4705 |
|        1 |        412 |          1115.00 |      1115.00 |      1157.30 |                  5.00 |                    5.00 |    644 |    86.5851 |
|        1 |        413 |          1115.00 |      1115.00 |      1150.85 |                 10.33 |                    5.00 |    646 |    86.8145 |
|        1 |        414 |          1115.00 |      1115.00 |      1146.40 |                  5.54 |                    7.67 |    649 |    86.9688 |
|        1 |        415 |          1115.00 |      1115.00 |      1147.30 |                  5.31 |                    5.26 |    650 |    87.0866 |
|        1 |        416 |          1115.00 |      1115.00 |      1140.45 |                  5.85 |                    5.00 |    650 |    87.3326 |
|        1 |        417 |          1115.00 |      1115.00 |      1139.40 |                  5.70 |                    5.00 |    653 |    87.5140 |
|        1 |        418 |          1115.00 |      1115.00 |      1132.40 |                  5.92 |                    5.00 |    653 |    87.6355 |
|        1 |        419 |          1115.00 |      1115.00 |      1132.40 |                  5.00 |                    5.00 |    653 |    87.7645 |
|        1 |        420 |          1115.00 |      1115.00 |      1172.80 |                  5.00 |                    5.00 |    655 |    87.9045 |
|        1 |        421 |          1115.00 |      1115.00 |      1170.60 |                  5.00 |                    5.00 |    656 |    88.0766 |
|        1 |        422 |          1115.00 |      1115.00 |      1160.20 |                  5.00 |                    5.00 |    656 |    88.3407 |
|        1 |        423 |          1115.00 |      1115.00 |      1160.20 |                  5.00 |                    5.00 |    656 |    88.4556 |
|        1 |        424 |          1115.00 |      1115.00 |      1140.40 |                  5.00 |                    5.00 |    661 |    88.8164 |
|        1 |        425 |          1115.00 |      1115.00 |      1140.40 |                  5.00 |                    5.00 |    661 |    88.9404 |
|        1 |        426 |          1115.00 |      1115.00 |      1143.00 |                  5.00 |                    5.00 |    663 |    89.1556 |
|        1 |        427 |          1115.00 |      1115.00 |      1149.30 |                  6.93 |                    5.00 |    663 |    89.2745 |
|        1 |        428 |          1115.00 |      1115.00 |      1145.00 |                  5.32 |                    5.00 |    664 |    89.4433 |
|        1 |        429 |          1115.00 |      1115.00 |      1140.40 |                  5.00 |                    5.00 |    664 |    89.6358 |
|        1 |        430 |          1115.00 |      1115.00 |      1140.40 |                  5.00 |                    5.00 |    664 |    89.7405 |
|        1 |        431 |          1115.00 |      1115.00 |      1141.50 |                  5.00 |                    5.00 |    667 |    89.9308 |
|        1 |        432 |          1115.00 |      1115.00 |      1125.90 |                  9.45 |                    9.45 |    668 |    90.3308 |
|        1 |        433 |          1115.00 |      1115.00 |      1125.80 |                  5.00 |                    5.00 |    668 |    90.4977 |
|        1 |        434 |          1115.00 |      1115.00 |      1122.30 |                  5.00 |                    5.00 |    668 |    90.7015 |
|        1 |        435 |          1115.00 |      1115.00 |      1118.40 |                  5.00 |                    5.00 |    668 |    90.8726 |
|        1 |        436 |          1115.00 |      1115.00 |      1135.00 |                  5.10 |                    5.00 |    670 |    91.0066 |
|        1 |        437 |          1115.00 |      1115.00 |      1139.60 |                  5.35 |                    5.25 |    670 |    91.1578 |
|        1 |        438 |          1115.00 |      1115.00 |      1139.60 |                  5.47 |                    5.00 |    670 |    91.2843 |
|        1 |        439 |          1115.00 |      1115.00 |      1131.60 |                  5.00 |                    5.00 |    672 |    91.4347 |
|        1 |        440 |          1115.00 |      1115.00 |      1141.10 |                  5.00 |                    8.39 |    676 |    91.6618 |
|        1 |        441 |          1115.00 |      1115.00 |      1143.13 |                  5.58 |                    9.52 |    676 |    91.7828 |
|        1 |        442 |          1115.00 |      1115.00 |      1143.75 |                  5.00 |                    9.96 |    676 |    91.9417 |
|        1 |        443 |          1115.00 |      1115.00 |      1143.84 |                  5.26 |                    9.62 |    676 |    92.1284 |
|        1 |        444 |          1115.00 |      1115.00 |      1141.88 |                  5.00 |                   10.13 |    677 |    92.4059 |
|        1 |        445 |          1115.00 |      1115.00 |      1132.40 |                  5.00 |                    5.62 |    679 |    92.7218 |
|        1 |        446 |          1115.00 |      1115.00 |      1132.40 |                  5.00 |                    5.00 |    679 |    92.8376 |
|        1 |        447 |          1115.00 |      1115.00 |      1144.90 |                  5.00 |                    5.00 |    679 |    92.9246 |
|        1 |        448 |          1115.00 |      1115.00 |      1132.80 |                  6.41 |                    5.00 |    680 |    93.1484 |
|        1 |        449 |          1115.00 |      1115.00 |      1132.80 |                  5.00 |                    5.00 |    680 |    93.2362 |
|        1 |        450 |          1115.00 |      1115.00 |      1132.80 |                  5.00 |                    5.26 |    680 |    93.3537 |
|        1 |        451 |          1115.00 |      1115.00 |      1132.80 |                  5.00 |                    5.00 |    680 |    93.4489 |
|        1 |        452 |          1115.00 |      1115.00 |      1125.65 |                  5.00 |                    5.00 |    681 |    93.6664 |
|        1 |        453 |          1115.00 |      1115.00 |      1126.02 |                  5.18 |                    5.00 |    681 |    93.8040 |
|        1 |        454 |          1115.00 |      1115.00 |      1125.84 |                  5.00 |                    5.00 |    681 |    93.9024 |
|        1 |        455 |          1115.00 |      1115.00 |      1125.50 |                  5.46 |                    7.23 |    681 |    94.0049 |
|        1 |        456 |          1115.00 |      1115.00 |      1125.00 |                  5.00 |                    5.00 |    681 |    94.1789 |
|        1 |        457 |          1115.00 |      1115.00 |      1125.00 |                  5.00 |                    5.00 |    681 |    94.3168 |
|        1 |        458 |          1115.00 |      1115.00 |      1125.00 |                  5.26 |                    5.00 |    681 |    94.3999 |
|        1 |        459 |          1115.00 |      1115.00 |      1131.20 |                  5.00 |                    5.00 |    681 |    94.5002 |
|        1 |        460 |          1115.00 |      1115.00 |      1131.85 |                  6.80 |                    5.63 |    681 |    94.6662 |
|        1 |        461 |          1115.00 |      1115.00 |      1133.43 |                  6.26 |                    5.00 |    681 |    94.7827 |
|        1 |        462 |          1115.00 |      1115.00 |      1131.20 |                  5.00 |                    5.00 |    681 |    94.9299 |
|        1 |        463 |          1115.00 |      1115.00 |      1142.30 |                  6.04 |                    5.00 |    681 |    95.0615 |
|        1 |        464 |          1115.00 |      1115.00 |      1141.70 |                  5.00 |                    5.00 |    681 |    95.3074 |
|        1 |        465 |          1115.00 |      1115.00 |      1141.70 |                  5.00 |                    5.00 |    681 |    95.4318 |
|        1 |        466 |          1115.00 |      1115.00 |      1141.80 |                  6.47 |                    5.00 |    681 |    95.5623 |
|        1 |        467 |          1115.00 |      1115.00 |      1131.60 |                  5.00 |                    5.92 |    682 |    95.7593 |
|        1 |        468 |          1115.00 |      1115.00 |      1131.60 |                  5.36 |                    5.00 |    682 |    95.9212 |
|        1 |        469 |          1115.00 |      1115.00 |      1140.86 |                  5.86 |                    5.80 |    682 |    96.0358 |
|        1 |        470 |          1115.00 |      1115.00 |      1141.42 |                  5.13 |                    5.26 |    682 |    96.1518 |
|        1 |        471 |          1115.00 |      1115.00 |      1137.90 |                  5.00 |                    5.00 |    682 |    96.2465 |
|        1 |        472 |          1115.00 |      1115.00 |      1137.90 |                  5.26 |                    5.00 |    682 |    96.3861 |
|        1 |        473 |          1115.00 |      1115.00 |      1138.80 |                  5.00 |                    5.00 |    683 |    96.5898 |
|        1 |        474 |          1115.00 |      1115.00 |      1134.50 |                  5.00 |                    5.00 |    684 |    96.7392 |
|        1 |        475 |          1115.00 |      1115.00 |      1143.10 |                  5.50 |                    5.00 |    685 |    96.9904 |
|        1 |        476 |          1115.00 |      1115.00 |      1143.10 |                  5.00 |                    5.00 |    685 |    97.0704 |
|        1 |        477 |          1115.00 |      1115.00 |      1143.10 |                  6.41 |                    5.00 |    688 |    97.2533 |
|        1 |        478 |          1115.00 |      1115.00 |      1144.20 |                  5.00 |                    7.37 |    691 |    97.3949 |
|        1 |        479 |          1115.00 |      1115.00 |      1133.10 |                  5.74 |                    5.00 |    693 |    97.7462 |
|        1 |        480 |          1115.00 |      1115.00 |      1132.30 |                  5.00 |                    5.00 |    693 |    97.9430 |
|        1 |        481 |          1115.00 |      1115.00 |      1132.30 |                  5.00 |                    5.00 |    693 |    98.0533 |
|        1 |        482 |          1115.00 |      1115.00 |      1155.00 |                  5.00 |                    5.00 |    695 |    98.3592 |
|        1 |        483 |          1115.00 |      1115.00 |      1154.85 |                  5.00 |                    5.00 |    695 |    98.4904 |
|        1 |        484 |          1115.00 |      1115.00 |      1150.80 |                  5.00 |                    5.00 |    697 |    98.7075 |
|        1 |        485 |          1115.00 |      1115.00 |      1142.50 |                  5.00 |                    5.00 |    700 |    99.0653 |
|        1 |        486 |          1115.00 |      1115.00 |      1142.50 |                  5.00 |                    5.00 |    700 |    99.1746 |
|        1 |        487 |          1115.00 |      1115.00 |      1142.50 |                  5.47 |                    5.26 |    700 |    99.3392 |
|        1 |        488 |          1115.00 |      1115.00 |      1142.50 |                  6.35 |                    5.00 |    700 |    99.4793 |
|        1 |        489 |          1115.00 |      1115.00 |      1141.80 |                  5.00 |                    5.00 |    700 |    99.6389 |
|        1 |        490 |          1115.00 |      1115.00 |      1151.00 |                  7.14 |                    5.00 |    702 |    99.7960 |
|        1 |        491 |          1115.00 |      1115.00 |      1151.00 |                  6.97 |                    5.00 |    702 |    99.9462 |
------------------------------------------------------------------------------------------------------------------------------------------------
|  Restart |  Iteration |  Best Feas. Cost |    Best Cost |   Curr. Cost |   Penalty Custom Res. |   Penalty Standard Res. |   Pool |   Time (s) |
------------------------------------------------------------------------------------------------------------------------------------------------
|        1 |        492 |          1115.00 |      1115.00 |      1147.70 |                  6.48 |                    5.00 |    704 |   100.1563 |
|        1 |        493 |          1115.00 |      1115.00 |      1147.70 |                  5.86 |                    5.86 |    704 |   100.2284 |
|        1 |        494 |          1115.00 |      1115.00 |      1147.70 |                  6.87 |                    5.05 |    704 |   100.3310 |
|        1 |        495 |          1115.00 |      1115.00 |      1147.70 |                  5.00 |                    5.00 |    704 |   100.4518 |
|        1 |        496 |          1115.00 |      1115.00 |      1140.50 |                  5.00 |                    5.00 |    704 |   100.5722 |
|        1 |        497 |          1115.00 |      1115.00 |      1131.79 |                  6.91 |                    5.00 |    706 |   100.9234 |
|        1 |        498 |          1115.00 |      1115.00 |      1128.64 |                 13.46 |                    9.74 |    706 |   101.0442 |
|        1 |        499 |          1115.00 |      1115.00 |      1182.96 |                 13.68 |                    9.89 |    706 |   101.1866 |
|        1 |        500 |          1115.00 |      1115.00 |      1173.00 |                  6.54 |                    5.03 |    707 |   101.4309 |
------------------------------------------------------------------------------------------------------------------------------------------------
Version identifier: 22.1.2.0 | 2024-11-26 | 0edbb82fd
CPXPARAM_MIP_Tolerances_UpperCutoff              1115.1000000000354
Tried aggregator 1 time.
MIP Presolve eliminated 11 rows and 69 columns.
MIP Presolve modified 366 coefficients.
Reduced MIP has 90 rows, 638 columns, and 4544 nonzeros.
Reduced MIP has 638 binaries, 0 generals, 0 SOSs, and 0 indicators.
Presolve time = 0.00 sec. (5.29 ticks)
Probing fixed 3 vars, tightened 0 bounds.
Probing time = 0.01 sec. (6.81 ticks)
Tried aggregator 1 time.
Detecting symmetries...
MIP Presolve eliminated 2 rows and 8 columns.
Reduced MIP has 88 rows, 630 columns, and 4478 nonzeros.
Reduced MIP has 630 binaries, 0 generals, 0 SOSs, and 0 indicators.
Presolve time = 0.00 sec. (3.40 ticks)
Probing fixed 1 vars, tightened 0 bounds.
Probing time = 0.01 sec. (6.67 ticks)
Clique table members: 782.
MIP emphasis: balance optimality and feasibility.
MIP search method: dynamic search.
Parallel mode: deterministic, using up to 8 threads.
Root relaxation solution time = 0.00 sec. (5.37 ticks)

        Nodes                                         Cuts/
   Node  Left     Objective  IInf  Best Integer    Best Bound    ItCnt     Gap

      0     0     1098.8412    54                   1098.8412      244         
      0     0     1105.0822    51                    Cuts: 34      370         
*     0+    0                         1107.3000     1105.0822             0.20%
*     0     0      integral     0     1106.3000      Cuts: 10      425    0.00%
      0     0        cutoff           1106.3000     1106.3000      425    0.00%
Elapsed time = 0.11 sec. (57.11 ticks, tree = 0.01 MB, solutions = 2)
objective_value(sp) = 1106.3
106.442701 seconds (6.89 M allocations: 343.931 MiB, 0.21% gc time, 4.97% compilation time)
#1: 0 (0.0) {10.0} -> 50 (13.0) {26.9} [0.0, 203.0] -> 33 (24.0) {44.7} [27.0, 57.0] -> 81 (50.0) {57.5} [0.0, 192.0] -> 9 (66.0) {87.0} [87.0, 117.0] -> 35 (74.0) {133.0} [133.0, 163.0] -> 34 (88.0) {153.1} [0.0, 183.0] -> 3 (101.0) {177.2} [0.0, 197.0] -> 77 (115.0) {190.0} [169.0, 199.0] -> 0 (115.0) {219.6} [0.0, 230.0]
#2: 0 (0.0) {10.0} -> 71 (15.0) {49.6} [0.0, 180.0] -> 65 (35.0) {69.8} [49.0, 79.0] -> 66 (60.0) {117.0} [117.0, 147.0] -> 20 (69.0) {135.9} [0.0, 188.0] -> 51 (79.0) {153.9} [0.0, 193.0] -> 1 (89.0) {175.9} [0.0, 204.0] -> 0 (89.0) {201.1} [0.0, 230.0]
#3: 0 (0.0) {14.0} -> 27 (16.0) {27.0} [27.0, 57.0] -> 69 (22.0) {44.2} [40.0, 70.0] -> 30 (43.0) {67.5} [61.0, 91.0] -> 88 (52.0) {93.6} [64.0, 94.0] -> 10 (68.0) {114.0} [114.0, 144.0] -> 63 (78.0) {133.4} [0.0, 185.0] -> 90 (81.0) {147.8} [0.0, 187.0] -> 32 (104.0) {162.2} [0.0, 186.0] -> 70 (109.0) {185.3} [168.0, 198.0] -> 0 (109.0) {216.3} [0.0, 230.0]
#4: 0 (0.0) {12.0} -> 31 (27.0) {29.4} [0.0, 202.0] -> 62 (46.0) {48.6} [48.0, 78.0] -> 11 (58.0) {66.6} [57.0, 87.0] -> 64 (67.0) {89.6} [63.0, 93.0] -> 49 (97.0) {112.3} [98.0, 128.0] -> 19 (114.0) {134.3} [0.0, 187.0] -> 48 (150.0) {152.5} [0.0, 192.0] -> 82 (166.0) {167.8} [0.0, 196.0] -> 7 (171.0) {183.6} [0.0, 198.0] -> 52 (180.0) {203.4} [0.0, 208.0] -> 0 (180.0) {224.7} [0.0, 230.0]
#5: 0 (0.0) {13.0} -> 18 (12.0) {28.8} [0.0, 204.0] -> 45 (28.0) {52.9} [29.0, 59.0] -> 84 (35.0) {91.0} [91.0, 121.0] -> 17 (37.0) {147.0} [147.0, 177.0] -> 61 (50.0) {166.2} [0.0, 194.0] -> 85 (91.0) {180.6} [0.0, 196.0] -> 93 (113.0) {193.4} [169.0, 199.0] -> 0 (113.0) {223.6} [0.0, 230.0]
#6: 0 (0.0) {14.0} -> 53 (14.0) {85.0} [85.0, 115.0] -> 40 (23.0) {101.7} [75.0, 105.0] -> 58 (41.0) {180.0} [180.0, 210.0] -> 0 (41.0) {199.0} [0.0, 230.0]
#7: 0 (0.0) {14.0} -> 28 (16.0) {20.3} [0.0, 213.0] -> 76 (29.0) {63.0} [63.0, 93.0] -> 79 (52.0) {83.0} [82.0, 112.0] -> 78 (55.0) {98.6} [86.0, 116.0] -> 29 (64.0) {119.0} [0.0, 190.0] -> 24 (67.0) {136.0} [0.0, 190.0] -> 68 (103.0) {155.8} [132.0, 162.0] -> 80 (109.0) {168.0} [168.0, 198.0] -> 12 (128.0) {184.3} [0.0, 205.0] -> 0 (128.0) {209.3} [0.0, 230.0]
#8: 0 (0.0) {14.0} -> 42 (5.0) {39.4} [25.0, 55.0] -> 43 (12.0) {58.4} [0.0, 185.0] -> 15 (20.0) {75.6} [51.0, 81.0] -> 41 (25.0) {97.7} [87.0, 117.0] -> 22 (43.0) {111.9} [87.0, 117.0] -> 75 (61.0) {126.0} [0.0, 192.0] -> 56 (67.0) {140.1} [120.0, 150.0] -> 74 (75.0) {157.1} [139.0, 169.0] -> 72 (100.0) {170.2} [0.0, 197.0] -> 73 (109.0) {183.3} [0.0, 199.0] -> 21 (120.0) {196.4} [0.0, 201.0] -> 0 (120.0) {224.4} [0.0, 230.0]
#9: 0 (0.0) {14.0} -> 26 (17.0) {25.1} [0.0, 208.0] -> 39 (48.0) {58.5} [34.0, 64.0] -> 23 (77.0) {77.1} [58.0, 88.0] -> 67 (102.0) {99.1} [73.0, 103.0] -> 55 (104.0) {127.5} [126.0, 156.0] -> 4 (123.0) {146.0} [139.0, 169.0] -> 25 (129.0) {166.0} [156.0, 186.0] -> 54 (147.0) {188.0} [0.0, 197.0] -> 0 (147.0) {220.8} [0.0, 230.0]
#10: 0 (0.0) {13.0} -> 89 (15.0) {22.0} [0.0, 211.0] -> 96 (26.0) {40.9} [0.0, 204.0] -> 99 (35.0) {73.0} [73.0, 103.0] -> 6 (38.0) {89.4} [89.0, 119.0] -> 87 (64.0) {111.7} [83.0, 113.0] -> 57 (71.0) {128.9} [0.0, 196.0] -> 2 (78.0) {144.7} [0.0, 202.0] -> 13 (101.0) {164.1} [149.0, 179.0] -> 0 (101.0) {185.2} [0.0, 230.0]
#11: 0 (0.0) {14.0} -> 47 (27.0) {48.2} [0.0, 185.0] -> 36 (32.0) {65.4} [41.0, 71.0] -> 46 (33.0) {87.4} [0.0, 184.0] -> 8 (42.0) {106.8} [85.0, 115.0] -> 83 (53.0) {124.0} [0.0, 198.0] -> 60 (56.0) {138.2} [0.0, 201.0] -> 5 (82.0) {152.6} [0.0, 199.0] -> 59 (110.0) {171.0} [0.0, 202.0] -> 95 (130.0) {185.0} [0.0, 205.0] -> 94 (157.0) {198.1} [0.0, 207.0] -> 0 (157.0) {220.1} [0.0, 230.0]
#12: 0 (0.0) {12.0} -> 92 (2.0) {30.3} [18.0, 48.0] -> 98 (12.0) {43.4} [0.0, 198.0] -> 44 (30.0) {64.0} [59.0, 89.0] -> 14 (50.0) {79.6} [0.0, 187.0] -> 38 (66.0) {100.7} [73.0, 103.0] -> 86 (101.0) {123.7} [0.0, 184.0] -> 16 (120.0) {140.0} [0.0, 190.0] -> 91 (121.0) {155.0} [0.0, 194.0] -> 100 (138.0) {168.1} [165.0, 195.0] -> 37 (146.0) {180.9} [0.0, 198.0] -> 97 (158.0) {195.9} [0.0, 202.0] -> 0 (158.0) {223.1} [0.0, 230.0]

Dist: 1106.3. Cost: 1106.3

Clique cuts applied:  18
Zero-half cuts applied:  7
Lift and project cuts applied:  1
Gomory fractional cuts applied:  3

Root node processing (before b&c):
  Real time             =    0.11 sec. (57.16 ticks)
Parallel b&c, 8 threads:
  Real time             =    0.00 sec. (0.00 ticks)
  Sync time (average)   =    0.00 sec.
  Wait time (average)   =    0.00 sec.
                          ------------
Total (root+branch&cut) =    0.11 sec. (57.16 ticks)
