Solving instance /mnt/c/Users/bruno.mattos/OneDrive - americanas s.a/Documentos/GitHub/GenericILS/TWRD/100/R108_100_010.vrptwrd...
------------------------------------------------------------------------------------------------------------------------------------------------
|  Restart |  Iteration |  Best Feas. Cost |    Best Cost |   Curr. Cost |   Penalty Custom Res. |   Penalty Standard Res. |   Pool |   Time (s) |
------------------------------------------------------------------------------------------------------------------------------------------------
|        1 |          0 |          1041.70 |      1041.70 |      1041.70 |                  5.00 |                    5.00 |     17 |     0.3317 |
|        1 |          1 |          1041.70 |      1008.48 |      1008.48 |                  5.00 |                    5.59 |     21 |     1.0022 |
|        1 |          2 |          1041.70 |      1008.48 |      1008.60 |                  5.00 |                    5.68 |     23 |     1.1024 |
|        1 |          3 |          1041.70 |      1008.48 |      1008.60 |                  5.00 |                    5.63 |     23 |     1.1636 |
|        1 |          0 |          1013.40 |      1008.48 |      1013.40 |                  5.00 |                    5.00 |     27 |     1.2546 |
|        1 |          1 |          1013.40 |      1008.48 |      1033.60 |                  5.00 |                    5.00 |     33 |     1.4590 |
|        1 |          2 |          1013.40 |      1008.48 |      1037.60 |                  5.00 |                    5.00 |     37 |     1.5304 |
|        1 |          3 |          1013.40 |      1008.48 |      1034.00 |                  5.00 |                    5.00 |     40 |     1.6216 |
|        1 |          4 |          1013.40 |      1008.48 |      1034.00 |                  5.00 |                    5.00 |     40 |     1.6913 |
|        1 |          5 |          1013.40 |      1008.48 |      1035.30 |                  5.00 |                    5.00 |     44 |     1.8337 |
|        1 |          6 |          1013.40 |      1007.67 |      1007.67 |                  5.00 |                    5.00 |     51 |     2.1009 |
|        1 |          7 |          1013.40 |      1000.86 |      1000.86 |                  5.00 |                   12.49 |     53 |     2.1945 |
|        1 |          0 |          1002.80 |      1000.86 |      1002.80 |                  5.00 |                    5.92 |     54 |     2.3102 |
|        1 |          1 |          1002.80 |       997.57 |       997.57 |                  5.00 |                    6.46 |     57 |     2.3822 |
|        1 |          0 |           995.00 |       995.00 |       995.00 |                  5.00 |                    5.00 |     60 |     2.4697 |
|        1 |          1 |           995.00 |       995.00 |      1001.90 |                  5.00 |                    5.00 |     64 |     2.5296 |
|        1 |          2 |           995.00 |       995.00 |      1022.70 |                  5.25 |                    5.00 |     70 |     2.7022 |
|        1 |          3 |           995.00 |       995.00 |      1012.20 |                  5.00 |                    5.00 |     74 |     2.7934 |
|        1 |          4 |           995.00 |       995.00 |      1007.50 |                  5.00 |                    5.00 |     76 |     2.8547 |
|        1 |          5 |           995.00 |       995.00 |      1007.50 |                  5.00 |                    5.00 |     76 |     2.9449 |
|        1 |          6 |           995.00 |       995.00 |       999.60 |                  5.00 |                    5.00 |     79 |     3.0626 |
|        1 |          7 |           995.00 |       995.00 |       999.60 |                  5.00 |                    5.00 |     79 |     3.1503 |
|        1 |          8 |           995.00 |       995.00 |      1004.00 |                  6.10 |                    5.00 |     80 |     3.2141 |
|        1 |          9 |           995.00 |       995.00 |      1004.00 |                  5.00 |                    6.81 |     80 |     3.2947 |
|        1 |         10 |           995.00 |       995.00 |      1003.60 |                  5.00 |                    5.00 |     85 |     3.4193 |
|        1 |         11 |           995.00 |       995.00 |      1004.80 |                  5.00 |                    5.00 |     86 |     3.4980 |
|        1 |         12 |           995.00 |       995.00 |      1003.80 |                  5.00 |                    5.00 |     87 |     3.5677 |
|        1 |         13 |           995.00 |       995.00 |      1002.60 |                  5.00 |                    5.00 |     87 |     3.6204 |
|        1 |         14 |           995.00 |       995.00 |      1008.50 |                  5.41 |                    5.00 |     93 |     3.7210 |
|        1 |         15 |           995.00 |       995.00 |      1008.50 |                  5.00 |                    5.00 |     93 |     3.7721 |
|        1 |         16 |           995.00 |       995.00 |      1007.90 |                  5.00 |                    5.00 |     95 |     3.8552 |
|        1 |         17 |           995.00 |       995.00 |      1021.10 |                  5.75 |                    5.00 |     99 |     3.9305 |
|        1 |         18 |           995.00 |       995.00 |      1021.10 |                  5.00 |                    5.00 |     99 |     3.9978 |
|        1 |         19 |           995.00 |       995.00 |      1030.70 |                  5.00 |                    5.00 |    105 |     4.0843 |
|        1 |         20 |           995.00 |       995.00 |      1000.80 |                  5.00 |                    5.00 |    108 |     4.2490 |
|        1 |         21 |           995.00 |       995.00 |      1000.80 |                  5.00 |                    5.00 |    108 |     4.3077 |
|        1 |         22 |           995.00 |       995.00 |      1009.20 |                  5.00 |                    5.00 |    111 |     4.3776 |
|        1 |          0 |           994.30 |       994.30 |       994.30 |                  5.00 |                    5.00 |    115 |     4.6483 |
|        1 |          1 |           994.30 |       994.30 |       998.70 |                  5.00 |                    5.00 |    118 |     4.7272 |
|        1 |          2 |           994.30 |       994.30 |       998.60 |                  5.00 |                    5.00 |    120 |     4.8213 |
|        1 |          3 |           994.30 |       994.30 |       998.60 |                  5.00 |                    5.00 |    121 |     4.8810 |
|        1 |          4 |           994.30 |       994.30 |       999.70 |                  5.00 |                    5.00 |    121 |     4.9301 |
|        1 |          5 |           994.30 |       994.30 |       999.70 |                  5.00 |                    5.00 |    121 |     5.0062 |
|        1 |          6 |           994.30 |       994.30 |       997.80 |                  5.00 |                    5.00 |    123 |     5.1121 |
|        1 |          7 |           994.30 |       994.30 |       997.10 |                  5.00 |                    5.00 |    126 |     5.2178 |
|        1 |          8 |           994.30 |       994.30 |       996.90 |                  5.00 |                    5.00 |    131 |     5.3056 |
|        1 |          9 |           994.30 |       994.30 |       997.80 |                  5.47 |                    5.00 |    135 |     5.4535 |
|        1 |         10 |           994.30 |       994.30 |       995.70 |                  5.00 |                    5.00 |    135 |     5.5327 |
|        1 |          0 |           994.20 |       994.20 |       994.20 |                  5.00 |                    5.86 |    140 |     5.6483 |
|        1 |          0 |           992.20 |       992.20 |       992.20 |                  5.00 |                    5.00 |    140 |     5.7317 |
|        1 |          0 |           990.80 |       990.80 |       990.80 |                  5.24 |                    5.40 |    141 |     5.8225 |
|        1 |          0 |           989.60 |       989.60 |       989.60 |                  5.00 |                    5.00 |    141 |     5.8979 |
|        1 |          0 |           988.10 |       988.10 |       988.10 |                  5.00 |                    5.00 |    141 |     5.9591 |
|        1 |          0 |           988.00 |       988.00 |       988.00 |                  5.00 |                    5.00 |    142 |     6.0615 |
|        1 |          1 |           988.00 |       988.00 |       990.90 |                  5.00 |                    5.00 |    143 |     6.1467 |
|        1 |          2 |           988.00 |       988.00 |       988.90 |                  5.00 |                    5.00 |    144 |     6.2315 |
|        1 |          3 |           988.00 |       988.00 |       988.10 |                  5.00 |                    5.00 |    144 |     6.3289 |
|        1 |          4 |           988.00 |       988.00 |       988.10 |                  5.00 |                    5.00 |    144 |     6.3916 |
|        1 |          5 |           988.00 |       988.00 |       990.50 |                  5.00 |                    5.00 |    145 |     6.4853 |
|        1 |          6 |           988.00 |       988.00 |       990.50 |                  5.00 |                    5.00 |    145 |     6.5506 |
|        1 |          7 |           988.00 |       988.00 |       990.50 |                  5.00 |                    5.00 |    145 |     6.6119 |
|        1 |          8 |           988.00 |       988.00 |       999.60 |                  5.00 |                    5.00 |    147 |     6.6861 |
|        1 |          9 |           988.00 |       988.00 |       993.80 |                  5.00 |                    5.00 |    147 |     6.7524 |
|        1 |         10 |           988.00 |       988.00 |       992.56 |                  5.00 |                    5.00 |    148 |     6.8578 |
|        1 |         11 |           988.00 |       988.00 |       992.30 |                  9.16 |                    5.00 |    148 |     6.9828 |
|        1 |         12 |           988.00 |       988.00 |       990.10 |                  6.48 |                    5.00 |    150 |     7.1647 |
|        1 |         13 |           988.00 |       988.00 |      1000.10 |                  5.00 |                    5.00 |    152 |     7.2720 |
|        1 |         14 |           988.00 |       988.00 |       988.70 |                  5.00 |                    5.00 |    153 |     7.4035 |
|        1 |         15 |           988.00 |       988.00 |       988.70 |                  5.00 |                    5.00 |    153 |     7.4566 |
|        1 |          0 |           982.10 |       982.10 |       982.10 |                  5.00 |                    5.00 |    153 |     7.5403 |
|        1 |          1 |           982.10 |       982.10 |       988.60 |                  5.00 |                    5.00 |    153 |     7.6148 |
|        1 |          2 |           982.10 |       982.10 |       988.60 |                  5.00 |                    5.00 |    153 |     7.6951 |
|        1 |          3 |           982.10 |       982.10 |       988.60 |                  5.00 |                    5.00 |    153 |     7.7512 |
|        1 |          4 |           982.10 |       982.10 |       988.60 |                  5.00 |                    5.00 |    153 |     7.8256 |
|        1 |          5 |           982.10 |       982.10 |       999.20 |                  5.00 |                    5.00 |    158 |     7.9951 |
|        1 |          6 |           982.10 |       982.10 |       992.20 |                  5.00 |                    5.00 |    158 |     8.0893 |
|        1 |          7 |           982.10 |       982.10 |       989.40 |                  6.35 |                    5.00 |    158 |     8.1833 |
|        1 |          8 |           982.10 |       982.10 |       993.20 |                  5.00 |                    5.00 |    158 |     8.2840 |
|        1 |          9 |           982.10 |       982.10 |       997.40 |                  5.00 |                    5.00 |    159 |     8.4520 |
|        1 |         10 |           982.10 |       982.10 |      1002.57 |                  5.00 |                    7.73 |    163 |     8.6903 |
|        1 |         11 |           982.10 |       982.10 |      1009.12 |                  5.00 |                    9.91 |    164 |     8.8313 |
|        1 |         12 |           982.10 |       982.10 |      1017.54 |                  5.00 |                   19.68 |    167 |     9.0267 |
|        1 |         13 |           982.10 |       982.10 |      1009.00 |                  5.00 |                    7.80 |    171 |     9.1827 |
|        1 |         14 |           982.10 |       982.10 |      1003.35 |                  5.00 |                    5.62 |    174 |     9.4238 |
|        1 |         15 |           982.10 |       982.10 |      1010.81 |                  5.00 |                    5.26 |    175 |     9.5828 |
|        1 |         16 |           982.10 |       982.10 |      1004.15 |                  5.00 |                    5.00 |    175 |     9.7191 |
|        1 |         17 |           982.10 |       982.10 |      1002.15 |                  5.00 |                    5.00 |    176 |     9.8194 |
|        1 |         18 |           982.10 |       982.10 |      1002.08 |                  5.00 |                    5.61 |    176 |     9.9392 |
|        1 |         19 |           982.10 |       982.10 |      1000.80 |                  5.00 |                    5.00 |    177 |    10.0678 |
|        1 |         20 |           982.10 |       982.10 |      1009.06 |                  5.00 |                    5.79 |    180 |    10.1652 |
|        1 |         21 |           982.10 |       982.10 |       985.65 |                  5.00 |                    5.59 |    187 |    10.5278 |
|        1 |         22 |           982.10 |       980.17 |       980.17 |                  7.06 |                    5.96 |    188 |    10.6570 |
|        1 |         23 |           982.10 |       980.17 |       981.02 |                  5.00 |                    5.26 |    188 |    10.7381 |
|        1 |         24 |           982.10 |       978.45 |       978.45 |                  5.00 |                    5.00 |    188 |    10.8148 |
|        1 |         25 |           982.10 |       978.45 |       979.67 |                  5.00 |                    5.00 |    192 |    10.9458 |
|        1 |         26 |           982.10 |       978.45 |       979.05 |                  5.00 |                    5.00 |    192 |    11.0305 |
|        1 |         27 |           982.10 |       978.45 |       979.44 |                  5.00 |                    5.00 |    192 |    11.1362 |
|        1 |          0 |           980.60 |       978.45 |       980.60 |                  5.52 |                    5.00 |    192 |    11.2558 |
|        1 |          1 |           980.60 |       978.45 |       980.24 |                  5.00 |                    6.59 |    192 |    11.3321 |
|        1 |          2 |           980.60 |       978.45 |       980.60 |                  6.27 |                    5.54 |    192 |    11.4349 |
|        1 |          0 |           979.80 |       978.45 |       979.80 |                  5.00 |                    5.00 |    195 |    11.5773 |
|        1 |          1 |           979.80 |       978.45 |       982.80 |                  5.57 |                    6.15 |    196 |    11.6238 |
|        1 |          2 |           979.80 |       978.45 |       980.95 |                 10.65 |                    6.50 |    200 |    11.7181 |
|        1 |          3 |           979.80 |       978.45 |       989.20 |                  5.65 |                    5.00 |    204 |    11.8177 |
|        1 |          4 |           979.80 |       978.45 |       989.20 |                  5.00 |                    5.00 |    204 |    11.8826 |
|        1 |          5 |           979.80 |       978.45 |       989.20 |                  5.00 |                    5.00 |    204 |    11.9736 |
|        1 |          6 |           979.80 |       978.45 |       989.90 |                  5.00 |                    5.00 |    205 |    12.0662 |
|        1 |          7 |           979.80 |       978.45 |       988.16 |                  5.00 |                    5.00 |    207 |    12.1758 |
|        1 |          8 |           979.80 |       978.45 |       992.70 |                  5.00 |                    5.00 |    208 |    12.2646 |
|        1 |          9 |           979.80 |       978.45 |       993.90 |                  5.00 |                    5.00 |    209 |    12.3447 |
|        1 |         10 |           979.80 |       978.45 |       987.30 |                  5.00 |                    5.00 |    212 |    12.4463 |
|        1 |         11 |           979.80 |       978.45 |       986.80 |                  5.75 |                    5.00 |    215 |    12.5141 |
|        1 |         12 |           979.80 |       978.45 |       994.40 |                  6.10 |                    5.00 |    217 |    12.6760 |
|        1 |         13 |           979.80 |       978.45 |       991.80 |                  5.00 |                    5.00 |    217 |    12.7447 |
|        1 |         14 |           979.80 |       978.45 |      1019.85 |                  5.00 |                    5.26 |    223 |    12.8558 |
|        1 |         15 |           979.80 |       978.45 |      1042.90 |                  5.00 |                    5.00 |    229 |    12.9585 |
|        1 |         16 |           979.80 |       978.45 |      1021.10 |                  5.00 |                    5.00 |    234 |    13.0530 |
|        1 |         17 |           979.80 |       978.45 |      1022.26 |                  5.00 |                    7.19 |    238 |    13.3443 |
|        1 |         18 |           979.80 |       978.45 |      1024.68 |                  5.00 |                   10.39 |    239 |    13.4305 |
|        1 |         19 |           979.80 |       978.45 |      1025.91 |                  5.00 |                    8.30 |    239 |    13.5733 |
|        1 |         20 |           979.80 |       978.45 |      1019.95 |                  5.47 |                   16.83 |    243 |    13.7092 |
|        1 |         21 |           979.80 |       978.45 |      1019.44 |                  6.41 |                   23.55 |    243 |    13.8277 |
|        1 |         22 |           979.80 |       978.45 |      1027.30 |                  5.00 |                   11.89 |    247 |    13.9104 |
|        1 |         23 |           979.80 |       978.45 |      1027.30 |                  5.00 |                    5.00 |    247 |    14.0325 |
|        1 |         24 |           979.80 |       978.45 |      1027.20 |                  7.08 |                    5.00 |    249 |    14.1604 |
|        1 |         25 |           979.80 |       978.45 |      1027.37 |                  9.27 |                    9.74 |    254 |    14.3733 |
|        1 |         26 |           979.80 |       978.45 |      1021.90 |                  5.58 |                    5.00 |    259 |    14.6300 |
|        1 |         27 |           979.80 |       978.45 |      1022.02 |                  7.07 |                    8.06 |    259 |    14.7238 |
|        1 |         28 |           979.80 |       978.45 |      1022.28 |                 13.89 |                   16.48 |    259 |    14.8623 |
|        1 |         29 |           979.80 |       978.45 |      1014.20 |                  5.00 |                    5.00 |    265 |    15.1871 |
|        1 |         30 |           979.80 |       978.45 |      1011.05 |                  5.00 |                    5.00 |    267 |    15.3155 |
|        1 |         31 |           979.80 |       978.45 |      1007.80 |                  5.00 |                    5.45 |    268 |    15.4315 |
|        1 |         32 |           979.80 |       978.45 |      1005.50 |                  5.00 |                    5.85 |    269 |    15.5919 |
|        1 |         33 |           979.80 |       978.45 |      1006.40 |                  5.26 |                    5.00 |    270 |    15.7076 |
|        1 |         34 |           979.80 |       978.45 |      1005.57 |                  7.74 |                    7.74 |    270 |    15.7994 |
|        1 |         35 |           979.80 |       978.45 |      1006.40 |                  5.00 |                    5.00 |    270 |    15.8935 |
|        1 |         36 |           979.80 |       978.45 |      1006.36 |                  5.80 |                    5.67 |    270 |    16.0199 |
|        1 |         37 |           979.80 |       978.45 |      1006.33 |                  5.00 |                    5.76 |    270 |    16.1241 |
|        1 |         38 |           979.80 |       978.45 |      1005.97 |                  5.00 |                    5.00 |    270 |    16.2180 |
|        1 |         39 |           979.80 |       978.45 |      1012.10 |                  5.00 |                    5.79 |    273 |    16.3257 |
|        1 |         40 |           979.80 |       978.45 |      1019.85 |                  5.00 |                    6.75 |    278 |    16.4697 |
|        1 |         41 |           979.80 |       978.45 |      1016.84 |                 16.34 |                    6.44 |    283 |    16.6383 |
|        1 |         42 |           979.80 |       978.45 |      1002.80 |                  5.00 |                    5.00 |    287 |    16.9372 |
|        1 |         43 |           979.80 |       978.45 |      1000.10 |                  5.00 |                    5.00 |    290 |    17.0389 |
|        1 |         44 |           979.80 |       978.45 |      1000.10 |                  5.00 |                    5.00 |    291 |    17.1246 |
|        1 |         45 |           979.80 |       978.45 |      1003.70 |                  5.00 |                    5.00 |    292 |    17.2405 |
|        1 |         46 |           979.80 |       978.45 |      1003.10 |                  5.00 |                    5.00 |    292 |    17.3476 |
|        1 |         47 |           979.80 |       978.45 |      1001.30 |                  5.00 |                    5.00 |    295 |    17.5193 |
|        1 |         48 |           979.80 |       978.45 |      1000.30 |                  5.00 |                    5.00 |    295 |    17.6358 |
|        1 |         49 |           979.80 |       978.45 |       994.30 |                  5.00 |                    5.00 |    297 |    17.7164 |
|        1 |         50 |           979.80 |       978.45 |       995.30 |                  6.59 |                    5.00 |    299 |    17.8090 |
|        1 |         51 |           979.80 |       978.45 |       994.40 |                  5.00 |                    5.00 |    299 |    17.9289 |
|        1 |         52 |           979.80 |       978.45 |       994.40 |                  5.00 |                    5.00 |    299 |    17.9728 |
|        1 |         53 |           979.80 |       978.45 |      1001.00 |                  5.00 |                    5.00 |    299 |    18.0564 |
|        1 |         54 |           979.80 |       978.45 |       997.30 |                  5.00 |                    5.41 |    301 |    18.1979 |
|        1 |         55 |           979.80 |       978.45 |       996.40 |                  5.00 |                    5.69 |    304 |    18.2895 |
|        1 |         56 |           979.80 |       978.45 |      1003.00 |                  7.75 |                    7.35 |    304 |    18.3634 |
|        1 |         57 |           979.80 |       978.45 |      1006.36 |                  8.56 |                    5.00 |    306 |    18.5134 |
|        1 |         58 |           979.80 |       978.45 |       988.10 |                  5.00 |                    5.00 |    309 |    18.6898 |
|        1 |         59 |           979.80 |       978.45 |       997.70 |                  5.00 |                    5.00 |    313 |    18.7510 |
|        1 |         60 |           979.80 |       978.45 |       998.01 |                  6.59 |                   11.77 |    313 |    18.8432 |
|        1 |         61 |           979.80 |       978.45 |       995.42 |                 18.74 |                    5.64 |    313 |    18.9380 |
|        1 |         62 |           979.80 |       978.45 |       990.50 |                 11.39 |                    5.00 |    314 |    19.0849 |
|        1 |         63 |           979.80 |       978.45 |       985.80 |                  5.92 |                    5.00 |    314 |    19.1472 |
|        1 |         64 |           979.80 |       978.45 |       985.80 |                  5.00 |                    5.00 |    314 |    19.2005 |
|        1 |         65 |           979.80 |       978.45 |       984.80 |                  5.00 |                    5.00 |    314 |    19.2587 |
|        1 |         66 |           979.80 |       978.45 |       991.50 |                  5.00 |                    5.00 |    314 |    19.3294 |
|        1 |         67 |           979.80 |       978.45 |       986.50 |                  5.00 |                    5.00 |    315 |    19.4527 |
|        1 |         68 |           979.80 |       978.45 |       990.70 |                  5.00 |                    5.00 |    315 |    19.5559 |
|        1 |         69 |           979.80 |       978.45 |       989.40 |                  5.52 |                    5.00 |    316 |    19.6224 |
|        1 |         70 |           979.80 |       978.45 |       986.50 |                  5.00 |                    5.00 |    316 |    19.8000 |
|        1 |         71 |           979.80 |       978.45 |       996.40 |                  5.00 |                    5.00 |    317 |    19.8457 |
|        1 |         72 |           979.80 |       978.45 |       993.50 |                  5.00 |                    6.81 |    317 |    19.9626 |
------------------------------------------------------------------------------------------------------------------------------------------------
|  Restart |  Iteration |  Best Feas. Cost |    Best Cost |   Curr. Cost |   Penalty Custom Res. |   Penalty Standard Res. |   Pool |   Time (s) |
------------------------------------------------------------------------------------------------------------------------------------------------
|        1 |         73 |           979.80 |       978.45 |       993.50 |                  5.00 |                    5.00 |    317 |    20.0150 |
|        1 |         74 |           979.80 |       978.45 |       993.50 |                  5.84 |                    5.00 |    317 |    20.0886 |
|        1 |         75 |           979.80 |       978.45 |       993.50 |                  5.00 |                    6.66 |    317 |    20.1681 |
|        1 |         76 |           979.80 |       978.45 |       983.60 |                  5.00 |                    5.00 |    317 |    20.2382 |
|        1 |         77 |           979.80 |       978.45 |       983.60 |                  5.00 |                    5.00 |    317 |    20.2888 |
|        1 |         78 |           979.80 |       978.45 |       983.60 |                  5.00 |                    5.00 |    317 |    20.3445 |
|        1 |         79 |           979.80 |       978.45 |       990.20 |                  6.03 |                    5.00 |    317 |    20.4086 |
|        1 |         80 |           979.80 |       978.45 |       987.20 |                  5.00 |                    5.00 |    318 |    20.4627 |
|        1 |         81 |           979.80 |       978.45 |       996.90 |                  5.00 |                    6.61 |    321 |    20.5365 |
|        1 |         82 |           979.80 |       978.45 |       996.90 |                  5.74 |                    5.58 |    321 |    20.5850 |
|        1 |         83 |           979.80 |       978.45 |      1001.10 |                  5.00 |                    5.57 |    323 |    20.6396 |
|        1 |         84 |           979.80 |       978.45 |       995.70 |                  5.00 |                    5.00 |    326 |    20.7255 |
|        1 |         85 |           979.80 |       978.45 |       994.00 |                  5.00 |                    5.00 |    327 |    20.8224 |
|        1 |         86 |           979.80 |       978.45 |       996.00 |                  5.00 |                    5.00 |    331 |    20.9053 |
|        1 |         87 |           979.80 |       978.45 |       996.00 |                  5.00 |                    5.00 |    331 |    20.9635 |
|        1 |         88 |           979.80 |       978.45 |       996.00 |                  5.00 |                    5.00 |    331 |    21.0151 |
|        1 |         89 |           979.80 |       978.45 |       996.00 |                  5.00 |                    5.00 |    331 |    21.0733 |
|        1 |         90 |           979.80 |       978.45 |       996.00 |                  5.00 |                    5.00 |    331 |    21.1499 |
|        1 |         91 |           979.80 |       978.45 |       996.00 |                  5.00 |                    5.00 |    331 |    21.2102 |
|        1 |         92 |           979.80 |       978.45 |       999.40 |                  5.00 |                    5.00 |    332 |    21.2779 |
|        1 |         93 |           979.80 |       978.45 |       998.30 |                  5.00 |                    5.00 |    333 |    21.3927 |
|        1 |         94 |           979.80 |       978.45 |       998.00 |                  8.82 |                    5.00 |    335 |    21.4800 |
|        1 |         95 |           979.80 |       978.45 |       993.90 |                  9.93 |                    5.00 |    336 |    21.6358 |
|        1 |         96 |           979.80 |       978.45 |       996.00 |                  5.00 |                    5.00 |    338 |    21.7265 |
|        1 |         97 |           979.80 |       978.45 |       996.00 |                  5.00 |                    5.00 |    338 |    21.7791 |
|        1 |         98 |           979.80 |       978.45 |      1011.83 |                  6.27 |                    9.74 |    342 |    21.8799 |
|        1 |         99 |           979.80 |       978.45 |      1004.70 |                  5.00 |                    8.84 |    349 |    21.9982 |
|        1 |        100 |           979.80 |       978.45 |       987.80 |                  5.00 |                    5.00 |    349 |    22.2333 |
|        1 |        101 |           979.80 |       978.45 |      1001.80 |                  5.31 |                    5.00 |    351 |    22.2792 |
|        1 |        102 |           979.80 |       978.45 |      1001.80 |                  6.04 |                    5.00 |    351 |    22.3247 |
|        1 |        103 |           979.80 |       978.45 |       999.20 |                  5.00 |                    5.00 |    352 |    22.3771 |
|        1 |        104 |           979.80 |       978.45 |       998.90 |                  5.00 |                    5.00 |    352 |    22.4443 |
|        1 |        105 |           979.80 |       978.45 |       996.70 |                  5.00 |                    5.00 |    352 |    22.5327 |
|        1 |        106 |           979.80 |       978.45 |       993.90 |                  5.00 |                    5.46 |    353 |    22.6265 |
|        1 |        107 |           979.80 |       978.45 |       988.00 |                  5.00 |                    5.00 |    353 |    22.7073 |
|        1 |        108 |           979.80 |       978.45 |       988.00 |                  5.00 |                    5.00 |    353 |    22.7567 |
|        1 |        109 |           979.80 |       978.45 |       989.30 |                  5.00 |                    5.00 |    353 |    22.8091 |
|        1 |        110 |           979.80 |       978.45 |       989.20 |                  5.00 |                    5.00 |    353 |    22.9350 |
|        1 |        111 |           979.80 |       978.45 |       992.10 |                  5.00 |                    5.00 |    355 |    23.0128 |
|        1 |        112 |           979.80 |       978.45 |      1019.40 |                  5.00 |                    5.00 |    359 |    23.0996 |
|        1 |        113 |           979.80 |       978.45 |      1006.90 |                  5.00 |                    5.00 |    363 |    23.1784 |
|        1 |        114 |           979.80 |       978.45 |      1006.00 |                  5.00 |                    5.00 |    363 |    23.2440 |
|        1 |        115 |           979.80 |       978.45 |      1006.00 |                  5.36 |                    5.00 |    363 |    23.2843 |
|        1 |        116 |           979.80 |       978.45 |      1001.70 |                  5.00 |                    5.00 |    365 |    23.3621 |
|        1 |        117 |           979.80 |       978.45 |       997.36 |                  5.00 |                    8.90 |    366 |    23.4202 |
|        1 |        118 |           979.80 |       978.45 |       990.10 |                  5.25 |                    8.58 |    366 |    23.5562 |
|        1 |        119 |           979.80 |       978.45 |       988.80 |                  5.00 |                    5.00 |    366 |    23.6235 |
|        1 |        120 |           979.80 |       978.45 |       988.80 |                  5.00 |                    5.00 |    366 |    23.6857 |
|        1 |        121 |           979.80 |       978.45 |       988.80 |                  5.00 |                    5.00 |    366 |    23.7434 |
|        1 |        122 |           979.80 |       978.45 |       988.80 |                  5.00 |                    5.00 |    366 |    23.8078 |
|        1 |        123 |           979.80 |       978.45 |       986.95 |                  5.00 |                    6.94 |    367 |    23.9505 |
|        1 |        124 |           979.80 |       978.45 |       990.33 |                 12.37 |                    5.00 |    369 |    24.0536 |
|        1 |        125 |           979.80 |       978.45 |       991.20 |                  5.93 |                    5.00 |    369 |    24.1587 |
|        1 |        126 |           979.80 |       978.45 |       993.30 |                  5.00 |                    5.00 |    369 |    24.2058 |
|        1 |        127 |           979.80 |       978.45 |       993.30 |                  5.00 |                    5.00 |    369 |    24.2842 |
|        1 |        128 |           979.80 |       978.45 |       984.60 |                  5.00 |                    5.00 |    369 |    24.3902 |
|        1 |        129 |           979.80 |       978.45 |       984.60 |                  5.00 |                    5.00 |    369 |    24.4533 |
|        1 |        130 |           979.80 |       978.45 |       998.10 |                  7.90 |                    5.00 |    373 |    24.5530 |
|        1 |        131 |           979.80 |       978.45 |       998.10 |                  5.00 |                    5.00 |    373 |    24.6152 |
|        1 |        132 |           979.80 |       978.45 |       989.30 |                  8.31 |                    5.00 |    373 |    24.6882 |
|        1 |        133 |           979.80 |       978.45 |       989.30 |                  6.25 |                    5.00 |    373 |    24.7567 |
|        1 |        134 |           979.80 |       978.45 |       990.40 |                  5.00 |                    5.00 |    373 |    24.8235 |
|        1 |        135 |           979.80 |       978.45 |       996.10 |                  5.00 |                    5.00 |    374 |    24.9274 |
|        1 |        136 |           979.80 |       978.45 |       994.00 |                  6.81 |                    7.23 |    374 |    25.0105 |
|        1 |        137 |           979.80 |       978.45 |       989.90 |                  5.00 |                    5.00 |    374 |    25.1154 |
|        1 |        138 |           979.80 |       978.45 |      1027.40 |                  5.00 |                    5.00 |    377 |    25.1755 |
|        1 |        139 |           979.80 |       978.45 |      1022.60 |                  5.00 |                    5.00 |    379 |    25.2810 |
|        1 |        140 |           979.80 |       978.45 |      1022.60 |                  5.00 |                    5.00 |    379 |    25.3446 |
|        1 |        141 |           979.80 |       978.45 |      1036.40 |                  5.00 |                    5.00 |    382 |    25.3938 |
|        1 |        142 |           979.80 |       978.45 |      1003.60 |                  8.06 |                    5.00 |    385 |    25.6266 |
|        1 |        143 |           979.80 |       978.45 |      1007.80 |                  6.71 |                    5.00 |    386 |    25.6805 |
|        1 |        144 |           979.80 |       978.45 |      1010.76 |                 13.08 |                    5.00 |    389 |    25.7426 |
|        1 |        145 |           979.80 |       978.45 |      1010.60 |                  6.40 |                    5.00 |    389 |    25.8097 |
|        1 |        146 |           979.80 |       978.45 |      1007.00 |                  5.00 |                    5.00 |    389 |    25.9278 |
|        1 |        147 |           979.80 |       978.45 |      1004.82 |                  5.00 |                    5.00 |    392 |    26.0247 |
|        1 |        148 |           979.80 |       978.45 |      1003.95 |                  5.00 |                    5.00 |    392 |    26.0882 |
|        1 |        149 |           979.80 |       978.45 |      1003.85 |                  7.58 |                    5.00 |    393 |    26.1625 |
|        1 |        150 |           979.80 |       978.45 |      1007.01 |                 10.71 |                    5.00 |    393 |    26.2287 |
|        1 |        151 |           979.80 |       978.45 |      1000.87 |                  5.00 |                   10.97 |    395 |    26.3777 |
|        1 |        152 |           979.80 |       978.45 |       994.92 |                  5.00 |                   10.38 |    396 |    26.4694 |
|        1 |        153 |           979.80 |       978.45 |       994.99 |                  5.00 |                    5.84 |    396 |    26.5487 |
|        1 |        154 |           979.80 |       978.45 |       987.42 |                  5.00 |                    6.68 |    396 |    26.6610 |
|        1 |        155 |           979.80 |       978.45 |       990.58 |                  5.00 |                   10.33 |    396 |    26.7424 |
|        1 |        156 |           979.80 |       978.45 |       992.11 |                  5.00 |                   10.42 |    396 |    26.9411 |
|        1 |        157 |           979.80 |       978.45 |       994.28 |                  5.10 |                   10.17 |    396 |    27.0095 |
|        1 |        158 |           979.80 |       978.45 |       993.70 |                  5.00 |                    5.51 |    400 |    27.0703 |
|        1 |        159 |           979.80 |       978.45 |       990.30 |                  5.00 |                    5.00 |    401 |    27.1542 |
|        1 |        160 |           979.80 |       978.45 |       988.52 |                  5.00 |                    7.88 |    402 |    27.3156 |
|        1 |        161 |           979.80 |       978.45 |       989.04 |                  5.00 |                   10.18 |    402 |    27.4054 |
|        1 |        162 |           979.80 |       978.45 |       989.44 |                  5.00 |                    9.94 |    402 |    27.4863 |
|        1 |        163 |           979.80 |       978.45 |       995.90 |                  5.00 |                    9.79 |    404 |    27.5815 |
|        1 |        164 |           979.80 |       978.45 |       993.79 |                  5.00 |                   10.23 |    404 |    27.6945 |
|        1 |        165 |           979.80 |       978.45 |       992.10 |                  5.00 |                   10.46 |    405 |    27.8556 |
|        1 |        166 |           979.80 |       978.45 |      1009.16 |                  5.00 |                   10.45 |    409 |    28.0610 |
|        1 |        167 |           979.80 |       978.45 |      1004.80 |                  5.00 |                    5.00 |    409 |    28.1318 |
|        1 |        168 |           979.80 |       978.45 |       999.90 |                  5.00 |                    5.00 |    411 |    28.2642 |
|        1 |        169 |           979.80 |       978.45 |       999.90 |                  5.00 |                    6.16 |    411 |    28.3449 |
|        1 |        170 |           979.80 |       978.45 |      1004.30 |                  5.00 |                    5.00 |    411 |    28.4154 |
|        1 |        171 |           979.80 |       978.45 |      1004.30 |                  5.00 |                    5.00 |    411 |    28.4774 |
|        1 |        172 |           979.80 |       978.45 |      1000.40 |                  5.00 |                    5.00 |    414 |    28.5543 |
|        1 |        173 |           979.80 |       978.45 |      1010.60 |                  5.00 |                    5.00 |    417 |    28.6100 |
|        1 |        174 |           979.80 |       978.45 |      1010.60 |                  5.00 |                    5.00 |    417 |    28.6682 |
|        1 |        175 |           979.80 |       978.45 |       999.90 |                  5.00 |                    5.00 |    417 |    28.7505 |
|        1 |        176 |           979.80 |       978.45 |       999.90 |                  5.00 |                    5.00 |    417 |    28.8029 |
|        1 |        177 |           979.80 |       978.45 |       999.90 |                  5.00 |                    5.00 |    417 |    28.8567 |
|        1 |        178 |           979.80 |       978.45 |       999.90 |                  5.00 |                    5.00 |    417 |    28.9206 |
|        1 |        179 |           979.80 |       978.45 |       999.90 |                  5.00 |                    5.00 |    417 |    28.9837 |
|        1 |        180 |           979.80 |       978.45 |       999.90 |                  5.00 |                    5.00 |    420 |    29.1135 |
|        1 |        181 |           979.80 |       978.45 |       999.90 |                  5.00 |                    5.00 |    420 |    29.1666 |
|        1 |        182 |           979.80 |       978.45 |       999.90 |                  7.30 |                    5.00 |    420 |    29.2232 |
|        1 |        183 |           979.80 |       978.45 |      1008.76 |                  5.00 |                    5.00 |    424 |    29.3259 |
|        1 |        184 |           979.80 |       978.45 |      1020.82 |                  5.00 |                    5.00 |    426 |    29.3786 |
|        1 |        185 |           979.80 |       978.45 |      1019.54 |                  5.00 |                    7.90 |    426 |    29.4306 |
|        1 |        186 |           979.80 |       978.45 |      1011.40 |                  5.00 |                    8.02 |    430 |    29.5346 |
|        1 |        187 |           979.80 |       978.45 |      1011.19 |                  5.00 |                   11.11 |    430 |    29.6006 |
|        1 |        188 |           979.80 |       978.45 |      1002.00 |                  5.00 |                    5.00 |    431 |    29.7017 |
|        1 |        189 |           979.80 |       978.45 |      1003.70 |                  5.00 |                    5.00 |    431 |    29.7653 |
|        1 |        190 |           979.80 |       978.45 |      1000.60 |                  5.00 |                    5.92 |    433 |    29.8624 |
|        1 |        191 |           979.80 |       978.45 |      1010.20 |                  5.57 |                    5.00 |    436 |    29.9511 |
|        1 |        192 |           979.80 |       978.45 |      1008.50 |                  5.00 |                    5.00 |    439 |    30.0591 |
|        1 |        193 |           979.80 |       978.45 |      1012.25 |                  5.00 |                    9.93 |    441 |    30.1247 |
|        1 |        194 |           979.80 |       978.45 |      1005.20 |                  5.00 |                    5.00 |    442 |    30.2121 |
|        1 |        195 |           979.80 |       978.45 |       995.30 |                  5.00 |                    5.00 |    443 |    30.2743 |
|        1 |        196 |           979.80 |       978.45 |      1018.11 |                  9.84 |                    5.00 |    444 |    30.3358 |
|        1 |        197 |           979.80 |       978.45 |       998.50 |                  5.00 |                    5.00 |    445 |    30.4585 |
|        1 |        198 |           979.80 |       978.45 |       989.50 |                  5.00 |                    5.00 |    445 |    30.6308 |
|        1 |        199 |           979.80 |       978.45 |       989.50 |                  5.00 |                    5.00 |    445 |    30.6914 |
|        1 |        200 |           979.80 |       978.45 |       988.70 |                  5.80 |                    5.00 |    445 |    30.7680 |
|        1 |        201 |           979.80 |       978.45 |       989.50 |                  5.00 |                    5.00 |    446 |    30.8341 |
|        1 |        202 |           979.80 |       978.45 |       989.50 |                  5.00 |                    5.00 |    446 |    30.9065 |
|        1 |        203 |           979.80 |       978.45 |       997.70 |                  5.00 |                    5.00 |    446 |    30.9543 |
|        1 |        204 |           979.80 |       978.45 |       997.70 |                  5.00 |                    5.00 |    446 |    31.0036 |
|        1 |        205 |           979.80 |       978.45 |       997.40 |                  5.00 |                    5.00 |    446 |    31.0555 |
|        1 |        206 |           979.80 |       978.45 |      1005.90 |                  8.39 |                    6.54 |    449 |    31.2513 |
|        1 |        207 |           979.80 |       978.45 |      1012.80 |                  5.00 |                    5.00 |    452 |    31.3370 |
|        1 |        208 |           979.80 |       978.45 |      1009.00 |                  7.90 |                    6.35 |    453 |    31.3972 |
|        1 |        209 |           979.80 |       978.45 |       998.90 |                  5.00 |                    5.00 |    454 |    31.5222 |
|        1 |        210 |           979.80 |       978.45 |       998.90 |                  5.00 |                    5.00 |    454 |    31.5832 |
|        1 |        211 |           979.80 |       978.45 |       993.50 |                  5.00 |                    5.69 |    454 |    31.6442 |
|        1 |        212 |           979.80 |       978.45 |      1005.70 |                  5.00 |                    5.00 |    455 |    31.7366 |
|        1 |        213 |           979.80 |       978.45 |      1001.50 |                  5.00 |                    5.00 |    456 |    31.8509 |
|        1 |        214 |           979.80 |       978.45 |      1006.60 |                  7.30 |                    5.00 |    457 |    31.9136 |
|        1 |        215 |           979.80 |       978.45 |       992.70 |                  5.00 |                    5.00 |    460 |    31.9851 |
|        1 |        216 |           979.80 |       978.45 |      1003.10 |                  5.00 |                    5.00 |    462 |    32.1077 |
|        1 |        217 |           979.80 |       978.45 |       991.10 |                  5.00 |                    5.00 |    463 |    32.1855 |
|        1 |        218 |           979.80 |       978.45 |       991.10 |                  5.00 |                    5.00 |    463 |    32.2370 |
|        1 |        219 |           979.80 |       978.45 |      1020.23 |                  5.00 |                    6.21 |    467 |    32.3948 |
|        1 |        220 |           979.80 |       978.45 |      1018.90 |                  5.26 |                    5.00 |    472 |    32.5040 |
|        1 |        221 |           979.80 |       978.45 |      1003.50 |                  5.00 |                    5.00 |    476 |    32.5803 |
|        1 |        222 |           979.80 |       978.45 |      1010.30 |                  5.00 |                    5.00 |    479 |    32.7151 |
|        1 |        223 |           979.80 |       978.45 |      1010.30 |                  5.00 |                    5.00 |    479 |    32.8191 |
|        1 |        224 |           979.80 |       978.45 |      1012.80 |                  6.22 |                    5.00 |    484 |    33.0074 |
|        1 |        225 |           979.80 |       978.45 |      1012.80 |                  5.00 |                    5.00 |    484 |    33.0736 |
|        1 |        226 |           979.80 |       978.45 |      1011.90 |                  5.00 |                    5.00 |    486 |    33.1653 |
|        1 |        227 |           979.80 |       978.45 |      1010.51 |                  8.99 |                    5.00 |    488 |    33.2351 |
|        1 |        228 |           979.80 |       978.45 |      1011.80 |                  5.00 |                    5.31 |    490 |    33.2998 |
|        1 |        229 |           979.80 |       978.45 |       998.10 |                  5.31 |                    5.00 |    492 |    33.6365 |
|        1 |        230 |           979.80 |       978.45 |       991.50 |                  5.00 |                    5.00 |    492 |    33.7030 |
|        1 |        231 |           979.80 |       978.45 |       992.40 |                  5.00 |                    5.00 |    492 |    33.7756 |
|        1 |        232 |           979.80 |       978.45 |       992.40 |                  5.00 |                    5.00 |    492 |    33.8293 |
|        1 |        233 |           979.80 |       978.45 |       987.80 |                  5.00 |                    5.00 |    492 |    33.8920 |
|        1 |        234 |           979.80 |       978.45 |      1024.50 |                  8.82 |                    5.00 |    493 |    34.0121 |
|        1 |        235 |           979.80 |       978.45 |      1026.50 |                  5.00 |                    5.00 |    493 |    34.0745 |
|        1 |        236 |           979.80 |       978.45 |      1024.50 |                  6.22 |                    5.00 |    495 |    34.1343 |
|        1 |        237 |           979.80 |       978.45 |      1024.50 |                  5.00 |                    5.00 |    495 |    34.1991 |
|        1 |        238 |           979.80 |       978.45 |       998.30 |                  5.00 |                    5.00 |    495 |    34.2870 |
|        1 |        239 |           979.80 |       978.45 |      1005.40 |                  5.00 |                    5.00 |    498 |    34.3545 |
|        1 |        240 |           979.80 |       978.45 |       998.10 |                  9.64 |                    5.00 |    503 |    34.4975 |
|        1 |        241 |           979.80 |       978.45 |       998.10 |                  5.28 |                    5.00 |    503 |    34.5563 |
|        1 |        242 |           979.80 |       978.45 |      1009.40 |                  5.00 |                    5.00 |    505 |    34.6170 |
|        1 |        243 |           979.80 |       978.45 |       991.60 |                  5.00 |                    5.00 |    505 |    34.6913 |
|        1 |        244 |           979.80 |       978.45 |       991.60 |                  5.00 |                    5.00 |    505 |    34.7455 |
|        1 |        245 |           979.80 |       978.45 |       998.20 |                  5.00 |                    5.00 |    505 |    34.8052 |
|        1 |        246 |           979.80 |       978.45 |       993.00 |                  5.00 |                    5.00 |    506 |    34.9049 |
|        1 |        247 |           979.80 |       978.45 |       992.20 |                  5.00 |                    5.00 |    507 |    35.0083 |
|        1 |        248 |           979.80 |       978.45 |       986.50 |                  5.00 |                    6.35 |    507 |    35.0735 |
|        1 |        249 |           979.80 |       978.45 |       992.80 |                  8.73 |                    7.44 |    508 |    35.1435 |
|        1 |        250 |           979.80 |       978.45 |       988.10 |                  5.00 |                    5.00 |    509 |    35.2271 |
|        1 |        251 |           979.80 |       978.45 |       987.80 |                  5.00 |                    5.00 |    509 |    35.2772 |
|        1 |        252 |           979.80 |       978.45 |       985.30 |                  5.00 |                    5.00 |    509 |    35.3500 |
|        1 |        253 |           979.80 |       978.45 |      1005.95 |                  5.00 |                    5.00 |    514 |    35.5409 |
|        1 |        254 |           979.80 |       978.45 |       999.80 |                  5.00 |                    5.00 |    518 |    35.6466 |
|        1 |        255 |           979.80 |       978.45 |       999.80 |                  5.92 |                    5.00 |    518 |    35.7253 |
|        1 |        256 |           979.80 |       978.45 |       998.10 |                  5.00 |                    5.00 |    519 |    35.7941 |
|        1 |        257 |           979.80 |       978.45 |       997.90 |                  5.00 |                    5.00 |    520 |    35.9117 |
|        1 |        258 |           979.80 |       978.45 |       997.90 |                  5.00 |                    5.30 |    520 |    35.9721 |
|        1 |        259 |           979.80 |       978.45 |       997.90 |                  5.58 |                    5.69 |    520 |    36.0521 |
|        1 |        260 |           979.80 |       978.45 |      1013.60 |                  5.00 |                    5.00 |    522 |    36.1149 |
|        1 |        261 |           979.80 |       978.45 |      1013.10 |                  7.90 |                    5.00 |    526 |    36.2215 |
|        1 |        262 |           979.80 |       978.45 |      1009.30 |                  5.00 |                    5.00 |    528 |    36.3076 |
|        1 |        263 |           979.80 |       978.45 |       996.50 |                  6.94 |                    5.31 |    529 |    36.3802 |
|        1 |        264 |           979.80 |       978.45 |       996.60 |                  5.00 |                    5.00 |    529 |    36.4293 |
|        1 |        265 |           979.80 |       978.45 |       986.10 |                  5.00 |                    5.00 |    529 |    36.6336 |
|        1 |        266 |           979.80 |       978.45 |       986.10 |                  5.00 |                    5.00 |    529 |    36.7000 |
|        1 |        267 |           979.80 |       978.45 |       986.10 |                  5.00 |                    5.00 |    529 |    36.7600 |
|        1 |        268 |           979.80 |       978.45 |       992.70 |                  5.00 |                    5.00 |    529 |    36.8431 |
|        1 |        269 |           979.80 |       978.45 |       988.60 |                  6.94 |                    5.00 |    530 |    36.9424 |
|        1 |        270 |           979.80 |       978.45 |       988.60 |                  5.41 |                    5.00 |    530 |    36.9933 |
|        1 |        271 |           979.80 |       978.45 |       990.60 |                  5.00 |                    5.00 |    532 |    37.0460 |
|        1 |        272 |           979.80 |       978.45 |       986.80 |                  8.22 |                    5.00 |    532 |    37.1391 |
|        1 |        273 |           979.80 |       978.45 |       991.60 |                  5.00 |                    5.00 |    533 |    37.2042 |
|        1 |        274 |           979.80 |       978.45 |       993.40 |                  5.00 |                    5.00 |    534 |    37.2671 |
|        1 |        275 |           979.80 |       978.45 |       993.80 |                  5.00 |                    5.00 |    534 |    37.3505 |
|        1 |        276 |           979.80 |       978.45 |       997.70 |                  5.00 |                    5.00 |    534 |    37.4141 |
|        1 |        277 |           979.80 |       978.45 |       996.90 |                  5.00 |                    5.00 |    537 |    37.4676 |
|        1 |        278 |           979.80 |       978.45 |       996.90 |                  5.00 |                    5.00 |    537 |    37.5227 |
|        1 |        279 |           979.80 |       978.45 |       996.90 |                  5.00 |                    5.00 |    537 |    37.5638 |
|        1 |        280 |           979.80 |       978.45 |       995.90 |                  5.00 |                    5.00 |    537 |    37.6359 |
|        1 |        281 |           979.80 |       978.45 |       995.90 |                  5.00 |                    5.00 |    537 |    37.6880 |
|        1 |        282 |           979.80 |       978.45 |       995.90 |                  5.63 |                    5.00 |    537 |    37.7742 |
|        1 |        283 |           979.80 |       978.45 |       997.30 |                  5.00 |                    5.00 |    539 |    37.8558 |
|        1 |        284 |           979.80 |       978.45 |       990.80 |                  5.00 |                    5.00 |    540 |    37.9773 |
|        1 |        285 |           979.80 |       978.45 |       990.70 |                  5.00 |                    5.00 |    541 |    38.0586 |
|        1 |        286 |           979.80 |       978.45 |       990.70 |                  5.00 |                    5.00 |    541 |    38.1017 |
|        1 |        287 |           979.80 |       978.45 |       999.60 |                  5.00 |                    5.00 |    544 |    38.2845 |
|        1 |        288 |           979.80 |       978.45 |       999.60 |                  5.00 |                    5.41 |    544 |    38.3590 |
|        1 |        289 |           979.80 |       978.45 |       996.90 |                  5.00 |                    5.00 |    545 |    38.4581 |
|        1 |        290 |           979.80 |       978.45 |      1027.30 |                  5.92 |                    5.00 |    548 |    38.5428 |
|        1 |        291 |           979.80 |       978.45 |      1022.00 |                  5.00 |                    5.00 |    551 |    38.6615 |
|        1 |        292 |           979.80 |       978.45 |      1004.80 |                  5.00 |                    5.62 |    552 |    38.7828 |
|        1 |        293 |           979.80 |       978.45 |      1005.47 |                  5.00 |                   13.22 |    552 |    38.8740 |
|        1 |        294 |           979.80 |       978.45 |      1005.60 |                  5.00 |                    9.28 |    555 |    38.9472 |
|        1 |        295 |           979.80 |       978.45 |      1010.00 |                  5.00 |                    5.00 |    555 |    39.0390 |
|        1 |        296 |           979.80 |       978.45 |      1006.90 |                  5.00 |                    5.00 |    556 |    39.2088 |
|        1 |        297 |           979.80 |       978.45 |      1006.90 |                  5.00 |                    5.00 |    556 |    39.2697 |
|        1 |        298 |           979.80 |       978.45 |      1002.10 |                  5.00 |                    5.00 |    557 |    39.3583 |
|        1 |        299 |           979.80 |       978.45 |      1002.10 |                  5.00 |                    5.00 |    557 |    39.4098 |
|        1 |        300 |           979.80 |       978.45 |      1002.10 |                  5.00 |                    5.00 |    557 |    39.4708 |
|        1 |        301 |           979.80 |       978.45 |      1002.10 |                  5.00 |                    5.00 |    557 |    39.5540 |
|        1 |        302 |           979.80 |       978.45 |      1002.70 |                  5.00 |                    5.00 |    557 |    39.6795 |
|        1 |        303 |           979.80 |       978.45 |       996.20 |                  5.00 |                    5.00 |    557 |    39.8467 |
|        1 |        304 |           979.80 |       978.45 |      1000.30 |                  7.30 |                    5.00 |    557 |    39.9304 |
------------------------------------------------------------------------------------------------------------------------------------------------
|  Restart |  Iteration |  Best Feas. Cost |    Best Cost |   Curr. Cost |   Penalty Custom Res. |   Penalty Standard Res. |   Pool |   Time (s) |
------------------------------------------------------------------------------------------------------------------------------------------------
|        1 |        305 |           979.80 |       978.45 |       999.50 |                  5.00 |                    5.00 |    557 |    40.0108 |
|        1 |        306 |           979.80 |       978.45 |       999.50 |                  5.00 |                    5.00 |    557 |    40.0692 |
|        1 |        307 |           979.80 |       978.45 |       999.50 |                  5.00 |                    5.00 |    557 |    40.1225 |
|        1 |        308 |           979.80 |       978.45 |      1005.86 |                  5.00 |                    5.83 |    561 |    40.2670 |
|        1 |        309 |           979.80 |       978.45 |      1001.40 |                  5.00 |                    5.00 |    561 |    40.3469 |
|        1 |        310 |           979.80 |       978.45 |      1000.50 |                  5.00 |                    5.56 |    561 |    40.4593 |
|        1 |        311 |           979.80 |       978.45 |       997.78 |                  5.00 |                    5.00 |    561 |    40.5459 |
|        1 |        312 |           979.80 |       978.45 |      1000.95 |                  5.00 |                    5.45 |    562 |    40.6324 |
|        1 |        313 |           979.80 |       978.45 |      1006.73 |                  5.00 |                    5.88 |    562 |    40.7114 |
|        1 |        314 |           979.80 |       978.45 |      1004.30 |                  5.00 |                    5.63 |    563 |    40.7967 |
|        1 |        315 |           979.80 |       978.45 |      1006.58 |                  5.00 |                    5.17 |    563 |    40.9050 |
|        1 |        316 |           979.80 |       978.45 |      1006.45 |                  5.00 |                    5.80 |    563 |    40.9902 |
|        1 |        317 |           979.80 |       978.45 |      1003.43 |                  5.00 |                    5.78 |    563 |    41.0825 |
|        1 |        318 |           979.80 |       978.45 |      1001.20 |                  7.66 |                    7.16 |    565 |    41.1839 |
|        1 |        319 |           979.80 |       978.45 |      1002.10 |                  6.35 |                    5.93 |    571 |    41.3435 |
|        1 |        320 |           979.80 |       978.45 |      1034.10 |                  5.00 |                    5.00 |    572 |    41.4050 |
|        1 |        321 |           979.80 |       978.45 |       998.06 |                  5.00 |                    5.00 |    574 |    41.4957 |
|        1 |        322 |           979.80 |       978.45 |       994.90 |                  5.00 |                    5.00 |    574 |    41.5687 |
|        1 |        323 |           979.80 |       978.45 |       994.85 |                  5.00 |                    5.00 |    574 |    41.6232 |
|        1 |        324 |           979.80 |       978.45 |       996.80 |                  5.00 |                    5.00 |    574 |    41.6777 |
|        1 |        325 |           979.80 |       978.45 |      1003.70 |                  5.00 |                    5.00 |    576 |    41.7383 |
|        1 |        326 |           979.80 |       978.45 |      1003.70 |                  5.63 |                    5.00 |    576 |    41.8181 |
|        1 |        327 |           979.80 |       978.45 |       996.80 |                  5.00 |                    5.00 |    578 |    41.9703 |
|        1 |        328 |           979.80 |       978.45 |       996.80 |                  5.00 |                    5.00 |    578 |    42.0196 |
|        1 |        329 |           979.80 |       978.45 |      1001.10 |                  5.00 |                    5.00 |    579 |    42.0906 |
|        1 |        330 |           979.80 |       978.45 |      1001.10 |                  5.00 |                    5.00 |    579 |    42.1502 |
|        1 |        331 |           979.80 |       978.45 |      1001.10 |                  5.00 |                    5.00 |    579 |    42.2125 |
|        1 |        332 |           979.80 |       978.45 |      1001.10 |                  5.00 |                    5.00 |    579 |    42.2605 |
|        1 |        333 |           979.80 |       978.45 |      1002.10 |                  5.00 |                    5.00 |    581 |    42.3504 |
|        1 |        334 |           979.80 |       978.45 |      1002.10 |                  5.00 |                    5.00 |    581 |    42.3978 |
|        1 |        335 |           979.80 |       978.45 |       998.70 |                  5.00 |                    5.00 |    583 |    42.4850 |
|        1 |        336 |           979.80 |       978.45 |       996.80 |                  5.00 |                    5.00 |    583 |    42.5823 |
|        1 |        337 |           979.80 |       978.45 |      1004.30 |                  5.00 |                    5.00 |    585 |    42.6446 |
|        1 |        338 |           979.80 |       978.45 |      1004.30 |                  5.00 |                    5.00 |    585 |    42.6887 |
|        1 |        339 |           979.80 |       978.45 |       998.50 |                  5.00 |                    5.00 |    587 |    42.8028 |
|        1 |        340 |           979.80 |       978.45 |       998.50 |                  5.74 |                    5.00 |    587 |    42.8611 |
|        1 |        341 |           979.80 |       978.45 |       998.50 |                  7.30 |                    5.00 |    587 |    42.9209 |
|        1 |        342 |           979.80 |       978.45 |       998.50 |                  7.49 |                    5.00 |    587 |    42.9922 |
|        1 |        343 |           979.80 |       978.45 |       998.50 |                  5.00 |                    7.15 |    587 |    43.0581 |
|        1 |        344 |           979.80 |       978.45 |      1001.70 |                  5.47 |                    5.00 |    588 |    43.1507 |
|        1 |        345 |           979.80 |       978.45 |       998.50 |                  5.00 |                    5.00 |    588 |    43.2179 |
|        1 |        346 |           979.80 |       978.45 |       995.60 |                  5.00 |                    5.00 |    588 |    43.2843 |
|        1 |        347 |           979.80 |       978.45 |       995.60 |                  5.00 |                    5.00 |    588 |    43.3364 |
|        1 |        348 |           979.80 |       978.45 |       995.60 |                  5.00 |                    5.00 |    588 |    43.3817 |
|        1 |        349 |           979.80 |       978.45 |       995.60 |                  5.00 |                    5.00 |    588 |    43.4410 |
|        1 |        350 |           979.80 |       978.45 |       995.60 |                  5.00 |                    5.00 |    588 |    43.4957 |
|        1 |        351 |           979.80 |       978.45 |       997.60 |                  5.00 |                    5.00 |    588 |    43.5588 |
|        1 |        352 |           979.80 |       978.45 |       997.60 |                  5.00 |                    5.00 |    588 |    43.6389 |
|        1 |        353 |           979.80 |       978.45 |       997.60 |                  6.54 |                    6.54 |    588 |    43.6901 |
|        1 |        354 |           979.80 |       978.45 |       995.60 |                  5.00 |                    5.00 |    590 |    43.7489 |
|        1 |        355 |           979.80 |       978.45 |       995.60 |                  5.00 |                    5.00 |    590 |    43.8026 |
|        1 |        356 |           979.80 |       978.45 |       995.60 |                  5.00 |                    5.00 |    590 |    43.8642 |
|        1 |        357 |           979.80 |       978.45 |       995.60 |                  5.00 |                    5.00 |    590 |    43.9339 |
|        1 |        358 |           979.80 |       978.45 |       995.60 |                  5.00 |                    5.00 |    590 |    43.9874 |
|        1 |        359 |           979.80 |       978.45 |       995.60 |                  7.98 |                    5.00 |    590 |    44.0380 |
|        1 |        360 |           979.80 |       978.45 |       995.60 |                  5.00 |                    5.00 |    590 |    44.1013 |
|        1 |        361 |           979.80 |       978.45 |       996.80 |                  5.00 |                    5.00 |    590 |    44.1751 |
|        1 |        362 |           979.80 |       978.45 |      1010.60 |                  9.27 |                    5.00 |    593 |    44.2349 |
|        1 |        363 |           979.80 |       978.45 |      1015.34 |                 17.34 |                    5.00 |    593 |    44.2969 |
|        1 |        364 |           979.80 |       978.45 |      1000.40 |                  5.00 |                    5.00 |    593 |    44.5079 |
|        1 |        365 |           979.80 |       978.45 |      1000.40 |                  5.00 |                    5.00 |    593 |    44.5817 |
|        1 |        366 |           979.80 |       978.45 |      1000.40 |                  5.00 |                    5.00 |    593 |    44.6482 |
|        1 |        367 |           979.80 |       978.45 |      1000.40 |                  5.00 |                    5.00 |    593 |    44.6990 |
|        1 |        368 |           979.80 |       978.45 |       999.53 |                  5.52 |                    7.01 |    595 |    44.7740 |
|        1 |        369 |           979.80 |       978.45 |      1000.20 |                  5.00 |                    5.88 |    595 |    44.8597 |
|        1 |        370 |           979.80 |       978.45 |       999.60 |                  5.00 |                    5.85 |    596 |    44.9656 |
|        1 |        371 |           979.80 |       978.45 |      1000.14 |                  5.00 |                    5.59 |    596 |    45.0769 |
|        1 |        372 |           979.80 |       978.45 |       999.44 |                  5.00 |                    5.00 |    596 |    45.1792 |
|        1 |        373 |           979.80 |       978.45 |       995.76 |                  5.00 |                    5.62 |    596 |    45.2556 |
|        1 |        374 |           979.80 |       978.45 |       996.06 |                  5.00 |                    7.11 |    596 |    45.3594 |
|        1 |        375 |           979.80 |       978.45 |       996.09 |                  5.00 |                    5.62 |    596 |    45.4766 |
|        1 |        376 |           979.80 |       978.45 |       998.72 |                  5.00 |                    6.13 |    597 |    45.5248 |
|        1 |        377 |           979.80 |       978.45 |       998.80 |                  5.00 |                    5.00 |    597 |    45.5934 |
|        1 |        378 |           979.80 |       978.45 |       997.63 |                  6.93 |                    5.00 |    597 |    45.7343 |
|        1 |        379 |           979.80 |       978.45 |       993.40 |                  5.52 |                    6.04 |    597 |    45.8144 |
|        1 |        380 |           979.80 |       978.45 |      1003.01 |                  5.00 |                   11.76 |    598 |    45.8788 |
|        1 |        381 |           979.80 |       978.45 |      1003.50 |                  5.00 |                    6.31 |    601 |    45.9327 |
|        1 |        382 |           979.80 |       978.45 |      1003.50 |                  5.00 |                    5.00 |    601 |    45.9873 |
|        1 |        383 |           979.80 |       978.45 |      1013.60 |                  5.00 |                    5.00 |    604 |    46.1477 |
|        1 |        384 |           979.80 |       978.45 |      1003.40 |                  5.00 |                    5.26 |    605 |    46.2961 |
|        1 |        385 |           979.80 |       978.45 |       997.50 |                  5.00 |                    5.00 |    605 |    46.3614 |
|        1 |        386 |           979.80 |       978.45 |       996.90 |                  5.00 |                    5.00 |    606 |    46.4207 |
|        1 |        387 |           979.80 |       978.45 |       996.90 |                  7.98 |                    5.00 |    606 |    46.4817 |
|        1 |        388 |           979.80 |       978.45 |      1036.40 |                 12.47 |                    5.00 |    609 |    46.5470 |
|        1 |        389 |           979.80 |       978.45 |      1036.40 |                  6.62 |                    5.00 |    609 |    46.6022 |
|        1 |        390 |           979.80 |       978.45 |      1005.79 |                  5.19 |                    5.35 |    610 |    46.8109 |
|        1 |        391 |           979.80 |       978.45 |      1005.45 |                  5.18 |                    7.06 |    610 |    46.8541 |
|        1 |        392 |           979.80 |       978.45 |      1003.63 |                  9.50 |                    5.00 |    610 |    46.9107 |
|        1 |        393 |           979.80 |       978.45 |      1002.10 |                  5.52 |                   10.24 |    611 |    46.9751 |
|        1 |        394 |           979.80 |       978.45 |       999.66 |                  5.69 |                    5.00 |    611 |    47.1140 |
|        1 |        395 |           979.80 |       978.45 |      1005.63 |                  6.08 |                    5.63 |    612 |    47.1942 |
|        1 |        396 |           979.80 |       978.45 |      1000.20 |                  5.00 |                    5.50 |    612 |    47.3510 |
|        1 |        397 |           979.80 |       978.45 |       999.20 |                  5.00 |                    5.00 |    612 |    47.4581 |
|        1 |        398 |           979.80 |       978.45 |      1008.42 |                 10.44 |                   15.23 |    614 |    47.6089 |
|        1 |        399 |           979.80 |       978.45 |      1005.15 |                  5.00 |                   23.92 |    614 |    47.7855 |
|        1 |        400 |           979.80 |       978.45 |      1005.79 |                  5.00 |                   27.94 |    614 |    47.8733 |
|        1 |        401 |           979.80 |       978.45 |      1014.87 |                  7.90 |                   17.73 |    616 |    47.9687 |
|        1 |        402 |           979.80 |       978.45 |      1013.27 |                  5.00 |                   24.34 |    616 |    48.0320 |
|        1 |        403 |           979.80 |       978.45 |      1013.93 |                  5.00 |                   36.23 |    616 |    48.0727 |
|        1 |        404 |           979.80 |       978.45 |      1015.12 |                  5.00 |                   21.46 |    616 |    48.1329 |
|        1 |        405 |           979.80 |       978.45 |      1013.67 |                  5.00 |                   25.10 |    616 |    48.1980 |
|        1 |        406 |           979.80 |       978.45 |      1011.90 |                  5.00 |                   10.15 |    617 |    48.2956 |
|        1 |        407 |           979.80 |       978.45 |      1006.35 |                  5.00 |                    5.00 |    617 |    48.4220 |
|        1 |        408 |           979.80 |       978.45 |      1006.87 |                  5.00 |                    9.73 |    617 |    48.5478 |
|        1 |        409 |           979.80 |       978.45 |      1012.37 |                  5.00 |                   10.40 |    617 |    48.6347 |
|        1 |        410 |           979.80 |       978.45 |      1013.80 |                  5.00 |                   18.12 |    617 |    48.7230 |
|        1 |        411 |           979.80 |       978.45 |      1052.40 |                  5.00 |                   10.96 |    622 |    48.7869 |
|        1 |        412 |           979.80 |       978.45 |      1022.60 |                  5.00 |                    5.00 |    628 |    48.9578 |
|        1 |        413 |           979.80 |       978.45 |      1022.60 |                  5.00 |                    5.00 |    628 |    49.0258 |
|        1 |        414 |           979.80 |       978.45 |      1022.60 |                  5.00 |                    5.00 |    628 |    49.0884 |
|        1 |        415 |           979.80 |       978.45 |      1019.40 |                  5.68 |                    5.00 |    628 |    49.1573 |
|        1 |        416 |           979.80 |       978.45 |      1019.40 |                  5.00 |                    5.00 |    628 |    49.2086 |
|        1 |        417 |           979.80 |       978.45 |      1019.40 |                  5.00 |                    5.00 |    628 |    49.2882 |
|        1 |        418 |           979.80 |       978.45 |      1018.20 |                  5.00 |                    5.00 |    628 |    49.3905 |
|        1 |        419 |           979.80 |       978.45 |      1018.20 |                  5.00 |                    5.00 |    628 |    49.4590 |
|        1 |        420 |           979.80 |       978.45 |      1018.20 |                  5.00 |                    5.00 |    628 |    49.5340 |
|        1 |        421 |           979.80 |       978.45 |      1041.80 |                  5.00 |                    5.00 |    632 |    49.6154 |
|        1 |        422 |           979.80 |       978.45 |      1026.50 |                  5.00 |                    5.00 |    636 |    49.7364 |
|        1 |        423 |           979.80 |       978.45 |      1026.50 |                  5.00 |                    5.15 |    636 |    49.7814 |
|        1 |        424 |           979.80 |       978.45 |      1019.70 |                  5.00 |                    5.00 |    638 |    49.8810 |
|        1 |        425 |           979.80 |       978.45 |      1024.24 |                  5.00 |                    5.76 |    642 |    50.0366 |
|        1 |        426 |           979.80 |       978.45 |      1013.92 |                  5.00 |                    8.49 |    642 |    50.0894 |
|        1 |        427 |           979.80 |       978.45 |       996.50 |                  5.00 |                    6.75 |    642 |    50.2574 |
|        1 |        428 |           979.80 |       978.45 |       996.50 |                  5.58 |                    5.00 |    642 |    50.3242 |
|        1 |        429 |           979.80 |       978.45 |       997.97 |                  5.31 |                    5.63 |    642 |    50.3579 |
|        1 |        430 |           979.80 |       978.45 |       998.80 |                  7.30 |                    5.72 |    642 |    50.4118 |
|        1 |        431 |           979.80 |       978.45 |       990.20 |                  5.00 |                    5.00 |    644 |    50.6054 |
|        1 |        432 |           979.80 |       978.45 |       990.20 |                  5.00 |                    5.00 |    644 |    50.6508 |
|        1 |        433 |           979.80 |       978.45 |       992.40 |                  5.00 |                    5.00 |    644 |    50.7031 |
|        1 |        434 |           979.80 |       978.45 |       992.40 |                  5.41 |                    5.00 |    644 |    50.7639 |
|        1 |        435 |           979.80 |       978.45 |       992.40 |                  5.00 |                    5.00 |    644 |    50.8286 |
|        1 |        436 |           979.80 |       978.45 |       992.40 |                  5.00 |                    5.00 |    644 |    50.8920 |
|        1 |        437 |           979.80 |       978.45 |       994.60 |                  5.00 |                    5.00 |    645 |    50.9333 |
|        1 |        438 |           979.80 |       978.45 |       992.40 |                  6.22 |                    5.00 |    645 |    50.9863 |
|        1 |        439 |           979.80 |       978.45 |       998.77 |                  5.00 |                    9.36 |    645 |    51.0456 |
|        1 |        440 |           979.80 |       978.45 |       996.90 |                  5.00 |                    7.55 |    645 |    51.1205 |
|        1 |        441 |           979.80 |       978.45 |       995.70 |                  5.00 |                    5.00 |    645 |    51.2007 |
|        1 |        442 |           979.80 |       978.45 |       995.94 |                  5.00 |                    8.81 |    646 |    51.2619 |
|        1 |        443 |           979.80 |       978.45 |      1001.12 |                  5.00 |                   15.70 |    646 |    51.3101 |
|        1 |        444 |           979.80 |       978.45 |      1000.40 |                  6.60 |                    8.08 |    647 |    51.3675 |
|        1 |        445 |           979.80 |       978.45 |       999.90 |                  5.00 |                    7.43 |    649 |    51.4411 |
|        1 |        446 |           979.80 |       978.45 |       997.50 |                  5.00 |                    5.73 |    649 |    51.5575 |
|        1 |        447 |           979.80 |       978.45 |       998.40 |                  5.00 |                    5.00 |    649 |    51.6029 |
|        1 |        448 |           979.80 |       978.45 |       997.50 |                  5.00 |                    5.56 |    649 |    51.6755 |
|        1 |        449 |           979.80 |       978.45 |       996.42 |                  5.00 |                    5.75 |    649 |    51.7798 |
|        1 |        450 |           979.80 |       978.45 |       997.17 |                  5.00 |                    5.78 |    650 |    51.8443 |
|        1 |        451 |           979.80 |       978.45 |      1023.00 |                  6.15 |                    5.69 |    653 |    51.9359 |
|        1 |        452 |           979.80 |       978.45 |      1000.00 |                  5.85 |                    5.00 |    653 |    52.0160 |
|        1 |        453 |           979.80 |       978.45 |      1000.70 |                  5.25 |                    5.26 |    655 |    52.1398 |
|        1 |        454 |           979.80 |       978.45 |       998.47 |                  5.00 |                    5.00 |    656 |    52.2056 |
|        1 |        455 |           979.80 |       978.45 |       997.00 |                  5.08 |                    5.19 |    657 |    52.2832 |
|        1 |        456 |           979.80 |       978.45 |       997.00 |                  5.00 |                    5.00 |    657 |    52.3486 |
|        1 |        457 |           979.80 |       978.45 |      1003.70 |                  5.00 |                    5.00 |    663 |    52.5886 |
|        1 |        458 |           979.80 |       978.45 |      1003.70 |                  5.00 |                    5.00 |    663 |    52.6518 |
|        1 |        459 |           979.80 |       978.45 |      1003.70 |                  5.00 |                    5.00 |    663 |    52.7253 |
|        1 |        460 |           979.80 |       978.45 |      1012.90 |                  5.00 |                    5.00 |    665 |    52.7785 |
|        1 |        461 |           979.80 |       978.45 |      1012.90 |                  5.00 |                    6.04 |    665 |    52.8580 |
|        1 |        462 |           979.80 |       978.45 |      1007.10 |                  5.00 |                    5.00 |    670 |    52.9816 |
|        1 |        463 |           979.80 |       978.45 |      1003.60 |                  5.00 |                    5.00 |    673 |    53.0766 |
|        1 |        464 |           979.80 |       978.45 |      1053.00 |                  7.15 |                    5.00 |    674 |    53.1355 |
|        1 |        465 |           979.80 |       978.45 |      1036.00 |                  5.00 |                    5.00 |    677 |    53.2668 |
|        1 |        466 |           979.80 |       978.45 |      1036.80 |                  5.00 |                    5.00 |    678 |    53.3103 |
|        1 |        467 |           979.80 |       978.45 |      1036.80 |                  5.00 |                    5.00 |    678 |    53.3799 |
|        1 |        468 |           979.80 |       978.45 |      1033.90 |                  5.00 |                    5.00 |    680 |    53.4499 |
|        1 |        469 |           979.80 |       978.45 |      1033.00 |                  8.31 |                    5.00 |    683 |    53.5427 |
|        1 |        470 |           979.80 |       978.45 |      1031.40 |                  5.23 |                    7.52 |    683 |    53.5861 |
|        1 |        471 |           979.80 |       978.45 |      1016.60 |                  5.00 |                    5.53 |    685 |    53.7101 |
|        1 |        472 |           979.80 |       978.45 |      1018.19 |                  5.00 |                    5.45 |    688 |    53.7782 |
|        1 |        473 |           979.80 |       978.45 |      1012.77 |                  5.00 |                   10.05 |    688 |    53.9375 |
|        1 |        474 |           979.80 |       978.45 |      1020.33 |                  5.00 |                    5.89 |    688 |    54.0021 |
|        1 |        475 |           979.80 |       978.45 |      1013.60 |                  5.00 |                    5.47 |    691 |    54.1385 |
|        1 |        476 |           979.80 |       978.45 |      1011.05 |                  5.41 |                    6.12 |    692 |    54.3091 |
|        1 |        477 |           979.80 |       978.45 |      1034.93 |                  5.00 |                    5.00 |    695 |    54.3944 |
|        1 |        478 |           979.80 |       978.45 |      1034.30 |                  5.00 |                    5.79 |    695 |    54.4429 |
|        1 |        479 |           979.80 |       978.45 |      1010.70 |                  5.00 |                    5.00 |    697 |    54.6243 |
|        1 |        480 |           979.80 |       978.45 |      1005.20 |                  5.00 |                    5.00 |    698 |    54.7181 |
|        1 |        481 |           979.80 |       978.45 |      1005.20 |                  5.00 |                    5.00 |    698 |    54.7659 |
|        1 |        482 |           979.80 |       978.45 |      1005.20 |                  5.00 |                    5.00 |    698 |    54.8331 |
|        1 |        483 |           979.80 |       978.45 |      1003.60 |                  5.00 |                    5.00 |    700 |    54.9296 |
|        1 |        484 |           979.80 |       978.45 |      1003.60 |                  5.00 |                    5.00 |    700 |    55.0078 |
|        1 |        485 |           979.80 |       978.45 |      1003.60 |                  5.00 |                    5.00 |    700 |    55.0683 |
|        1 |        486 |           979.80 |       978.45 |      1004.60 |                  5.00 |                    5.00 |    701 |    55.1516 |
|        1 |        487 |           979.80 |       978.45 |      1004.60 |                  5.00 |                    5.00 |    701 |    55.2060 |
|        1 |        488 |           979.80 |       978.45 |      1004.60 |                  5.00 |                    5.00 |    701 |    55.2711 |
|        1 |        489 |           979.80 |       978.45 |      1004.20 |                  5.00 |                    5.00 |    701 |    55.3374 |
|        1 |        490 |           979.80 |       978.45 |      1004.20 |                  5.00 |                    5.00 |    701 |    55.4356 |
|        1 |        491 |           979.80 |       978.45 |      1003.60 |                  5.00 |                    5.00 |    701 |    55.5051 |
|        1 |        492 |           979.80 |       978.45 |      1003.60 |                  5.00 |                    5.00 |    701 |    55.5897 |
|        1 |        493 |           979.80 |       978.45 |      1003.60 |                  5.92 |                    5.00 |    701 |    55.6500 |
|        1 |        494 |           979.80 |       978.45 |      1005.90 |                  5.00 |                    5.00 |    701 |    55.7257 |
|        1 |        495 |           979.80 |       978.45 |      1012.60 |                  5.00 |                    5.00 |    703 |    55.7746 |
|        1 |        496 |           979.80 |       978.45 |      1009.10 |                  5.00 |                    5.00 |    703 |    55.8559 |
|        1 |        497 |           979.80 |       978.45 |      1004.70 |                  5.00 |                    5.00 |    703 |    55.8985 |
|        1 |        498 |           979.80 |       978.45 |      1004.20 |                  5.00 |                    5.00 |    703 |    56.0077 |
|        1 |        499 |           979.80 |       978.45 |      1004.20 |                  5.00 |                    5.00 |    703 |    56.0725 |
|        1 |        500 |           979.80 |       978.45 |      1004.20 |                  5.00 |                    5.00 |    703 |    56.1401 |
------------------------------------------------------------------------------------------------------------------------------------------------
Version identifier: 22.1.2.0 | 2024-11-26 | 0edbb82fd
CPXPARAM_MIP_Tolerances_UpperCutoff              979.89999999998759
Tried aggregator 1 time.
MIP Presolve eliminated 8 rows and 125 columns.
MIP Presolve modified 303 coefficients.
Reduced MIP has 93 rows, 578 columns, and 4754 nonzeros.
Reduced MIP has 578 binaries, 0 generals, 0 SOSs, and 0 indicators.
Presolve time = 0.00 sec. (5.38 ticks)
Probing fixed 4 vars, tightened 0 bounds.
Probing time = 0.00 sec. (6.02 ticks)
Tried aggregator 1 time.
Detecting symmetries...
MIP Presolve eliminated 1 rows and 10 columns.
Reduced MIP has 92 rows, 568 columns, and 4666 nonzeros.
Reduced MIP has 568 binaries, 0 generals, 0 SOSs, and 0 indicators.
Presolve time = 0.00 sec. (3.40 ticks)
Probing time = 0.00 sec. (5.79 ticks)
Clique table members: 717.
MIP emphasis: balance optimality and feasibility.
MIP search method: dynamic search.
Parallel mode: deterministic, using up to 8 threads.
Root relaxation solution time = 0.00 sec. (4.43 ticks)

        Nodes                                         Cuts/
   Node  Left     Objective  IInf  Best Integer    Best Bound    ItCnt     Gap

      0     0      965.5190    35                    965.5190      222         
      0     0      972.3850    56                    Cuts: 33      316         
      0     0      972.7512    52                     Cuts: 8      346         
*     0+    0                          972.8000      972.7512             0.01%
      0     0        cutoff            972.8000                    346    0.00%
Elapsed time = 0.05 sec. (50.54 ticks, tree = 0.01 MB, solutions = 1)
objective_value(sp) = 972.8
 59.937103 seconds (6.89 M allocations: 344.441 MiB, 0.19% gc time, 7.13% compilation time)
#1: 0 (0.0) {15.0} -> 53 (14.0) {85.0} [85.0, 115.0] -> 0 (14.0) {99.4} [0.0, 230.0]
#2: 0 (0.0) {15.0} -> 6 (3.0) {26.1} [0.0, 208.0] -> 96 (14.0) {40.3} [0.0, 204.0] -> 99 (23.0) {73.0} [73.0, 103.0] -> 5 (49.0) {89.4} [0.0, 199.0] -> 84 (56.0) {103.5} [91.0, 121.0] -> 17 (58.0) {119.5} [0.0, 189.0] -> 61 (71.0) {138.7} [0.0, 194.0] -> 85 (112.0) {153.1} [0.0, 196.0] -> 93 (134.0) {165.9} [0.0, 199.0] -> 59 (162.0) {178.9} [0.0, 202.0] -> 94 (189.0) {194.7} [0.0, 207.0] -> 0 (189.0) {216.7} [0.0, 230.0]
#3: 0 (0.0) {13.0} -> 92 (2.0) {31.3} [18.0, 48.0] -> 98 (12.0) {44.4} [0.0, 198.0] -> 44 (30.0) {65.0} [59.0, 89.0] -> 14 (50.0) {80.6} [0.0, 187.0] -> 38 (66.0) {101.7} [73.0, 103.0] -> 86 (101.0) {124.7} [0.0, 184.0] -> 16 (120.0) {141.0} [0.0, 190.0] -> 91 (121.0) {156.0} [0.0, 194.0] -> 100 (138.0) {169.1} [165.0, 195.0] -> 37 (146.0) {181.9} [0.0, 198.0] -> 95 (166.0) {198.3} [0.0, 205.0] -> 0 (166.0) {223.1} [0.0, 230.0]
#4: 0 (0.0) {15.0} -> 26 (17.0) {26.1} [0.0, 208.0] -> 56 (23.0) {55.7} [0.0, 190.0] -> 23 (52.0) {72.9} [58.0, 88.0] -> 67 (77.0) {94.9} [73.0, 103.0] -> 39 (108.0) {114.7} [0.0, 186.0] -> 55 (110.0) {136.1} [126.0, 156.0] -> 4 (129.0) {154.6} [139.0, 169.0] -> 25 (135.0) {174.6} [156.0, 186.0] -> 54 (153.0) {196.6} [0.0, 197.0] -> 0 (153.0) {229.4} [0.0, 230.0]
#5: 0 (0.0) {13.0} -> 89 (15.0) {22.0} [0.0, 211.0] -> 60 (18.0) {41.0} [0.0, 201.0] -> 83 (29.0) {55.2} [0.0, 198.0] -> 45 (45.0) {73.2} [0.0, 190.0] -> 8 (54.0) {89.6} [85.0, 115.0] -> 46 (55.0) {109.0} [0.0, 184.0] -> 36 (60.0) {131.0} [0.0, 178.0] -> 47 (87.0) {148.2} [0.0, 185.0] -> 48 (123.0) {164.6} [0.0, 192.0] -> 82 (139.0) {179.9} [0.0, 196.0] -> 18 (151.0) {198.5} [0.0, 204.0] -> 0 (151.0) {224.3} [0.0, 230.0]
#6: 0 (0.0) {8.0} -> 31 (27.0) {25.4} [0.0, 202.0] -> 88 (36.0) {40.4} [0.0, 200.0] -> 62 (55.0) {56.7} [48.0, 78.0] -> 11 (67.0) {74.7} [57.0, 87.0] -> 64 (76.0) {97.7} [0.0, 173.0] -> 49 (106.0) {120.4} [0.0, 176.0] -> 19 (123.0) {142.4} [0.0, 187.0] -> 7 (128.0) {163.5} [0.0, 198.0] -> 52 (137.0) {183.3} [0.0, 208.0] -> 0 (137.0) {204.6} [0.0, 230.0]
#7: 0 (0.0) {14.0} -> 27 (16.0) {19.0} [0.0, 215.0] -> 69 (22.0) {40.0} [40.0, 70.0] -> 1 (32.0) {54.4} [0.0, 204.0] -> 76 (45.0) {75.0} [63.0, 93.0] -> 3 (58.0) {91.7} [0.0, 197.0] -> 79 (81.0) {105.3} [82.0, 112.0] -> 29 (90.0) {124.5} [0.0, 190.0] -> 24 (93.0) {141.5} [0.0, 190.0] -> 80 (99.0) {160.7} [0.0, 198.0] -> 68 (135.0) {172.7} [0.0, 198.0] -> 77 (149.0) {187.7} [169.0, 199.0] -> 28 (165.0) {211.1} [0.0, 213.0] -> 0 (165.0) {227.4} [0.0, 230.0]
#8: 0 (0.0) {15.0} -> 50 (13.0) {31.9} [0.0, 203.0] -> 33 (24.0) {49.7} [0.0, 195.0] -> 81 (50.0) {62.5} [0.0, 192.0] -> 9 (66.0) {87.0} [87.0, 117.0] -> 51 (76.0) {103.3} [0.0, 193.0] -> 20 (85.0) {121.3} [0.0, 188.0] -> 32 (108.0) {142.0} [0.0, 186.0] -> 90 (111.0) {156.4} [0.0, 187.0] -> 63 (121.0) {170.8} [0.0, 185.0] -> 10 (137.0) {190.2} [0.0, 194.0] -> 0 (137.0) {225.6} [0.0, 230.0]
#9: 0 (0.0) {15.0} -> 12 (19.0) {30.0} [0.0, 205.0] -> 78 (22.0) {60.2} [0.0, 188.0] -> 34 (36.0) {75.2} [0.0, 183.0] -> 35 (44.0) {95.3} [0.0, 178.0] -> 71 (59.0) {112.0} [0.0, 180.0] -> 65 (79.0) {132.2} [0.0, 170.0] -> 66 (104.0) {155.8} [0.0, 179.0] -> 30 (125.0) {181.6} [0.0, 194.0] -> 70 (130.0) {196.6} [0.0, 198.0] -> 0 (130.0) {227.6} [0.0, 230.0]
#10: 0 (0.0) {14.0} -> 57 (7.0) {37.1} [0.0, 196.0] -> 15 (15.0) {54.3} [51.0, 81.0] -> 43 (22.0) {71.5} [0.0, 185.0] -> 42 (27.0) {90.5} [0.0, 194.0] -> 87 (53.0) {107.7} [83.0, 113.0] -> 97 (65.0) {121.9} [0.0, 202.0] -> 13 (88.0) {149.0} [149.0, 179.0] -> 0 (88.0) {170.1} [0.0, 230.0]
#11: 0 (0.0) {15.0} -> 40 (9.0) {26.1} [0.0, 208.0] -> 21 (20.0) {43.1} [0.0, 201.0] -> 73 (29.0) {56.2} [0.0, 199.0] -> 72 (54.0) {69.3} [0.0, 197.0] -> 75 (72.0) {84.6} [0.0, 192.0] -> 74 (80.0) {139.0} [139.0, 169.0] -> 22 (98.0) {152.1} [0.0, 193.0] -> 41 (103.0) {166.3} [0.0, 191.0] -> 2 (110.0) {188.5} [0.0, 202.0] -> 58 (128.0) {207.5} [180.0, 210.0] -> 0 (128.0) {226.5} [0.0, 230.0]

Dist: 972.8. Cost: 972.8

Clique cuts applied:  20
Zero-half cuts applied:  1
Lift and project cuts applied:  1
Gomory fractional cuts applied:  1

Root node processing (before b&c):
  Real time             =    0.05 sec. (50.58 ticks)
Parallel b&c, 8 threads:
  Real time             =    0.00 sec. (0.00 ticks)
  Sync time (average)   =    0.00 sec.
  Wait time (average)   =    0.00 sec.
                          ------------
Total (root+branch&cut) =    0.05 sec. (50.58 ticks)
