Solving instance /mnt/c/Users/bruno.mattos/OneDrive - americanas s.a/Documentos/GitHub/GenericILS/TWRD/100/R110_100_005.vrptwrd...
------------------------------------------------------------------------------------------------------------------------------------------------
|  Restart |  Iteration |  Best Feas. Cost |    Best Cost |   Curr. Cost |   Penalty Custom Res. |   Penalty Standard Res. |   Pool |   Time (s) |
------------------------------------------------------------------------------------------------------------------------------------------------
|        1 |          1 |          1185.80 |      1164.74 |      1164.74 |                  5.00 |                   11.64 |     24 |     0.6967 |
|        1 |          2 |          1185.80 |      1164.74 |      1179.11 |                  5.00 |                   21.14 |     27 |     1.5141 |
|        1 |          0 |          1153.20 |      1153.20 |      1153.20 |                  5.00 |                   11.45 |     29 |     1.5849 |
|        1 |          0 |          1135.00 |      1135.00 |      1135.00 |                  5.00 |                    6.87 |     35 |     1.7311 |
|        1 |          0 |          1133.60 |      1133.60 |      1133.60 |                  5.00 |                    5.00 |     38 |     1.7920 |
|        1 |          1 |          1133.60 |      1133.60 |      1133.60 |                  5.00 |                    5.00 |     38 |     1.8606 |
|        1 |          0 |          1131.50 |      1131.50 |      1131.50 |                  5.00 |                    5.25 |     42 |     1.9197 |
|        1 |          1 |          1131.50 |      1131.50 |      1131.50 |                  5.00 |                    5.00 |     42 |     1.9921 |
|        1 |          0 |          1125.70 |      1125.70 |      1125.70 |                  5.00 |                    5.00 |     46 |     2.0956 |
|        1 |          0 |          1118.30 |      1118.30 |      1118.30 |                  5.00 |                    5.00 |     48 |     2.1535 |
|        1 |          1 |          1118.30 |      1118.30 |      1125.50 |                  5.00 |                    5.00 |     49 |     2.2145 |
|        1 |          2 |          1118.30 |      1118.30 |      1125.50 |                  5.00 |                    5.00 |     49 |     2.2843 |
|        1 |          3 |          1118.30 |      1118.30 |      1118.30 |                  5.00 |                    5.00 |     49 |     2.3698 |
|        1 |          4 |          1118.30 |      1118.30 |      1118.30 |                  5.00 |                    5.00 |     49 |     2.4234 |
|        1 |          5 |          1118.30 |      1118.00 |      1118.00 |                  5.00 |                    5.00 |     51 |     2.5037 |
|        1 |          6 |          1118.30 |      1118.00 |      1124.50 |                  5.00 |                    7.90 |     52 |     2.5679 |
|        1 |          7 |          1118.30 |      1118.00 |      1124.50 |                  5.00 |                    5.00 |     52 |     2.6567 |
|        1 |          8 |          1118.30 |      1118.00 |      1124.50 |                  5.00 |                    5.00 |     52 |     2.7077 |
|        1 |          9 |          1118.30 |      1118.00 |      1125.20 |                  5.00 |                    5.00 |     56 |     2.7788 |
|        1 |         10 |          1118.30 |      1117.90 |      1117.90 |                  5.00 |                    5.00 |     60 |     2.8413 |
|        1 |         11 |          1118.30 |      1117.90 |      1132.90 |                  5.00 |                    5.00 |     65 |     2.9238 |
|        1 |         12 |          1118.30 |      1117.90 |      1147.20 |                  5.00 |                    5.00 |     75 |     3.0222 |
|        1 |         13 |          1118.30 |      1117.90 |      1147.20 |                  5.00 |                    5.00 |     75 |     3.0873 |
|        1 |         14 |          1118.30 |      1117.90 |      1147.20 |                  5.00 |                    5.00 |     75 |     3.1711 |
|        1 |         15 |          1118.30 |      1117.90 |      1139.60 |                  5.00 |                    5.00 |     79 |     3.2827 |
|        1 |         16 |          1118.30 |      1117.90 |      1139.60 |                  5.00 |                    5.00 |     79 |     3.3530 |
|        1 |         17 |          1118.30 |      1117.90 |      1139.60 |                  5.00 |                    5.00 |     79 |     3.4159 |
|        1 |         18 |          1118.30 |      1117.90 |      1139.60 |                  5.00 |                    5.00 |     79 |     3.5179 |
|        1 |         19 |          1118.30 |      1117.90 |      1139.60 |                  5.00 |                    5.00 |     79 |     3.5881 |
|        1 |         20 |          1118.30 |      1117.90 |      1140.50 |                  5.00 |                    5.00 |     82 |     3.6512 |
|        1 |         21 |          1118.30 |      1117.90 |      1140.50 |                  5.00 |                    5.00 |     82 |     3.7156 |
|        1 |         22 |          1118.30 |      1117.90 |      1134.60 |                  5.00 |                    5.00 |     88 |     3.8406 |
|        1 |         23 |          1118.30 |      1117.90 |      1134.60 |                  5.00 |                    5.00 |     88 |     3.8830 |
|        1 |         24 |          1118.30 |      1117.90 |      1130.20 |                  5.00 |                    5.00 |     92 |     3.9425 |
|        1 |         25 |          1118.30 |      1117.90 |      1130.20 |                  5.00 |                    5.00 |     92 |     3.9977 |
|        1 |         26 |          1118.30 |      1117.90 |      1144.00 |                  5.00 |                    5.69 |     98 |     4.0764 |
|        1 |         27 |          1118.30 |      1117.90 |      1128.50 |                  5.00 |                    5.00 |    104 |     4.1676 |
|        1 |         28 |          1118.30 |      1117.90 |      1152.90 |                  5.00 |                    5.00 |    109 |     4.2624 |
|        1 |         29 |          1118.30 |      1117.90 |      1143.30 |                  5.00 |                    5.00 |    121 |     4.3814 |
|        1 |         30 |          1118.30 |      1117.90 |      1131.00 |                  5.00 |                    5.00 |    125 |     4.4583 |
|        1 |         31 |          1118.30 |      1117.90 |      1133.70 |                  5.00 |                    5.00 |    128 |     4.5252 |
|        1 |         32 |          1118.30 |      1117.90 |      1124.10 |                  5.00 |                    5.00 |    130 |     4.5790 |
|        1 |         33 |          1118.30 |      1117.90 |      1124.10 |                  5.00 |                    6.81 |    130 |     4.6372 |
|        1 |         34 |          1118.30 |      1117.90 |      1124.10 |                  5.00 |                    5.00 |    130 |     4.7117 |
|        1 |          0 |          1116.80 |      1116.80 |      1116.80 |                  5.00 |                    5.00 |    133 |     4.9654 |
|        1 |          0 |          1114.40 |      1114.40 |      1114.40 |                  5.00 |                    7.59 |    136 |     5.0376 |
|        1 |          1 |          1114.40 |      1114.40 |      1125.10 |                  5.00 |                    5.00 |    140 |     5.1266 |
|        1 |          2 |          1114.40 |      1114.40 |      1139.80 |                  5.00 |                    5.00 |    146 |     5.1887 |
|        1 |          3 |          1114.40 |      1114.40 |      1139.80 |                  5.00 |                    5.26 |    146 |     5.2466 |
|        1 |          4 |          1114.40 |      1114.40 |      1150.90 |                  5.00 |                    5.00 |    148 |     5.2934 |
|        1 |          5 |          1114.40 |      1114.40 |      1142.90 |                  5.00 |                    5.24 |    155 |     5.5026 |
|        1 |          6 |          1114.40 |      1114.40 |      1150.60 |                  5.00 |                    5.00 |    158 |     5.5680 |
|        1 |          7 |          1114.40 |      1114.40 |      1143.60 |                  5.00 |                    5.00 |    161 |     5.6519 |
|        1 |          8 |          1114.40 |      1114.40 |      1139.20 |                  5.00 |                    5.00 |    171 |     5.8211 |
|        1 |          9 |          1114.40 |      1114.40 |      1136.70 |                  5.00 |                    5.00 |    173 |     5.8988 |
|        1 |         10 |          1114.40 |      1114.40 |      1135.10 |                  5.00 |                    5.00 |    175 |     5.9544 |
|        1 |         11 |          1114.40 |      1114.40 |      1133.80 |                  5.00 |                    5.30 |    177 |     6.0422 |
|        1 |         12 |          1114.40 |      1114.40 |      1125.80 |                  5.00 |                    5.00 |    180 |     6.1699 |
|        1 |         13 |          1114.40 |      1114.40 |      1125.80 |                  5.00 |                    5.00 |    180 |     6.2363 |
|        1 |         14 |          1114.40 |      1114.40 |      1121.40 |                  5.00 |                    5.00 |    183 |     6.2985 |
|        1 |         15 |          1114.40 |      1114.40 |      1146.00 |                  5.00 |                    5.00 |    187 |     6.3482 |
|        1 |         16 |          1114.40 |      1114.40 |      1128.60 |                  5.00 |                    5.00 |    188 |     6.4362 |
|        1 |         17 |          1114.40 |      1114.40 |      1128.60 |                  5.00 |                    5.00 |    188 |     6.4915 |
|        1 |         18 |          1114.40 |      1114.40 |      1128.60 |                  5.00 |                    5.00 |    188 |     6.5580 |
|        1 |         19 |          1114.40 |      1114.40 |      1131.30 |                  5.00 |                    5.00 |    193 |     6.6164 |
|        1 |         20 |          1114.40 |      1114.40 |      1124.30 |                  5.00 |                    5.00 |    202 |     6.7657 |
|        1 |         21 |          1114.40 |      1114.40 |      1123.00 |                  5.00 |                    5.00 |    207 |     6.8542 |
|        1 |         22 |          1114.40 |      1114.40 |      1127.82 |                  5.00 |                    5.00 |    211 |     6.9421 |
|        1 |         23 |          1114.40 |      1114.40 |      1127.00 |                  5.00 |                    5.00 |    213 |     7.0045 |
|        1 |         24 |          1114.40 |      1114.40 |      1126.00 |                  5.00 |                    5.00 |    215 |     7.0631 |
|        1 |         25 |          1114.40 |      1114.40 |      1126.00 |                  5.00 |                    5.00 |    215 |     7.1308 |
|        1 |          0 |          1110.20 |      1110.20 |      1110.20 |                  5.00 |                    5.00 |    218 |     7.2356 |
|        1 |          1 |          1110.20 |      1110.20 |      1110.20 |                  5.00 |                    5.00 |    218 |     7.2900 |
|        1 |          2 |          1110.20 |      1110.20 |      1110.20 |                  5.00 |                    5.00 |    218 |     7.3492 |
|        1 |          3 |          1110.20 |      1110.20 |      1115.80 |                  5.00 |                    5.00 |    219 |     7.4141 |
|        1 |          4 |          1110.20 |      1110.20 |      1115.80 |                  5.00 |                    5.00 |    219 |     7.4734 |
|        1 |          5 |          1110.20 |      1110.20 |      1113.80 |                  5.00 |                    6.80 |    221 |     7.5393 |
|        1 |          6 |          1110.20 |      1110.20 |      1113.80 |                  5.00 |                    5.41 |    221 |     7.6026 |
|        1 |          7 |          1110.20 |      1110.20 |      1113.50 |                  5.00 |                    5.25 |    223 |     7.6743 |
|        1 |          8 |          1110.20 |      1110.20 |      1115.80 |                  5.00 |                    5.00 |    226 |     7.7453 |
|        1 |          9 |          1110.20 |      1110.20 |      1115.80 |                  5.00 |                    5.00 |    226 |     7.7978 |
|        1 |         10 |          1110.20 |      1110.20 |      1115.80 |                  5.00 |                    5.00 |    227 |     7.8458 |
|        1 |         11 |          1110.20 |      1110.20 |      1118.60 |                  5.00 |                    5.00 |    229 |     7.9137 |
|        1 |         12 |          1110.20 |      1110.20 |      1128.80 |                  5.00 |                    5.00 |    231 |     7.9771 |
|        1 |         13 |          1110.20 |      1110.20 |      1119.50 |                  5.00 |                    5.00 |    235 |     8.0739 |
|        1 |         14 |          1110.20 |      1110.20 |      1113.73 |                  5.00 |                    5.62 |    238 |     8.1614 |
|        1 |         15 |          1110.20 |      1110.20 |      1123.73 |                  5.00 |                   10.11 |    241 |     8.2137 |
|        1 |         16 |          1110.20 |      1110.20 |      1117.44 |                  5.00 |                   48.20 |    246 |     8.3460 |
|        1 |         17 |          1110.20 |      1110.20 |      1118.72 |                  5.00 |                   49.96 |    246 |     8.4121 |
|        1 |         18 |          1110.20 |      1110.20 |      1120.49 |                  5.00 |                   71.35 |    248 |     8.4671 |
|        1 |         19 |          1110.20 |      1110.20 |      1112.50 |                  5.00 |                   19.50 |    250 |     8.5877 |
|        1 |         20 |          1110.20 |      1110.20 |      1112.50 |                  5.00 |                    8.90 |    250 |     8.6565 |
|        1 |         21 |          1110.20 |      1110.20 |      1112.90 |                  5.00 |                    5.00 |    253 |     8.7274 |
|        1 |         22 |          1110.20 |      1110.20 |      1112.90 |                  5.00 |                    5.00 |    253 |     8.7805 |
|        1 |          0 |          1105.10 |      1105.10 |      1105.10 |                  5.00 |                    5.00 |    257 |     8.8556 |
|        1 |          1 |          1105.10 |      1105.10 |      1106.90 |                  5.00 |                    5.00 |    260 |     8.9258 |
|        1 |          2 |          1105.10 |      1105.10 |      1117.20 |                  5.00 |                    5.00 |    261 |     8.9859 |
|        1 |          3 |          1105.10 |      1105.10 |      1117.60 |                  5.00 |                    5.00 |    262 |     9.0537 |
|        1 |          4 |          1105.10 |      1105.10 |      1117.50 |                  5.00 |                    5.00 |    267 |     9.1755 |
|        1 |          5 |          1105.10 |      1105.10 |      1113.10 |                  5.00 |                    5.00 |    270 |     9.2476 |
|        1 |          6 |          1105.10 |      1105.10 |      1115.60 |                  5.00 |                    5.00 |    271 |     9.3241 |
|        1 |          0 |          1100.90 |      1100.90 |      1100.90 |                  5.00 |                    5.00 |    271 |     9.3870 |
|        1 |          1 |          1100.90 |      1100.90 |      1108.46 |                  5.00 |                   10.42 |    274 |     9.5071 |
|        1 |          2 |          1100.90 |      1093.80 |      1093.80 |                  5.00 |                   11.58 |    276 |     9.5794 |
|        1 |          3 |          1100.90 |      1093.80 |      1093.80 |                  5.00 |                   26.18 |    276 |     9.6421 |
|        1 |          0 |          1089.90 |      1089.90 |      1089.90 |                  5.00 |                   16.61 |    279 |     9.7311 |
|        1 |          1 |          1089.90 |      1089.90 |      1092.70 |                  5.00 |                    7.96 |    279 |     9.8072 |
|        1 |          2 |          1089.90 |      1089.90 |      1092.70 |                  5.29 |                    5.92 |    284 |     9.9618 |
|        1 |          0 |          1089.30 |      1089.30 |      1089.30 |                  5.00 |                    5.00 |    287 |    10.0850 |
|        1 |          1 |          1089.30 |      1089.30 |      1102.90 |                  5.00 |                    5.00 |    288 |    10.1432 |
|        1 |          2 |          1089.30 |      1089.30 |      1098.70 |                  5.00 |                    5.04 |    289 |    10.2344 |
|        1 |          3 |          1089.30 |      1089.30 |      1090.00 |                  5.00 |                    5.00 |    290 |    10.3159 |
|        1 |          4 |          1089.30 |      1089.30 |      1090.00 |                  5.00 |                    6.41 |    290 |    10.3870 |
|        1 |          5 |          1089.30 |      1089.30 |      1113.70 |                  5.00 |                    5.69 |    297 |    10.4542 |
|        1 |          6 |          1089.30 |      1089.30 |      1131.20 |                  5.00 |                    5.00 |    303 |    10.6004 |
|        1 |          7 |          1089.30 |      1089.30 |      1125.90 |                  5.00 |                    5.00 |    304 |    10.7085 |
|        1 |          8 |          1089.30 |      1089.30 |      1125.90 |                  5.00 |                    5.00 |    304 |    10.7772 |
|        1 |          9 |          1089.30 |      1089.30 |      1110.00 |                  5.00 |                    5.00 |    305 |    10.9531 |
|        1 |          0 |          1088.50 |      1088.50 |      1088.50 |                  5.00 |                    5.00 |    307 |    11.0541 |
|        1 |          1 |          1088.50 |      1088.50 |      1088.50 |                  5.00 |                    5.00 |    307 |    11.1124 |
|        1 |          2 |          1088.50 |      1088.50 |      1088.50 |                  5.00 |                    5.00 |    307 |    11.1754 |
|        1 |          3 |          1088.50 |      1088.50 |      1102.10 |                  5.00 |                    5.00 |    308 |    11.2294 |
|        1 |          4 |          1088.50 |      1088.50 |      1098.50 |                  5.00 |                    5.00 |    310 |    11.3393 |
|        1 |          5 |          1088.50 |      1088.50 |      1098.50 |                  5.00 |                    5.00 |    310 |    11.4117 |
|        1 |          6 |          1088.50 |      1088.50 |      1094.00 |                  5.00 |                    5.00 |    313 |    11.4934 |
|        1 |          7 |          1088.50 |      1088.50 |      1105.20 |                  5.00 |                    5.00 |    316 |    11.5609 |
|        1 |          8 |          1088.50 |      1088.50 |      1105.20 |                  5.00 |                    5.00 |    316 |    11.6086 |
|        1 |          9 |          1088.50 |      1088.50 |      1105.20 |                  5.00 |                    5.00 |    316 |    11.6722 |
|        1 |         10 |          1088.50 |      1088.50 |      1114.80 |                  5.00 |                    5.00 |    320 |    11.7473 |
|        1 |         11 |          1088.50 |      1088.50 |      1112.30 |                  5.00 |                    5.00 |    321 |    11.8263 |
|        1 |         12 |          1088.50 |      1088.50 |      1106.90 |                  5.00 |                    5.00 |    324 |    11.9346 |
|        1 |         13 |          1088.50 |      1088.50 |      1109.40 |                  5.00 |                    5.00 |    325 |    11.9770 |
|        1 |         14 |          1088.50 |      1088.50 |      1109.40 |                  5.00 |                    5.26 |    325 |    12.0393 |
|        1 |         15 |          1088.50 |      1088.50 |      1109.40 |                  5.00 |                    5.00 |    325 |    12.0938 |
|        1 |         16 |          1088.50 |      1088.50 |      1130.70 |                  5.00 |                    5.00 |    326 |    12.1599 |
|        1 |         17 |          1088.50 |      1088.50 |      1116.17 |                  5.00 |                    5.00 |    326 |    12.2256 |
|        1 |         18 |          1088.50 |      1088.50 |      1115.74 |                  5.00 |                    5.00 |    326 |    12.2918 |
|        1 |         19 |          1088.50 |      1088.50 |      1127.30 |                  5.00 |                    5.00 |    329 |    12.3609 |
|        1 |         20 |          1088.50 |      1088.50 |      1120.42 |                  5.00 |                    5.14 |    331 |    12.4438 |
|        1 |         21 |          1088.50 |      1088.50 |      1115.30 |                  5.00 |                    5.00 |    334 |    12.5148 |
|        1 |         22 |          1088.50 |      1088.50 |      1115.30 |                  5.00 |                    5.00 |    334 |    12.5760 |
|        1 |         23 |          1088.50 |      1088.50 |      1115.30 |                  5.00 |                    5.00 |    334 |    12.6285 |
|        1 |         24 |          1088.50 |      1088.50 |      1132.00 |                  5.00 |                    5.00 |    337 |    12.6911 |
|        1 |         25 |          1088.50 |      1088.50 |      1132.00 |                  5.00 |                    5.00 |    337 |    12.7436 |
|        1 |         26 |          1088.50 |      1088.50 |      1154.00 |                  5.00 |                    5.41 |    340 |    12.7908 |
|        1 |         27 |          1088.50 |      1088.50 |      1136.70 |                  5.00 |                    5.00 |    341 |    12.8896 |
|        1 |         28 |          1088.50 |      1088.50 |      1158.80 |                  5.00 |                    5.00 |    346 |    12.9807 |
|        1 |         29 |          1088.50 |      1088.50 |      1136.30 |                  5.00 |                    5.00 |    351 |    13.0662 |
|        1 |         30 |          1088.50 |      1088.50 |      1149.30 |                  5.00 |                    5.00 |    357 |    13.1344 |
|        1 |         31 |          1088.50 |      1088.50 |      1144.70 |                  5.00 |                    5.00 |    359 |    13.2294 |
|        1 |         32 |          1088.50 |      1088.50 |      1147.40 |                  5.00 |                    5.00 |    364 |    13.3085 |
|        1 |         33 |          1088.50 |      1088.50 |      1146.90 |                  5.00 |                    5.00 |    368 |    13.3825 |
|        1 |         34 |          1088.50 |      1088.50 |      1145.20 |                  5.00 |                    5.00 |    370 |    13.4626 |
|        1 |         35 |          1088.50 |      1088.50 |      1145.20 |                  5.00 |                    5.00 |    370 |    13.5317 |
|        1 |         36 |          1088.50 |      1088.50 |      1145.20 |                  5.00 |                    5.00 |    370 |    13.5995 |
|        1 |         37 |          1088.50 |      1088.50 |      1145.20 |                  5.00 |                    5.00 |    370 |    13.6545 |
|        1 |         38 |          1088.50 |      1088.50 |      1145.20 |                  5.00 |                    5.00 |    370 |    13.7380 |
|        1 |         39 |          1088.50 |      1088.50 |      1145.20 |                  5.00 |                    5.00 |    370 |    13.7849 |
|        1 |         40 |          1088.50 |      1088.50 |      1141.80 |                  5.00 |                    5.00 |    372 |    13.8406 |
|        1 |         41 |          1088.50 |      1088.50 |      1140.60 |                  5.00 |                    5.00 |    375 |    13.9475 |
|        1 |         42 |          1088.50 |      1088.50 |      1142.10 |                  5.00 |                    5.00 |    377 |    14.0240 |
|        1 |         43 |          1088.50 |      1088.50 |      1141.80 |                  5.00 |                    5.00 |    377 |    14.0965 |
|        1 |         44 |          1088.50 |      1088.50 |      1141.30 |                  5.00 |                    5.00 |    378 |    14.2807 |
|        1 |         45 |          1088.50 |      1088.50 |      1141.30 |                  5.00 |                    5.00 |    378 |    14.3349 |
|        1 |         46 |          1088.50 |      1088.50 |      1166.10 |                  5.00 |                    5.00 |    383 |    14.4707 |
|        1 |         47 |          1088.50 |      1088.50 |      1170.30 |                  5.00 |                    5.00 |    385 |    14.5289 |
|        1 |         48 |          1088.50 |      1088.50 |      1161.00 |                  5.00 |                    5.00 |    389 |    14.6098 |
|        1 |         49 |          1088.50 |      1088.50 |      1158.80 |                  5.00 |                    5.00 |    391 |    14.7039 |
|        1 |         50 |          1088.50 |      1088.50 |      1143.20 |                  5.00 |                    5.00 |    396 |    14.8901 |
|        1 |         51 |          1088.50 |      1088.50 |      1140.50 |                  5.00 |                    5.00 |    396 |    14.9708 |
|        1 |         52 |          1088.50 |      1088.50 |      1140.50 |                  5.00 |                    5.00 |    397 |    15.0321 |
|        1 |         53 |          1088.50 |      1088.50 |      1157.10 |                  5.00 |                    5.00 |    401 |    15.1170 |
|        1 |         54 |          1088.50 |      1088.50 |      1139.10 |                  5.05 |                    5.05 |    401 |    15.2221 |
|        1 |         55 |          1088.50 |      1088.50 |      1139.10 |                  5.00 |                    5.00 |    401 |    15.2879 |
|        1 |         56 |          1088.50 |      1088.50 |      1139.10 |                  5.00 |                    5.00 |    401 |    15.3511 |
|        1 |         57 |          1088.50 |      1088.50 |      1139.10 |                  5.00 |                    5.00 |    401 |    15.4186 |
|        1 |         58 |          1088.50 |      1088.50 |      1139.10 |                  5.00 |                    5.00 |    401 |    15.4847 |
|        1 |         59 |          1088.50 |      1088.50 |      1139.10 |                  5.00 |                    5.00 |    401 |    15.5522 |
|        1 |         60 |          1088.50 |      1088.50 |      1139.10 |                  5.00 |                    5.00 |    401 |    15.6021 |
|        1 |         61 |          1088.50 |      1088.50 |      1140.80 |                  5.00 |                    5.00 |    401 |    15.6581 |
|        1 |         62 |          1088.50 |      1088.50 |      1140.50 |                  5.00 |                    5.00 |    401 |    15.7317 |
|        1 |         63 |          1088.50 |      1088.50 |      1140.50 |                  5.00 |                    5.00 |    401 |    15.7979 |
|        1 |         64 |          1088.50 |      1088.50 |      1146.20 |                  5.00 |                    5.00 |    404 |    15.8721 |
|        1 |         65 |          1088.50 |      1088.50 |      1145.30 |                  5.00 |                    5.00 |    404 |    15.9539 |
|        1 |         66 |          1088.50 |      1088.50 |      1143.50 |                  5.00 |                    5.00 |    406 |    16.0263 |
|        1 |         67 |          1088.50 |      1088.50 |      1144.00 |                  5.20 |                    5.00 |    406 |    16.1053 |
|        1 |         68 |          1088.50 |      1088.50 |      1140.50 |                  5.00 |                    5.00 |    406 |    16.2232 |
|        1 |         69 |          1088.50 |      1088.50 |      1146.40 |                  5.00 |                    5.00 |    410 |    16.2870 |
|        1 |         70 |          1088.50 |      1088.50 |      1153.10 |                  5.00 |                    5.00 |    413 |    16.3359 |
|        1 |         71 |          1088.50 |      1088.50 |      1141.70 |                  5.00 |                    5.00 |    414 |    16.4142 |
|        1 |         72 |          1088.50 |      1088.50 |      1140.40 |                  5.00 |                    5.00 |    417 |    16.4903 |
|        1 |         73 |          1088.50 |      1088.50 |      1136.80 |                  5.00 |                    5.00 |    417 |    16.6350 |
|        1 |         74 |          1088.50 |      1088.50 |      1119.90 |                  5.00 |                    5.00 |    420 |    16.6971 |
|        1 |         75 |          1088.50 |      1088.50 |      1118.60 |                  5.00 |                    5.00 |    422 |    16.7885 |
|        1 |         76 |          1088.50 |      1088.50 |      1113.20 |                  5.00 |                    5.00 |    423 |    16.8590 |
|        1 |         77 |          1088.50 |      1088.50 |      1113.20 |                  5.00 |                    5.00 |    423 |    16.9078 |
|        1 |         78 |          1088.50 |      1088.50 |      1113.20 |                  5.00 |                    5.00 |    423 |    16.9668 |
|        1 |         79 |          1088.50 |      1088.50 |      1129.70 |                  5.00 |                    5.00 |    426 |    17.0374 |
|        1 |         80 |          1088.50 |      1088.50 |      1128.80 |                  5.00 |                    5.00 |    427 |    17.1335 |
|        1 |         81 |          1088.50 |      1088.50 |      1128.80 |                  5.00 |                    5.00 |    427 |    17.1796 |
|        1 |         82 |          1088.50 |      1088.50 |      1128.80 |                  5.00 |                    5.00 |    427 |    17.2307 |
|        1 |         83 |          1088.50 |      1088.50 |      1128.80 |                  5.00 |                    5.00 |    427 |    17.2741 |
|        1 |         84 |          1088.50 |      1088.50 |      1128.80 |                  5.00 |                    5.00 |    427 |    17.3335 |
|        1 |         85 |          1088.50 |      1088.50 |      1128.80 |                  5.00 |                    5.00 |    427 |    17.3999 |
|        1 |         86 |          1088.50 |      1088.50 |      1128.80 |                  5.52 |                    5.00 |    427 |    17.4648 |
|        1 |         87 |          1088.50 |      1088.50 |      1136.00 |                  5.00 |                    5.00 |    428 |    17.5856 |
|        1 |         88 |          1088.50 |      1088.50 |      1136.00 |                  5.00 |                    5.00 |    428 |    17.6739 |
|        1 |         89 |          1088.50 |      1088.50 |      1136.50 |                  5.00 |                    5.00 |    429 |    17.7394 |
|        1 |         90 |          1088.50 |      1088.50 |      1114.80 |                  5.00 |                    5.00 |    429 |    17.9258 |
|        1 |         91 |          1088.50 |      1088.50 |      1123.40 |                  5.00 |                    5.00 |    431 |    18.0092 |
|        1 |         92 |          1088.50 |      1088.50 |      1146.10 |                  5.00 |                    5.00 |    435 |    18.1057 |
|        1 |         93 |          1088.50 |      1088.50 |      1146.10 |                  5.00 |                    5.00 |    436 |    18.1620 |
|        1 |         94 |          1088.50 |      1088.50 |      1145.80 |                  5.00 |                    5.00 |    436 |    18.2288 |
|        1 |         95 |          1088.50 |      1088.50 |      1147.50 |                  5.00 |                    5.00 |    438 |    18.3138 |
|        1 |         96 |          1088.50 |      1088.50 |      1146.00 |                  5.00 |                    5.00 |    440 |    18.4434 |
|        1 |         97 |          1088.50 |      1088.50 |      1150.80 |                  5.00 |                    5.00 |    440 |    18.5307 |
|        1 |         98 |          1088.50 |      1088.50 |      1136.10 |                  5.00 |                    5.52 |    445 |    18.7018 |
|        1 |         99 |          1088.50 |      1088.50 |      1128.75 |                  5.00 |                    5.00 |    448 |    18.8425 |
|        1 |        100 |          1088.50 |      1088.50 |      1115.90 |                  5.00 |                    5.00 |    448 |    18.9744 |
|        1 |        101 |          1088.50 |      1088.50 |      1115.90 |                  5.00 |                    5.00 |    448 |    19.0539 |
|        1 |        102 |          1088.50 |      1088.50 |      1122.30 |                  5.00 |                    5.00 |    448 |    19.1983 |
|        1 |        103 |          1088.50 |      1088.50 |      1122.30 |                  5.00 |                    5.00 |    448 |    19.2617 |
|        1 |        104 |          1088.50 |      1088.50 |      1130.50 |                  5.00 |                    5.00 |    450 |    19.3611 |
|        1 |        105 |          1088.50 |      1088.50 |      1126.70 |                  5.00 |                    5.00 |    450 |    19.4610 |
|        1 |        106 |          1088.50 |      1088.50 |      1126.70 |                  5.00 |                    5.00 |    450 |    19.5470 |
|        1 |        107 |          1088.50 |      1088.50 |      1106.50 |                  5.00 |                    5.41 |    454 |    19.7592 |
|        1 |        108 |          1088.50 |      1088.50 |      1114.70 |                  5.00 |                    5.00 |    457 |    19.8231 |
|        1 |        109 |          1088.50 |      1088.50 |      1105.70 |                  5.00 |                    5.00 |    460 |    19.9275 |
------------------------------------------------------------------------------------------------------------------------------------------------
|  Restart |  Iteration |  Best Feas. Cost |    Best Cost |   Curr. Cost |   Penalty Custom Res. |   Penalty Standard Res. |   Pool |   Time (s) |
------------------------------------------------------------------------------------------------------------------------------------------------
|        1 |        110 |          1088.50 |      1088.50 |      1105.70 |                  5.00 |                    5.00 |    460 |    20.0196 |
|        1 |        111 |          1088.50 |      1088.50 |      1160.50 |                  5.00 |                    5.00 |    463 |    20.0831 |
|        1 |        112 |          1088.50 |      1088.50 |      1157.60 |                  5.00 |                    5.00 |    466 |    20.1955 |
|        1 |        113 |          1088.50 |      1088.50 |      1151.50 |                  5.00 |                    5.00 |    472 |    20.3720 |
|        1 |        114 |          1088.50 |      1088.50 |      1183.90 |                  5.00 |                    5.00 |    480 |    20.5217 |
|        1 |        115 |          1088.50 |      1088.50 |      1162.00 |                  5.00 |                    5.00 |    485 |    20.6374 |
|        1 |        116 |          1088.50 |      1088.50 |      1165.30 |                  5.00 |                    5.52 |    495 |    20.7619 |
|        1 |        117 |          1088.50 |      1088.50 |      1154.90 |                  5.00 |                    5.00 |    499 |    20.8838 |
|        1 |        118 |          1088.50 |      1088.50 |      1154.90 |                  5.00 |                    5.00 |    499 |    20.9555 |
|        1 |        119 |          1088.50 |      1088.50 |      1165.00 |                  5.00 |                    5.00 |    502 |    21.1431 |
|        1 |        120 |          1088.50 |      1088.50 |      1169.50 |                  5.00 |                    5.00 |    505 |    21.2175 |
|        1 |        121 |          1088.50 |      1088.50 |      1163.10 |                  5.00 |                    5.00 |    506 |    21.3045 |
|        1 |        122 |          1088.50 |      1088.50 |      1141.40 |                  5.00 |                    5.00 |    510 |    21.4499 |
|        1 |        123 |          1088.50 |      1088.50 |      1149.60 |                  5.00 |                    5.00 |    514 |    21.5517 |
|        1 |        124 |          1088.50 |      1088.50 |      1151.00 |                  5.00 |                    5.00 |    516 |    21.6134 |
|        1 |        125 |          1088.50 |      1088.50 |      1151.00 |                  5.00 |                    5.00 |    516 |    21.6756 |
|        1 |        126 |          1088.50 |      1088.50 |      1149.30 |                  5.00 |                    5.00 |    516 |    21.7802 |
|        1 |        127 |          1088.50 |      1088.50 |      1150.20 |                  5.00 |                    5.00 |    520 |    21.8816 |
|        1 |        128 |          1088.50 |      1088.50 |      1150.60 |                  5.00 |                    5.00 |    522 |    21.9706 |
|        1 |        129 |          1088.50 |      1088.50 |      1141.30 |                  5.00 |                    5.00 |    522 |    22.0676 |
|        1 |        130 |          1088.50 |      1088.50 |      1150.00 |                  5.00 |                    5.00 |    527 |    22.2116 |
|        1 |        131 |          1088.50 |      1088.50 |      1150.00 |                  5.00 |                    5.00 |    527 |    22.2950 |
|        1 |        132 |          1088.50 |      1088.50 |      1138.00 |                  5.00 |                    5.00 |    528 |    22.3762 |
|        1 |        133 |          1088.50 |      1088.50 |      1141.30 |                  5.00 |                    5.00 |    528 |    22.4612 |
|        1 |        134 |          1088.50 |      1088.50 |      1132.30 |                  5.00 |                    5.00 |    534 |    22.5782 |
|        1 |        135 |          1088.50 |      1088.50 |      1132.30 |                  5.00 |                    5.00 |    534 |    22.6598 |
|        1 |        136 |          1088.50 |      1088.50 |      1142.20 |                  5.00 |                    5.00 |    535 |    22.7341 |
|        1 |        137 |          1088.50 |      1088.50 |      1132.50 |                  5.00 |                    5.00 |    537 |    22.8478 |
|        1 |        138 |          1088.50 |      1088.50 |      1120.60 |                  5.00 |                    5.00 |    539 |    22.9655 |
|        1 |        139 |          1088.50 |      1088.50 |      1139.40 |                  5.00 |                    5.00 |    541 |    23.0678 |
|        1 |        140 |          1088.50 |      1088.50 |      1121.80 |                  5.00 |                    5.13 |    545 |    23.2251 |
|        1 |        141 |          1088.50 |      1088.50 |      1129.30 |                  5.00 |                    5.00 |    547 |    23.3069 |
|        1 |        142 |          1088.50 |      1088.50 |      1102.90 |                  5.00 |                    5.00 |    549 |    23.4755 |
|        1 |        143 |          1088.50 |      1088.50 |      1104.30 |                  5.00 |                    5.00 |    552 |    23.5942 |
|        1 |        144 |          1088.50 |      1088.50 |      1114.30 |                  5.00 |                    5.00 |    557 |    23.6945 |
|        1 |        145 |          1088.50 |      1088.50 |      1110.50 |                  5.00 |                    5.00 |    558 |    23.7706 |
|        1 |        146 |          1088.50 |      1088.50 |      1111.20 |                  5.00 |                    5.00 |    558 |    23.8340 |
|        1 |        147 |          1088.50 |      1088.50 |      1110.50 |                  5.00 |                    5.00 |    558 |    23.8877 |
|        1 |        148 |          1088.50 |      1088.50 |      1097.50 |                  5.00 |                    5.00 |    558 |    23.9726 |
|        1 |        149 |          1088.50 |      1088.50 |      1097.50 |                  5.00 |                    5.00 |    558 |    24.0163 |
|        1 |        150 |          1088.50 |      1088.50 |      1090.60 |                  5.00 |                    5.00 |    559 |    24.1101 |
|        1 |        151 |          1088.50 |      1088.50 |      1090.60 |                  5.00 |                    5.00 |    559 |    24.1678 |
|        1 |        152 |          1088.50 |      1088.50 |      1097.50 |                  5.00 |                    5.00 |    559 |    24.2167 |
|        1 |        153 |          1088.50 |      1088.50 |      1095.20 |                  5.00 |                    5.00 |    559 |    24.2776 |
|        1 |        154 |          1088.50 |      1088.50 |      1095.20 |                  5.00 |                    5.00 |    560 |    24.3330 |
|        1 |        155 |          1088.50 |      1088.50 |      1095.20 |                  5.00 |                    5.00 |    560 |    24.3953 |
|        1 |        156 |          1088.50 |      1088.50 |      1102.90 |                  5.00 |                    5.36 |    561 |    24.5111 |
|        1 |        157 |          1088.50 |      1088.50 |      1150.10 |                  5.00 |                    5.00 |    563 |    24.5782 |
|        1 |        158 |          1088.50 |      1088.50 |      1140.10 |                  5.00 |                    5.00 |    564 |    24.6725 |
|        1 |        159 |          1088.50 |      1088.50 |      1164.70 |                  5.00 |                    5.00 |    570 |    24.7436 |
|        1 |        160 |          1088.50 |      1088.50 |      1148.80 |                  5.00 |                    5.00 |    571 |    24.8165 |
|        1 |        161 |          1088.50 |      1088.50 |      1148.70 |                  5.00 |                    5.00 |    573 |    24.8766 |
|        1 |        162 |          1088.50 |      1088.50 |      1150.20 |                  5.00 |                    6.22 |    575 |    24.9593 |
|        1 |        163 |          1088.50 |      1088.50 |      1126.50 |                  5.00 |                    5.00 |    580 |    25.0885 |
|        1 |        164 |          1088.50 |      1088.50 |      1142.30 |                  5.00 |                    5.00 |    581 |    25.1550 |
|        1 |        165 |          1088.50 |      1088.50 |      1128.60 |                  5.00 |                    5.00 |    584 |    25.2353 |
|        1 |        166 |          1088.50 |      1088.50 |      1128.00 |                  5.00 |                    5.00 |    586 |    25.3153 |
|        1 |        167 |          1088.50 |      1088.50 |      1143.90 |                  5.00 |                    6.41 |    587 |    25.3725 |
|        1 |        168 |          1088.50 |      1088.50 |      1160.40 |                  5.00 |                    5.00 |    589 |    25.4579 |
|        1 |        169 |          1088.50 |      1088.50 |      1154.90 |                  5.00 |                    5.00 |    589 |    25.5439 |
|        1 |        170 |          1088.50 |      1088.50 |      1148.30 |                  5.00 |                    5.00 |    592 |    25.7267 |
|        1 |        171 |          1088.50 |      1088.50 |      1163.50 |                  5.00 |                    5.00 |    593 |    25.8115 |
|        1 |        172 |          1088.50 |      1088.50 |      1162.00 |                  5.00 |                    5.00 |    593 |    25.9082 |
|        1 |        173 |          1088.50 |      1088.50 |      1146.60 |                  5.00 |                    5.00 |    603 |    26.1742 |
|        1 |        174 |          1088.50 |      1088.50 |      1146.50 |                  5.00 |                    5.00 |    603 |    26.2417 |
|        1 |        175 |          1088.50 |      1088.50 |      1140.10 |                  5.00 |                    5.00 |    608 |    26.3233 |
|        1 |        176 |          1088.50 |      1088.50 |      1132.20 |                  5.00 |                    5.00 |    614 |    26.4503 |
|        1 |        177 |          1088.50 |      1088.50 |      1122.50 |                  5.00 |                    5.00 |    616 |    26.5164 |
|        1 |        178 |          1088.50 |      1088.50 |      1122.50 |                  5.00 |                    5.00 |    616 |    26.5542 |
|        1 |        179 |          1088.50 |      1088.50 |      1122.30 |                  5.00 |                    5.00 |    618 |    26.6389 |
|        1 |        180 |          1088.50 |      1088.50 |      1122.10 |                  5.00 |                    5.00 |    620 |    26.6940 |
|        1 |        181 |          1088.50 |      1088.50 |      1122.10 |                  5.00 |                    5.00 |    620 |    26.7445 |
|        1 |        182 |          1088.50 |      1088.50 |      1124.00 |                  5.00 |                    5.00 |    623 |    26.8707 |
|        1 |        183 |          1088.50 |      1088.50 |      1124.90 |                  5.00 |                    5.00 |    623 |    26.9278 |
|        1 |        184 |          1088.50 |      1088.50 |      1120.50 |                  5.00 |                    5.00 |    626 |    27.0981 |
|        1 |        185 |          1088.50 |      1088.50 |      1114.00 |                  5.00 |                    5.00 |    629 |    27.2034 |
|        1 |        186 |          1088.50 |      1088.50 |      1110.20 |                  5.00 |                    5.00 |    631 |    27.3248 |
|        1 |        187 |          1088.50 |      1088.50 |      1110.20 |                  5.00 |                    5.00 |    631 |    27.3672 |
|        1 |        188 |          1088.50 |      1088.50 |      1125.40 |                  5.00 |                    5.00 |    634 |    27.4391 |
|        1 |        189 |          1088.50 |      1088.50 |      1133.40 |                  5.00 |                    7.08 |    639 |    27.5430 |
|        1 |        190 |          1088.50 |      1088.50 |      1149.00 |                  5.00 |                    5.00 |    642 |    27.7279 |
|        1 |        191 |          1088.50 |      1088.50 |      1148.10 |                  5.00 |                    5.00 |    642 |    27.8262 |
|        1 |        192 |          1088.50 |      1088.50 |      1157.33 |                  5.00 |                    5.00 |    645 |    27.8932 |
|        1 |        193 |          1088.50 |      1088.50 |      1147.70 |                  5.00 |                    5.00 |    650 |    28.0081 |
|        1 |        194 |          1088.50 |      1088.50 |      1115.10 |                  5.00 |                    5.00 |    656 |    28.1029 |
|        1 |        195 |          1088.50 |      1088.50 |      1116.60 |                  5.00 |                    5.00 |    659 |    28.1461 |
|        1 |        196 |          1088.50 |      1088.50 |      1116.60 |                  5.00 |                    5.00 |    659 |    28.1885 |
|        1 |        197 |          1088.50 |      1088.50 |      1116.60 |                  5.00 |                    5.00 |    659 |    28.2590 |
|        1 |        198 |          1088.50 |      1088.50 |      1117.20 |                  5.00 |                    5.00 |    664 |    28.3665 |
|        1 |        199 |          1088.50 |      1088.50 |      1117.20 |                  5.00 |                    5.00 |    664 |    28.4217 |
|        1 |        200 |          1088.50 |      1088.50 |      1134.00 |                  5.00 |                    5.26 |    667 |    28.4923 |
|        1 |        201 |          1088.50 |      1088.50 |      1120.20 |                  5.00 |                    5.00 |    671 |    28.6943 |
|        1 |        202 |          1088.50 |      1088.50 |      1120.20 |                  5.00 |                    5.00 |    672 |    28.7699 |
|        1 |        203 |          1088.50 |      1088.50 |      1130.70 |                  5.00 |                    5.00 |    674 |    28.8429 |
|        1 |        204 |          1088.50 |      1088.50 |      1123.40 |                  5.63 |                    5.00 |    676 |    28.9733 |
|        1 |        205 |          1088.50 |      1088.50 |      1123.40 |                  5.00 |                    5.00 |    676 |    29.0536 |
|        1 |        206 |          1088.50 |      1088.50 |      1133.20 |                  5.00 |                    5.00 |    679 |    29.1407 |
|        1 |        207 |          1088.50 |      1088.50 |      1121.80 |                  5.00 |                    7.51 |    682 |    29.2962 |
|        1 |        208 |          1088.50 |      1088.50 |      1135.70 |                  5.00 |                    5.00 |    687 |    29.7313 |
|        1 |        209 |          1088.50 |      1088.50 |      1135.70 |                  5.00 |                    5.00 |    687 |    29.7954 |
|        1 |        210 |          1088.50 |      1088.50 |      1148.20 |                  5.00 |                    5.00 |    690 |    29.8901 |
|        1 |        211 |          1088.50 |      1088.50 |      1148.20 |                  5.00 |                    5.00 |    690 |    29.9627 |
|        1 |        212 |          1088.50 |      1088.50 |      1216.20 |                  5.00 |                    5.00 |    693 |    30.0226 |
|        1 |        213 |          1088.50 |      1088.50 |      1147.80 |                  6.10 |                    5.00 |    696 |    30.2211 |
|        1 |        214 |          1088.50 |      1088.50 |      1147.60 |                  5.00 |                    5.00 |    697 |    30.4259 |
|        1 |        215 |          1088.50 |      1088.50 |      1146.40 |                  5.00 |                    5.00 |    700 |    30.5344 |
|        1 |        216 |          1088.50 |      1088.50 |      1143.70 |                  5.00 |                    5.00 |    705 |    30.6622 |
|        1 |        217 |          1088.50 |      1088.50 |      1151.10 |                  5.00 |                    5.00 |    711 |    30.8409 |
|        1 |        218 |          1088.50 |      1088.50 |      1143.10 |                  5.00 |                    6.79 |    715 |    30.9455 |
|        1 |        219 |          1088.50 |      1088.50 |      1131.40 |                  5.00 |                    5.00 |    717 |    31.0436 |
|        1 |        220 |          1088.50 |      1088.50 |      1131.40 |                  5.00 |                    5.00 |    717 |    31.1390 |
|        1 |        221 |          1088.50 |      1088.50 |      1131.40 |                  5.00 |                    5.00 |    717 |    31.2443 |
|        1 |        222 |          1088.50 |      1088.50 |      1131.90 |                  5.00 |                    5.00 |    721 |    31.4278 |
|        1 |        223 |          1088.50 |      1088.50 |      1131.90 |                  5.00 |                    5.00 |    721 |    31.4968 |
|        1 |        224 |          1088.50 |      1088.50 |      1133.24 |                  5.00 |                   12.46 |    727 |    31.7083 |
|        1 |        225 |          1088.50 |      1088.50 |      1134.70 |                  5.00 |                    5.00 |    729 |    31.8711 |
|        1 |        226 |          1088.50 |      1088.50 |      1132.10 |                  5.00 |                    5.00 |    729 |    31.9662 |
|        1 |        227 |          1088.50 |      1088.50 |      1132.10 |                  5.00 |                    5.00 |    729 |    32.0368 |
|        1 |        228 |          1088.50 |      1088.50 |      1140.00 |                  5.00 |                    5.00 |    730 |    32.1386 |
|        1 |        229 |          1088.50 |      1088.50 |      1124.20 |                  5.00 |                    5.00 |    731 |    32.2143 |
|        1 |        230 |          1088.50 |      1088.50 |      1122.90 |                  5.00 |                    5.00 |    732 |    32.3566 |
|        1 |        231 |          1088.50 |      1088.50 |      1122.90 |                  5.00 |                    5.69 |    732 |    32.4203 |
|        1 |        232 |          1088.50 |      1088.50 |      1118.80 |                  5.00 |                    5.00 |    733 |    32.5458 |
|        1 |        233 |          1088.50 |      1088.50 |      1118.80 |                  5.00 |                    5.00 |    733 |    32.5960 |
|        1 |        234 |          1088.50 |      1088.50 |      1118.50 |                  5.00 |                    5.00 |    734 |    32.7244 |
|        1 |        235 |          1088.50 |      1088.50 |      1118.60 |                  5.00 |                    5.00 |    735 |    32.8234 |
|        1 |        236 |          1088.50 |      1088.50 |      1118.60 |                  5.00 |                    5.00 |    736 |    32.9275 |
|        1 |        237 |          1088.50 |      1088.50 |      1125.50 |                  5.00 |                    5.00 |    741 |    33.0525 |
|        1 |        238 |          1088.50 |      1088.50 |      1125.50 |                  5.00 |                    5.31 |    741 |    33.1270 |
|        1 |        239 |          1088.50 |      1088.50 |      1127.70 |                  5.00 |                    5.00 |    743 |    33.3231 |
|        1 |        240 |          1088.50 |      1088.50 |      1123.60 |                  5.00 |                    5.00 |    746 |    33.4114 |
|        1 |        241 |          1088.50 |      1088.50 |      1125.50 |                  5.00 |                    5.00 |    749 |    33.5330 |
|        1 |        242 |          1088.50 |      1088.50 |      1121.20 |                  5.00 |                    5.00 |    749 |    33.6362 |
|        1 |        243 |          1088.50 |      1088.50 |      1136.00 |                  5.00 |                    5.00 |    749 |    33.6835 |
|        1 |        244 |          1088.50 |      1088.50 |      1135.70 |                  5.00 |                    5.00 |    751 |    33.7687 |
|        1 |        245 |          1088.50 |      1088.50 |      1135.70 |                  5.00 |                    5.00 |    751 |    33.8639 |
|        1 |        246 |          1088.50 |      1088.50 |      1116.70 |                  5.00 |                    5.00 |    753 |    33.9853 |
|        1 |        247 |          1088.50 |      1088.50 |      1107.10 |                  5.00 |                    5.00 |    754 |    34.1269 |
|        1 |        248 |          1088.50 |      1088.50 |      1107.10 |                  5.00 |                    5.00 |    754 |    34.2141 |
|        1 |        249 |          1088.50 |      1088.50 |      1122.00 |                  5.00 |                    5.00 |    756 |    34.2931 |
|        1 |        250 |          1088.50 |      1088.50 |      1124.90 |                  5.00 |                    5.00 |    759 |    34.3754 |
|        1 |        251 |          1088.50 |      1088.50 |      1122.00 |                  5.00 |                    5.00 |    759 |    34.4351 |
|        1 |        252 |          1088.50 |      1088.50 |      1111.60 |                  5.00 |                   10.44 |    762 |    34.5261 |
|        1 |        253 |          1088.50 |      1088.50 |      1107.90 |                  5.00 |                    5.00 |    763 |    34.6194 |
|        1 |        254 |          1088.50 |      1088.50 |      1107.90 |                  5.00 |                    5.00 |    763 |    34.6859 |
|        1 |        255 |          1088.50 |      1088.50 |      1121.80 |                  5.00 |                    5.00 |    765 |    34.7822 |
|        1 |        256 |          1088.50 |      1088.50 |      1140.80 |                  5.00 |                    5.00 |    766 |    34.8509 |
|        1 |        257 |          1088.50 |      1088.50 |      1139.20 |                  5.00 |                    5.00 |    767 |    34.9279 |
|        1 |        258 |          1088.50 |      1088.50 |      1139.20 |                  5.00 |                    5.00 |    767 |    34.9992 |
|        1 |        259 |          1088.50 |      1088.50 |      1139.20 |                  5.00 |                    5.86 |    767 |    35.0649 |
|        1 |        260 |          1088.50 |      1088.50 |      1128.80 |                  5.00 |                    5.00 |    769 |    35.2107 |
|        1 |        261 |          1088.50 |      1088.50 |      1122.80 |                  5.00 |                    5.00 |    773 |    35.3079 |
|        1 |        262 |          1088.50 |      1088.50 |      1123.40 |                  5.00 |                    5.00 |    773 |    35.3806 |
|        1 |        263 |          1088.50 |      1088.50 |      1135.00 |                  5.00 |                    5.00 |    776 |    35.4921 |
|        1 |        264 |          1088.50 |      1088.50 |      1135.00 |                  5.00 |                    5.00 |    776 |    35.5655 |
|        1 |        265 |          1088.50 |      1088.50 |      1121.40 |                  5.00 |                    5.00 |    776 |    35.6621 |
|        1 |        266 |          1088.50 |      1088.50 |      1128.30 |                  5.05 |                    5.41 |    778 |    35.7513 |
|        1 |        267 |          1088.50 |      1088.50 |      1128.30 |                  5.00 |                    5.00 |    778 |    35.8187 |
|        1 |        268 |          1088.50 |      1088.50 |      1140.10 |                  5.00 |                    5.00 |    782 |    35.9607 |
|        1 |        269 |          1088.50 |      1088.50 |      1140.10 |                  5.00 |                    5.69 |    782 |    36.0285 |
|        1 |        270 |          1088.50 |      1088.50 |      1140.10 |                  5.00 |                    5.00 |    782 |    36.0958 |
|        1 |        271 |          1088.50 |      1088.50 |      1139.60 |                  5.00 |                    5.63 |    782 |    36.1510 |
|        1 |        272 |          1088.50 |      1088.50 |      1140.48 |                  5.00 |                    8.31 |    785 |    36.2445 |
|        1 |        273 |          1088.50 |      1088.50 |      1121.20 |                  5.00 |                    5.00 |    792 |    36.3921 |
|        1 |        274 |          1088.50 |      1088.50 |      1121.20 |                  5.00 |                    5.52 |    792 |    36.4611 |
|        1 |        275 |          1088.50 |      1088.50 |      1121.20 |                  5.00 |                    5.00 |    792 |    36.5460 |
|        1 |        276 |          1088.50 |      1088.50 |      1134.90 |                  5.00 |                    5.26 |    797 |    36.6134 |
|        1 |        277 |          1088.50 |      1088.50 |      1135.90 |                  5.00 |                    5.00 |    799 |    36.7062 |
|        1 |        278 |          1088.50 |      1088.50 |      1132.00 |                  5.00 |                    5.26 |    803 |    36.8325 |
|        1 |        279 |          1088.50 |      1088.50 |      1132.00 |                  5.00 |                    5.00 |    803 |    36.8918 |
|        1 |        280 |          1088.50 |      1088.50 |      1132.00 |                  5.00 |                    5.00 |    803 |    36.9475 |
|        1 |        281 |          1088.50 |      1088.50 |      1131.90 |                  5.00 |                    5.00 |    804 |    37.0230 |
|        1 |        282 |          1088.50 |      1088.50 |      1131.60 |                  5.00 |                    5.00 |    804 |    37.1002 |
|        1 |        283 |          1088.50 |      1088.50 |      1131.60 |                  5.00 |                    5.00 |    804 |    37.1542 |
|        1 |        284 |          1088.50 |      1088.50 |      1098.50 |                  5.47 |                    5.47 |    806 |    37.3154 |
|        1 |        285 |          1088.50 |      1088.50 |      1102.60 |                  5.00 |                    5.00 |    807 |    37.3768 |
|        1 |        286 |          1088.50 |      1088.50 |      1120.40 |                  5.00 |                    5.80 |    809 |    37.4365 |
|        1 |        287 |          1088.50 |      1088.50 |      1135.90 |                  5.00 |                    5.00 |    812 |    37.5040 |
|        1 |        288 |          1088.50 |      1088.50 |      1135.90 |                  5.00 |                    5.26 |    812 |    37.5717 |
|        1 |        289 |          1088.50 |      1088.50 |      1131.00 |                  5.00 |                    5.86 |    813 |    37.6617 |
|        1 |        290 |          1088.50 |      1088.50 |      1136.20 |                  5.00 |                    5.00 |    816 |    37.7496 |
|        1 |        291 |          1088.50 |      1088.50 |      1135.30 |                  5.00 |                    5.00 |    819 |    37.8650 |
|        1 |        292 |          1088.50 |      1088.50 |      1135.30 |                  5.00 |                    5.41 |    819 |    37.9434 |
|        1 |        293 |          1088.50 |      1088.50 |      1129.60 |                  5.00 |                    5.00 |    820 |    38.0232 |
|        1 |        294 |          1088.50 |      1088.50 |      1129.60 |                  5.00 |                    5.00 |    820 |    38.0896 |
|        1 |        295 |          1088.50 |      1088.50 |      1140.00 |                  5.00 |                    5.00 |    821 |    38.1633 |
|        1 |        296 |          1088.50 |      1088.50 |      1137.90 |                  5.00 |                    5.00 |    824 |    38.2211 |
|        1 |        297 |          1088.50 |      1088.50 |      1137.90 |                  5.00 |                    5.00 |    824 |    38.3064 |
|        1 |        298 |          1088.50 |      1088.50 |      1114.60 |                  5.00 |                    5.00 |    826 |    38.3888 |
|        1 |        299 |          1088.50 |      1088.50 |      1118.00 |                  5.00 |                    5.58 |    829 |    38.4484 |
|        1 |        300 |          1088.50 |      1088.50 |      1133.90 |                  5.00 |                    5.00 |    830 |    38.5121 |
|        1 |        301 |          1088.50 |      1088.50 |      1133.90 |                  5.00 |                    5.00 |    830 |    38.5698 |
|        1 |        302 |          1088.50 |      1088.50 |      1117.00 |                  5.00 |                    5.00 |    835 |    38.6428 |
|        1 |        303 |          1088.50 |      1088.50 |      1116.02 |                  5.00 |                    5.55 |    837 |    38.8003 |
|        1 |        304 |          1088.50 |      1088.50 |      1139.00 |                  5.00 |                    6.67 |    842 |    38.8624 |
|        1 |        305 |          1088.50 |      1088.50 |      1133.00 |                  5.00 |                    5.00 |    844 |    38.9450 |
|        1 |        306 |          1088.50 |      1088.50 |      1129.60 |                  5.00 |                    5.00 |    845 |    39.0114 |
|        1 |        307 |          1088.50 |      1088.50 |      1132.10 |                  5.00 |                    5.00 |    845 |    39.0853 |
|        1 |        308 |          1088.50 |      1088.50 |      1123.00 |                  5.00 |                    5.00 |    848 |    39.1969 |
|        1 |        309 |          1088.50 |      1088.50 |      1120.20 |                  5.00 |                    5.00 |    848 |    39.3573 |
|        1 |        310 |          1088.50 |      1088.50 |      1122.70 |                  5.00 |                    5.00 |    848 |    39.4592 |
|        1 |        311 |          1088.50 |      1088.50 |      1122.70 |                  5.00 |                    5.00 |    848 |    39.5382 |
|        1 |        312 |          1088.50 |      1088.50 |      1122.70 |                  5.00 |                    5.00 |    848 |    39.6139 |
|        1 |        313 |          1088.50 |      1088.50 |      1122.30 |                  5.00 |                    5.00 |    848 |    39.7007 |
|        1 |        314 |          1088.50 |      1088.50 |      1127.80 |                  5.00 |                    5.00 |    850 |    39.7625 |
|        1 |        315 |          1088.50 |      1088.50 |      1133.80 |                  5.00 |                    5.00 |    854 |    39.8436 |
|        1 |        316 |          1088.50 |      1088.50 |      1133.80 |                  5.00 |                    5.00 |    854 |    39.9134 |
------------------------------------------------------------------------------------------------------------------------------------------------
|  Restart |  Iteration |  Best Feas. Cost |    Best Cost |   Curr. Cost |   Penalty Custom Res. |   Penalty Standard Res. |   Pool |   Time (s) |
------------------------------------------------------------------------------------------------------------------------------------------------
|        1 |        317 |          1088.50 |      1088.50 |      1126.80 |                  5.00 |                    5.00 |    854 |    40.0005 |
|        1 |        318 |          1088.50 |      1088.50 |      1119.80 |                  5.00 |                    5.52 |    854 |    40.0732 |
|        1 |        319 |          1088.50 |      1088.50 |      1127.10 |                  5.00 |                    5.26 |    857 |    40.1702 |
|        1 |        320 |          1088.50 |      1088.50 |      1127.10 |                  5.00 |                    5.00 |    857 |    40.2299 |
|        1 |        321 |          1088.50 |      1088.50 |      1127.10 |                  5.00 |                    5.00 |    857 |    40.2958 |
|        1 |        322 |          1088.50 |      1088.50 |      1127.10 |                  5.00 |                    5.00 |    857 |    40.3644 |
|        1 |        323 |          1088.50 |      1088.50 |      1122.30 |                  5.00 |                    5.00 |    859 |    40.4361 |
|        1 |        324 |          1088.50 |      1088.50 |      1127.00 |                  5.00 |                    5.00 |    866 |    40.5887 |
|        1 |        325 |          1088.50 |      1088.50 |      1122.30 |                  5.00 |                    5.00 |    866 |    40.6800 |
|        1 |        326 |          1088.50 |      1088.50 |      1122.30 |                  5.00 |                    5.00 |    866 |    40.7901 |
|        1 |        327 |          1088.50 |      1088.50 |      1120.70 |                  5.00 |                    6.10 |    867 |    40.9557 |
|        1 |        328 |          1088.50 |      1088.50 |      1122.20 |                  5.00 |                    5.00 |    870 |    41.0489 |
|        1 |        329 |          1088.50 |      1088.50 |      1120.90 |                  5.00 |                    5.00 |    872 |    41.1535 |
|        1 |        330 |          1088.50 |      1088.50 |      1126.60 |                  5.00 |                    5.00 |    873 |    41.2535 |
|        1 |        331 |          1088.50 |      1088.50 |      1127.30 |                  5.00 |                    5.00 |    874 |    41.3225 |
|        1 |        332 |          1088.50 |      1088.50 |      1122.50 |                  5.00 |                    5.00 |    876 |    41.4276 |
|        1 |        333 |          1088.50 |      1088.50 |      1130.30 |                  5.00 |                    5.00 |    877 |    41.4927 |
|        1 |        334 |          1088.50 |      1088.50 |      1125.70 |                  5.00 |                    5.00 |    877 |    41.5556 |
|        1 |        335 |          1088.50 |      1088.50 |      1109.90 |                  5.00 |                    5.00 |    878 |    41.6723 |
|        1 |        336 |          1088.50 |      1088.50 |      1109.90 |                  5.00 |                    5.00 |    878 |    41.7337 |
|        1 |        337 |          1088.50 |      1088.50 |      1109.90 |                  5.00 |                    5.00 |    878 |    41.8251 |
|        1 |        338 |          1088.50 |      1088.50 |      1109.90 |                  5.00 |                    5.00 |    878 |    41.8808 |
|        1 |        339 |          1088.50 |      1088.50 |      1109.90 |                  5.00 |                    5.00 |    878 |    41.9396 |
|        1 |        340 |          1088.50 |      1088.50 |      1109.90 |                  5.00 |                    5.00 |    878 |    41.9976 |
|        1 |        341 |          1088.50 |      1088.50 |      1109.90 |                  5.00 |                    5.00 |    878 |    42.0627 |
|        1 |        342 |          1088.50 |      1088.50 |      1115.80 |                  5.00 |                    5.00 |    881 |    42.1423 |
|        1 |        343 |          1088.50 |      1088.50 |      1115.80 |                  5.00 |                    5.00 |    881 |    42.1972 |
|        1 |        344 |          1088.50 |      1088.50 |      1131.90 |                  5.00 |                    5.00 |    883 |    42.2906 |
|        1 |        345 |          1088.50 |      1088.50 |      1131.90 |                  5.00 |                    5.00 |    883 |    42.3501 |
|        1 |        346 |          1088.50 |      1088.50 |      1132.00 |                  5.00 |                    5.00 |    883 |    42.4046 |
|        1 |        347 |          1088.50 |      1088.50 |      1129.30 |                  5.00 |                    5.00 |    885 |    42.4774 |
|        1 |        348 |          1088.50 |      1088.50 |      1111.50 |                  5.00 |                    5.00 |    887 |    42.6342 |
|        1 |        349 |          1088.50 |      1088.50 |      1108.60 |                  5.00 |                    5.00 |    889 |    42.7498 |
|        1 |        350 |          1088.50 |      1088.50 |      1108.60 |                  5.00 |                    5.00 |    889 |    42.8324 |
|        1 |        351 |          1088.50 |      1088.50 |      1111.00 |                  5.00 |                    5.00 |    891 |    42.8987 |
|        1 |        352 |          1088.50 |      1088.50 |      1115.00 |                  5.00 |                    5.00 |    892 |    42.9638 |
|        1 |        353 |          1088.50 |      1088.50 |      1115.00 |                  5.00 |                    5.00 |    892 |    43.0406 |
|        1 |        354 |          1088.50 |      1088.50 |      1115.00 |                  5.00 |                    5.00 |    892 |    43.1001 |
|        1 |        355 |          1088.50 |      1088.50 |      1148.91 |                  5.00 |                    5.00 |    897 |    43.1829 |
|        1 |        356 |          1088.50 |      1088.50 |      1153.00 |                  5.00 |                    5.00 |    904 |    43.2949 |
|        1 |        357 |          1088.50 |      1088.50 |      1156.00 |                  5.00 |                    5.00 |    907 |    43.3686 |
|        1 |        358 |          1088.50 |      1088.50 |      1114.64 |                  5.00 |                    7.65 |    908 |    43.5610 |
|        1 |        359 |          1088.50 |      1088.50 |      1112.38 |                  5.00 |                    5.00 |    912 |    43.6355 |
|        1 |        360 |          1088.50 |      1088.50 |      1115.30 |                  5.00 |                    5.00 |    914 |    43.7512 |
|        1 |        361 |          1088.50 |      1088.50 |      1114.80 |                  8.22 |                   11.16 |    919 |    43.8660 |
|        1 |        362 |          1088.50 |      1088.50 |      1113.40 |                  5.00 |                   10.45 |    920 |    43.9659 |
|        1 |        363 |          1088.50 |      1088.50 |      1113.40 |                  5.00 |                    9.52 |    920 |    44.0233 |
|        1 |        364 |          1088.50 |      1088.50 |      1113.40 |                  5.00 |                    8.49 |    920 |    44.0997 |
|        1 |        365 |          1088.50 |      1088.50 |      1121.10 |                  5.00 |                    5.00 |    922 |    44.1853 |
|        1 |        366 |          1088.50 |      1088.50 |      1114.50 |                  5.00 |                    5.47 |    924 |    44.3012 |
|        1 |        367 |          1088.50 |      1088.50 |      1117.90 |                  5.00 |                    5.00 |    927 |    44.3605 |
|        1 |        368 |          1088.50 |      1088.50 |      1125.60 |                  5.00 |                    5.00 |    932 |    44.5102 |
|        1 |        369 |          1088.50 |      1088.50 |      1121.60 |                  5.00 |                    5.00 |    933 |    44.6215 |
|        1 |        370 |          1088.50 |      1088.50 |      1121.60 |                  5.00 |                    5.00 |    933 |    44.6913 |
|        1 |        371 |          1088.50 |      1088.50 |      1130.00 |                  5.00 |                    5.00 |    934 |    44.7548 |
|        1 |        372 |          1088.50 |      1088.50 |      1156.90 |                  5.00 |                    5.00 |    938 |    44.8452 |
|        1 |        373 |          1088.50 |      1088.50 |      1127.40 |                  5.00 |                    5.00 |    941 |    44.9411 |
|        1 |        374 |          1088.50 |      1088.50 |      1125.10 |                  5.00 |                    5.00 |    944 |    45.0209 |
|        1 |        375 |          1088.50 |      1088.50 |      1124.90 |                  5.00 |                    5.00 |    946 |    45.1039 |
|        1 |        376 |          1088.50 |      1088.50 |      1124.90 |                  5.00 |                    5.00 |    946 |    45.1648 |
|        1 |        377 |          1088.50 |      1088.50 |      1124.70 |                  5.00 |                    5.00 |    947 |    45.2649 |
|        1 |        378 |          1088.50 |      1088.50 |      1124.70 |                  5.00 |                    5.00 |    947 |    45.3286 |
|        1 |        379 |          1088.50 |      1088.50 |      1116.60 |                  5.00 |                    5.00 |    949 |    45.4774 |
|        1 |        380 |          1088.50 |      1088.50 |      1116.60 |                  5.00 |                    5.00 |    949 |    45.5610 |
|        1 |        381 |          1088.50 |      1088.50 |      1115.00 |                  5.00 |                    5.00 |    949 |    45.6246 |
|        1 |        382 |          1088.50 |      1088.50 |      1115.00 |                  5.00 |                    5.00 |    949 |    45.6889 |
|        1 |        383 |          1088.50 |      1088.50 |      1111.10 |                  5.00 |                    5.00 |    949 |    45.7778 |
|        1 |        384 |          1088.50 |      1088.50 |      1130.20 |                  5.00 |                    5.00 |    954 |    45.8743 |
|        1 |        385 |          1088.50 |      1088.50 |      1130.20 |                  5.00 |                    5.00 |    954 |    45.9292 |
|        1 |        386 |          1088.50 |      1088.50 |      1128.10 |                  5.00 |                    5.00 |    955 |    46.0002 |
|        1 |        387 |          1088.50 |      1088.50 |      1123.90 |                  5.30 |                    5.00 |    955 |    46.1168 |
|        1 |        388 |          1088.50 |      1088.50 |      1123.90 |                  5.00 |                    5.00 |    955 |    46.1774 |
|        1 |        389 |          1088.50 |      1088.50 |      1126.20 |                  5.00 |                    5.00 |    957 |    46.2263 |
|        1 |        390 |          1088.50 |      1088.50 |      1124.10 |                  5.00 |                    5.00 |    957 |    46.3157 |
|        1 |        391 |          1088.50 |      1088.50 |      1124.10 |                  5.00 |                    5.00 |    957 |    46.3881 |
|        1 |        392 |          1088.50 |      1088.50 |      1122.00 |                  5.00 |                    5.00 |    960 |    46.4720 |
|        1 |        393 |          1088.50 |      1088.50 |      1121.40 |                  5.00 |                    5.04 |    961 |    46.5450 |
|        1 |        394 |          1088.50 |      1088.50 |      1121.40 |                  5.00 |                    5.00 |    961 |    46.6268 |
|        1 |        395 |          1088.50 |      1088.50 |      1126.20 |                  5.00 |                    5.00 |    961 |    46.7048 |
|        1 |        396 |          1088.50 |      1088.50 |      1132.00 |                  5.00 |                    5.00 |    962 |    46.7748 |
|        1 |        397 |          1088.50 |      1088.50 |      1130.40 |                  5.00 |                    5.00 |    964 |    46.8634 |
|        1 |        398 |          1088.50 |      1088.50 |      1133.30 |                  5.00 |                    5.00 |    967 |    46.9857 |
|        1 |        399 |          1088.50 |      1088.50 |      1133.30 |                  5.00 |                    5.00 |    967 |    47.0408 |
|        1 |        400 |          1088.50 |      1088.50 |      1136.30 |                  5.00 |                    5.00 |    967 |    47.1027 |
|        1 |        401 |          1088.50 |      1088.50 |      1136.30 |                  5.00 |                    5.00 |    967 |    47.1619 |
|        1 |        402 |          1088.50 |      1088.50 |      1137.80 |                  5.00 |                    5.00 |    970 |    47.2275 |
|        1 |        403 |          1088.50 |      1088.50 |      1161.80 |                  5.00 |                    5.00 |    973 |    47.2854 |
|        1 |        404 |          1088.50 |      1088.50 |      1131.10 |                  5.00 |                    7.01 |    976 |    47.4018 |
|        1 |        405 |          1088.50 |      1088.50 |      1128.10 |                  5.00 |                    5.00 |    976 |    47.4495 |
|        1 |        406 |          1088.50 |      1088.50 |      1126.40 |                  5.00 |                    5.26 |    977 |    47.5271 |
|        1 |        407 |          1088.50 |      1088.50 |      1126.40 |                  5.00 |                    5.03 |    977 |    47.6054 |
|        1 |        408 |          1088.50 |      1088.50 |      1128.90 |                  5.00 |                    5.00 |    977 |    47.6808 |
|        1 |        409 |          1088.50 |      1088.50 |      1110.40 |                  5.00 |                    5.00 |    979 |    47.7792 |
|        1 |        410 |          1088.50 |      1088.50 |      1110.40 |                  5.00 |                    5.00 |    979 |    47.8491 |
|        1 |        411 |          1088.50 |      1088.50 |      1111.79 |                  5.00 |                    5.00 |    980 |    47.9260 |
|        1 |        412 |          1088.50 |      1088.50 |      1131.50 |                  5.00 |                    5.00 |    982 |    48.0011 |
|        1 |        413 |          1088.50 |      1088.50 |      1131.50 |                  5.00 |                    5.00 |    982 |    48.0710 |
|        1 |        414 |          1088.50 |      1088.50 |      1131.50 |                  5.00 |                    5.00 |    982 |    48.1525 |
|        1 |        415 |          1088.50 |      1088.50 |      1128.50 |                  5.00 |                    5.00 |    982 |    48.2620 |
|        1 |        416 |          1088.50 |      1088.50 |      1162.20 |                  5.00 |                    5.00 |    985 |    48.3886 |
|        1 |        417 |          1088.50 |      1088.50 |      1163.60 |                  5.00 |                    5.00 |    990 |    48.4456 |
|        1 |        418 |          1088.50 |      1088.50 |      1164.50 |                  5.00 |                    5.00 |    991 |    48.5261 |
|        1 |        419 |          1088.50 |      1088.50 |      1159.50 |                  5.00 |                    5.00 |    993 |    48.6971 |
|        1 |        420 |          1088.50 |      1088.50 |      1148.90 |                  5.00 |                    5.00 |    996 |    48.8209 |
|        1 |        421 |          1088.50 |      1088.50 |      1130.40 |                  5.00 |                    5.00 |    997 |    48.9226 |
|        1 |        422 |          1088.50 |      1088.50 |      1140.10 |                  5.00 |                    5.00 |    999 |    48.9924 |
|        1 |        423 |          1088.50 |      1088.50 |      1115.00 |                  5.00 |                    5.00 |    999 |    49.0863 |
|        1 |        424 |          1088.50 |      1088.50 |      1130.80 |                  5.00 |                    5.00 |   1001 |    49.2045 |
|        1 |        425 |          1088.50 |      1088.50 |      1178.30 |                  5.00 |                    5.00 |   1004 |    49.2692 |
|        1 |        426 |          1088.50 |      1088.50 |      1168.00 |                  5.00 |                    5.00 |   1009 |    49.3911 |
|        1 |        427 |          1088.50 |      1088.50 |      1165.20 |                  5.00 |                    5.00 |   1009 |    49.4681 |
|        1 |        428 |          1088.50 |      1088.50 |      1165.20 |                  5.00 |                    5.00 |   1009 |    49.5365 |
|        1 |        429 |          1088.50 |      1088.50 |      1159.60 |                  5.00 |                    5.00 |   1012 |    49.7359 |
|        1 |        430 |          1088.50 |      1088.50 |      1137.20 |                  5.00 |                    5.00 |   1017 |    49.9362 |
|        1 |        431 |          1088.50 |      1088.50 |      1137.20 |                  5.00 |                    5.00 |   1017 |    49.9948 |
|        1 |        432 |          1088.50 |      1088.50 |      1137.80 |                  5.63 |                    5.00 |   1018 |    50.0594 |
|        1 |        433 |          1088.50 |      1088.50 |      1137.80 |                  5.00 |                    5.00 |   1018 |    50.1109 |
|        1 |        434 |          1088.50 |      1088.50 |      1137.80 |                  5.00 |                    5.00 |   1018 |    50.1632 |
|        1 |        435 |          1088.50 |      1088.50 |      1137.80 |                  5.00 |                    5.00 |   1018 |    50.2440 |
|        1 |        436 |          1088.50 |      1088.50 |      1136.90 |                  5.00 |                    5.00 |   1019 |    50.4894 |
|        1 |        437 |          1088.50 |      1088.50 |      1105.20 |                  5.00 |                    5.36 |   1021 |    50.7389 |
|        1 |        438 |          1088.50 |      1088.50 |      1104.90 |                  5.00 |                    5.00 |   1021 |    50.8243 |
|        1 |        439 |          1088.50 |      1088.50 |      1110.50 |                  5.00 |                    5.00 |   1022 |    50.9134 |
|        1 |        440 |          1088.50 |      1088.50 |      1110.72 |                  5.00 |                    5.00 |   1022 |    51.0102 |
|        1 |        441 |          1088.50 |      1088.50 |      1110.20 |                  5.00 |                    5.00 |   1022 |    51.0750 |
|        1 |        442 |          1088.50 |      1088.50 |      1106.70 |                  5.00 |                    5.00 |   1024 |    51.1882 |
|        1 |        443 |          1088.50 |      1088.50 |      1105.20 |                  5.00 |                    5.00 |   1028 |    51.2760 |
|        1 |        444 |          1088.50 |      1088.50 |      1104.80 |                  5.00 |                    5.00 |   1028 |    51.3504 |
|        1 |        445 |          1088.50 |      1088.50 |      1104.80 |                  5.00 |                    5.00 |   1028 |    51.4123 |
|        1 |        446 |          1088.50 |      1088.50 |      1103.50 |                  5.00 |                    5.00 |   1030 |    51.6012 |
|        1 |        447 |          1088.50 |      1088.50 |      1100.10 |                  5.00 |                    5.00 |   1030 |    51.6982 |
|        1 |        448 |          1088.50 |      1088.50 |      1098.00 |                  5.00 |                    5.00 |   1030 |    51.7564 |
|        1 |        449 |          1088.50 |      1088.50 |      1098.00 |                  5.00 |                    5.00 |   1030 |    51.8357 |
|        1 |        450 |          1088.50 |      1088.50 |      1096.80 |                  5.00 |                    5.00 |   1030 |    51.9020 |
|        1 |        451 |          1088.50 |      1088.50 |      1096.80 |                  5.00 |                    5.00 |   1030 |    51.9721 |
|        1 |        452 |          1088.50 |      1088.50 |      1096.80 |                  5.00 |                    5.00 |   1030 |    52.0357 |
|        1 |        453 |          1088.50 |      1088.50 |      1096.80 |                  5.00 |                    5.00 |   1030 |    52.1040 |
|        1 |        454 |          1088.50 |      1088.50 |      1096.80 |                  5.00 |                    5.00 |   1030 |    52.1903 |
|        1 |        455 |          1088.50 |      1088.50 |      1105.10 |                  5.00 |                    5.00 |   1032 |    52.2829 |
|        1 |        456 |          1088.50 |      1088.50 |      1105.10 |                  5.00 |                    5.00 |   1032 |    52.3929 |
|        1 |        457 |          1088.50 |      1088.50 |      1102.10 |                  5.00 |                    5.00 |   1036 |    52.4916 |
|        1 |        458 |          1088.50 |      1088.50 |      1098.80 |                  5.00 |                    5.00 |   1039 |    52.5804 |
|        1 |        459 |          1088.50 |      1088.50 |      1098.80 |                  5.00 |                    5.00 |   1039 |    52.6554 |
|        1 |        460 |          1088.50 |      1088.50 |      1099.50 |                  5.00 |                    5.00 |   1042 |    52.7472 |
|        1 |        461 |          1088.50 |      1088.50 |      1102.80 |                  5.00 |                    5.00 |   1042 |    52.8456 |
|        1 |        462 |          1088.50 |      1088.50 |      1126.10 |                  5.00 |                    5.00 |   1047 |    52.9627 |
|        1 |        463 |          1088.50 |      1088.50 |      1102.90 |                  5.00 |                    5.00 |   1048 |    53.1354 |
|        1 |        464 |          1088.50 |      1088.50 |      1102.90 |                  5.00 |                    5.00 |   1048 |    53.2075 |
|        1 |        465 |          1088.50 |      1088.50 |      1102.90 |                  5.00 |                    5.00 |   1048 |    53.2729 |
|        1 |        466 |          1088.50 |      1088.50 |      1102.40 |                  5.00 |                    5.00 |   1048 |    53.3317 |
|        1 |        467 |          1088.50 |      1088.50 |      1104.50 |                  5.00 |                    5.00 |   1050 |    53.4652 |
|        1 |        468 |          1088.50 |      1088.50 |      1104.50 |                  5.00 |                    5.00 |   1050 |    53.5358 |
|        1 |        469 |          1088.50 |      1088.50 |      1118.20 |                  5.00 |                    5.26 |   1053 |    53.6281 |
|        1 |        470 |          1088.50 |      1088.50 |      1115.00 |                  5.00 |                    5.00 |   1055 |    53.6854 |
|        1 |        471 |          1088.50 |      1088.50 |      1108.90 |                  5.00 |                    5.00 |   1056 |    53.7772 |
|        1 |        472 |          1088.50 |      1088.50 |      1108.90 |                  5.00 |                    5.00 |   1056 |    53.8460 |
|        1 |        473 |          1088.50 |      1088.50 |      1108.90 |                  5.00 |                    5.00 |   1056 |    53.9230 |
|        1 |        474 |          1088.50 |      1088.50 |      1107.30 |                  5.00 |                    5.00 |   1057 |    54.0821 |
|        1 |        475 |          1088.50 |      1088.50 |      1104.40 |                  5.00 |                    5.00 |   1059 |    54.1491 |
|        1 |        476 |          1088.50 |      1088.50 |      1099.20 |                  5.00 |                    5.00 |   1059 |    54.2133 |
|        1 |        477 |          1088.50 |      1088.50 |      1097.20 |                  5.00 |                    5.00 |   1059 |    54.2917 |
|        1 |        478 |          1088.50 |      1088.50 |      1100.00 |                  5.00 |                    5.00 |   1060 |    54.3672 |
|        1 |        479 |          1088.50 |      1088.50 |      1090.60 |                  5.00 |                    5.00 |   1062 |    54.4392 |
|        1 |        480 |          1088.50 |      1088.50 |      1101.40 |                  5.00 |                    5.26 |   1065 |    54.5331 |
|        1 |        481 |          1088.50 |      1088.50 |      1120.90 |                  5.00 |                    5.36 |   1068 |    54.6551 |
|        1 |        482 |          1088.50 |      1088.50 |      1120.90 |                  5.00 |                    5.00 |   1068 |    54.7253 |
|        1 |        483 |          1088.50 |      1088.50 |      1109.70 |                  5.00 |                    5.00 |   1069 |    54.8159 |
|        1 |        484 |          1088.50 |      1088.50 |      1112.30 |                  5.00 |                    5.00 |   1069 |    54.8743 |
|        1 |        485 |          1088.50 |      1088.50 |      1109.70 |                  5.00 |                    5.00 |   1069 |    54.9462 |
|        1 |        486 |          1088.50 |      1088.50 |      1113.70 |                  5.25 |                    5.00 |   1071 |    55.0166 |
|        1 |        487 |          1088.50 |      1088.50 |      1112.30 |                  5.00 |                    5.00 |   1071 |    55.1049 |
|        1 |        488 |          1088.50 |      1088.50 |      1134.40 |                  5.00 |                    5.58 |   1073 |    55.1628 |
|        1 |        489 |          1088.50 |      1088.50 |      1132.70 |                  5.00 |                    5.00 |   1073 |    55.2276 |
|        1 |        490 |          1088.50 |      1088.50 |      1141.30 |                  5.00 |                    5.00 |   1074 |    55.3230 |
|        1 |        491 |          1088.50 |      1088.50 |      1133.80 |                  5.00 |                    5.00 |   1074 |    55.4292 |
|        1 |        492 |          1088.50 |      1088.50 |      1137.30 |                  5.80 |                    5.00 |   1075 |    55.5030 |
|        1 |        493 |          1088.50 |      1088.50 |      1136.30 |                  5.00 |                    5.00 |   1075 |    55.6139 |
|        1 |        494 |          1088.50 |      1088.50 |      1162.10 |                  5.00 |                    5.00 |   1079 |    55.8199 |
|        1 |        495 |          1088.50 |      1088.50 |      1147.81 |                  5.00 |                   11.19 |   1083 |    55.9492 |
|        1 |        496 |          1088.50 |      1088.50 |      1148.86 |                  5.00 |                   15.36 |   1083 |    55.9996 |
|        1 |        497 |          1088.50 |      1088.50 |      1131.00 |                  5.00 |                    7.40 |   1085 |    56.1948 |
|        1 |        498 |          1088.50 |      1088.50 |      1129.80 |                  5.00 |                    5.00 |   1085 |    56.2455 |
|        1 |        499 |          1088.50 |      1088.50 |      1114.10 |                  5.00 |                    5.00 |   1088 |    56.3613 |
|        1 |        500 |          1088.50 |      1088.50 |      1121.00 |                  5.00 |                    5.00 |   1088 |    56.4459 |
------------------------------------------------------------------------------------------------------------------------------------------------
Version identifier: 22.1.2.0 | 2024-11-26 | 0edbb82fd
CPXPARAM_MIP_Tolerances_UpperCutoff              1088.6000000000183
Tried aggregator 1 time.
MIP Presolve eliminated 6 rows and 83 columns.
MIP Presolve modified 457 coefficients.
Reduced MIP has 95 rows, 1005 columns, and 7318 nonzeros.
Reduced MIP has 1005 binaries, 0 generals, 0 SOSs, and 0 indicators.
Presolve time = 0.01 sec. (7.44 ticks)
Probing fixed 1 vars, tightened 0 bounds.
Probing time = 0.01 sec. (16.50 ticks)
Tried aggregator 1 time.
Detecting symmetries...
MIP Presolve eliminated 2 rows and 8 columns.
Reduced MIP has 93 rows, 997 columns, and 7207 nonzeros.
Reduced MIP has 997 binaries, 0 generals, 0 SOSs, and 0 indicators.
Presolve time = 0.00 sec. (5.93 ticks)
Probing time = 0.00 sec. (2.72 ticks)
Clique table members: 1186.
MIP emphasis: balance optimality and feasibility.
MIP search method: dynamic search.
Parallel mode: deterministic, using up to 8 threads.
Root relaxation solution time = 0.01 sec. (10.44 ticks)

        Nodes                                         Cuts/
   Node  Left     Objective  IInf  Best Integer    Best Bound    ItCnt     Gap

      0     0     1071.5356    32                   1071.5356      311         
*     0+    0                         1072.6000     1071.5356             0.10%
      0     0        cutoff           1072.6000                    315    0.00%
Elapsed time = 0.06 sec. (51.78 ticks, tree = 0.01 MB, solutions = 1)
objective_value(sp) = 1072.6
 60.674225 seconds (6.92 M allocations: 345.670 MiB, 0.16% gc time, 8.16% compilation time)
#1: 0 (0.0) {5.0} -> 33 (11.0) {29.7} [24.0, 179.0] -> 9 (27.0) {53.0} [53.0, 150.0] -> 35 (35.0) {72.4} [50.0, 178.0] -> 71 (50.0) {89.1} [57.0, 106.0] -> 65 (70.0) {109.3} [49.0, 170.0] -> 66 (95.0) {132.9} [77.0, 179.0] -> 20 (104.0) {151.8} [109.0, 152.0] -> 1 (114.0) {178.2} [130.0, 201.0] -> 0 (114.0) {203.4} [0.0, 230.0]
#2: 0 (0.0) {6.0} -> 82 (16.0) {29.3} [28.0, 91.0] -> 47 (43.0) {50.7} [34.0, 116.0] -> 19 (60.0) {68.7} [53.0, 108.0] -> 11 (72.0) {85.7} [33.0, 152.0] -> 64 (81.0) {108.7} [46.0, 165.0] -> 49 (111.0) {131.4} [93.0, 132.0] -> 36 (116.0) {150.3} [41.0, 178.0] -> 48 (152.0) {173.9} [125.0, 192.0] -> 0 (152.0) {211.7} [0.0, 230.0]
#3: 0 (0.0) {4.0} -> 27 (16.0) {9.0} [5.0, 156.0] -> 31 (43.0) {31.6} [24.0, 85.0] -> 88 (52.0) {46.6} [24.0, 133.0] -> 7 (57.0) {66.0} [66.0, 105.0] -> 62 (76.0) {84.9} [25.0, 164.0] -> 63 (86.0) {106.3} [34.0, 112.0] -> 90 (89.0) {120.7} [76.0, 123.0] -> 32 (112.0) {135.1} [116.0, 175.0] -> 10 (128.0) {155.3} [101.0, 156.0] -> 0 (128.0) {190.7} [0.0, 230.0]
#4: 0 (0.0) {6.0} -> 69 (6.0) {18.1} [12.0, 142.0] -> 70 (11.0) {37.1} [21.0, 198.0] -> 30 (32.0) {52.1} [28.0, 123.0] -> 51 (42.0) {71.3} [66.0, 119.0] -> 81 (68.0) {88.5} [87.0, 110.0] -> 34 (82.0) {108.5} [100.0, 143.0] -> 78 (85.0) {123.5} [43.0, 158.0] -> 50 (98.0) {148.3} [105.0, 152.0] -> 0 (98.0) {175.2} [0.0, 230.0]
#5: 0 (0.0) {3.0} -> 53 (14.0) {62.0} [62.0, 137.0] -> 26 (31.0) {117.0} [117.0, 156.0] -> 0 (31.0) {138.1} [0.0, 230.0]
#6: 0 (0.0) {6.0} -> 28 (16.0) {12.3} [8.0, 79.0] -> 12 (35.0) {38.0} [38.0, 97.0] -> 76 (48.0) {55.0} [36.0, 119.0] -> 77 (62.0) {69.1} [65.0, 200.0] -> 29 (71.0) {90.1} [37.0, 98.0] -> 79 (94.0) {109.3} [58.0, 135.0] -> 3 (107.0) {122.9} [106.0, 135.0] -> 24 (110.0) {147.0} [118.0, 190.0] -> 54 (128.0) {167.0} [121.0, 168.0] -> 80 (134.0) {185.0} [69.0, 198.0] -> 68 (170.0) {197.0} [82.0, 198.0] -> 0 (170.0) {228.3} [0.0, 230.0]
#7: 0 (0.0) {3.0} -> 2 (7.0) {21.0} [20.0, 89.0] -> 57 (14.0) {78.0} [78.0, 133.0] -> 87 (40.0) {95.2} [84.0, 111.0] -> 94 (67.0) {114.4} [88.0, 121.0] -> 96 (78.0) {128.4} [119.0, 160.0] -> 6 (81.0) {142.6} [54.0, 153.0] -> 0 (81.0) {163.7} [0.0, 230.0]
#8: 0 (0.0) {5.0} -> 21 (11.0) {37.0} [37.0, 96.0] -> 72 (36.0) {51.4} [22.0, 110.0] -> 75 (54.0) {66.7} [46.0, 101.0] -> 56 (60.0) {81.0} [81.0, 188.0] -> 23 (89.0) {98.2} [36.0, 155.0] -> 67 (114.0) {120.2} [43.0, 150.0] -> 39 (145.0) {140.0} [33.0, 186.0] -> 25 (151.0) {159.4} [47.0, 186.0] -> 55 (153.0) {173.0} [70.0, 189.0] -> 4 (172.0) {191.5} [71.0, 195.0] -> 0 (172.0) {226.5} [0.0, 230.0]
#9: 0 (0.0) {5.0} -> 40 (9.0) {51.0} [51.0, 128.0] -> 73 (18.0) {69.9} [60.0, 105.0] -> 74 (26.0) {84.3} [73.0, 195.0] -> 22 (44.0) {97.4} [59.0, 144.0] -> 41 (49.0) {111.6} [44.0, 159.0] -> 15 (57.0) {133.7} [30.0, 154.0] -> 43 (64.0) {150.9} [115.0, 158.0] -> 42 (69.0) {169.9} [25.0, 172.0] -> 58 (87.0) {198.3} [79.0, 210.0] -> 0 (87.0) {217.3} [0.0, 230.0]
#10: 0 (0.0) {6.0} -> 52 (9.0) {25.0} [25.0, 88.0] -> 18 (21.0) {77.0} [77.0, 106.0] -> 83 (32.0) {93.7} [21.0, 97.0] -> 8 (41.0) {110.9} [61.0, 138.0] -> 46 (42.0) {130.3} [93.0, 150.0] -> 45 (58.0) {151.0} [29.0, 189.0] -> 17 (60.0) {169.0} [51.0, 189.0] -> 60 (63.0) {191.6} [130.0, 201.0] -> 89 (78.0) {210.6} [128.0, 211.0] -> 0 (78.0) {229.6} [0.0, 230.0]
#11: 0 (0.0) {5.0} -> 92 (2.0) {23.3} [18.0, 181.0] -> 98 (12.0) {36.4} [32.0, 93.0] -> 44 (30.0) {57.0} [31.0, 138.0] -> 16 (49.0) {73.0} [54.0, 105.0] -> 86 (84.0) {89.3} [79.0, 118.0] -> 38 (100.0) {112.3} [42.0, 145.0] -> 14 (120.0) {133.4} [32.0, 137.0] -> 100 (137.0) {151.9} [28.0, 195.0] -> 91 (138.0) {165.0} [130.0, 194.0] -> 93 (160.0) {180.8} [41.0, 199.0] -> 0 (160.0) {211.0} [0.0, 230.0]
#12: 0 (0.0) {6.0} -> 95 (20.0) {20.8} [14.0, 83.0] -> 59 (48.0) {34.8} [17.0, 123.0] -> 99 (57.0) {47.0} [38.0, 137.0] -> 5 (83.0) {63.4} [20.0, 107.0] -> 84 (90.0) {77.5} [68.0, 143.0] -> 61 (103.0) {94.5} [59.0, 102.0] -> 85 (144.0) {108.9} [74.0, 117.0] -> 37 (152.0) {123.3} [117.0, 160.0] -> 97 (164.0) {138.3} [122.0, 153.0] -> 13 (187.0) {154.7} [70.0, 208.0] -> 0 (187.0) {175.8} [0.0, 230.0]

Dist: 1072.6. Cost: 1072.6

Root node processing (before b&c):
  Real time             =    0.06 sec. (51.81 ticks)
Parallel b&c, 8 threads:
  Real time             =    0.00 sec. (0.00 ticks)
  Sync time (average)   =    0.00 sec.
  Wait time (average)   =    0.00 sec.
                          ------------
Total (root+branch&cut) =    0.06 sec. (51.81 ticks)
