Solving instance /mnt/c/Users/bruno.mattos/OneDrive - americanas s.a/Documentos/GitHub/GenericILS/TWRD/100/R201_100_025.vrptwrd...
------------------------------------------------------------------------------------------------------------------------------------------------
|  Restart |  Iteration |  Best Feas. Cost |    Best Cost |   Curr. Cost |   Penalty Custom Res. |   Penalty Standard Res. |   Pool |   Time (s) |
------------------------------------------------------------------------------------------------------------------------------------------------
|        1 |          0 |          1296.40 |      1296.40 |      1296.40 |                  6.63 |                    8.26 |     25 |     0.2420 |
|        1 |          0 |          1293.40 |      1293.40 |      1293.40 |                  5.00 |                    5.00 |     31 |     0.7220 |
|        1 |          0 |          1248.20 |      1248.20 |      1248.20 |                  5.00 |                    5.00 |     39 |     0.8780 |
|        1 |          0 |          1196.90 |      1196.90 |      1196.90 |                  5.00 |                    5.00 |     45 |     0.9898 |
|        1 |          1 |          1196.90 |      1192.00 |      1192.00 |                  5.00 |                    5.85 |     47 |     1.0456 |
|        1 |          2 |          1196.90 |      1192.00 |      1196.90 |                  5.00 |                    5.00 |     47 |     1.0868 |
|        1 |          3 |          1196.90 |      1192.00 |      1204.30 |                  5.00 |                    5.00 |     51 |     1.1517 |
|        1 |          4 |          1196.90 |      1192.00 |      1204.90 |                  5.00 |                    5.00 |     56 |     1.2212 |
|        1 |          5 |          1196.90 |      1192.00 |      1209.40 |                  5.00 |                    5.00 |     57 |     1.3107 |
|        1 |          6 |          1196.90 |      1192.00 |      1208.50 |                  5.00 |                    5.00 |     58 |     1.3731 |
|        1 |          7 |          1196.90 |      1192.00 |      1209.40 |                  5.00 |                    5.00 |     58 |     1.4290 |
|        1 |          8 |          1196.90 |      1192.00 |      1209.10 |                  5.00 |                    5.00 |     61 |     1.4914 |
|        1 |          9 |          1196.90 |      1192.00 |      1201.80 |                  5.00 |                    5.00 |     64 |     1.5978 |
|        1 |         10 |          1196.90 |      1192.00 |      1213.60 |                  5.00 |                    5.00 |     66 |     1.6489 |
|        1 |         11 |          1196.90 |      1192.00 |      1205.70 |                  5.00 |                    5.00 |     72 |     1.7687 |
|        1 |         12 |          1196.90 |      1192.00 |      1205.70 |                  5.00 |                    5.00 |     72 |     1.8212 |
|        1 |         13 |          1196.90 |      1192.00 |      1200.20 |                  5.00 |                    5.00 |     77 |     1.8803 |
|        1 |         14 |          1196.90 |      1192.00 |      1200.20 |                  5.00 |                    5.00 |     77 |     1.9766 |
|        1 |         15 |          1196.90 |      1192.00 |      1200.20 |                  5.00 |                    5.00 |     77 |     2.0448 |
|        1 |         16 |          1196.90 |      1192.00 |      1200.20 |                  5.00 |                    5.00 |     77 |     2.0999 |
|        1 |         17 |          1196.90 |      1192.00 |      1197.90 |                  5.00 |                    5.00 |     79 |     2.1586 |
|        1 |         18 |          1196.90 |      1192.00 |      1227.00 |                  5.00 |                    5.00 |     83 |     2.2090 |
|        1 |         19 |          1196.90 |      1192.00 |      1228.10 |                  5.00 |                    5.00 |     84 |     2.2507 |
|        1 |         20 |          1196.90 |      1192.00 |      1227.70 |                  5.00 |                    5.00 |     88 |     2.3069 |
|        1 |         21 |          1196.90 |      1192.00 |      1225.20 |                  5.00 |                    5.00 |     90 |     2.3646 |
|        1 |         22 |          1196.90 |      1192.00 |      1224.00 |                  5.00 |                    5.00 |     93 |     2.4333 |
|        1 |         23 |          1196.90 |      1192.00 |      1201.30 |                  5.00 |                    5.00 |     99 |     2.5167 |
|        1 |         24 |          1196.90 |      1192.00 |      1201.30 |                  5.00 |                    5.00 |     99 |     2.5616 |
|        1 |         25 |          1196.90 |      1192.00 |      1206.90 |                  5.00 |                    5.00 |    106 |     2.6474 |
|        1 |         26 |          1196.90 |      1192.00 |      1210.00 |                  5.00 |                    5.00 |    112 |     2.7888 |
|        1 |         27 |          1196.90 |      1192.00 |      1210.00 |                  5.00 |                    5.00 |    112 |     2.8572 |
|        1 |         28 |          1196.90 |      1192.00 |      1207.20 |                  5.00 |                    5.00 |    114 |     2.9148 |
|        1 |         29 |          1196.90 |      1192.00 |      1217.80 |                  5.00 |                    5.00 |    119 |     3.0167 |
|        1 |         30 |          1196.90 |      1192.00 |      1216.60 |                  5.00 |                    5.00 |    124 |     3.1382 |
|        1 |         31 |          1196.90 |      1192.00 |      1212.10 |                  5.00 |                    5.00 |    127 |     3.2001 |
|        1 |         32 |          1196.90 |      1192.00 |      1200.90 |                  5.00 |                    5.00 |    130 |     3.3482 |
|        1 |         33 |          1196.90 |      1192.00 |      1214.50 |                  5.00 |                    5.00 |    133 |     3.4196 |
|        1 |         34 |          1196.90 |      1192.00 |      1217.20 |                  5.00 |                    5.00 |    135 |     3.4755 |
|        1 |         35 |          1196.90 |      1192.00 |      1231.50 |                  5.00 |                    5.00 |    139 |     3.5336 |
|        1 |         36 |          1196.90 |      1192.00 |      1231.30 |                  5.00 |                    5.00 |    140 |     3.5797 |
|        1 |         37 |          1196.90 |      1192.00 |      1241.20 |                  5.00 |                    5.00 |    144 |     3.6500 |
|        1 |         38 |          1196.90 |      1192.00 |      1213.40 |                  5.00 |                    5.00 |    152 |     3.7775 |
|        1 |         39 |          1196.90 |      1192.00 |      1213.40 |                  5.00 |                    5.00 |    152 |     3.8392 |
|        1 |         40 |          1196.90 |      1192.00 |      1215.20 |                  5.00 |                    5.00 |    153 |     3.8912 |
|        1 |         41 |          1196.90 |      1192.00 |      1241.80 |                  5.00 |                    5.00 |    155 |     3.9518 |
|        1 |         42 |          1196.90 |      1192.00 |      1251.20 |                  5.00 |                    7.01 |    160 |     4.1128 |
|        1 |         43 |          1196.90 |      1192.00 |      1237.20 |                  5.00 |                    5.00 |    167 |     4.3020 |
|        1 |         44 |          1196.90 |      1192.00 |      1247.20 |                  5.00 |                    5.00 |    170 |     4.4606 |
|        1 |         45 |          1196.90 |      1192.00 |      1226.80 |                  5.00 |                    5.00 |    173 |     4.5768 |
|        1 |         46 |          1196.90 |      1192.00 |      1230.50 |                  5.00 |                    5.00 |    175 |     4.6405 |
|        1 |         47 |          1196.90 |      1192.00 |      1206.10 |                  5.00 |                    5.00 |    176 |     4.7363 |
|        1 |         48 |          1196.90 |      1192.00 |      1206.10 |                  5.00 |                    5.00 |    176 |     4.7910 |
|        1 |         49 |          1196.90 |      1192.00 |      1206.10 |                  5.00 |                    5.00 |    176 |     4.8444 |
|        1 |         50 |          1196.90 |      1192.00 |      1215.20 |                  5.00 |                    5.47 |    179 |     4.9113 |
|        1 |         51 |          1196.90 |      1192.00 |      1257.70 |                  5.00 |                    5.00 |    182 |     4.9544 |
|        1 |         52 |          1196.90 |      1192.00 |      1237.60 |                  5.00 |                    5.00 |    184 |     5.0772 |
|        1 |         53 |          1196.90 |      1192.00 |      1277.20 |                  5.00 |                    5.00 |    186 |     5.1274 |
|        1 |         54 |          1196.90 |      1192.00 |      1215.90 |                  5.00 |                    5.00 |    187 |     5.2425 |
|        1 |         55 |          1196.90 |      1192.00 |      1220.80 |                  5.00 |                    5.00 |    191 |     5.2830 |
|        1 |         56 |          1196.90 |      1192.00 |      1220.80 |                  5.00 |                    5.00 |    191 |     5.3546 |
|        1 |         57 |          1196.90 |      1192.00 |      1240.80 |                  5.00 |                    5.00 |    193 |     5.4040 |
|        1 |         58 |          1196.90 |      1192.00 |      1226.90 |                  5.00 |                    5.00 |    202 |     5.5049 |
|        1 |         59 |          1196.90 |      1192.00 |      1226.90 |                  5.00 |                    5.00 |    202 |     5.5644 |
|        1 |          0 |          1183.30 |      1183.30 |      1183.30 |                  5.00 |                    5.00 |    204 |     5.6774 |
|        1 |          1 |          1183.30 |      1183.30 |      1183.30 |                  5.00 |                    5.00 |    204 |     5.7480 |
|        1 |          2 |          1183.30 |      1183.30 |      1201.30 |                  5.00 |                    5.00 |    205 |     5.8020 |
|        1 |          3 |          1183.30 |      1183.30 |      1193.50 |                  5.00 |                    5.00 |    213 |     5.8643 |
|        1 |          0 |          1165.00 |      1165.00 |      1165.00 |                  5.00 |                    5.00 |    219 |     5.9439 |
|        1 |          1 |          1165.00 |      1165.00 |      1194.90 |                  5.00 |                    5.00 |    226 |     6.1488 |
|        1 |          2 |          1165.00 |      1165.00 |      1195.90 |                  5.00 |                    5.00 |    228 |     6.5043 |
|        1 |          3 |          1165.00 |      1165.00 |      1195.90 |                  5.00 |                    5.00 |    228 |     6.6616 |
|        1 |          4 |          1165.00 |      1165.00 |      1196.10 |                  5.00 |                    5.00 |    228 |     6.8778 |
|        1 |          5 |          1165.00 |      1165.00 |      1196.10 |                  5.00 |                    5.00 |    228 |     7.0373 |
|        1 |          6 |          1165.00 |      1165.00 |      1196.10 |                  5.00 |                    5.00 |    228 |     7.2018 |
|        1 |          7 |          1165.00 |      1165.00 |      1196.10 |                  5.00 |                    5.00 |    228 |     7.4219 |
|        1 |          8 |          1165.00 |      1165.00 |      1196.10 |                  5.00 |                    7.37 |    228 |     7.5176 |
|        1 |          9 |          1165.00 |      1165.00 |      1201.80 |                  5.00 |                    5.00 |    229 |     7.5713 |
|        1 |         10 |          1165.00 |      1165.00 |      1201.80 |                  5.00 |                    5.00 |    229 |     7.6382 |
|        1 |         11 |          1165.00 |      1165.00 |      1198.50 |                  5.00 |                    5.00 |    231 |     7.6911 |
|        1 |         12 |          1165.00 |      1165.00 |      1205.40 |                  5.00 |                    5.00 |    231 |     7.7435 |
|        1 |         13 |          1165.00 |      1165.00 |      1208.50 |                  5.00 |                    5.00 |    231 |     7.8246 |
|        1 |         14 |          1165.00 |      1165.00 |      1202.40 |                  5.00 |                    5.00 |    234 |     7.8922 |
|        1 |         15 |          1165.00 |      1165.00 |      1215.50 |                  5.00 |                    5.00 |    237 |     7.9429 |
|        1 |         16 |          1165.00 |      1165.00 |      1199.40 |                  5.00 |                    5.00 |    238 |     8.0211 |
|        1 |         17 |          1165.00 |      1165.00 |      1200.60 |                  5.00 |                    5.00 |    241 |     8.0869 |
|        1 |         18 |          1165.00 |      1165.00 |      1202.90 |                  5.00 |                    5.00 |    241 |     8.1390 |
|        1 |         19 |          1165.00 |      1165.00 |      1202.90 |                  5.00 |                    5.00 |    241 |     8.1917 |
|        1 |         20 |          1165.00 |      1165.00 |      1219.00 |                  5.00 |                    5.00 |    241 |     8.2424 |
|        1 |         21 |          1165.00 |      1165.00 |      1216.70 |                  5.00 |                    5.00 |    241 |     8.3187 |
|        1 |         22 |          1165.00 |      1165.00 |      1208.70 |                  5.00 |                    5.00 |    241 |     8.3866 |
|        1 |         23 |          1165.00 |      1165.00 |      1208.70 |                  5.00 |                    5.00 |    241 |     8.4398 |
|        1 |         24 |          1165.00 |      1165.00 |      1204.10 |                  5.00 |                    5.00 |    241 |     8.5055 |
|        1 |         25 |          1165.00 |      1165.00 |      1204.10 |                  5.00 |                    5.00 |    241 |     8.5540 |
|        1 |         26 |          1165.00 |      1165.00 |      1193.60 |                  5.00 |                    5.00 |    241 |     8.6087 |
|        1 |         27 |          1165.00 |      1165.00 |      1177.50 |                  5.00 |                    5.00 |    241 |     8.6741 |
|        1 |         28 |          1165.00 |      1165.00 |      1177.50 |                  5.00 |                    5.00 |    241 |     8.7286 |
|        1 |         29 |          1165.00 |      1165.00 |      1177.50 |                  5.00 |                    5.00 |    241 |     8.7797 |
|        1 |         30 |          1165.00 |      1165.00 |      1175.30 |                  5.00 |                    5.00 |    242 |     8.8385 |
|        1 |         31 |          1165.00 |      1165.00 |      1171.80 |                  5.00 |                    5.00 |    242 |     8.8749 |
|        1 |         32 |          1165.00 |      1165.00 |      1186.70 |                  5.00 |                    5.00 |    244 |     8.9194 |
|        1 |         33 |          1165.00 |      1165.00 |      1206.30 |                  5.00 |                    5.00 |    244 |     8.9882 |
|        1 |         34 |          1165.00 |      1165.00 |      1191.40 |                  5.00 |                    5.00 |    244 |     9.0520 |
|        1 |         35 |          1165.00 |      1165.00 |      1191.40 |                  5.00 |                    5.00 |    244 |     9.0909 |
|        1 |         36 |          1165.00 |      1165.00 |      1191.40 |                  5.00 |                    5.00 |    244 |     9.1368 |
|        1 |         37 |          1165.00 |      1165.00 |      1207.20 |                  5.00 |                    5.31 |    246 |     9.1939 |
|        1 |         38 |          1165.00 |      1165.00 |      1207.20 |                  5.00 |                    5.00 |    246 |     9.2520 |
|        1 |         39 |          1165.00 |      1165.00 |      1202.80 |                  5.00 |                    5.00 |    246 |     9.3132 |
|        1 |         40 |          1165.00 |      1165.00 |      1202.80 |                  5.00 |                    5.00 |    246 |     9.3675 |
|        1 |         41 |          1165.00 |      1165.00 |      1195.60 |                  5.00 |                    5.00 |    247 |     9.4801 |
|        1 |         42 |          1165.00 |      1165.00 |      1195.60 |                  5.00 |                    5.00 |    247 |     9.5190 |
|        1 |         43 |          1165.00 |      1165.00 |      1211.70 |                  5.00 |                    5.00 |    247 |     9.5702 |
|        1 |         44 |          1165.00 |      1165.00 |      1205.90 |                  5.00 |                    5.00 |    253 |     9.6482 |
|        1 |         45 |          1165.00 |      1165.00 |      1205.90 |                  5.00 |                    5.00 |    253 |     9.7004 |
|        1 |         46 |          1165.00 |      1165.00 |      1205.90 |                  5.00 |                    5.00 |    253 |     9.7635 |
|        1 |         47 |          1165.00 |      1165.00 |      1209.80 |                  5.00 |                    5.00 |    253 |     9.8123 |
|        1 |         48 |          1165.00 |      1165.00 |      1228.90 |                  5.00 |                    5.00 |    256 |     9.9062 |
|        1 |         49 |          1165.00 |      1165.00 |      1228.90 |                  5.00 |                    5.00 |    256 |     9.9506 |
|        1 |         50 |          1165.00 |      1165.00 |      1228.40 |                  5.00 |                    5.00 |    257 |    10.0108 |
|        1 |         51 |          1165.00 |      1165.00 |      1228.50 |                  5.00 |                    5.00 |    259 |    10.0745 |
|        1 |         52 |          1165.00 |      1165.00 |      1228.50 |                  5.00 |                    5.00 |    259 |    10.1269 |
|        1 |         53 |          1165.00 |      1165.00 |      1211.30 |                  5.00 |                    5.00 |    261 |    10.1795 |
|        1 |         54 |          1165.00 |      1165.00 |      1202.90 |                  5.00 |                    5.00 |    269 |    10.2625 |
|        1 |         55 |          1165.00 |      1165.00 |      1204.60 |                  5.00 |                    5.00 |    270 |    10.3280 |
|        1 |         56 |          1165.00 |      1165.00 |      1205.70 |                  5.00 |                    5.00 |    274 |    10.4400 |
|        1 |         57 |          1165.00 |      1165.00 |      1235.20 |                  5.00 |                    5.00 |    277 |    10.5047 |
|        1 |         58 |          1165.00 |      1165.00 |      1221.00 |                  5.00 |                    5.00 |    281 |    10.6067 |
|        1 |         59 |          1165.00 |      1165.00 |      1227.10 |                  5.00 |                    5.00 |    281 |    10.6685 |
|        1 |         60 |          1165.00 |      1165.00 |      1238.20 |                  5.00 |                    5.00 |    286 |    10.7235 |
|        1 |         61 |          1165.00 |      1165.00 |      1233.20 |                  5.00 |                    5.00 |    288 |    10.8001 |
|        1 |         62 |          1165.00 |      1165.00 |      1230.00 |                  5.00 |                    5.00 |    289 |    10.8535 |
|        1 |         63 |          1165.00 |      1165.00 |      1207.90 |                  5.00 |                    5.00 |    290 |    10.9593 |
|        1 |         64 |          1165.00 |      1165.00 |      1212.80 |                  5.00 |                    5.00 |    290 |    11.0266 |
|        1 |         65 |          1165.00 |      1165.00 |      1209.90 |                  5.00 |                    5.00 |    290 |    11.0741 |
|        1 |         66 |          1165.00 |      1165.00 |      1209.90 |                  5.00 |                    5.00 |    290 |    11.1192 |
|        1 |         67 |          1165.00 |      1165.00 |      1209.90 |                  5.00 |                    5.00 |    290 |    11.1770 |
|        1 |         68 |          1165.00 |      1165.00 |      1200.60 |                  5.00 |                    5.00 |    292 |    11.2411 |
|        1 |         69 |          1165.00 |      1165.00 |      1182.50 |                  5.00 |                    5.00 |    293 |    11.2929 |
|        1 |         70 |          1165.00 |      1165.00 |      1194.50 |                  5.00 |                    5.00 |    297 |    11.3498 |
|        1 |         71 |          1165.00 |      1165.00 |      1187.60 |                  5.00 |                    5.00 |    298 |    11.4268 |
|        1 |         72 |          1165.00 |      1165.00 |      1206.70 |                  5.00 |                    5.00 |    300 |    11.4717 |
|        1 |         73 |          1165.00 |      1165.00 |      1208.90 |                  5.00 |                    5.00 |    302 |    11.5368 |
|        1 |         74 |          1165.00 |      1165.00 |      1208.90 |                  5.00 |                    5.00 |    302 |    11.5887 |
|        1 |         75 |          1165.00 |      1165.00 |      1215.60 |                  5.00 |                    5.00 |    303 |    11.6810 |
|        1 |         76 |          1165.00 |      1165.00 |      1243.30 |                  5.00 |                    5.00 |    303 |    11.7325 |
|        1 |         77 |          1165.00 |      1165.00 |      1262.00 |                  5.00 |                    5.00 |    304 |    11.7967 |
|        1 |         78 |          1165.00 |      1165.00 |      1256.10 |                  5.00 |                    5.00 |    304 |    11.8416 |
|        1 |         79 |          1165.00 |      1165.00 |      1256.10 |                  5.00 |                    5.00 |    304 |    11.8735 |
|        1 |         80 |          1165.00 |      1165.00 |      1259.60 |                  5.00 |                    5.00 |    308 |    11.9728 |
|        1 |         81 |          1165.00 |      1165.00 |      1235.00 |                  5.00 |                    5.00 |    311 |    12.1178 |
|        1 |         82 |          1165.00 |      1165.00 |      1235.90 |                  5.00 |                    5.00 |    312 |    12.2105 |
|        1 |         83 |          1165.00 |      1165.00 |      1236.10 |                  5.00 |                    5.00 |    312 |    12.2449 |
|        1 |         84 |          1165.00 |      1165.00 |      1267.70 |                  5.00 |                    5.00 |    315 |    12.3008 |
|        1 |         85 |          1165.00 |      1165.00 |      1267.70 |                  5.00 |                    5.00 |    315 |    12.3512 |
|        1 |         86 |          1165.00 |      1165.00 |      1209.30 |                  5.00 |                    5.00 |    318 |    12.4475 |
|        1 |         87 |          1165.00 |      1165.00 |      1223.40 |                  5.00 |                    5.00 |    318 |    12.5177 |
|        1 |         88 |          1165.00 |      1165.00 |      1223.40 |                  5.00 |                    5.00 |    318 |    12.5528 |
|        1 |         89 |          1165.00 |      1165.00 |      1230.20 |                  5.00 |                    5.00 |    320 |    12.6226 |
|        1 |         90 |          1165.00 |      1165.00 |      1230.20 |                  5.00 |                    5.00 |    320 |    12.6720 |
|        1 |         91 |          1165.00 |      1165.00 |      1199.10 |                  5.00 |                    5.00 |    322 |    12.8395 |
|        1 |         92 |          1165.00 |      1165.00 |      1213.40 |                  5.00 |                    5.00 |    323 |    12.9032 |
|        1 |         93 |          1165.00 |      1165.00 |      1240.10 |                  5.00 |                    5.00 |    326 |    12.9799 |
|        1 |         94 |          1165.00 |      1165.00 |      1240.10 |                  5.00 |                    5.00 |    326 |    13.0507 |
|        1 |         95 |          1165.00 |      1165.00 |      1240.10 |                  5.00 |                    5.00 |    326 |    13.1138 |
|        1 |         96 |          1165.00 |      1165.00 |      1240.10 |                  5.00 |                    5.00 |    326 |    13.2458 |
|        1 |         97 |          1165.00 |      1165.00 |      1251.70 |                  5.00 |                    5.00 |    331 |    13.3990 |
|        1 |         98 |          1165.00 |      1165.00 |      1194.90 |                  5.00 |                    5.00 |    331 |    13.5885 |
|        1 |         99 |          1165.00 |      1165.00 |      1194.60 |                  5.00 |                    5.00 |    331 |    13.6776 |
|        1 |        100 |          1165.00 |      1165.00 |      1209.90 |                  5.00 |                    5.00 |    331 |    13.7614 |
|        1 |        101 |          1165.00 |      1165.00 |      1209.90 |                  5.00 |                    5.00 |    331 |    13.8137 |
|        1 |        102 |          1165.00 |      1165.00 |      1226.80 |                  5.00 |                    5.00 |    332 |    13.8548 |
|        1 |        103 |          1165.00 |      1165.00 |      1225.70 |                  5.00 |                    5.00 |    332 |    13.9232 |
|        1 |        104 |          1165.00 |      1165.00 |      1225.70 |                  5.00 |                    5.00 |    332 |    13.9654 |
|        1 |        105 |          1165.00 |      1165.00 |      1220.00 |                  5.00 |                    5.00 |    336 |    14.0187 |
|        1 |        106 |          1165.00 |      1165.00 |      1218.70 |                  5.00 |                    5.00 |    338 |    14.0721 |
|        1 |        107 |          1165.00 |      1165.00 |      1221.60 |                  5.00 |                    5.00 |    339 |    14.1241 |
|        1 |        108 |          1165.00 |      1165.00 |      1221.60 |                  5.00 |                    5.00 |    339 |    14.1769 |
|        1 |        109 |          1165.00 |      1165.00 |      1210.70 |                  5.00 |                    5.00 |    339 |    14.2201 |
|        1 |        110 |          1165.00 |      1165.00 |      1216.70 |                  5.00 |                    5.00 |    339 |    14.2826 |
|        1 |        111 |          1165.00 |      1165.00 |      1216.70 |                  5.00 |                    5.00 |    339 |    14.3311 |
|        1 |        112 |          1165.00 |      1165.00 |      1216.91 |                  5.00 |                    6.73 |    340 |    14.3757 |
|        1 |        113 |          1165.00 |      1165.00 |      1215.10 |                  5.00 |                    5.00 |    343 |    14.4442 |
|        1 |        114 |          1165.00 |      1165.00 |      1229.60 |                  5.00 |                    5.00 |    347 |    14.5417 |
|        1 |        115 |          1165.00 |      1165.00 |      1211.90 |                  5.00 |                    5.00 |    349 |    14.6233 |
|        1 |        116 |          1165.00 |      1165.00 |      1171.20 |                  5.00 |                    5.00 |    353 |    14.7590 |
|        1 |        117 |          1165.00 |      1165.00 |      1181.70 |                  5.00 |                    5.00 |    355 |    14.8225 |
|        1 |        118 |          1165.00 |      1165.00 |      1180.20 |                  5.00 |                    6.80 |    356 |    14.8766 |
|        1 |        119 |          1165.00 |      1165.00 |      1179.00 |                  5.00 |                    5.00 |    361 |    14.9437 |
|        1 |        120 |          1165.00 |      1165.00 |      1177.90 |                  5.00 |                    5.00 |    361 |    15.0000 |
|        1 |        121 |          1165.00 |      1165.00 |      1185.60 |                  5.00 |                    5.00 |    362 |    15.0570 |
|        1 |        122 |          1165.00 |      1165.00 |      1212.00 |                  5.00 |                    5.00 |    362 |    15.1095 |
|        1 |        123 |          1165.00 |      1165.00 |      1212.90 |                  5.00 |                    5.00 |    362 |    15.1763 |
|        1 |        124 |          1165.00 |      1165.00 |      1212.90 |                  5.00 |                    5.00 |    362 |    15.2362 |
|        1 |        125 |          1165.00 |      1165.00 |      1234.50 |                  5.00 |                    5.00 |    363 |    15.2908 |
|        1 |        126 |          1165.00 |      1165.00 |      1234.50 |                  5.00 |                    5.00 |    363 |    15.3467 |
|        1 |        127 |          1165.00 |      1165.00 |      1220.10 |                  5.00 |                    5.00 |    369 |    15.4266 |
|        1 |        128 |          1165.00 |      1165.00 |      1223.60 |                  5.00 |                    5.00 |    370 |    15.4844 |
|        1 |        129 |          1165.00 |      1165.00 |      1223.60 |                  5.00 |                    5.00 |    370 |    15.5424 |
|        1 |        130 |          1165.00 |      1165.00 |      1237.20 |                  5.00 |                    5.00 |    373 |    15.6304 |
|        1 |        131 |          1165.00 |      1165.00 |      1235.40 |                  5.00 |                    5.00 |    373 |    15.6942 |
|        1 |        132 |          1165.00 |      1165.00 |      1248.00 |                  5.00 |                    5.00 |    378 |    15.8463 |
|        1 |        133 |          1165.00 |      1165.00 |      1244.30 |                  5.00 |                    5.00 |    382 |    15.9201 |
|        1 |        134 |          1165.00 |      1165.00 |      1236.90 |                  5.00 |                    5.00 |    386 |    16.0247 |
|        1 |        135 |          1165.00 |      1165.00 |      1241.40 |                  5.00 |                    5.00 |    387 |    16.1056 |
|        1 |        136 |          1165.00 |      1165.00 |      1257.20 |                  5.00 |                    5.00 |    388 |    16.1604 |
|        1 |        137 |          1165.00 |      1165.00 |      1254.90 |                  5.00 |                    5.00 |    389 |    16.2145 |
|        1 |        138 |          1165.00 |      1165.00 |      1253.00 |                  5.00 |                    5.00 |    393 |    16.3714 |
|        1 |        139 |          1165.00 |      1165.00 |      1249.40 |                  5.00 |                    5.00 |    394 |    16.4588 |
|        1 |        140 |          1165.00 |      1165.00 |      1240.50 |                  5.00 |                    5.00 |    395 |    16.5354 |
|        1 |        141 |          1165.00 |      1165.00 |      1244.50 |                  5.00 |                    5.00 |    397 |    16.6099 |
|        1 |        142 |          1165.00 |      1165.00 |      1244.10 |                  5.00 |                    5.00 |    399 |    16.6729 |
|        1 |        143 |          1165.00 |      1165.00 |      1244.10 |                  5.00 |                    5.00 |    399 |    16.7310 |
|        1 |        144 |          1165.00 |      1165.00 |      1218.30 |                  5.00 |                    5.00 |    401 |    16.8040 |
|        1 |        145 |          1165.00 |      1165.00 |      1218.30 |                  5.00 |                    5.00 |    401 |    16.8559 |
|        1 |        146 |          1165.00 |      1165.00 |      1218.30 |                  5.00 |                    5.00 |    401 |    16.9050 |
|        1 |        147 |          1165.00 |      1165.00 |      1218.30 |                  5.00 |                    5.00 |    401 |    16.9642 |
|        1 |        148 |          1165.00 |      1165.00 |      1218.30 |                  5.00 |                    5.00 |    401 |    17.0178 |
|        1 |        149 |          1165.00 |      1165.00 |      1211.40 |                  5.00 |                    5.00 |    402 |    17.1050 |
|        1 |        150 |          1165.00 |      1165.00 |      1207.70 |                  5.00 |                    5.00 |    407 |    17.2082 |
|        1 |        151 |          1165.00 |      1165.00 |      1207.70 |                  5.00 |                    5.00 |    407 |    17.2605 |
|        1 |        152 |          1165.00 |      1165.00 |      1207.70 |                  5.00 |                    5.00 |    407 |    17.3239 |
|        1 |        153 |          1165.00 |      1165.00 |      1195.80 |                  5.00 |                    5.00 |    409 |    17.4033 |
|        1 |        154 |          1165.00 |      1165.00 |      1195.80 |                  5.00 |                    5.00 |    409 |    17.4560 |
|        1 |        155 |          1165.00 |      1165.00 |      1195.80 |                  5.00 |                    5.00 |    409 |    17.5097 |
|        1 |        156 |          1165.00 |      1165.00 |      1195.70 |                  5.00 |                    5.00 |    412 |    17.5752 |
|        1 |        157 |          1165.00 |      1165.00 |      1195.20 |                  5.00 |                    5.00 |    414 |    17.6334 |
|        1 |        158 |          1165.00 |      1165.00 |      1184.30 |                  5.00 |                    5.00 |    416 |    17.7015 |
|        1 |        159 |          1165.00 |      1165.00 |      1181.70 |                  5.00 |                    5.00 |    416 |    17.7869 |
|        1 |        160 |          1165.00 |      1165.00 |      1229.90 |                  5.00 |                    5.00 |    420 |    17.8312 |
|        1 |        161 |          1165.00 |      1165.00 |      1196.00 |                  5.00 |                    5.00 |    428 |    18.0319 |
|        1 |        162 |          1165.00 |      1165.00 |      1193.50 |                  5.00 |                    5.00 |    431 |    18.0747 |
|        1 |        163 |          1165.00 |      1165.00 |      1193.50 |                  5.00 |                    5.00 |    431 |    18.1277 |
|        1 |        164 |          1165.00 |      1165.00 |      1179.90 |                  5.00 |                    5.00 |    435 |    18.2051 |
|        1 |        165 |          1165.00 |      1165.00 |      1192.40 |                  5.00 |                    5.00 |    437 |    18.2552 |
|        1 |        166 |          1165.00 |      1165.00 |      1197.00 |                  5.00 |                    5.00 |    438 |    18.3169 |
|        1 |        167 |          1165.00 |      1165.00 |      1194.50 |                  5.00 |                    5.00 |    442 |    18.4540 |
|        1 |        168 |          1165.00 |      1165.00 |      1197.10 |                  5.00 |                    5.00 |    443 |    18.5084 |
|        1 |        169 |          1165.00 |      1165.00 |      1197.10 |                  5.00 |                    5.00 |    443 |    18.5528 |
|        1 |        170 |          1165.00 |      1165.00 |      1212.90 |                  5.00 |                    5.00 |    443 |    18.6368 |
|        1 |        171 |          1165.00 |      1165.00 |      1212.90 |                  5.00 |                    5.00 |    443 |    18.6880 |
|        1 |        172 |          1165.00 |      1165.00 |      1212.90 |                  5.00 |                    5.00 |    443 |    18.7469 |
|        1 |        173 |          1165.00 |      1165.00 |      1206.50 |                  5.00 |                    5.00 |    443 |    18.7897 |
|        1 |        174 |          1165.00 |      1165.00 |      1195.70 |                  5.00 |                    5.00 |    443 |    18.8753 |
|        1 |        175 |          1165.00 |      1165.00 |      1195.70 |                  5.00 |                    5.00 |    443 |    18.9606 |
|        1 |        176 |          1165.00 |      1165.00 |      1208.80 |                  5.00 |                    5.00 |    446 |    19.0182 |
|        1 |        177 |          1165.00 |      1165.00 |      1202.30 |                  5.00 |                    5.00 |    450 |    19.1063 |
|        1 |        178 |          1165.00 |      1165.00 |      1202.30 |                  5.00 |                    5.00 |    450 |    19.1547 |
|        1 |        179 |          1165.00 |      1165.00 |      1208.30 |                  5.00 |                    5.00 |    450 |    19.2160 |
|        1 |        180 |          1165.00 |      1165.00 |      1202.90 |                  5.00 |                    5.00 |    452 |    19.3320 |
|        1 |        181 |          1165.00 |      1165.00 |      1202.90 |                  5.00 |                    5.00 |    452 |    19.3972 |
|        1 |        182 |          1165.00 |      1165.00 |      1202.90 |                  5.00 |                    5.00 |    452 |    19.4635 |
|        1 |        183 |          1165.00 |      1165.00 |      1213.80 |                  5.00 |                    5.52 |    453 |    19.5100 |
|        1 |        184 |          1165.00 |      1165.00 |      1238.50 |                  5.00 |                    5.00 |    454 |    19.5705 |
|        1 |        185 |          1165.00 |      1165.00 |      1230.70 |                  5.00 |                    5.00 |    459 |    19.6563 |
|        1 |        186 |          1165.00 |      1165.00 |      1226.60 |                  5.00 |                    5.00 |    464 |    19.7400 |
|        1 |        187 |          1165.00 |      1165.00 |      1203.20 |                  5.00 |                    5.00 |    466 |    19.8196 |
|        1 |        188 |          1165.00 |      1165.00 |      1214.60 |                  5.00 |                    5.31 |    469 |    19.8783 |
|        1 |        189 |          1165.00 |      1165.00 |      1197.80 |                  5.00 |                    5.00 |    470 |    19.9549 |
------------------------------------------------------------------------------------------------------------------------------------------------
|  Restart |  Iteration |  Best Feas. Cost |    Best Cost |   Curr. Cost |   Penalty Custom Res. |   Penalty Standard Res. |   Pool |   Time (s) |
------------------------------------------------------------------------------------------------------------------------------------------------
|        1 |        190 |          1165.00 |      1165.00 |      1197.80 |                  5.00 |                    5.00 |    470 |    20.0031 |
|        1 |        191 |          1165.00 |      1165.00 |      1203.90 |                  5.00 |                    5.00 |    471 |    20.0566 |
|        1 |        192 |          1165.00 |      1165.00 |      1203.90 |                  5.00 |                    5.00 |    471 |    20.1149 |
|        1 |        193 |          1165.00 |      1165.00 |      1205.00 |                  5.00 |                    5.00 |    473 |    20.1729 |
|        1 |        194 |          1165.00 |      1165.00 |      1213.50 |                  5.00 |                    5.00 |    473 |    20.2279 |
|        1 |        195 |          1165.00 |      1165.00 |      1224.90 |                  5.00 |                    5.00 |    480 |    20.3431 |
|        1 |        196 |          1165.00 |      1165.00 |      1206.00 |                  5.00 |                    6.46 |    482 |    20.4241 |
|        1 |        197 |          1165.00 |      1165.00 |      1218.20 |                  5.00 |                    5.00 |    483 |    20.4852 |
|        1 |        198 |          1165.00 |      1165.00 |      1237.60 |                  5.00 |                    5.00 |    483 |    20.5354 |
|        1 |        199 |          1165.00 |      1165.00 |      1237.60 |                  5.00 |                    5.00 |    483 |    20.5950 |
|        1 |        200 |          1165.00 |      1165.00 |      1237.60 |                  5.00 |                    5.00 |    483 |    20.6527 |
|        1 |        201 |          1165.00 |      1165.00 |      1237.60 |                  5.00 |                    5.00 |    483 |    20.7069 |
|        1 |        202 |          1165.00 |      1165.00 |      1237.60 |                  5.00 |                    6.54 |    483 |    20.7615 |
|        1 |        203 |          1165.00 |      1165.00 |      1283.00 |                  5.00 |                    5.00 |    485 |    20.8102 |
|        1 |        204 |          1165.00 |      1165.00 |      1258.90 |                  5.00 |                    5.00 |    488 |    20.9142 |
|        1 |        205 |          1165.00 |      1165.00 |      1257.30 |                  5.00 |                    5.00 |    489 |    21.0381 |
|        1 |        206 |          1165.00 |      1165.00 |      1279.00 |                  5.00 |                    5.00 |    489 |    21.0987 |
|        1 |        207 |          1165.00 |      1165.00 |      1277.90 |                  5.00 |                    5.00 |    495 |    21.2228 |
|        1 |        208 |          1165.00 |      1165.00 |      1251.60 |                  5.00 |                    5.00 |    496 |    21.3233 |
|        1 |        209 |          1165.00 |      1165.00 |      1251.10 |                  5.00 |                    5.00 |    497 |    21.3949 |
|        1 |        210 |          1165.00 |      1165.00 |      1252.80 |                  5.00 |                    5.00 |    498 |    21.4510 |
|        1 |        211 |          1165.00 |      1165.00 |      1206.40 |                  5.00 |                    5.00 |    498 |    21.5513 |
|        1 |        212 |          1165.00 |      1165.00 |      1206.40 |                  5.00 |                    5.00 |    498 |    21.5972 |
|        1 |        213 |          1165.00 |      1165.00 |      1208.20 |                  5.00 |                    5.00 |    499 |    21.6625 |
|        1 |        214 |          1165.00 |      1165.00 |      1223.50 |                  5.00 |                    5.00 |    499 |    21.7227 |
|        1 |        215 |          1165.00 |      1165.00 |      1231.70 |                  5.00 |                    5.00 |    501 |    21.7797 |
|        1 |        216 |          1165.00 |      1165.00 |      1236.50 |                  5.00 |                    5.00 |    502 |    21.8737 |
|        1 |        217 |          1165.00 |      1165.00 |      1235.90 |                  5.00 |                    5.00 |    502 |    21.9195 |
|        1 |        218 |          1165.00 |      1165.00 |      1227.70 |                  5.00 |                    5.00 |    502 |    21.9814 |
|        1 |        219 |          1165.00 |      1165.00 |      1227.20 |                  5.00 |                    5.00 |    502 |    22.0408 |
|        1 |        220 |          1165.00 |      1165.00 |      1243.00 |                  5.00 |                    5.00 |    502 |    22.1022 |
|        1 |        221 |          1165.00 |      1165.00 |      1243.00 |                  5.00 |                    5.00 |    502 |    22.1627 |
|        1 |        222 |          1165.00 |      1165.00 |      1237.70 |                  5.00 |                    5.00 |    504 |    22.2327 |
|        1 |        223 |          1165.00 |      1165.00 |      1242.10 |                  5.00 |                    5.00 |    510 |    22.3066 |
|        1 |        224 |          1165.00 |      1165.00 |      1239.60 |                  5.00 |                    5.00 |    512 |    22.3564 |
|        1 |        225 |          1165.00 |      1165.00 |      1239.60 |                  5.00 |                    5.00 |    512 |    22.4164 |
|        1 |        226 |          1165.00 |      1165.00 |      1236.50 |                  5.00 |                    5.00 |    512 |    22.4698 |
|        1 |        227 |          1165.00 |      1165.00 |      1250.60 |                  5.00 |                    5.00 |    514 |    22.5295 |
|        1 |        228 |          1165.00 |      1165.00 |      1238.40 |                  5.00 |                    5.00 |    517 |    22.5989 |
|        1 |        229 |          1165.00 |      1165.00 |      1238.40 |                  5.00 |                    5.00 |    517 |    22.6446 |
|        1 |        230 |          1165.00 |      1165.00 |      1228.30 |                  5.00 |                    5.00 |    521 |    22.7167 |
|        1 |        231 |          1165.00 |      1165.00 |      1249.70 |                  5.00 |                    5.00 |    522 |    22.7960 |
|        1 |        232 |          1165.00 |      1165.00 |      1224.00 |                  5.00 |                    5.00 |    523 |    22.9999 |
|        1 |        233 |          1165.00 |      1165.00 |      1224.00 |                  5.00 |                    5.00 |    523 |    23.0599 |
|        1 |        234 |          1165.00 |      1165.00 |      1224.00 |                  5.00 |                    5.00 |    523 |    23.1135 |
|        1 |        235 |          1165.00 |      1165.00 |      1209.80 |                  5.00 |                    5.00 |    524 |    23.2806 |
|        1 |        236 |          1165.00 |      1165.00 |      1209.80 |                  5.00 |                    5.00 |    524 |    23.3376 |
|        1 |        237 |          1165.00 |      1165.00 |      1202.10 |                  5.00 |                    5.00 |    524 |    23.3911 |
|        1 |        238 |          1165.00 |      1165.00 |      1202.10 |                  5.00 |                    5.00 |    524 |    23.4343 |
|        1 |        239 |          1165.00 |      1165.00 |      1195.00 |                  5.00 |                    5.00 |    524 |    23.5249 |
|        1 |        240 |          1165.00 |      1165.00 |      1190.00 |                  5.00 |                    5.00 |    524 |    23.5986 |
|        1 |        241 |          1165.00 |      1165.00 |      1190.00 |                  5.00 |                    5.00 |    524 |    23.6616 |
|        1 |        242 |          1165.00 |      1165.00 |      1190.00 |                  5.00 |                    5.00 |    524 |    23.7135 |
|        1 |        243 |          1165.00 |      1165.00 |      1190.00 |                  5.00 |                    5.00 |    524 |    23.7697 |
|        1 |        244 |          1165.00 |      1165.00 |      1235.40 |                  5.00 |                    5.00 |    526 |    23.8423 |
|        1 |        245 |          1165.00 |      1165.00 |      1233.10 |                  5.00 |                    5.00 |    526 |    23.8980 |
|        1 |        246 |          1165.00 |      1165.00 |      1229.10 |                  5.00 |                    5.00 |    526 |    23.9720 |
|        1 |        247 |          1165.00 |      1165.00 |      1240.70 |                  5.00 |                    5.00 |    526 |    24.0320 |
|        1 |        248 |          1165.00 |      1165.00 |      1237.70 |                  5.00 |                    5.00 |    529 |    24.1467 |
|        1 |        249 |          1165.00 |      1165.00 |      1222.70 |                  5.00 |                    5.00 |    530 |    24.2911 |
|        1 |        250 |          1165.00 |      1165.00 |      1222.70 |                  5.00 |                    5.00 |    530 |    24.3470 |
|        1 |        251 |          1165.00 |      1165.00 |      1220.90 |                  5.00 |                    5.00 |    530 |    24.4182 |
|        1 |        252 |          1165.00 |      1165.00 |      1220.90 |                  5.00 |                    5.00 |    530 |    24.4778 |
|        1 |        253 |          1165.00 |      1165.00 |      1205.40 |                  5.00 |                    5.00 |    530 |    24.5547 |
|        1 |        254 |          1165.00 |      1165.00 |      1185.30 |                  5.00 |                    5.00 |    532 |    24.6285 |
|        1 |        255 |          1165.00 |      1165.00 |      1185.30 |                  5.00 |                    5.00 |    532 |    24.6720 |
|        1 |        256 |          1165.00 |      1165.00 |      1215.80 |                  5.00 |                    5.26 |    534 |    24.7325 |
|        1 |        257 |          1165.00 |      1165.00 |      1215.80 |                  5.00 |                    5.00 |    534 |    24.7737 |
|        1 |        258 |          1165.00 |      1165.00 |      1231.30 |                  5.00 |                    5.00 |    534 |    24.8139 |
|        1 |        259 |          1165.00 |      1165.00 |      1231.30 |                  5.00 |                    5.00 |    534 |    24.8604 |
|        1 |        260 |          1165.00 |      1165.00 |      1218.80 |                  5.00 |                    5.00 |    534 |    24.9262 |
|        1 |        261 |          1165.00 |      1165.00 |      1218.80 |                  5.00 |                    5.00 |    534 |    24.9640 |
|        1 |        262 |          1165.00 |      1165.00 |      1218.80 |                  5.00 |                    5.00 |    534 |    25.0235 |
|        1 |        263 |          1165.00 |      1165.00 |      1218.80 |                  5.00 |                    5.00 |    534 |    25.0581 |
|        1 |        264 |          1165.00 |      1165.00 |      1217.50 |                  5.00 |                    5.00 |    534 |    25.1259 |
|        1 |        265 |          1165.00 |      1165.00 |      1217.50 |                  5.00 |                    5.00 |    534 |    25.1853 |
|        1 |        266 |          1165.00 |      1165.00 |      1200.30 |                  5.00 |                    5.00 |    535 |    25.2268 |
|        1 |        267 |          1165.00 |      1165.00 |      1185.90 |                  5.00 |                    5.00 |    536 |    25.2860 |
|        1 |        268 |          1165.00 |      1165.00 |      1200.20 |                  5.00 |                    5.45 |    539 |    25.3474 |
|        1 |        269 |          1165.00 |      1165.00 |      1222.20 |                  5.00 |                    5.00 |    542 |    25.3992 |
|        1 |        270 |          1165.00 |      1165.00 |      1183.06 |                  5.00 |                    5.00 |    543 |    25.6259 |
|        1 |        271 |          1165.00 |      1165.00 |      1185.96 |                  5.00 |                   10.24 |    545 |    25.6814 |
|        1 |        272 |          1165.00 |      1165.00 |      1233.50 |                  5.00 |                    6.13 |    549 |    25.7215 |
|        1 |        273 |          1165.00 |      1165.00 |      1215.68 |                  5.00 |                    6.66 |    550 |    25.8010 |
|        1 |        274 |          1165.00 |      1165.00 |      1226.50 |                  5.00 |                    5.00 |    550 |    25.8475 |
|        1 |        275 |          1165.00 |      1165.00 |      1226.50 |                  5.00 |                    5.00 |    550 |    25.9036 |
|        1 |        276 |          1165.00 |      1165.00 |      1229.00 |                  5.00 |                    5.00 |    554 |    25.9602 |
|        1 |        277 |          1165.00 |      1165.00 |      1228.40 |                  5.00 |                    5.00 |    557 |    26.0302 |
|        1 |        278 |          1165.00 |      1165.00 |      1259.80 |                  5.00 |                    5.41 |    561 |    26.0923 |
|        1 |        279 |          1165.00 |      1165.00 |      1259.80 |                  5.00 |                    5.00 |    561 |    26.1518 |
|        1 |        280 |          1165.00 |      1165.00 |      1240.60 |                  5.00 |                    5.00 |    562 |    26.2243 |
|        1 |        281 |          1165.00 |      1165.00 |      1240.60 |                  5.00 |                    5.00 |    562 |    26.2719 |
|        1 |        282 |          1165.00 |      1165.00 |      1240.60 |                  5.00 |                    5.31 |    562 |    26.3366 |
|        1 |        283 |          1165.00 |      1165.00 |      1229.50 |                  5.00 |                    5.00 |    565 |    26.4410 |
|        1 |        284 |          1165.00 |      1165.00 |      1237.50 |                  5.00 |                    5.00 |    567 |    26.5489 |
|        1 |        285 |          1165.00 |      1165.00 |      1230.30 |                  5.00 |                    5.00 |    571 |    26.6356 |
|        1 |        286 |          1165.00 |      1165.00 |      1237.00 |                  5.00 |                    5.00 |    573 |    26.6955 |
|        1 |        287 |          1165.00 |      1165.00 |      1237.00 |                  5.00 |                    5.00 |    573 |    26.7587 |
|        1 |        288 |          1165.00 |      1165.00 |      1222.20 |                  5.00 |                    5.00 |    576 |    26.8640 |
|        1 |        289 |          1165.00 |      1165.00 |      1226.90 |                  5.00 |                    5.00 |    579 |    26.9347 |
|        1 |        290 |          1165.00 |      1165.00 |      1237.50 |                  5.00 |                    5.00 |    582 |    26.9975 |
|        1 |        291 |          1165.00 |      1165.00 |      1233.40 |                  5.00 |                    5.00 |    585 |    27.0753 |
|        1 |        292 |          1165.00 |      1165.00 |      1222.60 |                  5.00 |                    5.00 |    590 |    27.1265 |
|        1 |        293 |          1165.00 |      1165.00 |      1222.60 |                  5.00 |                    5.00 |    590 |    27.1728 |
|        1 |        294 |          1165.00 |      1165.00 |      1222.60 |                  5.00 |                    5.00 |    590 |    27.2205 |
|        1 |        295 |          1165.00 |      1165.00 |      1217.70 |                  5.00 |                    5.00 |    590 |    27.2802 |
|        1 |        296 |          1165.00 |      1165.00 |      1225.90 |                  5.00 |                    5.00 |    591 |    27.3404 |
|        1 |        297 |          1165.00 |      1165.00 |      1220.70 |                  5.00 |                    5.00 |    592 |    27.4110 |
|        1 |        298 |          1165.00 |      1165.00 |      1230.20 |                  5.00 |                    5.00 |    594 |    27.4543 |
|        1 |        299 |          1165.00 |      1165.00 |      1192.20 |                  5.00 |                    5.00 |    594 |    27.5310 |
|        1 |        300 |          1165.00 |      1165.00 |      1204.90 |                  5.00 |                    5.00 |    594 |    27.5997 |
|        1 |        301 |          1165.00 |      1165.00 |      1200.90 |                  5.00 |                    5.00 |    594 |    27.6874 |
|        1 |        302 |          1165.00 |      1165.00 |      1184.20 |                  5.00 |                    5.00 |    596 |    27.7498 |
|        1 |        303 |          1165.00 |      1165.00 |      1177.30 |                  5.00 |                    5.00 |    596 |    27.8153 |
|        1 |        304 |          1165.00 |      1165.00 |      1177.30 |                  5.00 |                    5.00 |    596 |    27.8609 |
|        1 |        305 |          1165.00 |      1165.00 |      1178.20 |                  5.00 |                    5.30 |    596 |    27.9343 |
|        1 |        306 |          1165.00 |      1165.00 |      1178.20 |                  5.00 |                    5.00 |    596 |    27.9921 |
|        1 |        307 |          1165.00 |      1165.00 |      1178.20 |                  5.00 |                    5.00 |    596 |    28.0452 |
|        1 |        308 |          1165.00 |      1165.00 |      1178.20 |                  5.00 |                    5.00 |    596 |    28.0819 |
|        1 |        309 |          1165.00 |      1165.00 |      1178.20 |                  5.00 |                    5.00 |    596 |    28.1404 |
|        1 |        310 |          1165.00 |      1165.00 |      1178.20 |                  5.00 |                    5.00 |    596 |    28.1828 |
|        1 |        311 |          1165.00 |      1165.00 |      1178.20 |                  5.00 |                    5.00 |    596 |    28.2340 |
|        1 |        312 |          1165.00 |      1165.00 |      1178.20 |                  5.00 |                    5.00 |    596 |    28.2884 |
|        1 |        313 |          1165.00 |      1165.00 |      1193.50 |                  5.00 |                    5.00 |    596 |    28.3569 |
|        1 |        314 |          1165.00 |      1165.00 |      1181.00 |                  5.00 |                    5.00 |    597 |    28.4627 |
|        1 |        315 |          1165.00 |      1165.00 |      1181.00 |                  5.00 |                    5.00 |    597 |    28.5019 |
|        1 |        316 |          1165.00 |      1165.00 |      1205.50 |                  5.00 |                    5.00 |    597 |    28.5650 |
|        1 |        317 |          1165.00 |      1165.00 |      1179.10 |                  5.00 |                    5.00 |    597 |    28.6145 |
|        1 |        318 |          1165.00 |      1165.00 |      1179.10 |                  5.00 |                    5.00 |    597 |    28.6704 |
|        1 |        319 |          1165.00 |      1165.00 |      1211.40 |                  5.00 |                    5.00 |    598 |    28.7131 |
|        1 |        320 |          1165.00 |      1165.00 |      1223.80 |                  5.00 |                    5.00 |    604 |    28.8244 |
|        1 |        321 |          1165.00 |      1165.00 |      1216.20 |                  5.00 |                    5.00 |    606 |    28.8996 |
|        1 |        322 |          1165.00 |      1165.00 |      1209.80 |                  5.00 |                    5.00 |    608 |    28.9421 |
|        1 |        323 |          1165.00 |      1165.00 |      1220.70 |                  5.00 |                    5.00 |    608 |    29.0040 |
|        1 |        324 |          1165.00 |      1165.00 |      1219.60 |                  5.00 |                    5.00 |    610 |    29.0667 |
|        1 |        325 |          1165.00 |      1165.00 |      1219.60 |                  5.00 |                    5.00 |    610 |    29.1218 |
|        1 |        326 |          1165.00 |      1165.00 |      1228.00 |                  5.00 |                    5.00 |    612 |    29.1901 |
|        1 |        327 |          1165.00 |      1165.00 |      1221.40 |                  5.00 |                    5.00 |    614 |    29.2655 |
|        1 |        328 |          1165.00 |      1165.00 |      1221.10 |                  5.00 |                    5.00 |    620 |    29.3863 |
|        1 |        329 |          1165.00 |      1165.00 |      1221.10 |                  5.00 |                    5.00 |    620 |    29.4368 |
|        1 |        330 |          1165.00 |      1165.00 |      1219.50 |                  5.00 |                    5.00 |    624 |    29.5215 |
|        1 |        331 |          1165.00 |      1165.00 |      1213.70 |                  5.00 |                    5.58 |    627 |    29.5879 |
|        1 |        332 |          1165.00 |      1165.00 |      1197.50 |                  5.00 |                    5.00 |    628 |    29.6712 |
|        1 |        333 |          1165.00 |      1165.00 |      1196.40 |                  5.00 |                    5.00 |    629 |    29.7373 |
|        1 |        334 |          1165.00 |      1165.00 |      1196.40 |                  5.00 |                    5.00 |    629 |    29.7944 |
|        1 |        335 |          1165.00 |      1165.00 |      1196.40 |                  5.00 |                    5.00 |    629 |    29.8455 |
|        1 |        336 |          1165.00 |      1165.00 |      1196.40 |                  5.00 |                    5.26 |    629 |    29.9165 |
|        1 |        337 |          1165.00 |      1165.00 |      1204.50 |                  5.00 |                    5.00 |    629 |    29.9696 |
|        1 |        338 |          1165.00 |      1165.00 |      1209.20 |                  5.00 |                    5.00 |    632 |    30.1124 |
|        1 |        339 |          1165.00 |      1165.00 |      1208.30 |                  5.00 |                    5.00 |    634 |    30.1679 |
|        1 |        340 |          1165.00 |      1165.00 |      1223.90 |                  5.00 |                    5.00 |    635 |    30.2274 |
|        1 |        341 |          1165.00 |      1165.00 |      1229.00 |                  5.00 |                    5.00 |    638 |    30.2946 |
|        1 |        342 |          1165.00 |      1165.00 |      1211.90 |                  5.00 |                    5.00 |    639 |    30.3752 |
|        1 |        343 |          1165.00 |      1165.00 |      1203.01 |                  5.00 |                    5.00 |    639 |    30.4725 |
|        1 |        344 |          1165.00 |      1165.00 |      1203.12 |                  5.00 |                    5.00 |    639 |    30.5241 |
|        1 |        345 |          1165.00 |      1165.00 |      1203.44 |                  5.00 |                    5.00 |    639 |    30.5757 |
|        1 |        346 |          1165.00 |      1165.00 |      1203.33 |                  5.00 |                    5.00 |    639 |    30.6405 |
|        1 |        347 |          1165.00 |      1165.00 |      1225.07 |                  5.00 |                    5.00 |    641 |    30.7052 |
|        1 |        348 |          1165.00 |      1165.00 |      1224.63 |                  5.00 |                    5.00 |    641 |    30.7661 |
|        1 |        349 |          1165.00 |      1165.00 |      1228.32 |                  5.00 |                    5.19 |    644 |    30.8173 |
|        1 |        350 |          1165.00 |      1165.00 |      1228.57 |                  5.00 |                    5.17 |    644 |    30.8654 |
|        1 |        351 |          1165.00 |      1165.00 |      1239.30 |                  5.00 |                    5.00 |    645 |    30.9441 |
|        1 |        352 |          1165.00 |      1165.00 |      1220.70 |                  5.00 |                    5.00 |    647 |    31.0247 |
|        1 |        353 |          1165.00 |      1165.00 |      1220.10 |                  5.00 |                    5.00 |    647 |    31.0882 |
|        1 |        354 |          1165.00 |      1165.00 |      1203.40 |                  5.00 |                    5.00 |    647 |    31.1636 |
|        1 |        355 |          1165.00 |      1165.00 |      1203.40 |                  5.00 |                    5.00 |    647 |    31.2384 |
|        1 |        356 |          1165.00 |      1165.00 |      1185.70 |                  5.00 |                    5.00 |    648 |    31.4088 |
|        1 |        357 |          1165.00 |      1165.00 |      1195.20 |                  5.00 |                    5.00 |    648 |    31.4578 |
|        1 |        358 |          1165.00 |      1165.00 |      1210.50 |                  5.00 |                    5.00 |    651 |    31.5256 |
|        1 |        359 |          1165.00 |      1165.00 |      1220.60 |                  5.00 |                    5.00 |    651 |    31.6288 |
|        1 |        360 |          1165.00 |      1165.00 |      1201.50 |                  5.00 |                    5.00 |    653 |    31.7355 |
|        1 |        361 |          1165.00 |      1165.00 |      1186.50 |                  5.00 |                    5.00 |    653 |    31.7986 |
|        1 |        362 |          1165.00 |      1165.00 |      1182.80 |                  5.00 |                    5.00 |    654 |    31.8519 |
|        1 |        363 |          1165.00 |      1165.00 |      1182.80 |                  5.00 |                    5.00 |    654 |    31.9055 |
|        1 |        364 |          1165.00 |      1165.00 |      1195.50 |                  5.00 |                    5.00 |    654 |    31.9593 |
|        1 |        365 |          1165.00 |      1165.00 |      1195.50 |                  5.00 |                    5.00 |    654 |    32.0189 |
|        1 |        366 |          1165.00 |      1165.00 |      1195.50 |                  5.00 |                    5.00 |    654 |    32.0727 |
|        1 |        367 |          1165.00 |      1165.00 |      1209.20 |                  5.00 |                    5.00 |    655 |    32.1448 |
|        1 |        368 |          1165.00 |      1165.00 |      1204.10 |                  5.00 |                    5.00 |    658 |    32.2265 |
|        1 |        369 |          1165.00 |      1165.00 |      1204.10 |                  5.00 |                    5.00 |    658 |    32.2827 |
|        1 |        370 |          1165.00 |      1165.00 |      1204.10 |                  5.00 |                    5.00 |    658 |    32.3252 |
|        1 |        371 |          1165.00 |      1165.00 |      1207.60 |                  5.00 |                    5.00 |    658 |    32.4019 |
|        1 |        372 |          1165.00 |      1165.00 |      1207.60 |                  5.00 |                    5.00 |    658 |    32.4599 |
|        1 |        373 |          1165.00 |      1165.00 |      1211.70 |                  5.00 |                    5.00 |    658 |    32.5057 |
|        1 |        374 |          1165.00 |      1165.00 |      1190.50 |                  5.00 |                    5.00 |    658 |    32.6504 |
|        1 |        375 |          1165.00 |      1165.00 |      1188.50 |                  5.00 |                    5.00 |    658 |    32.7505 |
|        1 |        376 |          1165.00 |      1165.00 |      1179.20 |                  5.00 |                    5.00 |    658 |    32.8209 |
|        1 |        377 |          1165.00 |      1165.00 |      1186.10 |                  5.00 |                    5.00 |    661 |    32.8635 |
|        1 |        378 |          1165.00 |      1165.00 |      1188.10 |                  5.00 |                    5.00 |    661 |    32.9119 |
|        1 |        379 |          1165.00 |      1165.00 |      1217.00 |                  5.00 |                    5.00 |    667 |    32.9582 |
|        1 |        380 |          1165.00 |      1165.00 |      1218.10 |                  5.00 |                    5.00 |    671 |    33.0276 |
|        1 |        381 |          1165.00 |      1165.00 |      1217.00 |                  5.00 |                    5.00 |    672 |    33.0941 |
|        1 |        382 |          1165.00 |      1165.00 |      1226.70 |                  5.00 |                    5.00 |    676 |    33.1978 |
|        1 |        383 |          1165.00 |      1165.00 |      1212.40 |                  5.00 |                    5.00 |    677 |    33.2533 |
|        1 |        384 |          1165.00 |      1165.00 |      1204.90 |                  5.00 |                    5.00 |    677 |    33.4215 |
|        1 |        385 |          1165.00 |      1165.00 |      1225.70 |                  5.00 |                    5.00 |    679 |    33.4580 |
|        1 |        386 |          1165.00 |      1165.00 |      1201.20 |                  5.00 |                    5.00 |    679 |    33.5183 |
|        1 |        387 |          1165.00 |      1165.00 |      1201.20 |                  5.00 |                    5.00 |    679 |    33.5699 |
|        1 |        388 |          1165.00 |      1165.00 |      1201.20 |                  5.00 |                    5.00 |    679 |    33.6175 |
|        1 |        389 |          1165.00 |      1165.00 |      1227.30 |                  5.00 |                    5.00 |    682 |    33.6595 |
|        1 |        390 |          1165.00 |      1165.00 |      1243.10 |                  5.00 |                    5.00 |    682 |    33.7084 |
|        1 |        391 |          1165.00 |      1165.00 |      1243.10 |                  5.00 |                    5.00 |    682 |    33.7578 |
|        1 |        392 |          1165.00 |      1165.00 |      1246.40 |                  5.00 |                    5.00 |    684 |    33.8462 |
|        1 |        393 |          1165.00 |      1165.00 |      1237.90 |                  5.00 |                    5.00 |    691 |    33.9405 |
|        1 |        394 |          1165.00 |      1165.00 |      1256.70 |                  5.00 |                    5.00 |    693 |    33.9935 |
|        1 |        395 |          1165.00 |      1165.00 |      1250.70 |                  5.00 |                    5.00 |    693 |    34.0591 |
|        1 |        396 |          1165.00 |      1165.00 |      1250.70 |                  5.00 |                    5.00 |    693 |    34.1167 |
|        1 |        397 |          1165.00 |      1165.00 |      1238.50 |                  5.00 |                    5.00 |    695 |    34.2258 |
|        1 |        398 |          1165.00 |      1165.00 |      1225.90 |                  5.00 |                    5.00 |    695 |    34.2825 |
|        1 |        399 |          1165.00 |      1165.00 |      1225.90 |                  5.00 |                    5.00 |    695 |    34.3279 |
|        1 |        400 |          1165.00 |      1165.00 |      1240.30 |                  5.00 |                    5.00 |    695 |    34.3827 |
|        1 |        401 |          1165.00 |      1165.00 |      1237.80 |                  5.00 |                    5.00 |    697 |    34.4373 |
|        1 |        402 |          1165.00 |      1165.00 |      1235.90 |                  5.00 |                    5.00 |    698 |    34.4843 |
|        1 |        403 |          1165.00 |      1165.00 |      1231.70 |                  5.00 |                    5.00 |    699 |    34.5748 |
|        1 |        404 |          1165.00 |      1165.00 |      1240.00 |                  5.00 |                    5.00 |    700 |    34.6305 |
|        1 |        405 |          1165.00 |      1165.00 |      1229.00 |                  5.00 |                    5.51 |    700 |    34.6841 |
|        1 |        406 |          1165.00 |      1165.00 |      1228.08 |                  5.00 |                    6.78 |    704 |    34.7316 |
|        1 |        407 |          1165.00 |      1165.00 |      1236.90 |                  5.00 |                    5.00 |    708 |    34.7887 |
|        1 |        408 |          1165.00 |      1165.00 |      1236.90 |                  5.00 |                    5.00 |    708 |    34.8385 |
|        1 |        409 |          1165.00 |      1165.00 |      1221.38 |                  5.00 |                    5.00 |    708 |    34.9129 |
|        1 |        410 |          1165.00 |      1165.00 |      1224.84 |                  5.00 |                    7.28 |    708 |    34.9784 |
|        1 |        411 |          1165.00 |      1165.00 |      1227.20 |                  5.00 |                    5.00 |    708 |    35.0461 |
|        1 |        412 |          1165.00 |      1165.00 |      1224.00 |                  5.00 |                    5.04 |    708 |    35.0855 |
|        1 |        413 |          1165.00 |      1165.00 |      1247.00 |                  5.00 |                    5.00 |    709 |    35.1491 |
|        1 |        414 |          1165.00 |      1165.00 |      1238.60 |                  5.00 |                    5.00 |    709 |    35.2008 |
|        1 |        415 |          1165.00 |      1165.00 |      1237.50 |                  5.00 |                    5.00 |    710 |    35.2919 |
|        1 |        416 |          1165.00 |      1165.00 |      1241.10 |                  5.00 |                    5.00 |    710 |    35.3476 |
|        1 |        417 |          1165.00 |      1165.00 |      1240.60 |                  5.00 |                    5.00 |    710 |    35.3950 |
|        1 |        418 |          1165.00 |      1165.00 |      1243.50 |                  5.00 |                    5.00 |    711 |    35.4443 |
|        1 |        419 |          1165.00 |      1165.00 |      1245.90 |                  5.00 |                    5.00 |    711 |    35.4918 |
|        1 |        420 |          1165.00 |      1165.00 |      1245.90 |                  5.00 |                    5.00 |    711 |    35.5425 |
|        1 |        421 |          1165.00 |      1165.00 |      1230.20 |                  5.00 |                    5.00 |    712 |    35.6484 |
|        1 |        422 |          1165.00 |      1165.00 |      1230.20 |                  5.00 |                    5.00 |    712 |    35.7007 |
|        1 |        423 |          1165.00 |      1165.00 |      1230.20 |                  5.00 |                    5.00 |    712 |    35.7468 |
|        1 |        424 |          1165.00 |      1165.00 |      1223.00 |                  5.00 |                    5.00 |    712 |    35.7921 |
|        1 |        425 |          1165.00 |      1165.00 |      1202.50 |                  5.00 |                    5.00 |    713 |    35.8807 |
|        1 |        426 |          1165.00 |      1165.00 |      1200.80 |                  5.00 |                    5.00 |    715 |    35.9357 |
|        1 |        427 |          1165.00 |      1165.00 |      1215.50 |                  5.00 |                    5.00 |    716 |    36.0263 |
|        1 |        428 |          1165.00 |      1165.00 |      1215.00 |                  5.00 |                    5.00 |    716 |    36.0839 |
|        1 |        429 |          1165.00 |      1165.00 |      1225.60 |                  5.00 |                    5.00 |    716 |    36.1744 |
|        1 |        430 |          1165.00 |      1165.00 |      1217.90 |                  5.00 |                    5.00 |    716 |    36.2195 |
|        1 |        431 |          1165.00 |      1165.00 |      1217.90 |                  5.00 |                    5.00 |    716 |    36.2646 |
|        1 |        432 |          1165.00 |      1165.00 |      1217.90 |                  5.00 |                    5.00 |    716 |    36.3073 |
|        1 |        433 |          1165.00 |      1165.00 |      1217.90 |                  5.00 |                    5.00 |    716 |    36.3530 |
|        1 |        434 |          1165.00 |      1165.00 |      1215.80 |                  5.00 |                    5.00 |    717 |    36.4278 |
|        1 |        435 |          1165.00 |      1165.00 |      1255.20 |                  5.00 |                    5.00 |    720 |    36.4856 |
|        1 |        436 |          1165.00 |      1165.00 |      1255.20 |                  5.00 |                    5.00 |    720 |    36.5293 |
|        1 |        437 |          1165.00 |      1165.00 |      1211.80 |                  5.00 |                    5.00 |    721 |    36.6078 |
|        1 |        438 |          1165.00 |      1165.00 |      1214.30 |                  5.00 |                    5.00 |    723 |    36.6555 |
|        1 |        439 |          1165.00 |      1165.00 |      1202.50 |                  5.00 |                    5.00 |    723 |    36.7124 |
|        1 |        440 |          1165.00 |      1165.00 |      1205.10 |                  5.00 |                    5.00 |    724 |    36.7765 |
|        1 |        441 |          1165.00 |      1165.00 |      1205.10 |                  5.00 |                    5.00 |    724 |    36.8389 |
|        1 |        442 |          1165.00 |      1165.00 |      1210.20 |                  5.00 |                    5.00 |    724 |    36.8842 |
|        1 |        443 |          1165.00 |      1165.00 |      1210.20 |                  5.00 |                    5.00 |    724 |    36.9303 |
|        1 |        444 |          1165.00 |      1165.00 |      1210.20 |                  5.00 |                    5.00 |    724 |    36.9851 |
|        1 |        445 |          1165.00 |      1165.00 |      1225.80 |                  5.00 |                    5.00 |    724 |    37.0337 |
|        1 |        446 |          1165.00 |      1165.00 |      1235.80 |                  5.00 |                    5.00 |    725 |    37.0777 |
|        1 |        447 |          1165.00 |      1165.00 |      1226.00 |                  5.00 |                    5.00 |    727 |    37.1444 |
|        1 |        448 |          1165.00 |      1165.00 |      1226.00 |                  5.00 |                    5.00 |    727 |    37.1971 |
|        1 |        449 |          1165.00 |      1165.00 |      1218.90 |                  5.00 |                    5.00 |    727 |    37.2605 |
|        1 |        450 |          1165.00 |      1165.00 |      1208.00 |                  5.00 |                    5.00 |    729 |    37.3133 |
|        1 |        451 |          1165.00 |      1165.00 |      1205.80 |                  5.00 |                    5.00 |    729 |    37.3900 |
|        1 |        452 |          1165.00 |      1165.00 |      1215.90 |                  5.00 |                    5.00 |    730 |    37.4450 |
|        1 |        453 |          1165.00 |      1165.00 |      1221.70 |                  5.00 |                    5.00 |    730 |    37.4909 |
|        1 |        454 |          1165.00 |      1165.00 |      1215.50 |                  5.00 |                    5.00 |    731 |    37.5432 |
|        1 |        455 |          1165.00 |      1165.00 |      1215.50 |                  5.00 |                    5.00 |    731 |    37.5858 |
|        1 |        456 |          1165.00 |      1165.00 |      1215.50 |                  5.00 |                    5.00 |    731 |    37.6395 |
|        1 |        457 |          1165.00 |      1165.00 |      1232.60 |                  5.00 |                    5.00 |    734 |    37.6858 |
|        1 |        458 |          1165.00 |      1165.00 |      1222.50 |                  5.00 |                    5.00 |    735 |    37.7540 |
|        1 |        459 |          1165.00 |      1165.00 |      1202.40 |                  5.00 |                    5.00 |    735 |    37.8955 |
|        1 |        460 |          1165.00 |      1165.00 |      1227.30 |                  5.00 |                    5.00 |    737 |    38.0047 |
|        1 |        461 |          1165.00 |      1165.00 |      1227.30 |                  5.00 |                    5.00 |    737 |    38.0576 |
|        1 |        462 |          1165.00 |      1165.00 |      1212.30 |                  5.00 |                    5.00 |    740 |    38.1335 |
|        1 |        463 |          1165.00 |      1165.00 |      1212.30 |                  5.00 |                    5.00 |    740 |    38.1904 |
|        1 |        464 |          1165.00 |      1165.00 |      1212.60 |                  5.00 |                    5.00 |    740 |    38.2603 |
|        1 |        465 |          1165.00 |      1165.00 |      1211.00 |                  5.00 |                    5.00 |    741 |    38.3162 |
|        1 |        466 |          1165.00 |      1165.00 |      1256.00 |                  5.00 |                    5.00 |    745 |    38.3807 |
|        1 |        467 |          1165.00 |      1165.00 |      1246.20 |                  5.00 |                    5.00 |    747 |    38.5350 |
|        1 |        468 |          1165.00 |      1165.00 |      1226.20 |                  5.00 |                    5.00 |    747 |    38.6105 |
|        1 |        469 |          1165.00 |      1165.00 |      1226.20 |                  5.00 |                    5.00 |    747 |    38.6617 |
|        1 |        470 |          1165.00 |      1165.00 |      1226.20 |                  5.00 |                    5.41 |    747 |    38.7230 |
|        1 |        471 |          1165.00 |      1165.00 |      1216.20 |                  5.00 |                    5.00 |    747 |    38.8242 |
|        1 |        472 |          1165.00 |      1165.00 |      1216.20 |                  5.00 |                    5.00 |    747 |    38.8714 |
|        1 |        473 |          1165.00 |      1165.00 |      1213.50 |                  5.00 |                    5.00 |    747 |    38.9458 |
|        1 |        474 |          1165.00 |      1165.00 |      1211.20 |                  5.00 |                    5.00 |    747 |    39.0006 |
|        1 |        475 |          1165.00 |      1165.00 |      1211.20 |                  5.00 |                    5.00 |    747 |    39.0607 |
|        1 |        476 |          1165.00 |      1165.00 |      1209.00 |                  5.00 |                    5.00 |    747 |    39.1098 |
|        1 |        477 |          1165.00 |      1165.00 |      1193.00 |                  5.00 |                    5.00 |    749 |    39.2185 |
|        1 |        478 |          1165.00 |      1165.00 |      1193.00 |                  5.00 |                    5.00 |    749 |    39.2727 |
|        1 |        479 |          1165.00 |      1165.00 |      1193.00 |                  5.00 |                    5.00 |    749 |    39.3332 |
|        1 |        480 |          1165.00 |      1165.00 |      1191.10 |                  5.00 |                    5.00 |    750 |    39.3921 |
|        1 |        481 |          1165.00 |      1165.00 |      1207.10 |                  5.00 |                    5.00 |    751 |    39.4623 |
|        1 |        482 |          1165.00 |      1165.00 |      1205.50 |                  5.00 |                    5.00 |    751 |    39.5222 |
|        1 |        483 |          1165.00 |      1165.00 |      1205.50 |                  5.00 |                    5.00 |    751 |    39.5767 |
|        1 |        484 |          1165.00 |      1165.00 |      1205.50 |                  5.00 |                    5.00 |    751 |    39.6259 |
|        1 |        485 |          1165.00 |      1165.00 |      1221.60 |                  5.00 |                    5.00 |    753 |    39.6825 |
|        1 |        486 |          1165.00 |      1165.00 |      1216.70 |                  5.00 |                    5.00 |    753 |    39.7494 |
|        1 |        487 |          1165.00 |      1165.00 |      1208.20 |                  5.00 |                    5.00 |    753 |    39.8203 |
|        1 |        488 |          1165.00 |      1165.00 |      1230.80 |                  5.00 |                    5.00 |    756 |    39.8891 |
------------------------------------------------------------------------------------------------------------------------------------------------
|  Restart |  Iteration |  Best Feas. Cost |    Best Cost |   Curr. Cost |   Penalty Custom Res. |   Penalty Standard Res. |   Pool |   Time (s) |
------------------------------------------------------------------------------------------------------------------------------------------------
|        1 |        489 |          1165.00 |      1165.00 |      1224.60 |                  5.00 |                    5.00 |    760 |    40.0348 |
|        1 |        490 |          1165.00 |      1165.00 |      1217.60 |                  5.00 |                    5.00 |    763 |    40.1496 |
|        1 |        491 |          1165.00 |      1165.00 |      1216.00 |                  5.00 |                    5.00 |    766 |    40.1993 |
|        1 |        492 |          1165.00 |      1165.00 |      1215.20 |                  5.00 |                    5.00 |    768 |    40.2520 |
|        1 |        493 |          1165.00 |      1165.00 |      1215.20 |                  5.00 |                    5.00 |    768 |    40.2972 |
|        1 |        494 |          1165.00 |      1165.00 |      1219.10 |                  5.00 |                    5.00 |    772 |    40.3532 |
|        1 |        495 |          1165.00 |      1165.00 |      1248.80 |                  5.00 |                    5.98 |    775 |    40.4002 |
|        1 |        496 |          1165.00 |      1165.00 |      1256.60 |                  5.00 |                    5.00 |    775 |    40.4630 |
|        1 |        497 |          1165.00 |      1165.00 |      1228.70 |                  5.00 |                    5.00 |    780 |    40.5583 |
|        1 |        498 |          1165.00 |      1165.00 |      1228.70 |                  5.00 |                    5.00 |    780 |    40.5994 |
|        1 |        499 |          1165.00 |      1165.00 |      1219.50 |                  5.00 |                    5.30 |    781 |    40.6692 |
|        1 |        500 |          1165.00 |      1165.00 |      1242.40 |                  5.00 |                    5.00 |    783 |    40.7118 |
------------------------------------------------------------------------------------------------------------------------------------------------
Version identifier: 22.1.2.0 | 2024-11-26 | 0edbb82fd
CPXPARAM_MIP_Tolerances_UpperCutoff              1165.1000000000015
Tried aggregator 1 time.
MIP Presolve eliminated 14 rows and 11 columns.
MIP Presolve modified 337 coefficients.
Reduced MIP has 87 rows, 772 columns, and 5888 nonzeros.
Reduced MIP has 772 binaries, 0 generals, 0 SOSs, and 0 indicators.
Presolve time = 0.00 sec. (5.28 ticks)
Probing time = 0.00 sec. (2.60 ticks)
Tried aggregator 1 time.
Detecting symmetries...
Reduced MIP has 87 rows, 772 columns, and 5888 nonzeros.
Reduced MIP has 772 binaries, 0 generals, 0 SOSs, and 0 indicators.
Presolve time = 0.00 sec. (4.25 ticks)
Probing time = 0.00 sec. (2.59 ticks)
Clique table members: 912.
MIP emphasis: balance optimality and feasibility.
MIP search method: dynamic search.
Parallel mode: deterministic, using up to 8 threads.
Root relaxation solution time = 0.00 sec. (5.41 ticks)

        Nodes                                         Cuts/
   Node  Left     Objective  IInf  Best Integer    Best Bound    ItCnt     Gap

      0     0     1146.9000     7                   1146.9000      234         
*     0     0      integral     0     1147.7000       Cuts: 4      250    0.00%
      0     0        cutoff           1147.7000     1147.7000      250    0.00%
Elapsed time = 0.03 sec. (32.28 ticks, tree = 0.01 MB, solutions = 1)
objective_value(sp) = 1147.6999999999998
 44.073819 seconds (6.89 M allocations: 344.139 MiB, 0.16% gc time, 8.50% compilation time)
#1: 0 (0.0) {51.0} -> 72 (25.0) {73.4} [31.0, 208.0] -> 39 (56.0) {97.0} [33.0, 224.0] -> 67 (81.0) {294.0} [294.0, 401.0] -> 23 (110.0) {316.0} [206.0, 325.0] -> 75 (128.0) {334.4} [236.0, 345.0] -> 56 (134.0) {585.0} [585.0, 692.0] -> 4 (153.0) {678.0} [678.0, 801.0] -> 54 (171.0) {697.2} [641.0, 734.0] -> 55 (173.0) {715.6} [620.0, 739.0] -> 25 (179.0) {817.0} [817.0, 956.0] -> 24 (182.0) {842.0} [704.0, 847.0] -> 80 (188.0) {861.2} [839.0, 968.0] -> 0 (188.0) {892.2} [0.0, 1000.0]
#2: 0 (0.0) {54.0} -> 2 (7.0) {143.0} [143.0, 282.0] -> 42 (12.0) {165.0} [25.0, 172.0] -> 15 (20.0) {184.2} [175.0, 300.0] -> 43 (27.0) {620.0} [620.0, 705.0] -> 37 (35.0) {647.2} [606.0, 693.0] -> 100 (52.0) {798.0} [798.0, 965.0] -> 91 (53.0) {811.1} [739.0, 866.0] -> 93 (75.0) {826.9} [811.0, 969.0] -> 0 (75.0) {857.1} [0.0, 1000.0]
#3: 0 (0.0) {56.0} -> 21 (11.0) {214.0} [214.0, 331.0] -> 73 (20.0) {308.0} [308.0, 399.0] -> 40 (29.0) {360.0} [360.0, 437.0] -> 53 (43.0) {414.0} [414.0, 489.0] -> 87 (69.0) {439.8} [420.0, 447.0] -> 57 (76.0) {457.0} [421.0, 530.0] -> 41 (81.0) {478.1} [396.0, 511.0] -> 22 (99.0) {492.3} [409.0, 494.0] -> 74 (107.0) {681.0} [681.0, 802.0] -> 58 (125.0) {849.0} [849.0, 980.0] -> 0 (125.0) {868.0} [0.0, 1000.0]
#4: 0 (0.0) {53.0} -> 28 (16.0) {114.0} [114.0, 255.0] -> 12 (35.0) {228.0} [228.0, 345.0] -> 29 (44.0) {253.6} [190.0, 313.0] -> 76 (57.0) {290.0} [290.0, 373.0] -> 50 (70.0) {547.0} [547.0, 642.0] -> 3 (83.0) {565.2} [527.0, 584.0] -> 68 (119.0) {637.0} [637.0, 752.0] -> 26 (136.0) {661.2} [588.0, 667.0] -> 0 (136.0) {682.3} [0.0, 1000.0]
#5: 0 (0.0) {55.0} -> 52 (9.0) {174.0} [174.0, 299.0] -> 69 (15.0) {194.7} [162.0, 293.0] -> 31 (42.0) {212.5} [152.0, 275.0] -> 88 (51.0) {279.0} [279.0, 388.0] -> 7 (56.0) {331.0} [331.0, 410.0] -> 18 (68.0) {377.0} [377.0, 434.0] -> 8 (77.0) {404.0} [404.0, 481.0] -> 84 (84.0) {436.0} [436.0, 511.0] -> 17 (86.0) {733.0} [733.0, 870.0] -> 60 (89.0) {755.6} [721.0, 862.0] -> 89 (104.0) {774.6} [755.0, 920.0] -> 0 (104.0) {793.6} [0.0, 1000.0]
#6: 0 (0.0) {55.0} -> 5 (26.0) {75.6} [34.0, 209.0] -> 83 (37.0) {96.0} [96.0, 249.0] -> 45 (53.0) {114.0} [29.0, 189.0] -> 82 (69.0) {162.0} [162.0, 289.0] -> 47 (96.0) {183.4} [85.0, 250.0] -> 36 (101.0) {200.6} [41.0, 208.0] -> 19 (118.0) {269.0} [269.0, 378.0] -> 11 (130.0) {286.0} [206.0, 325.0] -> 64 (139.0) {309.0} [214.0, 333.0] -> 49 (169.0) {501.0} [501.0, 540.0] -> 46 (170.0) {531.3} [515.0, 628.0] -> 48 (206.0) {773.0} [773.0, 906.0] -> 0 (206.0) {810.8} [0.0, 1000.0]
#7: 0 (0.0) {51.0} -> 27 (16.0) {104.0} [104.0, 255.0] -> 62 (35.0) {163.0} [163.0, 302.0] -> 63 (45.0) {184.4} [34.0, 191.0] -> 90 (48.0) {392.0} [392.0, 487.0] -> 10 (64.0) {577.0} [577.0, 632.0] -> 20 (73.0) {602.8} [581.0, 666.0] -> 66 (98.0) {621.7} [592.0, 693.0] -> 32 (121.0) {660.0} [660.0, 777.0] -> 70 (126.0) {788.0} [788.0, 968.0] -> 1 (136.0) {806.0} [707.0, 848.0] -> 0 (136.0) {831.2} [0.0, 1000.0]
#8: 0 (0.0) {54.0} -> 33 (11.0) {78.7} [45.0, 200.0] -> 65 (31.0) {115.2} [49.0, 188.0] -> 71 (46.0) {268.0} [268.0, 367.0] -> 30 (67.0) {296.7} [259.0, 354.0] -> 51 (77.0) {348.0} [348.0, 453.0] -> 9 (93.0) {400.0} [400.0, 497.0] -> 81 (119.0) {416.0} [411.0, 456.0] -> 79 (142.0) {432.3} [388.0, 465.0] -> 78 (145.0) {447.9} [384.0, 499.0] -> 34 (159.0) {529.0} [529.0, 614.0] -> 35 (167.0) {686.0} [686.0, 813.0] -> 77 (181.0) {817.0} [817.0, 952.0] -> 0 (181.0) {846.6} [0.0, 1000.0]
#9: 0 (0.0) {55.0} -> 95 (20.0) {92.0} [92.0, 231.0] -> 59 (48.0) {106.0} [17.0, 229.0] -> 92 (50.0) {118.2} [18.0, 181.0] -> 98 (60.0) {183.0} [183.0, 306.0] -> 14 (80.0) {204.7} [32.0, 243.0] -> 38 (96.0) {302.0} [302.0, 405.0] -> 44 (114.0) {322.8} [233.0, 340.0] -> 16 (133.0) {338.8} [272.0, 373.0] -> 61 (146.0) {353.2} [290.0, 377.0] -> 86 (181.0) {388.0} [388.0, 465.0] -> 85 (222.0) {410.6} [376.0, 461.0] -> 99 (231.0) {426.2} [333.0, 432.0] -> 94 (258.0) {442.2} [436.0, 503.0] -> 6 (261.0) {455.3} [415.0, 514.0] -> 96 (272.0) {607.0} [607.0, 690.0] -> 97 (284.0) {623.7} [612.0, 673.0] -> 13 (307.0) {690.0} [690.0, 827.0] -> 0 (307.0) {711.1} [0.0, 1000.0]

Dist: 1147.6999999999998. Cost: 1147.6999999999998

Cover cuts applied:  1
Zero-half cuts applied:  1
Lift and project cuts applied:  1
Gomory fractional cuts applied:  1

Root node processing (before b&c):
  Real time             =    0.03 sec. (32.30 ticks)
Parallel b&c, 8 threads:
  Real time             =    0.00 sec. (0.00 ticks)
  Sync time (average)   =    0.00 sec.
  Wait time (average)   =    0.00 sec.
                          ------------
Total (root+branch&cut) =    0.03 sec. (32.30 ticks)
