Solving instance /mnt/c/Users/bruno.mattos/OneDrive - americanas s.a/Documentos/GitHub/GenericILS/TWRD/100/R202_100_015.vrptwrd...
------------------------------------------------------------------------------------------------------------------------------------------------
|  Restart |  Iteration |  Best Feas. Cost |    Best Cost |   Curr. Cost |   Penalty Custom Res. |   Penalty Standard Res. |   Pool |   Time (s) |
------------------------------------------------------------------------------------------------------------------------------------------------
|        1 |          1 |          1130.70 |      1130.70 |      1130.70 |                 11.76 |                   11.76 |     11 |     0.1786 |
|        1 |          2 |          1130.70 |      1130.70 |      1130.70 |                  5.00 |                    5.00 |     11 |     0.6514 |
|        1 |          3 |          1130.70 |      1128.61 |      1128.61 |                  5.00 |                    6.55 |     18 |     0.7967 |
|        1 |          4 |          1130.70 |      1128.44 |      1128.44 |                  5.00 |                    5.00 |     18 |     0.8802 |
|        1 |          5 |          1130.70 |      1120.43 |      1120.43 |                  5.00 |                    5.00 |     20 |     0.9689 |
|        1 |          6 |          1130.70 |      1120.43 |      1133.42 |                  5.00 |                    5.00 |     26 |     1.0290 |
|        1 |          7 |          1130.70 |      1120.43 |      1133.21 |                  5.00 |                    5.00 |     26 |     1.0689 |
|        1 |          0 |          1126.20 |      1120.43 |      1126.20 |                  5.00 |                    5.47 |     29 |     1.1328 |
|        1 |          1 |          1126.20 |      1120.43 |      1125.85 |                  5.00 |                    5.00 |     29 |     1.1754 |
|        1 |          2 |          1126.20 |      1120.43 |      1124.90 |                  5.00 |                    5.00 |     29 |     1.2068 |
|        1 |          3 |          1126.20 |      1120.43 |      1125.50 |                  5.00 |                    5.89 |     29 |     1.2974 |
|        1 |          4 |          1126.20 |      1120.43 |      1126.20 |                  5.00 |                    6.82 |     29 |     1.3557 |
|        1 |          5 |          1126.20 |      1110.06 |      1110.06 |                  5.00 |                    6.58 |     32 |     1.4306 |
|        1 |          6 |          1126.20 |      1094.10 |      1094.10 |                  5.00 |                    5.00 |     38 |     1.5297 |
|        1 |          7 |          1126.20 |      1094.10 |      1094.30 |                  5.00 |                    5.00 |     38 |     1.5765 |
|        1 |          0 |          1092.00 |      1092.00 |      1092.00 |                  5.00 |                    5.00 |     40 |     1.6288 |
|        1 |          1 |          1092.00 |      1092.00 |      1104.30 |                  5.00 |                    5.00 |     42 |     1.6834 |
|        1 |          2 |          1092.00 |      1092.00 |      1092.00 |                  5.00 |                    6.81 |     42 |     1.7299 |
|        1 |          0 |          1088.60 |      1088.60 |      1088.60 |                  5.00 |                    5.46 |     44 |     1.8167 |
|        1 |          1 |          1088.60 |      1088.60 |      1097.50 |                  5.00 |                    5.00 |     50 |     1.8995 |
|        1 |          2 |          1088.60 |      1088.60 |      1111.90 |                  5.00 |                    5.00 |     54 |     1.9470 |
|        1 |          3 |          1088.60 |      1088.60 |      1111.90 |                  5.00 |                    5.00 |     54 |     2.0047 |
|        1 |          4 |          1088.60 |      1088.60 |      1100.50 |                  5.00 |                    5.00 |     57 |     2.1098 |
|        1 |          5 |          1088.60 |      1088.60 |      1104.71 |                  5.00 |                    5.00 |     58 |     2.1839 |
|        1 |          6 |          1088.60 |      1088.60 |      1103.60 |                  5.00 |                    5.00 |     61 |     2.2534 |
|        1 |          7 |          1088.60 |      1088.60 |      1096.50 |                  5.00 |                    5.98 |     63 |     2.3148 |
|        1 |          8 |          1088.60 |      1088.60 |      1092.40 |                  5.00 |                    6.07 |     66 |     2.3904 |
|        1 |          9 |          1088.60 |      1086.99 |      1086.99 |                  5.00 |                    6.17 |     66 |     2.4359 |
|        1 |         10 |          1088.60 |      1086.99 |      1087.88 |                  5.00 |                    5.00 |     66 |     2.4826 |
|        1 |         11 |          1088.60 |      1086.99 |      1109.30 |                  5.00 |                    6.21 |     68 |     2.5361 |
|        1 |          0 |          1070.10 |      1070.10 |      1070.10 |                  5.00 |                    5.00 |     70 |     2.6135 |
|        1 |          0 |          1060.40 |      1060.40 |      1060.40 |                  5.00 |                    5.00 |     72 |     2.7033 |
|        1 |          1 |          1060.40 |      1060.40 |      1060.40 |                  5.00 |                    7.90 |     72 |     2.7624 |
|        1 |          2 |          1060.40 |      1060.40 |      1060.40 |                  5.00 |                    5.63 |     72 |     2.8149 |
|        1 |          3 |          1060.40 |      1060.40 |      1060.40 |                  5.00 |                    5.36 |     72 |     2.8479 |
|        1 |          4 |          1060.40 |      1060.40 |      1087.40 |                  5.00 |                    5.00 |     76 |     2.8950 |
|        1 |          5 |          1060.40 |      1060.40 |      1087.40 |                  5.00 |                    5.00 |     76 |     2.9553 |
|        1 |          6 |          1060.40 |      1060.40 |      1096.00 |                  5.00 |                    5.00 |     79 |     3.0017 |
|        1 |          7 |          1060.40 |      1060.40 |      1101.74 |                  5.00 |                    5.03 |     85 |     3.0550 |
|        1 |          8 |          1060.40 |      1060.40 |      1100.86 |                  5.00 |                    5.60 |     85 |     3.1109 |
|        1 |          9 |          1060.40 |      1060.40 |      1096.40 |                  5.00 |                    5.84 |     89 |     3.2047 |
|        1 |         10 |          1060.40 |      1060.40 |      1096.11 |                  5.00 |                    5.00 |     89 |     3.2616 |
|        1 |         11 |          1060.40 |      1060.40 |      1093.92 |                  5.00 |                    6.08 |     92 |     3.3179 |
|        1 |         12 |          1060.40 |      1060.40 |      1089.70 |                  5.00 |                    7.04 |     95 |     3.3683 |
|        1 |         13 |          1060.40 |      1060.40 |      1077.70 |                  5.00 |                    6.66 |     99 |     3.4462 |
|        1 |         14 |          1060.40 |      1060.40 |      1075.00 |                  5.00 |                    5.00 |    103 |     3.5602 |
|        1 |         15 |          1060.40 |      1060.40 |      1073.60 |                  5.00 |                    6.73 |    103 |     3.6009 |
|        1 |         16 |          1060.40 |      1060.40 |      1072.40 |                  5.00 |                    6.19 |    105 |     3.6555 |
|        1 |         17 |          1060.40 |      1060.40 |      1071.80 |                  5.00 |                    6.83 |    107 |     3.6930 |
|        1 |         18 |          1060.40 |      1060.40 |      1071.80 |                  5.00 |                    6.74 |    107 |     3.7439 |
|        1 |         19 |          1060.40 |      1060.40 |      1071.50 |                  5.00 |                    5.00 |    108 |     3.7799 |
|        1 |         20 |          1060.40 |      1060.40 |      1069.10 |                  5.00 |                    8.38 |    108 |     3.8385 |
|        1 |          0 |          1049.80 |      1049.80 |      1049.80 |                  5.00 |                    5.92 |    111 |     3.9165 |
|        1 |          1 |          1049.80 |      1049.80 |      1049.80 |                  5.00 |                    5.73 |    111 |     3.9666 |
|        1 |          2 |          1049.80 |      1049.80 |      1049.80 |                  5.00 |                    5.00 |    111 |     4.0218 |
|        1 |          3 |          1049.80 |      1049.80 |      1049.80 |                  5.00 |                    5.00 |    114 |     4.0798 |
|        1 |          4 |          1049.80 |      1049.80 |      1049.80 |                  5.00 |                    5.00 |    114 |     4.1209 |
|        1 |          5 |          1049.80 |      1049.80 |      1049.80 |                  5.00 |                    5.00 |    114 |     4.1681 |
|        1 |          6 |          1049.80 |      1049.80 |      1055.91 |                  5.00 |                    8.13 |    116 |     4.2268 |
|        1 |          7 |          1049.80 |      1049.80 |      1058.46 |                  5.00 |                    7.94 |    116 |     4.2879 |
|        1 |          8 |          1049.80 |      1049.80 |      1052.70 |                  5.00 |                    7.74 |    119 |     4.3568 |
|        1 |          9 |          1049.80 |      1049.80 |      1052.70 |                  5.00 |                    5.00 |    119 |     4.4051 |
|        1 |         10 |          1049.80 |      1049.80 |      1052.70 |                  5.00 |                    5.68 |    119 |     4.4415 |
|        1 |         11 |          1049.80 |      1049.80 |      1066.00 |                  5.00 |                    5.00 |    122 |     4.4965 |
|        1 |         12 |          1049.80 |      1049.80 |      1066.00 |                  5.00 |                    5.00 |    122 |     4.5467 |
|        1 |         13 |          1049.80 |      1049.80 |      1082.00 |                  5.00 |                    5.00 |    125 |     4.6035 |
|        1 |         14 |          1049.80 |      1049.80 |      1082.00 |                  5.00 |                    5.00 |    125 |     4.6521 |
|        1 |         15 |          1049.80 |      1049.80 |      1069.70 |                  5.00 |                    5.26 |    129 |     4.7179 |
|        1 |         16 |          1049.80 |      1049.80 |      1069.40 |                  5.00 |                    5.00 |    130 |     4.7795 |
|        1 |         17 |          1049.80 |      1049.80 |      1069.10 |                  5.00 |                    5.00 |    136 |     4.8431 |
|        1 |         18 |          1049.80 |      1049.80 |      1075.40 |                  5.00 |                    5.00 |    139 |     4.9165 |
|        1 |         19 |          1049.80 |      1049.80 |      1129.10 |                  5.00 |                    5.00 |    148 |     5.0320 |
|        1 |         20 |          1049.80 |      1049.80 |      1127.50 |                  5.00 |                    5.00 |    149 |     5.0835 |
|        1 |         21 |          1049.80 |      1049.80 |      1117.90 |                  5.00 |                    5.00 |    154 |     5.1777 |
|        1 |         22 |          1049.80 |      1049.80 |      1102.50 |                  5.00 |                    5.00 |    158 |     5.2838 |
|        1 |         23 |          1049.80 |      1049.80 |      1102.50 |                  5.00 |                    5.00 |    158 |     5.3327 |
|        1 |         24 |          1049.80 |      1049.80 |      1102.50 |                  5.00 |                    5.00 |    158 |     5.3680 |
|        1 |         25 |          1049.80 |      1049.80 |      1101.00 |                  5.00 |                    5.00 |    161 |     5.4478 |
|        1 |         26 |          1049.80 |      1049.80 |      1101.00 |                  5.00 |                    5.00 |    161 |     5.5036 |
|        1 |         27 |          1049.80 |      1049.80 |      1093.90 |                  5.00 |                    5.00 |    165 |     5.6234 |
|        1 |         28 |          1049.80 |      1049.80 |      1082.40 |                  5.00 |                    9.27 |    172 |     5.7139 |
|        1 |         29 |          1049.80 |      1049.80 |      1082.40 |                  5.00 |                    5.44 |    172 |     5.7541 |
|        1 |         30 |          1049.80 |      1049.80 |      1082.40 |                  5.00 |                    5.00 |    172 |     5.8072 |
|        1 |         31 |          1049.80 |      1049.80 |      1082.40 |                  5.00 |                    5.00 |    172 |     5.8509 |
|        1 |         32 |          1049.80 |      1049.80 |      1077.20 |                  5.00 |                    7.13 |    177 |     5.9509 |
|        1 |         33 |          1049.80 |      1049.80 |      1095.44 |                  5.00 |                    8.86 |    178 |     6.0003 |
|        1 |         34 |          1049.80 |      1049.80 |      1087.10 |                  5.00 |                    8.38 |    181 |     6.1274 |
|        1 |         35 |          1049.80 |      1049.80 |      1111.30 |                  5.00 |                    5.00 |    187 |     6.2145 |
|        1 |         36 |          1049.80 |      1049.80 |      1114.40 |                  5.00 |                    5.00 |    190 |     6.2633 |
|        1 |         37 |          1049.80 |      1049.80 |      1114.40 |                  5.00 |                    5.00 |    190 |     6.3027 |
|        1 |         38 |          1049.80 |      1049.80 |      1105.30 |                  5.00 |                    5.00 |    194 |     6.3771 |
|        1 |         39 |          1049.80 |      1049.80 |      1105.30 |                  5.00 |                    5.00 |    194 |     6.4375 |
|        1 |         40 |          1049.80 |      1049.80 |      1118.92 |                  5.00 |                    6.86 |    200 |     6.4991 |
|        1 |         41 |          1049.80 |      1049.80 |      1119.98 |                  5.00 |                    7.55 |    206 |     6.5597 |
|        1 |         42 |          1049.80 |      1049.80 |      1113.20 |                  5.00 |                    6.66 |    213 |     6.6365 |
|        1 |         43 |          1049.80 |      1049.80 |      1113.20 |                  5.00 |                    6.61 |    213 |     6.6889 |
|        1 |         44 |          1049.80 |      1049.80 |      1093.30 |                  5.00 |                    5.00 |    217 |     6.7659 |
|        1 |         45 |          1049.80 |      1049.80 |      1093.30 |                  5.00 |                    5.00 |    217 |     6.8198 |
|        1 |         46 |          1049.80 |      1049.80 |      1090.30 |                  5.00 |                    5.00 |    218 |     6.8882 |
|        1 |         47 |          1049.80 |      1049.80 |      1088.80 |                  5.00 |                    5.00 |    221 |     6.9774 |
|        1 |         48 |          1049.80 |      1049.80 |      1088.80 |                  5.00 |                    5.00 |    221 |     7.0262 |
|        1 |         49 |          1049.80 |      1049.80 |      1088.80 |                  5.00 |                    5.00 |    221 |     7.0701 |
|        1 |         50 |          1049.80 |      1049.80 |      1088.80 |                  5.00 |                    5.00 |    221 |     7.1460 |
|        1 |         51 |          1049.80 |      1049.80 |      1114.30 |                  5.00 |                    5.00 |    223 |     7.2182 |
|        1 |         52 |          1049.80 |      1049.80 |      1114.30 |                  5.00 |                    5.00 |    224 |     7.2798 |
|        1 |         53 |          1049.80 |      1049.80 |      1109.10 |                  5.00 |                    5.26 |    227 |     7.3359 |
|        1 |         54 |          1049.80 |      1049.80 |      1099.10 |                  5.00 |                    5.00 |    230 |     7.3816 |
|        1 |         55 |          1049.80 |      1049.80 |      1100.10 |                  5.00 |                    5.00 |    235 |     7.4492 |
|        1 |         56 |          1049.80 |      1049.80 |      1105.80 |                  5.00 |                    5.00 |    239 |     7.5000 |
|        1 |         57 |          1049.80 |      1049.80 |      1099.80 |                  5.00 |                    5.00 |    247 |     7.6518 |
|        1 |         58 |          1049.80 |      1049.80 |      1094.60 |                  5.00 |                    5.00 |    252 |     7.7113 |
|        1 |         59 |          1049.80 |      1049.80 |      1077.30 |                  5.00 |                    5.00 |    255 |     7.7830 |
|        1 |         60 |          1049.80 |      1049.80 |      1104.50 |                  5.00 |                    5.00 |    257 |     7.8173 |
|        1 |         61 |          1049.80 |      1049.80 |      1080.90 |                  5.00 |                    5.98 |    262 |     7.9039 |
|        1 |         62 |          1049.80 |      1049.80 |      1080.90 |                  5.00 |                    5.00 |    262 |     7.9485 |
|        1 |         63 |          1049.80 |      1049.80 |      1089.00 |                  5.00 |                    7.59 |    268 |     8.0033 |
|        1 |         64 |          1049.80 |      1049.80 |      1080.70 |                  5.00 |                    5.00 |    270 |     8.0833 |
|        1 |         65 |          1049.80 |      1049.80 |      1080.70 |                  5.00 |                    6.54 |    270 |     8.1355 |
|        1 |         66 |          1049.80 |      1049.80 |      1073.71 |                  5.00 |                    9.15 |    271 |     8.1958 |
|        1 |         67 |          1049.80 |      1049.80 |      1075.21 |                  5.00 |                    8.39 |    273 |     8.2868 |
|        1 |         68 |          1049.80 |      1049.80 |      1078.72 |                  5.00 |                    6.32 |    273 |     8.3315 |
|        1 |         69 |          1049.80 |      1049.80 |      1076.43 |                  5.00 |                    7.47 |    273 |     8.3784 |
|        1 |         70 |          1049.80 |      1049.80 |      1095.75 |                  5.00 |                    5.00 |    275 |     8.4636 |
|        1 |         71 |          1049.80 |      1049.80 |      1109.20 |                  5.00 |                    5.00 |    278 |     8.5397 |
|        1 |         72 |          1049.80 |      1049.80 |      1117.90 |                  5.00 |                    5.30 |    281 |     8.6058 |
|        1 |         73 |          1049.80 |      1049.80 |      1117.90 |                  5.00 |                    5.00 |    281 |     8.6692 |
|        1 |         74 |          1049.80 |      1049.80 |      1117.90 |                  5.00 |                    6.04 |    281 |     8.7297 |
|        1 |         75 |          1049.80 |      1049.80 |      1117.90 |                  5.00 |                    5.00 |    281 |     8.7815 |
|        1 |         76 |          1049.80 |      1049.80 |      1097.30 |                  5.00 |                    5.00 |    284 |     8.8877 |
|        1 |         77 |          1049.80 |      1049.80 |      1097.20 |                  5.00 |                    5.00 |    292 |     8.9950 |
|        1 |         78 |          1049.80 |      1049.80 |      1094.10 |                  5.00 |                    5.00 |    294 |     9.0430 |
|        1 |         79 |          1049.80 |      1049.80 |      1094.10 |                  5.00 |                    5.00 |    294 |     9.1076 |
|        1 |         80 |          1049.80 |      1049.80 |      1090.30 |                  5.00 |                    5.41 |    299 |     9.1874 |
|        1 |         81 |          1049.80 |      1049.80 |      1084.20 |                  5.00 |                    6.39 |    299 |     9.2837 |
|        1 |         82 |          1049.80 |      1049.80 |      1086.21 |                  5.00 |                    5.42 |    299 |     9.3678 |
|        1 |         83 |          1049.80 |      1049.80 |      1085.04 |                  5.00 |                    5.15 |    299 |     9.4120 |
|        1 |         84 |          1049.80 |      1049.80 |      1118.01 |                  5.00 |                    7.50 |    302 |     9.4544 |
|        1 |         85 |          1049.80 |      1049.80 |      1085.81 |                  5.00 |                    6.92 |    305 |     9.5602 |
|        1 |         86 |          1049.80 |      1049.80 |      1086.00 |                  5.00 |                    5.00 |    306 |     9.6321 |
|        1 |         87 |          1049.80 |      1049.80 |      1083.01 |                  5.00 |                    6.15 |    306 |     9.6817 |
|        1 |         88 |          1049.80 |      1049.80 |      1085.27 |                  5.00 |                    5.00 |    306 |     9.7315 |
|        1 |         89 |          1049.80 |      1049.80 |      1082.60 |                  5.00 |                    5.45 |    306 |     9.8513 |
|        1 |         90 |          1049.80 |      1049.80 |      1084.20 |                  5.00 |                    5.00 |    308 |    10.0090 |
|        1 |         91 |          1049.80 |      1049.80 |      1080.90 |                  5.00 |                    6.94 |    308 |    10.0528 |
|        1 |         92 |          1049.80 |      1049.80 |      1082.26 |                  5.00 |                    6.32 |    308 |    10.1084 |
|        1 |         93 |          1049.80 |      1049.80 |      1084.21 |                  5.00 |                    5.00 |    308 |    10.1657 |
|        1 |         94 |          1049.80 |      1049.80 |      1105.30 |                  5.00 |                    5.00 |    312 |    10.2111 |
|        1 |         95 |          1049.80 |      1049.80 |      1105.30 |                  5.00 |                    6.10 |    312 |    10.2582 |
|        1 |         96 |          1049.80 |      1049.80 |      1085.00 |                  5.00 |                    5.00 |    314 |    10.3095 |
|        1 |         97 |          1049.80 |      1049.80 |      1085.00 |                  5.00 |                    5.00 |    314 |    10.3629 |
|        1 |         98 |          1049.80 |      1049.80 |      1081.70 |                  5.00 |                    5.00 |    317 |    10.4162 |
|        1 |         99 |          1049.80 |      1049.80 |      1072.60 |                  5.00 |                    5.00 |    318 |    10.4911 |
|        1 |        100 |          1049.80 |      1049.80 |      1072.60 |                  5.00 |                    5.75 |    318 |    10.5416 |
|        1 |        101 |          1049.80 |      1049.80 |      1072.60 |                  5.00 |                    5.00 |    318 |    10.5989 |
|        1 |        102 |          1049.80 |      1049.80 |      1072.60 |                  5.00 |                    5.00 |    318 |    10.6685 |
|        1 |        103 |          1049.80 |      1049.80 |      1072.60 |                  5.00 |                    5.00 |    318 |    10.7106 |
|        1 |        104 |          1049.80 |      1049.80 |      1098.50 |                  5.00 |                    5.00 |    325 |    10.7826 |
|        1 |        105 |          1049.80 |      1049.80 |      1098.50 |                  5.00 |                    5.00 |    325 |    10.8410 |
|        1 |        106 |          1049.80 |      1049.80 |      1091.10 |                  5.00 |                    5.00 |    327 |    10.9451 |
|        1 |        107 |          1049.80 |      1049.80 |      1092.82 |                  5.00 |                    5.50 |    328 |    11.0146 |
|        1 |        108 |          1049.80 |      1049.80 |      1070.90 |                  5.00 |                    5.75 |    331 |    11.1300 |
|        1 |        109 |          1049.80 |      1049.80 |      1070.90 |                  5.00 |                    6.87 |    331 |    11.1868 |
|        1 |        110 |          1049.80 |      1049.80 |      1090.55 |                  5.00 |                    5.71 |    333 |    11.2519 |
|        1 |        111 |          1049.80 |      1049.80 |      1065.70 |                  5.00 |                    5.00 |    334 |    11.3068 |
|        1 |        112 |          1049.80 |      1049.80 |      1065.70 |                  5.00 |                    5.00 |    334 |    11.3405 |
|        1 |        113 |          1049.80 |      1049.80 |      1072.60 |                  5.00 |                    9.35 |    336 |    11.4267 |
|        1 |        114 |          1049.80 |      1049.80 |      1075.10 |                  5.00 |                    5.38 |    339 |    11.4693 |
|        1 |        115 |          1049.80 |      1049.80 |      1085.70 |                  5.00 |                    5.75 |    340 |    11.5262 |
|        1 |        116 |          1049.80 |      1049.80 |      1075.10 |                  5.00 |                    5.00 |    340 |    11.5912 |
|        1 |        117 |          1049.80 |      1049.80 |      1091.81 |                  5.00 |                    7.66 |    343 |    11.6512 |
|        1 |        118 |          1049.80 |      1049.80 |      1075.80 |                  5.00 |                    5.00 |    349 |    11.7189 |
|        1 |        119 |          1049.80 |      1049.80 |      1078.10 |                  5.00 |                    5.00 |    350 |    11.7619 |
|        1 |        120 |          1049.80 |      1049.80 |      1078.10 |                  5.00 |                    7.73 |    350 |    11.8406 |
|        1 |        121 |          1049.80 |      1049.80 |      1112.00 |                  5.00 |                    5.00 |    352 |    11.9068 |
|        1 |        122 |          1049.80 |      1049.80 |      1085.60 |                  5.00 |                    5.00 |    353 |    11.9771 |
|        1 |        123 |          1049.80 |      1049.80 |      1084.50 |                  5.00 |                    8.14 |    359 |    12.0476 |
|        1 |        124 |          1049.80 |      1049.80 |      1082.10 |                  5.00 |                    7.67 |    362 |    12.1350 |
|        1 |        125 |          1049.80 |      1049.80 |      1082.10 |                  5.00 |                    5.00 |    362 |    12.1847 |
|        1 |        126 |          1049.80 |      1049.80 |      1082.00 |                  5.00 |                    5.00 |    363 |    12.2617 |
|        1 |        127 |          1049.80 |      1049.80 |      1082.00 |                  5.00 |                    5.00 |    363 |    12.3237 |
|        1 |        128 |          1049.80 |      1049.80 |      1082.00 |                  5.00 |                    5.00 |    363 |    12.3981 |
|        1 |        129 |          1049.80 |      1049.80 |      1072.40 |                  5.00 |                    5.00 |    367 |    12.4806 |
|        1 |        130 |          1049.80 |      1049.80 |      1070.80 |                  5.00 |                    5.58 |    369 |    12.5710 |
|        1 |        131 |          1049.80 |      1049.80 |      1070.80 |                  5.00 |                    5.00 |    369 |    12.6141 |
|        1 |        132 |          1049.80 |      1049.80 |      1070.80 |                  5.00 |                    7.22 |    369 |    12.6715 |
|        1 |        133 |          1049.80 |      1049.80 |      1070.80 |                  5.00 |                    5.00 |    369 |    12.7227 |
|        1 |        134 |          1049.80 |      1049.80 |      1073.80 |                  5.00 |                    5.00 |    371 |    12.7789 |
|        1 |        135 |          1049.80 |      1049.80 |      1073.30 |                  5.00 |                    5.00 |    374 |    12.8465 |
|        1 |        136 |          1049.80 |      1049.80 |      1073.30 |                  5.00 |                    5.00 |    374 |    12.9057 |
|        1 |        137 |          1049.80 |      1049.80 |      1073.30 |                  5.00 |                    5.00 |    374 |    12.9585 |
|        1 |        138 |          1049.80 |      1049.80 |      1072.50 |                  5.00 |                    5.00 |    374 |    13.0318 |
|        1 |        139 |          1049.80 |      1049.80 |      1072.50 |                  5.00 |                    5.00 |    374 |    13.0922 |
|        1 |        140 |          1049.80 |      1049.80 |      1072.50 |                  5.00 |                    5.00 |    374 |    13.1425 |
|        1 |        141 |          1049.80 |      1049.80 |      1072.40 |                  5.00 |                    5.00 |    374 |    13.2778 |
|        1 |        142 |          1049.80 |      1049.80 |      1072.40 |                  5.00 |                    5.00 |    374 |    13.3354 |
|        1 |        143 |          1049.80 |      1049.80 |      1062.40 |                  5.00 |                    5.00 |    377 |    13.4580 |
|        1 |        144 |          1049.80 |      1049.80 |      1062.20 |                  5.00 |                    5.00 |    377 |    13.5074 |
|        1 |        145 |          1049.80 |      1049.80 |      1062.20 |                  5.00 |                    5.00 |    377 |    13.5549 |
|        1 |        146 |          1049.80 |      1049.80 |      1062.00 |                  5.00 |                    5.00 |    377 |    13.6285 |
|        1 |        147 |          1049.80 |      1049.80 |      1062.00 |                  5.00 |                    5.00 |    377 |    13.6715 |
|        1 |        148 |          1049.80 |      1049.80 |      1062.00 |                  5.00 |                    5.91 |    377 |    13.7221 |
|        1 |        149 |          1049.80 |      1049.80 |      1062.00 |                  5.00 |                    5.00 |    377 |    13.7821 |
|        1 |        150 |          1049.80 |      1049.80 |      1062.00 |                  5.00 |                    5.00 |    377 |    13.8496 |
|        1 |        151 |          1049.80 |      1049.80 |      1062.00 |                  5.00 |                    5.00 |    377 |    13.8971 |
|        1 |        152 |          1049.80 |      1049.80 |      1062.00 |                  5.00 |                    5.00 |    377 |    13.9382 |
|        1 |        153 |          1049.80 |      1049.80 |      1081.30 |                  5.00 |                    5.00 |    381 |    14.0031 |
|        1 |        154 |          1049.80 |      1049.80 |      1089.30 |                  5.00 |                    5.00 |    383 |    14.0753 |
|        1 |        155 |          1049.80 |      1049.80 |      1089.30 |                  5.00 |                    5.00 |    383 |    14.1327 |
|        1 |        156 |          1049.80 |      1049.80 |      1117.80 |                  5.00 |                    5.52 |    387 |    14.2085 |
|        1 |        157 |          1049.80 |      1049.80 |      1117.80 |                  5.00 |                    5.00 |    387 |    14.2575 |
|        1 |        158 |          1049.80 |      1049.80 |      1093.90 |                  5.00 |                    5.00 |    388 |    14.4344 |
|        1 |        159 |          1049.80 |      1049.80 |      1093.70 |                  5.00 |                    5.00 |    388 |    14.4965 |
|        1 |        160 |          1049.80 |      1049.80 |      1093.40 |                  5.00 |                    5.00 |    389 |    14.5766 |
|        1 |        161 |          1049.80 |      1049.80 |      1086.10 |                  5.00 |                    5.00 |    393 |    14.6682 |
|        1 |        162 |          1049.80 |      1049.80 |      1097.60 |                  5.00 |                    6.29 |    395 |    14.8137 |
|        1 |        163 |          1049.80 |      1049.80 |      1095.70 |                  5.00 |                    5.00 |    397 |    14.8860 |
|        1 |        164 |          1049.80 |      1049.80 |      1097.80 |                  5.00 |                    5.00 |    398 |    14.9634 |
|        1 |        165 |          1049.80 |      1049.80 |      1097.80 |                  5.00 |                    5.00 |    398 |    15.0192 |
|        1 |        166 |          1049.80 |      1049.80 |      1081.50 |                  5.00 |                    5.00 |    400 |    15.1181 |
|        1 |        167 |          1049.80 |      1049.80 |      1080.70 |                  5.00 |                    6.22 |    402 |    15.2622 |
|        1 |        168 |          1049.80 |      1049.80 |      1070.30 |                  5.00 |                    5.47 |    405 |    15.4556 |
|        1 |        169 |          1049.80 |      1049.80 |      1070.30 |                  5.00 |                    5.00 |    405 |    15.5304 |
|        1 |        170 |          1049.80 |      1049.80 |      1070.30 |                  5.00 |                    5.00 |    405 |    15.5791 |
|        1 |        171 |          1049.80 |      1049.80 |      1069.70 |                  5.00 |                    5.00 |    407 |    15.6213 |
|        1 |        172 |          1049.80 |      1049.80 |      1111.71 |                  5.00 |                    5.00 |    410 |    15.7016 |
|        1 |        173 |          1049.80 |      1049.80 |      1093.70 |                  5.00 |                    6.65 |    410 |    15.7691 |
|        1 |        174 |          1049.80 |      1049.80 |      1100.16 |                  5.00 |                    5.65 |    413 |    15.8327 |
|        1 |        175 |          1049.80 |      1049.80 |      1096.03 |                  5.00 |                    9.19 |    413 |    15.8734 |
|        1 |        176 |          1049.80 |      1049.80 |      1093.70 |                  5.00 |                    5.00 |    419 |    15.9378 |
|        1 |        177 |          1049.80 |      1049.80 |      1093.70 |                  5.00 |                    5.00 |    419 |    15.9842 |
|        1 |        178 |          1049.80 |      1049.80 |      1093.70 |                  5.00 |                    5.00 |    419 |    16.0268 |
|        1 |        179 |          1049.80 |      1049.80 |      1086.11 |                  5.00 |                    7.58 |    420 |    16.0922 |
|        1 |        180 |          1049.80 |      1049.80 |      1091.54 |                  5.00 |                    5.82 |    422 |    16.1494 |
|        1 |        181 |          1049.80 |      1049.80 |      1087.96 |                  5.00 |                    7.01 |    422 |    16.2140 |
|        1 |        182 |          1049.80 |      1049.80 |      1088.39 |                  5.00 |                    7.64 |    422 |    16.3002 |
|        1 |        183 |          1049.80 |      1049.80 |      1091.08 |                  5.00 |                    5.00 |    422 |    16.3917 |
|        1 |        184 |          1049.80 |      1049.80 |      1085.50 |                  5.00 |                    7.74 |    422 |    16.4520 |
|        1 |        185 |          1049.80 |      1049.80 |      1115.90 |                  5.00 |                    5.00 |    429 |    16.5763 |
|        1 |        186 |          1049.80 |      1049.80 |      1095.60 |                  5.00 |                    5.00 |    431 |    16.6825 |
|        1 |        187 |          1049.80 |      1049.80 |      1095.60 |                  5.00 |                    5.92 |    431 |    16.7339 |
|        1 |        188 |          1049.80 |      1049.80 |      1119.30 |                  5.00 |                    5.91 |    434 |    16.7833 |
|        1 |        189 |          1049.80 |      1049.80 |      1119.30 |                  5.00 |                    5.00 |    434 |    16.8238 |
|        1 |        190 |          1049.80 |      1049.80 |      1119.30 |                  5.00 |                    5.00 |    434 |    16.8834 |
|        1 |        191 |          1049.80 |      1049.80 |      1101.90 |                  5.00 |                    7.59 |    437 |    16.9707 |
|        1 |        192 |          1049.80 |      1049.80 |      1118.30 |                  5.00 |                    5.00 |    441 |    17.0193 |
|        1 |        193 |          1049.80 |      1049.80 |      1096.03 |                  5.00 |                    6.25 |    442 |    17.1950 |
|        1 |        194 |          1049.80 |      1049.80 |      1105.35 |                  5.00 |                    6.67 |    443 |    17.2640 |
|        1 |        195 |          1049.80 |      1049.80 |      1098.70 |                  5.00 |                    5.00 |    448 |    17.3763 |
|        1 |        196 |          1049.80 |      1049.80 |      1100.60 |                  5.00 |                    7.59 |    448 |    17.4288 |
|        1 |        197 |          1049.80 |      1049.80 |      1078.20 |                  5.00 |                    5.00 |    448 |    17.5006 |
|        1 |        198 |          1049.80 |      1049.80 |      1078.70 |                  5.00 |                    5.00 |    449 |    17.5789 |
|        1 |        199 |          1049.80 |      1049.80 |      1089.85 |                  5.00 |                    6.66 |    451 |    17.6368 |
|        1 |        200 |          1049.80 |      1049.80 |      1105.30 |                  5.00 |                    5.00 |    453 |    17.7052 |
|        1 |        201 |          1049.80 |      1049.80 |      1068.20 |                  5.00 |                    5.00 |    458 |    17.8013 |
|        1 |        202 |          1049.80 |      1049.80 |      1072.90 |                  5.00 |                    5.00 |    461 |    17.8611 |
|        1 |        203 |          1049.80 |      1049.80 |      1072.90 |                  5.00 |                    5.00 |    461 |    17.9058 |
|        1 |        204 |          1049.80 |      1049.80 |      1086.50 |                  5.00 |                    5.00 |    463 |    17.9778 |
|        1 |        205 |          1049.80 |      1049.80 |      1086.50 |                  5.00 |                    6.48 |    463 |    18.0437 |
|        1 |        206 |          1049.80 |      1049.80 |      1086.50 |                  5.00 |                    5.00 |    463 |    18.0960 |
|        1 |        207 |          1049.80 |      1049.80 |      1083.60 |                  5.00 |                    7.00 |    467 |    18.2123 |
|        1 |        208 |          1049.80 |      1049.80 |      1084.71 |                  5.00 |                    8.02 |    467 |    18.2562 |
|        1 |        209 |          1049.80 |      1049.80 |      1086.72 |                  5.00 |                   14.28 |    467 |    18.3216 |
|        1 |        210 |          1049.80 |      1049.80 |      1083.80 |                  5.00 |                    6.71 |    471 |    18.4084 |
|        1 |        211 |          1049.80 |      1049.80 |      1082.80 |                  5.00 |                    5.00 |    471 |    18.4614 |
|        1 |        212 |          1049.80 |      1049.80 |      1082.80 |                  5.00 |                    5.58 |    471 |    18.5181 |
|        1 |        213 |          1049.80 |      1049.80 |      1082.80 |                  5.00 |                    5.00 |    471 |    18.5765 |
|        1 |        214 |          1049.80 |      1049.80 |      1082.80 |                  5.00 |                    5.62 |    471 |    18.6363 |
|        1 |        215 |          1049.80 |      1049.80 |      1078.80 |                  5.00 |                    5.00 |    477 |    18.7329 |
|        1 |        216 |          1049.80 |      1049.80 |      1097.80 |                  5.00 |                    5.80 |    484 |    18.8220 |
|        1 |        217 |          1049.80 |      1049.80 |      1109.80 |                  5.00 |                    5.00 |    486 |    18.8739 |
|        1 |        218 |          1049.80 |      1049.80 |      1115.20 |                  5.00 |                    5.00 |    490 |    18.9240 |
|        1 |        219 |          1049.80 |      1049.80 |      1085.20 |                  5.00 |                    5.00 |    493 |    19.0668 |
|        1 |        220 |          1049.80 |      1049.80 |      1083.90 |                  5.00 |                    5.00 |    497 |    19.1208 |
|        1 |        221 |          1049.80 |      1049.80 |      1096.00 |                  5.00 |                    5.00 |    502 |    19.1634 |
|        1 |        222 |          1049.80 |      1049.80 |      1103.60 |                  5.00 |                    5.00 |    503 |    19.2233 |
|        1 |        223 |          1049.80 |      1049.80 |      1106.00 |                  5.00 |                    5.00 |    504 |    19.2912 |
|        1 |        224 |          1049.80 |      1049.80 |      1100.90 |                  5.00 |                    6.61 |    505 |    19.3963 |
|        1 |        225 |          1049.80 |      1049.80 |      1100.90 |                  5.00 |                    5.52 |    505 |    19.4354 |
|        1 |        226 |          1049.80 |      1049.80 |      1092.10 |                  5.00 |                    5.00 |    508 |    19.5835 |
|        1 |        227 |          1049.80 |      1049.80 |      1102.41 |                  5.00 |                   10.76 |    511 |    19.6568 |
|        1 |        228 |          1049.80 |      1049.80 |      1097.13 |                  5.00 |                    6.74 |    514 |    19.7630 |
|        1 |        229 |          1049.80 |      1049.80 |      1093.31 |                  5.00 |                    6.32 |    515 |    19.8443 |
|        1 |        230 |          1049.80 |      1049.80 |      1091.44 |                  5.00 |                    8.17 |    515 |    19.8916 |
|        1 |        231 |          1049.80 |      1049.80 |      1089.88 |                  5.00 |                   15.13 |    516 |    19.9443 |
------------------------------------------------------------------------------------------------------------------------------------------------
|  Restart |  Iteration |  Best Feas. Cost |    Best Cost |   Curr. Cost |   Penalty Custom Res. |   Penalty Standard Res. |   Pool |   Time (s) |
------------------------------------------------------------------------------------------------------------------------------------------------
|        1 |        232 |          1049.80 |      1049.80 |      1093.80 |                  5.00 |                    9.31 |    519 |    20.0445 |
|        1 |        233 |          1049.80 |      1049.80 |      1067.46 |                  5.00 |                    5.00 |    523 |    20.1814 |
|        1 |        234 |          1049.80 |      1049.80 |      1074.70 |                  5.00 |                   10.24 |    525 |    20.2333 |
|        1 |        235 |          1049.80 |      1049.80 |      1078.85 |                  5.00 |                   10.72 |    527 |    20.2859 |
|        1 |        236 |          1049.80 |      1049.80 |      1079.11 |                  5.00 |                   13.19 |    528 |    20.3271 |
|        1 |        237 |          1049.80 |      1049.80 |      1081.78 |                  5.00 |                   16.87 |    528 |    20.3854 |
|        1 |        238 |          1049.80 |      1049.80 |      1084.37 |                  5.00 |                   14.61 |    528 |    20.4349 |
|        1 |        239 |          1049.80 |      1049.80 |      1082.86 |                  5.00 |                   15.93 |    528 |    20.4891 |
|        1 |        240 |          1049.80 |      1049.80 |      1084.28 |                  5.00 |                   13.13 |    528 |    20.5452 |
|        1 |        241 |          1049.80 |      1049.80 |      1099.46 |                  5.00 |                    8.17 |    529 |    20.5953 |
|        1 |        242 |          1049.80 |      1049.80 |      1094.74 |                  5.00 |                   19.04 |    529 |    20.6535 |
|        1 |        243 |          1049.80 |      1049.80 |      1098.10 |                  5.00 |                    9.89 |    531 |    20.7305 |
|        1 |        244 |          1049.80 |      1049.80 |      1097.50 |                  5.00 |                    6.83 |    537 |    20.8837 |
|        1 |        245 |          1049.80 |      1049.80 |      1084.10 |                  5.00 |                    5.00 |    541 |    21.0360 |
|        1 |        246 |          1049.80 |      1049.80 |      1080.00 |                  5.00 |                    5.00 |    545 |    21.1458 |
|        1 |        247 |          1049.80 |      1049.80 |      1076.80 |                  5.00 |                    5.00 |    546 |    21.2042 |
|        1 |        248 |          1049.80 |      1049.80 |      1078.50 |                  5.00 |                    5.36 |    546 |    21.2671 |
|        1 |        249 |          1049.80 |      1049.80 |      1079.10 |                  5.00 |                    7.08 |    546 |    21.3205 |
|        1 |        250 |          1049.80 |      1049.80 |      1077.50 |                  5.00 |                    7.67 |    548 |    21.3913 |
|        1 |        251 |          1049.80 |      1049.80 |      1074.10 |                  5.00 |                    5.00 |    548 |    21.4481 |
|        1 |        252 |          1049.80 |      1049.80 |      1074.10 |                  5.00 |                    5.00 |    548 |    21.5011 |
|        1 |        253 |          1049.80 |      1049.80 |      1075.90 |                  5.00 |                    5.00 |    548 |    21.5709 |
|        1 |        254 |          1049.80 |      1049.80 |      1075.80 |                  5.00 |                    5.00 |    548 |    21.6674 |
|        1 |        255 |          1049.80 |      1049.80 |      1075.80 |                  5.00 |                    5.00 |    548 |    21.7164 |
|        1 |        256 |          1049.80 |      1049.80 |      1051.80 |                  5.00 |                    5.00 |    551 |    21.7864 |
|        1 |        257 |          1049.80 |      1049.80 |      1071.40 |                  5.00 |                    5.00 |    554 |    21.9081 |
|        1 |        258 |          1049.80 |      1049.80 |      1053.70 |                  5.00 |                    5.00 |    555 |    21.9743 |
|        1 |        259 |          1049.80 |      1049.80 |      1053.70 |                  5.00 |                    5.00 |    555 |    22.0272 |
|        1 |        260 |          1049.80 |      1049.80 |      1053.70 |                  5.00 |                    5.00 |    555 |    22.0767 |
|        1 |        261 |          1049.80 |      1049.80 |      1074.20 |                  5.00 |                    5.00 |    557 |    22.1418 |
|        1 |        262 |          1049.80 |      1049.80 |      1074.20 |                  5.00 |                    5.00 |    557 |    22.1900 |
|        1 |        263 |          1049.80 |      1049.80 |      1074.20 |                  5.00 |                    5.00 |    557 |    22.2326 |
|        1 |        264 |          1049.80 |      1049.80 |      1084.70 |                  5.00 |                    5.00 |    559 |    22.2808 |
|        1 |        265 |          1049.80 |      1049.80 |      1084.70 |                  5.00 |                    5.00 |    559 |    22.3163 |
|        1 |        266 |          1049.80 |      1049.80 |      1111.50 |                  5.00 |                    6.61 |    563 |    22.3703 |
|        1 |        267 |          1049.80 |      1049.80 |      1111.50 |                  5.00 |                    5.00 |    563 |    22.4142 |
|        1 |        268 |          1049.80 |      1049.80 |      1077.10 |                  5.00 |                    5.00 |    566 |    22.5444 |
|        1 |        269 |          1049.80 |      1049.80 |      1117.80 |                  5.00 |                    5.00 |    569 |    22.6582 |
|        1 |        270 |          1049.80 |      1049.80 |      1116.40 |                  5.00 |                    5.98 |    569 |    22.7168 |
|        1 |        271 |          1049.80 |      1049.80 |      1065.86 |                  5.00 |                    7.83 |    572 |    22.8645 |
|        1 |        272 |          1049.80 |      1049.80 |      1066.30 |                  5.00 |                    5.84 |    572 |    22.9137 |
|        1 |        273 |          1049.80 |      1049.80 |      1065.87 |                  5.00 |                    5.92 |    572 |    22.9815 |
|        1 |        274 |          1049.80 |      1049.80 |      1093.00 |                  5.00 |                    5.28 |    576 |    23.0407 |
|        1 |        275 |          1049.80 |      1049.80 |      1092.20 |                  5.00 |                    5.69 |    576 |    23.1196 |
|        1 |        276 |          1049.80 |      1049.80 |      1087.07 |                  5.00 |                    6.63 |    578 |    23.2338 |
|        1 |        277 |          1049.80 |      1049.80 |      1085.00 |                  5.00 |                    5.14 |    581 |    23.3213 |
|        1 |        278 |          1049.80 |      1049.80 |      1082.08 |                  5.00 |                    5.48 |    581 |    23.3912 |
|        1 |        279 |          1049.80 |      1049.80 |      1082.56 |                  5.00 |                    5.00 |    581 |    23.4418 |
|        1 |        280 |          1049.80 |      1049.80 |      1090.00 |                  5.00 |                    6.93 |    582 |    23.4977 |
|        1 |        281 |          1049.80 |      1049.80 |      1094.27 |                  5.00 |                    5.00 |    582 |    23.5663 |
|        1 |        282 |          1049.80 |      1049.80 |      1083.95 |                  5.00 |                    5.18 |    582 |    23.6481 |
|        1 |        283 |          1049.80 |      1049.80 |      1081.47 |                  5.00 |                    6.57 |    582 |    23.6943 |
|        1 |        284 |          1049.80 |      1049.80 |      1082.74 |                  5.00 |                    7.01 |    582 |    23.7652 |
|        1 |        285 |          1049.80 |      1049.80 |      1082.58 |                  5.00 |                    6.37 |    582 |    23.8569 |
|        1 |        286 |          1049.80 |      1049.80 |      1109.60 |                  5.00 |                    5.00 |    587 |    23.9240 |
|        1 |        287 |          1049.80 |      1049.80 |      1109.80 |                  5.00 |                    5.00 |    589 |    23.9942 |
|        1 |        288 |          1049.80 |      1049.80 |      1110.10 |                  5.00 |                    5.00 |    591 |    24.0509 |
|        1 |        289 |          1049.80 |      1049.80 |      1110.10 |                  5.00 |                    6.16 |    591 |    24.1137 |
|        1 |        290 |          1049.80 |      1049.80 |      1091.90 |                  5.00 |                    5.00 |    593 |    24.1849 |
|        1 |        291 |          1049.80 |      1049.80 |      1065.10 |                  5.00 |                    5.00 |    597 |    24.3332 |
|        1 |        292 |          1049.80 |      1049.80 |      1065.10 |                  5.00 |                    5.00 |    597 |    24.3808 |
|        1 |        293 |          1049.80 |      1049.80 |      1065.10 |                  5.00 |                    5.00 |    597 |    24.4177 |
|        1 |        294 |          1049.80 |      1049.80 |      1069.50 |                  5.00 |                    5.00 |    599 |    24.4758 |
|        1 |        295 |          1049.80 |      1049.80 |      1069.50 |                  5.00 |                    5.00 |    599 |    24.5370 |
|        1 |        296 |          1049.80 |      1049.80 |      1069.50 |                  5.00 |                    5.00 |    599 |    24.5890 |
|        1 |        297 |          1049.80 |      1049.80 |      1065.40 |                  5.00 |                    5.00 |    599 |    24.6510 |
|        1 |        298 |          1049.80 |      1049.80 |      1075.60 |                  5.00 |                    5.00 |    601 |    24.7018 |
|        1 |        299 |          1049.80 |      1049.80 |      1095.80 |                  5.00 |                    6.15 |    603 |    24.7827 |
|        1 |        300 |          1049.80 |      1049.80 |      1095.10 |                  5.00 |                    5.26 |    603 |    24.8457 |
|        1 |        301 |          1049.80 |      1049.80 |      1083.80 |                  5.00 |                    5.00 |    606 |    24.9308 |
|        1 |        302 |          1049.80 |      1049.80 |      1083.30 |                  5.00 |                    7.90 |    608 |    24.9679 |
|        1 |        303 |          1049.80 |      1049.80 |      1075.60 |                  5.00 |                    8.39 |    611 |    25.0944 |
|        1 |        304 |          1049.80 |      1049.80 |      1075.60 |                  5.00 |                    5.00 |    611 |    25.1378 |
|        1 |        305 |          1049.80 |      1049.80 |      1077.60 |                  5.00 |                    5.36 |    613 |    25.1959 |
|        1 |        306 |          1049.80 |      1049.80 |      1098.30 |                  5.00 |                    5.75 |    614 |    25.2609 |
|        1 |        307 |          1049.80 |      1049.80 |      1098.30 |                  5.00 |                    5.00 |    614 |    25.3308 |
|        1 |        308 |          1049.80 |      1049.80 |      1096.80 |                  5.00 |                    5.00 |    617 |    25.4075 |
|        1 |        309 |          1049.80 |      1049.80 |      1096.20 |                  5.00 |                    5.00 |    617 |    25.4922 |
|        1 |        310 |          1049.80 |      1049.80 |      1090.40 |                  5.00 |                    6.93 |    617 |    25.5810 |
|        1 |        311 |          1049.80 |      1049.80 |      1111.80 |                  5.00 |                    7.40 |    618 |    25.6522 |
|        1 |        312 |          1049.80 |      1049.80 |      1107.83 |                  5.00 |                    5.54 |    620 |    25.7810 |
|        1 |        313 |          1049.80 |      1049.80 |      1107.31 |                  5.00 |                    8.16 |    620 |    25.8344 |
|        1 |        314 |          1049.80 |      1049.80 |      1109.07 |                  5.00 |                    5.56 |    620 |    25.9098 |
|        1 |        315 |          1049.80 |      1049.80 |      1088.80 |                  5.00 |                    6.67 |    621 |    26.0563 |
|        1 |        316 |          1049.80 |      1049.80 |      1092.20 |                  5.00 |                    5.00 |    622 |    26.1068 |
|        1 |        317 |          1049.80 |      1049.80 |      1092.20 |                  5.00 |                    5.00 |    622 |    26.1548 |
|        1 |        318 |          1049.80 |      1049.80 |      1092.20 |                  5.00 |                    5.41 |    622 |    26.1952 |
|        1 |        319 |          1049.80 |      1049.80 |      1092.20 |                  5.00 |                    5.00 |    622 |    26.2452 |
|        1 |        320 |          1049.80 |      1049.80 |      1092.20 |                  5.00 |                    5.00 |    622 |    26.2935 |
|        1 |        321 |          1049.80 |      1049.80 |      1092.20 |                  5.00 |                    5.00 |    622 |    26.3390 |
|        1 |        322 |          1049.80 |      1049.80 |      1092.20 |                  5.00 |                    5.00 |    622 |    26.3863 |
|        1 |        323 |          1049.80 |      1049.80 |      1092.20 |                  5.00 |                    5.00 |    622 |    26.4400 |
|        1 |        324 |          1049.80 |      1049.80 |      1092.20 |                  5.00 |                    5.00 |    622 |    26.5077 |
|        1 |        325 |          1049.80 |      1049.80 |      1096.30 |                  5.00 |                    5.00 |    626 |    26.5716 |
|        1 |        326 |          1049.80 |      1049.80 |      1096.30 |                  5.00 |                    7.82 |    626 |    26.6147 |
|        1 |        327 |          1049.80 |      1049.80 |      1118.70 |                  5.00 |                    5.00 |    628 |    26.7198 |
|        1 |        328 |          1049.80 |      1049.80 |      1118.70 |                  5.00 |                    5.00 |    628 |    26.7848 |
|        1 |        329 |          1049.80 |      1049.80 |      1118.70 |                  5.00 |                    6.29 |    628 |    26.8346 |
|        1 |        330 |          1049.80 |      1049.80 |      1118.60 |                  5.00 |                    5.00 |    630 |    26.8977 |
|        1 |        331 |          1049.80 |      1049.80 |      1118.60 |                  5.00 |                    5.00 |    630 |    26.9463 |
|        1 |        332 |          1049.80 |      1049.80 |      1116.90 |                  5.00 |                    5.00 |    631 |    27.0283 |
|        1 |        333 |          1049.80 |      1049.80 |      1121.20 |                  5.00 |                    5.00 |    635 |    27.0920 |
|        1 |        334 |          1049.80 |      1049.80 |      1109.70 |                  5.00 |                    5.98 |    637 |    27.1582 |
|        1 |        335 |          1049.80 |      1049.80 |      1105.90 |                  5.00 |                    7.22 |    638 |    27.2562 |
|        1 |        336 |          1049.80 |      1049.80 |      1102.70 |                  5.00 |                    5.00 |    640 |    27.3261 |
|        1 |        337 |          1049.80 |      1049.80 |      1101.80 |                  5.00 |                    5.80 |    642 |    27.4531 |
|        1 |        338 |          1049.80 |      1049.80 |      1122.08 |                  5.00 |                    5.00 |    645 |    27.5255 |
|        1 |        339 |          1049.80 |      1049.80 |      1101.40 |                  5.00 |                    5.00 |    645 |    27.6703 |
|        1 |        340 |          1049.80 |      1049.80 |      1098.30 |                  5.00 |                    5.00 |    647 |    27.7976 |
|        1 |        341 |          1049.80 |      1049.80 |      1097.41 |                  5.00 |                    7.82 |    648 |    27.8663 |
|        1 |        342 |          1049.80 |      1049.80 |      1098.30 |                  5.00 |                    5.00 |    648 |    27.9365 |
|        1 |        343 |          1049.80 |      1049.80 |      1098.30 |                  5.00 |                    5.00 |    648 |    27.9878 |
|        1 |        344 |          1049.80 |      1049.80 |      1097.30 |                  5.00 |                    6.72 |    650 |    28.0679 |
|        1 |        345 |          1049.80 |      1049.80 |      1098.60 |                  5.00 |                    6.10 |    652 |    28.1623 |
|        1 |        346 |          1049.80 |      1049.80 |      1116.47 |                  5.00 |                    5.72 |    653 |    28.2505 |
|        1 |        347 |          1049.80 |      1049.80 |      1123.60 |                  5.00 |                    6.29 |    655 |    28.3468 |
|        1 |        348 |          1049.80 |      1049.80 |      1112.81 |                  5.00 |                    5.52 |    657 |    28.4928 |
|        1 |        349 |          1049.80 |      1049.80 |      1114.48 |                  5.00 |                    6.46 |    657 |    28.5406 |
|        1 |        350 |          1049.80 |      1049.80 |      1115.71 |                  5.00 |                    6.13 |    657 |    28.5854 |
|        1 |        351 |          1049.80 |      1049.80 |      1115.40 |                  5.00 |                    6.42 |    657 |    28.6330 |
|        1 |        352 |          1049.80 |      1049.80 |      1101.30 |                  5.00 |                    7.47 |    658 |    28.7714 |
|        1 |        353 |          1049.80 |      1049.80 |      1099.28 |                  5.00 |                    5.00 |    658 |    28.8446 |
|        1 |        354 |          1049.80 |      1049.80 |      1098.00 |                  5.00 |                    6.66 |    658 |    28.8944 |
|        1 |        355 |          1049.80 |      1049.80 |      1110.70 |                  5.00 |                    7.32 |    659 |    28.9670 |
|        1 |        356 |          1049.80 |      1049.80 |      1086.90 |                  5.00 |                    5.00 |    660 |    29.0256 |
|        1 |        357 |          1049.80 |      1049.80 |      1119.00 |                  5.00 |                    7.81 |    662 |    29.0837 |
|        1 |        358 |          1049.80 |      1049.80 |      1130.30 |                  5.00 |                    5.00 |    665 |    29.1885 |
|        1 |        359 |          1049.80 |      1049.80 |      1110.30 |                  5.00 |                    5.58 |    669 |    29.3178 |
|        1 |        360 |          1049.80 |      1049.80 |      1110.30 |                  5.00 |                    5.00 |    669 |    29.3589 |
|        1 |        361 |          1049.80 |      1049.80 |      1110.30 |                  5.00 |                    5.00 |    669 |    29.4009 |
|        1 |        362 |          1049.80 |      1049.80 |      1110.30 |                  5.00 |                    5.00 |    669 |    29.4717 |
|        1 |        363 |          1049.80 |      1049.80 |      1107.70 |                  5.00 |                    5.40 |    672 |    29.6085 |
|        1 |        364 |          1049.80 |      1049.80 |      1107.70 |                  5.00 |                    5.00 |    672 |    29.6507 |
|        1 |        365 |          1049.80 |      1049.80 |      1107.10 |                  5.00 |                    5.00 |    673 |    29.7222 |
|        1 |        366 |          1049.80 |      1049.80 |      1106.10 |                  5.00 |                    5.00 |    674 |    29.7948 |
|        1 |        367 |          1049.80 |      1049.80 |      1106.10 |                  5.00 |                    7.29 |    674 |    29.8354 |
|        1 |        368 |          1049.80 |      1049.80 |      1106.10 |                  5.00 |                    5.00 |    674 |    29.8800 |
|        1 |        369 |          1049.80 |      1049.80 |      1102.40 |                  5.00 |                    5.00 |    675 |    29.9358 |
|        1 |        370 |          1049.80 |      1049.80 |      1102.40 |                  5.00 |                    5.98 |    675 |    30.0191 |
|        1 |        371 |          1049.80 |      1049.80 |      1102.40 |                  5.00 |                    7.08 |    675 |    30.0855 |
|        1 |        372 |          1049.80 |      1049.80 |      1102.40 |                  5.00 |                    5.00 |    675 |    30.1310 |
|        1 |        373 |          1049.80 |      1049.80 |      1102.40 |                  5.00 |                    5.00 |    675 |    30.1953 |
|        1 |        374 |          1049.80 |      1049.80 |      1129.50 |                  5.00 |                    5.00 |    677 |    30.2508 |
|        1 |        375 |          1049.80 |      1049.80 |      1129.20 |                  5.00 |                    5.00 |    679 |    30.3162 |
|        1 |        376 |          1049.80 |      1049.80 |      1129.20 |                  5.00 |                    5.00 |    679 |    30.3625 |
|        1 |        377 |          1049.80 |      1049.80 |      1120.20 |                  5.00 |                    5.00 |    685 |    30.4810 |
|        1 |        378 |          1049.80 |      1049.80 |      1114.90 |                  5.00 |                    5.00 |    687 |    30.5264 |
|        1 |        379 |          1049.80 |      1049.80 |      1109.60 |                  5.00 |                    5.00 |    688 |    30.5925 |
|        1 |        380 |          1049.80 |      1049.80 |      1114.80 |                  5.00 |                    5.00 |    691 |    30.6821 |
|        1 |        381 |          1049.80 |      1049.80 |      1114.80 |                  5.00 |                    5.00 |    691 |    30.7365 |
|        1 |        382 |          1049.80 |      1049.80 |      1114.80 |                  5.00 |                    5.63 |    691 |    30.7930 |
|        1 |        383 |          1049.80 |      1049.80 |      1105.80 |                  5.00 |                    5.00 |    693 |    30.9015 |
|        1 |        384 |          1049.80 |      1049.80 |      1105.80 |                  5.00 |                    5.96 |    693 |    30.9862 |
|        1 |        385 |          1049.80 |      1049.80 |      1083.30 |                  5.00 |                    5.00 |    696 |    31.1929 |
|        1 |        386 |          1049.80 |      1049.80 |      1083.30 |                  5.00 |                    5.97 |    696 |    31.2508 |
|        1 |        387 |          1049.80 |      1049.80 |      1083.80 |                  5.00 |                    5.57 |    697 |    31.3199 |
|        1 |        388 |          1049.80 |      1049.80 |      1097.31 |                  5.00 |                    7.50 |    700 |    31.4060 |
|        1 |        389 |          1049.80 |      1049.80 |      1097.31 |                  5.00 |                    5.00 |    700 |    31.4435 |
|        1 |        390 |          1049.80 |      1049.80 |      1102.75 |                  5.00 |                    6.00 |    703 |    31.5721 |
|        1 |        391 |          1049.80 |      1049.80 |      1101.53 |                  5.00 |                    8.28 |    707 |    31.6749 |
|        1 |        392 |          1049.80 |      1049.80 |      1103.10 |                  5.00 |                    5.00 |    707 |    31.7331 |
|        1 |        393 |          1049.80 |      1049.80 |      1099.80 |                  5.00 |                    6.02 |    707 |    31.7977 |
|        1 |        394 |          1049.80 |      1049.80 |      1102.11 |                  5.00 |                    5.88 |    707 |    31.8481 |
|        1 |        395 |          1049.80 |      1049.80 |      1079.60 |                  5.00 |                    5.00 |    711 |    31.9701 |
|        1 |        396 |          1049.80 |      1049.80 |      1074.81 |                  5.00 |                    6.53 |    713 |    32.0215 |
|        1 |        397 |          1049.80 |      1049.80 |      1065.89 |                  5.00 |                   11.84 |    715 |    32.0934 |
|        1 |        398 |          1049.80 |      1049.80 |      1077.30 |                  5.00 |                    5.00 |    719 |    32.1991 |
|        1 |        399 |          1049.80 |      1049.80 |      1076.70 |                  5.00 |                    5.00 |    722 |    32.2504 |
|        1 |        400 |          1049.80 |      1049.80 |      1078.20 |                  5.00 |                    5.00 |    723 |    32.3207 |
|        1 |        401 |          1049.80 |      1049.80 |      1080.60 |                  5.00 |                    6.35 |    725 |    32.3934 |
|        1 |        402 |          1049.80 |      1049.80 |      1078.00 |                  5.00 |                    5.00 |    727 |    32.4583 |
|        1 |        403 |          1049.80 |      1049.80 |      1078.00 |                  5.00 |                    5.00 |    727 |    32.5001 |
|        1 |        404 |          1049.80 |      1049.80 |      1078.00 |                  5.00 |                    5.00 |    727 |    32.5625 |
|        1 |        405 |          1049.80 |      1049.80 |      1078.00 |                  5.00 |                    5.00 |    727 |    32.6058 |
|        1 |        406 |          1049.80 |      1049.80 |      1111.96 |                  5.00 |                    7.29 |    730 |    32.6538 |
|        1 |        407 |          1049.80 |      1049.80 |      1106.40 |                  5.00 |                    5.00 |    731 |    32.7050 |
|        1 |        408 |          1049.80 |      1049.80 |      1088.66 |                  5.00 |                    5.00 |    733 |    32.7512 |
|        1 |        409 |          1049.80 |      1049.80 |      1087.80 |                  5.00 |                    7.21 |    733 |    32.8133 |
|        1 |        410 |          1049.80 |      1049.80 |      1092.36 |                  5.00 |                    7.79 |    733 |    32.8549 |
|        1 |        411 |          1049.80 |      1049.80 |      1121.29 |                  5.00 |                    5.00 |    734 |    32.9371 |
|        1 |        412 |          1049.80 |      1049.80 |      1121.91 |                  5.00 |                    5.66 |    737 |    33.0249 |
|        1 |        413 |          1049.80 |      1049.80 |      1118.82 |                  5.00 |                    5.87 |    737 |    33.0819 |
|        1 |        414 |          1049.80 |      1049.80 |      1119.64 |                  5.00 |                    5.00 |    737 |    33.1308 |
|        1 |        415 |          1049.80 |      1049.80 |      1117.63 |                  5.00 |                    7.36 |    738 |    33.1888 |
|        1 |        416 |          1049.80 |      1049.80 |      1098.30 |                  5.00 |                    5.70 |    740 |    33.4220 |
|        1 |        417 |          1049.80 |      1049.80 |      1095.95 |                  5.00 |                    6.66 |    740 |    33.4824 |
|        1 |        418 |          1049.80 |      1049.80 |      1098.75 |                  5.00 |                    6.76 |    740 |    33.5602 |
|        1 |        419 |          1049.80 |      1049.80 |      1094.66 |                  5.00 |                    5.23 |    742 |    33.6688 |
|        1 |        420 |          1049.80 |      1049.80 |      1083.05 |                  5.00 |                    5.00 |    744 |    33.8001 |
|        1 |        421 |          1049.80 |      1049.80 |      1082.00 |                  5.00 |                    8.46 |    744 |    33.8613 |
|        1 |        422 |          1049.80 |      1049.80 |      1080.70 |                  5.00 |                    5.00 |    747 |    33.9422 |
|        1 |        423 |          1049.80 |      1049.80 |      1079.37 |                  5.00 |                    5.00 |    747 |    34.0578 |
|        1 |        424 |          1049.80 |      1049.80 |      1083.35 |                  5.00 |                    6.14 |    748 |    34.1288 |
|        1 |        425 |          1049.80 |      1049.80 |      1083.51 |                  5.00 |                    5.00 |    748 |    34.2011 |
|        1 |        426 |          1049.80 |      1049.80 |      1073.23 |                  5.00 |                    5.52 |    749 |    34.2717 |
|        1 |        427 |          1049.80 |      1049.80 |      1069.67 |                  5.00 |                    7.19 |    749 |    34.3723 |
|        1 |        428 |          1049.80 |      1049.80 |      1071.43 |                  5.00 |                    5.00 |    749 |    34.4607 |
|        1 |        429 |          1049.80 |      1049.80 |      1070.94 |                  5.00 |                    5.00 |    749 |    34.5284 |
|        1 |        430 |          1049.80 |      1049.80 |      1070.20 |                  5.00 |                    7.15 |    749 |    34.5806 |
|        1 |        431 |          1049.80 |      1049.80 |      1092.00 |                  5.00 |                    5.00 |    749 |    34.6719 |
|        1 |        432 |          1049.80 |      1049.80 |      1089.01 |                  5.00 |                    6.02 |    749 |    34.7395 |
|        1 |        433 |          1049.80 |      1049.80 |      1084.70 |                  5.00 |                    5.80 |    753 |    34.8202 |
|        1 |        434 |          1049.80 |      1049.80 |      1075.20 |                  5.00 |                    5.00 |    756 |    34.9361 |
|        1 |        435 |          1049.80 |      1049.80 |      1075.20 |                  5.00 |                    5.00 |    756 |    34.9814 |
|        1 |        436 |          1049.80 |      1049.80 |      1073.10 |                  5.00 |                    5.00 |    757 |    35.0533 |
|        1 |        437 |          1049.80 |      1049.80 |      1073.10 |                  5.00 |                    5.00 |    757 |    35.1011 |
|        1 |        438 |          1049.80 |      1049.80 |      1095.55 |                  5.00 |                    8.63 |    760 |    35.2088 |
|        1 |        439 |          1049.80 |      1049.80 |      1089.40 |                  5.00 |                    5.00 |    761 |    35.2736 |
|        1 |        440 |          1049.80 |      1049.80 |      1086.30 |                  5.00 |                    7.67 |    761 |    35.3188 |
|        1 |        441 |          1049.80 |      1049.80 |      1098.00 |                  5.00 |                    5.00 |    763 |    35.3605 |
|        1 |        442 |          1049.80 |      1049.80 |      1086.70 |                  5.00 |                    5.00 |    765 |    35.4819 |
|        1 |        443 |          1049.80 |      1049.80 |      1086.70 |                  5.00 |                    5.00 |    765 |    35.5386 |
|        1 |        444 |          1049.80 |      1049.80 |      1086.70 |                  5.00 |                    5.00 |    765 |    35.5817 |
|        1 |        445 |          1049.80 |      1049.80 |      1080.80 |                  5.00 |                    5.00 |    766 |    35.6314 |
|        1 |        446 |          1049.80 |      1049.80 |      1080.80 |                  5.00 |                    5.00 |    766 |    35.6780 |
|        1 |        447 |          1049.80 |      1049.80 |      1080.80 |                  5.00 |                    5.00 |    766 |    35.7260 |
|        1 |        448 |          1049.80 |      1049.80 |      1105.10 |                  5.00 |                    7.22 |    769 |    35.7667 |
|        1 |        449 |          1049.80 |      1049.80 |      1108.20 |                  5.00 |                    6.06 |    769 |    35.8318 |
|        1 |        450 |          1049.80 |      1049.80 |      1066.30 |                  5.00 |                    5.00 |    769 |    35.8798 |
|        1 |        451 |          1049.80 |      1049.80 |      1066.30 |                  5.00 |                    5.00 |    769 |    35.9243 |
|        1 |        452 |          1049.80 |      1049.80 |      1065.80 |                  5.00 |                    5.00 |    770 |    35.9771 |
|        1 |        453 |          1049.80 |      1049.80 |      1065.80 |                  5.00 |                    5.00 |    770 |    36.0073 |
|        1 |        454 |          1049.80 |      1049.80 |      1065.70 |                  5.00 |                    5.00 |    770 |    36.0532 |
|        1 |        455 |          1049.80 |      1049.80 |      1065.70 |                  5.00 |                    5.00 |    770 |    36.1002 |
|        1 |        456 |          1049.80 |      1049.80 |      1065.70 |                  5.00 |                    5.00 |    770 |    36.1506 |
|        1 |        457 |          1049.80 |      1049.80 |      1064.40 |                  5.00 |                    5.00 |    770 |    36.2210 |
|        1 |        458 |          1049.80 |      1049.80 |      1064.40 |                  5.00 |                    5.31 |    770 |    36.2669 |
|        1 |        459 |          1049.80 |      1049.80 |      1106.10 |                  5.00 |                    5.58 |    773 |    36.3296 |
|        1 |        460 |          1049.80 |      1049.80 |      1103.40 |                  5.00 |                    5.00 |    776 |    36.4343 |
|        1 |        461 |          1049.80 |      1049.80 |      1108.70 |                  5.00 |                    5.00 |    777 |    36.4734 |
|        1 |        462 |          1049.80 |      1049.80 |      1108.60 |                  5.00 |                    6.10 |    777 |    36.5337 |
|        1 |        463 |          1049.80 |      1049.80 |      1063.90 |                  5.00 |                    5.00 |    778 |    36.6117 |
|        1 |        464 |          1049.80 |      1049.80 |      1063.90 |                  5.00 |                    5.00 |    778 |    36.6594 |
|        1 |        465 |          1049.80 |      1049.80 |      1072.50 |                  5.00 |                    5.00 |    779 |    36.7633 |
|        1 |        466 |          1049.80 |      1049.80 |      1072.30 |                  5.00 |                    5.00 |    779 |    36.8362 |
|        1 |        467 |          1049.80 |      1049.80 |      1064.30 |                  5.00 |                    5.00 |    780 |    36.9277 |
|        1 |        468 |          1049.80 |      1049.80 |      1064.30 |                  5.00 |                    5.00 |    780 |    36.9813 |
|        1 |        469 |          1049.80 |      1049.80 |      1068.80 |                  5.00 |                    5.00 |    783 |    37.0174 |
|        1 |        470 |          1049.80 |      1049.80 |      1068.80 |                  5.00 |                    8.05 |    783 |    37.0830 |
|        1 |        471 |          1049.80 |      1049.80 |      1064.30 |                  5.00 |                    5.00 |    783 |    37.1614 |
|        1 |        472 |          1049.80 |      1049.80 |      1064.30 |                  5.00 |                    5.00 |    783 |    37.2312 |
|        1 |        473 |          1049.80 |      1049.80 |      1064.30 |                  5.00 |                    5.00 |    783 |    37.2964 |
|        1 |        474 |          1049.80 |      1049.80 |      1064.30 |                  5.00 |                    5.00 |    783 |    37.3482 |
|        1 |        475 |          1049.80 |      1049.80 |      1064.30 |                  5.00 |                    5.00 |    783 |    37.4029 |
|        1 |        476 |          1049.80 |      1049.80 |      1064.30 |                  5.00 |                    5.00 |    783 |    37.4589 |
|        1 |        477 |          1049.80 |      1049.80 |      1064.30 |                  5.00 |                    5.00 |    783 |    37.5087 |
|        1 |        478 |          1049.80 |      1049.80 |      1074.50 |                  5.00 |                    5.00 |    783 |    37.5590 |
|        1 |        479 |          1049.80 |      1049.80 |      1064.50 |                  5.00 |                    5.00 |    783 |    37.6376 |
|        1 |        480 |          1049.80 |      1049.80 |      1064.50 |                  5.00 |                    5.00 |    783 |    37.7028 |
|        1 |        481 |          1049.80 |      1049.80 |      1064.30 |                  5.00 |                    5.00 |    783 |    37.7445 |
|        1 |        482 |          1049.80 |      1049.80 |      1064.30 |                  5.00 |                    5.00 |    783 |    37.7970 |
|        1 |        483 |          1049.80 |      1049.80 |      1064.30 |                  5.00 |                    6.80 |    783 |    37.8532 |
|        1 |        484 |          1049.80 |      1049.80 |      1064.30 |                  5.00 |                    5.26 |    783 |    37.9168 |
|        1 |        485 |          1049.80 |      1049.80 |      1064.30 |                  5.00 |                    6.54 |    783 |    37.9720 |
|        1 |        486 |          1049.80 |      1049.80 |      1096.20 |                  5.00 |                    5.00 |    786 |    38.0180 |
|        1 |        487 |          1049.80 |      1049.80 |      1068.80 |                  5.00 |                    5.00 |    786 |    38.0954 |
|        1 |        488 |          1049.80 |      1049.80 |      1064.30 |                  5.00 |                    5.00 |    786 |    38.1490 |
|        1 |        489 |          1049.80 |      1049.80 |      1064.30 |                  5.00 |                    5.00 |    786 |    38.2012 |
|        1 |        490 |          1049.80 |      1049.80 |      1064.30 |                  5.00 |                    5.00 |    786 |    38.2413 |
|        1 |        491 |          1049.80 |      1049.80 |      1064.30 |                  5.00 |                    5.00 |    786 |    38.2954 |
|        1 |        492 |          1049.80 |      1049.80 |      1064.30 |                  5.00 |                    5.00 |    786 |    38.3658 |
|        1 |        493 |          1049.80 |      1049.80 |      1080.80 |                  5.00 |                    5.00 |    789 |    38.4491 |
|        1 |        494 |          1049.80 |      1049.80 |      1085.90 |                  5.00 |                    5.00 |    791 |    38.5275 |
|        1 |        495 |          1049.80 |      1049.80 |      1090.80 |                  5.00 |                    5.00 |    794 |    38.6041 |
|        1 |        496 |          1049.80 |      1049.80 |      1090.20 |                  5.00 |                    5.00 |    797 |    38.7163 |
|        1 |        497 |          1049.80 |      1049.80 |      1085.60 |                  5.00 |                    5.00 |    797 |    38.7911 |
|        1 |        498 |          1049.80 |      1049.80 |      1085.60 |                  5.00 |                    5.00 |    797 |    38.8399 |
|        1 |        499 |          1049.80 |      1049.80 |      1082.70 |                  5.00 |                    5.00 |    799 |    38.9178 |
|        1 |        500 |          1049.80 |      1049.80 |      1082.70 |                  5.00 |                    5.00 |    799 |    38.9763 |
------------------------------------------------------------------------------------------------------------------------------------------------
Version identifier: 22.1.2.0 | 2024-11-26 | 0edbb82fd
CPXPARAM_MIP_Tolerances_UpperCutoff              1049.9000000000024
Tried aggregator 1 time.
MIP Presolve eliminated 12 rows and 43 columns.
MIP Presolve modified 393 coefficients.
Reduced MIP has 89 rows, 756 columns, and 7721 nonzeros.
Reduced MIP has 756 binaries, 0 generals, 0 SOSs, and 0 indicators.
Presolve time = 0.00 sec. (7.24 ticks)
Probing time = 0.00 sec. (2.94 ticks)
Tried aggregator 1 time.
Detecting symmetries...
Reduced MIP has 89 rows, 756 columns, and 7721 nonzeros.
Reduced MIP has 756 binaries, 0 generals, 0 SOSs, and 0 indicators.
Presolve time = 0.00 sec. (5.25 ticks)
Probing time = 0.00 sec. (2.92 ticks)
Clique table members: 931.
MIP emphasis: balance optimality and feasibility.
MIP search method: dynamic search.
Parallel mode: deterministic, using up to 8 threads.
Root relaxation solution time = 0.01 sec. (13.40 ticks)

        Nodes                                         Cuts/
   Node  Left     Objective  IInf  Best Integer    Best Bound    ItCnt     Gap

      0     0     1040.6235    53                   1040.6235      348         
      0     0     1043.6189    66                    Cuts: 16      509         
      0     0     1045.5002    56                    Cuts: 41      657         
*     0+    0                         1045.9000     1045.5002             0.04%
*     0+    0                         1045.6000     1045.5002             0.01%
      0     0        cutoff           1045.6000                    657    0.00%
Elapsed time = 0.07 sec. (87.78 ticks, tree = 0.01 MB, solutions = 2)
objective_value(sp) = 1045.6
 42.553662 seconds (6.90 M allocations: 344.516 MiB, 0.19% gc time, 9.22% compilation time)
#1: 0 (0.0) {3.0} -> 53 (14.0) {414.0} [414.0, 489.0] -> 0 (14.0) {428.4} [0.0, 1000.0]
#2: 0 (0.0) {32.0} -> 50 (13.0) {48.9} [0.0, 973.0] -> 33 (24.0) {66.7} [45.0, 200.0] -> 65 (44.0) {103.2} [49.0, 188.0] -> 71 (59.0) {268.0} [268.0, 367.0] -> 29 (68.0) {304.9} [190.0, 313.0] -> 76 (81.0) {329.9} [290.0, 373.0] -> 3 (94.0) {346.6} [0.0, 967.0] -> 79 (117.0) {388.0} [388.0, 465.0] -> 78 (120.0) {403.6} [384.0, 499.0] -> 81 (146.0) {419.9} [411.0, 456.0] -> 9 (162.0) {435.9} [400.0, 497.0] -> 51 (172.0) {452.2} [348.0, 453.0] -> 20 (181.0) {581.0} [581.0, 666.0] -> 66 (206.0) {599.9} [592.0, 693.0] -> 35 (214.0) {686.0} [686.0, 813.0] -> 34 (228.0) {706.1} [0.0, 953.0] -> 68 (264.0) {734.4} [637.0, 752.0] -> 77 (278.0) {817.0} [817.0, 952.0] -> 0 (278.0) {846.6} [0.0, 1000.0]
#3: 0 (0.0) {32.0} -> 27 (16.0) {104.0} [104.0, 255.0] -> 69 (22.0) {162.0} [162.0, 293.0] -> 31 (49.0) {179.8} [0.0, 972.0] -> 88 (58.0) {279.0} [279.0, 388.0] -> 62 (77.0) {295.3} [163.0, 302.0] -> 30 (98.0) {321.4} [259.0, 354.0] -> 90 (101.0) {392.0} [392.0, 487.0] -> 10 (117.0) {577.0} [577.0, 632.0] -> 32 (140.0) {660.0} [660.0, 777.0] -> 70 (145.0) {788.0} [788.0, 968.0] -> 1 (155.0) {806.0} [0.0, 974.0] -> 0 (155.0) {831.2} [0.0, 1000.0]
#4: 0 (0.0) {25.0} -> 40 (9.0) {360.0} [360.0, 437.0] -> 73 (18.0) {378.9} [308.0, 399.0] -> 2 (25.0) {397.9} [0.0, 972.0] -> 87 (51.0) {420.0} [420.0, 447.0] -> 57 (58.0) {437.2} [421.0, 530.0] -> 41 (63.0) {458.3} [396.0, 511.0] -> 22 (81.0) {472.5} [409.0, 494.0] -> 75 (99.0) {486.6} [0.0, 962.0] -> 74 (107.0) {681.0} [681.0, 802.0] -> 72 (132.0) {694.1} [0.0, 967.0] -> 21 (143.0) {708.5} [0.0, 971.0] -> 58 (161.0) {849.0} [849.0, 980.0] -> 0 (161.0) {868.0} [0.0, 1000.0]
#5: 0 (0.0) {30.0} -> 28 (16.0) {114.0} [114.0, 255.0] -> 26 (33.0) {132.0} [0.0, 978.0] -> 39 (64.0) {165.4} [33.0, 224.0] -> 67 (89.0) {294.0} [294.0, 401.0] -> 23 (118.0) {316.0} [206.0, 325.0] -> 56 (124.0) {585.0} [585.0, 692.0] -> 4 (143.0) {678.0} [678.0, 801.0] -> 54 (161.0) {697.2} [641.0, 734.0] -> 55 (163.0) {715.6} [620.0, 739.0] -> 25 (169.0) {817.0} [817.0, 956.0] -> 24 (172.0) {842.0} [704.0, 847.0] -> 80 (178.0) {861.2} [839.0, 968.0] -> 12 (197.0) {877.5} [0.0, 975.0] -> 0 (197.0) {902.5} [0.0, 1000.0]
#6: 0 (0.0) {28.0} -> 52 (9.0) {39.3} [0.0, 978.0] -> 7 (14.0) {59.1} [0.0, 968.0] -> 82 (30.0) {74.9} [0.0, 966.0] -> 48 (66.0) {90.2} [0.0, 962.0] -> 47 (93.0) {106.6} [85.0, 250.0] -> 36 (98.0) {123.8} [41.0, 208.0] -> 63 (108.0) {160.3} [34.0, 191.0] -> 11 (120.0) {206.0} [206.0, 325.0] -> 19 (137.0) {269.0} [269.0, 378.0] -> 64 (146.0) {296.0} [214.0, 333.0] -> 49 (176.0) {501.0} [501.0, 540.0] -> 46 (177.0) {531.3} [515.0, 628.0] -> 17 (179.0) {733.0} [733.0, 870.0] -> 60 (182.0) {755.6} [721.0, 862.0] -> 89 (197.0) {774.6} [755.0, 920.0] -> 0 (197.0) {793.6} [0.0, 1000.0]
#7: 0 (0.0) {29.0} -> 83 (11.0) {50.0} [0.0, 968.0] -> 45 (27.0) {68.0} [29.0, 189.0] -> 8 (36.0) {404.0} [404.0, 481.0] -> 18 (48.0) {424.4} [377.0, 434.0] -> 6 (51.0) {445.5} [415.0, 514.0] -> 13 (74.0) {690.0} [690.0, 827.0] -> 0 (74.0) {711.1} [0.0, 1000.0]
#8: 0 (0.0) {31.0} -> 94 (27.0) {43.0} [0.0, 977.0] -> 95 (47.0) {56.1} [0.0, 975.0] -> 92 (49.0) {69.7} [18.0, 181.0] -> 42 (54.0) {89.8} [25.0, 172.0] -> 15 (62.0) {175.0} [175.0, 300.0] -> 14 (82.0) {200.8} [32.0, 243.0] -> 38 (98.0) {302.0} [302.0, 405.0] -> 44 (116.0) {322.8} [233.0, 340.0] -> 16 (135.0) {338.8} [272.0, 373.0] -> 61 (148.0) {353.2} [290.0, 377.0] -> 99 (157.0) {371.4} [333.0, 432.0] -> 5 (183.0) {387.8} [0.0, 969.0] -> 84 (190.0) {436.0} [436.0, 511.0] -> 86 (225.0) {460.7} [388.0, 465.0] -> 43 (232.0) {620.0} [620.0, 705.0] -> 97 (244.0) {648.1} [612.0, 673.0] -> 93 (266.0) {811.0} [811.0, 969.0] -> 85 (307.0) {823.8} [0.0, 966.0] -> 91 (308.0) {836.9} [0.0, 964.0] -> 100 (325.0) {850.0} [798.0, 965.0] -> 37 (333.0) {862.8} [0.0, 968.0] -> 98 (343.0) {874.2} [0.0, 968.0] -> 59 (371.0) {887.8} [0.0, 972.0] -> 96 (382.0) {900.9} [0.0, 974.0] -> 0 (382.0) {926.1} [0.0, 1000.0]

Dist: 1045.6. Cost: 1045.6

Clique cuts applied:  16
Zero-half cuts applied:  2
Lift and project cuts applied:  1
Gomory fractional cuts applied:  6

Root node processing (before b&c):
  Real time             =    0.07 sec. (87.85 ticks)
Parallel b&c, 8 threads:
  Real time             =    0.00 sec. (0.00 ticks)
  Sync time (average)   =    0.00 sec.
  Wait time (average)   =    0.00 sec.
                          ------------
Total (root+branch&cut) =    0.07 sec. (87.85 ticks)
