Solving instance /mnt/c/Users/bruno.mattos/OneDrive - americanas s.a/Documentos/GitHub/GenericILS/TWRD/100/R202_100_005.vrptwrd...
------------------------------------------------------------------------------------------------------------------------------------------------
|  Restart |  Iteration |  Best Feas. Cost |    Best Cost |   Curr. Cost |   Penalty Custom Res. |   Penalty Standard Res. |   Pool |   Time (s) |
------------------------------------------------------------------------------------------------------------------------------------------------
|        1 |          1 |          1130.70 |      1130.70 |      1130.70 |                 11.76 |                   11.76 |     11 |     0.1720 |
|        1 |          2 |          1130.70 |      1130.70 |      1130.70 |                  5.00 |                    5.00 |     11 |     0.6556 |
|        1 |          3 |          1130.70 |      1128.61 |      1128.61 |                  5.00 |                    6.55 |     18 |     0.7948 |
|        1 |          4 |          1130.70 |      1128.44 |      1128.44 |                  5.00 |                    5.00 |     18 |     0.8763 |
|        1 |          5 |          1130.70 |      1120.43 |      1120.43 |                  5.00 |                    5.00 |     20 |     0.9624 |
|        1 |          6 |          1130.70 |      1120.43 |      1133.42 |                  5.00 |                    5.00 |     26 |     1.0231 |
|        1 |          7 |          1130.70 |      1120.43 |      1133.21 |                  5.00 |                    5.00 |     26 |     1.0650 |
|        1 |          0 |          1126.20 |      1120.43 |      1126.20 |                  5.00 |                    5.47 |     29 |     1.1308 |
|        1 |          1 |          1126.20 |      1120.43 |      1125.85 |                  5.00 |                    5.00 |     29 |     1.1709 |
|        1 |          2 |          1126.20 |      1120.43 |      1124.90 |                  5.00 |                    5.00 |     29 |     1.2031 |
|        1 |          3 |          1126.20 |      1120.43 |      1125.50 |                  5.00 |                    5.89 |     29 |     1.2926 |
|        1 |          4 |          1126.20 |      1120.43 |      1126.20 |                  5.00 |                    6.82 |     29 |     1.3497 |
|        1 |          5 |          1126.20 |      1110.06 |      1110.06 |                  5.00 |                    6.58 |     32 |     1.4218 |
|        1 |          6 |          1126.20 |      1094.10 |      1094.10 |                  5.00 |                    5.00 |     38 |     1.5191 |
|        1 |          7 |          1126.20 |      1094.10 |      1094.30 |                  5.00 |                    5.00 |     38 |     1.5640 |
|        1 |          0 |          1092.00 |      1092.00 |      1092.00 |                  5.00 |                    5.00 |     40 |     1.6146 |
|        1 |          1 |          1092.00 |      1092.00 |      1104.30 |                  5.00 |                    5.00 |     42 |     1.6675 |
|        1 |          2 |          1092.00 |      1092.00 |      1092.00 |                  5.00 |                    6.81 |     42 |     1.7128 |
|        1 |          0 |          1088.60 |      1088.60 |      1088.60 |                  5.00 |                    5.46 |     44 |     1.7966 |
|        1 |          1 |          1088.60 |      1088.60 |      1097.50 |                  5.00 |                    5.00 |     50 |     1.8769 |
|        1 |          2 |          1088.60 |      1088.60 |      1111.90 |                  5.00 |                    5.00 |     54 |     1.9257 |
|        1 |          3 |          1088.60 |      1088.60 |      1111.90 |                  5.00 |                    5.00 |     54 |     1.9774 |
|        1 |          4 |          1088.60 |      1088.60 |      1100.50 |                  5.00 |                    5.00 |     57 |     2.0646 |
|        1 |          5 |          1088.60 |      1088.60 |      1104.71 |                  5.00 |                    5.00 |     58 |     2.1319 |
|        1 |          6 |          1088.60 |      1088.60 |      1103.60 |                  5.00 |                    5.00 |     61 |     2.2011 |
|        1 |          7 |          1088.60 |      1088.60 |      1096.50 |                  5.00 |                    5.98 |     63 |     2.2643 |
|        1 |          8 |          1088.60 |      1088.60 |      1092.40 |                  5.00 |                    6.07 |     66 |     2.3385 |
|        1 |          9 |          1088.60 |      1086.99 |      1086.99 |                  5.00 |                    6.17 |     66 |     2.3859 |
|        1 |         10 |          1088.60 |      1086.99 |      1087.88 |                  5.00 |                    5.00 |     66 |     2.4381 |
|        1 |         11 |          1088.60 |      1086.99 |      1109.30 |                  5.00 |                    6.21 |     68 |     2.4938 |
|        1 |          0 |          1070.10 |      1070.10 |      1070.10 |                  5.00 |                    5.00 |     70 |     2.5730 |
|        1 |          0 |          1060.40 |      1060.40 |      1060.40 |                  5.00 |                    5.00 |     72 |     2.6672 |
|        1 |          1 |          1060.40 |      1060.40 |      1060.40 |                  5.00 |                    7.90 |     72 |     2.7288 |
|        1 |          2 |          1060.40 |      1060.40 |      1060.40 |                  5.00 |                    5.63 |     72 |     2.7749 |
|        1 |          3 |          1060.40 |      1060.40 |      1060.40 |                  5.00 |                    5.36 |     72 |     2.8068 |
|        1 |          4 |          1060.40 |      1060.40 |      1087.40 |                  5.00 |                    5.00 |     76 |     2.8537 |
|        1 |          5 |          1060.40 |      1060.40 |      1087.40 |                  5.00 |                    5.00 |     76 |     2.9118 |
|        1 |          6 |          1060.40 |      1060.40 |      1096.00 |                  5.00 |                    5.00 |     79 |     2.9559 |
|        1 |          7 |          1060.40 |      1060.40 |      1101.74 |                  5.00 |                    5.03 |     85 |     3.0086 |
|        1 |          8 |          1060.40 |      1060.40 |      1089.04 |                  5.00 |                    5.86 |     89 |     3.1319 |
|        1 |          9 |          1060.40 |      1060.40 |      1086.00 |                  5.00 |                    5.00 |     96 |     3.2596 |
|        1 |         10 |          1060.40 |      1060.40 |      1082.40 |                  5.00 |                    6.22 |    101 |     3.3471 |
|        1 |         11 |          1060.40 |      1060.40 |      1082.40 |                  5.00 |                    6.48 |    101 |     3.4130 |
|        1 |         12 |          1060.40 |      1060.40 |      1083.60 |                  5.00 |                    6.16 |    102 |     3.4622 |
|        1 |         13 |          1060.40 |      1060.40 |      1070.50 |                  5.00 |                    5.00 |    108 |     3.5706 |
|        1 |         14 |          1060.40 |      1060.40 |      1066.00 |                  5.00 |                    5.00 |    111 |     3.6147 |
|        1 |         15 |          1060.40 |      1060.40 |      1089.20 |                  5.00 |                    5.00 |    118 |     3.6905 |
|        1 |         16 |          1060.40 |      1060.40 |      1088.40 |                  5.00 |                    5.00 |    121 |     3.7734 |
|        1 |         17 |          1060.40 |      1060.40 |      1088.50 |                  5.00 |                    5.00 |    126 |     3.8833 |
|        1 |         18 |          1060.40 |      1060.40 |      1087.20 |                  5.00 |                    5.00 |    128 |     3.9561 |
|        1 |         19 |          1060.40 |      1060.40 |      1090.80 |                  5.00 |                    5.00 |    130 |     4.0755 |
|        1 |         20 |          1060.40 |      1060.40 |      1092.20 |                  5.00 |                    5.00 |    131 |     4.1273 |
|        1 |         21 |          1060.40 |      1060.40 |      1092.20 |                  5.00 |                    5.00 |    131 |     4.1920 |
|        1 |         22 |          1060.40 |      1060.40 |      1092.20 |                  5.00 |                    5.00 |    131 |     4.2574 |
|        1 |         23 |          1060.40 |      1060.40 |      1089.80 |                  5.00 |                    5.00 |    133 |     4.3156 |
|        1 |         24 |          1060.40 |      1060.40 |      1084.90 |                  5.00 |                    5.00 |    137 |     4.3994 |
|        1 |         25 |          1060.40 |      1060.40 |      1084.90 |                  5.00 |                    5.35 |    137 |     4.4596 |
|        1 |         26 |          1060.40 |      1060.40 |      1084.90 |                  5.00 |                    5.00 |    137 |     4.5004 |
|        1 |         27 |          1060.40 |      1060.40 |      1084.90 |                  5.00 |                    5.00 |    137 |     4.5621 |
|        1 |         28 |          1060.40 |      1060.40 |      1084.90 |                  5.00 |                    5.00 |    137 |     4.6248 |
|        1 |         29 |          1060.40 |      1060.40 |      1084.90 |                  5.00 |                    5.00 |    137 |     4.6705 |
|        1 |         30 |          1060.40 |      1060.40 |      1084.90 |                  5.00 |                    5.00 |    137 |     4.7345 |
|        1 |         31 |          1060.40 |      1060.40 |      1084.90 |                  5.00 |                    5.00 |    137 |     4.7868 |
|        1 |         32 |          1060.40 |      1060.40 |      1093.80 |                  5.00 |                    5.00 |    137 |     4.8557 |
|        1 |         33 |          1060.40 |      1060.40 |      1093.80 |                  5.00 |                    5.00 |    137 |     4.9087 |
|        1 |         34 |          1060.40 |      1060.40 |      1097.90 |                  5.00 |                    7.36 |    139 |     4.9896 |
|        1 |         35 |          1060.40 |      1060.40 |      1116.50 |                  5.00 |                    5.80 |    140 |     5.0391 |
|        1 |         36 |          1060.40 |      1060.40 |      1085.70 |                  5.00 |                    5.00 |    140 |     5.1124 |
|        1 |         37 |          1060.40 |      1060.40 |      1085.70 |                  5.00 |                    5.00 |    140 |     5.1828 |
|        1 |         38 |          1060.40 |      1060.40 |      1090.80 |                  5.00 |                    5.26 |    144 |     5.2775 |
|        1 |         39 |          1060.40 |      1060.40 |      1113.20 |                  5.00 |                    5.00 |    146 |     5.3250 |
|        1 |         40 |          1060.40 |      1060.40 |      1113.20 |                  5.00 |                    5.00 |    146 |     5.3618 |
|        1 |         41 |          1060.40 |      1060.40 |      1106.50 |                  5.00 |                    5.00 |    150 |     5.4298 |
|        1 |         42 |          1060.40 |      1060.40 |      1106.50 |                  5.00 |                    5.00 |    150 |     5.4831 |
|        1 |         43 |          1060.40 |      1060.40 |      1105.20 |                  5.00 |                    5.00 |    152 |     5.5778 |
|        1 |         44 |          1060.40 |      1060.40 |      1105.20 |                  5.00 |                    5.00 |    152 |     5.6400 |
|        1 |         45 |          1060.40 |      1060.40 |      1102.80 |                  5.00 |                    5.00 |    154 |     5.7215 |
|        1 |         46 |          1060.40 |      1060.40 |      1095.00 |                  5.00 |                    5.00 |    161 |     5.7761 |
|        1 |         47 |          1060.40 |      1060.40 |      1082.30 |                  5.00 |                    5.00 |    161 |     5.8619 |
|        1 |         48 |          1060.40 |      1060.40 |      1082.30 |                  5.00 |                    5.00 |    161 |     5.9262 |
|        1 |         49 |          1060.40 |      1060.40 |      1117.50 |                  5.00 |                    5.26 |    164 |     5.9813 |
|        1 |         50 |          1060.40 |      1060.40 |      1116.60 |                  5.00 |                    5.00 |    166 |     6.0318 |
|        1 |         51 |          1060.40 |      1060.40 |      1086.20 |                  5.00 |                    5.00 |    170 |     6.1266 |
|        1 |         52 |          1060.40 |      1060.40 |      1086.20 |                  5.00 |                    5.00 |    170 |     6.1770 |
|        1 |         53 |          1060.40 |      1060.40 |      1085.90 |                  5.00 |                    5.00 |    170 |     6.2441 |
|        1 |         54 |          1060.40 |      1060.40 |      1071.80 |                  5.00 |                    5.00 |    174 |     6.3029 |
|        1 |         55 |          1060.40 |      1060.40 |      1060.50 |                  5.00 |                    5.00 |    176 |     6.3821 |
|        1 |         56 |          1060.40 |      1060.40 |      1060.50 |                  5.00 |                    5.00 |    176 |     6.4562 |
|        1 |         57 |          1060.40 |      1060.40 |      1060.50 |                  5.00 |                    5.00 |    176 |     6.5215 |
|        1 |          0 |          1058.50 |      1058.50 |      1058.50 |                  5.00 |                    5.00 |    177 |     6.6090 |
|        1 |          1 |          1058.50 |      1058.50 |      1072.40 |                  5.00 |                    5.00 |    181 |     6.6796 |
|        1 |          2 |          1058.50 |      1058.50 |      1072.40 |                  5.00 |                    5.00 |    181 |     6.7409 |
|        1 |          3 |          1058.50 |      1058.50 |      1093.90 |                  5.00 |                    5.00 |    182 |     6.8720 |
|        1 |          4 |          1058.50 |      1058.50 |      1093.90 |                  5.00 |                    5.00 |    182 |     6.9199 |
|        1 |          5 |          1058.50 |      1058.50 |      1093.90 |                  5.00 |                    5.00 |    182 |     6.9986 |
|        1 |          6 |          1058.50 |      1058.50 |      1093.90 |                  5.00 |                    5.30 |    182 |     7.0551 |
|        1 |          7 |          1058.50 |      1058.50 |      1094.50 |                  5.00 |                    5.00 |    182 |     7.1063 |
|        1 |          8 |          1058.50 |      1058.50 |      1094.50 |                  5.00 |                    5.00 |    182 |     7.1491 |
|        1 |          9 |          1058.50 |      1058.50 |      1093.60 |                  5.00 |                    5.00 |    183 |     7.2265 |
|        1 |         10 |          1058.50 |      1058.50 |      1093.80 |                  5.00 |                    5.69 |    184 |     7.2928 |
|        1 |         11 |          1058.50 |      1058.50 |      1107.10 |                  5.00 |                    5.00 |    185 |     7.3822 |
|        1 |         12 |          1058.50 |      1058.50 |      1106.90 |                  5.00 |                    6.48 |    186 |     7.4455 |
|        1 |         13 |          1058.50 |      1058.50 |      1106.90 |                  5.00 |                    7.34 |    186 |     7.5068 |
|        1 |         14 |          1058.50 |      1058.50 |      1113.13 |                  5.00 |                    5.51 |    187 |     7.6033 |
|        1 |         15 |          1058.50 |      1058.50 |      1105.60 |                  5.00 |                    5.00 |    187 |     7.6777 |
|        1 |         16 |          1058.50 |      1058.50 |      1098.23 |                  5.00 |                    6.46 |    188 |     7.7634 |
|        1 |         17 |          1058.50 |      1058.50 |      1097.30 |                  5.00 |                    5.00 |    194 |     7.8738 |
|        1 |         18 |          1058.50 |      1058.50 |      1120.00 |                  5.00 |                    6.46 |    194 |     7.9688 |
|        1 |         19 |          1058.50 |      1058.50 |      1086.71 |                  5.00 |                    5.23 |    197 |     8.0487 |
|        1 |         20 |          1058.50 |      1058.50 |      1085.28 |                  5.00 |                    5.00 |    197 |     8.1148 |
|        1 |         21 |          1058.50 |      1058.50 |      1083.60 |                  5.00 |                    7.36 |    197 |     8.1672 |
|        1 |         22 |          1058.50 |      1058.50 |      1088.86 |                  5.00 |                    5.42 |    199 |     8.2514 |
|        1 |         23 |          1058.50 |      1058.50 |      1086.44 |                  5.00 |                    7.00 |    199 |     8.3161 |
|        1 |         24 |          1058.50 |      1058.50 |      1089.10 |                  5.00 |                    7.78 |    200 |     8.3825 |
|        1 |         25 |          1058.50 |      1058.50 |      1091.70 |                  5.00 |                    5.00 |    207 |     8.4534 |
|        1 |         26 |          1058.50 |      1058.50 |      1091.90 |                  5.00 |                    5.00 |    211 |     8.5127 |
|        1 |         27 |          1058.50 |      1058.50 |      1091.18 |                  5.00 |                    5.00 |    213 |     8.5874 |
|        1 |         28 |          1058.50 |      1058.50 |      1078.40 |                  5.00 |                    5.00 |    216 |     8.6929 |
|        1 |         29 |          1058.50 |      1058.50 |      1078.40 |                  5.00 |                    5.00 |    216 |     8.7391 |
|        1 |         30 |          1058.50 |      1058.50 |      1084.50 |                  5.00 |                    5.00 |    221 |     8.7982 |
|        1 |         31 |          1058.50 |      1058.50 |      1084.50 |                  5.00 |                    5.00 |    221 |     8.8380 |
|        1 |         32 |          1058.50 |      1058.50 |      1084.50 |                  5.00 |                    5.00 |    221 |     8.8919 |
|        1 |         33 |          1058.50 |      1058.50 |      1084.00 |                  5.00 |                    5.00 |    222 |     8.9581 |
|        1 |         34 |          1058.50 |      1058.50 |      1103.20 |                  5.00 |                    5.00 |    225 |     8.9999 |
|        1 |         35 |          1058.50 |      1058.50 |      1110.50 |                  5.00 |                    5.00 |    229 |     9.0510 |
|        1 |         36 |          1058.50 |      1058.50 |      1097.90 |                  5.00 |                    5.00 |    231 |     9.1033 |
|        1 |         37 |          1058.50 |      1058.50 |      1097.60 |                  5.00 |                    6.48 |    232 |     9.1648 |
|        1 |         38 |          1058.50 |      1058.50 |      1100.60 |                  5.00 |                    5.00 |    235 |     9.2222 |
|        1 |         39 |          1058.50 |      1058.50 |      1099.90 |                  5.00 |                    5.00 |    237 |     9.2583 |
|        1 |         40 |          1058.50 |      1058.50 |      1088.40 |                  5.00 |                    5.00 |    239 |     9.3611 |
|        1 |         41 |          1058.50 |      1058.50 |      1065.30 |                  5.00 |                    5.00 |    241 |     9.4056 |
|        1 |         42 |          1058.50 |      1058.50 |      1082.38 |                  5.00 |                    6.52 |    242 |     9.4634 |
|        1 |         43 |          1058.50 |      1058.50 |      1082.31 |                  5.00 |                    7.54 |    242 |     9.5399 |
|        1 |         44 |          1058.50 |      1058.50 |      1084.40 |                  5.00 |                    6.35 |    242 |     9.5754 |
|        1 |         45 |          1058.50 |      1058.50 |      1084.40 |                  5.00 |                    5.36 |    242 |     9.6277 |
|        1 |         46 |          1058.50 |      1058.50 |      1081.72 |                  5.00 |                    7.58 |    242 |     9.6836 |
|        1 |         47 |          1058.50 |      1058.50 |      1089.90 |                  5.00 |                    5.00 |    244 |     9.7426 |
|        1 |         48 |          1058.50 |      1058.50 |      1086.50 |                  5.00 |                    5.00 |    244 |     9.8040 |
|        1 |         49 |          1058.50 |      1058.50 |      1092.20 |                  5.00 |                    5.00 |    247 |     9.8561 |
|        1 |         50 |          1058.50 |      1058.50 |      1092.20 |                  5.00 |                    5.00 |    247 |     9.9134 |
|        1 |         51 |          1058.50 |      1058.50 |      1081.51 |                  5.00 |                    5.65 |    250 |    10.0403 |
|        1 |         52 |          1058.50 |      1058.50 |      1080.52 |                  5.00 |                    5.62 |    250 |    10.1081 |
|        1 |         53 |          1058.50 |      1058.50 |      1079.54 |                  5.00 |                    6.91 |    250 |    10.1487 |
|        1 |         54 |          1058.50 |      1058.50 |      1083.13 |                  5.00 |                    5.87 |    250 |    10.2083 |
|        1 |         55 |          1058.50 |      1058.50 |      1080.52 |                  5.00 |                    6.41 |    250 |    10.2400 |
|        1 |         56 |          1058.50 |      1058.50 |      1081.37 |                  5.00 |                    5.84 |    250 |    10.2847 |
|        1 |         57 |          1058.50 |      1058.50 |      1082.68 |                  5.00 |                    5.98 |    253 |    10.3666 |
|        1 |         58 |          1058.50 |      1058.50 |      1081.67 |                  5.00 |                    6.50 |    253 |    10.4503 |
|        1 |         59 |          1058.50 |      1058.50 |      1081.70 |                  5.00 |                    6.08 |    256 |    10.5795 |
|        1 |         60 |          1058.50 |      1058.50 |      1081.50 |                  5.00 |                    5.50 |    256 |    10.6894 |
|        1 |         61 |          1058.50 |      1058.50 |      1081.94 |                  5.00 |                    5.98 |    256 |    10.7744 |
|        1 |         62 |          1058.50 |      1058.50 |      1082.90 |                  5.00 |                    5.61 |    256 |    10.8325 |
|        1 |         63 |          1058.50 |      1058.50 |      1082.90 |                  5.00 |                    5.81 |    256 |    10.8899 |
|        1 |         64 |          1058.50 |      1058.50 |      1081.80 |                  5.00 |                    5.50 |    256 |    10.9492 |
|        1 |         65 |          1058.50 |      1058.50 |      1087.85 |                  5.00 |                    5.81 |    260 |    11.0186 |
|        1 |         66 |          1058.50 |      1058.50 |      1100.40 |                  5.00 |                    5.90 |    263 |    11.0775 |
|        1 |         67 |          1058.50 |      1058.50 |      1110.81 |                  5.00 |                    6.67 |    268 |    11.1366 |
|        1 |         68 |          1058.50 |      1058.50 |      1135.10 |                  5.00 |                    5.00 |    270 |    11.1744 |
|        1 |         69 |          1058.50 |      1058.50 |      1109.50 |                  5.00 |                    5.95 |    275 |    11.2537 |
|        1 |         70 |          1058.50 |      1058.50 |      1111.80 |                  5.00 |                    5.86 |    278 |    11.3143 |
|        1 |         71 |          1058.50 |      1058.50 |      1127.00 |                  5.00 |                    5.00 |    283 |    11.3835 |
|        1 |         72 |          1058.50 |      1058.50 |      1101.60 |                  5.00 |                    5.00 |    286 |    11.5215 |
|        1 |         73 |          1058.50 |      1058.50 |      1090.13 |                  5.00 |                    7.26 |    288 |    11.6486 |
|        1 |         74 |          1058.50 |      1058.50 |      1090.30 |                  5.00 |                    6.47 |    288 |    11.7204 |
|        1 |         75 |          1058.50 |      1058.50 |      1088.90 |                  5.00 |                    5.00 |    288 |    11.8101 |
|        1 |         76 |          1058.50 |      1058.50 |      1097.41 |                  5.00 |                    5.26 |    288 |    11.8813 |
|        1 |         77 |          1058.50 |      1058.50 |      1097.52 |                  5.00 |                    6.46 |    289 |    11.9937 |
|        1 |         78 |          1058.50 |      1058.50 |      1090.21 |                  5.00 |                    7.46 |    289 |    12.0826 |
|        1 |         79 |          1058.50 |      1058.50 |      1090.02 |                  5.00 |                    5.99 |    289 |    12.1987 |
|        1 |         80 |          1058.50 |      1058.50 |      1099.70 |                  5.00 |                    5.52 |    290 |    12.2652 |
|        1 |         81 |          1058.50 |      1058.50 |      1097.30 |                  5.00 |                    5.00 |    290 |    12.3216 |
|        1 |         82 |          1058.50 |      1058.50 |      1097.30 |                  5.00 |                    5.00 |    290 |    12.3654 |
|        1 |         83 |          1058.50 |      1058.50 |      1099.40 |                  5.00 |                    5.00 |    291 |    12.4141 |
|        1 |         84 |          1058.50 |      1058.50 |      1099.40 |                  5.00 |                    5.00 |    291 |    12.4457 |
|        1 |         85 |          1058.50 |      1058.50 |      1097.30 |                  5.00 |                    5.00 |    291 |    12.5877 |
|        1 |         86 |          1058.50 |      1058.50 |      1097.30 |                  5.00 |                    5.00 |    291 |    12.6522 |
|        1 |         87 |          1058.50 |      1058.50 |      1116.10 |                  5.00 |                    5.00 |    294 |    12.7196 |
|        1 |         88 |          1058.50 |      1058.50 |      1095.50 |                  5.00 |                    5.47 |    296 |    12.8431 |
|        1 |         89 |          1058.50 |      1058.50 |      1095.50 |                  5.00 |                    5.51 |    296 |    12.9043 |
|        1 |         90 |          1058.50 |      1058.50 |      1101.60 |                  5.00 |                    5.00 |    301 |    13.0366 |
|        1 |         91 |          1058.50 |      1058.50 |      1097.14 |                  5.00 |                    7.00 |    305 |    13.0957 |
|        1 |         92 |          1058.50 |      1058.50 |      1125.60 |                  5.00 |                    5.26 |    310 |    13.1681 |
|        1 |         93 |          1058.50 |      1058.50 |      1129.90 |                  5.00 |                    5.00 |    314 |    13.2629 |
|        1 |         94 |          1058.50 |      1058.50 |      1120.00 |                  5.00 |                    5.00 |    318 |    13.3474 |
|        1 |         95 |          1058.50 |      1058.50 |      1106.70 |                  5.00 |                    5.00 |    321 |    13.4069 |
|        1 |         96 |          1058.50 |      1058.50 |      1102.10 |                  5.00 |                    5.00 |    325 |    13.4561 |
|        1 |         97 |          1058.50 |      1058.50 |      1102.10 |                  5.00 |                    5.00 |    325 |    13.4963 |
|        1 |         98 |          1058.50 |      1058.50 |      1137.40 |                  5.00 |                    5.00 |    328 |    13.5391 |
|        1 |         99 |          1058.50 |      1058.50 |      1137.40 |                  5.00 |                    5.41 |    328 |    13.5824 |
|        1 |        100 |          1058.50 |      1058.50 |      1130.00 |                  5.00 |                    5.00 |    329 |    13.6489 |
|        1 |        101 |          1058.50 |      1058.50 |      1131.80 |                  5.00 |                    5.00 |    334 |    13.7057 |
|        1 |        102 |          1058.50 |      1058.50 |      1105.40 |                  5.00 |                    5.00 |    335 |    13.8028 |
|        1 |        103 |          1058.50 |      1058.50 |      1123.40 |                  5.00 |                    5.00 |    338 |    13.8578 |
|        1 |        104 |          1058.50 |      1058.50 |      1117.02 |                  5.00 |                    7.07 |    342 |    13.9177 |
|        1 |        105 |          1058.50 |      1058.50 |      1120.87 |                  5.00 |                    6.90 |    342 |    13.9774 |
|        1 |        106 |          1058.50 |      1058.50 |      1117.70 |                  5.00 |                    5.00 |    345 |    14.0538 |
|        1 |        107 |          1058.50 |      1058.50 |      1114.70 |                  5.00 |                    5.00 |    347 |    14.1189 |
|        1 |        108 |          1058.50 |      1058.50 |      1115.20 |                  5.00 |                    5.00 |    347 |    14.1600 |
|        1 |        109 |          1058.50 |      1058.50 |      1114.30 |                  5.00 |                    5.00 |    348 |    14.2320 |
|        1 |        110 |          1058.50 |      1058.50 |      1098.90 |                  5.00 |                    5.00 |    351 |    14.3396 |
|        1 |        111 |          1058.50 |      1058.50 |      1100.50 |                  5.00 |                    5.00 |    352 |    14.3917 |
|        1 |        112 |          1058.50 |      1058.50 |      1101.10 |                  5.00 |                    7.75 |    353 |    14.4310 |
|        1 |        113 |          1058.50 |      1058.50 |      1090.00 |                  5.00 |                    5.79 |    357 |    14.5164 |
|        1 |        114 |          1058.50 |      1058.50 |      1084.20 |                  5.00 |                    5.00 |    359 |    14.6725 |
|        1 |        115 |          1058.50 |      1058.50 |      1083.51 |                  5.00 |                    5.55 |    359 |    14.7536 |
|        1 |        116 |          1058.50 |      1058.50 |      1081.68 |                  5.00 |                    6.89 |    359 |    14.7994 |
|        1 |        117 |          1058.50 |      1058.50 |      1084.40 |                  5.00 |                    5.00 |    361 |    14.8563 |
|        1 |        118 |          1058.50 |      1058.50 |      1091.34 |                  5.00 |                    5.58 |    363 |    14.9452 |
|        1 |        119 |          1058.50 |      1058.50 |      1087.53 |                  5.00 |                    5.61 |    366 |    15.0013 |
|        1 |        120 |          1058.50 |      1058.50 |      1095.91 |                  5.00 |                    5.00 |    367 |    15.1204 |
|        1 |        121 |          1058.50 |      1058.50 |      1096.54 |                  5.00 |                    5.90 |    367 |    15.1727 |
|        1 |        122 |          1058.50 |      1058.50 |      1121.68 |                  5.00 |                    5.58 |    369 |    15.2635 |
|        1 |        123 |          1058.50 |      1058.50 |      1113.39 |                  5.00 |                    5.00 |    374 |    15.3980 |
|        1 |        124 |          1058.50 |      1058.50 |      1115.21 |                  5.00 |                    5.65 |    376 |    15.5095 |
|        1 |        125 |          1058.50 |      1058.50 |      1115.39 |                  5.00 |                    5.36 |    376 |    15.5893 |
|        1 |        126 |          1058.50 |      1058.50 |      1107.74 |                  5.00 |                    5.00 |    382 |    15.6656 |
|        1 |        127 |          1058.50 |      1058.50 |      1099.64 |                  5.00 |                    5.00 |    384 |    15.7322 |
|        1 |        128 |          1058.50 |      1058.50 |      1122.40 |                  5.00 |                    7.44 |    386 |    15.7813 |
|        1 |        129 |          1058.50 |      1058.50 |      1092.54 |                  5.00 |                    6.56 |    388 |    15.8601 |
|        1 |        130 |          1058.50 |      1058.50 |      1095.83 |                  5.00 |                    5.00 |    388 |    15.9069 |
|        1 |        131 |          1058.50 |      1058.50 |      1095.36 |                  5.00 |                    7.44 |    390 |    15.9559 |
|        1 |        132 |          1058.50 |      1058.50 |      1095.79 |                  5.00 |                    5.00 |    392 |    16.0681 |
|        1 |        133 |          1058.50 |      1058.50 |      1091.90 |                  5.00 |                    7.18 |    392 |    16.1849 |
|        1 |        134 |          1058.50 |      1058.50 |      1075.53 |                  5.00 |                    5.59 |    394 |    16.3362 |
|        1 |        135 |          1058.50 |      1058.50 |      1076.20 |                  5.00 |                    7.43 |    394 |    16.4252 |
|        1 |        136 |          1058.50 |      1058.50 |      1080.23 |                  5.00 |                    5.82 |    394 |    16.4767 |
|        1 |        137 |          1058.50 |      1058.50 |      1077.98 |                  5.00 |                    7.16 |    394 |    16.5334 |
|        1 |        138 |          1058.50 |      1058.50 |      1107.90 |                  5.00 |                    7.20 |    395 |    16.5858 |
|        1 |        139 |          1058.50 |      1058.50 |      1080.30 |                  5.00 |                    6.75 |    395 |    16.6569 |
|        1 |        140 |          1058.50 |      1058.50 |      1080.30 |                  5.00 |                    5.67 |    395 |    16.7178 |
|        1 |        141 |          1058.50 |      1058.50 |      1099.10 |                  5.00 |                    5.00 |    397 |    16.7658 |
|        1 |        142 |          1058.50 |      1058.50 |      1097.90 |                  5.00 |                    5.00 |    398 |    16.8442 |
|        1 |        143 |          1058.50 |      1058.50 |      1097.90 |                  5.00 |                    5.00 |    398 |    16.8928 |
|        1 |        144 |          1058.50 |      1058.50 |      1097.90 |                  5.00 |                    5.00 |    398 |    16.9319 |
|        1 |        145 |          1058.50 |      1058.50 |      1099.63 |                  5.00 |                    7.58 |    398 |    16.9961 |
|        1 |        146 |          1058.50 |      1058.50 |      1102.50 |                  5.00 |                    7.63 |    400 |    17.0419 |
|        1 |        147 |          1058.50 |      1058.50 |      1120.20 |                  5.00 |                    5.00 |    402 |    17.0870 |
|        1 |        148 |          1058.50 |      1058.50 |      1120.80 |                  5.00 |                    5.98 |    404 |    17.1367 |
|        1 |        149 |          1058.50 |      1058.50 |      1149.20 |                  5.00 |                    5.00 |    408 |    17.1978 |
|        1 |        150 |          1058.50 |      1058.50 |      1157.30 |                  5.00 |                    5.00 |    411 |    17.3380 |
|        1 |        151 |          1058.50 |      1058.50 |      1149.50 |                  5.00 |                    5.00 |    416 |    17.4460 |
|        1 |        152 |          1058.50 |      1058.50 |      1156.80 |                  5.00 |                    5.00 |    418 |    17.5229 |
|        1 |        153 |          1058.50 |      1058.50 |      1165.00 |                  5.00 |                    5.00 |    423 |    17.5831 |
|        1 |        154 |          1058.50 |      1058.50 |      1143.40 |                  5.00 |                    5.00 |    425 |    17.7319 |
|        1 |        155 |          1058.50 |      1058.50 |      1133.80 |                  5.00 |                    6.63 |    428 |    17.8480 |
|        1 |        156 |          1058.50 |      1058.50 |      1098.19 |                  5.00 |                    5.01 |    429 |    17.9879 |
|        1 |        157 |          1058.50 |      1058.50 |      1098.80 |                  5.00 |                    5.80 |    431 |    18.0433 |
|        1 |        158 |          1058.50 |      1058.50 |      1110.92 |                  5.00 |                    5.00 |    433 |    18.1211 |
|        1 |        159 |          1058.50 |      1058.50 |      1110.21 |                  5.00 |                    5.51 |    433 |    18.1606 |
|        1 |        160 |          1058.50 |      1058.50 |      1110.79 |                  5.00 |                    5.00 |    433 |    18.2559 |
|        1 |        161 |          1058.50 |      1058.50 |      1099.20 |                  5.00 |                    5.66 |    433 |    18.4044 |
|        1 |        162 |          1058.50 |      1058.50 |      1130.10 |                  5.00 |                    5.00 |    436 |    18.4769 |
|        1 |        163 |          1058.50 |      1058.50 |      1130.90 |                  5.00 |                    5.00 |    439 |    18.5223 |
|        1 |        164 |          1058.50 |      1058.50 |      1118.22 |                  5.00 |                    5.00 |    441 |    18.6848 |
|        1 |        165 |          1058.50 |      1058.50 |      1118.36 |                  5.00 |                    6.02 |    441 |    18.7476 |
|        1 |        166 |          1058.50 |      1058.50 |      1093.70 |                  5.00 |                    5.00 |    441 |    18.8010 |
|        1 |        167 |          1058.50 |      1058.50 |      1069.70 |                  5.00 |                    5.00 |    443 |    18.8829 |
|        1 |        168 |          1058.50 |      1058.50 |      1068.30 |                  5.00 |                    5.00 |    443 |    18.9432 |
|        1 |        169 |          1058.50 |      1058.50 |      1078.70 |                  5.00 |                    5.00 |    448 |    19.0811 |
|        1 |        170 |          1058.50 |      1058.50 |      1069.40 |                  5.00 |                    5.00 |    451 |    19.1593 |
|        1 |        171 |          1058.50 |      1058.50 |      1071.60 |                  5.00 |                    5.00 |    452 |    19.2248 |
|        1 |        172 |          1058.50 |      1058.50 |      1071.60 |                  5.00 |                    5.00 |    454 |    19.2887 |
|        1 |        173 |          1058.50 |      1058.50 |      1071.60 |                  5.00 |                    5.00 |    454 |    19.3290 |
|        1 |        174 |          1058.50 |      1058.50 |      1090.70 |                  5.00 |                    5.46 |    458 |    19.3915 |
|        1 |        175 |          1058.50 |      1058.50 |      1080.20 |                  5.00 |                    5.00 |    462 |    19.4497 |
|        1 |        176 |          1058.50 |      1058.50 |      1071.60 |                  5.00 |                    5.55 |    465 |    19.6074 |
|        1 |        177 |          1058.50 |      1058.50 |      1122.50 |                  5.00 |                    5.00 |    472 |    19.6605 |
|        1 |        178 |          1058.50 |      1058.50 |      1098.00 |                  5.00 |                    5.14 |    475 |    19.7490 |
|        1 |        179 |          1058.50 |      1058.50 |      1091.20 |                  5.00 |                    5.00 |    477 |    19.8312 |
|        1 |        180 |          1058.50 |      1058.50 |      1091.20 |                  5.00 |                    5.86 |    477 |    19.8822 |
|        1 |        181 |          1058.50 |      1058.50 |      1104.30 |                  5.00 |                    6.22 |    479 |    19.9289 |
|        1 |        182 |          1058.50 |      1058.50 |      1104.30 |                  5.00 |                    5.00 |    479 |    19.9855 |
------------------------------------------------------------------------------------------------------------------------------------------------
|  Restart |  Iteration |  Best Feas. Cost |    Best Cost |   Curr. Cost |   Penalty Custom Res. |   Penalty Standard Res. |   Pool |   Time (s) |
------------------------------------------------------------------------------------------------------------------------------------------------
|        1 |        183 |          1058.50 |      1058.50 |      1104.30 |                  5.00 |                    5.00 |    479 |    20.0486 |
|        1 |        184 |          1058.50 |      1058.50 |      1104.30 |                  5.00 |                    5.00 |    479 |    20.0978 |
|        1 |        185 |          1058.50 |      1058.50 |      1114.00 |                  5.00 |                    5.00 |    482 |    20.1480 |
|        1 |        186 |          1058.50 |      1058.50 |      1114.00 |                  5.00 |                    5.00 |    482 |    20.1981 |
|        1 |        187 |          1058.50 |      1058.50 |      1104.30 |                  5.00 |                    5.00 |    485 |    20.3749 |
|        1 |        188 |          1058.50 |      1058.50 |      1105.80 |                  5.00 |                    5.00 |    486 |    20.4401 |
|        1 |        189 |          1058.50 |      1058.50 |      1115.00 |                  5.00 |                    5.00 |    487 |    20.4911 |
|        1 |        190 |          1058.50 |      1058.50 |      1105.80 |                  5.00 |                    5.00 |    487 |    20.5471 |
|        1 |        191 |          1058.50 |      1058.50 |      1104.00 |                  5.00 |                    5.00 |    489 |    20.5961 |
|        1 |        192 |          1058.50 |      1058.50 |      1098.40 |                  5.00 |                    5.47 |    492 |    20.6646 |
|        1 |        193 |          1058.50 |      1058.50 |      1098.40 |                  5.00 |                    5.00 |    492 |    20.7077 |
|        1 |        194 |          1058.50 |      1058.50 |      1086.00 |                  5.00 |                    5.52 |    498 |    20.8083 |
|        1 |        195 |          1058.50 |      1058.50 |      1086.00 |                  5.00 |                    5.00 |    498 |    20.8714 |
|        1 |        196 |          1058.50 |      1058.50 |      1086.00 |                  5.00 |                    5.00 |    498 |    20.9253 |
|        1 |        197 |          1058.50 |      1058.50 |      1085.50 |                  5.00 |                    6.29 |    502 |    20.9777 |
|        1 |        198 |          1058.50 |      1058.50 |      1092.30 |                  5.00 |                    5.00 |    506 |    21.0259 |
|        1 |        199 |          1058.50 |      1058.50 |      1091.30 |                  5.00 |                    5.98 |    509 |    21.0823 |
|        1 |        200 |          1058.50 |      1058.50 |      1120.50 |                  5.00 |                    5.69 |    512 |    21.1314 |
|        1 |        201 |          1058.50 |      1058.50 |      1131.70 |                  5.00 |                    6.41 |    515 |    21.2220 |
|        1 |        202 |          1058.50 |      1058.50 |      1120.20 |                  5.00 |                    5.00 |    517 |    21.3190 |
|        1 |        203 |          1058.50 |      1058.50 |      1101.40 |                  5.00 |                    5.58 |    520 |    21.3707 |
|        1 |        204 |          1058.50 |      1058.50 |      1099.10 |                  5.00 |                    6.74 |    520 |    21.4483 |
|        1 |        205 |          1058.50 |      1058.50 |      1099.10 |                  5.00 |                    5.69 |    520 |    21.5032 |
|        1 |        206 |          1058.50 |      1058.50 |      1099.10 |                  5.00 |                    8.06 |    520 |    21.5469 |
|        1 |        207 |          1058.50 |      1058.50 |      1097.60 |                  5.00 |                    5.00 |    522 |    21.6035 |
|        1 |        208 |          1058.50 |      1058.50 |      1132.20 |                  5.00 |                    9.55 |    524 |    21.6759 |
|        1 |        209 |          1058.50 |      1058.50 |      1096.70 |                  5.00 |                    5.26 |    526 |    21.7681 |
|        1 |        210 |          1058.50 |      1058.50 |      1104.80 |                  5.00 |                    5.00 |    527 |    21.8208 |
|        1 |        211 |          1058.50 |      1058.50 |      1104.80 |                  5.00 |                    5.00 |    527 |    21.8671 |
|        1 |        212 |          1058.50 |      1058.50 |      1104.80 |                  5.00 |                    5.00 |    527 |    21.9044 |
|        1 |        213 |          1058.50 |      1058.50 |      1098.20 |                  5.00 |                    5.24 |    527 |    21.9606 |
|        1 |        214 |          1058.50 |      1058.50 |      1098.20 |                  5.00 |                    5.00 |    527 |    22.0213 |
|        1 |        215 |          1058.50 |      1058.50 |      1098.20 |                  5.00 |                    5.00 |    527 |    22.0766 |
|        1 |        216 |          1058.50 |      1058.50 |      1098.20 |                  5.00 |                    6.35 |    527 |    22.1286 |
|        1 |        217 |          1058.50 |      1058.50 |      1098.20 |                  5.00 |                    5.00 |    527 |    22.1651 |
|        1 |        218 |          1058.50 |      1058.50 |      1098.20 |                  5.00 |                    5.00 |    527 |    22.2083 |
|        1 |        219 |          1058.50 |      1058.50 |      1098.20 |                  5.00 |                    5.00 |    527 |    22.2480 |
|        1 |        220 |          1058.50 |      1058.50 |      1097.70 |                  5.00 |                    8.14 |    528 |    22.2888 |
|        1 |        221 |          1058.50 |      1058.50 |      1101.00 |                  5.00 |                    5.00 |    529 |    22.3538 |
|        1 |        222 |          1058.50 |      1058.50 |      1101.00 |                  5.00 |                    5.00 |    529 |    22.3992 |
|        1 |        223 |          1058.50 |      1058.50 |      1101.00 |                  5.00 |                    5.00 |    529 |    22.4484 |
|        1 |        224 |          1058.50 |      1058.50 |      1101.30 |                  5.00 |                    5.00 |    529 |    22.5115 |
|        1 |        225 |          1058.50 |      1058.50 |      1102.10 |                  5.00 |                    5.00 |    531 |    22.5713 |
|        1 |        226 |          1058.50 |      1058.50 |      1102.10 |                  5.00 |                    5.20 |    531 |    22.6393 |
|        1 |        227 |          1058.50 |      1058.50 |      1102.10 |                  5.00 |                    7.15 |    531 |    22.7005 |
|        1 |        228 |          1058.50 |      1058.50 |      1102.10 |                  5.00 |                    5.00 |    531 |    22.7503 |
|        1 |        229 |          1058.50 |      1058.50 |      1107.80 |                  5.00 |                    5.00 |    532 |    22.7986 |
|        1 |        230 |          1058.50 |      1058.50 |      1105.90 |                  5.00 |                    5.00 |    533 |    22.8871 |
|        1 |        231 |          1058.50 |      1058.50 |      1105.90 |                  5.00 |                    7.75 |    533 |    22.9420 |
|        1 |        232 |          1058.50 |      1058.50 |      1102.90 |                  5.00 |                    5.80 |    533 |    23.0006 |
|        1 |        233 |          1058.50 |      1058.50 |      1102.90 |                  5.00 |                    5.00 |    533 |    23.0607 |
|        1 |        234 |          1058.50 |      1058.50 |      1102.90 |                  5.00 |                    7.08 |    533 |    23.1143 |
|        1 |        235 |          1058.50 |      1058.50 |      1103.40 |                  5.00 |                    5.00 |    536 |    23.1740 |
|        1 |        236 |          1058.50 |      1058.50 |      1103.40 |                  5.00 |                    6.61 |    536 |    23.2165 |
|        1 |        237 |          1058.50 |      1058.50 |      1103.40 |                  5.00 |                    5.00 |    536 |    23.2693 |
|        1 |        238 |          1058.50 |      1058.50 |      1103.40 |                  5.00 |                    7.82 |    536 |    23.3284 |
|        1 |        239 |          1058.50 |      1058.50 |      1103.40 |                  5.00 |                    5.26 |    536 |    23.3881 |
|        1 |        240 |          1058.50 |      1058.50 |      1112.10 |                  5.00 |                    5.00 |    537 |    23.4575 |
|        1 |        241 |          1058.50 |      1058.50 |      1112.10 |                  5.00 |                    5.00 |    537 |    23.5185 |
|        1 |        242 |          1058.50 |      1058.50 |      1108.90 |                  5.00 |                    5.98 |    538 |    23.5754 |
|        1 |        243 |          1058.50 |      1058.50 |      1132.60 |                  5.00 |                    8.55 |    542 |    23.6929 |
|        1 |        244 |          1058.50 |      1058.50 |      1132.60 |                  5.00 |                    5.00 |    542 |    23.7576 |
|        1 |        245 |          1058.50 |      1058.50 |      1132.60 |                  5.00 |                    8.22 |    542 |    23.8062 |
|        1 |        246 |          1058.50 |      1058.50 |      1149.20 |                  5.00 |                    5.13 |    544 |    23.8418 |
|        1 |        247 |          1058.50 |      1058.50 |      1125.70 |                  5.00 |                    5.69 |    547 |    23.9272 |
|        1 |        248 |          1058.50 |      1058.50 |      1116.90 |                  5.00 |                    5.00 |    550 |    24.0015 |
|        1 |        249 |          1058.50 |      1058.50 |      1096.30 |                  5.00 |                    5.00 |    551 |    24.0996 |
|        1 |        250 |          1058.50 |      1058.50 |      1096.90 |                  5.00 |                    5.47 |    553 |    24.1505 |
|        1 |        251 |          1058.50 |      1058.50 |      1096.90 |                  5.00 |                    6.48 |    555 |    24.2201 |
|        1 |        252 |          1058.50 |      1058.50 |      1096.30 |                  5.00 |                    6.81 |    555 |    24.2908 |
|        1 |        253 |          1058.50 |      1058.50 |      1096.30 |                  5.00 |                    5.00 |    555 |    24.3286 |
|        1 |        254 |          1058.50 |      1058.50 |      1096.30 |                  5.00 |                    5.98 |    555 |    24.3858 |
|        1 |        255 |          1058.50 |      1058.50 |      1096.30 |                  5.00 |                    5.00 |    555 |    24.4573 |
|        1 |        256 |          1058.50 |      1058.50 |      1096.30 |                  5.00 |                    5.00 |    555 |    24.5148 |
|        1 |        257 |          1058.50 |      1058.50 |      1125.11 |                  5.00 |                    9.54 |    559 |    24.6038 |
|        1 |        258 |          1058.50 |      1058.50 |      1128.00 |                  5.00 |                    5.27 |    564 |    24.6993 |
|        1 |        259 |          1058.50 |      1058.50 |      1120.51 |                  5.00 |                    8.22 |    564 |    24.7766 |
|        1 |        260 |          1058.50 |      1058.50 |      1122.60 |                  5.00 |                    5.88 |    566 |    24.8341 |
|        1 |        261 |          1058.50 |      1058.50 |      1126.40 |                  5.00 |                    6.95 |    568 |    24.8848 |
|        1 |        262 |          1058.50 |      1058.50 |      1127.90 |                  5.00 |                    8.30 |    570 |    24.9602 |
|        1 |        263 |          1058.50 |      1058.50 |      1135.60 |                  5.00 |                    6.45 |    570 |    25.0038 |
|        1 |        264 |          1058.50 |      1058.50 |      1127.25 |                  5.00 |                    5.00 |    572 |    25.0861 |
|        1 |        265 |          1058.50 |      1058.50 |      1076.90 |                  5.00 |                    5.00 |    576 |    25.1965 |
|        1 |        266 |          1058.50 |      1058.50 |      1071.00 |                  5.00 |                    7.66 |    577 |    25.2815 |
|        1 |        267 |          1058.50 |      1058.50 |      1092.06 |                  5.00 |                    6.70 |    578 |    25.3551 |
|        1 |        268 |          1058.50 |      1058.50 |      1092.06 |                  5.00 |                    7.76 |    578 |    25.3935 |
|        1 |        269 |          1058.50 |      1058.50 |      1077.00 |                  5.00 |                    5.91 |    580 |    25.5010 |
|        1 |        270 |          1058.50 |      1058.50 |      1070.70 |                  5.00 |                    5.00 |    581 |    25.6361 |
|        1 |        271 |          1058.50 |      1058.50 |      1070.70 |                  5.00 |                    5.00 |    581 |    25.6828 |
|        1 |        272 |          1058.50 |      1058.50 |      1065.50 |                  5.00 |                    5.79 |    582 |    25.7880 |
|        1 |        273 |          1058.50 |      1058.50 |      1065.50 |                  5.00 |                    5.00 |    582 |    25.8681 |
|        1 |        274 |          1058.50 |      1058.50 |      1065.91 |                  5.00 |                    5.00 |    582 |    25.9197 |
|        1 |        275 |          1058.50 |      1058.50 |      1065.80 |                  5.00 |                    5.96 |    582 |    25.9839 |
|        1 |        276 |          1058.50 |      1058.50 |      1078.45 |                  5.00 |                    5.00 |    582 |    26.0843 |
|        1 |        277 |          1058.50 |      1058.50 |      1066.12 |                  5.00 |                    5.00 |    585 |    26.2096 |
|        1 |        278 |          1058.50 |      1058.50 |      1065.41 |                  5.00 |                    7.59 |    585 |    26.2563 |
|        1 |        279 |          1058.50 |      1058.50 |      1070.90 |                  5.00 |                    6.73 |    586 |    26.3349 |
|        1 |        280 |          1058.50 |      1058.50 |      1070.90 |                  5.00 |                    5.00 |    586 |    26.3885 |
|        1 |        281 |          1058.50 |      1058.50 |      1070.90 |                  5.00 |                    5.00 |    586 |    26.4289 |
|        1 |        282 |          1058.50 |      1058.50 |      1070.90 |                  5.00 |                    5.41 |    586 |    26.4763 |
|        1 |        283 |          1058.50 |      1058.50 |      1092.00 |                  5.00 |                    5.00 |    587 |    26.5489 |
|        1 |        284 |          1058.50 |      1058.50 |      1099.90 |                  5.00 |                    5.00 |    593 |    26.6315 |
|        1 |        285 |          1058.50 |      1058.50 |      1098.67 |                  5.00 |                    6.46 |    595 |    26.6879 |
|        1 |        286 |          1058.50 |      1058.50 |      1087.74 |                  5.00 |                    6.49 |    596 |    26.7850 |
|        1 |        287 |          1058.50 |      1058.50 |      1089.12 |                  5.00 |                    5.00 |    596 |    26.8679 |
|        1 |        288 |          1058.50 |      1058.50 |      1088.12 |                  5.00 |                    6.80 |    596 |    26.9132 |
|        1 |        289 |          1058.50 |      1058.50 |      1083.30 |                  5.00 |                    5.00 |    600 |    27.0254 |
|        1 |        290 |          1058.50 |      1058.50 |      1061.82 |                  5.00 |                    7.43 |    600 |    27.1537 |
|        1 |        291 |          1058.50 |      1058.50 |      1061.20 |                  5.00 |                    7.52 |    600 |    27.2705 |
|        1 |        292 |          1058.50 |      1058.50 |      1062.09 |                  5.00 |                    7.18 |    600 |    27.3646 |
|        1 |        293 |          1058.50 |      1058.50 |      1065.12 |                  5.00 |                    5.20 |    600 |    27.4149 |
|        1 |        294 |          1058.50 |      1058.50 |      1061.30 |                  5.00 |                    6.79 |    600 |    27.5363 |
|        1 |        295 |          1058.50 |      1058.50 |      1097.35 |                  5.00 |                    5.00 |    603 |    27.5992 |
|        1 |        296 |          1058.50 |      1058.50 |      1095.61 |                  5.00 |                    8.63 |    603 |    27.6527 |
|        1 |        297 |          1058.50 |      1058.50 |      1095.30 |                  5.00 |                    5.00 |    606 |    27.7355 |
|        1 |        298 |          1058.50 |      1058.50 |      1066.00 |                  5.00 |                    5.00 |    610 |    27.8394 |
|        1 |        299 |          1058.50 |      1058.50 |      1066.00 |                  5.00 |                    5.26 |    610 |    27.8836 |
|        1 |        300 |          1058.50 |      1058.50 |      1065.40 |                  5.00 |                    6.16 |    612 |    27.9543 |
|        1 |        301 |          1058.50 |      1058.50 |      1083.14 |                  5.00 |                    5.00 |    616 |    28.0320 |
|        1 |        302 |          1058.50 |      1058.50 |      1091.14 |                  5.00 |                    7.81 |    619 |    28.0890 |
|        1 |        303 |          1058.50 |      1058.50 |      1097.50 |                  5.00 |                    5.41 |    622 |    28.1464 |
|        1 |        304 |          1058.50 |      1058.50 |      1065.63 |                  5.00 |                    5.26 |    624 |    28.3479 |
|        1 |        305 |          1058.50 |      1058.50 |      1068.02 |                  5.00 |                    5.89 |    624 |    28.4399 |
|        1 |        306 |          1058.50 |      1058.50 |      1068.00 |                  5.00 |                    5.00 |    625 |    28.5229 |
|        1 |        307 |          1058.50 |      1058.50 |      1066.80 |                  5.00 |                    7.50 |    627 |    28.5913 |
|        1 |        308 |          1058.50 |      1058.50 |      1067.14 |                  5.00 |                    5.92 |    627 |    28.6948 |
|        1 |        309 |          1058.50 |      1058.50 |      1065.40 |                  5.00 |                    5.00 |    628 |    28.8097 |
|        1 |        310 |          1058.50 |      1058.50 |      1065.60 |                  5.00 |                    6.39 |    628 |    28.8755 |
|        1 |        311 |          1058.50 |      1058.50 |      1068.23 |                  5.00 |                    6.03 |    628 |    29.0043 |
|        1 |        312 |          1058.50 |      1058.50 |      1068.41 |                  5.00 |                    6.25 |    628 |    29.0574 |
|        1 |        313 |          1058.50 |      1058.50 |      1064.76 |                  5.00 |                    5.00 |    631 |    29.2112 |
|        1 |        314 |          1058.50 |      1058.50 |      1066.60 |                  5.00 |                    5.62 |    633 |    29.2919 |
|        1 |        315 |          1058.50 |      1058.50 |      1067.61 |                  5.00 |                    5.65 |    633 |    29.3414 |
|        1 |        316 |          1058.50 |      1058.50 |      1068.00 |                  5.00 |                    5.00 |    633 |    29.4015 |
|        1 |        317 |          1058.50 |      1058.50 |      1066.60 |                  5.00 |                    5.51 |    633 |    29.4457 |
|        1 |        318 |          1058.50 |      1058.50 |      1067.82 |                  5.00 |                    8.69 |    633 |    29.5282 |
|        1 |        319 |          1058.50 |      1058.50 |      1068.00 |                  5.00 |                    5.92 |    633 |    29.5871 |
|        1 |        320 |          1058.50 |      1058.50 |      1067.53 |                  5.00 |                    5.26 |    633 |    29.6479 |
|        1 |        321 |          1058.50 |      1058.50 |      1067.11 |                  5.00 |                    5.00 |    635 |    29.7027 |
|        1 |        322 |          1058.50 |      1058.50 |      1092.00 |                  5.00 |                    5.36 |    635 |    29.7818 |
|        1 |        323 |          1058.50 |      1058.50 |      1092.00 |                  5.00 |                    5.00 |    635 |    29.8363 |
|        1 |        324 |          1058.50 |      1058.50 |      1075.41 |                  5.00 |                    5.45 |    635 |    29.9250 |
|        1 |        325 |          1058.50 |      1058.50 |      1075.66 |                  5.00 |                    7.10 |    635 |    30.0181 |
|        1 |        326 |          1058.50 |      1058.50 |      1076.40 |                  5.00 |                    7.36 |    635 |    30.0970 |
|        1 |        327 |          1058.50 |      1058.50 |      1075.56 |                  5.00 |                    5.87 |    635 |    30.1893 |
|        1 |        328 |          1058.50 |      1058.50 |      1076.06 |                  5.00 |                    5.00 |    635 |    30.2517 |
|        1 |        329 |          1058.50 |      1058.50 |      1076.25 |                  5.00 |                    5.67 |    635 |    30.3159 |
|        1 |        330 |          1058.50 |      1058.50 |      1123.80 |                  5.00 |                    5.00 |    640 |    30.3748 |
|        1 |        331 |          1058.50 |      1058.50 |      1123.50 |                  5.00 |                    5.00 |    642 |    30.4319 |
|        1 |        332 |          1058.50 |      1058.50 |      1123.50 |                  5.00 |                    5.00 |    642 |    30.4746 |
|        1 |        333 |          1058.50 |      1058.50 |      1103.10 |                  5.00 |                    5.00 |    643 |    30.5313 |
|        1 |        334 |          1058.50 |      1058.50 |      1116.30 |                  5.00 |                    5.00 |    648 |    30.5823 |
|        1 |        335 |          1058.50 |      1058.50 |      1114.80 |                  5.00 |                    5.00 |    648 |    30.6517 |
|        1 |        336 |          1058.50 |      1058.50 |      1114.80 |                  5.00 |                    5.00 |    648 |    30.6897 |
|        1 |        337 |          1058.50 |      1058.50 |      1114.80 |                  5.00 |                    5.00 |    648 |    30.7331 |
|        1 |        338 |          1058.50 |      1058.50 |      1124.10 |                  5.00 |                    5.00 |    649 |    30.7944 |
|        1 |        339 |          1058.50 |      1058.50 |      1117.60 |                  5.00 |                    5.00 |    650 |    30.8382 |
|        1 |        340 |          1058.50 |      1058.50 |      1117.60 |                  5.00 |                    5.00 |    650 |    30.9024 |
|        1 |        341 |          1058.50 |      1058.50 |      1110.81 |                  5.00 |                    8.99 |    652 |    30.9691 |
|        1 |        342 |          1058.50 |      1058.50 |      1142.50 |                  5.00 |                    7.12 |    657 |    31.0173 |
|        1 |        343 |          1058.50 |      1058.50 |      1142.50 |                  5.00 |                    5.00 |    657 |    31.0726 |
|        1 |        344 |          1058.50 |      1058.50 |      1137.00 |                  5.00 |                    5.00 |    660 |    31.1316 |
|        1 |        345 |          1058.50 |      1058.50 |      1137.00 |                  5.00 |                    5.26 |    660 |    31.1892 |
|        1 |        346 |          1058.50 |      1058.50 |      1128.20 |                  5.00 |                    6.21 |    666 |    31.3038 |
|        1 |        347 |          1058.50 |      1058.50 |      1130.18 |                  5.00 |                    5.00 |    668 |    31.4064 |
|        1 |        348 |          1058.50 |      1058.50 |      1125.01 |                  5.00 |                    5.00 |    668 |    31.4452 |
|        1 |        349 |          1058.50 |      1058.50 |      1119.65 |                  5.00 |                    6.52 |    669 |    31.5647 |
|        1 |        350 |          1058.50 |      1058.50 |      1120.42 |                  5.00 |                    7.25 |    669 |    31.6196 |
|        1 |        351 |          1058.50 |      1058.50 |      1130.40 |                  5.00 |                    6.10 |    672 |    31.6655 |
|        1 |        352 |          1058.50 |      1058.50 |      1127.00 |                  5.00 |                    8.43 |    674 |    31.7536 |
|        1 |        353 |          1058.50 |      1058.50 |      1099.90 |                  5.00 |                    8.38 |    679 |    31.9506 |
|        1 |        354 |          1058.50 |      1058.50 |      1099.90 |                  5.00 |                    8.96 |    679 |    31.9921 |
|        1 |        355 |          1058.50 |      1058.50 |      1103.28 |                  5.00 |                    5.87 |    680 |    32.0691 |
|        1 |        356 |          1058.50 |      1058.50 |      1098.03 |                  5.00 |                    5.00 |    681 |    32.1721 |
|        1 |        357 |          1058.50 |      1058.50 |      1095.00 |                  5.00 |                    5.40 |    681 |    32.2244 |
|        1 |        358 |          1058.50 |      1058.50 |      1085.77 |                  5.00 |                    9.30 |    686 |    32.3094 |
|        1 |        359 |          1058.50 |      1058.50 |      1097.79 |                  5.00 |                    8.61 |    688 |    32.4165 |
|        1 |        360 |          1058.50 |      1058.50 |      1097.35 |                  5.00 |                    8.14 |    689 |    32.5036 |
|        1 |        361 |          1058.50 |      1058.50 |      1098.10 |                  5.00 |                    8.61 |    691 |    32.5639 |
|        1 |        362 |          1058.50 |      1058.50 |      1093.30 |                  5.00 |                    5.00 |    692 |    32.6205 |
|        1 |        363 |          1058.50 |      1058.50 |      1093.30 |                  5.00 |                    5.00 |    692 |    32.6795 |
|        1 |        364 |          1058.50 |      1058.50 |      1093.30 |                  5.00 |                    6.29 |    692 |    32.7334 |
|        1 |        365 |          1058.50 |      1058.50 |      1102.60 |                  5.00 |                    5.00 |    696 |    32.7935 |
|        1 |        366 |          1058.50 |      1058.50 |      1093.30 |                  5.00 |                    5.00 |    696 |    32.8424 |
|        1 |        367 |          1058.50 |      1058.50 |      1093.70 |                  5.00 |                    7.75 |    697 |    32.8931 |
|        1 |        368 |          1058.50 |      1058.50 |      1093.70 |                  5.00 |                    5.00 |    697 |    32.9471 |
|        1 |        369 |          1058.50 |      1058.50 |      1093.70 |                  5.00 |                    5.52 |    697 |    32.9964 |
|        1 |        370 |          1058.50 |      1058.50 |      1093.70 |                  5.00 |                    5.00 |    697 |    33.0874 |
|        1 |        371 |          1058.50 |      1058.50 |      1093.70 |                  5.00 |                    5.00 |    697 |    33.1365 |
|        1 |        372 |          1058.50 |      1058.50 |      1112.18 |                  5.00 |                    6.39 |    699 |    33.2046 |
|        1 |        373 |          1058.50 |      1058.50 |      1103.00 |                  5.00 |                    8.41 |    699 |    33.2829 |
|        1 |        374 |          1058.50 |      1058.50 |      1093.70 |                  5.00 |                    5.00 |    699 |    33.3465 |
|        1 |        375 |          1058.50 |      1058.50 |      1093.70 |                  5.00 |                    5.00 |    699 |    33.4043 |
|        1 |        376 |          1058.50 |      1058.50 |      1093.70 |                  5.00 |                    9.27 |    699 |    33.4601 |
|        1 |        377 |          1058.50 |      1058.50 |      1082.30 |                  5.00 |                    5.00 |    701 |    33.5606 |
|        1 |        378 |          1058.50 |      1058.50 |      1082.30 |                  5.00 |                    5.00 |    701 |    33.6035 |
|        1 |        379 |          1058.50 |      1058.50 |      1080.12 |                  5.00 |                    7.98 |    701 |    33.6446 |
|        1 |        380 |          1058.50 |      1058.50 |      1088.95 |                  5.00 |                    6.84 |    701 |    33.6988 |
|        1 |        381 |          1058.50 |      1058.50 |      1084.43 |                  5.00 |                    8.17 |    701 |    33.7395 |
|        1 |        382 |          1058.50 |      1058.50 |      1089.45 |                  5.00 |                    8.82 |    701 |    33.7966 |
|        1 |        383 |          1058.50 |      1058.50 |      1098.79 |                  5.00 |                    7.88 |    705 |    33.9275 |
|        1 |        384 |          1058.50 |      1058.50 |      1099.32 |                  5.00 |                    8.73 |    708 |    34.0273 |
|        1 |        385 |          1058.50 |      1058.50 |      1097.70 |                  5.00 |                    7.03 |    713 |    34.1354 |
|        1 |        386 |          1058.50 |      1058.50 |      1097.70 |                  5.00 |                    9.00 |    713 |    34.1882 |
|        1 |        387 |          1058.50 |      1058.50 |      1093.26 |                  5.00 |                    7.35 |    717 |    34.3059 |
|        1 |        388 |          1058.50 |      1058.50 |      1100.29 |                  5.00 |                    8.34 |    718 |    34.3700 |
|        1 |        389 |          1058.50 |      1058.50 |      1088.20 |                  5.00 |                    6.91 |    723 |    34.5246 |
|        1 |        390 |          1058.50 |      1058.50 |      1088.88 |                  5.00 |                    6.04 |    725 |    34.6248 |
|        1 |        391 |          1058.50 |      1058.50 |      1088.74 |                  5.00 |                    6.78 |    725 |    34.6849 |
|        1 |        392 |          1058.50 |      1058.50 |      1106.15 |                  5.00 |                    5.14 |    726 |    34.7711 |
|        1 |        393 |          1058.50 |      1058.50 |      1117.26 |                  5.00 |                    6.76 |    731 |    34.8744 |
|        1 |        394 |          1058.50 |      1058.50 |      1117.10 |                  5.00 |                    6.99 |    735 |    34.9596 |
|        1 |        395 |          1058.50 |      1058.50 |      1117.30 |                  5.00 |                    6.11 |    736 |    35.0301 |
|        1 |        396 |          1058.50 |      1058.50 |      1116.12 |                  5.00 |                    8.22 |    736 |    35.0844 |
|        1 |        397 |          1058.50 |      1058.50 |      1124.40 |                  5.00 |                    8.27 |    738 |    35.1403 |
|        1 |        398 |          1058.50 |      1058.50 |      1124.40 |                  5.00 |                    6.04 |    738 |    35.2066 |
|        1 |        399 |          1058.50 |      1058.50 |      1115.30 |                  5.00 |                    6.38 |    738 |    35.2887 |
|        1 |        400 |          1058.50 |      1058.50 |      1119.55 |                  5.00 |                    9.30 |    738 |    35.3393 |
|        1 |        401 |          1058.50 |      1058.50 |      1147.57 |                  5.00 |                    8.12 |    740 |    35.4180 |
|        1 |        402 |          1058.50 |      1058.50 |      1143.88 |                  5.00 |                    7.03 |    742 |    35.4783 |
|        1 |        403 |          1058.50 |      1058.50 |      1121.78 |                  5.00 |                    8.29 |    743 |    35.5690 |
|        1 |        404 |          1058.50 |      1058.50 |      1125.72 |                  5.00 |                    9.90 |    744 |    35.6054 |
|        1 |        405 |          1058.50 |      1058.50 |      1120.10 |                  5.00 |                   11.88 |    746 |    35.7435 |
|        1 |        406 |          1058.50 |      1058.50 |      1120.10 |                  5.00 |                    5.76 |    746 |    35.8066 |
|        1 |        407 |          1058.50 |      1058.50 |      1110.71 |                  5.00 |                    8.74 |    746 |    35.8476 |
|        1 |        408 |          1058.50 |      1058.50 |      1120.10 |                  5.00 |                    6.44 |    746 |    35.9233 |
|        1 |        409 |          1058.50 |      1058.50 |      1111.86 |                  5.00 |                    8.49 |    746 |    35.9762 |
|        1 |        410 |          1058.50 |      1058.50 |      1116.67 |                  5.00 |                    5.13 |    746 |    36.0450 |
|        1 |        411 |          1058.50 |      1058.50 |      1111.46 |                  5.00 |                    5.00 |    746 |    36.0974 |
|        1 |        412 |          1058.50 |      1058.50 |      1155.52 |                  5.00 |                    8.89 |    748 |    36.1641 |
|        1 |        413 |          1058.50 |      1058.50 |      1146.80 |                  5.00 |                    5.00 |    749 |    36.2458 |
|        1 |        414 |          1058.50 |      1058.50 |      1146.80 |                  5.00 |                    5.00 |    749 |    36.2962 |
|        1 |        415 |          1058.50 |      1058.50 |      1144.82 |                  5.00 |                    7.08 |    750 |    36.3743 |
|        1 |        416 |          1058.50 |      1058.50 |      1141.29 |                  5.00 |                    7.22 |    751 |    36.4690 |
|        1 |        417 |          1058.50 |      1058.50 |      1144.30 |                  5.00 |                    8.69 |    754 |    36.5498 |
|        1 |        418 |          1058.50 |      1058.50 |      1131.00 |                  5.00 |                    8.23 |    755 |    36.6260 |
|        1 |        419 |          1058.50 |      1058.50 |      1125.60 |                  5.00 |                    6.89 |    756 |    36.7367 |
|        1 |        420 |          1058.50 |      1058.50 |      1116.51 |                  5.00 |                    6.89 |    758 |    36.8766 |
|        1 |        421 |          1058.50 |      1058.50 |      1116.52 |                  5.00 |                    6.59 |    758 |    36.9506 |
|        1 |        422 |          1058.50 |      1058.50 |      1109.70 |                  5.00 |                    6.41 |    759 |    37.0863 |
|        1 |        423 |          1058.50 |      1058.50 |      1107.70 |                  5.00 |                    5.41 |    760 |    37.1456 |
|        1 |        424 |          1058.50 |      1058.50 |      1107.70 |                  5.00 |                    6.22 |    760 |    37.2086 |
|        1 |        425 |          1058.50 |      1058.50 |      1094.40 |                  5.00 |                    7.75 |    760 |    37.3505 |
|        1 |        426 |          1058.50 |      1058.50 |      1100.20 |                  5.00 |                    5.00 |    763 |    37.3959 |
|        1 |        427 |          1058.50 |      1058.50 |      1097.00 |                  5.00 |                    6.28 |    763 |    37.4398 |
|        1 |        428 |          1058.50 |      1058.50 |      1093.90 |                  5.00 |                    5.00 |    767 |    37.5249 |
|        1 |        429 |          1058.50 |      1058.50 |      1093.90 |                  5.00 |                    5.00 |    767 |    37.5803 |
|        1 |        430 |          1058.50 |      1058.50 |      1093.90 |                  5.00 |                    5.00 |    767 |    37.6207 |
|        1 |        431 |          1058.50 |      1058.50 |      1093.90 |                  5.00 |                    5.00 |    767 |    37.6756 |
|        1 |        432 |          1058.50 |      1058.50 |      1092.90 |                  5.00 |                    5.00 |    769 |    37.7821 |
|        1 |        433 |          1058.50 |      1058.50 |      1092.60 |                  5.00 |                    5.00 |    769 |    37.8526 |
|        1 |        434 |          1058.50 |      1058.50 |      1093.50 |                  5.00 |                    5.00 |    770 |    37.9281 |
|        1 |        435 |          1058.50 |      1058.50 |      1093.50 |                  5.00 |                    5.00 |    770 |    37.9727 |
|        1 |        436 |          1058.50 |      1058.50 |      1089.90 |                  5.00 |                    5.31 |    772 |    38.0296 |
|        1 |        437 |          1058.50 |      1058.50 |      1089.90 |                  5.00 |                    5.00 |    772 |    38.1048 |
|        1 |        438 |          1058.50 |      1058.50 |      1089.90 |                  5.00 |                    5.00 |    772 |    38.1707 |
|        1 |        439 |          1058.50 |      1058.50 |      1089.90 |                  5.00 |                    5.00 |    772 |    38.2264 |
|        1 |        440 |          1058.50 |      1058.50 |      1089.90 |                  5.00 |                    6.10 |    772 |    38.2775 |
|        1 |        441 |          1058.50 |      1058.50 |      1089.90 |                  5.00 |                    5.00 |    772 |    38.3344 |
|        1 |        442 |          1058.50 |      1058.50 |      1109.70 |                  5.00 |                    5.00 |    773 |    38.4157 |
|        1 |        443 |          1058.50 |      1058.50 |      1109.70 |                  5.00 |                    5.00 |    773 |    38.4689 |
|        1 |        444 |          1058.50 |      1058.50 |      1108.80 |                  5.00 |                    5.00 |    776 |    38.5414 |
|        1 |        445 |          1058.50 |      1058.50 |      1121.30 |                  5.00 |                    5.00 |    777 |    38.6578 |
|        1 |        446 |          1058.50 |      1058.50 |      1130.40 |                  5.00 |                    5.00 |    783 |    38.8172 |
|        1 |        447 |          1058.50 |      1058.50 |      1109.10 |                  5.00 |                    5.00 |    783 |    38.8955 |
|        1 |        448 |          1058.50 |      1058.50 |      1106.60 |                  5.00 |                    5.00 |    785 |    38.9412 |
|        1 |        449 |          1058.50 |      1058.50 |      1106.60 |                  5.00 |                    5.00 |    785 |    38.9901 |
|        1 |        450 |          1058.50 |      1058.50 |      1106.60 |                  5.00 |                    5.00 |    785 |    39.0459 |
|        1 |        451 |          1058.50 |      1058.50 |      1104.20 |                  5.00 |                    5.91 |    785 |    39.1271 |
|        1 |        452 |          1058.50 |      1058.50 |      1104.20 |                  5.00 |                    5.00 |    785 |    39.1694 |
|        1 |        453 |          1058.50 |      1058.50 |      1104.20 |                  5.00 |                    5.00 |    785 |    39.2216 |
|        1 |        454 |          1058.50 |      1058.50 |      1101.60 |                  5.00 |                    5.00 |    786 |    39.2945 |
|        1 |        455 |          1058.50 |      1058.50 |      1111.90 |                  5.00 |                    5.26 |    789 |    39.4005 |
|        1 |        456 |          1058.50 |      1058.50 |      1111.90 |                  5.00 |                    5.00 |    789 |    39.4560 |
|        1 |        457 |          1058.50 |      1058.50 |      1111.70 |                  5.00 |                    6.04 |    789 |    39.5305 |
|        1 |        458 |          1058.50 |      1058.50 |      1102.72 |                  5.00 |                    6.86 |    791 |    39.6095 |
|        1 |        459 |          1058.50 |      1058.50 |      1105.83 |                  5.00 |                    5.49 |    791 |    39.6506 |
|        1 |        460 |          1058.50 |      1058.50 |      1104.60 |                  5.00 |                    5.58 |    792 |    39.7088 |
|        1 |        461 |          1058.50 |      1058.50 |      1112.05 |                  5.00 |                    5.00 |    793 |    39.7570 |
|        1 |        462 |          1058.50 |      1058.50 |      1108.81 |                  5.00 |                    5.39 |    796 |    39.8162 |
|        1 |        463 |          1058.50 |      1058.50 |      1109.30 |                  5.00 |                    5.00 |    796 |    39.8594 |
|        1 |        464 |          1058.50 |      1058.50 |      1115.60 |                  5.00 |                    6.45 |    800 |    39.9375 |
------------------------------------------------------------------------------------------------------------------------------------------------
|  Restart |  Iteration |  Best Feas. Cost |    Best Cost |   Curr. Cost |   Penalty Custom Res. |   Penalty Standard Res. |   Pool |   Time (s) |
------------------------------------------------------------------------------------------------------------------------------------------------
|        1 |        465 |          1058.50 |      1058.50 |      1135.63 |                  5.00 |                    6.39 |    804 |    40.0686 |
|        1 |        466 |          1058.50 |      1058.50 |      1120.00 |                  5.00 |                    5.00 |    808 |    40.1614 |
|        1 |        467 |          1058.50 |      1058.50 |      1099.56 |                  5.00 |                    6.91 |    809 |    40.3237 |
|        1 |        468 |          1058.50 |      1058.50 |      1099.49 |                  5.00 |                    6.40 |    809 |    40.4016 |
|        1 |        469 |          1058.50 |      1058.50 |      1101.29 |                  5.00 |                    5.78 |    809 |    40.4392 |
|        1 |        470 |          1058.50 |      1058.50 |      1100.00 |                  5.00 |                    5.00 |    809 |    40.4852 |
|        1 |        471 |          1058.50 |      1058.50 |      1089.10 |                  5.00 |                    5.63 |    812 |    40.6010 |
|        1 |        472 |          1058.50 |      1058.50 |      1095.70 |                  5.00 |                    5.00 |    816 |    40.6500 |
|        1 |        473 |          1058.50 |      1058.50 |      1083.91 |                  5.00 |                    5.79 |    816 |    40.7664 |
|        1 |        474 |          1058.50 |      1058.50 |      1107.12 |                  5.00 |                    5.06 |    817 |    40.8185 |
|        1 |        475 |          1058.50 |      1058.50 |      1104.33 |                  5.00 |                    6.48 |    817 |    40.8595 |
|        1 |        476 |          1058.50 |      1058.50 |      1107.82 |                  5.00 |                    6.02 |    817 |    40.9117 |
|        1 |        477 |          1058.50 |      1058.50 |      1106.14 |                  5.00 |                    5.94 |    817 |    40.9650 |
|        1 |        478 |          1058.50 |      1058.50 |      1105.60 |                  5.00 |                    5.69 |    819 |    41.0038 |
|        1 |        479 |          1058.50 |      1058.50 |      1090.30 |                  5.00 |                    5.00 |    821 |    41.0514 |
|        1 |        480 |          1058.50 |      1058.50 |      1090.30 |                  5.00 |                    5.00 |    821 |    41.0944 |
|        1 |        481 |          1058.50 |      1058.50 |      1087.70 |                  5.00 |                    5.00 |    821 |    41.1515 |
|        1 |        482 |          1058.50 |      1058.50 |      1096.90 |                  5.00 |                    5.00 |    822 |    41.2143 |
|        1 |        483 |          1058.50 |      1058.50 |      1098.70 |                  5.00 |                    5.00 |    829 |    41.3281 |
|        1 |        484 |          1058.50 |      1058.50 |      1103.70 |                  5.00 |                    5.00 |    834 |    41.3866 |
|        1 |        485 |          1058.50 |      1058.50 |      1103.70 |                  5.00 |                    5.00 |    834 |    41.4574 |
|        1 |        486 |          1058.50 |      1058.50 |      1100.10 |                  5.00 |                    7.01 |    835 |    41.5597 |
|        1 |        487 |          1058.50 |      1058.50 |      1101.70 |                  5.00 |                    5.00 |    836 |    41.6112 |
|        1 |        488 |          1058.50 |      1058.50 |      1100.10 |                  5.00 |                    5.00 |    836 |    41.6616 |
|        1 |        489 |          1058.50 |      1058.50 |      1086.60 |                  5.00 |                    5.00 |    840 |    41.8028 |
|        1 |        490 |          1058.50 |      1058.50 |      1086.60 |                  5.00 |                    5.00 |    840 |    41.8586 |
|        1 |        491 |          1058.50 |      1058.50 |      1086.60 |                  5.00 |                    5.00 |    840 |    41.9113 |
|        1 |        492 |          1058.50 |      1058.50 |      1086.90 |                  5.00 |                    5.00 |    841 |    41.9506 |
|        1 |        493 |          1058.50 |      1058.50 |      1095.50 |                  5.00 |                    5.00 |    844 |    41.9904 |
|        1 |        494 |          1058.50 |      1058.50 |      1086.90 |                  5.00 |                    5.00 |    844 |    42.0571 |
|        1 |        495 |          1058.50 |      1058.50 |      1086.60 |                  5.00 |                    5.00 |    844 |    42.1605 |
|        1 |        496 |          1058.50 |      1058.50 |      1086.60 |                  5.00 |                    5.00 |    844 |    42.2079 |
|        1 |        497 |          1058.50 |      1058.50 |      1086.60 |                  5.00 |                    5.00 |    844 |    42.2538 |
|        1 |        498 |          1058.50 |      1058.50 |      1086.60 |                  5.00 |                    5.18 |    844 |    42.3275 |
|        1 |        499 |          1058.50 |      1058.50 |      1083.60 |                  5.00 |                    5.00 |    844 |    42.3836 |
|        1 |        500 |          1058.50 |      1058.50 |      1083.60 |                  5.00 |                    5.00 |    844 |    42.4400 |
------------------------------------------------------------------------------------------------------------------------------------------------
Version identifier: 22.1.2.0 | 2024-11-26 | 0edbb82fd
CPXPARAM_MIP_Tolerances_UpperCutoff              1058.5999999999804
Tried aggregator 1 time.
MIP Presolve eliminated 14 rows and 52 columns.
MIP Presolve modified 373 coefficients.
Reduced MIP has 87 rows, 792 columns, and 7631 nonzeros.
Reduced MIP has 792 binaries, 0 generals, 0 SOSs, and 0 indicators.
Presolve time = 0.00 sec. (7.41 ticks)
Probing time = 0.01 sec. (7.17 ticks)
Cover probing fixed 1 vars, tightened 0 bounds.
Tried aggregator 1 time.
Detecting symmetries...
MIP Presolve eliminated 0 rows and 2 columns.
Reduced MIP has 87 rows, 790 columns, and 7622 nonzeros.
Reduced MIP has 790 binaries, 0 generals, 0 SOSs, and 0 indicators.
Presolve time = 0.00 sec. (5.31 ticks)
Probing time = 0.00 sec. (2.93 ticks)
Clique table members: 838.
MIP emphasis: balance optimality and feasibility.
MIP search method: dynamic search.
Parallel mode: deterministic, using up to 8 threads.
Root relaxation solution time = 0.01 sec. (11.41 ticks)

        Nodes                                         Cuts/
   Node  Left     Objective  IInf  Best Integer    Best Bound    ItCnt     Gap

      0     0     1043.8000    17                   1043.8000      323         
*     0     0      integral     0     1045.1000       Cuts: 9      352    0.00%
      0     0        cutoff           1045.1000     1045.1000      352    0.00%
Elapsed time = 0.04 sec. (55.59 ticks, tree = 0.01 MB, solutions = 1)
objective_value(sp) = 1045.099999999999
 46.201516 seconds (6.90 M allocations: 344.671 MiB, 0.17% gc time, 8.99% compilation time)
#1: 0 (0.0) {9.0} -> 28 (16.0) {114.0} [114.0, 255.0] -> 26 (33.0) {132.0} [0.0, 978.0] -> 21 (44.0) {152.0} [0.0, 971.0] -> 72 (69.0) {166.4} [0.0, 967.0] -> 75 (87.0) {181.7} [0.0, 962.0] -> 39 (118.0) {202.7} [33.0, 224.0] -> 67 (143.0) {294.0} [294.0, 401.0] -> 23 (172.0) {316.0} [206.0, 325.0] -> 56 (178.0) {585.0} [585.0, 692.0] -> 4 (197.0) {678.0} [678.0, 801.0] -> 54 (215.0) {697.2} [641.0, 734.0] -> 55 (217.0) {715.6} [620.0, 739.0] -> 25 (223.0) {817.0} [817.0, 956.0] -> 24 (226.0) {842.0} [704.0, 847.0] -> 80 (232.0) {861.2} [839.0, 968.0] -> 12 (251.0) {877.5} [0.0, 975.0] -> 0 (251.0) {902.5} [0.0, 1000.0]
#2: 0 (0.0) {9.0} -> 40 (9.0) {360.0} [360.0, 437.0] -> 73 (18.0) {378.9} [308.0, 399.0] -> 41 (23.0) {399.0} [396.0, 511.0] -> 22 (41.0) {413.2} [409.0, 494.0] -> 74 (49.0) {681.0} [681.0, 802.0] -> 2 (56.0) {702.7} [0.0, 972.0] -> 58 (74.0) {849.0} [849.0, 980.0] -> 0 (74.0) {868.0} [0.0, 1000.0]
#3: 0 (0.0) {10.0} -> 50 (13.0) {26.9} [0.0, 973.0] -> 33 (24.0) {45.0} [45.0, 200.0] -> 65 (44.0) {81.5} [49.0, 188.0] -> 71 (59.0) {268.0} [268.0, 367.0] -> 29 (68.0) {304.9} [190.0, 313.0] -> 76 (81.0) {329.9} [290.0, 373.0] -> 3 (94.0) {346.6} [0.0, 967.0] -> 79 (117.0) {388.0} [388.0, 465.0] -> 78 (120.0) {403.6} [384.0, 499.0] -> 81 (146.0) {419.9} [411.0, 456.0] -> 9 (162.0) {435.9} [400.0, 497.0] -> 51 (172.0) {452.2} [348.0, 453.0] -> 20 (181.0) {581.0} [581.0, 666.0] -> 66 (206.0) {599.9} [592.0, 693.0] -> 35 (214.0) {686.0} [686.0, 813.0] -> 34 (228.0) {706.1} [0.0, 953.0] -> 68 (264.0) {734.4} [637.0, 752.0] -> 77 (278.0) {817.0} [817.0, 952.0] -> 0 (278.0) {846.6} [0.0, 1000.0]
#4: 0 (0.0) {10.0} -> 52 (9.0) {21.3} [0.0, 978.0] -> 62 (28.0) {163.0} [163.0, 302.0] -> 63 (38.0) {184.4} [34.0, 191.0] -> 90 (41.0) {392.0} [392.0, 487.0] -> 10 (57.0) {577.0} [577.0, 632.0] -> 32 (80.0) {660.0} [660.0, 777.0] -> 70 (85.0) {788.0} [788.0, 968.0] -> 0 (85.0) {819.0} [0.0, 1000.0]
#5: 0 (0.0) {10.0} -> 27 (16.0) {104.0} [104.0, 255.0] -> 69 (22.0) {162.0} [162.0, 293.0] -> 1 (32.0) {176.4} [0.0, 974.0] -> 30 (53.0) {259.0} [259.0, 354.0] -> 31 (80.0) {281.0} [0.0, 972.0] -> 88 (89.0) {296.0} [279.0, 388.0] -> 7 (94.0) {312.3} [0.0, 968.0] -> 82 (110.0) {328.1} [0.0, 966.0] -> 8 (119.0) {404.0} [404.0, 481.0] -> 18 (131.0) {424.4} [377.0, 434.0] -> 6 (134.0) {445.5} [415.0, 514.0] -> 0 (134.0) {466.6} [0.0, 1000.0]
#6: 0 (0.0) {9.0} -> 53 (14.0) {414.0} [414.0, 489.0] -> 87 (40.0) {439.8} [420.0, 447.0] -> 57 (47.0) {457.0} [421.0, 530.0] -> 43 (54.0) {620.0} [620.0, 705.0] -> 97 (66.0) {648.1} [612.0, 673.0] -> 13 (89.0) {690.0} [690.0, 827.0] -> 0 (89.0) {711.1} [0.0, 1000.0]
#7: 0 (0.0) {10.0} -> 94 (27.0) {22.0} [0.0, 977.0] -> 95 (47.0) {35.1} [0.0, 975.0] -> 92 (49.0) {48.7} [18.0, 181.0] -> 42 (54.0) {68.8} [25.0, 172.0] -> 15 (62.0) {175.0} [175.0, 300.0] -> 14 (82.0) {200.8} [32.0, 243.0] -> 38 (98.0) {302.0} [302.0, 405.0] -> 44 (116.0) {322.8} [233.0, 340.0] -> 16 (135.0) {338.8} [272.0, 373.0] -> 61 (148.0) {353.2} [290.0, 377.0] -> 86 (183.0) {388.0} [388.0, 465.0] -> 85 (224.0) {410.6} [0.0, 966.0] -> 99 (233.0) {426.2} [333.0, 432.0] -> 5 (259.0) {442.6} [0.0, 969.0] -> 84 (266.0) {456.7} [436.0, 511.0] -> 60 (269.0) {721.0} [721.0, 862.0] -> 89 (284.0) {755.0} [755.0, 920.0] -> 0 (284.0) {774.0} [0.0, 1000.0]
#8: 0 (0.0) {10.0} -> 83 (11.0) {31.0} [0.0, 968.0] -> 45 (27.0) {49.0} [29.0, 189.0] -> 36 (32.0) {81.3} [41.0, 208.0] -> 47 (59.0) {98.5} [85.0, 250.0] -> 48 (95.0) {114.9} [0.0, 962.0] -> 19 (112.0) {269.0} [269.0, 378.0] -> 11 (124.0) {286.0} [206.0, 325.0] -> 64 (133.0) {309.0} [214.0, 333.0] -> 49 (163.0) {501.0} [501.0, 540.0] -> 46 (164.0) {531.3} [515.0, 628.0] -> 17 (166.0) {733.0} [733.0, 870.0] -> 91 (167.0) {757.8} [0.0, 964.0] -> 100 (184.0) {798.0} [798.0, 965.0] -> 37 (192.0) {810.8} [0.0, 968.0] -> 98 (202.0) {822.2} [0.0, 968.0] -> 93 (224.0) {835.3} [811.0, 969.0] -> 59 (252.0) {848.3} [0.0, 972.0] -> 96 (263.0) {861.4} [0.0, 974.0] -> 0 (263.0) {886.6} [0.0, 1000.0]

Dist: 1045.099999999999. Cost: 1045.099999999999

Clique cuts applied:  3
Zero-half cuts applied:  4
Lift and project cuts applied:  1
Gomory fractional cuts applied:  1

Root node processing (before b&c):
  Real time             =    0.04 sec. (55.65 ticks)
Parallel b&c, 8 threads:
  Real time             =    0.00 sec. (0.00 ticks)
  Sync time (average)   =    0.00 sec.
  Wait time (average)   =    0.00 sec.
                          ------------
Total (root+branch&cut) =    0.04 sec. (55.65 ticks)
