Solving instance /mnt/c/Users/bruno.mattos/OneDrive - americanas s.a/Documentos/GitHub/GenericILS/TWRD/100/R205_100_015.vrptwrd...
------------------------------------------------------------------------------------------------------------------------------------------------
|  Restart |  Iteration |  Best Feas. Cost |    Best Cost |   Curr. Cost |   Penalty Custom Res. |   Penalty Standard Res. |   Pool |   Time (s) |
------------------------------------------------------------------------------------------------------------------------------------------------
|        1 |          0 |          1080.10 |      1080.10 |      1080.10 |                 10.53 |                   10.53 |     21 |     0.1823 |
|        1 |          1 |          1080.10 |      1080.10 |      1080.10 |                  5.00 |                    5.00 |     21 |     0.6751 |
|        1 |          2 |          1080.10 |      1080.10 |      1080.10 |                  5.00 |                    5.00 |     21 |     0.7469 |
|        1 |          3 |          1080.10 |      1080.10 |      1081.60 |                  5.00 |                    5.00 |     24 |     0.7962 |
|        1 |          4 |          1080.10 |      1080.10 |      1081.60 |                  5.00 |                    5.00 |     26 |     0.8389 |
|        1 |          5 |          1080.10 |      1080.10 |      1081.60 |                  5.00 |                    5.00 |     26 |     0.8947 |
|        1 |          6 |          1080.10 |      1080.10 |      1080.40 |                  5.00 |                    5.00 |     31 |     0.9579 |
|        1 |          0 |          1064.60 |      1064.60 |      1064.60 |                  5.00 |                    5.00 |     32 |     1.0426 |
|        1 |          0 |          1051.20 |      1051.20 |      1051.20 |                  5.00 |                    5.00 |     35 |     1.0944 |
|        1 |          0 |          1037.00 |      1037.00 |      1037.00 |                  5.00 |                    5.00 |     41 |     1.1618 |
|        1 |          1 |          1037.00 |      1037.00 |      1062.00 |                  5.00 |                    5.00 |     43 |     1.2039 |
|        1 |          2 |          1037.00 |      1037.00 |      1071.90 |                  5.00 |                    5.00 |     46 |     1.2629 |
|        1 |          3 |          1037.00 |      1037.00 |      1071.90 |                  5.00 |                    5.00 |     46 |     1.3030 |
|        1 |          4 |          1037.00 |      1037.00 |      1071.90 |                  5.00 |                    5.00 |     46 |     1.3454 |
|        1 |          5 |          1037.00 |      1037.00 |      1053.50 |                  5.00 |                    5.00 |     50 |     1.4173 |
|        1 |          6 |          1037.00 |      1037.00 |      1053.50 |                  5.00 |                    5.00 |     50 |     1.4610 |
|        1 |          7 |          1037.00 |      1037.00 |      1053.50 |                  5.00 |                    5.00 |     50 |     1.5006 |
|        1 |          8 |          1037.00 |      1037.00 |      1056.90 |                  5.00 |                    5.00 |     52 |     1.5654 |
|        1 |          9 |          1037.00 |      1037.00 |      1056.90 |                  5.00 |                    5.00 |     52 |     1.6120 |
|        1 |         10 |          1037.00 |      1037.00 |      1056.90 |                  5.00 |                    5.00 |     52 |     1.6507 |
|        1 |         11 |          1037.00 |      1037.00 |      1086.70 |                  5.00 |                    5.00 |     54 |     1.6895 |
|        1 |          0 |          1034.10 |      1034.10 |      1034.10 |                  5.00 |                    5.00 |     61 |     1.7805 |
|        1 |          1 |          1034.10 |      1033.60 |      1033.60 |                  5.00 |                    5.00 |     62 |     1.8515 |
|        1 |          0 |          1030.50 |      1030.50 |      1030.50 |                  5.00 |                    5.00 |     67 |     1.9012 |
|        1 |          1 |          1030.50 |      1030.50 |      1030.50 |                  5.00 |                    5.00 |     67 |     1.9497 |
|        1 |          0 |          1022.50 |      1022.50 |      1022.50 |                  5.00 |                    5.00 |     72 |     2.0465 |
|        1 |          1 |          1022.50 |      1022.50 |      1031.10 |                  5.00 |                    5.00 |     75 |     2.1060 |
|        1 |          2 |          1022.50 |      1022.50 |      1023.10 |                  5.00 |                    5.00 |     77 |     2.2031 |
|        1 |          3 |          1022.50 |      1022.50 |      1023.10 |                  5.00 |                    5.00 |     77 |     2.2504 |
|        1 |          4 |          1022.50 |      1022.50 |      1027.60 |                  5.00 |                    5.00 |     81 |     2.3091 |
|        1 |          5 |          1022.50 |      1022.50 |      1024.00 |                  5.00 |                    5.00 |     84 |     2.3710 |
|        1 |          6 |          1022.50 |      1022.50 |      1023.80 |                  5.00 |                    5.00 |     86 |     2.4231 |
|        1 |          0 |          1022.40 |      1022.40 |      1022.40 |                  5.00 |                    5.00 |     89 |     2.5063 |
|        1 |          1 |          1022.40 |      1022.40 |      1022.40 |                  5.00 |                    5.00 |     89 |     2.5681 |
|        1 |          2 |          1022.40 |      1022.40 |      1048.10 |                  5.00 |                    5.00 |     94 |     2.6249 |
|        1 |          3 |          1022.40 |      1022.40 |      1033.00 |                  5.00 |                    5.00 |    100 |     2.7463 |
|        1 |          4 |          1022.40 |      1022.40 |      1028.50 |                  5.00 |                    5.00 |    102 |     2.8297 |
|        1 |          5 |          1022.40 |      1022.40 |      1028.50 |                  5.00 |                    5.00 |    102 |     2.8791 |
|        1 |          6 |          1022.40 |      1022.40 |      1028.50 |                  5.00 |                    5.00 |    102 |     2.9300 |
|        1 |          7 |          1022.40 |      1022.40 |      1022.70 |                  5.00 |                    5.00 |    105 |     2.9942 |
|        1 |          0 |          1020.00 |      1020.00 |      1020.00 |                  5.00 |                    5.00 |    107 |     3.0502 |
|        1 |          1 |          1020.00 |      1020.00 |      1020.00 |                  5.00 |                    5.00 |    107 |     3.0964 |
|        1 |          0 |          1018.70 |      1018.70 |      1018.70 |                  5.00 |                    5.00 |    111 |     3.1673 |
|        1 |          1 |          1018.70 |      1018.70 |      1022.00 |                  5.00 |                    5.00 |    113 |     3.3105 |
|        1 |          2 |          1018.70 |      1018.70 |      1022.00 |                  5.00 |                    5.00 |    113 |     3.3634 |
|        1 |          0 |          1017.70 |      1017.70 |      1017.70 |                  5.00 |                    5.00 |    115 |     3.4380 |
|        1 |          1 |          1017.70 |      1017.70 |      1032.70 |                  5.00 |                    5.00 |    117 |     3.4840 |
|        1 |          0 |          1015.30 |      1015.30 |      1015.30 |                  5.00 |                    5.00 |    119 |     3.5662 |
|        1 |          0 |          1013.80 |      1013.80 |      1013.80 |                  5.00 |                    5.00 |    120 |     3.6276 |
|        1 |          1 |          1013.80 |      1013.80 |      1048.40 |                  5.00 |                    5.00 |    122 |     3.6714 |
|        1 |          2 |          1013.80 |      1013.80 |      1017.70 |                  5.00 |                    5.00 |    129 |     3.7644 |
|        1 |          3 |          1013.80 |      1013.80 |      1018.80 |                  5.00 |                    5.00 |    132 |     3.8050 |
|        1 |          4 |          1013.80 |      1013.80 |      1018.80 |                  5.00 |                    5.00 |    132 |     3.8496 |
|        1 |          5 |          1013.80 |      1013.80 |      1018.80 |                  5.00 |                    5.00 |    132 |     3.9010 |
|        1 |          6 |          1013.80 |      1013.80 |      1018.80 |                  5.00 |                    5.00 |    132 |     3.9731 |
|        1 |          7 |          1013.80 |      1013.80 |      1018.80 |                  5.00 |                    5.00 |    132 |     4.0251 |
|        1 |          8 |          1013.80 |      1013.80 |      1018.80 |                  5.00 |                    5.00 |    132 |     4.0892 |
|        1 |          9 |          1013.80 |      1013.80 |      1019.10 |                  5.00 |                    5.00 |    133 |     4.1315 |
|        1 |         10 |          1013.80 |      1013.80 |      1019.10 |                  5.00 |                    5.00 |    133 |     4.1747 |
|        1 |         11 |          1013.80 |      1013.80 |      1015.00 |                  5.00 |                    5.00 |    136 |     4.2380 |
|        1 |         12 |          1013.80 |      1013.80 |      1015.00 |                  5.00 |                    5.00 |    138 |     4.2984 |
|        1 |          0 |          1011.00 |      1011.00 |      1011.00 |                  5.00 |                    5.00 |    138 |     4.3556 |
|        1 |          1 |          1011.00 |      1011.00 |      1012.50 |                  5.00 |                    5.00 |    138 |     4.4165 |
|        1 |          2 |          1011.00 |      1011.00 |      1012.50 |                  5.00 |                    5.00 |    138 |     4.4604 |
|        1 |          3 |          1011.00 |      1011.00 |      1012.80 |                  5.00 |                    5.00 |    138 |     4.4982 |
|        1 |          4 |          1011.00 |      1011.00 |      1012.70 |                  5.00 |                    5.00 |    140 |     4.5826 |
|        1 |          5 |          1011.00 |      1011.00 |      1012.70 |                  5.00 |                    5.00 |    140 |     4.6437 |
|        1 |          6 |          1011.00 |      1011.00 |      1012.70 |                  5.00 |                    5.00 |    140 |     4.7043 |
|        1 |          7 |          1011.00 |      1011.00 |      1012.70 |                  5.00 |                    5.00 |    140 |     4.7508 |
|        1 |          8 |          1011.00 |      1011.00 |      1019.60 |                  5.00 |                    5.00 |    141 |     4.8083 |
|        1 |          9 |          1011.00 |      1011.00 |      1019.60 |                  5.00 |                    5.00 |    141 |     4.8685 |
|        1 |         10 |          1011.00 |      1011.00 |      1040.20 |                  5.00 |                    5.00 |    143 |     4.9137 |
|        1 |         11 |          1011.00 |      1011.00 |      1040.20 |                  5.00 |                    5.00 |    143 |     4.9657 |
|        1 |         12 |          1011.00 |      1011.00 |      1040.20 |                  5.00 |                    5.00 |    143 |     5.0143 |
|        1 |         13 |          1011.00 |      1011.00 |      1040.20 |                  5.00 |                    5.00 |    143 |     5.0631 |
|        1 |         14 |          1011.00 |      1011.00 |      1040.20 |                  5.00 |                    5.00 |    143 |     5.1157 |
|        1 |         15 |          1011.00 |      1011.00 |      1016.40 |                  5.00 |                    5.00 |    146 |     5.2243 |
|        1 |         16 |          1011.00 |      1011.00 |      1051.70 |                  5.00 |                    5.00 |    150 |     5.2778 |
|        1 |         17 |          1011.00 |      1011.00 |      1049.20 |                  5.00 |                    5.00 |    153 |     5.3191 |
|        1 |         18 |          1011.00 |      1011.00 |      1038.20 |                  5.00 |                    5.00 |    161 |     5.4625 |
|        1 |         19 |          1011.00 |      1011.00 |      1025.70 |                  5.00 |                    5.00 |    164 |     5.5188 |
|        1 |          0 |          1002.50 |      1002.50 |      1002.50 |                  5.00 |                    5.00 |    167 |     5.5813 |
|        1 |          0 |          1001.20 |      1001.20 |      1001.20 |                  5.00 |                    5.00 |    169 |     5.6350 |
|        1 |          1 |          1001.20 |      1001.20 |      1001.20 |                  5.00 |                    5.00 |    169 |     5.6897 |
|        1 |          2 |          1001.20 |      1001.20 |      1001.20 |                  5.00 |                    5.00 |    169 |     5.7327 |
|        1 |          3 |          1001.20 |      1001.20 |      1001.20 |                  5.00 |                    5.00 |    169 |     5.7691 |
|        1 |          4 |          1001.20 |      1001.20 |      1001.20 |                  5.00 |                    5.00 |    169 |     5.8117 |
|        1 |          5 |          1001.20 |      1001.20 |      1001.20 |                  5.00 |                    5.00 |    169 |     5.8571 |
|        1 |          6 |          1001.20 |      1001.20 |      1001.20 |                  5.00 |                    5.00 |    169 |     5.8965 |
|        1 |          7 |          1001.20 |      1001.20 |      1026.20 |                  5.00 |                    5.00 |    171 |     5.9629 |
|        1 |          8 |          1001.20 |      1001.20 |      1026.20 |                  5.00 |                    5.00 |    171 |     5.9943 |
|        1 |          9 |          1001.20 |      1001.20 |      1027.20 |                  5.00 |                    5.00 |    176 |     6.0721 |
|        1 |         10 |          1001.20 |      1001.20 |      1027.20 |                  5.00 |                    5.00 |    176 |     6.1075 |
|        1 |          0 |           990.20 |       990.20 |       990.20 |                  5.00 |                    5.00 |    178 |     6.1544 |
|        1 |          0 |           982.80 |       982.80 |       982.80 |                  5.00 |                    5.00 |    182 |     6.2018 |
|        1 |          0 |           962.90 |       962.90 |       962.90 |                  5.00 |                    5.00 |    185 |     6.2496 |
|        1 |          1 |           962.90 |       962.90 |       987.70 |                  5.00 |                    5.00 |    187 |     6.3041 |
|        1 |          2 |           962.90 |       962.90 |       987.20 |                  5.00 |                    5.00 |    190 |     6.3572 |
|        1 |          3 |           962.90 |       962.90 |       987.20 |                  5.00 |                    5.00 |    190 |     6.4034 |
|        1 |          4 |           962.90 |       962.90 |       987.20 |                  5.00 |                    5.00 |    190 |     6.4399 |
|        1 |          5 |           962.90 |       962.90 |       994.50 |                  5.00 |                    5.00 |    191 |     6.4939 |
|        1 |          6 |           962.90 |       962.90 |       994.50 |                  5.00 |                    5.00 |    191 |     6.5394 |
|        1 |          7 |           962.90 |       962.90 |       996.38 |                  5.00 |                    8.73 |    194 |     6.5777 |
|        1 |          8 |           962.90 |       962.90 |       997.17 |                  5.00 |                   16.83 |    194 |     6.6271 |
|        1 |          9 |           962.90 |       962.90 |       970.20 |                  5.00 |                    8.92 |    194 |     6.6945 |
|        1 |         10 |           962.90 |       962.90 |       970.20 |                  5.00 |                    5.29 |    194 |     6.7274 |
|        1 |         11 |           962.90 |       962.90 |       970.20 |                  5.00 |                    5.00 |    194 |     6.7616 |
|        1 |         12 |           962.90 |       962.90 |       975.20 |                  5.00 |                    5.00 |    195 |     6.8077 |
|        1 |         13 |           962.90 |       962.90 |       975.20 |                  5.00 |                    5.00 |    195 |     6.8460 |
|        1 |         14 |           962.90 |       962.90 |       975.20 |                  5.00 |                    5.00 |    195 |     6.8777 |
|        1 |         15 |           962.90 |       962.90 |       975.20 |                  5.00 |                    5.00 |    195 |     6.9224 |
|        1 |         16 |           962.90 |       962.90 |       975.20 |                  5.00 |                    5.00 |    195 |     6.9662 |
|        1 |         17 |           962.90 |       962.90 |       975.20 |                  5.00 |                    5.00 |    195 |     7.0071 |
|        1 |         18 |           962.90 |       962.90 |       975.20 |                  5.00 |                    5.00 |    195 |     7.0741 |
|        1 |         19 |           962.90 |       962.90 |       975.20 |                  5.00 |                    5.00 |    195 |     7.1137 |
|        1 |         20 |           962.90 |       962.90 |       993.90 |                  5.00 |                    5.00 |    197 |     7.1519 |
|        1 |         21 |           962.90 |       962.90 |       991.70 |                  5.00 |                    5.00 |    198 |     7.2219 |
|        1 |         22 |           962.90 |       962.90 |      1000.90 |                  5.00 |                    5.92 |    201 |     7.2808 |
|        1 |         23 |           962.90 |       962.90 |      1000.90 |                  5.00 |                    5.00 |    201 |     7.3278 |
|        1 |         24 |           962.90 |       962.90 |      1000.90 |                  5.00 |                    5.00 |    201 |     7.3797 |
|        1 |         25 |           962.90 |       962.90 |      1006.80 |                  5.00 |                    5.00 |    206 |     7.4210 |
|        1 |         26 |           962.90 |       962.90 |      1006.80 |                  5.00 |                    5.00 |    206 |     7.4600 |
|        1 |         27 |           962.90 |       962.90 |      1033.70 |                  5.00 |                    5.00 |    208 |     7.5233 |
|        1 |         28 |           962.90 |       962.90 |      1033.70 |                  5.00 |                    5.00 |    208 |     7.5703 |
|        1 |         29 |           962.90 |       962.90 |       993.80 |                  5.00 |                    5.00 |    212 |     7.6880 |
|        1 |         30 |           962.90 |       962.90 |       990.30 |                  5.00 |                    5.00 |    212 |     7.7348 |
|        1 |         31 |           962.90 |       962.90 |       990.30 |                  5.00 |                    5.00 |    212 |     7.7706 |
|        1 |         32 |           962.90 |       962.90 |      1002.00 |                  5.00 |                    5.00 |    214 |     7.8493 |
|        1 |         33 |           962.90 |       962.90 |      1002.00 |                  5.00 |                    5.00 |    214 |     7.8812 |
|        1 |         34 |           962.90 |       962.90 |      1002.00 |                  5.00 |                    5.00 |    214 |     7.9256 |
|        1 |         35 |           962.90 |       962.90 |      1025.40 |                  5.00 |                    5.00 |    216 |     7.9625 |
|        1 |         36 |           962.90 |       962.90 |      1002.00 |                  5.00 |                    5.00 |    216 |     8.0209 |
|        1 |         37 |           962.90 |       962.90 |      1002.00 |                  5.00 |                    5.00 |    216 |     8.0638 |
|        1 |         38 |           962.90 |       962.90 |      1002.00 |                  5.00 |                    5.00 |    216 |     8.1039 |
|        1 |         39 |           962.90 |       962.90 |      1002.00 |                  5.00 |                    5.00 |    216 |     8.1372 |
|        1 |         40 |           962.90 |       962.90 |      1002.00 |                  5.00 |                    5.00 |    216 |     8.1809 |
|        1 |         41 |           962.90 |       962.90 |      1002.00 |                  5.00 |                    5.00 |    216 |     8.2211 |
|        1 |         42 |           962.90 |       962.90 |      1000.80 |                  5.00 |                    5.00 |    216 |     8.2853 |
|        1 |         43 |           962.90 |       962.90 |      1000.80 |                  5.00 |                    5.00 |    216 |     8.3234 |
|        1 |         44 |           962.90 |       962.90 |      1000.80 |                  5.00 |                    5.00 |    216 |     8.3806 |
|        1 |         45 |           962.90 |       962.90 |      1000.80 |                  5.00 |                    5.00 |    216 |     8.4271 |
|        1 |         46 |           962.90 |       962.90 |      1000.80 |                  5.00 |                    5.00 |    216 |     8.4647 |
|        1 |         47 |           962.90 |       962.90 |      1000.80 |                  5.00 |                    5.00 |    216 |     8.5082 |
|        1 |         48 |           962.90 |       962.90 |      1000.80 |                  5.00 |                    5.00 |    216 |     8.5683 |
|        1 |         49 |           962.90 |       962.90 |      1000.80 |                  5.00 |                    5.00 |    216 |     8.6084 |
|        1 |         50 |           962.90 |       962.90 |      1026.00 |                  5.00 |                    5.00 |    222 |     8.7239 |
|        1 |         51 |           962.90 |       962.90 |      1026.00 |                  5.00 |                    5.00 |    222 |     8.7766 |
|        1 |         52 |           962.90 |       962.90 |      1019.80 |                  5.00 |                    5.00 |    222 |     8.8428 |
|        1 |         53 |           962.90 |       962.90 |      1019.80 |                  5.00 |                    5.00 |    222 |     8.8942 |
|        1 |         54 |           962.90 |       962.90 |      1062.90 |                  5.00 |                    5.00 |    224 |     8.9349 |
|        1 |         55 |           962.90 |       962.90 |      1019.80 |                  5.00 |                    5.00 |    224 |     9.0029 |
|        1 |         56 |           962.90 |       962.90 |      1019.80 |                  5.00 |                    5.00 |    224 |     9.0467 |
|        1 |         57 |           962.90 |       962.90 |      1005.80 |                  5.00 |                    5.00 |    227 |     9.1476 |
|        1 |         58 |           962.90 |       962.90 |       998.80 |                  5.00 |                    5.00 |    230 |     9.2317 |
|        1 |         59 |           962.90 |       962.90 |      1001.20 |                  5.00 |                    5.00 |    231 |     9.2705 |
|        1 |         60 |           962.90 |       962.90 |      1001.20 |                  5.00 |                    5.00 |    231 |     9.3233 |
|        1 |         61 |           962.90 |       962.90 |       999.10 |                  5.00 |                    5.00 |    234 |     9.3820 |
|        1 |         62 |           962.90 |       962.90 |      1014.60 |                  5.00 |                    5.00 |    235 |     9.4215 |
|        1 |         63 |           962.90 |       962.90 |       984.90 |                  5.00 |                    5.00 |    235 |     9.4920 |
|        1 |         64 |           962.90 |       962.90 |       988.60 |                  5.00 |                    5.00 |    235 |     9.5539 |
|        1 |         65 |           962.90 |       962.90 |       988.60 |                  5.00 |                    5.00 |    235 |     9.5968 |
|        1 |         66 |           962.90 |       962.90 |       988.60 |                  5.00 |                    5.00 |    235 |     9.6460 |
|        1 |         67 |           962.90 |       962.90 |       988.60 |                  5.00 |                    5.00 |    235 |     9.6890 |
|        1 |         68 |           962.90 |       962.90 |       984.90 |                  5.00 |                    5.00 |    235 |     9.7423 |
|        1 |         69 |           962.90 |       962.90 |      1011.50 |                  5.00 |                    5.00 |    238 |     9.8161 |
|        1 |         70 |           962.90 |       962.90 |      1013.90 |                  5.00 |                    5.00 |    238 |     9.8713 |
|        1 |         71 |           962.90 |       962.90 |      1013.90 |                  5.00 |                    5.00 |    238 |     9.9072 |
|        1 |         72 |           962.90 |       962.90 |      1013.90 |                  5.00 |                    5.00 |    238 |     9.9596 |
|        1 |         73 |           962.90 |       962.90 |      1013.90 |                  5.00 |                    5.00 |    238 |    10.0071 |
|        1 |         74 |           962.90 |       962.90 |      1008.30 |                  5.00 |                    5.00 |    239 |    10.0789 |
|        1 |         75 |           962.90 |       962.90 |      1008.30 |                  5.00 |                    5.00 |    239 |    10.1236 |
|        1 |         76 |           962.90 |       962.90 |      1008.30 |                  5.00 |                    5.00 |    239 |    10.1758 |
|        1 |         77 |           962.90 |       962.90 |      1008.30 |                  5.00 |                    5.00 |    239 |    10.2115 |
|        1 |         78 |           962.90 |       962.90 |      1008.30 |                  5.00 |                    5.00 |    239 |    10.2766 |
|        1 |         79 |           962.90 |       962.90 |      1008.30 |                  5.00 |                    5.00 |    239 |    10.3193 |
|        1 |         80 |           962.90 |       962.90 |      1008.30 |                  5.00 |                    5.00 |    239 |    10.3657 |
|        1 |         81 |           962.90 |       962.90 |      1008.30 |                  5.00 |                    5.00 |    239 |    10.4096 |
|        1 |         82 |           962.90 |       962.90 |      1008.30 |                  5.00 |                    5.00 |    239 |    10.4713 |
|        1 |         83 |           962.90 |       962.90 |      1008.30 |                  5.00 |                    5.00 |    239 |    10.5060 |
|        1 |         84 |           962.90 |       962.90 |      1008.30 |                  5.00 |                    5.00 |    240 |    10.5629 |
|        1 |         85 |           962.90 |       962.90 |      1008.30 |                  5.00 |                    5.00 |    240 |    10.6084 |
|        1 |         86 |           962.90 |       962.90 |      1008.30 |                  5.00 |                    5.00 |    240 |    10.6622 |
|        1 |         87 |           962.90 |       962.90 |      1008.30 |                  5.00 |                    5.00 |    240 |    10.7203 |
|        1 |         88 |           962.90 |       962.90 |      1008.30 |                  5.00 |                    5.00 |    240 |    10.7628 |
|        1 |         89 |           962.90 |       962.90 |      1008.30 |                  5.00 |                    5.00 |    240 |    10.8136 |
|        1 |         90 |           962.90 |       962.90 |      1008.30 |                  5.00 |                    5.00 |    240 |    10.8533 |
|        1 |         91 |           962.90 |       962.90 |      1008.30 |                  5.00 |                    5.00 |    240 |    10.8974 |
|        1 |         92 |           962.90 |       962.90 |      1006.60 |                  5.00 |                    5.00 |    241 |    10.9686 |
|        1 |         93 |           962.90 |       962.90 |      1008.30 |                  5.00 |                    5.00 |    241 |    11.0283 |
|        1 |         94 |           962.90 |       962.90 |      1043.40 |                  5.00 |                    5.00 |    244 |    11.0774 |
|        1 |         95 |           962.90 |       962.90 |      1006.60 |                  5.00 |                    5.00 |    244 |    11.1610 |
|        1 |         96 |           962.90 |       962.90 |      1008.30 |                  5.00 |                    5.00 |    244 |    11.2026 |
|        1 |         97 |           962.90 |       962.90 |      1008.30 |                  5.00 |                    5.00 |    244 |    11.2492 |
|        1 |         98 |           962.90 |       962.90 |      1008.30 |                  5.00 |                    5.00 |    244 |    11.3036 |
|        1 |         99 |           962.90 |       962.90 |      1039.70 |                  5.00 |                    5.00 |    245 |    11.3501 |
|        1 |        100 |           962.90 |       962.90 |      1035.50 |                  5.00 |                    5.00 |    247 |    11.4107 |
|        1 |        101 |           962.90 |       962.90 |      1035.50 |                  5.00 |                    5.00 |    247 |    11.4615 |
|        1 |        102 |           962.90 |       962.90 |      1009.80 |                  5.00 |                    5.00 |    247 |    11.5563 |
|        1 |        103 |           962.90 |       962.90 |      1009.80 |                  5.00 |                    5.00 |    247 |    11.6015 |
|        1 |        104 |           962.90 |       962.90 |      1009.80 |                  5.00 |                    5.00 |    247 |    11.6411 |
|        1 |        105 |           962.90 |       962.90 |      1009.80 |                  5.00 |                    5.00 |    247 |    11.6962 |
|        1 |        106 |           962.90 |       962.90 |      1034.20 |                  5.00 |                    5.00 |    249 |    11.7382 |
|        1 |        107 |           962.90 |       962.90 |      1048.20 |                  5.00 |                    5.00 |    251 |    11.7952 |
|        1 |        108 |           962.90 |       962.90 |      1048.20 |                  5.00 |                    5.00 |    251 |    11.8338 |
|        1 |        109 |           962.90 |       962.90 |      1048.20 |                  5.00 |                    5.00 |    251 |    11.8734 |
|        1 |        110 |           962.90 |       962.90 |      1045.60 |                  5.00 |                    5.00 |    252 |    11.9541 |
|        1 |        111 |           962.90 |       962.90 |      1032.10 |                  5.00 |                    5.00 |    253 |    12.0147 |
|        1 |        112 |           962.90 |       962.90 |      1014.50 |                  5.00 |                    5.00 |    256 |    12.1172 |
|        1 |        113 |           962.90 |       962.90 |      1014.50 |                  5.00 |                    5.00 |    256 |    12.1667 |
|        1 |        114 |           962.90 |       962.90 |      1014.50 |                  5.00 |                    5.00 |    256 |    12.2149 |
|        1 |        115 |           962.90 |       962.90 |      1041.40 |                  5.00 |                    5.00 |    259 |    12.2859 |
|        1 |        116 |           962.90 |       962.90 |      1041.40 |                  5.00 |                    5.00 |    259 |    12.3401 |
|        1 |        117 |           962.90 |       962.90 |      1016.00 |                  5.00 |                    5.00 |    259 |    12.3817 |
|        1 |        118 |           962.90 |       962.90 |      1040.00 |                  5.00 |                    5.00 |    262 |    12.4490 |
|        1 |        119 |           962.90 |       962.90 |      1025.60 |                  5.00 |                    5.00 |    265 |    12.5451 |
|        1 |        120 |           962.90 |       962.90 |      1053.70 |                  5.00 |                    5.00 |    270 |    12.6977 |
|        1 |        121 |           962.90 |       962.90 |      1033.90 |                  5.00 |                    5.00 |    277 |    12.7726 |
|        1 |        122 |           962.90 |       962.90 |      1033.90 |                  5.00 |                    5.00 |    277 |    12.8288 |
|        1 |        123 |           962.90 |       962.90 |      1033.90 |                  5.00 |                    5.00 |    277 |    12.9057 |
|        1 |        124 |           962.90 |       962.90 |      1033.90 |                  5.00 |                    5.00 |    277 |    12.9648 |
|        1 |        125 |           962.90 |       962.90 |      1028.80 |                  5.00 |                    5.00 |    279 |    13.0304 |
|        1 |        126 |           962.90 |       962.90 |      1028.80 |                  5.00 |                    5.00 |    279 |    13.0779 |
|        1 |        127 |           962.90 |       962.90 |      1028.80 |                  5.00 |                    5.00 |    279 |    13.1221 |
|        1 |        128 |           962.90 |       962.90 |      1028.80 |                  5.00 |                    5.00 |    279 |    13.1569 |
|        1 |        129 |           962.90 |       962.90 |      1028.50 |                  5.00 |                    5.00 |    280 |    13.2140 |
|        1 |        130 |           962.90 |       962.90 |      1028.50 |                  5.00 |                    5.00 |    280 |    13.2732 |
|        1 |        131 |           962.90 |       962.90 |      1028.50 |                  5.00 |                    5.00 |    280 |    13.3096 |
|        1 |        132 |           962.90 |       962.90 |      1028.50 |                  5.00 |                    5.00 |    280 |    13.3759 |
|        1 |        133 |           962.90 |       962.90 |      1028.50 |                  5.00 |                    5.00 |    280 |    13.4286 |
|        1 |        134 |           962.90 |       962.90 |      1028.50 |                  5.00 |                    5.00 |    280 |    13.4919 |
|        1 |        135 |           962.90 |       962.90 |      1028.50 |                  5.00 |                    5.00 |    280 |    13.5452 |
|        1 |        136 |           962.90 |       962.90 |      1026.00 |                  5.00 |                    5.00 |    282 |    13.6028 |
|        1 |        137 |           962.90 |       962.90 |      1026.00 |                  5.00 |                    5.00 |    282 |    13.6471 |
|        1 |        138 |           962.90 |       962.90 |      1026.00 |                  5.00 |                    5.00 |    282 |    13.6947 |
|        1 |        139 |           962.90 |       962.90 |      1026.00 |                  5.00 |                    5.00 |    282 |    13.7590 |
|        1 |        140 |           962.90 |       962.90 |      1026.00 |                  5.00 |                    5.00 |    282 |    13.7938 |
|        1 |        141 |           962.90 |       962.90 |      1033.90 |                  5.00 |                    5.00 |    284 |    13.8474 |
|        1 |        142 |           962.90 |       962.90 |      1033.90 |                  5.00 |                    5.00 |    284 |    13.9162 |
|        1 |        143 |           962.90 |       962.90 |      1026.00 |                  5.00 |                    5.00 |    284 |    13.9622 |
|        1 |        144 |           962.90 |       962.90 |       999.20 |                  5.00 |                    5.00 |    290 |    14.0506 |
|        1 |        145 |           962.90 |       962.90 |       999.20 |                  5.00 |                    5.00 |    290 |    14.0938 |
|        1 |        146 |           962.90 |       962.90 |       999.20 |                  5.00 |                    5.00 |    290 |    14.1432 |
|        1 |        147 |           962.90 |       962.90 |       999.20 |                  5.00 |                    5.00 |    290 |    14.2060 |
|        1 |        148 |           962.90 |       962.90 |      1024.80 |                  5.00 |                    5.00 |    291 |    14.2534 |
|        1 |        149 |           962.90 |       962.90 |      1044.90 |                  5.00 |                    5.00 |    293 |    14.2955 |
|        1 |        150 |           962.90 |       962.90 |      1035.50 |                  5.00 |                    5.00 |    298 |    14.3610 |
|        1 |        151 |           962.90 |       962.90 |      1003.70 |                  5.00 |                    5.00 |    301 |    14.4352 |
|        1 |        152 |           962.90 |       962.90 |      1003.70 |                  5.00 |                    5.00 |    301 |    14.4829 |
|        1 |        153 |           962.90 |       962.90 |      1003.70 |                  5.00 |                    5.00 |    301 |    14.5396 |
|        1 |        154 |           962.90 |       962.90 |      1003.70 |                  5.00 |                    5.00 |    301 |    14.5875 |
|        1 |        155 |           962.90 |       962.90 |      1003.70 |                  5.00 |                    5.00 |    301 |    14.6355 |
|        1 |        156 |           962.90 |       962.90 |      1003.70 |                  5.00 |                    5.00 |    301 |    14.6677 |
|        1 |        157 |           962.90 |       962.90 |      1007.40 |                  5.00 |                    5.00 |    302 |    14.7273 |
|        1 |        158 |           962.90 |       962.90 |      1003.70 |                  5.00 |                    5.00 |    302 |    14.7745 |
|        1 |        159 |           962.90 |       962.90 |      1003.70 |                  5.00 |                    5.00 |    302 |    14.8274 |
|        1 |        160 |           962.90 |       962.90 |      1021.50 |                  5.00 |                    5.00 |    305 |    14.8660 |
|        1 |        161 |           962.90 |       962.90 |      1028.10 |                  5.00 |                    5.00 |    308 |    14.9095 |
|        1 |        162 |           962.90 |       962.90 |      1014.20 |                  5.00 |                    5.00 |    310 |    14.9487 |
|        1 |        163 |           962.90 |       962.90 |      1004.50 |                  5.00 |                    5.00 |    313 |    14.9910 |
|        1 |        164 |           962.90 |       962.90 |      1004.50 |                  5.00 |                    5.00 |    313 |    15.0534 |
|        1 |        165 |           962.90 |       962.90 |      1004.50 |                  5.00 |                    5.00 |    313 |    15.0857 |
|        1 |        166 |           962.90 |       962.90 |      1004.50 |                  5.00 |                    5.00 |    313 |    15.1338 |
|        1 |        167 |           962.90 |       962.90 |      1006.60 |                  5.00 |                    5.00 |    315 |    15.1932 |
|        1 |        168 |           962.90 |       962.90 |      1028.30 |                  5.00 |                    5.00 |    319 |    15.2786 |
|        1 |        169 |           962.90 |       962.90 |      1026.40 |                  5.00 |                    5.00 |    322 |    15.3386 |
|        1 |        170 |           962.90 |       962.90 |      1035.60 |                  5.00 |                    5.00 |    323 |    15.3977 |
|        1 |        171 |           962.90 |       962.90 |      1026.40 |                  5.00 |                    5.00 |    323 |    15.4458 |
|        1 |        172 |           962.90 |       962.90 |      1024.10 |                  5.00 |                    5.00 |    324 |    15.5083 |
|        1 |        173 |           962.90 |       962.90 |      1021.90 |                  5.00 |                    5.00 |    329 |    15.5907 |
|        1 |        174 |           962.90 |       962.90 |      1027.90 |                  5.00 |                    5.00 |    334 |    15.6399 |
|        1 |        175 |           962.90 |       962.90 |      1030.00 |                  5.00 |                    5.00 |    337 |    15.6864 |
|        1 |        176 |           962.90 |       962.90 |      1030.00 |                  5.00 |                    5.00 |    337 |    15.7372 |
|        1 |        177 |           962.90 |       962.90 |      1030.00 |                  5.00 |                    5.00 |    337 |    15.7862 |
|        1 |        178 |           962.90 |       962.90 |      1030.00 |                  5.00 |                    5.00 |    337 |    15.8251 |
|        1 |        179 |           962.90 |       962.90 |      1030.00 |                  5.00 |                    5.00 |    337 |    15.8635 |
|        1 |        180 |           962.90 |       962.90 |      1044.00 |                  5.00 |                    5.00 |    339 |    15.9087 |
|        1 |        181 |           962.90 |       962.90 |      1044.00 |                  5.00 |                    5.00 |    339 |    15.9639 |
|        1 |        182 |           962.90 |       962.90 |      1044.00 |                  5.00 |                    5.00 |    339 |    16.0026 |
|        1 |        183 |           962.90 |       962.90 |      1044.00 |                  5.00 |                    5.00 |    339 |    16.0433 |
|        1 |        184 |           962.90 |       962.90 |      1044.00 |                  5.00 |                    5.00 |    339 |    16.0793 |
|        1 |        185 |           962.90 |       962.90 |      1028.00 |                  5.00 |                    5.00 |    343 |    16.1639 |
|        1 |        186 |           962.90 |       962.90 |      1014.70 |                  5.00 |                    5.00 |    349 |    16.2657 |
|        1 |        187 |           962.90 |       962.90 |      1014.70 |                  5.00 |                    5.00 |    349 |    16.3125 |
|        1 |        188 |           962.90 |       962.90 |      1000.60 |                  5.00 |                    5.00 |    352 |    16.3659 |
|        1 |        189 |           962.90 |       962.90 |      1000.60 |                  5.00 |                    5.00 |    352 |    16.4067 |
|        1 |        190 |           962.90 |       962.90 |      1002.60 |                  5.00 |                    5.00 |    354 |    16.4512 |
|        1 |        191 |           962.90 |       962.90 |      1002.30 |                  5.00 |                    5.00 |    357 |    16.5043 |
|        1 |        192 |           962.90 |       962.90 |      1035.20 |                  5.00 |                    5.00 |    362 |    16.5585 |
|        1 |        193 |           962.90 |       962.90 |      1074.00 |                  5.00 |                    5.00 |    370 |    16.6060 |
|        1 |        194 |           962.90 |       962.90 |      1066.10 |                  5.00 |                    5.00 |    375 |    16.7119 |
|        1 |        195 |           962.90 |       962.90 |      1066.10 |                  5.00 |                    5.00 |    375 |    16.7384 |
|        1 |        196 |           962.90 |       962.90 |      1045.10 |                  5.00 |                    5.00 |    381 |    16.8196 |
|        1 |        197 |           962.90 |       962.90 |      1027.10 |                  5.00 |                    5.00 |    385 |    16.8679 |
|        1 |        198 |           962.90 |       962.90 |      1027.10 |                  5.00 |                    5.00 |    385 |    16.9141 |
|        1 |        199 |           962.90 |       962.90 |      1022.40 |                  5.00 |                    5.00 |    390 |    17.0314 |
|        1 |        200 |           962.90 |       962.90 |       981.80 |                  5.00 |                    5.00 |    394 |    17.1200 |
|        1 |        201 |           962.90 |       962.90 |       981.30 |                  5.00 |                    5.00 |    397 |    17.1797 |
|        1 |        202 |           962.90 |       962.90 |       981.30 |                  5.00 |                    5.00 |    397 |    17.2273 |
|        1 |        203 |           962.90 |       962.90 |       981.30 |                  5.00 |                    5.00 |    397 |    17.2848 |
|        1 |        204 |           962.90 |       962.90 |       981.30 |                  5.00 |                    5.00 |    397 |    17.3337 |
|        1 |        205 |           962.90 |       962.90 |       981.30 |                  5.00 |                    5.00 |    397 |    17.3762 |
|        1 |        206 |           962.90 |       962.90 |       981.30 |                  5.00 |                    5.00 |    397 |    17.4112 |
|        1 |        207 |           962.90 |       962.90 |       981.30 |                  5.00 |                    5.00 |    397 |    17.4555 |
|        1 |        208 |           962.90 |       962.90 |       981.30 |                  5.00 |                    5.00 |    397 |    17.4913 |
|        1 |        209 |           962.90 |       962.90 |       984.90 |                  5.00 |                    5.00 |    399 |    17.5408 |
|        1 |        210 |           962.90 |       962.90 |       983.10 |                  5.00 |                    5.00 |    402 |    17.6101 |
|        1 |        211 |           962.90 |       962.90 |      1007.50 |                  5.00 |                    5.00 |    408 |    17.6492 |
|        1 |        212 |           962.90 |       962.90 |      1012.50 |                  5.00 |                    5.00 |    410 |    17.6947 |
|        1 |        213 |           962.90 |       962.90 |      1015.70 |                  5.00 |                    5.00 |    411 |    17.7519 |
|        1 |        214 |           962.90 |       962.90 |      1040.20 |                  5.00 |                    5.00 |    416 |    17.7955 |
|        1 |        215 |           962.90 |       962.90 |      1037.60 |                  5.00 |                    5.00 |    422 |    17.8949 |
|        1 |        216 |           962.90 |       962.90 |      1036.00 |                  5.00 |                    5.00 |    424 |    17.9576 |
|        1 |        217 |           962.90 |       962.90 |      1032.00 |                  5.00 |                    5.00 |    426 |    18.0123 |
|        1 |        218 |           962.90 |       962.90 |      1032.00 |                  5.00 |                    5.00 |    426 |    18.0617 |
|        1 |        219 |           962.90 |       962.90 |      1032.00 |                  5.00 |                    5.00 |    426 |    18.1087 |
|        1 |        220 |           962.90 |       962.90 |      1032.00 |                  5.00 |                    5.00 |    426 |    18.1551 |
|        1 |        221 |           962.90 |       962.90 |      1032.00 |                  5.00 |                    5.00 |    426 |    18.2018 |
|        1 |        222 |           962.90 |       962.90 |      1024.10 |                  5.00 |                    5.00 |    429 |    18.3134 |
|        1 |        223 |           962.90 |       962.90 |      1026.80 |                  5.00 |                    5.00 |    429 |    18.3645 |
|        1 |        224 |           962.90 |       962.90 |      1026.70 |                  5.00 |                    5.00 |    433 |    18.4273 |
|        1 |        225 |           962.90 |       962.90 |      1001.00 |                  5.00 |                    5.00 |    434 |    18.4968 |
|        1 |        226 |           962.90 |       962.90 |      1001.00 |                  5.00 |                    5.00 |    434 |    18.5543 |
|        1 |        227 |           962.90 |       962.90 |      1001.00 |                  5.00 |                    5.00 |    434 |    18.6128 |
|        1 |        228 |           962.90 |       962.90 |      1001.00 |                  5.00 |                    5.00 |    434 |    18.6528 |
|        1 |        229 |           962.90 |       962.90 |      1001.00 |                  5.00 |                    5.00 |    434 |    18.7078 |
|        1 |        230 |           962.90 |       962.90 |       991.40 |                  5.00 |                    8.99 |    435 |    18.7823 |
|        1 |        231 |           962.90 |       962.90 |       993.27 |                  5.00 |                   10.29 |    436 |    18.8466 |
|        1 |        232 |           962.90 |       962.90 |       992.60 |                  5.00 |                    5.30 |    437 |    18.8984 |
|        1 |        233 |           962.90 |       962.90 |      1011.10 |                  5.00 |                    5.00 |    439 |    19.0136 |
|        1 |        234 |           962.90 |       962.90 |      1011.10 |                  5.00 |                    5.00 |    439 |    19.0638 |
|        1 |        235 |           962.90 |       962.90 |      1011.10 |                  5.00 |                    5.36 |    439 |    19.1220 |
|        1 |        236 |           962.90 |       962.90 |      1011.10 |                  5.00 |                    5.00 |    439 |    19.1618 |
|        1 |        237 |           962.90 |       962.90 |      1011.10 |                  5.00 |                    5.00 |    439 |    19.1958 |
|        1 |        238 |           962.90 |       962.90 |      1011.10 |                  5.00 |                    5.00 |    439 |    19.2287 |
|        1 |        239 |           962.90 |       962.90 |      1011.10 |                  5.00 |                    5.00 |    439 |    19.2857 |
|        1 |        240 |           962.90 |       962.90 |      1010.70 |                  5.00 |                    5.00 |    440 |    19.3571 |
|        1 |        241 |           962.90 |       962.90 |      1056.10 |                  5.00 |                    5.00 |    446 |    19.4186 |
|        1 |        242 |           962.90 |       962.90 |      1048.70 |                  5.00 |                    5.00 |    449 |    19.5200 |
|        1 |        243 |           962.90 |       962.90 |      1021.60 |                  5.00 |                    5.00 |    453 |    19.6338 |
|        1 |        244 |           962.90 |       962.90 |      1024.80 |                  5.00 |                    5.00 |    453 |    19.6830 |
|        1 |        245 |           962.90 |       962.90 |      1013.90 |                  5.00 |                    5.00 |    455 |    19.7276 |
|        1 |        246 |           962.90 |       962.90 |      1013.90 |                  5.00 |                    5.00 |    455 |    19.7775 |
|        1 |        247 |           962.90 |       962.90 |      1013.90 |                  5.00 |                    5.00 |    455 |    19.8130 |
|        1 |        248 |           962.90 |       962.90 |      1021.00 |                  5.00 |                    5.00 |    458 |    19.8605 |
|        1 |        249 |           962.90 |       962.90 |      1022.80 |                  5.00 |                    5.00 |    459 |    19.9108 |
|        1 |        250 |           962.90 |       962.90 |      1019.90 |                  5.00 |                    5.00 |    462 |    19.9767 |
------------------------------------------------------------------------------------------------------------------------------------------------
|  Restart |  Iteration |  Best Feas. Cost |    Best Cost |   Curr. Cost |   Penalty Custom Res. |   Penalty Standard Res. |   Pool |   Time (s) |
------------------------------------------------------------------------------------------------------------------------------------------------
|        1 |        251 |           962.90 |       962.90 |      1036.30 |                  5.00 |                    5.00 |    466 |    20.0714 |
|        1 |        252 |           962.90 |       962.90 |      1036.30 |                  5.00 |                    5.00 |    466 |    20.1207 |
|        1 |        253 |           962.90 |       962.90 |      1035.80 |                  5.00 |                    5.00 |    467 |    20.1881 |
|        1 |        254 |           962.90 |       962.90 |      1045.90 |                  5.00 |                    5.00 |    471 |    20.2378 |
|        1 |        255 |           962.90 |       962.90 |      1041.50 |                  5.00 |                    5.00 |    475 |    20.3070 |
|        1 |        256 |           962.90 |       962.90 |      1055.40 |                  5.00 |                    5.00 |    482 |    20.3637 |
|        1 |        257 |           962.90 |       962.90 |      1017.40 |                  5.00 |                    5.00 |    484 |    20.4810 |
|        1 |        258 |           962.90 |       962.90 |      1017.40 |                  5.00 |                    5.00 |    484 |    20.5286 |
|        1 |        259 |           962.90 |       962.90 |      1017.40 |                  5.00 |                    5.00 |    484 |    20.5698 |
|        1 |        260 |           962.90 |       962.90 |      1019.10 |                  5.00 |                    5.00 |    490 |    20.7060 |
|        1 |        261 |           962.90 |       962.90 |      1016.70 |                  5.00 |                    5.00 |    492 |    20.7485 |
|        1 |        262 |           962.90 |       962.90 |      1043.90 |                  5.00 |                    5.00 |    498 |    20.8059 |
|        1 |        263 |           962.90 |       962.90 |      1032.60 |                  5.00 |                    5.00 |    505 |    20.9659 |
|        1 |        264 |           962.90 |       962.90 |      1040.30 |                  5.00 |                    5.00 |    506 |    21.0159 |
|        1 |        265 |           962.90 |       962.90 |      1047.20 |                  5.00 |                    5.00 |    507 |    21.0670 |
|        1 |        266 |           962.90 |       962.90 |      1007.30 |                  5.00 |                    5.00 |    510 |    21.1920 |
|        1 |        267 |           962.90 |       962.90 |      1036.20 |                  5.00 |                    5.00 |    513 |    21.2527 |
|        1 |        268 |           962.90 |       962.90 |      1078.90 |                  5.00 |                    5.00 |    516 |    21.3123 |
|        1 |        269 |           962.90 |       962.90 |      1077.10 |                  5.00 |                    5.00 |    516 |    21.3595 |
|        1 |        270 |           962.90 |       962.90 |      1045.30 |                  5.00 |                    5.00 |    517 |    21.4251 |
|        1 |        271 |           962.90 |       962.90 |      1045.30 |                  5.00 |                    5.00 |    517 |    21.4639 |
|        1 |        272 |           962.90 |       962.90 |      1042.00 |                  5.00 |                    5.00 |    519 |    21.5164 |
|        1 |        273 |           962.90 |       962.90 |      1014.00 |                  5.00 |                    5.00 |    521 |    21.6506 |
|        1 |        274 |           962.90 |       962.90 |      1014.00 |                  5.00 |                    5.00 |    521 |    21.7071 |
|        1 |        275 |           962.90 |       962.90 |      1014.00 |                  5.00 |                    5.00 |    521 |    21.7546 |
|        1 |        276 |           962.90 |       962.90 |      1014.00 |                  5.00 |                    5.00 |    521 |    21.7918 |
|        1 |        277 |           962.90 |       962.90 |      1014.00 |                  5.00 |                    5.00 |    521 |    21.8393 |
|        1 |        278 |           962.90 |       962.90 |      1014.00 |                  5.00 |                    5.00 |    521 |    21.8873 |
|        1 |        279 |           962.90 |       962.90 |      1041.10 |                  5.00 |                    5.00 |    522 |    21.9369 |
|        1 |        280 |           962.90 |       962.90 |      1012.90 |                  5.00 |                    5.00 |    522 |    22.0070 |
|        1 |        281 |           962.90 |       962.90 |      1012.90 |                  5.00 |                    5.00 |    522 |    22.0714 |
|        1 |        282 |           962.90 |       962.90 |      1012.90 |                  5.00 |                    5.00 |    522 |    22.1210 |
|        1 |        283 |           962.90 |       962.90 |      1012.90 |                  5.00 |                    5.00 |    522 |    22.1759 |
|        1 |        284 |           962.90 |       962.90 |      1012.90 |                  5.00 |                    5.00 |    522 |    22.2403 |
|        1 |        285 |           962.90 |       962.90 |      1012.90 |                  5.00 |                    5.00 |    522 |    22.3027 |
|        1 |        286 |           962.90 |       962.90 |      1012.90 |                  5.00 |                    5.00 |    522 |    22.3513 |
|        1 |        287 |           962.90 |       962.90 |      1012.90 |                  5.00 |                    5.00 |    522 |    22.4058 |
|        1 |        288 |           962.90 |       962.90 |      1015.30 |                  5.00 |                    5.00 |    523 |    22.4585 |
|        1 |        289 |           962.90 |       962.90 |      1012.90 |                  5.00 |                    5.00 |    523 |    22.5168 |
|        1 |        290 |           962.90 |       962.90 |      1012.90 |                  5.00 |                    5.00 |    523 |    22.5571 |
|        1 |        291 |           962.90 |       962.90 |      1011.70 |                  5.00 |                    5.00 |    523 |    22.6256 |
|        1 |        292 |           962.90 |       962.90 |      1011.70 |                  5.00 |                    5.00 |    523 |    22.6737 |
|        1 |        293 |           962.90 |       962.90 |      1006.70 |                  5.00 |                    5.00 |    523 |    22.7846 |
|        1 |        294 |           962.90 |       962.90 |      1006.70 |                  5.00 |                    5.00 |    523 |    22.8411 |
|        1 |        295 |           962.90 |       962.90 |      1009.90 |                  5.00 |                    5.00 |    523 |    22.8801 |
|        1 |        296 |           962.90 |       962.90 |      1029.20 |                  5.00 |                    5.00 |    525 |    22.9478 |
|        1 |        297 |           962.90 |       962.90 |      1029.20 |                  5.00 |                    5.00 |    525 |    23.0035 |
|        1 |        298 |           962.90 |       962.90 |      1032.20 |                  5.00 |                    5.00 |    525 |    23.0631 |
|        1 |        299 |           962.90 |       962.90 |      1031.20 |                  5.00 |                    5.00 |    527 |    23.1096 |
|        1 |        300 |           962.90 |       962.90 |      1052.60 |                  5.00 |                    5.00 |    529 |    23.1698 |
|        1 |        301 |           962.90 |       962.90 |      1052.60 |                  5.00 |                    5.00 |    529 |    23.2036 |
|        1 |        302 |           962.90 |       962.90 |      1050.60 |                  5.00 |                    5.00 |    529 |    23.2668 |
|        1 |        303 |           962.90 |       962.90 |      1026.20 |                  5.00 |                    5.00 |    530 |    23.3522 |
|        1 |        304 |           962.90 |       962.90 |      1026.20 |                  5.00 |                    5.00 |    530 |    23.4156 |
|        1 |        305 |           962.90 |       962.90 |      1032.10 |                  5.00 |                    5.00 |    531 |    23.4582 |
|        1 |        306 |           962.90 |       962.90 |      1032.10 |                  5.00 |                    5.00 |    531 |    23.5039 |
|        1 |        307 |           962.90 |       962.90 |      1032.10 |                  5.00 |                    5.00 |    533 |    23.5592 |
|        1 |        308 |           962.90 |       962.90 |      1031.10 |                  5.00 |                    5.00 |    537 |    23.6600 |
|        1 |        309 |           962.90 |       962.90 |      1028.00 |                  5.00 |                    5.00 |    538 |    23.7156 |
|        1 |        310 |           962.90 |       962.90 |      1018.70 |                  5.00 |                    5.00 |    542 |    23.7977 |
|        1 |        311 |           962.90 |       962.90 |      1018.70 |                  5.00 |                    5.00 |    542 |    23.8668 |
|        1 |        312 |           962.90 |       962.90 |      1018.70 |                  5.00 |                    5.00 |    542 |    23.9371 |
|        1 |        313 |           962.90 |       962.90 |      1018.70 |                  5.00 |                    5.00 |    542 |    24.0650 |
|        1 |        314 |           962.90 |       962.90 |      1016.30 |                  5.00 |                    5.00 |    544 |    24.1320 |
|        1 |        315 |           962.90 |       962.90 |      1016.30 |                  5.00 |                    5.00 |    544 |    24.2280 |
|        1 |        316 |           962.90 |       962.90 |      1016.30 |                  5.00 |                    5.00 |    544 |    24.2674 |
|        1 |        317 |           962.90 |       962.90 |      1017.10 |                  5.00 |                    5.00 |    545 |    24.3123 |
|        1 |        318 |           962.90 |       962.90 |      1015.80 |                  5.00 |                    5.00 |    548 |    24.4074 |
|        1 |        319 |           962.90 |       962.90 |      1015.80 |                  5.00 |                    5.00 |    548 |    24.4758 |
|        1 |        320 |           962.90 |       962.90 |      1013.80 |                  5.00 |                    5.00 |    550 |    24.5352 |
|        1 |        321 |           962.90 |       962.90 |      1049.10 |                  5.00 |                    5.00 |    551 |    24.5874 |
|        1 |        322 |           962.90 |       962.90 |      1072.10 |                  5.00 |                    5.00 |    553 |    24.6299 |
|        1 |        323 |           962.90 |       962.90 |      1072.10 |                  5.00 |                    5.00 |    553 |    24.6904 |
|        1 |        324 |           962.90 |       962.90 |      1045.00 |                  5.00 |                    5.00 |    555 |    24.8036 |
|        1 |        325 |           962.90 |       962.90 |      1058.20 |                  5.00 |                    5.00 |    557 |    24.8588 |
|        1 |        326 |           962.90 |       962.90 |      1054.00 |                  5.00 |                    5.00 |    560 |    24.9820 |
|        1 |        327 |           962.90 |       962.90 |      1035.30 |                  5.00 |                    5.00 |    564 |    25.0841 |
|        1 |        328 |           962.90 |       962.90 |      1035.30 |                  5.00 |                    5.00 |    564 |    25.1313 |
|        1 |        329 |           962.90 |       962.90 |      1035.30 |                  5.00 |                    5.00 |    564 |    25.1816 |
|        1 |        330 |           962.90 |       962.90 |      1078.40 |                  5.00 |                    5.00 |    567 |    25.2458 |
|        1 |        331 |           962.90 |       962.90 |      1037.80 |                  5.00 |                    5.00 |    570 |    25.3497 |
|        1 |        332 |           962.90 |       962.90 |      1029.00 |                  5.00 |                    5.00 |    575 |    25.5316 |
|        1 |        333 |           962.90 |       962.90 |      1029.00 |                  5.00 |                    5.00 |    575 |    25.5920 |
|        1 |        334 |           962.90 |       962.90 |      1023.60 |                  5.00 |                    5.00 |    578 |    25.6597 |
|        1 |        335 |           962.90 |       962.90 |      1023.60 |                  5.00 |                    5.00 |    578 |    25.7141 |
|        1 |        336 |           962.90 |       962.90 |      1023.60 |                  5.00 |                    5.00 |    578 |    25.7526 |
|        1 |        337 |           962.90 |       962.90 |      1015.30 |                  5.00 |                    5.00 |    580 |    25.8250 |
|        1 |        338 |           962.90 |       962.90 |      1015.30 |                  5.00 |                    5.00 |    580 |    25.8709 |
|        1 |        339 |           962.90 |       962.90 |      1015.30 |                  5.00 |                    5.00 |    580 |    25.8999 |
|        1 |        340 |           962.90 |       962.90 |      1015.30 |                  5.00 |                    5.00 |    580 |    25.9301 |
|        1 |        341 |           962.90 |       962.90 |      1015.30 |                  5.00 |                    5.00 |    580 |    25.9739 |
|        1 |        342 |           962.90 |       962.90 |      1015.30 |                  5.00 |                    5.00 |    580 |    26.0166 |
|        1 |        343 |           962.90 |       962.90 |      1027.00 |                  5.00 |                    5.00 |    582 |    26.0675 |
|        1 |        344 |           962.90 |       962.90 |      1059.60 |                  5.00 |                    5.00 |    588 |    26.1253 |
|        1 |        345 |           962.90 |       962.90 |      1044.20 |                  5.00 |                    5.00 |    590 |    26.1905 |
|        1 |        346 |           962.90 |       962.90 |      1044.20 |                  5.00 |                    5.00 |    590 |    26.2285 |
|        1 |        347 |           962.90 |       962.90 |      1044.20 |                  5.00 |                    5.00 |    590 |    26.2659 |
|        1 |        348 |           962.90 |       962.90 |      1044.20 |                  5.00 |                    5.00 |    590 |    26.3113 |
|        1 |        349 |           962.90 |       962.90 |      1041.10 |                  5.00 |                    5.57 |    590 |    26.3839 |
|        1 |        350 |           962.90 |       962.90 |      1041.10 |                  5.00 |                    5.00 |    590 |    26.4308 |
|        1 |        351 |           962.90 |       962.90 |      1041.10 |                  5.00 |                    5.00 |    590 |    26.4676 |
|        1 |        352 |           962.90 |       962.90 |      1041.10 |                  5.00 |                    5.00 |    590 |    26.5098 |
|        1 |        353 |           962.90 |       962.90 |      1039.10 |                  5.00 |                    5.00 |    590 |    26.6054 |
|        1 |        354 |           962.90 |       962.90 |      1039.10 |                  5.00 |                    5.00 |    590 |    26.6540 |
|        1 |        355 |           962.90 |       962.90 |      1039.10 |                  5.00 |                    5.00 |    590 |    26.7030 |
|        1 |        356 |           962.90 |       962.90 |      1039.10 |                  5.00 |                    5.00 |    590 |    26.7444 |
|        1 |        357 |           962.90 |       962.90 |      1048.30 |                  5.00 |                    5.00 |    593 |    26.8044 |
|        1 |        358 |           962.90 |       962.90 |      1024.10 |                  5.00 |                    5.00 |    593 |    26.8673 |
|        1 |        359 |           962.90 |       962.90 |      1024.10 |                  5.00 |                    5.00 |    593 |    26.9157 |
|        1 |        360 |           962.90 |       962.90 |      1024.10 |                  5.00 |                    5.00 |    593 |    26.9507 |
|        1 |        361 |           962.90 |       962.90 |      1024.10 |                  5.00 |                    5.00 |    593 |    26.9966 |
|        1 |        362 |           962.90 |       962.90 |      1024.50 |                  5.00 |                    5.00 |    594 |    27.0458 |
|        1 |        363 |           962.90 |       962.90 |      1024.50 |                  5.00 |                    5.00 |    594 |    27.0767 |
|        1 |        364 |           962.90 |       962.90 |      1021.90 |                  5.00 |                    5.00 |    599 |    27.1313 |
|        1 |        365 |           962.90 |       962.90 |      1021.40 |                  5.00 |                    5.00 |    601 |    27.2219 |
|        1 |        366 |           962.90 |       962.90 |      1021.40 |                  5.00 |                    5.00 |    601 |    27.2620 |
|        1 |        367 |           962.90 |       962.90 |      1007.30 |                  5.00 |                    5.00 |    603 |    27.3395 |
|        1 |        368 |           962.90 |       962.90 |      1009.70 |                  5.00 |                    5.00 |    604 |    27.3921 |
|        1 |        369 |           962.90 |       962.90 |      1009.70 |                  5.00 |                    5.00 |    604 |    27.4369 |
|        1 |        370 |           962.90 |       962.90 |      1009.70 |                  5.00 |                    5.00 |    604 |    27.4658 |
|        1 |        371 |           962.90 |       962.90 |      1009.70 |                  5.00 |                    5.00 |    604 |    27.4985 |
|        1 |        372 |           962.90 |       962.90 |      1009.70 |                  5.00 |                    5.00 |    604 |    27.5395 |
|        1 |        373 |           962.90 |       962.90 |      1009.70 |                  5.00 |                    5.00 |    604 |    27.5905 |
|        1 |        374 |           962.90 |       962.90 |      1009.70 |                  5.00 |                    5.00 |    604 |    27.6425 |
|        1 |        375 |           962.90 |       962.90 |      1009.70 |                  5.00 |                    5.00 |    604 |    27.7003 |
|        1 |        376 |           962.90 |       962.90 |      1009.70 |                  5.00 |                    5.00 |    604 |    27.7393 |
|        1 |        377 |           962.90 |       962.90 |      1009.70 |                  5.00 |                    5.00 |    604 |    27.7866 |
|        1 |        378 |           962.90 |       962.90 |      1009.70 |                  5.00 |                    5.00 |    604 |    27.8341 |
|        1 |        379 |           962.90 |       962.90 |      1007.30 |                  5.00 |                    5.00 |    604 |    27.9057 |
|        1 |        380 |           962.90 |       962.90 |      1027.60 |                  5.00 |                    5.00 |    605 |    27.9523 |
|        1 |        381 |           962.90 |       962.90 |      1027.60 |                  5.00 |                    5.00 |    605 |    28.0098 |
|        1 |        382 |           962.90 |       962.90 |      1023.30 |                  5.00 |                    5.00 |    606 |    28.0605 |
|        1 |        383 |           962.90 |       962.90 |      1023.30 |                  5.00 |                    5.00 |    606 |    28.1162 |
|        1 |        384 |           962.90 |       962.90 |      1022.40 |                  5.00 |                    5.00 |    607 |    28.1578 |
|        1 |        385 |           962.90 |       962.90 |      1027.50 |                  5.00 |                    5.00 |    607 |    28.1981 |
|        1 |        386 |           962.90 |       962.90 |      1027.50 |                  5.00 |                    5.00 |    607 |    28.2340 |
|        1 |        387 |           962.90 |       962.90 |      1048.80 |                  5.00 |                    5.00 |    609 |    28.2885 |
|        1 |        388 |           962.90 |       962.90 |      1046.40 |                  5.00 |                    5.00 |    610 |    28.3251 |
|        1 |        389 |           962.90 |       962.90 |      1044.50 |                  5.00 |                    5.00 |    614 |    28.3851 |
|        1 |        390 |           962.90 |       962.90 |      1022.20 |                  5.00 |                    5.00 |    618 |    28.4712 |
|        1 |        391 |           962.90 |       962.90 |      1031.20 |                  5.00 |                    5.00 |    622 |    28.5180 |
|        1 |        392 |           962.90 |       962.90 |      1019.10 |                  5.00 |                    5.00 |    626 |    28.5867 |
|        1 |        393 |           962.90 |       962.90 |      1001.40 |                  5.00 |                    5.00 |    628 |    28.6711 |
|        1 |        394 |           962.90 |       962.90 |      1001.40 |                  5.00 |                    5.00 |    628 |    28.7190 |
|        1 |        395 |           962.90 |       962.90 |      1024.50 |                  5.00 |                    5.00 |    631 |    28.7513 |
|        1 |        396 |           962.90 |       962.90 |      1021.30 |                  5.00 |                    5.00 |    631 |    28.7875 |
|        1 |        397 |           962.90 |       962.90 |      1021.30 |                  5.00 |                    5.00 |    631 |    28.8236 |
|        1 |        398 |           962.90 |       962.90 |       999.30 |                  5.00 |                    5.00 |    634 |    28.9300 |
|        1 |        399 |           962.90 |       962.90 |       999.30 |                  5.00 |                    5.00 |    634 |    28.9786 |
|        1 |        400 |           962.90 |       962.90 |       999.30 |                  5.00 |                    5.00 |    634 |    29.0196 |
|        1 |        401 |           962.90 |       962.90 |      1005.70 |                  5.00 |                    5.00 |    637 |    29.0995 |
|        1 |        402 |           962.90 |       962.90 |      1005.70 |                  5.00 |                    5.57 |    637 |    29.1618 |
|        1 |        403 |           962.90 |       962.90 |      1008.20 |                  5.00 |                    5.00 |    637 |    29.2155 |
|        1 |        404 |           962.90 |       962.90 |      1005.00 |                  5.00 |                    5.00 |    637 |    29.2641 |
|        1 |        405 |           962.90 |       962.90 |      1002.50 |                  5.00 |                    5.00 |    637 |    29.3238 |
|        1 |        406 |           962.90 |       962.90 |       996.10 |                  5.00 |                    5.00 |    637 |    29.3756 |
|        1 |        407 |           962.90 |       962.90 |       996.10 |                  5.00 |                    5.00 |    637 |    29.4230 |
|        1 |        408 |           962.90 |       962.90 |       996.10 |                  5.00 |                    5.00 |    637 |    29.4725 |
|        1 |        409 |           962.90 |       962.90 |       995.70 |                  5.00 |                    5.00 |    638 |    29.5903 |
|        1 |        410 |           962.90 |       962.90 |      1001.00 |                  5.00 |                    5.00 |    640 |    29.6672 |
|        1 |        411 |           962.90 |       962.90 |      1001.00 |                  5.00 |                    5.00 |    640 |    29.7194 |
|        1 |        412 |           962.90 |       962.90 |      1001.00 |                  5.00 |                    5.00 |    640 |    29.7658 |
|        1 |        413 |           962.90 |       962.90 |      1001.00 |                  5.00 |                    5.00 |    640 |    29.8156 |
|        1 |        414 |           962.90 |       962.90 |       999.40 |                  5.00 |                    5.00 |    642 |    29.9103 |
|        1 |        415 |           962.90 |       962.90 |      1000.70 |                  5.00 |                    5.00 |    644 |    29.9558 |
|        1 |        416 |           962.90 |       962.90 |      1003.90 |                  5.00 |                    5.00 |    644 |    30.0118 |
|        1 |        417 |           962.90 |       962.90 |      1003.90 |                  5.00 |                    5.00 |    644 |    30.0545 |
|        1 |        418 |           962.90 |       962.90 |      1003.90 |                  5.00 |                    5.00 |    644 |    30.1132 |
|        1 |        419 |           962.90 |       962.90 |      1003.90 |                  5.00 |                    5.00 |    644 |    30.1611 |
|        1 |        420 |           962.90 |       962.90 |      1003.90 |                  5.00 |                    5.00 |    644 |    30.1888 |
|        1 |        421 |           962.90 |       962.90 |      1003.90 |                  5.00 |                    5.00 |    644 |    30.2627 |
|        1 |        422 |           962.90 |       962.90 |      1003.90 |                  5.00 |                    5.00 |    644 |    30.3210 |
|        1 |        423 |           962.90 |       962.90 |       998.50 |                  5.00 |                    5.00 |    644 |    30.3845 |
|        1 |        424 |           962.90 |       962.90 |       998.50 |                  5.00 |                    5.00 |    644 |    30.4173 |
|        1 |        425 |           962.90 |       962.90 |       998.50 |                  5.00 |                    5.00 |    644 |    30.4808 |
|        1 |        426 |           962.90 |       962.90 |      1017.50 |                  5.00 |                    5.00 |    649 |    30.5485 |
|        1 |        427 |           962.90 |       962.90 |      1017.50 |                  5.00 |                    5.00 |    649 |    30.5924 |
|        1 |        428 |           962.90 |       962.90 |       995.20 |                  5.00 |                    5.00 |    651 |    30.7360 |
|        1 |        429 |           962.90 |       962.90 |      1008.20 |                  5.00 |                    5.00 |    652 |    30.8020 |
|        1 |        430 |           962.90 |       962.90 |      1004.74 |                  5.00 |                    8.31 |    652 |    30.8570 |
|        1 |        431 |           962.90 |       962.90 |      1007.50 |                  5.00 |                    8.36 |    652 |    30.8947 |
|        1 |        432 |           962.90 |       962.90 |      1023.20 |                  5.00 |                    8.16 |    655 |    30.9505 |
|        1 |        433 |           962.90 |       962.90 |      1028.70 |                  5.00 |                    5.00 |    657 |    31.0176 |
|        1 |        434 |           962.90 |       962.90 |      1028.70 |                  5.00 |                    5.00 |    657 |    31.0575 |
|        1 |        435 |           962.90 |       962.90 |      1024.80 |                  5.00 |                    5.00 |    662 |    31.1775 |
|        1 |        436 |           962.90 |       962.90 |      1023.90 |                  5.00 |                    5.00 |    664 |    31.2259 |
|        1 |        437 |           962.90 |       962.90 |      1023.90 |                  5.00 |                    5.00 |    665 |    31.2668 |
|        1 |        438 |           962.90 |       962.90 |      1023.90 |                  5.00 |                    5.00 |    665 |    31.3180 |
|        1 |        439 |           962.90 |       962.90 |      1007.30 |                  5.00 |                    5.00 |    667 |    31.3753 |
|        1 |        440 |           962.90 |       962.90 |      1000.40 |                  5.00 |                    5.00 |    671 |    31.4448 |
|        1 |        441 |           962.90 |       962.90 |       977.84 |                  5.00 |                    9.74 |    673 |    31.5166 |
|        1 |        442 |           962.90 |       962.90 |       989.01 |                  5.00 |                    6.25 |    674 |    31.5671 |
|        1 |        443 |           962.90 |       962.90 |       986.44 |                  5.00 |                   12.05 |    674 |    31.6130 |
|        1 |        444 |           962.90 |       962.90 |       990.48 |                  5.00 |                   17.93 |    674 |    31.6527 |
|        1 |        445 |           962.90 |       962.90 |      1005.90 |                  5.00 |                    5.00 |    677 |    31.7643 |
|        1 |        446 |           962.90 |       962.90 |      1009.70 |                  5.00 |                    5.00 |    679 |    31.8279 |
|        1 |        447 |           962.90 |       962.90 |      1009.70 |                  5.00 |                    5.00 |    679 |    31.8818 |
|        1 |        448 |           962.90 |       962.90 |      1009.70 |                  5.00 |                    5.00 |    679 |    31.9221 |
|        1 |        449 |           962.90 |       962.90 |      1017.20 |                  5.00 |                    5.00 |    683 |    31.9860 |
|        1 |        450 |           962.90 |       962.90 |      1017.20 |                  5.00 |                    5.00 |    683 |    32.0281 |
|        1 |        451 |           962.90 |       962.90 |      1017.20 |                  5.00 |                    5.00 |    683 |    32.0747 |
|        1 |        452 |           962.90 |       962.90 |      1024.40 |                  5.00 |                    5.00 |    690 |    32.1772 |
|        1 |        453 |           962.90 |       962.90 |      1022.80 |                  5.00 |                    5.00 |    694 |    32.2490 |
|        1 |        454 |           962.90 |       962.90 |      1022.80 |                  5.00 |                    5.00 |    694 |    32.2939 |
|        1 |        455 |           962.90 |       962.90 |      1018.00 |                  5.00 |                    5.00 |    696 |    32.3386 |
|        1 |        456 |           962.90 |       962.90 |      1037.57 |                  5.00 |                    5.84 |    700 |    32.4019 |
|        1 |        457 |           962.90 |       962.90 |      1018.99 |                  5.00 |                    6.55 |    702 |    32.4699 |
|        1 |        458 |           962.90 |       962.90 |      1031.80 |                  5.00 |                    5.26 |    707 |    32.5360 |
|        1 |        459 |           962.90 |       962.90 |      1031.80 |                  5.00 |                    5.00 |    707 |    32.5826 |
|        1 |        460 |           962.90 |       962.90 |      1031.29 |                  5.00 |                    8.47 |    712 |    32.6591 |
|        1 |        461 |           962.90 |       962.90 |      1031.89 |                  5.00 |                   13.92 |    712 |    32.7021 |
|        1 |        462 |           962.90 |       962.90 |      1027.00 |                  5.00 |                   10.44 |    713 |    32.8138 |
|        1 |        463 |           962.90 |       962.90 |      1025.30 |                  5.00 |                    5.00 |    716 |    32.8899 |
|        1 |        464 |           962.90 |       962.90 |      1022.86 |                  5.00 |                    8.64 |    716 |    32.9544 |
|        1 |        465 |           962.90 |       962.90 |      1023.20 |                  5.00 |                   10.18 |    719 |    33.0439 |
|        1 |        466 |           962.90 |       962.90 |      1021.27 |                  5.00 |                   10.42 |    722 |    33.1354 |
|        1 |        467 |           962.90 |       962.90 |      1021.30 |                  5.00 |                    6.83 |    722 |    33.1739 |
|        1 |        468 |           962.90 |       962.90 |      1025.65 |                  5.00 |                   12.13 |    725 |    33.2511 |
|        1 |        469 |           962.90 |       962.90 |      1026.75 |                  5.00 |                   16.80 |    725 |    33.3071 |
|        1 |        470 |           962.90 |       962.90 |      1026.80 |                  5.00 |                   20.05 |    727 |    33.3550 |
|        1 |        471 |           962.90 |       962.90 |      1049.90 |                  5.00 |                    7.34 |    732 |    33.4241 |
|        1 |        472 |           962.90 |       962.90 |      1049.90 |                  5.00 |                    5.00 |    732 |    33.4613 |
|        1 |        473 |           962.90 |       962.90 |      1049.90 |                  5.00 |                    5.00 |    732 |    33.5099 |
|        1 |        474 |           962.90 |       962.90 |      1044.60 |                  5.00 |                    5.00 |    735 |    33.5631 |
|        1 |        475 |           962.90 |       962.90 |      1044.60 |                  5.00 |                    5.00 |    735 |    33.5980 |
|        1 |        476 |           962.90 |       962.90 |      1046.00 |                  5.00 |                    5.00 |    738 |    33.6329 |
|        1 |        477 |           962.90 |       962.90 |      1040.00 |                  5.00 |                    7.08 |    743 |    33.6881 |
|        1 |        478 |           962.90 |       962.90 |      1018.90 |                  5.00 |                    5.62 |    747 |    33.7827 |
|        1 |        479 |           962.90 |       962.90 |      1044.50 |                  5.00 |                    5.00 |    752 |    33.8314 |
|        1 |        480 |           962.90 |       962.90 |      1045.30 |                  5.00 |                    5.00 |    753 |    33.9068 |
|        1 |        481 |           962.90 |       962.90 |      1045.30 |                  5.00 |                    5.00 |    753 |    33.9546 |
|        1 |        482 |           962.90 |       962.90 |      1042.70 |                  5.00 |                    5.00 |    755 |    34.0350 |
|        1 |        483 |           962.90 |       962.90 |      1025.17 |                  5.00 |                   10.76 |    756 |    34.1488 |
|        1 |        484 |           962.90 |       962.90 |      1026.36 |                  5.00 |                   19.14 |    757 |    34.2136 |
|        1 |        485 |           962.90 |       962.90 |      1017.40 |                  5.00 |                    8.56 |    760 |    34.2820 |
|        1 |        486 |           962.90 |       962.90 |      1012.32 |                  5.00 |                   10.62 |    761 |    34.3494 |
|        1 |        487 |           962.90 |       962.90 |      1010.07 |                  5.00 |                    6.57 |    761 |    34.4854 |
|        1 |        488 |           962.90 |       962.90 |      1009.68 |                  5.00 |                    9.98 |    761 |    34.5249 |
|        1 |        489 |           962.90 |       962.90 |      1010.10 |                  5.00 |                    6.53 |    761 |    34.5812 |
|        1 |        490 |           962.90 |       962.90 |      1012.17 |                  5.00 |                    5.00 |    763 |    34.6263 |
|        1 |        491 |           962.90 |       962.90 |      1010.96 |                  5.00 |                   10.12 |    763 |    34.6890 |
|        1 |        492 |           962.90 |       962.90 |      1011.54 |                  5.00 |                    5.53 |    763 |    34.7519 |
|        1 |        493 |           962.90 |       962.90 |      1010.71 |                  5.00 |                    9.36 |    763 |    34.7930 |
|        1 |        494 |           962.90 |       962.90 |      1015.75 |                  5.00 |                   10.41 |    764 |    34.8464 |
|        1 |        495 |           962.90 |       962.90 |      1015.80 |                  5.00 |                    9.87 |    765 |    34.8922 |
|        1 |        496 |           962.90 |       962.90 |      1015.68 |                  5.00 |                    9.65 |    765 |    34.9359 |
|        1 |        497 |           962.90 |       962.90 |      1015.71 |                  5.00 |                   10.10 |    765 |    34.9961 |
|        1 |        498 |           962.90 |       962.90 |      1020.70 |                  5.00 |                    5.75 |    766 |    35.0403 |
|        1 |        499 |           962.90 |       962.90 |      1019.78 |                  5.00 |                    5.00 |    766 |    35.0968 |
|        1 |        500 |           962.90 |       962.90 |      1019.72 |                  5.00 |                    5.00 |    766 |    35.1465 |
------------------------------------------------------------------------------------------------------------------------------------------------
Version identifier: 22.1.2.0 | 2024-11-26 | 0edbb82fd
CPXPARAM_MIP_Tolerances_UpperCutoff              963.00000000002035
Tried aggregator 1 time.
MIP Presolve eliminated 9 rows and 38 columns.
MIP Presolve modified 225 coefficients.
Reduced MIP has 92 rows, 728 columns, and 7621 nonzeros.
Reduced MIP has 728 binaries, 0 generals, 0 SOSs, and 0 indicators.
Presolve time = 0.00 sec. (6.42 ticks)
Probing fixed 7 vars, tightened 0 bounds.
Probing time = 0.01 sec. (12.58 ticks)
Tried aggregator 1 time.
Detecting symmetries...
MIP Presolve eliminated 1 rows and 12 columns.
Reduced MIP has 91 rows, 716 columns, and 7442 nonzeros.
Reduced MIP has 716 binaries, 0 generals, 0 SOSs, and 0 indicators.
Presolve time = 0.00 sec. (5.41 ticks)
Probing time = 0.00 sec. (2.71 ticks)
Clique table members: 940.
MIP emphasis: balance optimality and feasibility.
MIP search method: dynamic search.
Parallel mode: deterministic, using up to 8 threads.
Root relaxation solution time = 0.00 sec. (7.33 ticks)

        Nodes                                         Cuts/
   Node  Left     Objective  IInf  Best Integer    Best Bound    ItCnt     Gap

      0     0      958.9500     7                    958.9500      216         
*     0+    0                          962.2000      958.9500             0.34%
      0     0        cutoff            962.2000                    252    0.00%
Elapsed time = 0.04 sec. (43.63 ticks, tree = 0.01 MB, solutions = 1)
objective_value(sp) = 962.1999999999999
 38.707983 seconds (6.90 M allocations: 345.588 MiB, 0.21% gc time, 10.29% compilation time)
#1: 0 (0.0) {53.0} -> 27 (16.0) {60.0} [60.0, 300.0] -> 69 (22.0) {108.0} [108.0, 348.0] -> 31 (49.0) {125.8} [94.0, 334.0] -> 88 (58.0) {214.0} [214.0, 454.0] -> 62 (77.0) {230.3} [113.0, 353.0] -> 63 (87.0) {251.7} [34.0, 274.0] -> 90 (90.0) {320.0} [320.0, 560.0] -> 30 (111.0) {341.4} [187.0, 427.0] -> 51 (121.0) {360.6} [281.0, 521.0] -> 9 (137.0) {376.9} [329.0, 569.0] -> 81 (163.0) {392.9} [314.0, 554.0] -> 34 (177.0) {452.0} [452.0, 692.0] -> 78 (180.0) {467.0} [322.0, 562.0] -> 79 (203.0) {482.6} [307.0, 547.0] -> 3 (216.0) {496.2} [436.0, 676.0] -> 50 (229.0) {514.4} [475.0, 715.0] -> 26 (246.0) {541.5} [508.0, 748.0] -> 53 (260.0) {559.5} [332.0, 572.0] -> 0 (260.0) {573.9} [0.0, 1000.0]
#2: 0 (0.0) {52.0} -> 28 (16.0) {65.0} [65.0, 305.0] -> 12 (35.0) {167.0} [167.0, 407.0] -> 29 (44.0) {192.6} [132.0, 372.0] -> 76 (57.0) {217.6} [212.0, 452.0] -> 33 (68.0) {238.3} [24.0, 264.0] -> 71 (83.0) {264.7} [198.0, 438.0] -> 65 (103.0) {284.9} [49.0, 289.0] -> 35 (111.0) {630.0} [630.0, 870.0] -> 66 (136.0) {656.1} [523.0, 763.0] -> 20 (145.0) {675.0} [504.0, 744.0] -> 32 (168.0) {695.7} [599.0, 839.0] -> 10 (184.0) {715.9} [485.0, 725.0] -> 70 (189.0) {733.9} [728.0, 968.0] -> 1 (199.0) {751.9} [658.0, 898.0] -> 0 (199.0) {777.1} [0.0, 1000.0]
#3: 0 (0.0) {49.0} -> 5 (26.0) {69.6} [20.0, 260.0] -> 83 (37.0) {86.6} [53.0, 293.0] -> 45 (53.0) {104.6} [29.0, 269.0] -> 36 (58.0) {136.9} [41.0, 281.0] -> 47 (85.0) {154.1} [48.0, 288.0] -> 19 (102.0) {204.0} [204.0, 444.0] -> 11 (114.0) {221.0} [146.0, 386.0] -> 64 (123.0) {244.0} [154.0, 394.0] -> 49 (153.0) {401.0} [401.0, 641.0] -> 46 (154.0) {452.0} [452.0, 692.0] -> 8 (163.0) {471.4} [323.0, 563.0] -> 84 (170.0) {493.4} [354.0, 594.0] -> 17 (172.0) {682.0} [682.0, 922.0] -> 60 (175.0) {704.6} [672.0, 912.0] -> 89 (190.0) {723.6} [718.0, 958.0] -> 0 (190.0) {742.6} [0.0, 1000.0]
#4: 0 (0.0) {45.0} -> 52 (9.0) {117.0} [117.0, 357.0] -> 18 (21.0) {286.0} [286.0, 526.0] -> 7 (26.0) {306.0} [251.0, 491.0] -> 82 (42.0) {321.8} [106.0, 346.0] -> 48 (78.0) {720.0} [720.0, 960.0] -> 0 (78.0) {757.8} [0.0, 1000.0]
#5: 0 (0.0) {49.0} -> 21 (11.0) {153.0} [153.0, 393.0] -> 73 (20.0) {234.0} [234.0, 474.0] -> 72 (45.0) {247.1} [22.0, 262.0] -> 39 (76.0) {270.7} [33.0, 273.0] -> 67 (101.0) {290.5} [228.0, 468.0] -> 23 (130.0) {312.5} [146.0, 386.0] -> 75 (148.0) {330.9} [171.0, 411.0] -> 41 (153.0) {348.9} [334.0, 574.0] -> 22 (171.0) {363.1} [332.0, 572.0] -> 74 (179.0) {622.0} [622.0, 862.0] -> 56 (185.0) {639.0} [519.0, 759.0] -> 4 (204.0) {657.2} [620.0, 860.0] -> 25 (210.0) {716.0} [716.0, 956.0] -> 55 (212.0) {729.6} [560.0, 800.0] -> 54 (230.0) {748.0} [568.0, 808.0] -> 24 (233.0) {768.0} [656.0, 896.0] -> 80 (239.0) {787.2} [728.0, 968.0] -> 68 (275.0) {799.2} [575.0, 815.0] -> 77 (289.0) {814.2} [730.0, 970.0] -> 0 (289.0) {843.8} [0.0, 1000.0]
#6: 0 (0.0) {51.0} -> 95 (20.0) {65.8} [42.0, 282.0] -> 59 (48.0) {79.8} [17.0, 257.0] -> 92 (50.0) {92.0} [18.0, 258.0] -> 98 (60.0) {125.0} [125.0, 365.0] -> 42 (65.0) {145.2} [25.0, 265.0] -> 14 (85.0) {164.4} [32.0, 272.0] -> 44 (103.0) {180.0} [167.0, 407.0] -> 38 (119.0) {234.0} [234.0, 474.0] -> 86 (154.0) {307.0} [307.0, 547.0] -> 16 (173.0) {323.3} [203.0, 443.0] -> 61 (186.0) {337.7} [214.0, 454.0] -> 85 (227.0) {352.1} [299.0, 539.0] -> 99 (236.0) {367.7} [263.0, 503.0] -> 96 (247.0) {529.0} [529.0, 769.0] -> 94 (274.0) {543.0} [350.0, 590.0] -> 6 (277.0) {556.1} [345.0, 585.0] -> 0 (277.0) {577.2} [0.0, 1000.0]
#7: 0 (0.0) {45.0} -> 40 (9.0) {279.0} [279.0, 519.0] -> 2 (16.0) {298.4} [93.0, 333.0] -> 87 (42.0) {315.4} [314.0, 554.0] -> 15 (50.0) {338.5} [118.0, 358.0] -> 43 (57.0) {543.0} [543.0, 783.0] -> 57 (64.0) {565.7} [356.0, 596.0] -> 97 (76.0) {587.1} [523.0, 763.0] -> 37 (84.0) {602.1} [530.0, 770.0] -> 100 (101.0) {725.0} [725.0, 965.0] -> 91 (102.0) {738.1} [683.0, 923.0] -> 93 (124.0) {753.9} [729.0, 969.0] -> 13 (147.0) {775.9} [639.0, 879.0] -> 58 (165.0) {791.9} [740.0, 980.0] -> 0 (165.0) {810.9} [0.0, 1000.0]

Dist: 962.1999999999999. Cost: 962.1999999999999

Root node processing (before b&c):
  Real time             =    0.04 sec. (43.65 ticks)
Parallel b&c, 8 threads:
  Real time             =    0.00 sec. (0.00 ticks)
  Sync time (average)   =    0.00 sec.
  Wait time (average)   =    0.00 sec.
                          ------------
Total (root+branch&cut) =    0.04 sec. (43.65 ticks)
