Solving instance /mnt/c/Users/bruno.mattos/OneDrive - americanas s.a/Documentos/GitHub/GenericILS/TWRD/100/R205_100_025.vrptwrd...
------------------------------------------------------------------------------------------------------------------------------------------------
|  Restart |  Iteration |  Best Feas. Cost |    Best Cost |   Curr. Cost |   Penalty Custom Res. |   Penalty Standard Res. |   Pool |   Time (s) |
------------------------------------------------------------------------------------------------------------------------------------------------
|        1 |          0 |          1080.10 |      1080.10 |      1080.10 |                 10.53 |                   10.53 |     21 |     0.2017 |
|        1 |          1 |          1080.10 |      1080.10 |      1080.10 |                  5.00 |                    5.00 |     21 |     0.7178 |
|        1 |          2 |          1080.10 |      1080.10 |      1112.50 |                  5.00 |                    5.00 |     24 |     0.7850 |
|        1 |          3 |          1080.10 |      1080.10 |      1112.50 |                  5.00 |                    5.00 |     26 |     0.8305 |
|        1 |          4 |          1080.10 |      1080.10 |      1097.90 |                  5.00 |                    5.00 |     29 |     0.9012 |
|        1 |          0 |          1070.00 |      1070.00 |      1070.00 |                  5.00 |                    5.00 |     33 |     0.9657 |
|        1 |          1 |          1070.00 |      1070.00 |      1070.10 |                  5.00 |                    5.00 |     35 |     1.0380 |
|        1 |          0 |          1068.30 |      1068.30 |      1068.30 |                  5.00 |                    5.00 |     41 |     1.1088 |
|        1 |          0 |          1066.50 |      1066.50 |      1066.50 |                  5.00 |                    5.00 |     45 |     1.1880 |
|        1 |          0 |          1058.30 |      1058.30 |      1058.30 |                  5.00 |                    5.00 |     50 |     1.2555 |
|        1 |          1 |          1058.30 |      1058.30 |      1081.20 |                  5.00 |                    5.00 |     55 |     1.3009 |
|        1 |          2 |          1058.30 |      1058.30 |      1077.90 |                  5.00 |                    5.00 |     58 |     1.3547 |
|        1 |          3 |          1058.30 |      1058.30 |      1077.90 |                  5.00 |                    5.00 |     58 |     1.4029 |
|        1 |          0 |          1041.20 |      1041.20 |      1041.20 |                  5.00 |                    5.00 |     66 |     1.4967 |
|        1 |          1 |          1041.20 |      1041.20 |      1041.20 |                  5.00 |                    5.00 |     66 |     1.5377 |
|        1 |          2 |          1041.20 |      1041.20 |      1041.20 |                  5.00 |                    5.00 |     66 |     1.5870 |
|        1 |          3 |          1041.20 |      1041.20 |      1041.20 |                  5.00 |                    5.00 |     66 |     1.6451 |
|        1 |          4 |          1041.20 |      1041.20 |      1041.20 |                  5.00 |                    5.00 |     66 |     1.6843 |
|        1 |          0 |          1023.50 |      1023.50 |      1023.50 |                  5.00 |                    5.00 |     73 |     1.7889 |
|        1 |          1 |          1023.50 |      1023.50 |      1023.50 |                  5.00 |                    5.00 |     73 |     1.8474 |
|        1 |          0 |          1011.70 |      1011.70 |      1011.70 |                  5.00 |                    5.00 |     78 |     1.9359 |
|        1 |          0 |          1010.30 |      1010.30 |      1010.30 |                  5.00 |                    5.00 |     81 |     1.9970 |
|        1 |          0 |          1004.80 |      1004.80 |      1004.80 |                  5.00 |                    5.00 |     86 |     2.1105 |
|        1 |          1 |          1004.80 |      1004.80 |      1015.80 |                  5.00 |                    5.00 |     90 |     2.1960 |
|        1 |          2 |          1004.80 |      1004.80 |      1013.60 |                  5.00 |                    5.00 |     94 |     2.2925 |
|        1 |          3 |          1004.80 |      1004.80 |      1013.60 |                  5.00 |                    5.00 |     94 |     2.3496 |
|        1 |          4 |          1004.80 |      1004.80 |      1013.60 |                  5.00 |                    5.00 |     94 |     2.4067 |
|        1 |          5 |          1004.80 |      1004.80 |      1045.50 |                  5.00 |                    5.00 |     98 |     2.4675 |
|        1 |          6 |          1004.80 |      1004.80 |      1039.20 |                  5.00 |                    5.00 |    102 |     2.5451 |
|        1 |          7 |          1004.80 |      1004.80 |      1028.50 |                  5.00 |                    5.00 |    107 |     2.6452 |
|        1 |          8 |          1004.80 |      1004.80 |      1028.90 |                  5.00 |                    5.00 |    109 |     2.7727 |
|        1 |          9 |          1004.80 |      1004.80 |      1063.50 |                  5.00 |                    5.00 |    111 |     2.8154 |
|        1 |         10 |          1004.80 |      1004.80 |      1067.90 |                  5.00 |                    5.00 |    113 |     2.8584 |
|        1 |         11 |          1004.80 |      1004.80 |      1067.90 |                  5.00 |                    5.00 |    113 |     2.9167 |
|        1 |         12 |          1004.80 |      1004.80 |      1044.70 |                  5.00 |                    5.00 |    121 |     3.0632 |
|        1 |         13 |          1004.80 |      1004.80 |      1018.00 |                  5.00 |                    5.00 |    121 |     3.1209 |
|        1 |         14 |          1004.80 |      1004.80 |      1047.40 |                  5.00 |                    5.00 |    127 |     3.1803 |
|        1 |         15 |          1004.80 |      1004.80 |      1047.40 |                  5.00 |                    5.00 |    127 |     3.2320 |
|        1 |         16 |          1004.80 |      1004.80 |      1075.00 |                  5.00 |                    5.00 |    129 |     3.2741 |
|        1 |         17 |          1004.80 |      1004.80 |      1053.80 |                  5.00 |                    5.00 |    134 |     3.3920 |
|        1 |         18 |          1004.80 |      1004.80 |      1029.00 |                  5.00 |                    5.00 |    139 |     3.5125 |
|        1 |         19 |          1004.80 |      1004.80 |      1020.00 |                  5.00 |                    5.00 |    143 |     3.7037 |
|        1 |         20 |          1004.80 |      1004.80 |      1020.00 |                  5.00 |                    5.00 |    143 |     3.7697 |
|        1 |         21 |          1004.80 |      1004.80 |      1020.00 |                  5.00 |                    5.00 |    150 |     3.8596 |
|        1 |         22 |          1004.80 |      1004.80 |      1020.00 |                  5.00 |                    5.00 |    150 |     3.9128 |
|        1 |          0 |           985.60 |       985.60 |       985.60 |                  5.00 |                    5.00 |    156 |     4.0156 |
|        1 |          1 |           985.60 |       985.60 |       985.60 |                  5.00 |                    5.00 |    156 |     4.0725 |
|        1 |          2 |           985.60 |       985.60 |       985.60 |                  5.00 |                    5.00 |    156 |     4.1371 |
|        1 |          3 |           985.60 |       985.60 |       994.30 |                  5.00 |                    5.00 |    158 |     4.2174 |
|        1 |          4 |           985.60 |       985.60 |       994.30 |                  5.00 |                    5.00 |    158 |     4.2623 |
|        1 |          5 |           985.60 |       985.60 |       994.30 |                  5.00 |                    5.00 |    158 |     4.3151 |
|        1 |          6 |           985.60 |       985.60 |      1014.30 |                  5.00 |                    5.00 |    163 |     4.3654 |
|        1 |          7 |           985.60 |       985.60 |      1014.30 |                  5.00 |                    5.00 |    163 |     4.3977 |
|        1 |          8 |           985.60 |       985.60 |      1014.30 |                  5.00 |                    5.00 |    163 |     4.4519 |
|        1 |          9 |           985.60 |       985.60 |      1013.90 |                  5.00 |                    5.00 |    165 |     4.5240 |
|        1 |         10 |           985.60 |       985.60 |      1024.90 |                  5.00 |                    5.00 |    171 |     4.6120 |
|        1 |         11 |           985.60 |       985.60 |      1012.70 |                  5.00 |                    5.00 |    172 |     4.6719 |
|        1 |         12 |           985.60 |       985.60 |      1024.80 |                  5.00 |                    5.00 |    177 |     4.7596 |
|        1 |         13 |           985.60 |       985.60 |      1012.60 |                  5.00 |                    5.00 |    179 |     4.8164 |
|        1 |         14 |           985.60 |       985.60 |      1012.60 |                  5.00 |                    5.00 |    179 |     4.8815 |
|        1 |         15 |           985.60 |       985.60 |      1020.50 |                  5.00 |                    5.00 |    181 |     4.9427 |
|        1 |         16 |           985.60 |       985.60 |      1020.50 |                  5.00 |                    5.00 |    181 |     4.9936 |
|        1 |         17 |           985.60 |       985.60 |      1035.00 |                  5.00 |                    5.00 |    185 |     5.0559 |
|        1 |         18 |           985.60 |       985.60 |      1035.20 |                  5.00 |                    5.00 |    189 |     5.1201 |
|        1 |         19 |           985.60 |       985.60 |      1033.30 |                  5.00 |                    5.00 |    191 |     5.1771 |
|        1 |         20 |           985.60 |       985.60 |      1031.50 |                  5.00 |                    5.00 |    194 |     5.2375 |
|        1 |         21 |           985.60 |       985.60 |      1031.50 |                  5.00 |                    5.00 |    194 |     5.3000 |
|        1 |         22 |           985.60 |       985.60 |      1031.50 |                  5.00 |                    5.00 |    194 |     5.3503 |
|        1 |         23 |           985.60 |       985.60 |      1031.30 |                  5.00 |                    5.00 |    196 |     5.4163 |
|        1 |         24 |           985.60 |       985.60 |      1047.20 |                  5.00 |                    5.00 |    204 |     5.5452 |
|        1 |         25 |           985.60 |       985.60 |      1047.20 |                  5.00 |                    5.00 |    204 |     5.6018 |
|        1 |         26 |           985.60 |       985.60 |      1026.80 |                  5.00 |                    5.00 |    204 |     5.7045 |
|        1 |         27 |           985.60 |       985.60 |      1026.80 |                  5.00 |                    5.00 |    204 |     5.7577 |
|        1 |         28 |           985.60 |       985.60 |      1026.80 |                  5.00 |                    5.00 |    204 |     5.8064 |
|        1 |         29 |           985.60 |       985.60 |      1026.80 |                  5.00 |                    5.00 |    204 |     5.8433 |
|        1 |         30 |           985.60 |       985.60 |      1025.10 |                  5.00 |                    5.00 |    210 |     5.9234 |
|        1 |         31 |           985.60 |       985.60 |      1025.10 |                  5.00 |                    5.00 |    211 |     5.9809 |
|        1 |         32 |           985.60 |       985.60 |      1025.10 |                  5.00 |                    5.00 |    211 |     6.0388 |
|        1 |         33 |           985.60 |       985.60 |      1025.60 |                  5.00 |                    5.00 |    216 |     6.1261 |
|        1 |         34 |           985.60 |       985.60 |      1025.60 |                  5.00 |                    5.00 |    216 |     6.1652 |
|        1 |         35 |           985.60 |       985.60 |      1025.30 |                  5.00 |                    5.00 |    217 |     6.2080 |
|        1 |         36 |           985.60 |       985.60 |      1025.30 |                  5.00 |                    5.00 |    217 |     6.2582 |
|        1 |         37 |           985.60 |       985.60 |      1025.30 |                  5.00 |                    5.00 |    217 |     6.3080 |
|        1 |         38 |           985.60 |       985.60 |      1022.50 |                  5.00 |                    5.00 |    218 |     6.3838 |
|        1 |         39 |           985.60 |       985.60 |      1058.50 |                  5.00 |                    5.00 |    224 |     6.4448 |
|        1 |         40 |           985.60 |       985.60 |      1058.50 |                  5.00 |                    5.00 |    224 |     6.4982 |
|        1 |         41 |           985.60 |       985.60 |      1034.00 |                  5.00 |                    5.00 |    228 |     6.5950 |
|        1 |         42 |           985.60 |       985.60 |      1033.00 |                  5.00 |                    5.00 |    230 |     6.6435 |
|        1 |         43 |           985.60 |       985.60 |      1033.00 |                  5.00 |                    5.00 |    230 |     6.6791 |
|        1 |         44 |           985.60 |       985.60 |      1033.00 |                  5.00 |                    5.36 |    230 |     6.7374 |
|        1 |         45 |           985.60 |       985.60 |      1025.40 |                  5.00 |                    5.00 |    234 |     6.7989 |
|        1 |         46 |           985.60 |       985.60 |      1025.40 |                  5.00 |                    5.00 |    234 |     6.8450 |
|        1 |         47 |           985.60 |       985.60 |      1033.70 |                  5.00 |                    5.00 |    240 |     6.9152 |
|        1 |         48 |           985.60 |       985.60 |      1033.70 |                  5.00 |                    5.00 |    240 |     6.9668 |
|        1 |         49 |           985.60 |       985.60 |      1033.70 |                  5.00 |                    5.00 |    240 |     7.0144 |
|        1 |         50 |           985.60 |       985.60 |      1033.70 |                  5.00 |                    5.00 |    240 |     7.0558 |
|        1 |         51 |           985.60 |       985.60 |      1033.70 |                  5.00 |                    5.00 |    240 |     7.1108 |
|        1 |         52 |           985.60 |       985.60 |      1033.70 |                  5.00 |                    5.00 |    240 |     7.1532 |
|        1 |         53 |           985.60 |       985.60 |      1037.90 |                  5.00 |                    5.00 |    241 |     7.1932 |
|        1 |         54 |           985.60 |       985.60 |      1034.20 |                  5.00 |                    5.00 |    243 |     7.2535 |
|        1 |         55 |           985.60 |       985.60 |      1030.60 |                  5.00 |                    5.00 |    245 |     7.2980 |
|        1 |         56 |           985.60 |       985.60 |      1025.30 |                  5.00 |                    5.00 |    249 |     7.3646 |
|        1 |         57 |           985.60 |       985.60 |      1024.50 |                  5.00 |                    5.00 |    251 |     7.4472 |
|        1 |         58 |           985.60 |       985.60 |      1024.50 |                  5.00 |                    5.00 |    251 |     7.5008 |
|        1 |         59 |           985.60 |       985.60 |      1024.50 |                  5.00 |                    5.00 |    251 |     7.5622 |
|        1 |         60 |           985.60 |       985.60 |      1024.00 |                  5.00 |                    5.00 |    253 |     7.6414 |
|        1 |         61 |           985.60 |       985.60 |      1018.30 |                  5.00 |                    5.00 |    256 |     7.7091 |
|        1 |         62 |           985.60 |       985.60 |      1018.30 |                  5.00 |                    5.00 |    257 |     7.7635 |
|        1 |         63 |           985.60 |       985.60 |      1018.30 |                  5.00 |                    5.00 |    257 |     7.8101 |
|        1 |         64 |           985.60 |       985.60 |      1018.30 |                  5.00 |                    5.00 |    257 |     7.8411 |
|        1 |         65 |           985.60 |       985.60 |      1018.30 |                  5.00 |                    5.00 |    258 |     7.8929 |
|        1 |         66 |           985.60 |       985.60 |      1016.50 |                  5.00 |                    5.00 |    258 |     7.9799 |
|        1 |         67 |           985.60 |       985.60 |      1016.50 |                  5.00 |                    5.00 |    258 |     8.0291 |
|        1 |         68 |           985.60 |       985.60 |      1006.90 |                  5.00 |                    5.00 |    261 |     8.0849 |
|        1 |         69 |           985.60 |       985.60 |      1033.90 |                  5.00 |                    5.00 |    268 |     8.1678 |
|        1 |         70 |           985.60 |       985.60 |      1033.90 |                  5.00 |                    5.00 |    268 |     8.2230 |
|        1 |         71 |           985.60 |       985.60 |      1029.00 |                  5.00 |                    5.00 |    271 |     8.3142 |
|        1 |         72 |           985.60 |       985.60 |      1029.00 |                  5.00 |                    5.00 |    271 |     8.3618 |
|        1 |         73 |           985.60 |       985.60 |      1029.00 |                  5.00 |                    5.00 |    271 |     8.3883 |
|        1 |         74 |           985.60 |       985.60 |      1029.00 |                  5.00 |                    5.00 |    271 |     8.4327 |
|        1 |         75 |           985.60 |       985.60 |      1025.40 |                  5.00 |                    5.00 |    274 |     8.4942 |
|        1 |         76 |           985.60 |       985.60 |      1026.10 |                  5.00 |                    5.00 |    275 |     8.5471 |
|        1 |         77 |           985.60 |       985.60 |      1053.70 |                  5.00 |                    5.00 |    277 |     8.5957 |
|        1 |         78 |           985.60 |       985.60 |      1038.90 |                  5.00 |                    5.00 |    280 |     8.6796 |
|        1 |         79 |           985.60 |       985.60 |      1038.90 |                  5.00 |                    5.00 |    280 |     8.7207 |
|        1 |         80 |           985.60 |       985.60 |      1039.70 |                  5.00 |                    5.00 |    282 |     8.7733 |
|        1 |         81 |           985.60 |       985.60 |      1046.70 |                  5.00 |                    5.00 |    284 |     8.8242 |
|        1 |         82 |           985.60 |       985.60 |      1046.70 |                  5.00 |                    5.00 |    284 |     8.8735 |
|        1 |         83 |           985.60 |       985.60 |      1046.70 |                  5.00 |                    5.69 |    284 |     8.9296 |
|        1 |         84 |           985.60 |       985.60 |      1032.10 |                  5.00 |                    5.00 |    287 |     9.0071 |
|        1 |         85 |           985.60 |       985.60 |      1022.30 |                  5.00 |                    5.00 |    289 |     9.0591 |
|        1 |         86 |           985.60 |       985.60 |      1022.30 |                  5.00 |                    5.00 |    289 |     9.1135 |
|        1 |         87 |           985.60 |       985.60 |      1035.10 |                  5.00 |                    5.00 |    293 |     9.1962 |
|        1 |         88 |           985.60 |       985.60 |      1043.00 |                  5.00 |                    5.00 |    296 |     9.2558 |
|        1 |         89 |           985.60 |       985.60 |      1043.00 |                  5.00 |                    5.00 |    296 |     9.3104 |
|        1 |         90 |           985.60 |       985.60 |      1041.50 |                  5.00 |                    5.00 |    299 |     9.3512 |
|        1 |         91 |           985.60 |       985.60 |      1012.20 |                  5.00 |                    5.00 |    304 |     9.5012 |
|        1 |         92 |           985.60 |       985.60 |      1009.60 |                  5.00 |                    5.92 |    306 |     9.5988 |
|        1 |         93 |           985.60 |       985.60 |      1012.50 |                  5.00 |                    5.00 |    308 |     9.6574 |
|        1 |         94 |           985.60 |       985.60 |      1012.50 |                  5.00 |                    5.00 |    308 |     9.7153 |
|        1 |         95 |           985.60 |       985.60 |      1011.50 |                  5.00 |                    5.00 |    310 |     9.7813 |
|        1 |         96 |           985.60 |       985.60 |      1028.80 |                  5.00 |                    5.00 |    311 |     9.8291 |
|        1 |         97 |           985.60 |       985.60 |      1042.00 |                  5.00 |                    5.00 |    312 |     9.8785 |
|        1 |         98 |           985.60 |       985.60 |      1030.20 |                  5.00 |                    5.00 |    316 |     9.9342 |
|        1 |         99 |           985.60 |       985.60 |      1024.50 |                  5.00 |                    5.00 |    319 |    10.0378 |
|        1 |        100 |           985.60 |       985.60 |      1015.70 |                  5.00 |                    5.00 |    320 |    10.1029 |
|        1 |        101 |           985.60 |       985.60 |      1012.80 |                  5.00 |                    5.00 |    320 |    10.1739 |
|        1 |        102 |           985.60 |       985.60 |      1012.80 |                  5.00 |                    5.00 |    320 |    10.2295 |
|        1 |        103 |           985.60 |       985.60 |      1012.80 |                  5.00 |                    5.00 |    320 |    10.2844 |
|        1 |        104 |           985.60 |       985.60 |      1012.80 |                  5.00 |                    5.00 |    320 |    10.3357 |
|        1 |        105 |           985.60 |       985.60 |      1012.80 |                  5.00 |                    5.00 |    320 |    10.3787 |
|        1 |        106 |           985.60 |       985.60 |      1012.80 |                  5.00 |                    5.00 |    320 |    10.4275 |
|        1 |        107 |           985.60 |       985.60 |      1012.80 |                  5.00 |                    5.00 |    320 |    10.4581 |
|        1 |        108 |           985.60 |       985.60 |      1022.50 |                  5.00 |                    5.00 |    323 |    10.5264 |
|        1 |        109 |           985.60 |       985.60 |      1022.50 |                  5.00 |                    5.00 |    323 |    10.6036 |
|        1 |        110 |           985.60 |       985.60 |      1022.50 |                  5.00 |                    5.00 |    323 |    10.6538 |
|        1 |        111 |           985.60 |       985.60 |      1014.00 |                  5.00 |                    5.00 |    327 |    10.7708 |
|        1 |        112 |           985.60 |       985.60 |      1014.00 |                  5.00 |                    5.00 |    327 |    10.8192 |
|        1 |        113 |           985.60 |       985.60 |      1014.70 |                  5.00 |                    5.00 |    329 |    10.8749 |
|        1 |        114 |           985.60 |       985.60 |      1016.50 |                  5.00 |                    5.00 |    331 |    10.9315 |
|        1 |        115 |           985.60 |       985.60 |      1016.50 |                  5.00 |                    5.00 |    331 |    10.9903 |
|        1 |        116 |           985.60 |       985.60 |      1016.50 |                  5.00 |                    5.00 |    331 |    11.0422 |
|        1 |        117 |           985.60 |       985.60 |      1016.50 |                  5.00 |                    5.00 |    331 |    11.0897 |
|        1 |        118 |           985.60 |       985.60 |      1012.60 |                  5.00 |                    5.00 |    334 |    11.1964 |
|        1 |        119 |           985.60 |       985.60 |      1012.60 |                  5.00 |                    5.00 |    334 |    11.2511 |
|        1 |        120 |           985.60 |       985.60 |      1012.60 |                  5.00 |                    5.00 |    334 |    11.2939 |
|        1 |        121 |           985.60 |       985.60 |      1012.60 |                  5.00 |                    5.00 |    334 |    11.3440 |
|        1 |        122 |           985.60 |       985.60 |      1007.60 |                  5.00 |                    5.00 |    336 |    11.4280 |
|        1 |        123 |           985.60 |       985.60 |      1007.60 |                  5.00 |                    5.00 |    336 |    11.4760 |
|        1 |        124 |           985.60 |       985.60 |      1007.60 |                  5.00 |                    5.00 |    336 |    11.5233 |
|        1 |        125 |           985.60 |       985.60 |      1007.60 |                  5.00 |                    5.00 |    336 |    11.5687 |
|        1 |        126 |           985.60 |       985.60 |      1007.60 |                  5.00 |                    5.00 |    336 |    11.6088 |
|        1 |        127 |           985.60 |       985.60 |      1007.60 |                  5.00 |                    5.00 |    336 |    11.6420 |
|        1 |        128 |           985.60 |       985.60 |      1010.00 |                  5.00 |                    5.00 |    337 |    11.6928 |
|        1 |        129 |           985.60 |       985.60 |      1010.00 |                  5.00 |                    5.00 |    337 |    11.7306 |
|        1 |        130 |           985.60 |       985.60 |      1001.60 |                  5.00 |                    5.00 |    340 |    11.8134 |
|        1 |        131 |           985.60 |       985.60 |      1014.30 |                  5.00 |                    5.00 |    340 |    11.9115 |
|        1 |        132 |           985.60 |       985.60 |      1043.20 |                  5.00 |                    5.00 |    342 |    11.9518 |
|        1 |        133 |           985.60 |       985.60 |      1042.50 |                  5.00 |                    5.00 |    345 |    12.0101 |
|        1 |        134 |           985.60 |       985.60 |      1042.50 |                  5.00 |                    5.00 |    345 |    12.0701 |
|        1 |        135 |           985.60 |       985.60 |      1033.80 |                  5.00 |                    5.00 |    351 |    12.1720 |
|        1 |        136 |           985.60 |       985.60 |      1010.20 |                  5.00 |                    5.00 |    352 |    12.2336 |
|        1 |        137 |           985.60 |       985.60 |      1008.40 |                  5.00 |                    5.00 |    352 |    12.2911 |
|        1 |        138 |           985.60 |       985.60 |      1020.80 |                  5.00 |                    5.00 |    354 |    12.3376 |
|        1 |        139 |           985.60 |       985.60 |      1013.40 |                  5.00 |                    5.00 |    354 |    12.3820 |
|        1 |        140 |           985.60 |       985.60 |      1017.80 |                  5.00 |                    5.00 |    357 |    12.4261 |
|        1 |        141 |           985.60 |       985.60 |      1017.80 |                  5.00 |                    5.00 |    357 |    12.4711 |
|        1 |        142 |           985.60 |       985.60 |      1017.80 |                  5.00 |                    5.00 |    357 |    12.5226 |
|        1 |        143 |           985.60 |       985.60 |      1017.80 |                  5.00 |                    5.00 |    357 |    12.5663 |
|        1 |        144 |           985.60 |       985.60 |      1047.40 |                  5.00 |                    5.00 |    359 |    12.6218 |
|        1 |        145 |           985.60 |       985.60 |      1012.80 |                  5.00 |                    5.00 |    359 |    12.6868 |
|        1 |        146 |           985.60 |       985.60 |      1012.80 |                  5.00 |                    5.00 |    359 |    12.7169 |
|        1 |        147 |           985.60 |       985.60 |      1012.80 |                  5.00 |                    5.00 |    359 |    12.7625 |
|        1 |        148 |           985.60 |       985.60 |      1031.80 |                  5.00 |                    5.00 |    364 |    12.8276 |
|        1 |        149 |           985.60 |       985.60 |      1023.30 |                  5.00 |                    5.00 |    368 |    12.9037 |
|        1 |        150 |           985.60 |       985.60 |      1032.70 |                  5.00 |                    5.00 |    373 |    12.9927 |
|        1 |        151 |           985.60 |       985.60 |      1008.10 |                  5.00 |                    5.00 |    377 |    13.0583 |
|        1 |        152 |           985.60 |       985.60 |      1010.40 |                  5.00 |                    5.00 |    381 |    13.1637 |
|        1 |        153 |           985.60 |       985.60 |      1005.60 |                  5.00 |                    5.00 |    385 |    13.2645 |
|        1 |        154 |           985.60 |       985.60 |      1002.10 |                  5.00 |                    5.00 |    387 |    13.3027 |
|        1 |        155 |           985.60 |       985.60 |      1002.10 |                  5.00 |                    5.00 |    387 |    13.3600 |
|        1 |        156 |           985.60 |       985.60 |      1002.00 |                  5.00 |                    9.74 |    388 |    13.4468 |
|        1 |        157 |           985.60 |       985.60 |      1002.00 |                  5.00 |                    5.55 |    388 |    13.4909 |
|        1 |        158 |           985.60 |       985.60 |      1019.20 |                  5.00 |                    5.00 |    389 |    13.5499 |
|        1 |        159 |           985.60 |       985.60 |      1019.20 |                  5.00 |                    5.00 |    389 |    13.5891 |
|        1 |        160 |           985.60 |       985.60 |      1019.20 |                  5.00 |                    5.00 |    389 |    13.6693 |
|        1 |        161 |           985.60 |       985.60 |      1018.90 |                  5.00 |                    5.00 |    390 |    13.7147 |
|        1 |        162 |           985.60 |       985.60 |      1018.90 |                  5.00 |                    5.00 |    390 |    13.7666 |
|        1 |        163 |           985.60 |       985.60 |      1022.40 |                  5.00 |                    5.00 |    390 |    13.8147 |
|        1 |        164 |           985.60 |       985.60 |      1022.40 |                  5.00 |                    5.00 |    390 |    13.8591 |
|        1 |        165 |           985.60 |       985.60 |      1022.40 |                  5.00 |                    5.00 |    390 |    13.8981 |
|        1 |        166 |           985.60 |       985.60 |      1018.90 |                  5.00 |                    5.00 |    390 |    13.9719 |
|        1 |        167 |           985.60 |       985.60 |      1018.90 |                  5.00 |                    5.00 |    390 |    14.0303 |
|        1 |        168 |           985.60 |       985.60 |      1018.90 |                  5.00 |                    5.00 |    390 |    14.0718 |
|        1 |        169 |           985.60 |       985.60 |      1018.90 |                  5.00 |                    5.00 |    390 |    14.1256 |
|        1 |        170 |           985.60 |       985.60 |      1018.90 |                  5.00 |                    5.00 |    390 |    14.1766 |
|        1 |        171 |           985.60 |       985.60 |      1019.10 |                  5.00 |                    5.00 |    392 |    14.2351 |
|        1 |        172 |           985.60 |       985.60 |       996.40 |                  5.00 |                    5.00 |    394 |    14.2973 |
|        1 |        173 |           985.60 |       985.60 |       991.00 |                  5.00 |                    9.84 |    395 |    14.3743 |
|        1 |        174 |           985.60 |       985.60 |       991.99 |                  5.00 |                   10.21 |    395 |    14.4216 |
|        1 |        175 |           985.60 |       985.60 |      1005.00 |                  5.00 |                   10.67 |    396 |    14.5044 |
|        1 |        176 |           985.60 |       985.60 |      1014.23 |                  5.00 |                    6.83 |    399 |    14.5918 |
|        1 |        177 |           985.60 |       985.60 |      1010.36 |                  5.00 |                    8.55 |    399 |    14.6692 |
|        1 |        178 |           985.60 |       985.60 |       997.30 |                  5.00 |                    6.50 |    403 |    14.7382 |
|        1 |        179 |           985.60 |       985.60 |       994.15 |                  5.00 |                    5.00 |    404 |    14.7937 |
|        1 |        180 |           985.60 |       985.60 |       993.85 |                  5.00 |                    5.00 |    404 |    14.8603 |
|        1 |        181 |           985.60 |       985.60 |      1016.40 |                  5.00 |                    5.98 |    407 |    14.9087 |
|        1 |        182 |           985.60 |       985.60 |      1016.40 |                  5.00 |                    5.00 |    407 |    14.9448 |
|        1 |        183 |           985.60 |       985.60 |      1016.40 |                  5.00 |                    5.00 |    407 |    14.9933 |
|        1 |        184 |           985.60 |       985.60 |      1016.40 |                  5.00 |                    5.00 |    407 |    15.0395 |
|        1 |        185 |           985.60 |       985.60 |      1024.60 |                  5.00 |                    5.00 |    411 |    15.1560 |
|        1 |        186 |           985.60 |       985.60 |      1024.60 |                  5.00 |                    5.00 |    411 |    15.2168 |
|        1 |        187 |           985.60 |       985.60 |      1024.60 |                  5.00 |                    5.00 |    411 |    15.2716 |
|        1 |        188 |           985.60 |       985.60 |      1026.30 |                  5.00 |                    5.00 |    414 |    15.3396 |
|        1 |        189 |           985.60 |       985.60 |      1026.30 |                  5.00 |                    5.00 |    414 |    15.3996 |
|        1 |        190 |           985.60 |       985.60 |      1026.30 |                  5.00 |                    5.00 |    414 |    15.4393 |
|        1 |        191 |           985.60 |       985.60 |      1026.30 |                  5.00 |                    5.00 |    414 |    15.4939 |
|        1 |        192 |           985.60 |       985.60 |      1026.10 |                  5.00 |                    5.00 |    415 |    15.5605 |
|        1 |        193 |           985.60 |       985.60 |      1026.10 |                  5.00 |                    5.00 |    415 |    15.6226 |
|        1 |        194 |           985.60 |       985.60 |      1055.50 |                  5.00 |                    5.00 |    418 |    15.6694 |
|        1 |        195 |           985.60 |       985.60 |      1024.30 |                  5.00 |                    5.00 |    418 |    15.7294 |
|        1 |        196 |           985.60 |       985.60 |      1024.50 |                  5.00 |                    5.00 |    418 |    15.7727 |
|        1 |        197 |           985.60 |       985.60 |      1024.30 |                  5.00 |                    5.00 |    418 |    15.8505 |
|        1 |        198 |           985.60 |       985.60 |      1027.60 |                  5.00 |                    5.00 |    418 |    15.8946 |
|        1 |        199 |           985.60 |       985.60 |      1027.60 |                  5.00 |                    5.00 |    418 |    15.9538 |
|        1 |        200 |           985.60 |       985.60 |      1023.80 |                  5.00 |                    5.00 |    419 |    15.9989 |
|        1 |        201 |           985.60 |       985.60 |      1023.80 |                  5.00 |                    5.00 |    419 |    16.0383 |
|        1 |        202 |           985.60 |       985.60 |      1017.40 |                  5.00 |                    5.00 |    422 |    16.0840 |
|        1 |        203 |           985.60 |       985.60 |      1017.40 |                  5.00 |                    5.00 |    422 |    16.1646 |
|        1 |        204 |           985.60 |       985.60 |      1017.40 |                  5.00 |                    5.00 |    422 |    16.2188 |
|        1 |        205 |           985.60 |       985.60 |      1040.70 |                  5.00 |                    5.00 |    426 |    16.3092 |
|        1 |        206 |           985.60 |       985.60 |      1022.00 |                  5.00 |                    5.00 |    429 |    16.3836 |
|        1 |        207 |           985.60 |       985.60 |      1022.00 |                  5.00 |                    5.00 |    429 |    16.4408 |
|        1 |        208 |           985.60 |       985.60 |      1017.30 |                  5.00 |                    5.00 |    432 |    16.5009 |
|        1 |        209 |           985.60 |       985.60 |      1017.30 |                  5.00 |                    5.00 |    432 |    16.5506 |
|        1 |        210 |           985.60 |       985.60 |      1017.30 |                  5.00 |                    5.00 |    432 |    16.5936 |
|        1 |        211 |           985.60 |       985.60 |      1013.20 |                  5.00 |                    5.00 |    435 |    16.6534 |
|        1 |        212 |           985.60 |       985.60 |      1010.30 |                  5.00 |                    8.99 |    437 |    16.7112 |
|        1 |        213 |           985.60 |       985.60 |      1010.30 |                  5.00 |                    5.44 |    437 |    16.7510 |
|        1 |        214 |           985.60 |       985.60 |      1010.30 |                  5.00 |                    5.00 |    437 |    16.8071 |
|        1 |        215 |           985.60 |       985.60 |      1010.30 |                  5.00 |                    5.00 |    437 |    16.8548 |
|        1 |        216 |           985.60 |       985.60 |      1010.30 |                  5.00 |                    5.00 |    437 |    16.9002 |
|        1 |        217 |           985.60 |       985.60 |      1010.30 |                  5.00 |                    5.00 |    437 |    16.9409 |
|        1 |        218 |           985.60 |       985.60 |      1010.30 |                  5.00 |                    5.00 |    437 |    16.9830 |
|        1 |        219 |           985.60 |       985.60 |      1010.30 |                  5.00 |                    5.00 |    437 |    17.0239 |
|        1 |        220 |           985.60 |       985.60 |      1009.50 |                  5.00 |                    5.00 |    439 |    17.0926 |
|        1 |        221 |           985.60 |       985.60 |      1007.70 |                  5.00 |                    5.00 |    439 |    17.1359 |
|        1 |        222 |           985.60 |       985.60 |      1017.20 |                  5.00 |                    5.00 |    443 |    17.2909 |
|        1 |        223 |           985.60 |       985.60 |      1017.20 |                  5.00 |                    5.00 |    443 |    17.3583 |
|        1 |        224 |           985.60 |       985.60 |      1016.10 |                  5.00 |                    5.00 |    446 |    17.4559 |
|        1 |        225 |           985.60 |       985.60 |      1016.10 |                  5.00 |                    5.00 |    446 |    17.4992 |
|        1 |        226 |           985.60 |       985.60 |      1044.40 |                  5.00 |                    5.00 |    448 |    17.5957 |
|        1 |        227 |           985.60 |       985.60 |      1015.40 |                  5.00 |                    5.00 |    453 |    17.7075 |
|        1 |        228 |           985.60 |       985.60 |      1024.70 |                  5.00 |                    5.00 |    453 |    17.8615 |
|        1 |        229 |           985.60 |       985.60 |      1024.70 |                  5.00 |                    5.00 |    453 |    17.9149 |
|        1 |        230 |           985.60 |       985.60 |      1024.70 |                  5.00 |                    5.00 |    453 |    17.9557 |
|        1 |        231 |           985.60 |       985.60 |      1024.70 |                  5.00 |                    5.00 |    453 |    18.0385 |
|        1 |        232 |           985.60 |       985.60 |      1024.70 |                  5.00 |                    5.00 |    453 |    18.0865 |
|        1 |        233 |           985.60 |       985.60 |      1024.70 |                  5.00 |                    5.00 |    453 |    18.1288 |
|        1 |        234 |           985.60 |       985.60 |      1024.70 |                  5.00 |                    5.00 |    453 |    18.1795 |
|        1 |        235 |           985.60 |       985.60 |      1024.70 |                  5.00 |                    5.00 |    453 |    18.2240 |
|        1 |        236 |           985.60 |       985.60 |      1024.70 |                  5.00 |                    5.00 |    453 |    18.2616 |
|        1 |        237 |           985.60 |       985.60 |      1057.70 |                  5.00 |                    5.00 |    457 |    18.3271 |
|        1 |        238 |           985.60 |       985.60 |      1057.70 |                  5.00 |                    5.00 |    457 |    18.3732 |
|        1 |        239 |           985.60 |       985.60 |      1057.70 |                  5.00 |                    5.00 |    457 |    18.4129 |
|        1 |        240 |           985.60 |       985.60 |      1061.40 |                  5.00 |                    5.00 |    459 |    18.4549 |
|        1 |        241 |           985.60 |       985.60 |      1046.80 |                  5.00 |                    5.00 |    462 |    18.5003 |
|        1 |        242 |           985.60 |       985.60 |      1046.80 |                  5.00 |                    5.00 |    462 |    18.5402 |
|        1 |        243 |           985.60 |       985.60 |      1046.80 |                  5.00 |                    5.00 |    462 |    18.5848 |
|        1 |        244 |           985.60 |       985.60 |      1068.10 |                  5.00 |                    5.00 |    465 |    18.6509 |
|        1 |        245 |           985.60 |       985.60 |      1065.00 |                  5.00 |                    5.00 |    468 |    18.6974 |
|        1 |        246 |           985.60 |       985.60 |      1065.00 |                  5.00 |                    5.00 |    468 |    18.7478 |
|        1 |        247 |           985.60 |       985.60 |      1065.00 |                  5.00 |                    5.00 |    468 |    18.7962 |
|        1 |        248 |           985.60 |       985.60 |      1024.90 |                  5.00 |                    5.00 |    472 |    18.9308 |
|        1 |        249 |           985.60 |       985.60 |      1024.90 |                  5.00 |                    5.00 |    472 |    18.9737 |
|        1 |        250 |           985.60 |       985.60 |      1009.10 |                  5.00 |                    5.00 |    473 |    19.0378 |
|        1 |        251 |           985.60 |       985.60 |      1043.60 |                  5.00 |                    5.00 |    477 |    19.1487 |
|        1 |        252 |           985.60 |       985.60 |      1043.60 |                  5.00 |                    5.00 |    477 |    19.1923 |
|        1 |        253 |           985.60 |       985.60 |      1043.80 |                  5.00 |                    5.00 |    478 |    19.2404 |
|        1 |        254 |           985.60 |       985.60 |      1032.00 |                  5.00 |                    5.00 |    480 |    19.3377 |
|        1 |        255 |           985.60 |       985.60 |      1018.00 |                  5.00 |                    5.00 |    483 |    19.4009 |
|        1 |        256 |           985.60 |       985.60 |      1018.00 |                  5.00 |                    5.00 |    483 |    19.4497 |
|        1 |        257 |           985.60 |       985.60 |      1018.00 |                  5.00 |                    5.00 |    483 |    19.5012 |
|        1 |        258 |           985.60 |       985.60 |      1023.40 |                  5.00 |                    5.00 |    485 |    19.5530 |
|        1 |        259 |           985.60 |       985.60 |      1014.40 |                  5.00 |                    5.00 |    487 |    19.7009 |
|        1 |        260 |           985.60 |       985.60 |      1013.30 |                  5.00 |                    5.00 |    488 |    19.7595 |
|        1 |        261 |           985.60 |       985.60 |      1007.40 |                  5.00 |                    5.00 |    492 |    19.8376 |
|        1 |        262 |           985.60 |       985.60 |      1007.40 |                  5.00 |                    5.00 |    492 |    19.8953 |
|        1 |        263 |           985.60 |       985.60 |      1007.40 |                  5.00 |                    5.00 |    492 |    19.9490 |
------------------------------------------------------------------------------------------------------------------------------------------------
|  Restart |  Iteration |  Best Feas. Cost |    Best Cost |   Curr. Cost |   Penalty Custom Res. |   Penalty Standard Res. |   Pool |   Time (s) |
------------------------------------------------------------------------------------------------------------------------------------------------
|        1 |        264 |           985.60 |       985.60 |      1007.40 |                  5.00 |                    5.00 |    492 |    20.0050 |
|        1 |        265 |           985.60 |       985.60 |      1013.40 |                  5.00 |                    5.00 |    495 |    20.0676 |
|        1 |        266 |           985.60 |       985.60 |      1008.00 |                  5.00 |                    5.00 |    495 |    20.1399 |
|        1 |        267 |           985.60 |       985.60 |      1007.10 |                  5.00 |                    5.00 |    496 |    20.2644 |
|        1 |        268 |           985.60 |       985.60 |      1007.10 |                  5.00 |                    5.00 |    496 |    20.3286 |
|        1 |        269 |           985.60 |       985.60 |      1007.10 |                  5.00 |                    5.00 |    496 |    20.3958 |
|        1 |        270 |           985.60 |       985.60 |      1007.10 |                  5.00 |                    5.00 |    496 |    20.4785 |
|        1 |        271 |           985.60 |       985.60 |      1026.20 |                  5.00 |                    5.00 |    498 |    20.5879 |
|        1 |        272 |           985.60 |       985.60 |      1026.20 |                  5.00 |                    5.00 |    498 |    20.6499 |
|        1 |        273 |           985.60 |       985.60 |      1026.20 |                  5.00 |                    5.00 |    498 |    20.7019 |
|        1 |        274 |           985.60 |       985.60 |      1023.60 |                  5.00 |                    5.00 |    498 |    20.7781 |
|        1 |        275 |           985.60 |       985.60 |      1023.60 |                  5.00 |                    5.00 |    498 |    20.8315 |
|        1 |        276 |           985.60 |       985.60 |      1022.50 |                  5.00 |                    5.00 |    498 |    20.8735 |
|        1 |        277 |           985.60 |       985.60 |      1024.00 |                  5.00 |                    5.00 |    500 |    20.9120 |
|        1 |        278 |           985.60 |       985.60 |      1025.10 |                  5.00 |                    5.00 |    500 |    20.9683 |
|        1 |        279 |           985.60 |       985.60 |      1025.10 |                  5.00 |                    5.00 |    500 |    21.0104 |
|        1 |        280 |           985.60 |       985.60 |      1025.10 |                  5.00 |                    5.00 |    500 |    21.0569 |
|        1 |        281 |           985.60 |       985.60 |      1025.10 |                  5.00 |                    5.00 |    500 |    21.1048 |
|        1 |        282 |           985.60 |       985.60 |      1025.10 |                  5.00 |                    5.00 |    500 |    21.1594 |
|        1 |        283 |           985.60 |       985.60 |      1025.10 |                  5.00 |                    5.00 |    500 |    21.2108 |
|        1 |        284 |           985.60 |       985.60 |      1024.30 |                  5.00 |                    5.00 |    502 |    21.2925 |
|        1 |        285 |           985.60 |       985.60 |      1027.20 |                  5.00 |                    5.00 |    506 |    21.3980 |
|        1 |        286 |           985.60 |       985.60 |      1024.80 |                  5.00 |                    5.00 |    507 |    21.4487 |
|        1 |        287 |           985.60 |       985.60 |      1004.30 |                  5.00 |                    5.00 |    508 |    21.5344 |
|        1 |        288 |           985.60 |       985.60 |      1004.30 |                  5.00 |                    5.00 |    508 |    21.5931 |
|        1 |        289 |           985.60 |       985.60 |      1004.30 |                  5.00 |                    5.00 |    508 |    21.6518 |
|        1 |        290 |           985.60 |       985.60 |      1004.30 |                  5.00 |                    5.00 |    508 |    21.7048 |
|        1 |        291 |           985.60 |       985.60 |      1019.70 |                  5.00 |                    5.00 |    510 |    21.7597 |
|        1 |        292 |           985.60 |       985.60 |      1027.20 |                  5.00 |                    5.00 |    510 |    21.8096 |
|        1 |        293 |           985.60 |       985.60 |      1045.00 |                  5.00 |                    5.00 |    513 |    21.8701 |
|        1 |        294 |           985.60 |       985.60 |      1040.90 |                  5.00 |                    5.00 |    515 |    21.9847 |
|        1 |        295 |           985.60 |       985.60 |      1038.60 |                  5.00 |                    5.00 |    517 |    22.0295 |
|        1 |        296 |           985.60 |       985.60 |      1038.60 |                  5.00 |                    5.00 |    517 |    22.0857 |
|        1 |        297 |           985.60 |       985.60 |      1011.70 |                  5.00 |                    5.00 |    523 |    22.1608 |
|        1 |        298 |           985.60 |       985.60 |      1011.70 |                  5.00 |                    5.00 |    523 |    22.2130 |
|        1 |        299 |           985.60 |       985.60 |      1007.60 |                  5.00 |                    5.00 |    526 |    22.3062 |
|        1 |        300 |           985.60 |       985.60 |      1005.20 |                  5.00 |                    5.00 |    528 |    22.3813 |
|        1 |        301 |           985.60 |       985.60 |      1002.60 |                  5.00 |                    5.00 |    531 |    22.5052 |
|        1 |        302 |           985.60 |       985.60 |      1002.60 |                  5.00 |                    5.00 |    531 |    22.5733 |
|        1 |        303 |           985.60 |       985.60 |      1002.60 |                  5.00 |                    5.00 |    531 |    22.6346 |
|        1 |        304 |           985.60 |       985.60 |      1002.60 |                  5.00 |                    5.00 |    531 |    22.7018 |
|        1 |        305 |           985.60 |       985.60 |      1002.60 |                  5.00 |                    5.00 |    531 |    22.7487 |
|        1 |        306 |           985.60 |       985.60 |      1002.60 |                  5.00 |                    5.00 |    531 |    22.8073 |
|        1 |        307 |           985.60 |       985.60 |      1002.60 |                  5.00 |                    5.00 |    531 |    22.8585 |
|        1 |        308 |           985.60 |       985.60 |      1005.50 |                  5.00 |                    5.00 |    533 |    22.9665 |
|        1 |        309 |           985.60 |       985.60 |      1005.50 |                  5.00 |                    5.00 |    533 |    22.9958 |
|        1 |        310 |           985.60 |       985.60 |      1005.50 |                  5.00 |                    5.00 |    533 |    23.0464 |
|        1 |        311 |           985.60 |       985.60 |      1007.70 |                  5.00 |                    5.00 |    535 |    23.1009 |
|        1 |        312 |           985.60 |       985.60 |      1007.70 |                  5.00 |                    5.00 |    535 |    23.1490 |
|        1 |        313 |           985.60 |       985.60 |      1007.70 |                  5.00 |                    5.00 |    535 |    23.1944 |
|        1 |        314 |           985.60 |       985.60 |      1005.50 |                  5.00 |                    5.00 |    535 |    23.2681 |
|        1 |        315 |           985.60 |       985.60 |       997.10 |                  5.00 |                    5.00 |    537 |    23.3394 |
|        1 |        316 |           985.60 |       985.60 |       994.20 |                  5.00 |                    5.00 |    537 |    23.3896 |
|        1 |        317 |           985.60 |       985.60 |       994.20 |                  5.00 |                    5.00 |    537 |    23.4458 |
|        1 |        318 |           985.60 |       985.60 |       994.20 |                  5.00 |                    5.00 |    537 |    23.4895 |
|        1 |        319 |           985.60 |       985.60 |       994.20 |                  5.00 |                    5.00 |    537 |    23.5305 |
|        1 |        320 |           985.60 |       985.60 |      1021.80 |                  5.00 |                    5.00 |    540 |    23.5940 |
|        1 |        321 |           985.60 |       985.60 |      1018.70 |                  5.00 |                    5.00 |    541 |    23.6612 |
|        1 |        322 |           985.60 |       985.60 |      1015.70 |                  5.00 |                    5.00 |    543 |    23.7517 |
|        1 |        323 |           985.60 |       985.60 |      1011.20 |                  5.00 |                    5.00 |    544 |    23.8076 |
|        1 |        324 |           985.60 |       985.60 |      1011.20 |                  5.00 |                    5.00 |    544 |    23.8600 |
|        1 |        325 |           985.60 |       985.60 |      1037.30 |                  5.00 |                    5.00 |    549 |    23.9868 |
|        1 |        326 |           985.60 |       985.60 |      1065.60 |                  5.00 |                    5.00 |    551 |    24.0848 |
|        1 |        327 |           985.60 |       985.60 |      1064.10 |                  5.00 |                    5.00 |    554 |    24.1361 |
|        1 |        328 |           985.60 |       985.60 |      1066.50 |                  5.00 |                    5.00 |    559 |    24.2033 |
|        1 |        329 |           985.60 |       985.60 |      1056.00 |                  5.00 |                    5.00 |    560 |    24.2725 |
|        1 |        330 |           985.60 |       985.60 |      1035.20 |                  5.00 |                    5.00 |    561 |    24.3494 |
|        1 |        331 |           985.60 |       985.60 |      1043.70 |                  5.00 |                    5.00 |    564 |    24.3949 |
|        1 |        332 |           985.60 |       985.60 |      1043.70 |                  5.00 |                    5.00 |    566 |    24.4955 |
|        1 |        333 |           985.60 |       985.60 |      1043.70 |                  5.00 |                    5.00 |    566 |    24.5443 |
|        1 |        334 |           985.60 |       985.60 |      1004.30 |                  5.00 |                    5.00 |    569 |    24.6542 |
|        1 |        335 |           985.60 |       985.60 |      1006.30 |                  5.00 |                    5.00 |    570 |    24.7131 |
|        1 |        336 |           985.60 |       985.60 |      1004.30 |                  5.00 |                    5.00 |    570 |    24.7514 |
|        1 |        337 |           985.60 |       985.60 |      1002.30 |                  5.00 |                    5.00 |    571 |    24.8096 |
|        1 |        338 |           985.60 |       985.60 |      1002.30 |                  5.00 |                    5.00 |    571 |    24.8544 |
|        1 |        339 |           985.60 |       985.60 |      1001.60 |                  5.00 |                    5.00 |    572 |    24.9471 |
|        1 |        340 |           985.60 |       985.60 |      1001.60 |                  5.00 |                    5.00 |    572 |    25.0209 |
|        1 |        341 |           985.60 |       985.60 |      1001.60 |                  5.00 |                    5.00 |    572 |    25.0792 |
|        1 |        342 |           985.60 |       985.60 |      1001.60 |                  5.00 |                    5.00 |    572 |    25.1374 |
|        1 |        343 |           985.60 |       985.60 |      1001.60 |                  5.00 |                    5.00 |    572 |    25.1936 |
|        1 |        344 |           985.60 |       985.60 |      1026.90 |                  5.00 |                    5.00 |    573 |    25.2603 |
|        1 |        345 |           985.60 |       985.60 |      1024.60 |                  5.00 |                    5.00 |    574 |    25.3197 |
|        1 |        346 |           985.60 |       985.60 |      1041.00 |                  5.00 |                    5.00 |    574 |    25.3920 |
|        1 |        347 |           985.60 |       985.60 |      1041.00 |                  5.00 |                    5.00 |    574 |    25.4368 |
|        1 |        348 |           985.60 |       985.60 |      1041.00 |                  5.00 |                    5.00 |    574 |    25.4892 |
|        1 |        349 |           985.60 |       985.60 |      1041.00 |                  5.00 |                    5.00 |    574 |    25.5328 |
|        1 |        350 |           985.60 |       985.60 |      1041.00 |                  5.00 |                    5.00 |    574 |    25.6098 |
|        1 |        351 |           985.60 |       985.60 |      1030.30 |                  5.00 |                    5.00 |    574 |    25.6801 |
|        1 |        352 |           985.60 |       985.60 |      1028.50 |                  5.00 |                    5.00 |    574 |    25.7540 |
|        1 |        353 |           985.60 |       985.60 |      1028.50 |                  5.00 |                    5.00 |    574 |    25.8244 |
|        1 |        354 |           985.60 |       985.60 |      1028.50 |                  5.00 |                    5.00 |    574 |    25.8871 |
|        1 |        355 |           985.60 |       985.60 |      1028.50 |                  5.00 |                    5.00 |    574 |    25.9456 |
|        1 |        356 |           985.60 |       985.60 |      1051.90 |                  5.00 |                    5.00 |    576 |    25.9998 |
|        1 |        357 |           985.60 |       985.60 |      1051.90 |                  5.00 |                    5.00 |    576 |    26.0521 |
|        1 |        358 |           985.60 |       985.60 |      1028.50 |                  5.00 |                    5.00 |    576 |    26.1387 |
|        1 |        359 |           985.60 |       985.60 |      1058.90 |                  5.00 |                    5.00 |    578 |    26.1839 |
|        1 |        360 |           985.60 |       985.60 |      1058.90 |                  5.00 |                    5.00 |    578 |    26.2294 |
|        1 |        361 |           985.60 |       985.60 |      1044.70 |                  5.00 |                    5.00 |    578 |    26.3029 |
|        1 |        362 |           985.60 |       985.60 |      1044.70 |                  5.00 |                    5.00 |    578 |    26.3602 |
|        1 |        363 |           985.60 |       985.60 |      1036.60 |                  5.00 |                    5.00 |    579 |    26.4204 |
|        1 |        364 |           985.60 |       985.60 |      1052.20 |                  5.00 |                    5.00 |    581 |    26.4853 |
|        1 |        365 |           985.60 |       985.60 |      1052.20 |                  5.00 |                    5.00 |    581 |    26.5381 |
|        1 |        366 |           985.60 |       985.60 |      1052.20 |                  5.00 |                    5.00 |    581 |    26.5923 |
|        1 |        367 |           985.60 |       985.60 |      1042.40 |                  5.00 |                    5.00 |    581 |    26.6796 |
|        1 |        368 |           985.60 |       985.60 |      1042.40 |                  5.00 |                    5.00 |    581 |    26.7304 |
|        1 |        369 |           985.60 |       985.60 |      1075.80 |                  5.00 |                    5.00 |    582 |    26.7830 |
|        1 |        370 |           985.60 |       985.60 |      1080.50 |                  5.00 |                    5.00 |    585 |    26.8523 |
|        1 |        371 |           985.60 |       985.60 |      1083.50 |                  5.00 |                    5.00 |    588 |    26.9360 |
|        1 |        372 |           985.60 |       985.60 |      1042.00 |                  5.00 |                    5.00 |    588 |    26.9865 |
|        1 |        373 |           985.60 |       985.60 |      1042.00 |                  5.00 |                    6.10 |    588 |    27.0351 |
|        1 |        374 |           985.60 |       985.60 |      1042.00 |                  5.00 |                    5.00 |    588 |    27.0854 |
|        1 |        375 |           985.60 |       985.60 |      1039.00 |                  5.00 |                    5.00 |    591 |    27.2019 |
|        1 |        376 |           985.60 |       985.60 |      1011.60 |                  5.00 |                    5.00 |    594 |    27.2605 |
|        1 |        377 |           985.60 |       985.60 |      1018.30 |                  5.00 |                    5.00 |    597 |    27.3309 |
|        1 |        378 |           985.60 |       985.60 |      1028.70 |                  5.00 |                    5.00 |    598 |    27.3900 |
|        1 |        379 |           985.60 |       985.60 |      1027.90 |                  5.00 |                    5.00 |    600 |    27.4505 |
|        1 |        380 |           985.60 |       985.60 |      1034.30 |                  5.00 |                    5.00 |    603 |    27.5276 |
|        1 |        381 |           985.60 |       985.60 |      1014.60 |                  5.00 |                    5.00 |    606 |    27.5852 |
|        1 |        382 |           985.60 |       985.60 |      1014.80 |                  5.00 |                    5.00 |    609 |    27.6690 |
|        1 |        383 |           985.60 |       985.60 |      1013.70 |                  5.00 |                    5.00 |    610 |    27.7130 |
|        1 |        384 |           985.60 |       985.60 |      1013.70 |                  5.00 |                    5.52 |    610 |    27.7713 |
|        1 |        385 |           985.60 |       985.60 |      1004.80 |                  5.00 |                    5.00 |    611 |    27.8254 |
|        1 |        386 |           985.60 |       985.60 |      1004.80 |                  5.00 |                    5.00 |    611 |    27.8914 |
|        1 |        387 |           985.60 |       985.60 |      1013.70 |                  5.00 |                    5.00 |    612 |    27.9591 |
|        1 |        388 |           985.60 |       985.60 |      1011.20 |                  5.00 |                    5.00 |    612 |    28.0489 |
|        1 |        389 |           985.60 |       985.60 |      1011.20 |                  5.00 |                    5.00 |    612 |    28.0988 |
|        1 |        390 |           985.60 |       985.60 |      1012.70 |                  5.00 |                    5.00 |    612 |    28.1517 |
|        1 |        391 |           985.60 |       985.60 |      1012.70 |                  5.00 |                    5.00 |    612 |    28.1952 |
|        1 |        392 |           985.60 |       985.60 |      1008.60 |                  5.00 |                    5.00 |    613 |    28.2918 |
|        1 |        393 |           985.60 |       985.60 |      1005.30 |                  5.00 |                    5.00 |    613 |    28.3533 |
|        1 |        394 |           985.60 |       985.60 |      1005.30 |                  5.00 |                    5.00 |    613 |    28.4081 |
|        1 |        395 |           985.60 |       985.60 |      1002.10 |                  5.00 |                    5.00 |    613 |    28.4976 |
|        1 |        396 |           985.60 |       985.60 |      1002.10 |                  5.00 |                    5.00 |    613 |    28.5415 |
|        1 |        397 |           985.60 |       985.60 |      1002.10 |                  5.00 |                    5.00 |    613 |    28.5833 |
|        1 |        398 |           985.60 |       985.60 |      1007.20 |                  5.00 |                    5.00 |    613 |    28.6473 |
|        1 |        399 |           985.60 |       985.60 |      1018.50 |                  5.00 |                    5.00 |    615 |    28.7287 |
|        1 |        400 |           985.60 |       985.60 |      1004.30 |                  5.00 |                    5.00 |    617 |    28.8000 |
|        1 |        401 |           985.60 |       985.60 |      1004.30 |                  5.00 |                    5.00 |    617 |    28.8424 |
|        1 |        402 |           985.60 |       985.60 |      1004.30 |                  5.00 |                    5.00 |    617 |    28.9052 |
|        1 |        403 |           985.60 |       985.60 |      1004.30 |                  5.00 |                    5.00 |    617 |    28.9581 |
|        1 |        404 |           985.60 |       985.60 |      1004.30 |                  5.00 |                    5.00 |    617 |    29.0139 |
|        1 |        405 |           985.60 |       985.60 |      1004.30 |                  5.00 |                    5.00 |    617 |    29.0759 |
|        1 |        406 |           985.60 |       985.60 |      1036.90 |                  5.00 |                    5.26 |    618 |    29.1789 |
|        1 |        407 |           985.60 |       985.60 |      1036.90 |                  5.00 |                    5.00 |    618 |    29.2351 |
|        1 |        408 |           985.60 |       985.60 |      1029.70 |                  5.00 |                    5.00 |    619 |    29.3628 |
|        1 |        409 |           985.60 |       985.60 |      1028.60 |                  5.00 |                    5.00 |    622 |    29.4332 |
|        1 |        410 |           985.60 |       985.60 |      1030.80 |                  5.00 |                    5.00 |    624 |    29.4963 |
|        1 |        411 |           985.60 |       985.60 |      1030.80 |                  5.00 |                    5.00 |    624 |    29.5417 |
|        1 |        412 |           985.60 |       985.60 |      1030.80 |                  5.00 |                    5.00 |    624 |    29.5724 |
|        1 |        413 |           985.60 |       985.60 |      1028.50 |                  5.00 |                    5.00 |    627 |    29.6409 |
|        1 |        414 |           985.60 |       985.60 |      1044.90 |                  5.00 |                    5.00 |    629 |    29.7168 |
|        1 |        415 |           985.60 |       985.60 |      1085.60 |                  5.00 |                    5.00 |    632 |    29.7654 |
|        1 |        416 |           985.60 |       985.60 |      1085.60 |                  5.00 |                    5.00 |    632 |    29.8154 |
|        1 |        417 |           985.60 |       985.60 |      1061.60 |                  5.00 |                    5.00 |    633 |    29.8752 |
|        1 |        418 |           985.60 |       985.60 |      1016.50 |                  5.00 |                    5.00 |    637 |    30.0047 |
|        1 |        419 |           985.60 |       985.60 |      1016.50 |                  5.00 |                    5.00 |    637 |    30.0546 |
|        1 |        420 |           985.60 |       985.60 |      1016.50 |                  5.00 |                    5.00 |    637 |    30.1108 |
|        1 |        421 |           985.60 |       985.60 |      1016.50 |                  5.00 |                    5.00 |    637 |    30.1567 |
|        1 |        422 |           985.60 |       985.60 |      1008.70 |                  5.00 |                    5.00 |    640 |    30.2294 |
|        1 |        423 |           985.60 |       985.60 |      1008.70 |                  5.00 |                    5.00 |    640 |    30.2844 |
|        1 |        424 |           985.60 |       985.60 |      1008.70 |                  5.00 |                    5.00 |    640 |    30.3271 |
|        1 |        425 |           985.60 |       985.60 |      1008.70 |                  5.00 |                    5.00 |    640 |    30.3624 |
|        1 |        426 |           985.60 |       985.60 |      1010.50 |                  5.00 |                    5.00 |    641 |    30.4238 |
|        1 |        427 |           985.60 |       985.60 |      1020.50 |                  5.00 |                    5.00 |    643 |    30.4780 |
|        1 |        428 |           985.60 |       985.60 |      1020.80 |                  5.00 |                    5.00 |    644 |    30.5263 |
|        1 |        429 |           985.60 |       985.60 |      1018.70 |                  5.00 |                    5.00 |    644 |    30.6265 |
|        1 |        430 |           985.60 |       985.60 |      1018.70 |                  5.00 |                    5.00 |    644 |    30.6759 |
|        1 |        431 |           985.60 |       985.60 |      1017.50 |                  5.00 |                    5.00 |    647 |    30.8245 |
|        1 |        432 |           985.60 |       985.60 |      1017.50 |                  5.00 |                    5.00 |    647 |    30.8827 |
|        1 |        433 |           985.60 |       985.60 |      1016.40 |                  5.00 |                    5.00 |    649 |    30.9357 |
|        1 |        434 |           985.60 |       985.60 |      1016.20 |                  5.00 |                    5.00 |    650 |    30.9880 |
|        1 |        435 |           985.60 |       985.60 |      1023.90 |                  5.00 |                    6.94 |    651 |    31.0607 |
|        1 |        436 |           985.60 |       985.60 |      1015.90 |                  5.00 |                    5.00 |    651 |    31.1467 |
|        1 |        437 |           985.60 |       985.60 |      1019.10 |                  5.00 |                    5.00 |    651 |    31.1906 |
|        1 |        438 |           985.60 |       985.60 |      1019.10 |                  5.00 |                    5.00 |    651 |    31.2473 |
|        1 |        439 |           985.60 |       985.60 |      1019.10 |                  5.00 |                    5.00 |    651 |    31.2931 |
|        1 |        440 |           985.60 |       985.60 |      1019.10 |                  5.00 |                    5.00 |    651 |    31.3565 |
|        1 |        441 |           985.60 |       985.60 |      1019.10 |                  5.00 |                    5.00 |    651 |    31.4015 |
|        1 |        442 |           985.60 |       985.60 |      1019.10 |                  5.00 |                    5.00 |    651 |    31.4536 |
|        1 |        443 |           985.60 |       985.60 |      1019.10 |                  5.00 |                    5.00 |    651 |    31.5262 |
|        1 |        444 |           985.60 |       985.60 |      1019.10 |                  5.00 |                    5.00 |    651 |    31.5713 |
|        1 |        445 |           985.60 |       985.60 |      1015.80 |                  5.00 |                    5.00 |    654 |    31.6497 |
|        1 |        446 |           985.60 |       985.60 |      1015.80 |                  5.00 |                    5.00 |    654 |    31.6985 |
|        1 |        447 |           985.60 |       985.60 |      1015.80 |                  5.00 |                    5.00 |    654 |    31.7377 |
|        1 |        448 |           985.60 |       985.60 |      1015.80 |                  5.00 |                    5.00 |    654 |    31.7933 |
|        1 |        449 |           985.60 |       985.60 |      1015.80 |                  5.00 |                    5.00 |    654 |    31.8452 |
|        1 |        450 |           985.60 |       985.60 |      1039.10 |                  5.00 |                    5.00 |    656 |    31.9169 |
|        1 |        451 |           985.60 |       985.60 |      1038.10 |                  5.00 |                    5.00 |    658 |    32.0219 |
|        1 |        452 |           985.60 |       985.60 |      1036.40 |                  5.00 |                    5.00 |    663 |    32.2040 |
|        1 |        453 |           985.60 |       985.60 |      1060.90 |                  5.00 |                    5.00 |    665 |    32.2545 |
|        1 |        454 |           985.60 |       985.60 |      1060.90 |                  5.00 |                    5.00 |    665 |    32.3072 |
|        1 |        455 |           985.60 |       985.60 |      1060.90 |                  5.00 |                    5.00 |    665 |    32.3587 |
|        1 |        456 |           985.60 |       985.60 |      1073.70 |                  5.00 |                    5.00 |    668 |    32.4035 |
|        1 |        457 |           985.60 |       985.60 |      1073.70 |                  5.00 |                    5.00 |    668 |    32.4581 |
|        1 |        458 |           985.60 |       985.60 |      1061.90 |                  5.00 |                    5.00 |    673 |    32.5279 |
|        1 |        459 |           985.60 |       985.60 |      1031.90 |                  5.00 |                    5.00 |    675 |    32.6392 |
|        1 |        460 |           985.60 |       985.60 |      1031.90 |                  5.00 |                    5.00 |    675 |    32.6975 |
|        1 |        461 |           985.60 |       985.60 |      1031.90 |                  5.00 |                    5.00 |    675 |    32.7536 |
|        1 |        462 |           985.60 |       985.60 |      1031.90 |                  5.00 |                    5.00 |    675 |    32.8067 |
|        1 |        463 |           985.60 |       985.60 |      1032.10 |                  5.00 |                    5.00 |    676 |    32.8607 |
|        1 |        464 |           985.60 |       985.60 |      1032.10 |                  5.00 |                    6.16 |    676 |    32.8998 |
|        1 |        465 |           985.60 |       985.60 |      1032.10 |                  5.00 |                    5.00 |    676 |    32.9451 |
|        1 |        466 |           985.60 |       985.60 |      1053.00 |                  5.00 |                    5.00 |    679 |    32.9905 |
|        1 |        467 |           985.60 |       985.60 |      1057.60 |                  5.00 |                    5.00 |    680 |    33.0394 |
|        1 |        468 |           985.60 |       985.60 |      1057.60 |                  5.00 |                    5.00 |    680 |    33.0858 |
|        1 |        469 |           985.60 |       985.60 |      1050.40 |                  5.00 |                    5.00 |    680 |    33.1386 |
|        1 |        470 |           985.60 |       985.60 |      1025.90 |                  5.00 |                    5.00 |    684 |    33.2570 |
|        1 |        471 |           985.60 |       985.60 |      1025.90 |                  5.00 |                    5.00 |    684 |    33.3266 |
|        1 |        472 |           985.60 |       985.60 |      1016.70 |                  5.00 |                    5.00 |    685 |    33.4022 |
|        1 |        473 |           985.60 |       985.60 |      1014.90 |                  5.00 |                    5.00 |    688 |    33.4814 |
|        1 |        474 |           985.60 |       985.60 |      1010.90 |                  5.00 |                    5.00 |    689 |    33.5461 |
|        1 |        475 |           985.60 |       985.60 |      1010.90 |                  5.00 |                    5.00 |    689 |    33.6233 |
|        1 |        476 |           985.60 |       985.60 |      1010.90 |                  5.00 |                    5.00 |    689 |    33.6732 |
|        1 |        477 |           985.60 |       985.60 |      1010.90 |                  5.00 |                    5.00 |    689 |    33.7194 |
|        1 |        478 |           985.60 |       985.60 |      1010.90 |                  5.00 |                    5.00 |    689 |    33.7716 |
|        1 |        479 |           985.60 |       985.60 |      1014.10 |                  5.00 |                    5.00 |    689 |    33.8225 |
|        1 |        480 |           985.60 |       985.60 |      1014.10 |                  5.00 |                    5.00 |    689 |    33.8870 |
|        1 |        481 |           985.60 |       985.60 |      1014.10 |                  5.00 |                    5.00 |    689 |    33.9466 |
|        1 |        482 |           985.60 |       985.60 |      1033.40 |                  5.00 |                    5.00 |    690 |    33.9915 |
|        1 |        483 |           985.60 |       985.60 |      1027.00 |                  5.00 |                    5.00 |    690 |    34.0808 |
|        1 |        484 |           985.60 |       985.60 |      1027.00 |                  5.00 |                    5.00 |    690 |    34.1314 |
|        1 |        485 |           985.60 |       985.60 |      1035.60 |                  5.00 |                    5.00 |    693 |    34.1861 |
|        1 |        486 |           985.60 |       985.60 |      1025.90 |                  5.00 |                    5.00 |    696 |    34.2570 |
|        1 |        487 |           985.60 |       985.60 |      1012.20 |                  5.00 |                    5.00 |    696 |    34.3189 |
|        1 |        488 |           985.60 |       985.60 |      1012.20 |                  5.00 |                    5.00 |    696 |    34.3703 |
|        1 |        489 |           985.60 |       985.60 |      1012.20 |                  5.00 |                    5.00 |    696 |    34.4163 |
|        1 |        490 |           985.60 |       985.60 |      1040.70 |                  5.00 |                    5.00 |    698 |    34.4842 |
|        1 |        491 |           985.60 |       985.60 |      1027.40 |                  5.00 |                    5.00 |    699 |    34.5533 |
|        1 |        492 |           985.60 |       985.60 |      1027.40 |                  5.00 |                    5.00 |    699 |    34.6105 |
|        1 |        493 |           985.60 |       985.60 |      1017.60 |                  5.00 |                    5.00 |    699 |    34.6785 |
|        1 |        494 |           985.60 |       985.60 |      1040.20 |                  5.00 |                    5.00 |    702 |    34.7924 |
|        1 |        495 |           985.60 |       985.60 |      1034.50 |                  5.00 |                    5.00 |    704 |    34.8519 |
|        1 |        496 |           985.60 |       985.60 |      1022.80 |                  5.00 |                    5.00 |    707 |    34.9425 |
|        1 |        497 |           985.60 |       985.60 |      1035.50 |                  5.00 |                    5.00 |    708 |    34.9848 |
|        1 |        498 |           985.60 |       985.60 |      1022.80 |                  5.00 |                    5.00 |    708 |    35.0420 |
|        1 |        499 |           985.60 |       985.60 |      1019.90 |                  5.00 |                    5.00 |    710 |    35.0966 |
|        1 |        500 |           985.60 |       985.60 |      1019.90 |                  5.00 |                    5.00 |    710 |    35.1576 |
------------------------------------------------------------------------------------------------------------------------------------------------
Version identifier: 22.1.2.0 | 2024-11-26 | 0edbb82fd
CPXPARAM_MIP_Tolerances_UpperCutoff              985.7000000000254
Tried aggregator 1 time.
MIP Presolve eliminated 18 rows and 44 columns.
MIP Presolve modified 288 coefficients.
Reduced MIP has 83 rows, 666 columns, and 6316 nonzeros.
Reduced MIP has 666 binaries, 0 generals, 0 SOSs, and 0 indicators.
Presolve time = 0.00 sec. (5.56 ticks)
Probing fixed 1 vars, tightened 0 bounds.
Probing time = 0.01 sec. (9.59 ticks)
Tried aggregator 1 time.
Detecting symmetries...
MIP Presolve eliminated 0 rows and 2 columns.
Reduced MIP has 83 rows, 664 columns, and 6305 nonzeros.
Reduced MIP has 664 binaries, 0 generals, 0 SOSs, and 0 indicators.
Presolve time = 0.00 sec. (4.39 ticks)
Probing time = 0.00 sec. (2.67 ticks)
Clique table members: 901.
MIP emphasis: balance optimality and feasibility.
MIP search method: dynamic search.
Parallel mode: deterministic, using up to 8 threads.
Root relaxation solution time = 0.00 sec. (4.73 ticks)

        Nodes                                         Cuts/
   Node  Left     Objective  IInf  Best Integer    Best Bound    ItCnt     Gap

*     0     0      integral     0      962.2000      962.2000      170    0.00%
Elapsed time = 0.02 sec. (32.52 ticks, tree = 0.00 MB, solutions = 1)
objective_value(sp) = 962.1999999999999
 38.891498 seconds (6.89 M allocations: 344.605 MiB, 0.17% gc time, 10.74% compilation time)
#1: 0 (0.0) {66.0} -> 52 (9.0) {117.0} [117.0, 357.0] -> 18 (21.0) {286.0} [286.0, 526.0] -> 7 (26.0) {306.0} [251.0, 491.0] -> 82 (42.0) {321.8} [106.0, 346.0] -> 48 (78.0) {720.0} [720.0, 960.0] -> 0 (78.0) {757.8} [0.0, 1000.0]
#2: 0 (0.0) {88.0} -> 21 (11.0) {153.0} [153.0, 393.0] -> 73 (20.0) {234.0} [234.0, 474.0] -> 72 (45.0) {247.1} [22.0, 262.0] -> 39 (76.0) {270.7} [33.0, 273.0] -> 67 (101.0) {290.5} [228.0, 468.0] -> 23 (130.0) {312.5} [146.0, 386.0] -> 75 (148.0) {330.9} [171.0, 411.0] -> 41 (153.0) {348.9} [334.0, 574.0] -> 22 (171.0) {363.1} [332.0, 572.0] -> 74 (179.0) {622.0} [622.0, 862.0] -> 56 (185.0) {639.0} [519.0, 759.0] -> 4 (204.0) {657.2} [620.0, 860.0] -> 25 (210.0) {716.0} [716.0, 956.0] -> 55 (212.0) {729.6} [560.0, 800.0] -> 54 (230.0) {748.0} [568.0, 808.0] -> 24 (233.0) {768.0} [656.0, 896.0] -> 80 (239.0) {787.2} [728.0, 968.0] -> 68 (275.0) {799.2} [575.0, 815.0] -> 77 (289.0) {814.2} [730.0, 970.0] -> 0 (289.0) {843.8} [0.0, 1000.0]
#3: 0 (0.0) {73.0} -> 95 (20.0) {87.8} [42.0, 282.0] -> 59 (48.0) {101.8} [17.0, 257.0] -> 92 (50.0) {114.0} [18.0, 258.0] -> 98 (60.0) {127.1} [125.0, 365.0] -> 42 (65.0) {147.3} [25.0, 265.0] -> 14 (85.0) {166.5} [32.0, 272.0] -> 44 (103.0) {182.1} [167.0, 407.0] -> 38 (119.0) {234.0} [234.0, 474.0] -> 86 (154.0) {307.0} [307.0, 547.0] -> 16 (173.0) {323.3} [203.0, 443.0] -> 61 (186.0) {337.7} [214.0, 454.0] -> 85 (227.0) {352.1} [299.0, 539.0] -> 99 (236.0) {367.7} [263.0, 503.0] -> 96 (247.0) {529.0} [529.0, 769.0] -> 94 (274.0) {543.0} [350.0, 590.0] -> 6 (277.0) {556.1} [345.0, 585.0] -> 0 (277.0) {577.2} [0.0, 1000.0]
#4: 0 (0.0) {81.0} -> 28 (16.0) {87.3} [65.0, 305.0] -> 12 (35.0) {167.0} [167.0, 407.0] -> 29 (44.0) {192.6} [132.0, 372.0] -> 76 (57.0) {217.6} [212.0, 452.0] -> 33 (68.0) {238.3} [24.0, 264.0] -> 71 (83.0) {264.7} [198.0, 438.0] -> 65 (103.0) {284.9} [49.0, 289.0] -> 35 (111.0) {630.0} [630.0, 870.0] -> 66 (136.0) {656.1} [523.0, 763.0] -> 20 (145.0) {675.0} [504.0, 744.0] -> 32 (168.0) {695.7} [599.0, 839.0] -> 10 (184.0) {715.9} [485.0, 725.0] -> 70 (189.0) {733.9} [728.0, 968.0] -> 1 (199.0) {751.9} [658.0, 898.0] -> 0 (199.0) {777.1} [0.0, 1000.0]
#5: 0 (0.0) {87.0} -> 40 (9.0) {279.0} [279.0, 519.0] -> 2 (16.0) {298.4} [93.0, 333.0] -> 87 (42.0) {315.4} [314.0, 554.0] -> 15 (50.0) {338.5} [118.0, 358.0] -> 43 (57.0) {543.0} [543.0, 783.0] -> 57 (64.0) {565.7} [356.0, 596.0] -> 97 (76.0) {587.1} [523.0, 763.0] -> 37 (84.0) {602.1} [530.0, 770.0] -> 100 (101.0) {725.0} [725.0, 965.0] -> 91 (102.0) {738.1} [683.0, 923.0] -> 93 (124.0) {753.9} [729.0, 969.0] -> 13 (147.0) {775.9} [639.0, 879.0] -> 58 (165.0) {791.9} [740.0, 980.0] -> 0 (165.0) {810.9} [0.0, 1000.0]
#6: 0 (0.0) {86.0} -> 27 (16.0) {91.0} [60.0, 300.0] -> 69 (22.0) {108.2} [108.0, 348.0] -> 31 (49.0) {126.0} [94.0, 334.0] -> 88 (58.0) {214.0} [214.0, 454.0] -> 62 (77.0) {230.3} [113.0, 353.0] -> 63 (87.0) {251.7} [34.0, 274.0] -> 90 (90.0) {320.0} [320.0, 560.0] -> 30 (111.0) {341.4} [187.0, 427.0] -> 51 (121.0) {360.6} [281.0, 521.0] -> 9 (137.0) {376.9} [329.0, 569.0] -> 81 (163.0) {392.9} [314.0, 554.0] -> 34 (177.0) {452.0} [452.0, 692.0] -> 78 (180.0) {467.0} [322.0, 562.0] -> 79 (203.0) {482.6} [307.0, 547.0] -> 3 (216.0) {496.2} [436.0, 676.0] -> 50 (229.0) {514.4} [475.0, 715.0] -> 26 (246.0) {541.5} [508.0, 748.0] -> 53 (260.0) {559.5} [332.0, 572.0] -> 0 (260.0) {573.9} [0.0, 1000.0]
#7: 0 (0.0) {88.0} -> 5 (26.0) {108.6} [20.0, 260.0] -> 83 (37.0) {125.6} [53.0, 293.0] -> 45 (53.0) {143.6} [29.0, 269.0] -> 36 (58.0) {175.9} [41.0, 281.0] -> 47 (85.0) {193.1} [48.0, 288.0] -> 19 (102.0) {211.1} [204.0, 444.0] -> 11 (114.0) {228.1} [146.0, 386.0] -> 64 (123.0) {251.1} [154.0, 394.0] -> 49 (153.0) {401.0} [401.0, 641.0] -> 46 (154.0) {452.0} [452.0, 692.0] -> 8 (163.0) {471.4} [323.0, 563.0] -> 84 (170.0) {493.4} [354.0, 594.0] -> 17 (172.0) {682.0} [682.0, 922.0] -> 60 (175.0) {704.6} [672.0, 912.0] -> 89 (190.0) {723.6} [718.0, 958.0] -> 0 (190.0) {742.6} [0.0, 1000.0]

Dist: 962.1999999999999. Cost: 962.1999999999999

Root node processing (before b&c):
  Real time             =    0.02 sec. (32.54 ticks)
Parallel b&c, 8 threads:
  Real time             =    0.00 sec. (0.00 ticks)
  Sync time (average)   =    0.00 sec.
  Wait time (average)   =    0.00 sec.
                          ------------
Total (root+branch&cut) =    0.02 sec. (32.54 ticks)
