Solving instance /mnt/c/Users/bruno.mattos/OneDrive - americanas s.a/Documentos/GitHub/GenericILS/TWRD/100/R210_100_005.vrptwrd...
------------------------------------------------------------------------------------------------------------------------------------------------
|  Restart |  Iteration |  Best Feas. Cost |    Best Cost |   Curr. Cost |   Penalty Custom Res. |   Penalty Standard Res. |   Pool |   Time (s) |
------------------------------------------------------------------------------------------------------------------------------------------------
|        1 |          1 |           989.00 |       989.00 |      1000.40 |                  6.56 |                    6.56 |     18 |     0.2336 |
|        1 |          0 |           983.50 |       983.50 |       983.50 |                  5.00 |                    5.00 |     22 |     0.7223 |
|        1 |          1 |           983.50 |       983.50 |       983.50 |                  5.00 |                    5.00 |     22 |     0.7709 |
|        1 |          2 |           983.50 |       983.50 |       983.50 |                  5.00 |                    5.00 |     22 |     0.8178 |
|        1 |          0 |           952.70 |       952.70 |       952.70 |                  5.00 |                    5.00 |     24 |     0.8666 |
|        1 |          0 |           952.30 |       952.30 |       952.30 |                  5.00 |                    5.00 |     25 |     0.9393 |
|        1 |          1 |           952.30 |       952.30 |       954.00 |                  5.00 |                    5.00 |     26 |     0.9915 |
|        1 |          2 |           952.30 |       952.30 |       954.00 |                  5.00 |                    5.00 |     26 |     1.0373 |
|        1 |          3 |           952.30 |       952.30 |       954.00 |                  5.00 |                    5.00 |     26 |     1.0806 |
|        1 |          4 |           952.30 |       952.30 |       953.70 |                  5.00 |                    5.00 |     31 |     1.2024 |
|        1 |          5 |           952.30 |       952.30 |       953.70 |                  5.00 |                    5.00 |     31 |     1.2444 |
|        1 |          6 |           952.30 |       952.30 |       953.70 |                  5.00 |                    5.00 |     31 |     1.2959 |
|        1 |          0 |           950.20 |       950.20 |       950.20 |                  5.00 |                    5.00 |     32 |     1.3806 |
|        1 |          1 |           950.20 |       950.20 |       950.30 |                  5.00 |                    5.00 |     35 |     1.4299 |
|        1 |          2 |           950.20 |       950.20 |       952.30 |                  5.00 |                    5.00 |     37 |     1.4828 |
|        1 |          3 |           950.20 |       950.20 |       954.60 |                  5.00 |                    5.00 |     38 |     1.5288 |
|        1 |          4 |           950.20 |       950.20 |       954.60 |                  5.00 |                    5.00 |     38 |     1.5706 |
|        1 |          5 |           950.20 |       950.20 |       954.60 |                  5.00 |                    5.00 |     38 |     1.6117 |
|        1 |          6 |           950.20 |       950.20 |       954.90 |                  5.00 |                    5.00 |     39 |     1.6505 |
|        1 |          7 |           950.20 |       950.20 |       952.60 |                  5.00 |                    5.00 |     39 |     1.7106 |
|        1 |          0 |           941.70 |       941.70 |       941.70 |                  5.00 |                    5.00 |     44 |     1.7894 |
|        1 |          0 |           937.80 |       937.80 |       937.80 |                  5.00 |                    5.00 |     45 |     1.8260 |
|        1 |          1 |           937.80 |       937.80 |       946.60 |                  5.00 |                    5.00 |     49 |     1.9432 |
|        1 |          2 |           937.80 |       937.80 |       946.60 |                  5.00 |                    5.00 |     49 |     1.9940 |
|        1 |          3 |           937.80 |       937.80 |       946.60 |                  5.00 |                    5.00 |     49 |     2.0345 |
|        1 |          4 |           937.80 |       937.80 |       941.50 |                  5.00 |                    5.00 |     54 |     2.1450 |
|        1 |          5 |           937.80 |       937.80 |       942.20 |                  5.00 |                    5.00 |     56 |     2.2037 |
|        1 |          6 |           937.80 |       937.80 |       942.20 |                  5.00 |                    5.00 |     56 |     2.2553 |
|        1 |          0 |           930.50 |       930.50 |       930.50 |                  5.00 |                    5.00 |     61 |     2.4406 |
|        1 |          1 |           930.50 |       930.50 |       930.50 |                  5.00 |                    5.00 |     61 |     2.4829 |
|        1 |          2 |           930.50 |       930.50 |       930.50 |                  5.00 |                    5.00 |     61 |     2.5466 |
|        1 |          3 |           930.50 |       930.50 |       930.50 |                  5.00 |                    5.00 |     61 |     2.5919 |
|        1 |          4 |           930.50 |       930.50 |       951.90 |                  5.00 |                    5.00 |     65 |     2.6466 |
|        1 |          5 |           930.50 |       930.50 |       950.10 |                  5.00 |                    5.00 |     70 |     2.7085 |
|        1 |          6 |           930.50 |       930.50 |       950.10 |                  5.00 |                    5.00 |     70 |     2.7672 |
|        1 |          7 |           930.50 |       930.50 |       949.60 |                  5.00 |                    5.00 |     73 |     2.8547 |
|        1 |          8 |           930.50 |       930.50 |       949.60 |                  5.00 |                    5.00 |     73 |     2.8869 |
|        1 |          9 |           930.50 |       930.50 |       948.20 |                  5.00 |                    5.00 |     75 |     2.9404 |
|        1 |         10 |           930.50 |       930.50 |       948.20 |                  5.00 |                    5.00 |     75 |     2.9769 |
|        1 |         11 |           930.50 |       930.50 |       948.50 |                  5.00 |                    5.00 |     75 |     3.0261 |
|        1 |         12 |           930.50 |       930.50 |       948.50 |                  5.00 |                    5.00 |     75 |     3.0717 |
|        1 |         13 |           930.50 |       930.50 |       948.50 |                  5.00 |                    5.00 |     75 |     3.1190 |
|        1 |         14 |           930.50 |       930.50 |       948.50 |                  5.00 |                    5.00 |     77 |     3.1594 |
|        1 |         15 |           930.50 |       930.50 |       948.50 |                  5.00 |                    5.00 |     77 |     3.2063 |
|        1 |         16 |           930.50 |       930.50 |       948.50 |                  5.00 |                    5.00 |     77 |     3.2428 |
|        1 |         17 |           930.50 |       930.50 |       944.30 |                  5.00 |                    5.00 |     81 |     3.3421 |
|        1 |         18 |           930.50 |       930.50 |       940.50 |                  5.00 |                    5.00 |     84 |     3.4296 |
|        1 |         19 |           930.50 |       930.50 |       940.50 |                  5.00 |                    5.00 |     84 |     3.4828 |
|        1 |         20 |           930.50 |       930.50 |       940.50 |                  5.00 |                    5.00 |     86 |     3.5378 |
|        1 |         21 |           930.50 |       930.50 |       946.30 |                  5.00 |                    5.00 |     87 |     3.5761 |
|        1 |         22 |           930.50 |       930.50 |       938.80 |                  5.00 |                    5.00 |     90 |     3.7276 |
|        1 |         23 |           930.50 |       930.50 |       938.80 |                  5.00 |                    5.00 |     90 |     3.7678 |
|        1 |         24 |           930.50 |       930.50 |       938.80 |                  5.00 |                    5.00 |     90 |     3.8204 |
|        1 |         25 |           930.50 |       930.50 |       938.80 |                  5.00 |                    5.00 |     90 |     3.8643 |
|        1 |         26 |           930.50 |       930.50 |       936.80 |                  5.00 |                    5.00 |     93 |     3.9430 |
|        1 |         27 |           930.50 |       930.50 |       946.10 |                  5.00 |                    5.00 |     96 |     3.9932 |
|        1 |         28 |           930.50 |       930.50 |       935.20 |                  5.00 |                    5.00 |     99 |     4.0672 |
|        1 |         29 |           930.50 |       930.50 |       954.30 |                  5.00 |                    5.00 |    103 |     4.1380 |
|        1 |         30 |           930.50 |       930.50 |       954.30 |                  5.00 |                    5.00 |    103 |     4.1840 |
|        1 |         31 |           930.50 |       930.50 |       954.30 |                  5.00 |                    5.00 |    103 |     4.2423 |
|        1 |         32 |           930.50 |       930.50 |       945.60 |                  5.00 |                    5.00 |    103 |     4.3229 |
|        1 |         33 |           930.50 |       930.50 |       940.50 |                  5.00 |                    5.00 |    104 |     4.3960 |
|        1 |         34 |           930.50 |       930.50 |       964.50 |                  5.00 |                    5.00 |    106 |     4.4655 |
|        1 |         35 |           930.50 |       930.50 |       969.60 |                  5.00 |                    5.00 |    106 |     4.5141 |
|        1 |         36 |           930.50 |       930.50 |       969.60 |                  5.00 |                    5.00 |    106 |     4.5538 |
|        1 |         37 |           930.50 |       930.50 |       966.20 |                  5.00 |                    5.00 |    108 |     4.6224 |
|        1 |         38 |           930.50 |       930.50 |       970.40 |                  5.00 |                    5.00 |    110 |     4.6824 |
|        1 |         39 |           930.50 |       930.50 |       957.30 |                  5.00 |                    5.00 |    110 |     4.7839 |
|        1 |         40 |           930.50 |       930.50 |       957.30 |                  5.00 |                    5.00 |    110 |     4.8455 |
|        1 |         41 |           930.50 |       930.50 |       958.40 |                  5.00 |                    5.00 |    110 |     4.9604 |
|        1 |         42 |           930.50 |       930.50 |       935.40 |                  5.00 |                    5.00 |    113 |     5.0766 |
|        1 |         43 |           930.50 |       930.50 |       935.40 |                  5.00 |                    5.00 |    113 |     5.1231 |
|        1 |         44 |           930.50 |       930.50 |       935.40 |                  5.00 |                    5.00 |    113 |     5.1838 |
|        1 |         45 |           930.50 |       930.50 |       938.60 |                  5.00 |                    5.00 |    114 |     5.2550 |
|        1 |         46 |           930.50 |       930.50 |       937.40 |                  5.00 |                    5.00 |    115 |     5.3140 |
|        1 |         47 |           930.50 |       930.50 |       937.40 |                  5.00 |                    5.00 |    115 |     5.3651 |
|        1 |         48 |           930.50 |       930.50 |       937.40 |                  5.00 |                    5.00 |    115 |     5.4199 |
|        1 |         49 |           930.50 |       930.50 |       937.40 |                  5.00 |                    5.00 |    115 |     5.4716 |
|        1 |         50 |           930.50 |       930.50 |       937.40 |                  5.00 |                    5.00 |    115 |     5.5159 |
|        1 |         51 |           930.50 |       930.50 |       937.40 |                  5.00 |                    5.00 |    115 |     5.5627 |
|        1 |          0 |           929.10 |       929.10 |       929.10 |                  5.00 |                    5.00 |    116 |     5.6621 |
|        1 |          1 |           929.10 |       929.10 |       929.10 |                  5.00 |                    5.00 |    116 |     5.7287 |
|        1 |          2 |           929.10 |       929.10 |       929.10 |                  5.00 |                    5.00 |    116 |     5.7902 |
|        1 |          3 |           929.10 |       929.10 |       952.60 |                  5.00 |                    5.00 |    119 |     5.8538 |
|        1 |          4 |           929.10 |       929.10 |       951.80 |                  5.00 |                    5.00 |    119 |     5.9113 |
|        1 |          5 |           929.10 |       929.10 |       951.80 |                  5.00 |                    5.00 |    119 |     5.9674 |
|        1 |          6 |           929.10 |       929.10 |       951.80 |                  5.00 |                    5.00 |    119 |     6.0101 |
|        1 |          7 |           929.10 |       929.10 |       951.30 |                  5.00 |                    5.00 |    121 |     6.1141 |
|        1 |          8 |           929.10 |       929.10 |       961.80 |                  5.00 |                    5.26 |    123 |     6.1920 |
|        1 |          9 |           929.10 |       929.10 |       960.20 |                  5.00 |                    5.00 |    126 |     6.2919 |
|        1 |         10 |           929.10 |       929.10 |       960.20 |                  5.00 |                    5.00 |    126 |     6.3415 |
|        1 |         11 |           929.10 |       929.10 |       952.40 |                  5.00 |                    5.00 |    126 |     6.4529 |
|        1 |         12 |           929.10 |       929.10 |       979.10 |                  5.00 |                    5.00 |    129 |     6.5137 |
|        1 |         13 |           929.10 |       929.10 |       979.10 |                  5.00 |                    5.00 |    130 |     6.5772 |
|        1 |         14 |           929.10 |       929.10 |       980.40 |                  5.00 |                    5.00 |    135 |     6.6580 |
|        1 |         15 |           929.10 |       929.10 |       980.40 |                  5.00 |                    5.00 |    135 |     6.7456 |
|        1 |         16 |           929.10 |       929.10 |       964.80 |                  5.00 |                    5.00 |    140 |     6.8777 |
|        1 |         17 |           929.10 |       929.10 |       959.00 |                  5.00 |                    5.00 |    143 |     6.9668 |
|        1 |         18 |           929.10 |       929.10 |       968.20 |                  5.00 |                    5.00 |    145 |     7.0354 |
|        1 |         19 |           929.10 |       929.10 |       968.20 |                  5.00 |                    5.00 |    145 |     7.0637 |
|        1 |         20 |           929.10 |       929.10 |       955.90 |                  5.00 |                    5.00 |    148 |     7.1208 |
|        1 |         21 |           929.10 |       929.10 |       951.70 |                  5.00 |                    5.00 |    152 |     7.2349 |
|        1 |         22 |           929.10 |       929.10 |       951.40 |                  5.00 |                    5.00 |    153 |     7.2875 |
|        1 |         23 |           929.10 |       929.10 |       934.40 |                  5.00 |                    5.00 |    155 |     7.3648 |
|        1 |         24 |           929.10 |       929.10 |       934.40 |                  5.00 |                    5.00 |    155 |     7.4032 |
|        1 |         25 |           929.10 |       929.10 |       934.40 |                  5.00 |                    5.00 |    155 |     7.4449 |
|        1 |         26 |           929.10 |       929.10 |       934.40 |                  5.00 |                    5.00 |    155 |     7.4828 |
|        1 |         27 |           929.10 |       929.10 |       934.40 |                  5.00 |                    5.00 |    155 |     7.5250 |
|        1 |         28 |           929.10 |       929.10 |       934.40 |                  5.00 |                    5.00 |    155 |     7.5897 |
|        1 |         29 |           929.10 |       929.10 |       934.20 |                  5.00 |                    5.00 |    156 |     7.6690 |
|        1 |         30 |           929.10 |       929.10 |       934.20 |                  5.00 |                    5.00 |    156 |     7.7104 |
|        1 |         31 |           929.10 |       929.10 |       930.30 |                  5.00 |                    5.00 |    157 |     7.7521 |
|        1 |         32 |           929.10 |       929.10 |       930.30 |                  5.00 |                    5.00 |    157 |     7.8037 |
|        1 |         33 |           929.10 |       929.10 |       930.30 |                  5.00 |                    5.00 |    157 |     7.8440 |
|        1 |          0 |           925.60 |       925.60 |       925.60 |                  5.00 |                    5.00 |    160 |     7.9240 |
|        1 |          1 |           925.60 |       925.60 |       925.60 |                  5.00 |                    5.00 |    160 |     7.9556 |
|        1 |          2 |           925.60 |       925.60 |       925.60 |                  5.00 |                    5.00 |    160 |     7.9949 |
|        1 |          3 |           925.60 |       925.60 |       925.90 |                  5.00 |                    5.00 |    160 |     8.0559 |
|        1 |          0 |           922.20 |       922.20 |       922.20 |                  5.00 |                    5.00 |    160 |     8.1341 |
|        1 |          1 |           922.20 |       922.20 |       922.20 |                  5.00 |                    5.00 |    160 |     8.1956 |
|        1 |          2 |           922.20 |       922.20 |       925.60 |                  5.00 |                    5.00 |    160 |     8.2921 |
|        1 |          3 |           922.20 |       922.20 |       925.60 |                  5.00 |                    5.00 |    160 |     8.3308 |
|        1 |          4 |           922.20 |       922.20 |       925.60 |                  5.00 |                    5.00 |    160 |     8.3849 |
|        1 |          5 |           922.20 |       922.20 |       947.40 |                  5.00 |                    5.00 |    164 |     8.4462 |
|        1 |          6 |           922.20 |       922.20 |       947.40 |                  5.00 |                    5.00 |    164 |     8.4905 |
|        1 |          7 |           922.20 |       922.20 |       978.50 |                  5.00 |                    5.00 |    166 |     8.5359 |
|        1 |          8 |           922.20 |       922.20 |       999.10 |                  5.00 |                    5.00 |    172 |     8.6256 |
|        1 |          9 |           922.20 |       922.20 |       978.70 |                  5.00 |                    5.00 |    173 |     8.6949 |
|        1 |         10 |           922.20 |       922.20 |       978.70 |                  5.00 |                    5.00 |    173 |     8.7477 |
|        1 |         11 |           922.20 |       922.20 |       960.80 |                  5.00 |                    5.00 |    178 |     8.8099 |
|        1 |         12 |           922.20 |       922.20 |       960.80 |                  5.00 |                    5.00 |    178 |     8.8601 |
|        1 |         13 |           922.20 |       922.20 |       925.60 |                  5.00 |                    5.00 |    183 |     8.9513 |
|        1 |         14 |           922.20 |       922.20 |       925.60 |                  5.00 |                    5.00 |    183 |     9.0096 |
|        1 |         15 |           922.20 |       922.20 |       929.90 |                  5.00 |                    5.00 |    187 |     9.0585 |
|        1 |         16 |           922.20 |       922.20 |       963.60 |                  5.00 |                    5.00 |    190 |     9.1098 |
|        1 |         17 |           922.20 |       922.20 |       963.60 |                  5.00 |                    5.00 |    190 |     9.1542 |
|        1 |         18 |           922.20 |       922.20 |       963.60 |                  5.00 |                    5.00 |    190 |     9.2028 |
|        1 |         19 |           922.20 |       922.20 |       964.50 |                  5.00 |                    5.00 |    195 |     9.2874 |
|        1 |         20 |           922.20 |       922.20 |       960.60 |                  5.00 |                    5.00 |    198 |     9.3778 |
|        1 |         21 |           922.20 |       922.20 |       963.70 |                  5.00 |                    5.00 |    200 |     9.4453 |
|        1 |         22 |           922.20 |       922.20 |       991.10 |                  5.00 |                    5.00 |    205 |     9.5497 |
|        1 |         23 |           922.20 |       922.20 |       990.40 |                  5.00 |                    5.00 |    208 |     9.6189 |
|        1 |         24 |           922.20 |       922.20 |       962.60 |                  5.00 |                    5.00 |    211 |     9.7266 |
|        1 |         25 |           922.20 |       922.20 |       963.80 |                  5.00 |                    5.00 |    212 |     9.7711 |
|        1 |         26 |           922.20 |       922.20 |       962.40 |                  5.00 |                    5.00 |    214 |     9.8052 |
|        1 |         27 |           922.20 |       922.20 |       962.40 |                  5.00 |                    5.00 |    214 |     9.8567 |
|        1 |         28 |           922.20 |       922.20 |       962.40 |                  5.00 |                    5.00 |    214 |     9.9161 |
|        1 |         29 |           922.20 |       922.20 |       962.40 |                  5.00 |                    5.00 |    214 |     9.9641 |
|        1 |         30 |           922.20 |       922.20 |       962.40 |                  5.00 |                    5.00 |    214 |    10.0138 |
|        1 |         31 |           922.20 |       922.20 |       964.70 |                  5.00 |                    5.00 |    215 |    10.0723 |
|        1 |         32 |           922.20 |       922.20 |       964.70 |                  5.00 |                    5.00 |    215 |    10.1215 |
|        1 |         33 |           922.20 |       922.20 |       965.60 |                  5.00 |                    5.00 |    215 |    10.2030 |
|        1 |         34 |           922.20 |       922.20 |       967.10 |                  5.00 |                    5.00 |    220 |    10.3040 |
|        1 |         35 |           922.20 |       922.20 |       965.50 |                  5.00 |                    5.00 |    221 |    10.3565 |
|        1 |         36 |           922.20 |       922.20 |       966.80 |                  5.00 |                    5.00 |    227 |    10.5001 |
|        1 |         37 |           922.20 |       922.20 |       968.60 |                  5.00 |                    5.00 |    230 |    10.5820 |
|        1 |         38 |           922.20 |       922.20 |       968.60 |                  5.00 |                    5.00 |    230 |    10.6757 |
|        1 |         39 |           922.20 |       922.20 |       968.60 |                  5.00 |                    5.00 |    230 |    10.7374 |
|        1 |         40 |           922.20 |       922.20 |       941.80 |                  5.00 |                    5.00 |    234 |    10.8699 |
|        1 |         41 |           922.20 |       922.20 |       940.60 |                  5.00 |                    5.00 |    236 |    10.9522 |
|        1 |         42 |           922.20 |       922.20 |       936.20 |                  5.00 |                    5.00 |    238 |    11.0311 |
|        1 |         43 |           922.20 |       922.20 |       936.20 |                  5.00 |                    5.00 |    238 |    11.0836 |
|        1 |         44 |           922.20 |       922.20 |       936.20 |                  5.00 |                    5.00 |    238 |    11.1498 |
|        1 |         45 |           922.20 |       922.20 |       934.90 |                  5.00 |                    5.00 |    241 |    11.2172 |
|        1 |         46 |           922.20 |       922.20 |       934.90 |                  5.00 |                    5.00 |    241 |    11.2478 |
|        1 |         47 |           922.20 |       922.20 |       934.90 |                  5.00 |                    5.00 |    241 |    11.2970 |
|        1 |         48 |           922.20 |       922.20 |       942.10 |                  5.00 |                    5.00 |    243 |    11.3415 |
|        1 |         49 |           922.20 |       922.20 |       964.20 |                  5.00 |                    5.00 |    246 |    11.3949 |
|        1 |         50 |           922.20 |       922.20 |       964.20 |                  5.00 |                    5.00 |    246 |    11.4429 |
|        1 |         51 |           922.20 |       922.20 |       956.60 |                  5.00 |                    5.00 |    249 |    11.5685 |
|        1 |         52 |           922.20 |       922.20 |       949.50 |                  5.00 |                    5.00 |    252 |    11.6487 |
|        1 |         53 |           922.20 |       922.20 |       949.50 |                  5.00 |                    5.00 |    252 |    11.6995 |
|        1 |         54 |           922.20 |       922.20 |       973.50 |                  5.00 |                    5.00 |    253 |    11.7507 |
|        1 |         55 |           922.20 |       922.20 |       973.50 |                  5.00 |                    5.00 |    253 |    11.8032 |
|        1 |         56 |           922.20 |       922.20 |       971.60 |                  5.00 |                    5.00 |    253 |    11.8736 |
|        1 |         57 |           922.20 |       922.20 |       971.30 |                  5.00 |                    5.00 |    253 |    11.9190 |
|        1 |         58 |           922.20 |       922.20 |       976.40 |                  5.00 |                    5.00 |    255 |    11.9700 |
|        1 |         59 |           922.20 |       922.20 |       975.70 |                  5.00 |                    5.00 |    255 |    12.0126 |
|        1 |         60 |           922.20 |       922.20 |       975.70 |                  5.00 |                    5.00 |    255 |    12.0612 |
|        1 |         61 |           922.20 |       922.20 |       971.90 |                  5.00 |                    5.00 |    255 |    12.1274 |
|        1 |         62 |           922.20 |       922.20 |       943.00 |                  5.00 |                    5.00 |    257 |    12.2378 |
|        1 |         63 |           922.20 |       922.20 |       943.00 |                  5.00 |                    5.00 |    257 |    12.2841 |
|        1 |         64 |           922.20 |       922.20 |       941.70 |                  5.00 |                    5.00 |    259 |    12.3338 |
|        1 |         65 |           922.20 |       922.20 |       944.70 |                  5.00 |                    5.00 |    260 |    12.4194 |
|        1 |         66 |           922.20 |       922.20 |       944.70 |                  5.00 |                    5.00 |    260 |    12.5048 |
|        1 |         67 |           922.20 |       922.20 |       942.20 |                  5.00 |                    5.00 |    260 |    12.5859 |
|        1 |         68 |           922.20 |       922.20 |       941.50 |                  5.00 |                    5.00 |    260 |    12.6325 |
|        1 |         69 |           922.20 |       922.20 |       951.40 |                  5.00 |                    5.00 |    260 |    12.6898 |
|        1 |         70 |           922.20 |       922.20 |       952.10 |                  5.00 |                    5.00 |    260 |    12.7435 |
|        1 |         71 |           922.20 |       922.20 |       969.40 |                  5.00 |                    5.00 |    261 |    12.8106 |
|        1 |         72 |           922.20 |       922.20 |       955.50 |                  5.00 |                    5.00 |    261 |    12.8767 |
|        1 |         73 |           922.20 |       922.20 |       955.50 |                  5.00 |                    5.00 |    261 |    12.9264 |
|        1 |         74 |           922.20 |       922.20 |       955.50 |                  5.00 |                    5.00 |    261 |    12.9959 |
|        1 |         75 |           922.20 |       922.20 |       932.70 |                  5.00 |                    5.00 |    262 |    13.1140 |
|        1 |         76 |           922.20 |       922.20 |       928.50 |                  5.00 |                    5.00 |    263 |    13.2118 |
|        1 |         77 |           922.20 |       922.20 |       928.50 |                  5.00 |                    5.00 |    263 |    13.2588 |
|        1 |         78 |           922.20 |       922.20 |       928.50 |                  5.00 |                    5.00 |    263 |    13.3098 |
|        1 |         79 |           922.20 |       922.20 |       928.50 |                  5.00 |                    5.00 |    263 |    13.3840 |
|        1 |         80 |           922.20 |       922.20 |       928.50 |                  5.00 |                    5.00 |    263 |    13.4468 |
|        1 |         81 |           922.20 |       922.20 |       928.50 |                  5.00 |                    5.00 |    263 |    13.4965 |
|        1 |         82 |           922.20 |       922.20 |       937.30 |                  5.00 |                    5.00 |    265 |    13.6095 |
|        1 |         83 |           922.20 |       922.20 |       928.50 |                  5.00 |                    5.00 |    265 |    13.6699 |
|        1 |         84 |           922.20 |       922.20 |       928.50 |                  5.00 |                    5.00 |    265 |    13.7479 |
|        1 |         85 |           922.20 |       922.20 |       929.20 |                  5.00 |                    5.00 |    267 |    13.7987 |
|        1 |         86 |           922.20 |       922.20 |       927.00 |                  5.00 |                    5.00 |    268 |    13.8520 |
|        1 |         87 |           922.20 |       922.20 |       927.00 |                  5.00 |                    5.00 |    268 |    13.9020 |
|        1 |         88 |           922.20 |       922.20 |       927.00 |                  5.00 |                    5.00 |    268 |    13.9618 |
|        1 |         89 |           922.20 |       922.20 |       931.10 |                  5.00 |                    5.00 |    270 |    14.0157 |
|        1 |         90 |           922.20 |       922.20 |       931.10 |                  5.00 |                    5.00 |    270 |    14.0594 |
|        1 |         91 |           922.20 |       922.20 |       935.60 |                  5.00 |                    5.00 |    272 |    14.1186 |
|        1 |         92 |           922.20 |       922.20 |       935.60 |                  5.00 |                    5.00 |    272 |    14.1752 |
|        1 |         93 |           922.20 |       922.20 |       938.80 |                  5.00 |                    5.00 |    272 |    14.2427 |
|        1 |         94 |           922.20 |       922.20 |       966.30 |                  5.00 |                    5.00 |    276 |    14.3075 |
|        1 |         95 |           922.20 |       922.20 |       972.60 |                  5.00 |                    5.00 |    278 |    14.3616 |
|        1 |         96 |           922.20 |       922.20 |       968.20 |                  5.00 |                    5.00 |    279 |    14.4781 |
|        1 |         97 |           922.20 |       922.20 |       966.30 |                  5.00 |                    5.00 |    281 |    14.5498 |
|        1 |         98 |           922.20 |       922.20 |       946.50 |                  5.00 |                    5.00 |    284 |    14.6279 |
|        1 |         99 |           922.20 |       922.20 |       965.70 |                  5.00 |                    5.00 |    286 |    14.6828 |
|        1 |        100 |           922.20 |       922.20 |       954.10 |                  5.00 |                    5.00 |    287 |    14.7597 |
|        1 |        101 |           922.20 |       922.20 |       951.80 |                  5.00 |                    5.00 |    287 |    14.8055 |
|        1 |        102 |           922.20 |       922.20 |       951.80 |                  5.00 |                    5.00 |    287 |    14.8442 |
|        1 |        103 |           922.20 |       922.20 |       950.30 |                  5.00 |                    5.00 |    289 |    14.9215 |
|        1 |        104 |           922.20 |       922.20 |       950.30 |                  5.00 |                    5.00 |    289 |    14.9824 |
|        1 |        105 |           922.20 |       922.20 |       950.30 |                  5.00 |                    5.00 |    289 |    15.0280 |
|        1 |        106 |           922.20 |       922.20 |       944.00 |                  5.00 |                    5.00 |    289 |    15.0944 |
|        1 |        107 |           922.20 |       922.20 |       944.00 |                  5.00 |                    5.00 |    289 |    15.1390 |
|        1 |        108 |           922.20 |       922.20 |       944.00 |                  5.00 |                    5.00 |    289 |    15.1882 |
|        1 |        109 |           922.20 |       922.20 |       941.00 |                  5.00 |                    5.00 |    290 |    15.2547 |
|        1 |        110 |           922.20 |       922.20 |       938.80 |                  5.00 |                    5.00 |    293 |    15.3177 |
|        1 |        111 |           922.20 |       922.20 |       941.00 |                  5.00 |                    5.00 |    293 |    15.4666 |
|        1 |        112 |           922.20 |       922.20 |       941.00 |                  5.00 |                    5.00 |    293 |    15.5143 |
|        1 |        113 |           922.20 |       922.20 |       951.60 |                  5.00 |                    5.00 |    296 |    15.5565 |
|        1 |        114 |           922.20 |       922.20 |       945.30 |                  5.00 |                    5.00 |    298 |    15.6441 |
|        1 |        115 |           922.20 |       922.20 |       946.20 |                  5.00 |                    5.00 |    300 |    15.6878 |
|        1 |        116 |           922.20 |       922.20 |       952.50 |                  5.00 |                    5.00 |    300 |    15.7363 |
|        1 |        117 |           922.20 |       922.20 |       952.50 |                  5.00 |                    5.00 |    300 |    15.7981 |
|        1 |        118 |           922.20 |       922.20 |       952.50 |                  5.00 |                    5.00 |    300 |    15.8246 |
|        1 |        119 |           922.20 |       922.20 |       947.20 |                  5.00 |                    5.00 |    301 |    15.8723 |
|        1 |        120 |           922.20 |       922.20 |       942.70 |                  5.00 |                    5.00 |    303 |    15.9272 |
|        1 |        121 |           922.20 |       922.20 |       958.20 |                  5.00 |                    5.00 |    305 |    15.9758 |
|        1 |        122 |           922.20 |       922.20 |       958.20 |                  5.00 |                    5.00 |    305 |    16.0227 |
|        1 |        123 |           922.20 |       922.20 |       958.20 |                  5.00 |                    5.00 |    305 |    16.0900 |
|        1 |        124 |           922.20 |       922.20 |       945.70 |                  5.00 |                    5.00 |    308 |    16.1536 |
|        1 |        125 |           922.20 |       922.20 |       945.70 |                  5.00 |                    5.00 |    309 |    16.1989 |
|        1 |        126 |           922.20 |       922.20 |       945.70 |                  5.00 |                    5.00 |    309 |    16.2486 |
|        1 |        127 |           922.20 |       922.20 |       976.90 |                  5.00 |                    5.00 |    312 |    16.2979 |
|        1 |        128 |           922.20 |       922.20 |       955.40 |                  5.00 |                    5.00 |    313 |    16.3555 |
|        1 |        129 |           922.20 |       922.20 |       963.50 |                  5.00 |                    5.00 |    316 |    16.4426 |
|        1 |        130 |           922.20 |       922.20 |       963.40 |                  5.00 |                    5.00 |    316 |    16.5367 |
|        1 |        131 |           922.20 |       922.20 |       963.40 |                  5.00 |                    5.00 |    316 |    16.5788 |
|        1 |        132 |           922.20 |       922.20 |       963.40 |                  5.00 |                    5.00 |    317 |    16.6360 |
|        1 |        133 |           922.20 |       922.20 |       961.50 |                  5.00 |                    5.00 |    319 |    16.6726 |
|        1 |        134 |           922.20 |       922.20 |       961.50 |                  5.00 |                    5.00 |    319 |    16.7179 |
|        1 |        135 |           922.20 |       922.20 |       961.50 |                  5.00 |                    5.00 |    319 |    16.7807 |
|        1 |        136 |           922.20 |       922.20 |       961.50 |                  5.00 |                    5.00 |    319 |    16.8230 |
|        1 |        137 |           922.20 |       922.20 |       961.50 |                  5.00 |                    5.00 |    319 |    16.8730 |
|        1 |        138 |           922.20 |       922.20 |       956.40 |                  5.00 |                    5.00 |    321 |    16.9904 |
|        1 |        139 |           922.20 |       922.20 |       956.40 |                  5.00 |                    5.00 |    321 |    17.0422 |
|        1 |        140 |           922.20 |       922.20 |       961.70 |                  5.00 |                    5.00 |    321 |    17.0962 |
|        1 |        141 |           922.20 |       922.20 |       961.70 |                  5.00 |                    5.00 |    321 |    17.1518 |
|        1 |        142 |           922.20 |       922.20 |       961.70 |                  5.00 |                    5.00 |    321 |    17.2010 |
|        1 |        143 |           922.20 |       922.20 |       959.60 |                  5.00 |                    5.00 |    322 |    17.2919 |
|        1 |        144 |           922.20 |       922.20 |       953.50 |                  5.00 |                    5.00 |    325 |    17.3797 |
|        1 |        145 |           922.20 |       922.20 |       964.00 |                  5.00 |                    5.00 |    328 |    17.4313 |
|        1 |        146 |           922.20 |       922.20 |       967.20 |                  5.00 |                    5.00 |    328 |    17.4998 |
|        1 |        147 |           922.20 |       922.20 |       967.20 |                  5.00 |                    5.00 |    328 |    17.5539 |
|        1 |        148 |           922.20 |       922.20 |       969.30 |                  5.00 |                    5.00 |    328 |    17.6210 |
|        1 |        149 |           922.20 |       922.20 |       939.90 |                  5.00 |                    5.00 |    331 |    17.6999 |
|        1 |        150 |           922.20 |       922.20 |       939.90 |                  5.00 |                    5.00 |    331 |    17.7466 |
|        1 |        151 |           922.20 |       922.20 |       939.90 |                  5.00 |                    5.00 |    331 |    17.7939 |
|        1 |        152 |           922.20 |       922.20 |       939.50 |                  5.00 |                    5.00 |    334 |    17.8617 |
|        1 |        153 |           922.20 |       922.20 |       937.90 |                  5.00 |                    5.00 |    334 |    17.9131 |
|        1 |        154 |           922.20 |       922.20 |       936.30 |                  5.00 |                    5.00 |    336 |    17.9741 |
|        1 |        155 |           922.20 |       922.20 |       937.30 |                  5.00 |                    5.00 |    337 |    18.0553 |
|        1 |        156 |           922.20 |       922.20 |       938.90 |                  5.00 |                    5.00 |    337 |    18.1533 |
|        1 |        157 |           922.20 |       922.20 |       947.90 |                  5.00 |                    5.00 |    338 |    18.2139 |
|        1 |        158 |           922.20 |       922.20 |       948.20 |                  5.00 |                    5.00 |    338 |    18.2704 |
|        1 |        159 |           922.20 |       922.20 |       948.20 |                  5.00 |                    5.00 |    338 |    18.3056 |
|        1 |        160 |           922.20 |       922.20 |       948.20 |                  5.00 |                    5.00 |    338 |    18.3635 |
|        1 |        161 |           922.20 |       922.20 |       948.20 |                  5.00 |                    5.00 |    338 |    18.3992 |
|        1 |        162 |           922.20 |       922.20 |       948.20 |                  5.00 |                    5.00 |    338 |    18.4564 |
|        1 |        163 |           922.20 |       922.20 |       952.50 |                  5.00 |                    5.00 |    339 |    18.5091 |
|        1 |        164 |           922.20 |       922.20 |       952.50 |                  5.00 |                    5.00 |    339 |    18.5518 |
|        1 |        165 |           922.20 |       922.20 |       968.90 |                  5.00 |                    5.00 |    342 |    18.6077 |
|        1 |        166 |           922.20 |       922.20 |       955.30 |                  5.00 |                    5.00 |    342 |    18.7424 |
|        1 |        167 |           922.20 |       922.20 |       951.40 |                  5.00 |                    5.00 |    345 |    18.8469 |
|        1 |        168 |           922.20 |       922.20 |       945.90 |                  5.00 |                    5.00 |    345 |    18.8965 |
|        1 |        169 |           922.20 |       922.20 |       945.90 |                  5.00 |                    5.00 |    345 |    18.9538 |
|        1 |        170 |           922.20 |       922.20 |       945.90 |                  5.00 |                    5.00 |    345 |    19.0009 |
|        1 |        171 |           922.20 |       922.20 |       945.90 |                  5.00 |                    5.00 |    345 |    19.0474 |
|        1 |        172 |           922.20 |       922.20 |       946.30 |                  5.00 |                    5.00 |    345 |    19.1138 |
|        1 |        173 |           922.20 |       922.20 |       964.00 |                  5.00 |                    5.00 |    348 |    19.1806 |
|        1 |        174 |           922.20 |       922.20 |       961.90 |                  5.00 |                    5.00 |    351 |    19.2394 |
|        1 |        175 |           922.20 |       922.20 |       961.90 |                  5.00 |                    5.00 |    351 |    19.2810 |
|        1 |        176 |           922.20 |       922.20 |       959.80 |                  5.00 |                    5.00 |    353 |    19.3399 |
|        1 |        177 |           922.20 |       922.20 |       944.30 |                  5.00 |                    5.00 |    358 |    19.3989 |
|        1 |        178 |           922.20 |       922.20 |       941.30 |                  5.00 |                    5.00 |    358 |    19.4753 |
|        1 |        179 |           922.20 |       922.20 |       941.30 |                  5.00 |                    5.00 |    358 |    19.5167 |
|        1 |        180 |           922.20 |       922.20 |       941.30 |                  5.00 |                    5.00 |    358 |    19.5525 |
|        1 |        181 |           922.20 |       922.20 |       941.30 |                  5.00 |                    5.00 |    358 |    19.5906 |
|        1 |        182 |           922.20 |       922.20 |       936.10 |                  5.00 |                    5.00 |    359 |    19.6995 |
|        1 |        183 |           922.20 |       922.20 |       936.10 |                  5.00 |                    5.00 |    359 |    19.7448 |
|        1 |        184 |           922.20 |       922.20 |       936.10 |                  5.00 |                    5.00 |    359 |    19.8070 |
|        1 |        185 |           922.20 |       922.20 |       934.10 |                  5.00 |                    5.00 |    359 |    19.8601 |
|        1 |        186 |           922.20 |       922.20 |       934.10 |                  5.00 |                    5.00 |    359 |    19.9058 |
|        1 |        187 |           922.20 |       922.20 |       934.10 |                  5.00 |                    5.00 |    359 |    19.9566 |
|        1 |        188 |           922.20 |       922.20 |       934.10 |                  5.00 |                    5.00 |    359 |    19.9967 |
------------------------------------------------------------------------------------------------------------------------------------------------
|  Restart |  Iteration |  Best Feas. Cost |    Best Cost |   Curr. Cost |   Penalty Custom Res. |   Penalty Standard Res. |   Pool |   Time (s) |
------------------------------------------------------------------------------------------------------------------------------------------------
|        1 |        189 |           922.20 |       922.20 |       976.00 |                  5.00 |                    5.00 |    362 |    20.0430 |
|        1 |        190 |           922.20 |       922.20 |       977.70 |                  5.00 |                    5.00 |    363 |    20.0932 |
|        1 |        191 |           922.20 |       922.20 |       988.00 |                  5.00 |                    5.00 |    366 |    20.1313 |
|        1 |        192 |           922.20 |       922.20 |       988.00 |                  5.00 |                    5.00 |    366 |    20.1664 |
|        1 |        193 |           922.20 |       922.20 |       988.00 |                  5.00 |                    5.00 |    366 |    20.2125 |
|        1 |        194 |           922.20 |       922.20 |       986.90 |                  5.00 |                    5.00 |    367 |    20.2545 |
|        1 |        195 |           922.20 |       922.20 |       986.90 |                  5.00 |                    5.00 |    367 |    20.2998 |
|        1 |        196 |           922.20 |       922.20 |       979.70 |                  5.00 |                    5.00 |    371 |    20.3472 |
|        1 |        197 |           922.20 |       922.20 |       979.70 |                  5.00 |                    5.00 |    371 |    20.3991 |
|        1 |        198 |           922.20 |       922.20 |       971.70 |                  5.00 |                    5.00 |    373 |    20.4738 |
|        1 |        199 |           922.20 |       922.20 |       971.70 |                  5.00 |                    5.00 |    373 |    20.5229 |
|        1 |        200 |           922.20 |       922.20 |       971.70 |                  5.00 |                    5.00 |    373 |    20.5668 |
|        1 |        201 |           922.20 |       922.20 |       971.70 |                  5.00 |                    5.00 |    373 |    20.6137 |
|        1 |        202 |           922.20 |       922.20 |       971.70 |                  5.00 |                    5.00 |    373 |    20.6541 |
|        1 |        203 |           922.20 |       922.20 |       971.70 |                  5.00 |                    5.00 |    373 |    20.6981 |
|        1 |        204 |           922.20 |       922.20 |       947.60 |                  5.00 |                    5.00 |    377 |    20.8133 |
|        1 |        205 |           922.20 |       922.20 |       947.60 |                  5.00 |                    5.00 |    377 |    20.8695 |
|        1 |        206 |           922.20 |       922.20 |       947.60 |                  5.00 |                    5.00 |    377 |    20.9225 |
|        1 |        207 |           922.20 |       922.20 |       947.60 |                  5.00 |                    5.00 |    377 |    20.9777 |
|        1 |        208 |           922.20 |       922.20 |       952.90 |                  5.00 |                    5.00 |    377 |    21.0234 |
|        1 |        209 |           922.20 |       922.20 |       952.90 |                  5.00 |                    5.00 |    377 |    21.0673 |
|        1 |        210 |           922.20 |       922.20 |       968.40 |                  5.00 |                    5.00 |    381 |    21.1207 |
|        1 |        211 |           922.20 |       922.20 |       970.70 |                  5.00 |                    5.00 |    385 |    21.1670 |
|        1 |        212 |           922.20 |       922.20 |       970.70 |                  5.00 |                    5.00 |    385 |    21.2006 |
|        1 |        213 |           922.20 |       922.20 |       970.70 |                  5.00 |                    5.00 |    385 |    21.2403 |
|        1 |        214 |           922.20 |       922.20 |       970.70 |                  5.00 |                    5.00 |    385 |    21.2899 |
|        1 |        215 |           922.20 |       922.20 |       970.70 |                  5.00 |                    5.00 |    385 |    21.3325 |
|        1 |        216 |           922.20 |       922.20 |       956.70 |                  5.00 |                    5.00 |    388 |    21.4047 |
|        1 |        217 |           922.20 |       922.20 |       994.40 |                  5.00 |                    5.00 |    390 |    21.4536 |
|        1 |        218 |           922.20 |       922.20 |       973.20 |                  5.00 |                    5.00 |    393 |    21.5419 |
|        1 |        219 |           922.20 |       922.20 |       970.10 |                  5.00 |                    5.00 |    397 |    21.6123 |
|        1 |        220 |           922.20 |       922.20 |       972.20 |                  5.00 |                    5.00 |    400 |    21.6998 |
|        1 |        221 |           922.20 |       922.20 |       972.00 |                  5.00 |                    5.00 |    403 |    21.7808 |
|        1 |        222 |           922.20 |       922.20 |       969.60 |                  5.00 |                    5.00 |    406 |    21.8380 |
|        1 |        223 |           922.20 |       922.20 |       969.60 |                  5.00 |                    5.00 |    406 |    21.8734 |
|        1 |        224 |           922.20 |       922.20 |       969.60 |                  5.00 |                    5.00 |    406 |    21.9222 |
|        1 |        225 |           922.20 |       922.20 |       969.60 |                  5.00 |                    5.00 |    406 |    21.9718 |
|        1 |        226 |           922.20 |       922.20 |       969.60 |                  5.00 |                    5.00 |    406 |    22.0231 |
|        1 |        227 |           922.20 |       922.20 |       969.60 |                  5.00 |                    5.00 |    406 |    22.0883 |
|        1 |        228 |           922.20 |       922.20 |       965.60 |                  5.00 |                    5.00 |    409 |    22.1969 |
|        1 |        229 |           922.20 |       922.20 |       966.50 |                  5.00 |                    5.00 |    410 |    22.2510 |
|        1 |        230 |           922.20 |       922.20 |       965.60 |                  5.00 |                    5.00 |    411 |    22.3060 |
|        1 |        231 |           922.20 |       922.20 |       966.50 |                  5.00 |                    5.00 |    412 |    22.3693 |
|        1 |        232 |           922.20 |       922.20 |       966.50 |                  5.00 |                    5.00 |    412 |    22.4179 |
|        1 |        233 |           922.20 |       922.20 |       951.30 |                  5.00 |                    5.00 |    414 |    22.4794 |
|        1 |        234 |           922.20 |       922.20 |       951.00 |                  5.00 |                    5.00 |    415 |    22.5367 |
|        1 |        235 |           922.20 |       922.20 |       951.00 |                  5.00 |                    5.00 |    415 |    22.5928 |
|        1 |        236 |           922.20 |       922.20 |       960.20 |                  5.00 |                    5.00 |    418 |    22.6358 |
|        1 |        237 |           922.20 |       922.20 |       957.70 |                  5.00 |                    5.00 |    420 |    22.7058 |
|        1 |        238 |           922.20 |       922.20 |       957.70 |                  5.00 |                    5.00 |    420 |    22.7425 |
|        1 |        239 |           922.20 |       922.20 |       957.70 |                  5.00 |                    5.00 |    420 |    22.7915 |
|        1 |        240 |           922.20 |       922.20 |       957.70 |                  5.00 |                    5.00 |    420 |    22.8524 |
|        1 |        241 |           922.20 |       922.20 |       967.50 |                  5.00 |                    5.00 |    423 |    22.9300 |
|        1 |        242 |           922.20 |       922.20 |       967.50 |                  5.00 |                    5.00 |    423 |    22.9757 |
|        1 |        243 |           922.20 |       922.20 |       967.00 |                  5.00 |                    5.00 |    427 |    23.0203 |
|        1 |        244 |           922.20 |       922.20 |       967.00 |                  5.00 |                    5.00 |    427 |    23.0724 |
|        1 |        245 |           922.20 |       922.20 |       968.00 |                  5.00 |                    5.00 |    430 |    23.1149 |
|        1 |        246 |           922.20 |       922.20 |       968.00 |                  5.00 |                    5.00 |    430 |    23.1552 |
|        1 |        247 |           922.20 |       922.20 |       972.80 |                  5.00 |                    5.00 |    434 |    23.2066 |
|        1 |        248 |           922.20 |       922.20 |       971.30 |                  5.00 |                    5.00 |    434 |    23.2524 |
|        1 |        249 |           922.20 |       922.20 |       961.00 |                  5.00 |                    5.00 |    437 |    23.2980 |
|        1 |        250 |           922.20 |       922.20 |       961.00 |                  5.00 |                    5.00 |    437 |    23.3580 |
|        1 |        251 |           922.20 |       922.20 |       961.00 |                  5.00 |                    5.00 |    439 |    23.4193 |
|        1 |        252 |           922.20 |       922.20 |       959.50 |                  5.00 |                    5.00 |    441 |    23.4929 |
|        1 |        253 |           922.20 |       922.20 |       959.50 |                  5.00 |                    5.00 |    441 |    23.5343 |
|        1 |        254 |           922.20 |       922.20 |       959.50 |                  5.00 |                    5.00 |    441 |    23.5790 |
|        1 |        255 |           922.20 |       922.20 |       976.70 |                  5.00 |                    5.00 |    444 |    23.6374 |
|        1 |        256 |           922.20 |       922.20 |       976.70 |                  5.00 |                    5.00 |    444 |    23.6769 |
|        1 |        257 |           922.20 |       922.20 |       976.70 |                  5.00 |                    5.00 |    444 |    23.7169 |
|        1 |        258 |           922.20 |       922.20 |       959.50 |                  5.00 |                    5.00 |    446 |    23.8871 |
|        1 |        259 |           922.20 |       922.20 |       959.50 |                  5.00 |                    5.00 |    446 |    23.9434 |
|        1 |        260 |           922.20 |       922.20 |       959.50 |                  5.00 |                    5.00 |    446 |    23.9933 |
|        1 |        261 |           922.20 |       922.20 |       958.00 |                  5.00 |                    5.00 |    449 |    24.0598 |
|        1 |        262 |           922.20 |       922.20 |       957.50 |                  5.00 |                    5.00 |    451 |    24.1014 |
|        1 |        263 |           922.20 |       922.20 |       959.10 |                  5.00 |                    5.00 |    453 |    24.1741 |
|        1 |        264 |           922.20 |       922.20 |       986.90 |                  5.00 |                    5.00 |    458 |    24.2186 |
|        1 |        265 |           922.20 |       922.20 |       959.70 |                  5.00 |                    5.00 |    461 |    24.3366 |
|        1 |        266 |           922.20 |       922.20 |       959.70 |                  5.00 |                    5.00 |    461 |    24.3893 |
|        1 |        267 |           922.20 |       922.20 |       959.50 |                  5.00 |                    5.00 |    461 |    24.4499 |
|        1 |        268 |           922.20 |       922.20 |       959.30 |                  5.00 |                    5.00 |    464 |    24.5343 |
|        1 |        269 |           922.20 |       922.20 |       959.60 |                  5.00 |                    5.00 |    464 |    24.5789 |
|        1 |        270 |           922.20 |       922.20 |       956.70 |                  5.00 |                    5.00 |    466 |    24.6485 |
|        1 |        271 |           922.20 |       922.20 |       956.70 |                  5.00 |                    5.00 |    466 |    24.6863 |
|        1 |        272 |           922.20 |       922.20 |       956.70 |                  5.00 |                    5.00 |    466 |    24.7290 |
|        1 |        273 |           922.20 |       922.20 |       956.70 |                  5.00 |                    5.00 |    466 |    24.7785 |
|        1 |        274 |           922.20 |       922.20 |       959.60 |                  5.00 |                    5.00 |    466 |    24.8355 |
|        1 |        275 |           922.20 |       922.20 |       959.60 |                  5.00 |                    5.00 |    466 |    24.8783 |
|        1 |        276 |           922.20 |       922.20 |       956.70 |                  5.00 |                    5.00 |    466 |    24.9301 |
|        1 |        277 |           922.20 |       922.20 |       966.40 |                  5.00 |                    5.00 |    469 |    24.9772 |
|        1 |        278 |           922.20 |       922.20 |       966.40 |                  5.00 |                    5.00 |    469 |    25.0220 |
|        1 |        279 |           922.20 |       922.20 |       962.60 |                  5.00 |                    5.00 |    471 |    25.1093 |
|        1 |        280 |           922.20 |       922.20 |       977.20 |                  5.00 |                    5.00 |    474 |    25.2537 |
|        1 |        281 |           922.20 |       922.20 |       969.30 |                  5.00 |                    5.00 |    476 |    25.3256 |
|        1 |        282 |           922.20 |       922.20 |       969.00 |                  5.00 |                    5.00 |    479 |    25.4186 |
|        1 |        283 |           922.20 |       922.20 |       940.20 |                  5.00 |                    5.00 |    481 |    25.5498 |
|        1 |        284 |           922.20 |       922.20 |       940.20 |                  5.00 |                    5.00 |    481 |    25.6061 |
|        1 |        285 |           922.20 |       922.20 |       940.20 |                  5.00 |                    5.00 |    481 |    25.6650 |
|        1 |        286 |           922.20 |       922.20 |       940.20 |                  5.00 |                    5.00 |    481 |    25.7170 |
|        1 |        287 |           922.20 |       922.20 |       940.20 |                  5.00 |                    5.00 |    481 |    25.7818 |
|        1 |        288 |           922.20 |       922.20 |       940.20 |                  5.00 |                    5.00 |    481 |    25.8216 |
|        1 |        289 |           922.20 |       922.20 |       940.20 |                  5.00 |                    5.00 |    481 |    25.8661 |
|        1 |        290 |           922.20 |       922.20 |       946.60 |                  5.00 |                    5.00 |    481 |    25.9106 |
|        1 |        291 |           922.20 |       922.20 |       957.00 |                  5.00 |                    5.00 |    481 |    25.9513 |
|        1 |        292 |           922.20 |       922.20 |       940.20 |                  5.00 |                    5.00 |    481 |    26.0294 |
|        1 |        293 |           922.20 |       922.20 |       948.50 |                  5.00 |                    5.00 |    483 |    26.0830 |
|        1 |        294 |           922.20 |       922.20 |       948.50 |                  5.00 |                    5.00 |    483 |    26.1207 |
|        1 |        295 |           922.20 |       922.20 |       945.00 |                  5.00 |                    5.00 |    484 |    26.1999 |
|        1 |        296 |           922.20 |       922.20 |       944.30 |                  5.00 |                    5.00 |    485 |    26.2713 |
|        1 |        297 |           922.20 |       922.20 |       944.30 |                  5.00 |                    5.00 |    485 |    26.3134 |
|        1 |        298 |           922.20 |       922.20 |       944.30 |                  5.00 |                    5.00 |    485 |    26.3613 |
|        1 |        299 |           922.20 |       922.20 |       945.30 |                  5.00 |                    5.00 |    486 |    26.4409 |
|        1 |        300 |           922.20 |       922.20 |       945.30 |                  5.00 |                    5.00 |    486 |    26.4863 |
|        1 |        301 |           922.20 |       922.20 |       970.70 |                  5.00 |                    5.00 |    488 |    26.5354 |
|        1 |        302 |           922.20 |       922.20 |       970.70 |                  5.00 |                    5.00 |    488 |    26.5728 |
|        1 |        303 |           922.20 |       922.20 |       945.30 |                  5.00 |                    5.00 |    488 |    26.6188 |
|        1 |        304 |           922.20 |       922.20 |       945.30 |                  5.00 |                    5.00 |    488 |    26.6784 |
|        1 |        305 |           922.20 |       922.20 |       942.50 |                  5.00 |                    5.00 |    488 |    26.7789 |
|        1 |        306 |           922.20 |       922.20 |       942.50 |                  5.00 |                    5.00 |    488 |    26.8321 |
|        1 |        307 |           922.20 |       922.20 |       942.50 |                  5.00 |                    5.00 |    488 |    26.8863 |
|        1 |        308 |           922.20 |       922.20 |       942.50 |                  5.00 |                    5.00 |    488 |    26.9416 |
|        1 |        309 |           922.20 |       922.20 |       942.50 |                  5.00 |                    5.00 |    488 |    26.9992 |
|        1 |        310 |           922.20 |       922.20 |       942.50 |                  5.00 |                    5.00 |    488 |    27.0544 |
|        1 |        311 |           922.20 |       922.20 |       942.50 |                  5.00 |                    5.00 |    488 |    27.1104 |
|        1 |        312 |           922.20 |       922.20 |       942.20 |                  5.00 |                    5.00 |    490 |    27.2264 |
|        1 |        313 |           922.20 |       922.20 |       942.20 |                  5.00 |                    5.00 |    490 |    27.2808 |
|        1 |        314 |           922.20 |       922.20 |       942.20 |                  5.00 |                    5.00 |    490 |    27.3263 |
|        1 |        315 |           922.20 |       922.20 |       944.90 |                  5.00 |                    5.00 |    491 |    27.3863 |
|        1 |        316 |           922.20 |       922.20 |       944.90 |                  5.00 |                    5.00 |    491 |    27.4293 |
|        1 |        317 |           922.20 |       922.20 |       944.60 |                  5.00 |                    5.00 |    491 |    27.4915 |
|        1 |        318 |           922.20 |       922.20 |       944.90 |                  5.00 |                    5.00 |    491 |    27.5450 |
|        1 |        319 |           922.20 |       922.20 |       944.90 |                  5.00 |                    5.00 |    491 |    27.5975 |
|        1 |        320 |           922.20 |       922.20 |       944.90 |                  5.00 |                    5.00 |    491 |    27.6376 |
|        1 |        321 |           922.20 |       922.20 |       944.90 |                  5.00 |                    5.00 |    491 |    27.6886 |
|        1 |        322 |           922.20 |       922.20 |       945.50 |                  5.00 |                    5.00 |    491 |    27.7640 |
|        1 |        323 |           922.20 |       922.20 |       946.50 |                  5.00 |                    5.00 |    493 |    27.8662 |
|        1 |        324 |           922.20 |       922.20 |       944.90 |                  5.00 |                    5.00 |    495 |    27.9783 |
|        1 |        325 |           922.20 |       922.20 |       949.20 |                  5.00 |                    5.00 |    498 |    28.0193 |
|        1 |        326 |           922.20 |       922.20 |       949.20 |                  5.00 |                    5.00 |    498 |    28.0504 |
|        1 |        327 |           922.20 |       922.20 |       945.50 |                  5.00 |                    5.00 |    498 |    28.1629 |
|        1 |        328 |           922.20 |       922.20 |       939.90 |                  5.00 |                    5.00 |    498 |    28.2256 |
|        1 |        329 |           922.20 |       922.20 |       939.90 |                  5.00 |                    5.00 |    498 |    28.3150 |
|        1 |        330 |           922.20 |       922.20 |       939.90 |                  5.00 |                    5.00 |    498 |    28.3550 |
|        1 |        331 |           922.20 |       922.20 |       939.90 |                  5.00 |                    5.00 |    498 |    28.3931 |
|        1 |        332 |           922.20 |       922.20 |       940.20 |                  5.00 |                    5.00 |    498 |    28.4437 |
|        1 |        333 |           922.20 |       922.20 |       940.20 |                  5.00 |                    5.00 |    498 |    28.4940 |
|        1 |        334 |           922.20 |       922.20 |       940.20 |                  5.00 |                    5.00 |    498 |    28.5559 |
|        1 |        335 |           922.20 |       922.20 |       940.20 |                  5.00 |                    5.00 |    498 |    28.6050 |
|        1 |        336 |           922.20 |       922.20 |       940.20 |                  5.00 |                    5.00 |    498 |    28.6649 |
|        1 |        337 |           922.20 |       922.20 |       942.90 |                  5.00 |                    5.00 |    500 |    28.7274 |
|        1 |        338 |           922.20 |       922.20 |       942.90 |                  5.00 |                    5.00 |    500 |    28.7799 |
|        1 |        339 |           922.20 |       922.20 |       942.90 |                  5.00 |                    5.00 |    500 |    28.8307 |
|        1 |        340 |           922.20 |       922.20 |       942.60 |                  5.00 |                    5.00 |    500 |    28.8710 |
|        1 |        341 |           922.20 |       922.20 |       939.20 |                  5.00 |                    5.00 |    502 |    28.9637 |
|        1 |        342 |           922.20 |       922.20 |       939.20 |                  5.00 |                    5.00 |    502 |    29.0198 |
|        1 |        343 |           922.20 |       922.20 |       939.20 |                  5.00 |                    5.00 |    502 |    29.0536 |
|        1 |        344 |           922.20 |       922.20 |       939.20 |                  5.00 |                    5.00 |    502 |    29.0932 |
|        1 |        345 |           922.20 |       922.20 |       939.20 |                  5.00 |                    5.00 |    502 |    29.1409 |
|        1 |        346 |           922.20 |       922.20 |       939.20 |                  5.00 |                    5.00 |    502 |    29.1906 |
|        1 |        347 |           922.20 |       922.20 |       939.20 |                  5.00 |                    5.00 |    502 |    29.2357 |
|        1 |        348 |           922.20 |       922.20 |       939.20 |                  5.00 |                    5.00 |    502 |    29.2911 |
|        1 |        349 |           922.20 |       922.20 |       945.30 |                  5.00 |                    5.00 |    503 |    29.3412 |
|        1 |        350 |           922.20 |       922.20 |       945.30 |                  5.00 |                    5.00 |    503 |    29.4014 |
|        1 |        351 |           922.20 |       922.20 |       938.30 |                  5.00 |                    5.00 |    507 |    29.4634 |
|        1 |        352 |           922.20 |       922.20 |       938.30 |                  5.00 |                    5.00 |    507 |    29.5141 |
|        1 |        353 |           922.20 |       922.20 |       938.30 |                  5.00 |                    5.00 |    507 |    29.5578 |
|        1 |        354 |           922.20 |       922.20 |       953.10 |                  5.00 |                    5.00 |    512 |    29.6202 |
|        1 |        355 |           922.20 |       922.20 |       953.10 |                  5.00 |                    5.00 |    512 |    29.6844 |
|        1 |        356 |           922.20 |       922.20 |       953.10 |                  5.00 |                    5.00 |    512 |    29.7476 |
|        1 |        357 |           922.20 |       922.20 |       953.10 |                  5.00 |                    5.00 |    512 |    29.8096 |
|        1 |        358 |           922.20 |       922.20 |       953.10 |                  5.00 |                    5.00 |    512 |    29.8487 |
|        1 |        359 |           922.20 |       922.20 |       953.10 |                  5.00 |                    5.00 |    512 |    29.8920 |
|        1 |        360 |           922.20 |       922.20 |       968.00 |                  5.00 |                    5.00 |    514 |    29.9545 |
|        1 |        361 |           922.20 |       922.20 |       964.40 |                  5.00 |                    5.00 |    514 |    30.0230 |
|        1 |        362 |           922.20 |       922.20 |       974.80 |                  5.00 |                    5.00 |    516 |    30.0674 |
|        1 |        363 |           922.20 |       922.20 |       977.80 |                  5.00 |                    5.00 |    518 |    30.1432 |
|        1 |        364 |           922.20 |       922.20 |       977.80 |                  5.00 |                    5.00 |    518 |    30.2071 |
|        1 |        365 |           922.20 |       922.20 |       977.80 |                  5.00 |                    5.00 |    518 |    30.2595 |
|        1 |        366 |           922.20 |       922.20 |       958.10 |                  5.00 |                    5.00 |    520 |    30.3277 |
|        1 |        367 |           922.20 |       922.20 |       958.10 |                  5.00 |                    5.00 |    520 |    30.3646 |
|        1 |        368 |           922.20 |       922.20 |       958.10 |                  5.00 |                    5.00 |    520 |    30.4091 |
|        1 |        369 |           922.20 |       922.20 |       973.00 |                  5.00 |                    5.00 |    527 |    30.4892 |
|        1 |        370 |           922.20 |       922.20 |       963.00 |                  5.00 |                    5.00 |    531 |    30.5618 |
|        1 |        371 |           922.20 |       922.20 |       963.00 |                  5.00 |                    5.00 |    531 |    30.6139 |
|        1 |        372 |           922.20 |       922.20 |       963.00 |                  5.00 |                    5.00 |    531 |    30.6690 |
|        1 |        373 |           922.20 |       922.20 |       956.10 |                  5.00 |                    5.00 |    533 |    30.7357 |
|        1 |        374 |           922.20 |       922.20 |       963.80 |                  5.00 |                    5.00 |    536 |    30.8054 |
|        1 |        375 |           922.20 |       922.20 |       954.50 |                  5.00 |                    5.00 |    539 |    30.8685 |
|        1 |        376 |           922.20 |       922.20 |       954.50 |                  5.00 |                    5.00 |    539 |    30.9156 |
|        1 |        377 |           922.20 |       922.20 |       960.60 |                  5.00 |                    5.00 |    541 |    30.9694 |
|        1 |        378 |           922.20 |       922.20 |       953.90 |                  5.00 |                    5.00 |    542 |    31.0329 |
|        1 |        379 |           922.20 |       922.20 |       953.90 |                  5.00 |                    5.00 |    542 |    31.0784 |
|        1 |        380 |           922.20 |       922.20 |       953.20 |                  5.00 |                    5.00 |    544 |    31.1373 |
|        1 |        381 |           922.20 |       922.20 |       953.20 |                  5.00 |                    5.00 |    544 |    31.1857 |
|        1 |        382 |           922.20 |       922.20 |       953.20 |                  5.00 |                    5.00 |    544 |    31.2289 |
|        1 |        383 |           922.20 |       922.20 |       953.80 |                  5.00 |                    5.00 |    544 |    31.2847 |
|        1 |        384 |           922.20 |       922.20 |       953.80 |                  5.00 |                    5.00 |    544 |    31.3163 |
|        1 |        385 |           922.20 |       922.20 |       953.70 |                  5.00 |                    5.00 |    544 |    31.3693 |
|        1 |        386 |           922.20 |       922.20 |       954.30 |                  5.00 |                    5.00 |    546 |    31.4371 |
|        1 |        387 |           922.20 |       922.20 |       949.10 |                  5.00 |                    5.00 |    546 |    31.5232 |
|        1 |        388 |           922.20 |       922.20 |       949.10 |                  5.00 |                    5.00 |    546 |    31.5656 |
|        1 |        389 |           922.20 |       922.20 |       949.10 |                  5.00 |                    5.00 |    546 |    31.6155 |
|        1 |        390 |           922.20 |       922.20 |       949.10 |                  5.00 |                    5.00 |    546 |    31.6664 |
|        1 |        391 |           922.20 |       922.20 |       949.10 |                  5.00 |                    5.00 |    546 |    31.7355 |
|        1 |        392 |           922.20 |       922.20 |       949.10 |                  5.00 |                    5.00 |    546 |    31.7729 |
|        1 |        393 |           922.20 |       922.20 |       949.10 |                  5.00 |                    5.00 |    546 |    31.8199 |
|        1 |        394 |           922.20 |       922.20 |       960.40 |                  5.00 |                    5.00 |    548 |    31.8683 |
|        1 |        395 |           922.20 |       922.20 |       938.60 |                  5.00 |                    5.00 |    549 |    31.9606 |
|        1 |        396 |           922.20 |       922.20 |       938.60 |                  5.00 |                    5.00 |    549 |    32.0129 |
|        1 |        397 |           922.20 |       922.20 |       943.90 |                  5.00 |                    5.00 |    549 |    32.0748 |
|        1 |        398 |           922.20 |       922.20 |       957.70 |                  5.00 |                    5.00 |    552 |    32.1240 |
|        1 |        399 |           922.20 |       922.20 |       959.10 |                  5.00 |                    5.00 |    553 |    32.1645 |
|        1 |        400 |           922.20 |       922.20 |       959.10 |                  5.00 |                    5.00 |    553 |    32.2111 |
|        1 |        401 |           922.20 |       922.20 |       955.00 |                  5.00 |                    5.00 |    553 |    32.3317 |
|        1 |        402 |           922.20 |       922.20 |       955.00 |                  5.00 |                    5.00 |    553 |    32.3821 |
|        1 |        403 |           922.20 |       922.20 |       956.00 |                  5.00 |                    5.00 |    553 |    32.4683 |
|        1 |        404 |           922.20 |       922.20 |       956.00 |                  5.00 |                    5.00 |    553 |    32.5168 |
|        1 |        405 |           922.20 |       922.20 |       956.00 |                  5.00 |                    5.00 |    553 |    32.5565 |
|        1 |        406 |           922.20 |       922.20 |       956.00 |                  5.00 |                    5.00 |    553 |    32.5970 |
|        1 |        407 |           922.20 |       922.20 |       978.10 |                  5.00 |                    5.00 |    555 |    32.6479 |
|        1 |        408 |           922.20 |       922.20 |       956.00 |                  5.00 |                    5.00 |    555 |    32.7084 |
|        1 |        409 |           922.20 |       922.20 |       956.00 |                  5.00 |                    5.00 |    556 |    32.7485 |
|        1 |        410 |           922.20 |       922.20 |       955.50 |                  5.00 |                    5.00 |    556 |    32.7982 |
|        1 |        411 |           922.20 |       922.20 |       955.50 |                  5.00 |                    5.00 |    557 |    32.8472 |
|        1 |        412 |           922.20 |       922.20 |       955.50 |                  5.00 |                    5.00 |    557 |    32.8956 |
|        1 |        413 |           922.20 |       922.20 |       988.40 |                  5.00 |                    5.00 |    564 |    32.9390 |
|        1 |        414 |           922.20 |       922.20 |       946.40 |                  5.00 |                    5.00 |    565 |    33.0224 |
|        1 |        415 |           922.20 |       922.20 |       946.40 |                  5.00 |                    5.00 |    565 |    33.0529 |
|        1 |        416 |           922.20 |       922.20 |       943.40 |                  5.00 |                    5.00 |    565 |    33.1148 |
|        1 |        417 |           922.20 |       922.20 |       943.40 |                  5.00 |                    5.00 |    565 |    33.1818 |
|        1 |        418 |           922.20 |       922.20 |       943.40 |                  5.00 |                    5.00 |    565 |    33.2078 |
|        1 |        419 |           922.20 |       922.20 |       942.30 |                  5.00 |                    5.00 |    565 |    33.2672 |
|        1 |        420 |           922.20 |       922.20 |       942.30 |                  5.00 |                    5.00 |    565 |    33.2998 |
|        1 |        421 |           922.20 |       922.20 |       944.60 |                  5.00 |                    5.00 |    565 |    33.3587 |
|        1 |        422 |           922.20 |       922.20 |       946.50 |                  5.00 |                    5.00 |    566 |    33.4237 |
|        1 |        423 |           922.20 |       922.20 |       948.40 |                  5.00 |                    5.00 |    566 |    33.4646 |
|        1 |        424 |           922.20 |       922.20 |       948.40 |                  5.00 |                    5.00 |    566 |    33.5072 |
|        1 |        425 |           922.20 |       922.20 |       948.40 |                  5.00 |                    5.00 |    566 |    33.5570 |
|        1 |        426 |           922.20 |       922.20 |       948.40 |                  5.00 |                    5.00 |    566 |    33.6056 |
|        1 |        427 |           922.20 |       922.20 |       942.30 |                  5.00 |                    5.00 |    566 |    33.6848 |
|        1 |        428 |           922.20 |       922.20 |       942.30 |                  5.00 |                    5.00 |    566 |    33.7311 |
|        1 |        429 |           922.20 |       922.20 |       942.30 |                  5.00 |                    5.00 |    566 |    33.7624 |
|        1 |        430 |           922.20 |       922.20 |       942.30 |                  5.00 |                    5.00 |    566 |    33.7968 |
|        1 |        431 |           922.20 |       922.20 |       942.30 |                  5.00 |                    5.00 |    566 |    33.8450 |
|        1 |        432 |           922.20 |       922.20 |       942.30 |                  5.00 |                    5.00 |    566 |    33.8857 |
|        1 |        433 |           922.20 |       922.20 |       945.40 |                  5.00 |                    5.00 |    566 |    33.9238 |
|        1 |        434 |           922.20 |       922.20 |       945.40 |                  5.00 |                    5.00 |    566 |    33.9707 |
|        1 |        435 |           922.20 |       922.20 |       945.40 |                  5.00 |                    5.00 |    566 |    34.0087 |
|        1 |        436 |           922.20 |       922.20 |       942.20 |                  5.00 |                    5.00 |    566 |    34.0609 |
|        1 |        437 |           922.20 |       922.20 |       944.10 |                  5.00 |                    5.00 |    566 |    34.0991 |
|        1 |        438 |           922.20 |       922.20 |       944.10 |                  5.00 |                    5.00 |    566 |    34.1424 |
|        1 |        439 |           922.20 |       922.20 |       942.20 |                  5.00 |                    5.00 |    566 |    34.1881 |
|        1 |        440 |           922.20 |       922.20 |       942.20 |                  5.00 |                    5.00 |    566 |    34.2325 |
|        1 |        441 |           922.20 |       922.20 |       942.20 |                  5.00 |                    5.00 |    566 |    34.2707 |
|        1 |        442 |           922.20 |       922.20 |       942.20 |                  5.00 |                    5.00 |    566 |    34.3265 |
|        1 |        443 |           922.20 |       922.20 |       944.00 |                  5.00 |                    5.00 |    566 |    34.4030 |
|        1 |        444 |           922.20 |       922.20 |       944.00 |                  5.00 |                    5.00 |    566 |    34.4414 |
|        1 |        445 |           922.20 |       922.20 |       966.10 |                  5.00 |                    5.00 |    566 |    34.4983 |
|        1 |        446 |           922.20 |       922.20 |       969.60 |                  5.00 |                    5.00 |    566 |    34.5759 |
|        1 |        447 |           922.20 |       922.20 |       970.90 |                  5.00 |                    5.00 |    567 |    34.6634 |
|        1 |        448 |           922.20 |       922.20 |       970.90 |                  5.00 |                    5.00 |    567 |    34.7076 |
|        1 |        449 |           922.20 |       922.20 |       970.90 |                  5.00 |                    5.00 |    567 |    34.7529 |
|        1 |        450 |           922.20 |       922.20 |       970.90 |                  5.00 |                    5.00 |    567 |    34.8104 |
|        1 |        451 |           922.20 |       922.20 |       970.90 |                  5.00 |                    5.00 |    567 |    34.8359 |
|        1 |        452 |           922.20 |       922.20 |       973.00 |                  5.00 |                    5.00 |    569 |    34.8787 |
|        1 |        453 |           922.20 |       922.20 |       966.80 |                  5.00 |                    5.00 |    571 |    34.9451 |
|        1 |        454 |           922.20 |       922.20 |       966.80 |                  5.00 |                    5.00 |    571 |    35.0049 |
|        1 |        455 |           922.20 |       922.20 |       966.80 |                  5.00 |                    5.00 |    571 |    35.0538 |
|        1 |        456 |           922.20 |       922.20 |       941.30 |                  5.00 |                    5.00 |    573 |    35.1162 |
|        1 |        457 |           922.20 |       922.20 |       941.30 |                  5.00 |                    5.00 |    573 |    35.1545 |
|        1 |        458 |           922.20 |       922.20 |       941.30 |                  5.00 |                    5.00 |    573 |    35.2045 |
|        1 |        459 |           922.20 |       922.20 |       941.30 |                  5.00 |                    5.00 |    573 |    35.2304 |
|        1 |        460 |           922.20 |       922.20 |       966.40 |                  5.00 |                    5.00 |    573 |    35.2848 |
|        1 |        461 |           922.20 |       922.20 |       966.40 |                  5.00 |                    5.00 |    573 |    35.3319 |
|        1 |        462 |           922.20 |       922.20 |       966.40 |                  5.00 |                    5.00 |    573 |    35.3830 |
|        1 |        463 |           922.20 |       922.20 |       966.40 |                  5.00 |                    5.00 |    573 |    35.4221 |
|        1 |        464 |           922.20 |       922.20 |       963.10 |                  5.00 |                    5.00 |    577 |    35.4731 |
|        1 |        465 |           922.20 |       922.20 |       963.10 |                  5.00 |                    5.00 |    577 |    35.5189 |
|        1 |        466 |           922.20 |       922.20 |       963.10 |                  5.00 |                    5.00 |    577 |    35.5611 |
|        1 |        467 |           922.20 |       922.20 |       963.10 |                  5.00 |                    5.00 |    577 |    35.6485 |
|        1 |        468 |           922.20 |       922.20 |       953.70 |                  5.00 |                    5.00 |    579 |    35.7025 |
|        1 |        469 |           922.20 |       922.20 |       979.10 |                  5.00 |                    5.00 |    582 |    35.7472 |
|        1 |        470 |           922.20 |       922.20 |       927.60 |                  5.00 |                    5.00 |    584 |    35.8499 |
|        1 |        471 |           922.20 |       922.20 |       932.30 |                  5.00 |                    5.00 |    586 |    35.8963 |
|        1 |        472 |           922.20 |       922.20 |       932.30 |                  5.00 |                    5.00 |    586 |    35.9539 |
|        1 |        473 |           922.20 |       922.20 |       932.30 |                  5.00 |                    5.00 |    586 |    35.9907 |
|        1 |        474 |           922.20 |       922.20 |       932.30 |                  5.00 |                    5.00 |    586 |    36.0251 |
|        1 |        475 |           922.20 |       922.20 |       932.00 |                  5.00 |                    5.00 |    586 |    36.0558 |
|        1 |        476 |           922.20 |       922.20 |       938.00 |                  5.00 |                    5.00 |    588 |    36.0988 |
|        1 |        477 |           922.20 |       922.20 |       935.90 |                  5.00 |                    5.00 |    589 |    36.1536 |
|        1 |        478 |           922.20 |       922.20 |       935.90 |                  5.00 |                    5.00 |    589 |    36.2159 |
|        1 |        479 |           922.20 |       922.20 |       935.90 |                  5.00 |                    5.00 |    589 |    36.2505 |
|        1 |        480 |           922.20 |       922.20 |       931.30 |                  5.00 |                    5.00 |    590 |    36.3463 |
|        1 |        481 |           922.20 |       922.20 |       940.30 |                  5.00 |                    5.00 |    592 |    36.4045 |
|        1 |        482 |           922.20 |       922.20 |       940.30 |                  5.00 |                    5.00 |    592 |    36.4480 |
|        1 |        483 |           922.20 |       922.20 |       935.60 |                  5.00 |                    5.00 |    593 |    36.5273 |
|        1 |        484 |           922.20 |       922.20 |       946.30 |                  5.00 |                    5.00 |    595 |    36.5700 |
|        1 |        485 |           922.20 |       922.20 |       946.10 |                  5.00 |                    5.00 |    596 |    36.6469 |
|        1 |        486 |           922.20 |       922.20 |       946.10 |                  5.00 |                    5.00 |    597 |    36.7008 |
|        1 |        487 |           922.20 |       922.20 |       946.40 |                  5.00 |                    5.00 |    597 |    36.7417 |
|        1 |        488 |           922.20 |       922.20 |       946.10 |                  5.00 |                    5.00 |    597 |    36.8021 |
|        1 |        489 |           922.20 |       922.20 |       946.10 |                  5.00 |                    5.00 |    597 |    36.8402 |
|        1 |        490 |           922.20 |       922.20 |       970.00 |                  5.00 |                    5.00 |    600 |    36.8902 |
|        1 |        491 |           922.20 |       922.20 |       961.00 |                  5.00 |                    5.00 |    604 |    36.9917 |
|        1 |        492 |           922.20 |       922.20 |       956.30 |                  5.00 |                    5.00 |    604 |    37.0597 |
|        1 |        493 |           922.20 |       922.20 |       956.30 |                  5.00 |                    5.00 |    604 |    37.0916 |
|        1 |        494 |           922.20 |       922.20 |       955.00 |                  5.00 |                    5.00 |    607 |    37.1820 |
|        1 |        495 |           922.20 |       922.20 |       949.90 |                  5.00 |                    5.00 |    610 |    37.2473 |
|        1 |        496 |           922.20 |       922.20 |       945.20 |                  5.00 |                    5.00 |    614 |    37.3430 |
|        1 |        497 |           922.20 |       922.20 |       945.20 |                  5.00 |                    5.00 |    614 |    37.3872 |
|        1 |        498 |           922.20 |       922.20 |       942.90 |                  5.00 |                    5.00 |    614 |    37.4519 |
|        1 |        499 |           922.20 |       922.20 |       942.90 |                  5.00 |                    5.00 |    614 |    37.4973 |
|        1 |        500 |           922.20 |       922.20 |       942.90 |                  5.00 |                    5.00 |    614 |    37.5355 |
------------------------------------------------------------------------------------------------------------------------------------------------
Version identifier: 22.1.2.0 | 2024-11-26 | 0edbb82fd
CPXPARAM_MIP_Tolerances_UpperCutoff              922.30000000001053
Tried aggregator 1 time.
MIP Presolve eliminated 13 rows and 65 columns.
MIP Presolve modified 203 coefficients.
Reduced MIP has 88 rows, 549 columns, and 6096 nonzeros.
Reduced MIP has 549 binaries, 0 generals, 0 SOSs, and 0 indicators.
Presolve time = 0.00 sec. (5.15 ticks)
Probing time = 0.00 sec. (2.58 ticks)
Tried aggregator 1 time.
Detecting symmetries...
Reduced MIP has 88 rows, 549 columns, and 6096 nonzeros.
Reduced MIP has 549 binaries, 0 generals, 0 SOSs, and 0 indicators.
Presolve time = 0.00 sec. (4.03 ticks)
Probing time = 0.00 sec. (2.57 ticks)
Clique table members: 696.
MIP emphasis: balance optimality and feasibility.
MIP search method: dynamic search.
Parallel mode: deterministic, using up to 8 threads.
Root relaxation solution time = 0.00 sec. (6.83 ticks)

        Nodes                                         Cuts/
   Node  Left     Objective  IInf  Best Integer    Best Bound    ItCnt     Gap

      0     0      911.6000    15                    911.6000      237         
*     0     0      integral     0      912.6000       Cuts: 4      248    0.00%
      0     0        cutoff            912.6000      912.6000      248    0.00%
Elapsed time = 0.03 sec. (30.22 ticks, tree = 0.01 MB, solutions = 1)
objective_value(sp) = 912.6000000000001
 41.001060 seconds (6.89 M allocations: 344.362 MiB, 0.15% gc time, 9.49% compilation time)
#1: 0 (0.0) {11.0} -> 73 (9.0) {143.0} [143.0, 564.0] -> 72 (34.0) {156.1} [22.0, 915.0] -> 75 (52.0) {171.4} [27.0, 711.0] -> 23 (81.0) {206.0} [206.0, 325.0] -> 67 (106.0) {291.0} [291.0, 404.0] -> 39 (137.0) {310.8} [33.0, 344.0] -> 21 (148.0) {337.8} [18.0, 727.0] -> 40 (157.0) {354.8} [300.0, 497.0] -> 53 (171.0) {403.0} [403.0, 500.0] -> 0 (171.0) {417.4} [0.0, 1000.0]
#2: 0 (0.0) {12.0} -> 2 (7.0) {30.0} [18.0, 792.0] -> 57 (14.0) {246.0} [246.0, 705.0] -> 42 (19.0) {264.0} [25.0, 292.0] -> 15 (27.0) {283.2} [176.0, 299.0] -> 43 (34.0) {458.0} [458.0, 867.0] -> 41 (39.0) {487.4} [336.0, 571.0] -> 22 (57.0) {501.6} [349.0, 554.0] -> 74 (65.0) {681.0} [681.0, 802.0] -> 56 (71.0) {698.0} [525.0, 752.0] -> 4 (90.0) {716.2} [679.0, 800.0] -> 55 (92.0) {734.7} [620.0, 739.0] -> 25 (98.0) {826.0} [826.0, 956.0] -> 54 (116.0) {848.0} [475.0, 900.0] -> 26 (133.0) {870.0} [328.0, 927.0] -> 0 (133.0) {891.1} [0.0, 1000.0]
#3: 0 (0.0) {12.0} -> 52 (9.0) {23.3} [11.0, 748.0] -> 7 (14.0) {72.0} [72.0, 669.0] -> 88 (23.0) {219.0} [219.0, 448.0] -> 62 (42.0) {235.3} [168.0, 297.0] -> 11 (54.0) {253.3} [206.0, 325.0] -> 64 (63.0) {276.3} [154.0, 393.0] -> 49 (93.0) {441.0} [441.0, 600.0] -> 19 (110.0) {463.0} [95.0, 552.0] -> 63 (120.0) {488.0} [34.0, 588.0] -> 90 (123.0) {502.4} [225.0, 654.0] -> 32 (146.0) {516.8} [482.0, 955.0] -> 10 (162.0) {537.0} [517.0, 692.0] -> 31 (189.0) {555.0} [17.0, 744.0] -> 0 (189.0) {582.4} [0.0, 1000.0]
#4: 0 (0.0) {14.0} -> 18 (12.0) {229.0} [229.0, 582.0] -> 45 (28.0) {253.1} [29.0, 309.0] -> 82 (44.0) {275.8} [23.0, 761.0] -> 48 (80.0) {291.1} [200.0, 962.0] -> 47 (107.0) {307.5} [34.0, 602.0] -> 36 (112.0) {324.7} [41.0, 328.0] -> 46 (113.0) {346.7} [338.0, 805.0] -> 8 (122.0) {393.0} [393.0, 492.0] -> 83 (133.0) {410.2} [21.0, 842.0] -> 60 (136.0) {449.0} [449.0, 971.0] -> 5 (162.0) {463.4} [20.0, 906.0] -> 84 (169.0) {477.5} [425.0, 522.0] -> 17 (171.0) {673.0} [673.0, 930.0] -> 85 (212.0) {696.6} [110.0, 727.0] -> 100 (229.0) {821.0} [821.0, 965.0] -> 37 (237.0) {833.8} [339.0, 960.0] -> 93 (259.0) {848.2} [691.0, 969.0] -> 59 (287.0) {861.2} [17.0, 972.0] -> 89 (302.0) {883.2} [409.0, 981.0] -> 0 (302.0) {902.2} [0.0, 1000.0]
#5: 0 (0.0) {14.0} -> 95 (20.0) {28.8} [14.0, 793.0] -> 92 (22.0) {42.4} [18.0, 159.0] -> 98 (32.0) {55.5} [21.0, 748.0] -> 91 (33.0) {222.0} [222.0, 964.0] -> 44 (51.0) {238.4} [230.0, 343.0] -> 14 (71.0) {254.0} [32.0, 694.0] -> 38 (87.0) {298.0} [298.0, 409.0] -> 86 (122.0) {321.0} [230.0, 623.0] -> 16 (141.0) {337.3} [102.0, 543.0] -> 61 (154.0) {351.7} [126.0, 541.0] -> 99 (163.0) {369.9} [328.0, 437.0] -> 96 (174.0) {382.1} [344.0, 953.0] -> 6 (177.0) {396.3} [355.0, 574.0] -> 94 (204.0) {409.4} [190.0, 749.0] -> 87 (230.0) {428.6} [397.0, 470.0] -> 97 (242.0) {462.0} [462.0, 823.0] -> 13 (265.0) {694.0} [694.0, 823.0] -> 58 (283.0) {854.0} [854.0, 980.0] -> 0 (283.0) {873.0} [0.0, 1000.0]
#6: 0 (0.0) {14.0} -> 27 (16.0) {44.0} [44.0, 315.0] -> 69 (22.0) {165.0} [165.0, 290.0] -> 1 (32.0) {190.0} [190.0, 974.0] -> 30 (53.0) {211.0} [199.0, 414.0] -> 51 (63.0) {230.2} [176.0, 625.0] -> 33 (74.0) {247.4} [24.0, 299.0] -> 71 (89.0) {273.8} [98.0, 537.0] -> 65 (109.0) {294.0} [49.0, 308.0] -> 35 (117.0) {626.0} [626.0, 873.0] -> 66 (142.0) {652.1} [532.0, 753.0] -> 20 (151.0) {671.0} [418.0, 829.0] -> 70 (156.0) {693.0} [668.0, 968.0] -> 0 (156.0) {724.0} [0.0, 1000.0]
#7: 0 (0.0) {14.0} -> 28 (16.0) {20.3} [6.0, 526.0] -> 12 (35.0) {39.5} [15.0, 725.0] -> 76 (48.0) {281.0} [281.0, 382.0] -> 3 (61.0) {297.7} [289.0, 822.0] -> 79 (84.0) {377.0} [377.0, 476.0] -> 81 (110.0) {393.3} [268.0, 599.0] -> 9 (126.0) {409.3} [394.0, 503.0] -> 34 (140.0) {430.4} [265.0, 878.0] -> 78 (143.0) {445.4} [324.0, 559.0] -> 29 (152.0) {465.8} [29.0, 513.0] -> 24 (155.0) {482.8} [435.0, 960.0] -> 80 (161.0) {719.0} [719.0, 968.0] -> 68 (197.0) {731.0} [577.0, 812.0] -> 77 (211.0) {821.0} [821.0, 948.0] -> 50 (224.0) {838.2} [272.0, 917.0] -> 0 (224.0) {865.1} [0.0, 1000.0]

Dist: 912.6000000000001. Cost: 912.6000000000001

Zero-half cuts applied:  1
Lift and project cuts applied:  1
Gomory fractional cuts applied:  2

Root node processing (before b&c):
  Real time             =    0.03 sec. (30.24 ticks)
Parallel b&c, 8 threads:
  Real time             =    0.00 sec. (0.00 ticks)
  Sync time (average)   =    0.00 sec.
  Wait time (average)   =    0.00 sec.
                          ------------
Total (root+branch&cut) =    0.03 sec. (30.24 ticks)
