Solving instance /mnt/c/Users/bruno.mattos/OneDrive - americanas s.a/Documentos/GitHub/GenericILS/TWRD/100/RC107_100_005.vrptwrd...
------------------------------------------------------------------------------------------------------------------------------------------------
|  Restart |  Iteration |  Best Feas. Cost |    Best Cost |   Curr. Cost |   Penalty Custom Res. |   Penalty Standard Res. |   Pool |   Time (s) |
------------------------------------------------------------------------------------------------------------------------------------------------
|        1 |          0 |          1376.90 |      1376.90 |      1376.90 |                 13.95 |                   14.23 |     19 |     0.2228 |
|        1 |          1 |          1376.90 |      1376.90 |      1378.70 |                  6.50 |                    6.63 |     24 |     0.7365 |
|        1 |          2 |          1376.90 |      1330.36 |      1330.36 |                  7.71 |                    5.00 |     33 |     0.9158 |
|        1 |          3 |          1376.90 |      1301.88 |      1301.88 |                  7.67 |                    6.75 |     42 |     1.0940 |
|        1 |          4 |          1376.90 |      1301.88 |      1307.93 |                  5.00 |                    6.79 |     48 |     1.1711 |
|        1 |          0 |          1281.30 |      1281.30 |      1281.30 |                  5.00 |                    5.00 |     54 |     1.2800 |
|        1 |          0 |          1274.50 |      1274.50 |      1274.50 |                  5.00 |                    6.16 |     54 |     1.3350 |
|        1 |          1 |          1274.50 |      1272.92 |      1272.92 |                  5.58 |                    9.54 |     54 |     1.4485 |
|        1 |          2 |          1274.50 |      1272.92 |      1274.50 |                  5.00 |                    5.00 |     54 |     1.5123 |
|        1 |          3 |          1274.50 |      1272.92 |      1274.50 |                  5.00 |                    6.48 |     54 |     1.5612 |
|        1 |          4 |          1274.50 |      1272.82 |      1272.82 |                  5.00 |                    9.84 |     60 |     1.6643 |
|        1 |          5 |          1274.50 |      1272.82 |      1291.67 |                  9.64 |                   18.97 |     65 |     1.7211 |
|        1 |          0 |          1273.50 |      1272.82 |      1273.50 |                  6.74 |                    5.73 |     69 |     1.8518 |
|        1 |          1 |          1273.50 |      1272.82 |      1322.46 |                  5.45 |                    5.00 |     75 |     1.9633 |
|        1 |          2 |          1273.50 |      1272.82 |      1300.80 |                  8.59 |                    7.98 |     78 |     2.0558 |
|        1 |          3 |          1273.50 |      1272.82 |      1292.60 |                  5.00 |                    5.00 |     81 |     2.1434 |
|        1 |          4 |          1273.50 |      1272.82 |      1292.60 |                  5.24 |                    5.30 |     81 |     2.2089 |
|        1 |          5 |          1273.50 |      1272.49 |      1272.49 |                  5.00 |                    5.82 |     85 |     2.3412 |
|        1 |          6 |          1273.50 |      1272.49 |      1316.08 |                  5.56 |                    7.66 |     91 |     2.4177 |
|        1 |          7 |          1273.50 |      1272.49 |      1318.06 |                  8.39 |                    9.32 |     93 |     2.4862 |
|        1 |          8 |          1273.50 |      1272.49 |      1313.20 |                  5.00 |                    5.00 |     97 |     2.5801 |
|        1 |          9 |          1273.50 |      1272.49 |      1302.10 |                  5.00 |                    6.40 |     98 |     2.6373 |
|        1 |         10 |          1273.50 |      1272.49 |      1282.41 |                  5.00 |                    5.00 |     99 |     2.7235 |
|        1 |         11 |          1273.50 |      1272.49 |      1282.36 |                  8.06 |                    9.93 |     99 |     2.8057 |
|        1 |         12 |          1273.50 |      1272.49 |      1292.54 |                 13.79 |                   14.20 |    100 |     2.8588 |
|        1 |         13 |          1273.50 |      1272.49 |      1307.94 |                 11.72 |                    9.49 |    102 |     2.9145 |
|        1 |         14 |          1273.50 |      1272.49 |      1303.90 |                  6.40 |                    5.00 |    107 |     3.0017 |
|        1 |         15 |          1273.50 |      1272.49 |      1280.82 |                  5.00 |                    7.80 |    107 |     3.1758 |
|        1 |         16 |          1273.50 |      1272.49 |      1280.98 |                  5.00 |                    6.55 |    107 |     3.2438 |
|        1 |         17 |          1273.50 |      1272.49 |      1280.20 |                  5.00 |                    9.55 |    107 |     3.2948 |
|        1 |         18 |          1273.50 |      1272.49 |      1281.10 |                  5.00 |                    5.17 |    107 |     3.3536 |
|        1 |         19 |          1273.50 |      1272.49 |      1287.90 |                  5.00 |                    5.00 |    107 |     3.4368 |
|        1 |         20 |          1273.50 |      1272.49 |      1277.50 |                  5.00 |                    5.00 |    107 |     3.4901 |
|        1 |         21 |          1273.50 |      1272.07 |      1272.07 |                  5.84 |                    6.29 |    107 |     3.6561 |
|        1 |         22 |          1273.50 |      1272.07 |      1301.46 |                  5.82 |                    6.10 |    109 |     3.7169 |
|        1 |         23 |          1273.50 |      1272.07 |      1302.83 |                 10.87 |                   19.31 |    117 |     3.8565 |
|        1 |         24 |          1273.50 |      1272.07 |      1309.63 |                  6.90 |                   21.46 |    120 |     3.9310 |
|        1 |         25 |          1273.50 |      1272.07 |      1320.17 |                  5.35 |                   18.39 |    125 |     4.0182 |
|        1 |         26 |          1273.50 |      1272.07 |      1317.90 |                  5.00 |                   15.14 |    127 |     4.0935 |
|        1 |         27 |          1273.50 |      1272.07 |      1294.48 |                  6.99 |                   17.69 |    131 |     4.1873 |
|        1 |         28 |          1273.50 |      1272.07 |      1295.38 |                  8.17 |                   22.40 |    131 |     4.2606 |
|        1 |         29 |          1273.50 |      1272.07 |      1319.40 |                  5.00 |                   12.25 |    138 |     4.3156 |
|        1 |         30 |          1273.50 |      1272.07 |      1319.40 |                  5.00 |                    5.32 |    138 |     4.4012 |
|        1 |         31 |          1273.50 |      1272.07 |      1306.68 |                  5.00 |                   10.97 |    140 |     4.5120 |
|        1 |         32 |          1273.50 |      1272.07 |      1307.20 |                  5.00 |                   17.14 |    140 |     4.5883 |
|        1 |         33 |          1273.50 |      1272.07 |      1307.81 |                  5.00 |                   13.17 |    140 |     4.6478 |
|        1 |         34 |          1273.50 |      1272.07 |      1307.47 |                  8.82 |                    9.52 |    140 |     4.7268 |
|        1 |         35 |          1273.50 |      1272.07 |      1310.41 |                  5.00 |                   16.34 |    148 |     4.9082 |
|        1 |         36 |          1273.50 |      1272.07 |      1308.66 |                  6.59 |                   22.20 |    149 |     4.9724 |
|        1 |         37 |          1273.50 |      1272.07 |      1311.53 |                  6.69 |                   22.09 |    152 |     5.0602 |
|        1 |         38 |          1273.50 |      1272.07 |      1300.97 |                 14.23 |                   10.69 |    159 |     5.1678 |
|        1 |         39 |          1273.50 |      1272.07 |      1295.50 |                  7.90 |                    7.14 |    164 |     5.3331 |
|        1 |         40 |          1273.50 |      1272.07 |      1296.60 |                  5.23 |                    6.78 |    167 |     5.3807 |
|        1 |         41 |          1273.50 |      1272.07 |      1296.60 |                  5.00 |                    8.07 |    167 |     5.4625 |
|        1 |         42 |          1273.50 |      1272.07 |      1298.60 |                  5.00 |                    6.91 |    170 |     5.5592 |
|        1 |         43 |          1273.50 |      1272.07 |      1295.90 |                  5.00 |                    6.95 |    173 |     5.6407 |
|        1 |         44 |          1273.50 |      1272.07 |      1297.41 |                  7.01 |                    7.28 |    176 |     5.7121 |
|        1 |         45 |          1273.50 |      1272.07 |      1302.00 |                  5.00 |                    7.10 |    177 |     5.7972 |
|        1 |         46 |          1273.50 |      1272.07 |      1301.00 |                  5.00 |                    7.36 |    178 |     5.8664 |
|        1 |         47 |          1273.50 |      1272.07 |      1336.06 |                  5.00 |                    5.00 |    181 |     5.9319 |
|        1 |         48 |          1273.50 |      1272.07 |      1322.68 |                  5.00 |                    7.15 |    184 |     5.9783 |
|        1 |         49 |          1273.50 |      1272.07 |      1316.62 |                  5.00 |                    5.94 |    184 |     6.0725 |
|        1 |         50 |          1273.50 |      1272.07 |      1314.77 |                  7.08 |                   11.34 |    184 |     6.1315 |
|        1 |         51 |          1273.50 |      1272.07 |      1317.10 |                  5.00 |                    5.82 |    192 |     6.2490 |
|        1 |         52 |          1273.50 |      1272.07 |      1272.54 |                  5.00 |                    5.00 |    194 |     6.3862 |
|        1 |         53 |          1273.50 |      1272.07 |      1287.75 |                  5.00 |                    6.27 |    196 |     6.4523 |
|        1 |         54 |          1273.50 |      1269.86 |      1269.86 |                  5.00 |                    7.39 |    199 |     6.5619 |
|        1 |         55 |          1273.50 |      1269.86 |      1297.04 |                  6.61 |                   10.15 |    202 |     6.6253 |
|        1 |         56 |          1273.50 |      1269.86 |      1285.70 |                  9.43 |                    9.97 |    210 |     6.7529 |
|        1 |         57 |          1273.50 |      1269.86 |      1289.21 |                  5.00 |                    8.87 |    211 |     6.8634 |
|        1 |         58 |          1273.50 |      1269.86 |      1309.78 |                  5.58 |                    8.24 |    215 |     6.9351 |
|        1 |         59 |          1273.50 |      1269.86 |      1309.80 |                  5.00 |                    9.25 |    220 |     7.0133 |
|        1 |         60 |          1273.50 |      1269.86 |      1283.58 |                  5.00 |                   13.07 |    222 |     7.0929 |
|        1 |         61 |          1273.50 |      1269.86 |      1289.86 |                  5.57 |                   13.01 |    224 |     7.1798 |
|        1 |         62 |          1273.50 |      1269.86 |      1289.95 |                  5.00 |                   13.50 |    224 |     7.2421 |
|        1 |         63 |          1273.50 |      1269.86 |      1314.56 |                  5.00 |                    9.29 |    226 |     7.3239 |
|        1 |         64 |          1273.50 |      1269.86 |      1357.16 |                  6.00 |                    8.90 |    233 |     7.4789 |
|        1 |         65 |          1273.50 |      1269.86 |      1331.90 |                  5.00 |                    6.60 |    242 |     7.6139 |
|        1 |         66 |          1273.50 |      1269.86 |      1331.90 |                  5.00 |                    5.00 |    242 |     7.6652 |
|        1 |         67 |          1273.50 |      1269.86 |      1323.50 |                  5.00 |                    5.23 |    244 |     7.7567 |
|        1 |         68 |          1273.50 |      1269.86 |      1325.83 |                 10.44 |                    5.00 |    246 |     7.8246 |
|        1 |         69 |          1273.50 |      1269.86 |      1344.26 |                 25.56 |                    5.68 |    247 |     7.9117 |
|        1 |         70 |          1273.50 |      1269.86 |      1311.50 |                 10.65 |                    5.26 |    254 |     8.2328 |
|        1 |         71 |          1273.50 |      1269.86 |      1283.99 |                  5.07 |                    5.07 |    261 |     8.4391 |
|        1 |         72 |          1273.50 |      1269.86 |      1273.57 |                  8.55 |                    5.03 |    261 |     8.5585 |
|        1 |         73 |          1273.50 |      1269.86 |      1283.30 |                  5.54 |                    5.00 |    263 |     8.6207 |
|        1 |         74 |          1273.50 |      1269.86 |      1281.76 |                  8.06 |                   10.34 |    263 |     8.6953 |
|        1 |         75 |          1273.50 |      1269.86 |      1283.30 |                  5.00 |                    7.26 |    263 |     8.7695 |
|        1 |         76 |          1273.50 |      1269.86 |      1280.39 |                  7.15 |                    5.52 |    263 |     8.8502 |
|        1 |         77 |          1273.50 |      1269.86 |      1300.80 |                 11.28 |                    5.20 |    266 |     8.9329 |
|        1 |         78 |          1273.50 |      1269.86 |      1326.03 |                 11.58 |                    5.09 |    269 |     9.0119 |
|        1 |         79 |          1273.50 |      1269.86 |      1313.50 |                  5.00 |                    7.23 |    274 |     9.1959 |
|        1 |         80 |          1273.50 |      1269.86 |      1307.20 |                  5.00 |                    5.69 |    275 |     9.2986 |
|        1 |         81 |          1273.50 |      1269.86 |      1298.40 |                  5.00 |                    5.00 |    277 |     9.3526 |
|        1 |         82 |          1273.50 |      1269.86 |      1310.14 |                  5.00 |                    8.06 |    283 |     9.4530 |
|        1 |         83 |          1273.50 |      1269.86 |      1301.80 |                  5.00 |                    5.00 |    289 |     9.5696 |
|        1 |         84 |          1273.50 |      1269.86 |      1308.00 |                  5.63 |                    5.00 |    291 |     9.6961 |
|        1 |         85 |          1273.50 |      1269.86 |      1301.50 |                  5.00 |                    5.00 |    293 |     9.7762 |
|        1 |         86 |          1273.50 |      1269.86 |      1290.60 |                  5.00 |                    6.87 |    294 |     9.8234 |
|        1 |         87 |          1273.50 |      1269.86 |      1307.20 |                  5.00 |                    5.00 |    297 |     9.8960 |
|        1 |         88 |          1273.50 |      1269.86 |      1312.98 |                  6.48 |                    7.00 |    297 |     9.9505 |
|        1 |          0 |          1268.70 |      1268.70 |      1268.70 |                  5.00 |                    6.04 |    301 |    10.0900 |
|        1 |          1 |          1268.70 |      1261.47 |      1261.47 |                  7.87 |                    5.00 |    303 |    10.2155 |
|        1 |          2 |          1268.70 |      1261.47 |      1269.40 |                  6.48 |                    6.39 |    305 |    10.2978 |
|        1 |          3 |          1268.70 |      1261.47 |      1275.50 |                  5.00 |                    5.00 |    310 |    10.4499 |
|        1 |          4 |          1268.70 |      1261.47 |      1275.50 |                  5.00 |                    5.00 |    310 |    10.5170 |
|        1 |          5 |          1268.70 |      1261.47 |      1293.70 |                  6.80 |                    5.00 |    313 |    10.5744 |
|        1 |          6 |          1268.70 |      1261.47 |      1281.30 |                  5.00 |                    5.00 |    314 |    10.6437 |
|        1 |          0 |          1261.40 |      1261.40 |      1261.40 |                  5.00 |                    6.66 |    316 |    10.8431 |
|        1 |          1 |          1261.40 |      1261.40 |      1261.74 |                  5.41 |                   15.81 |    317 |    10.9458 |
|        1 |          0 |          1238.00 |      1238.00 |      1238.00 |                  5.00 |                   16.52 |    319 |    11.0644 |
|        1 |          0 |          1235.80 |      1235.80 |      1235.80 |                  5.00 |                    7.10 |    319 |    11.1509 |
|        1 |          1 |          1235.80 |      1235.80 |      1235.80 |                  5.40 |                    5.00 |    319 |    11.2144 |
|        1 |          2 |          1235.80 |      1235.80 |      1260.50 |                  5.00 |                    5.00 |    321 |    11.2692 |
|        1 |          3 |          1235.80 |      1235.80 |      1277.70 |                  5.00 |                    6.22 |    324 |    11.3463 |
|        1 |          4 |          1235.80 |      1235.80 |      1279.10 |                  5.00 |                    5.00 |    327 |    11.4434 |
|        1 |          5 |          1235.80 |      1235.80 |      1279.10 |                  5.00 |                    5.00 |    327 |    11.4905 |
|        1 |          6 |          1235.80 |      1235.80 |      1279.10 |                  5.46 |                    5.00 |    327 |    11.5556 |
|        1 |          7 |          1235.80 |      1235.80 |      1297.30 |                  5.00 |                    5.00 |    327 |    11.6365 |
|        1 |          8 |          1235.80 |      1235.80 |      1308.40 |                  5.00 |                    5.00 |    330 |    11.6970 |
|        1 |          9 |          1235.80 |      1235.80 |      1268.04 |                  9.62 |                    5.00 |    334 |    11.8791 |
|        1 |         10 |          1235.80 |      1235.80 |      1267.98 |                  5.00 |                    9.26 |    334 |    11.9465 |
|        1 |         11 |          1235.80 |      1235.80 |      1269.50 |                  5.00 |                   21.56 |    334 |    12.0346 |
|        1 |         12 |          1235.80 |      1235.80 |      1275.30 |                  5.52 |                    9.17 |    334 |    12.1144 |
|        1 |         13 |          1235.80 |      1235.80 |      1274.30 |                  5.00 |                    5.66 |    335 |    12.1857 |
|        1 |         14 |          1235.80 |      1235.80 |      1268.50 |                  5.00 |                    5.00 |    335 |    12.2615 |
|        1 |         15 |          1235.80 |      1235.80 |      1269.70 |                  5.00 |                    6.16 |    337 |    12.3148 |
|        1 |         16 |          1235.80 |      1235.80 |      1269.70 |                  5.00 |                    5.00 |    337 |    12.3829 |
|        1 |         17 |          1235.80 |      1235.80 |      1269.70 |                  5.00 |                    5.00 |    337 |    12.4635 |
|        1 |         18 |          1235.80 |      1235.80 |      1269.70 |                 11.53 |                    8.90 |    337 |    12.5461 |
|        1 |         19 |          1235.80 |      1235.80 |      1271.70 |                  5.00 |                    5.80 |    337 |    12.6522 |
|        1 |         20 |          1235.80 |      1235.80 |      1271.70 |                  5.00 |                    5.00 |    337 |    12.7098 |
|        1 |         21 |          1235.80 |      1235.80 |      1295.00 |                  8.56 |                    5.00 |    338 |    12.7683 |
|        1 |         22 |          1235.80 |      1235.80 |      1295.21 |                  5.00 |                    9.08 |    338 |    12.8329 |
|        1 |         23 |          1235.80 |      1235.80 |      1308.40 |                  5.00 |                    5.00 |    341 |    12.9143 |
|        1 |         24 |          1235.80 |      1235.80 |      1303.30 |                  7.75 |                    5.00 |    345 |    13.0743 |
|        1 |         25 |          1235.80 |      1235.80 |      1299.30 |                  5.00 |                    5.00 |    348 |    13.1611 |
|        1 |         26 |          1235.80 |      1235.80 |      1299.30 |                  5.00 |                    5.00 |    348 |    13.2274 |
|        1 |         27 |          1235.80 |      1235.80 |      1306.06 |                  5.00 |                   21.59 |    355 |    13.3846 |
|        1 |         28 |          1235.80 |      1235.80 |      1304.00 |                  5.00 |                   17.40 |    358 |    13.4877 |
|        1 |         29 |          1235.80 |      1235.80 |      1304.00 |                  5.00 |                    8.11 |    358 |    13.5651 |
|        1 |         30 |          1235.80 |      1235.80 |      1303.60 |                  5.00 |                    5.00 |    360 |    13.7456 |
|        1 |         31 |          1235.80 |      1235.80 |      1304.10 |                  5.00 |                    5.00 |    360 |    13.8203 |
|        1 |         32 |          1235.80 |      1235.80 |      1353.10 |                  5.00 |                    7.22 |    363 |    13.8889 |
|        1 |         33 |          1235.80 |      1235.80 |      1353.60 |                  5.00 |                    5.35 |    364 |    13.9574 |
|        1 |         34 |          1235.80 |      1235.80 |      1349.60 |                  5.00 |                    5.00 |    367 |    14.0280 |
|        1 |         35 |          1235.80 |      1235.80 |      1318.80 |                  5.00 |                    5.00 |    370 |    14.1066 |
|        1 |         36 |          1235.80 |      1235.80 |      1318.80 |                  5.00 |                    9.45 |    370 |    14.1776 |
|        1 |         37 |          1235.80 |      1235.80 |      1286.80 |                  6.48 |                    5.00 |    373 |    14.3312 |
|        1 |         38 |          1235.80 |      1235.80 |      1283.72 |                  5.00 |                   11.88 |    376 |    14.4775 |
|        1 |         39 |          1235.80 |      1235.80 |      1285.80 |                  5.00 |                   25.02 |    376 |    14.5809 |
|        1 |         40 |          1235.80 |      1235.80 |      1281.60 |                  5.00 |                   18.08 |    376 |    14.6685 |
|        1 |         41 |          1235.80 |      1235.80 |      1309.70 |                  5.00 |                    8.17 |    379 |    14.7492 |
|        1 |         42 |          1235.80 |      1235.80 |      1307.60 |                  7.01 |                    5.00 |    380 |    14.8361 |
|        1 |         43 |          1235.80 |      1235.80 |      1299.80 |                  5.00 |                    5.00 |    382 |    14.9278 |
|        1 |         44 |          1235.80 |      1235.80 |      1294.80 |                  5.00 |                    5.00 |    385 |    15.0428 |
|        1 |         45 |          1235.80 |      1235.80 |      1294.80 |                  5.00 |                    5.00 |    385 |    15.1017 |
|        1 |         46 |          1235.80 |      1235.80 |      1294.00 |                  5.00 |                    5.00 |    385 |    15.2301 |
|        1 |         47 |          1235.80 |      1235.80 |      1294.00 |                  5.00 |                    5.00 |    385 |    15.3148 |
|        1 |         48 |          1235.80 |      1235.80 |      1298.50 |                  5.00 |                    5.00 |    388 |    15.4414 |
|        1 |         49 |          1235.80 |      1235.80 |      1298.50 |                  5.00 |                    5.00 |    388 |    15.5119 |
|        1 |         50 |          1235.80 |      1235.80 |      1281.94 |                  5.00 |                    5.00 |    388 |    15.6044 |
|        1 |         51 |          1235.80 |      1235.80 |      1303.90 |                  5.00 |                    5.00 |    390 |    15.6847 |
|        1 |         52 |          1235.80 |      1235.80 |      1303.90 |                  5.00 |                    5.00 |    390 |    15.7361 |
|        1 |         53 |          1235.80 |      1235.80 |      1298.90 |                  5.00 |                    5.80 |    392 |    15.8106 |
|        1 |         54 |          1235.80 |      1235.80 |      1364.80 |                  5.00 |                    5.00 |    396 |    15.8726 |
|        1 |         55 |          1235.80 |      1235.80 |      1354.90 |                  5.00 |                    5.00 |    399 |    16.0406 |
|        1 |         56 |          1235.80 |      1235.80 |      1354.90 |                  5.00 |                    5.00 |    399 |    16.0908 |
|        1 |         57 |          1235.80 |      1235.80 |      1359.70 |                  5.00 |                    5.00 |    400 |    16.1547 |
|        1 |         58 |          1235.80 |      1235.80 |      1357.30 |                  5.52 |                    5.52 |    400 |    16.2240 |
|        1 |         59 |          1235.80 |      1235.80 |      1339.15 |                  5.00 |                    5.44 |    400 |    16.4186 |
|        1 |         60 |          1235.80 |      1235.80 |      1337.93 |                  5.00 |                    8.58 |    400 |    16.4931 |
|        1 |         61 |          1235.80 |      1235.80 |      1340.50 |                  5.00 |                    6.46 |    400 |    16.5611 |
|        1 |         62 |          1235.80 |      1235.80 |      1339.70 |                  5.00 |                    5.15 |    400 |    16.6428 |
|        1 |         63 |          1235.80 |      1235.80 |      1363.70 |                  5.00 |                    5.00 |    402 |    16.7083 |
|        1 |         64 |          1235.80 |      1235.80 |      1358.36 |                 12.58 |                    5.89 |    405 |    16.8696 |
|        1 |         65 |          1235.80 |      1235.80 |      1309.65 |                  9.30 |                   11.77 |    408 |    17.0973 |
|        1 |         66 |          1235.80 |      1235.80 |      1278.33 |                  5.00 |                    5.30 |    409 |    17.2483 |
|        1 |         67 |          1235.80 |      1235.80 |      1276.82 |                  5.69 |                    7.06 |    409 |    17.3010 |
|        1 |         68 |          1235.80 |      1235.80 |      1281.59 |                  6.48 |                    5.00 |    409 |    17.3603 |
|        1 |         69 |          1235.80 |      1235.80 |      1279.94 |                  5.00 |                    7.81 |    409 |    17.4187 |
|        1 |         70 |          1235.80 |      1235.80 |      1251.90 |                  5.00 |                    5.00 |    409 |    17.5239 |
|        1 |         71 |          1235.80 |      1235.80 |      1282.70 |                  5.00 |                    7.01 |    410 |    17.5796 |
|        1 |         72 |          1235.80 |      1235.80 |      1282.40 |                  5.00 |                    5.39 |    411 |    17.6349 |
|        1 |         73 |          1235.80 |      1235.80 |      1300.13 |                  5.26 |                    6.69 |    412 |    17.7082 |
|        1 |         74 |          1235.80 |      1235.80 |      1291.60 |                  5.00 |                    5.00 |    418 |    17.8539 |
|        1 |         75 |          1235.80 |      1235.80 |      1252.55 |                  5.36 |                    8.36 |    419 |    17.9733 |
|        1 |         76 |          1235.80 |      1235.80 |      1253.64 |                  5.00 |                    6.49 |    419 |    18.0482 |
|        1 |         77 |          1235.80 |      1235.80 |      1251.40 |                  5.00 |                   16.05 |    421 |    18.1368 |
|        1 |         78 |          1235.80 |      1235.80 |      1253.86 |                  6.67 |                   28.01 |    421 |    18.1856 |
|        1 |         79 |          1235.80 |      1235.80 |      1316.24 |                 40.00 |                    5.00 |    423 |    18.3428 |
|        1 |         80 |          1235.80 |      1235.80 |      1274.80 |                 14.32 |                    8.72 |    424 |    18.4859 |
|        1 |         81 |          1235.80 |      1235.80 |      1276.10 |                  8.07 |                    5.54 |    424 |    18.5517 |
|        1 |         82 |          1235.80 |      1235.80 |      1276.10 |                  5.00 |                    5.00 |    424 |    18.6237 |
|        1 |         83 |          1235.80 |      1235.80 |      1294.20 |                  5.00 |                    5.00 |    426 |    18.6944 |
|        1 |         84 |          1235.80 |      1235.80 |      1294.20 |                  5.00 |                    5.00 |    426 |    18.7692 |
|        1 |         85 |          1235.80 |      1235.80 |      1294.20 |                  5.00 |                    5.41 |    426 |    18.8714 |
|        1 |         86 |          1235.80 |      1235.80 |      1265.90 |                  5.80 |                    5.00 |    430 |    19.0608 |
|        1 |         87 |          1235.80 |      1235.80 |      1258.70 |                  5.63 |                    5.10 |    432 |    19.1515 |
|        1 |         88 |          1235.80 |      1235.80 |      1281.94 |                  7.21 |                    9.35 |    433 |    19.2213 |
|        1 |         89 |          1235.80 |      1235.80 |      1284.93 |                  5.00 |                   10.61 |    435 |    19.2892 |
|        1 |         90 |          1235.80 |      1235.80 |      1253.10 |                  5.00 |                    5.00 |    436 |    19.4037 |
|        1 |         91 |          1235.80 |      1235.80 |      1251.78 |                  5.00 |                    8.72 |    436 |    19.4743 |
|        1 |         92 |          1235.80 |      1235.80 |      1290.50 |                  8.14 |                    6.18 |    439 |    19.5470 |
|        1 |         93 |          1235.80 |      1235.80 |      1281.10 |                 10.40 |                    6.34 |    439 |    19.6327 |
|        1 |         94 |          1235.80 |      1235.80 |      1280.57 |                  5.05 |                    7.41 |    439 |    19.6987 |
|        1 |         95 |          1235.80 |      1235.80 |      1253.70 |                  5.00 |                    5.34 |    442 |    19.8305 |
|        1 |         96 |          1235.80 |      1235.80 |      1253.70 |                  5.00 |                    5.00 |    442 |    19.9081 |
|        1 |         97 |          1235.80 |      1235.80 |      1253.70 |                  5.00 |                    5.00 |    442 |    19.9803 |
------------------------------------------------------------------------------------------------------------------------------------------------
|  Restart |  Iteration |  Best Feas. Cost |    Best Cost |   Curr. Cost |   Penalty Custom Res. |   Penalty Standard Res. |   Pool |   Time (s) |
------------------------------------------------------------------------------------------------------------------------------------------------
|        1 |         98 |          1235.80 |      1235.80 |      1253.70 |                  8.72 |                    9.84 |    442 |    20.0694 |
|        1 |         99 |          1235.80 |      1235.80 |      1253.70 |                  5.00 |                    5.49 |    442 |    20.1382 |
|        1 |        100 |          1235.80 |      1235.80 |      1253.70 |                  5.00 |                    5.00 |    442 |    20.1925 |
|        1 |        101 |          1235.80 |      1235.80 |      1253.70 |                  5.41 |                    5.41 |    442 |    20.2522 |
|        1 |        102 |          1235.80 |      1235.80 |      1270.10 |                  5.00 |                    5.00 |    442 |    20.3274 |
|        1 |        103 |          1235.80 |      1235.80 |      1298.84 |                  5.00 |                    7.98 |    442 |    20.3766 |
|        1 |        104 |          1235.80 |      1235.80 |      1298.85 |                  5.00 |                    7.62 |    444 |    20.4697 |
|        1 |        105 |          1235.80 |      1235.80 |      1261.87 |                  5.00 |                    5.62 |    444 |    20.5684 |
|        1 |        106 |          1235.80 |      1235.80 |      1259.88 |                  5.00 |                    5.00 |    444 |    20.6813 |
|        1 |        107 |          1235.80 |      1235.80 |      1253.70 |                  5.26 |                    5.12 |    444 |    20.8023 |
|        1 |        108 |          1235.80 |      1235.80 |      1253.70 |                  5.00 |                    5.52 |    444 |    20.8852 |
|        1 |        109 |          1235.80 |      1235.80 |      1260.00 |                  5.00 |                    8.55 |    444 |    20.9596 |
|        1 |        110 |          1235.80 |      1235.80 |      1296.90 |                  5.00 |                    8.77 |    444 |    21.0499 |
|        1 |        111 |          1235.80 |      1235.80 |      1289.97 |                  5.51 |                    5.00 |    447 |    21.1289 |
|        1 |        112 |          1235.80 |      1235.80 |      1294.50 |                  5.00 |                    5.00 |    449 |    21.2319 |
|        1 |        113 |          1235.80 |      1235.80 |      1270.90 |                  5.00 |                    5.00 |    451 |    21.4439 |
|        1 |        114 |          1235.80 |      1235.80 |      1329.70 |                  5.00 |                    5.00 |    453 |    21.5118 |
|        1 |        115 |          1235.80 |      1235.80 |      1329.70 |                  5.00 |                    5.00 |    453 |    21.5906 |
|        1 |        116 |          1235.80 |      1235.80 |      1329.70 |                  5.00 |                    5.00 |    453 |    21.6569 |
|        1 |        117 |          1235.80 |      1235.80 |      1329.70 |                  5.00 |                    5.00 |    453 |    21.7019 |
|        1 |        118 |          1235.80 |      1235.80 |      1338.90 |                  5.00 |                    5.00 |    455 |    21.8038 |
|        1 |        119 |          1235.80 |      1235.80 |      1292.70 |                  8.90 |                    5.57 |    458 |    21.9086 |
|        1 |        120 |          1235.80 |      1235.80 |      1292.70 |                  5.28 |                    5.00 |    458 |    21.9560 |
|        1 |        121 |          1235.80 |      1235.80 |      1294.20 |                  5.00 |                    5.58 |    461 |    22.0771 |
|        1 |        122 |          1235.80 |      1235.80 |      1305.70 |                  5.47 |                    5.00 |    462 |    22.2018 |
|        1 |        123 |          1235.80 |      1235.80 |      1295.88 |                  6.10 |                    6.33 |    464 |    22.3160 |
|        1 |        124 |          1235.80 |      1235.80 |      1296.78 |                 10.44 |                    5.00 |    464 |    22.3697 |
|        1 |        125 |          1235.80 |      1235.80 |      1295.20 |                  5.00 |                    6.24 |    469 |    22.5325 |
|        1 |        126 |          1235.80 |      1235.80 |      1302.01 |                  5.00 |                    5.20 |    469 |    22.6004 |
|        1 |        127 |          1235.80 |      1235.80 |      1301.24 |                  5.00 |                    5.69 |    469 |    22.6617 |
|        1 |        128 |          1235.80 |      1235.80 |      1301.75 |                  5.46 |                    5.34 |    469 |    22.7201 |
|        1 |        129 |          1235.80 |      1235.80 |      1301.38 |                  6.40 |                    5.00 |    469 |    22.7821 |
|        1 |        130 |          1235.80 |      1235.80 |      1311.67 |                  5.00 |                    7.98 |    469 |    22.8278 |
|        1 |        131 |          1235.80 |      1235.80 |      1272.85 |                  5.00 |                    5.00 |    472 |    22.9517 |
|        1 |        132 |          1235.80 |      1235.80 |      1271.22 |                  5.00 |                    6.15 |    473 |    23.0063 |
|        1 |        133 |          1235.80 |      1235.80 |      1271.67 |                  5.00 |                    6.97 |    473 |    23.0861 |
|        1 |        134 |          1235.80 |      1235.80 |      1328.23 |                 22.01 |                    5.00 |    478 |    23.2569 |
|        1 |        135 |          1235.80 |      1235.80 |      1301.80 |                  9.27 |                    5.00 |    480 |    23.3483 |
|        1 |        136 |          1235.80 |      1235.80 |      1297.50 |                  5.00 |                    5.00 |    484 |    23.4585 |
|        1 |        137 |          1235.80 |      1235.80 |      1289.90 |                  5.00 |                    5.80 |    485 |    23.5385 |
|        1 |        138 |          1235.80 |      1235.80 |      1291.80 |                  5.86 |                    5.13 |    486 |    23.6091 |
|        1 |        139 |          1235.80 |      1235.80 |      1320.97 |                  5.00 |                    5.50 |    489 |    23.7515 |
|        1 |        140 |          1235.80 |      1235.80 |      1321.25 |                  5.00 |                    5.00 |    489 |    23.8165 |
|        1 |        141 |          1235.80 |      1235.80 |      1316.30 |                  5.00 |                    6.32 |    491 |    23.9321 |
|        1 |        142 |          1235.80 |      1235.80 |      1316.30 |                  5.00 |                    5.00 |    491 |    24.0166 |
|        1 |        143 |          1235.80 |      1235.80 |      1316.30 |                  5.00 |                    5.24 |    491 |    24.0891 |
|        1 |        144 |          1235.80 |      1235.80 |      1318.70 |                  5.00 |                    7.59 |    493 |    24.1501 |
|        1 |        145 |          1235.80 |      1235.80 |      1321.00 |                  5.00 |                    5.00 |    493 |    24.2396 |
|        1 |        146 |          1235.80 |      1235.80 |      1318.60 |                  5.00 |                    5.00 |    494 |    24.2916 |
|        1 |        147 |          1235.80 |      1235.80 |      1318.60 |                  5.00 |                    9.35 |    494 |    24.3861 |
|        1 |        148 |          1235.80 |      1235.80 |      1318.20 |                  5.00 |                    5.00 |    494 |    24.4617 |
|        1 |        149 |          1235.80 |      1235.80 |      1316.60 |                  7.43 |                    6.74 |    495 |    24.5633 |
|        1 |        150 |          1235.80 |      1235.80 |      1318.70 |                 12.09 |                    5.00 |    498 |    24.6207 |
|        1 |        151 |          1235.80 |      1235.80 |      1324.10 |                  5.77 |                    7.63 |    503 |    24.7996 |
|        1 |        152 |          1235.80 |      1235.80 |      1316.70 |                  8.06 |                    5.00 |    504 |    24.8733 |
|        1 |        153 |          1235.80 |      1235.80 |      1315.97 |                  5.00 |                    5.03 |    504 |    24.9321 |
|        1 |        154 |          1235.80 |      1235.80 |      1315.97 |                  5.00 |                   10.97 |    504 |    25.0242 |
|        1 |        155 |          1235.80 |      1235.80 |      1310.69 |                  5.00 |                    7.61 |    505 |    25.1495 |
|        1 |        156 |          1235.80 |      1235.80 |      1310.51 |                  5.00 |                    7.89 |    505 |    25.2314 |
|        1 |        157 |          1235.80 |      1235.80 |      1310.75 |                  5.00 |                    8.09 |    505 |    25.3182 |
|        1 |        158 |          1235.80 |      1235.80 |      1310.67 |                  5.00 |                    6.93 |    505 |    25.4372 |
|        1 |        159 |          1235.80 |      1235.80 |      1336.40 |                  5.00 |                    5.00 |    510 |    25.5709 |
|        1 |        160 |          1235.80 |      1235.80 |      1289.30 |                  5.75 |                    8.82 |    513 |    25.7364 |
|        1 |        161 |          1235.80 |      1235.80 |      1299.90 |                  5.00 |                    5.00 |    514 |    25.8204 |
|        1 |        162 |          1235.80 |      1235.80 |      1296.70 |                  5.00 |                    7.52 |    516 |    25.9314 |
|        1 |        163 |          1235.80 |      1235.80 |      1296.70 |                  5.00 |                    5.75 |    516 |    25.9969 |
|        1 |        164 |          1235.80 |      1235.80 |      1324.80 |                  6.67 |                    6.67 |    520 |    26.0683 |
|        1 |        165 |          1235.80 |      1235.80 |      1318.73 |                  5.00 |                    5.00 |    521 |    26.1443 |
|        1 |        166 |          1235.80 |      1235.80 |      1309.98 |                  6.74 |                    5.08 |    524 |    26.2845 |
|        1 |        167 |          1235.80 |      1235.80 |      1316.74 |                  5.00 |                    5.00 |    527 |    26.3502 |
|        1 |        168 |          1235.80 |      1235.80 |      1318.44 |                  5.00 |                    5.00 |    528 |    26.4300 |
|        1 |        169 |          1235.80 |      1235.80 |      1314.18 |                  5.00 |                   10.65 |    529 |    26.5004 |
|        1 |        170 |          1235.80 |      1235.80 |      1308.38 |                  5.79 |                   17.84 |    534 |    26.5894 |
|        1 |        171 |          1235.80 |      1235.80 |      1311.10 |                  5.00 |                   11.56 |    534 |    26.6702 |
|        1 |        172 |          1235.80 |      1235.80 |      1328.00 |                  5.00 |                    5.33 |    538 |    26.7527 |
|        1 |        173 |          1235.80 |      1235.80 |      1331.60 |                  5.00 |                    5.00 |    538 |    26.8252 |
|        1 |        174 |          1235.80 |      1235.80 |      1327.95 |                  5.00 |                    5.00 |    541 |    26.9559 |
|        1 |        175 |          1235.80 |      1235.80 |      1326.40 |                  5.00 |                    5.00 |    541 |    27.0378 |
|        1 |        176 |          1235.80 |      1235.80 |      1324.90 |                  5.00 |                    5.00 |    541 |    27.1586 |
|        1 |        177 |          1235.80 |      1235.80 |      1324.90 |                  5.86 |                    6.73 |    541 |    27.2280 |
|        1 |        178 |          1235.80 |      1235.80 |      1315.30 |                  5.00 |                    5.47 |    542 |    27.3026 |
|        1 |        179 |          1235.80 |      1235.80 |      1315.30 |                  5.00 |                    5.00 |    542 |    27.3681 |
|        1 |        180 |          1235.80 |      1235.80 |      1315.30 |                  5.00 |                    5.00 |    542 |    27.4405 |
|        1 |        181 |          1235.80 |      1235.80 |      1315.30 |                  5.00 |                    5.00 |    542 |    27.5091 |
|        1 |        182 |          1235.80 |      1235.80 |      1315.30 |                  5.00 |                    5.00 |    542 |    27.6088 |
|        1 |        183 |          1235.80 |      1235.80 |      1315.30 |                  6.04 |                    5.00 |    542 |    27.6737 |
|        1 |        184 |          1235.80 |      1235.80 |      1312.88 |                  5.00 |                    5.00 |    542 |    27.7931 |
|        1 |        185 |          1235.80 |      1235.80 |      1327.60 |                  5.00 |                    5.00 |    544 |    27.8877 |
|        1 |        186 |          1235.80 |      1235.80 |      1327.60 |                  6.94 |                    5.00 |    544 |    27.9424 |
|        1 |        187 |          1235.80 |      1235.80 |      1327.60 |                  5.00 |                    5.69 |    544 |    27.9979 |
|        1 |        188 |          1235.80 |      1235.80 |      1303.50 |                  5.00 |                    8.28 |    544 |    28.0919 |
|        1 |        189 |          1235.80 |      1235.80 |      1303.10 |                  5.00 |                    5.52 |    545 |    28.1862 |
|        1 |        190 |          1235.80 |      1235.80 |      1278.64 |                 10.33 |                   10.43 |    546 |    28.3396 |
|        1 |        191 |          1235.80 |      1235.80 |      1283.35 |                  7.19 |                    7.41 |    546 |    28.3886 |
|        1 |        192 |          1235.80 |      1235.80 |      1300.88 |                  7.60 |                    7.23 |    546 |    28.4765 |
|        1 |        193 |          1235.80 |      1235.80 |      1301.50 |                 16.85 |                   16.03 |    546 |    28.5525 |
|        1 |        194 |          1235.80 |      1235.80 |      1315.60 |                 10.81 |                   11.37 |    548 |    28.6183 |
|        1 |        195 |          1235.80 |      1235.80 |      1317.60 |                  5.00 |                    5.00 |    552 |    28.7092 |
|        1 |        196 |          1235.80 |      1235.80 |      1298.28 |                  5.00 |                    5.40 |    556 |    28.8180 |
|        1 |        197 |          1235.80 |      1235.80 |      1298.08 |                  5.00 |                    5.28 |    556 |    28.8776 |
|        1 |        198 |          1235.80 |      1235.80 |      1300.70 |                  8.22 |                    9.19 |    560 |    28.9790 |
|        1 |        199 |          1235.80 |      1235.80 |      1275.83 |                 11.65 |                   20.68 |    560 |    29.1397 |
|        1 |        200 |          1235.80 |      1235.80 |      1284.30 |                  8.74 |                   10.62 |    561 |    29.2724 |
|        1 |        201 |          1235.80 |      1235.80 |      1284.30 |                  7.50 |                    9.29 |    561 |    29.3423 |
|        1 |        202 |          1235.80 |      1235.80 |      1278.65 |                 10.72 |                   13.28 |    561 |    29.3997 |
|        1 |        203 |          1235.80 |      1235.80 |      1302.76 |                 16.28 |                   20.17 |    561 |    29.4411 |
|        1 |        204 |          1235.80 |      1235.80 |      1303.00 |                  7.36 |                   10.27 |    561 |    29.5293 |
|        1 |        205 |          1235.80 |      1235.80 |      1338.70 |                  5.00 |                    6.21 |    564 |    29.6030 |
|        1 |        206 |          1235.80 |      1235.80 |      1331.90 |                  5.00 |                    5.00 |    569 |    29.7388 |
|        1 |        207 |          1235.80 |      1235.80 |      1332.70 |                  5.00 |                    5.00 |    570 |    29.8054 |
|        1 |        208 |          1235.80 |      1235.80 |      1312.79 |                  5.00 |                    6.01 |    570 |    29.9507 |
|        1 |        209 |          1235.80 |      1235.80 |      1315.40 |                  5.00 |                    5.00 |    571 |    30.0897 |
|        1 |        210 |          1235.80 |      1235.80 |      1315.40 |                  5.00 |                    5.00 |    571 |    30.1666 |
|        1 |        211 |          1235.80 |      1235.80 |      1315.40 |                  5.00 |                    5.00 |    571 |    30.2623 |
|        1 |        212 |          1235.80 |      1235.80 |      1311.00 |                  5.00 |                    5.00 |    571 |    30.4013 |
|        1 |        213 |          1235.80 |      1235.80 |      1307.10 |                  5.00 |                    5.31 |    574 |    30.4864 |
|        1 |        214 |          1235.80 |      1235.80 |      1307.10 |                  5.00 |                    5.00 |    574 |    30.5660 |
|        1 |        215 |          1235.80 |      1235.80 |      1309.20 |                  5.00 |                    5.00 |    574 |    30.6290 |
|        1 |        216 |          1235.80 |      1235.80 |      1297.20 |                  5.57 |                    5.00 |    577 |    30.7677 |
|        1 |        217 |          1235.80 |      1235.80 |      1307.09 |                  5.00 |                    7.50 |    577 |    30.8680 |
|        1 |        218 |          1235.80 |      1235.80 |      1314.78 |                  6.29 |                    9.13 |    578 |    30.9316 |
|        1 |        219 |          1235.80 |      1235.80 |      1303.70 |                  5.00 |                    5.97 |    579 |    31.0053 |
|        1 |        220 |          1235.80 |      1235.80 |      1317.80 |                  5.00 |                    5.00 |    581 |    31.1508 |
|        1 |        221 |          1235.80 |      1235.80 |      1282.30 |                  5.00 |                    5.00 |    583 |    31.2435 |
|        1 |        222 |          1235.80 |      1235.80 |      1285.34 |                  7.08 |                    9.55 |    585 |    31.3117 |
|        1 |        223 |          1235.80 |      1235.80 |      1279.60 |                  5.00 |                    5.00 |    586 |    31.3984 |
|        1 |        224 |          1235.80 |      1235.80 |      1298.80 |                  5.00 |                    5.00 |    587 |    31.4616 |
|        1 |        225 |          1235.80 |      1235.80 |      1257.90 |                  5.00 |                    5.00 |    588 |    31.6059 |
|        1 |        226 |          1235.80 |      1235.80 |      1293.04 |                  5.00 |                    9.64 |    592 |    31.6767 |
|        1 |        227 |          1235.80 |      1235.80 |      1285.30 |                  5.00 |                    5.60 |    593 |    31.7308 |
|        1 |        228 |          1235.80 |      1235.80 |      1285.30 |                  5.00 |                    5.00 |    593 |    31.8086 |
|        1 |        229 |          1235.80 |      1235.80 |      1294.09 |                  6.80 |                    6.80 |    597 |    31.9227 |
|        1 |        230 |          1235.80 |      1235.80 |      1297.39 |                  5.00 |                    5.00 |    598 |    32.0127 |
|        1 |        231 |          1235.80 |      1235.80 |      1291.79 |                 10.83 |                   11.27 |    600 |    32.1413 |
|        1 |        232 |          1235.80 |      1235.80 |      1296.20 |                  5.69 |                    5.92 |    600 |    32.2050 |
|        1 |        233 |          1235.80 |      1235.80 |      1302.40 |                  5.00 |                    5.00 |    602 |    32.2856 |
|        1 |        234 |          1235.80 |      1235.80 |      1311.00 |                  5.00 |                    5.00 |    605 |    32.3689 |
|        1 |        235 |          1235.80 |      1235.80 |      1290.28 |                  7.20 |                    7.51 |    609 |    32.4830 |
|        1 |        236 |          1235.80 |      1235.80 |      1322.73 |                 13.20 |                    6.06 |    612 |    32.5556 |
|        1 |        237 |          1235.80 |      1235.80 |      1301.62 |                  7.95 |                    5.00 |    613 |    32.6663 |
|        1 |        238 |          1235.80 |      1235.80 |      1299.80 |                  7.23 |                    5.00 |    618 |    32.8330 |
|        1 |        239 |          1235.80 |      1235.80 |      1292.14 |                  5.00 |                    7.82 |    620 |    32.9583 |
|        1 |        240 |          1235.80 |      1235.80 |      1283.82 |                  5.00 |                    6.10 |    622 |    33.0627 |
|        1 |        241 |          1235.80 |      1235.80 |      1273.26 |                  5.00 |                    6.51 |    623 |    33.1685 |
|        1 |        242 |          1235.80 |      1235.80 |      1294.61 |                  5.00 |                    6.55 |    623 |    33.2179 |
|        1 |        243 |          1235.80 |      1235.80 |      1284.00 |                  5.00 |                    8.98 |    626 |    33.2947 |
|        1 |        244 |          1235.80 |      1235.80 |      1321.40 |                 11.65 |                    5.00 |    630 |    33.3715 |
|        1 |        245 |          1235.80 |      1235.80 |      1307.21 |                 19.92 |                    8.55 |    632 |    33.4269 |
|        1 |        246 |          1235.80 |      1235.80 |      1310.50 |                 10.90 |                    7.56 |    633 |    33.4930 |
|        1 |        247 |          1235.80 |      1235.80 |      1304.28 |                 12.36 |                    9.11 |    633 |    33.5625 |
|        1 |        248 |          1235.80 |      1235.80 |      1300.64 |                  7.10 |                    6.26 |    637 |    33.6871 |
|        1 |        249 |          1235.80 |      1235.80 |      1292.86 |                  5.90 |                    5.00 |    637 |    33.7645 |
|        1 |        250 |          1235.80 |      1235.80 |      1291.30 |                  5.11 |                    5.31 |    637 |    33.8487 |
|        1 |        251 |          1235.80 |      1235.80 |      1290.14 |                  9.29 |                    5.00 |    637 |    33.9058 |
|        1 |        252 |          1235.80 |      1235.80 |      1297.77 |                  5.00 |                    5.41 |    638 |    33.9817 |
|        1 |        253 |          1235.80 |      1235.80 |      1307.64 |                  5.00 |                    5.00 |    640 |    34.0418 |
|        1 |        254 |          1235.80 |      1235.80 |      1307.90 |                  5.00 |                    8.14 |    640 |    34.1147 |
|        1 |        255 |          1235.80 |      1235.80 |      1300.10 |                  8.56 |                    5.00 |    643 |    34.2201 |
|        1 |        256 |          1235.80 |      1235.80 |      1326.00 |                  5.02 |                    5.00 |    646 |    34.2741 |
|        1 |        257 |          1235.80 |      1235.80 |      1282.02 |                  5.00 |                    6.32 |    650 |    34.3841 |
|        1 |        258 |          1235.80 |      1235.80 |      1260.04 |                  5.08 |                    7.16 |    650 |    34.4910 |
|        1 |        259 |          1235.80 |      1235.80 |      1288.20 |                  5.00 |                    6.04 |    652 |    34.6611 |
|        1 |        260 |          1235.80 |      1235.80 |      1286.20 |                  5.00 |                    5.00 |    653 |    34.7587 |
|        1 |        261 |          1235.80 |      1235.80 |      1302.10 |                  5.00 |                    5.00 |    657 |    34.8340 |
|        1 |        262 |          1235.80 |      1235.80 |      1302.10 |                  5.00 |                    5.57 |    657 |    34.9075 |
|        1 |        263 |          1235.80 |      1235.80 |      1301.90 |                  6.52 |                    7.44 |    657 |    35.0067 |
|        1 |        264 |          1235.80 |      1235.80 |      1291.60 |                  5.00 |                    5.36 |    657 |    35.0865 |
|        1 |        265 |          1235.80 |      1235.80 |      1305.50 |                  5.00 |                    5.00 |    657 |    35.1600 |
|        1 |        266 |          1235.80 |      1235.80 |      1305.50 |                  5.00 |                    5.00 |    657 |    35.2365 |
|        1 |        267 |          1235.80 |      1235.80 |      1302.60 |                  5.00 |                    5.00 |    657 |    35.3307 |
|        1 |        268 |          1235.80 |      1235.80 |      1302.60 |                  5.00 |                    5.00 |    657 |    35.4076 |
|        1 |        269 |          1235.80 |      1235.80 |      1305.70 |                  5.00 |                    5.00 |    657 |    35.4947 |
|        1 |        270 |          1235.80 |      1235.80 |      1351.70 |                  5.00 |                    5.00 |    660 |    35.5692 |
|        1 |        271 |          1235.80 |      1235.80 |      1345.20 |                  5.00 |                    5.00 |    663 |    35.7185 |
|        1 |        272 |          1235.80 |      1235.80 |      1305.37 |                  5.00 |                    9.17 |    666 |    35.8571 |
|        1 |        273 |          1235.80 |      1235.80 |      1306.60 |                  5.00 |                    5.33 |    667 |    35.9283 |
|        1 |        274 |          1235.80 |      1235.80 |      1309.00 |                  5.00 |                    5.00 |    668 |    35.9832 |
|        1 |        275 |          1235.80 |      1235.80 |      1309.00 |                  6.15 |                    5.00 |    668 |    36.0416 |
|        1 |        276 |          1235.80 |      1235.80 |      1288.70 |                  6.80 |                    5.25 |    670 |    36.2142 |
|        1 |        277 |          1235.80 |      1235.80 |      1288.70 |                  5.00 |                    5.00 |    670 |    36.2741 |
|        1 |        278 |          1235.80 |      1235.80 |      1288.70 |                  5.00 |                    5.00 |    670 |    36.3380 |
|        1 |        279 |          1235.80 |      1235.80 |      1288.70 |                  5.00 |                    5.75 |    670 |    36.4068 |
|        1 |        280 |          1235.80 |      1235.80 |      1304.81 |                  5.00 |                    5.00 |    673 |    36.5435 |
|        1 |        281 |          1235.80 |      1235.80 |      1304.65 |                  9.45 |                    5.00 |    673 |    36.6125 |
|        1 |        282 |          1235.80 |      1235.80 |      1318.95 |                 14.48 |                    5.47 |    675 |    36.6766 |
|        1 |        283 |          1235.80 |      1235.80 |      1305.30 |                 12.03 |                    5.00 |    675 |    36.7871 |
|        1 |        284 |          1235.80 |      1235.80 |      1305.48 |                  5.55 |                    5.00 |    675 |    36.8644 |
|        1 |        285 |          1235.80 |      1235.80 |      1297.94 |                  5.00 |                    7.96 |    676 |    36.9670 |
|        1 |        286 |          1235.80 |      1235.80 |      1313.50 |                  5.00 |                    5.16 |    678 |    37.0405 |
|        1 |        287 |          1235.80 |      1235.80 |      1304.32 |                  5.00 |                    8.05 |    680 |    37.1253 |
|        1 |        288 |          1235.80 |      1235.80 |      1305.40 |                  5.00 |                    8.35 |    680 |    37.1978 |
|        1 |        289 |          1235.80 |      1235.80 |      1305.39 |                  5.00 |                   10.79 |    680 |    37.2671 |
|        1 |        290 |          1235.80 |      1235.80 |      1298.10 |                  5.00 |                    5.00 |    681 |    37.3782 |
|        1 |        291 |          1235.80 |      1235.80 |      1303.40 |                  5.00 |                    6.39 |    682 |    37.4848 |
|        1 |        292 |          1235.80 |      1235.80 |      1303.59 |                  5.00 |                    5.00 |    682 |    37.5634 |
|        1 |        293 |          1235.80 |      1235.80 |      1295.56 |                  8.47 |                    5.00 |    682 |    37.6340 |
|        1 |        294 |          1235.80 |      1235.80 |      1294.71 |                 18.72 |                    5.92 |    682 |    37.7668 |
|        1 |        295 |          1235.80 |      1235.80 |      1301.67 |                 17.06 |                    6.10 |    682 |    37.8267 |
|        1 |        296 |          1235.80 |      1235.80 |      1299.13 |                 26.93 |                    5.00 |    682 |    37.8906 |
|        1 |        297 |          1235.80 |      1235.80 |      1302.50 |                 10.78 |                    5.00 |    684 |    37.9936 |
|        1 |        298 |          1235.80 |      1235.80 |      1306.00 |                  5.00 |                    5.69 |    686 |    38.0822 |
|        1 |        299 |          1235.80 |      1235.80 |      1302.50 |                  5.00 |                    5.00 |    687 |    38.1850 |
|        1 |        300 |          1235.80 |      1235.80 |      1302.50 |                  5.58 |                    5.26 |    687 |    38.2519 |
|        1 |        301 |          1235.80 |      1235.80 |      1293.20 |                  5.00 |                    6.54 |    689 |    38.3524 |
|        1 |        302 |          1235.80 |      1235.80 |      1298.80 |                  5.00 |                    6.16 |    690 |    38.4370 |
|        1 |        303 |          1235.80 |      1235.80 |      1293.20 |                  5.00 |                    5.00 |    690 |    38.5062 |
|        1 |        304 |          1235.80 |      1235.80 |      1293.20 |                  5.00 |                    5.00 |    690 |    38.5792 |
|        1 |        305 |          1235.80 |      1235.80 |      1293.20 |                  5.00 |                    5.00 |    690 |    38.6576 |
|        1 |        306 |          1235.80 |      1235.80 |      1293.20 |                  6.61 |                    6.61 |    690 |    38.7692 |
|        1 |        307 |          1235.80 |      1235.80 |      1311.96 |                  8.44 |                    5.00 |    693 |    38.9271 |
|        1 |        308 |          1235.80 |      1235.80 |      1311.04 |                 11.93 |                    5.00 |    693 |    39.0034 |
|        1 |        309 |          1235.80 |      1235.80 |      1315.02 |                 13.14 |                    7.01 |    693 |    39.0737 |
|        1 |        310 |          1235.80 |      1235.80 |      1353.22 |                 21.39 |                    5.00 |    694 |    39.1227 |
|        1 |        311 |          1235.80 |      1235.80 |      1337.60 |                  9.01 |                    5.00 |    694 |    39.2168 |
|        1 |        312 |          1235.80 |      1235.80 |      1323.50 |                  5.00 |                    5.00 |    696 |    39.2738 |
|        1 |        313 |          1235.80 |      1235.80 |      1335.40 |                  5.00 |                    5.00 |    698 |    39.3609 |
|        1 |        314 |          1235.80 |      1235.80 |      1336.83 |                  5.00 |                    6.40 |    698 |    39.4865 |
|        1 |        315 |          1235.80 |      1235.80 |      1305.07 |                  5.00 |                    9.20 |    698 |    39.6121 |
|        1 |        316 |          1235.80 |      1235.80 |      1291.87 |                 10.24 |                    6.52 |    702 |    39.6963 |
|        1 |        317 |          1235.80 |      1235.80 |      1274.50 |                  7.67 |                    5.00 |    704 |    39.8761 |
|        1 |        318 |          1235.80 |      1235.80 |      1265.37 |                  5.00 |                    5.00 |    706 |    39.9978 |
------------------------------------------------------------------------------------------------------------------------------------------------
|  Restart |  Iteration |  Best Feas. Cost |    Best Cost |   Curr. Cost |   Penalty Custom Res. |   Penalty Standard Res. |   Pool |   Time (s) |
------------------------------------------------------------------------------------------------------------------------------------------------
|        1 |        319 |          1235.80 |      1235.80 |      1261.08 |                  5.00 |                    5.26 |    707 |    40.0878 |
|        1 |        320 |          1235.80 |      1235.80 |      1295.40 |                  5.00 |                    6.25 |    708 |    40.2217 |
|        1 |        321 |          1235.80 |      1235.80 |      1305.80 |                  5.31 |                    9.93 |    709 |    40.3353 |
|        1 |        322 |          1235.80 |      1235.80 |      1302.68 |                  7.00 |                   16.32 |    710 |    40.4058 |
|        1 |        323 |          1235.80 |      1235.80 |      1302.85 |                 10.98 |                    9.42 |    713 |    40.6072 |
|        1 |        324 |          1235.80 |      1235.80 |      1268.30 |                  5.00 |                    6.94 |    715 |    40.7289 |
|        1 |        325 |          1235.80 |      1235.80 |      1268.71 |                  5.00 |                   10.95 |    715 |    40.7987 |
|        1 |        326 |          1235.80 |      1235.80 |      1269.89 |                  6.48 |                   18.75 |    715 |    40.8537 |
|        1 |        327 |          1235.80 |      1235.80 |      1270.40 |                  6.09 |                   21.90 |    717 |    40.9318 |
|        1 |        328 |          1235.80 |      1235.80 |      1291.20 |                  5.00 |                   10.20 |    718 |    41.0172 |
|        1 |        329 |          1235.80 |      1235.80 |      1279.90 |                  7.08 |                    5.35 |    721 |    41.1195 |
|        1 |        330 |          1235.80 |      1235.80 |      1296.10 |                  5.00 |                    5.52 |    721 |    41.1878 |
|        1 |        331 |          1235.80 |      1235.80 |      1292.50 |                  5.00 |                    6.94 |    721 |    41.2618 |
|        1 |        332 |          1235.80 |      1235.80 |      1292.50 |                  5.00 |                    5.00 |    721 |    41.3379 |
|        1 |        333 |          1235.80 |      1235.80 |      1292.50 |                  5.00 |                    5.00 |    721 |    41.3896 |
|        1 |        334 |          1235.80 |      1235.80 |      1277.53 |                  5.00 |                   11.30 |    723 |    41.6111 |
|        1 |        335 |          1235.80 |      1235.80 |      1269.62 |                  5.00 |                    8.92 |    725 |    41.7884 |
|        1 |        336 |          1235.80 |      1235.80 |      1268.87 |                 10.76 |                    5.00 |    725 |    41.8626 |
|        1 |        337 |          1235.80 |      1235.80 |      1267.69 |                  8.68 |                    7.67 |    725 |    41.9404 |
|        1 |        338 |          1235.80 |      1235.80 |      1260.80 |                  5.00 |                    5.00 |    726 |    42.0071 |
|        1 |        339 |          1235.80 |      1235.80 |      1304.26 |                  5.00 |                    7.65 |    730 |    42.1100 |
|        1 |        340 |          1235.80 |      1235.80 |      1285.47 |                  5.00 |                   15.30 |    733 |    42.2601 |
|        1 |        341 |          1235.80 |      1235.80 |      1303.50 |                  7.29 |                    6.64 |    735 |    42.3436 |
|        1 |        342 |          1235.80 |      1235.80 |      1319.28 |                  8.62 |                    5.00 |    736 |    42.3984 |
|        1 |        343 |          1235.80 |      1235.80 |      1284.15 |                 11.70 |                   10.03 |    738 |    42.4878 |
|        1 |        344 |          1235.80 |      1235.80 |      1289.39 |                  5.24 |                    9.79 |    741 |    42.5632 |
|        1 |        345 |          1235.80 |      1235.80 |      1311.07 |                  5.00 |                   24.67 |    742 |    42.6900 |
|        1 |        346 |          1235.80 |      1235.80 |      1312.14 |                  5.00 |                   16.00 |    742 |    42.7480 |
|        1 |        347 |          1235.80 |      1235.80 |      1299.21 |                  5.62 |                    8.96 |    743 |    42.9398 |
|        1 |        348 |          1235.80 |      1235.80 |      1279.26 |                 10.10 |                   16.11 |    745 |    43.0027 |
|        1 |        349 |          1235.80 |      1235.80 |      1285.82 |                  6.62 |                   28.68 |    745 |    43.0623 |
|        1 |        350 |          1235.80 |      1235.80 |      1290.20 |                  5.15 |                   13.76 |    746 |    43.1393 |
|        1 |        351 |          1235.80 |      1235.80 |      1290.20 |                  5.00 |                    8.84 |    746 |    43.1884 |
|        1 |        352 |          1235.80 |      1235.80 |      1291.80 |                  5.00 |                    5.00 |    746 |    43.2832 |
|        1 |        353 |          1235.80 |      1235.80 |      1291.80 |                  5.00 |                    5.00 |    746 |    43.3552 |
|        1 |        354 |          1235.80 |      1235.80 |      1281.90 |                  5.00 |                    5.00 |    746 |    43.4515 |
|        1 |        355 |          1235.80 |      1235.80 |      1281.90 |                  5.00 |                    5.00 |    746 |    43.5154 |
|        1 |        356 |          1235.80 |      1235.80 |      1286.92 |                  5.67 |                    9.54 |    747 |    43.6100 |
|        1 |        357 |          1235.80 |      1235.80 |      1282.80 |                  5.00 |                    7.98 |    747 |    43.7467 |
|        1 |        358 |          1235.80 |      1235.80 |      1273.50 |                  5.92 |                    5.00 |    748 |    43.8431 |
|        1 |        359 |          1235.80 |      1235.80 |      1273.50 |                  5.00 |                    5.00 |    748 |    43.8924 |
|        1 |        360 |          1235.80 |      1235.80 |      1266.70 |                  5.26 |                    6.04 |    748 |    43.9963 |
|        1 |        361 |          1235.80 |      1235.80 |      1266.70 |                  5.00 |                    5.00 |    748 |    44.0541 |
|        1 |        362 |          1235.80 |      1235.80 |      1261.30 |                  5.00 |                    5.00 |    749 |    44.1292 |
|        1 |        363 |          1235.80 |      1235.80 |      1238.30 |                  5.00 |                    5.00 |    750 |    44.2083 |
|        1 |        364 |          1235.80 |      1235.80 |      1276.90 |                  5.00 |                    5.00 |    751 |    44.3168 |
|        1 |        365 |          1235.80 |      1235.80 |      1278.10 |                  5.00 |                    7.75 |    752 |    44.3818 |
|        1 |        366 |          1235.80 |      1235.80 |      1245.63 |                  5.00 |                    5.00 |    752 |    44.5278 |
|        1 |        367 |          1235.80 |      1235.80 |      1254.40 |                  5.00 |                    5.00 |    752 |    44.6368 |
|        1 |        368 |          1235.80 |      1235.80 |      1254.40 |                  5.00 |                    5.00 |    752 |    44.6954 |
|        1 |        369 |          1235.80 |      1235.80 |      1254.40 |                  5.36 |                    5.00 |    752 |    44.8277 |
|        1 |        370 |          1235.80 |      1235.80 |      1253.01 |                  5.00 |                    9.35 |    752 |    44.9427 |
|        1 |        371 |          1235.80 |      1235.80 |      1302.70 |                  5.00 |                   12.46 |    752 |    45.0053 |
|        1 |        372 |          1235.80 |      1235.80 |      1302.70 |                  5.00 |                    6.04 |    752 |    45.0811 |
|        1 |        373 |          1235.80 |      1235.80 |      1301.60 |                  5.00 |                    5.00 |    754 |    45.2041 |
|        1 |        374 |          1235.80 |      1235.80 |      1301.60 |                  9.27 |                    5.36 |    754 |    45.3258 |
|        1 |        375 |          1235.80 |      1235.80 |      1315.63 |                  5.00 |                   11.53 |    756 |    45.4178 |
|        1 |        376 |          1235.80 |      1235.80 |      1293.20 |                  5.91 |                    5.00 |    756 |    45.5491 |
|        1 |        377 |          1235.80 |      1235.80 |      1292.10 |                  5.00 |                    5.00 |    756 |    45.6448 |
|        1 |        378 |          1235.80 |      1235.80 |      1292.10 |                  9.08 |                    5.00 |    756 |    45.7295 |
|        1 |        379 |          1235.80 |      1235.80 |      1295.12 |                  8.19 |                    9.55 |    756 |    45.8106 |
|        1 |        380 |          1235.80 |      1235.80 |      1305.80 |                  5.00 |                    6.47 |    758 |    45.9498 |
|        1 |        381 |          1235.80 |      1235.80 |      1295.00 |                  5.00 |                    5.00 |    759 |    46.0349 |
|        1 |        382 |          1235.80 |      1235.80 |      1319.30 |                  5.00 |                    5.00 |    760 |    46.1537 |
|        1 |        383 |          1235.80 |      1235.80 |      1319.30 |                  5.00 |                    5.00 |    760 |    46.2171 |
|        1 |        384 |          1235.80 |      1235.80 |      1303.90 |                 11.08 |                   18.04 |    760 |    46.3406 |
|        1 |        385 |          1235.80 |      1235.80 |      1310.50 |                 13.10 |                   23.11 |    760 |    46.3924 |
|        1 |        386 |          1235.80 |      1235.80 |      1315.00 |                  9.97 |                   20.63 |    760 |    46.4571 |
|        1 |        387 |          1235.80 |      1235.80 |      1269.20 |                  5.00 |                    5.00 |    763 |    46.7269 |
|        1 |        388 |          1235.80 |      1235.80 |      1269.20 |                  5.00 |                    5.00 |    763 |    46.7962 |
|        1 |        389 |          1235.80 |      1235.80 |      1269.10 |                  5.00 |                    7.58 |    763 |    46.9314 |
|        1 |        390 |          1235.80 |      1235.80 |      1273.49 |                  5.85 |                    6.90 |    764 |    47.0057 |
|        1 |        391 |          1235.80 |      1235.80 |      1278.14 |                  6.24 |                   16.40 |    765 |    47.0967 |
|        1 |        392 |          1235.80 |      1235.80 |      1277.59 |                  6.27 |                    6.06 |    766 |    47.2003 |
|        1 |        393 |          1235.80 |      1235.80 |      1280.00 |                  5.00 |                    5.00 |    767 |    47.2533 |
|        1 |        394 |          1235.80 |      1235.80 |      1266.86 |                  5.09 |                    5.00 |    767 |    47.3292 |
|        1 |        395 |          1235.80 |      1235.80 |      1265.43 |                  6.19 |                    8.46 |    767 |    47.4147 |
|        1 |        396 |          1235.80 |      1235.80 |      1249.40 |                  5.00 |                    5.00 |    767 |    47.6153 |
|        1 |        397 |          1235.80 |      1235.80 |      1249.40 |                  5.00 |                    5.00 |    767 |    47.6916 |
|        1 |        398 |          1235.80 |      1235.80 |      1249.40 |                  5.00 |                    5.00 |    767 |    47.7717 |
|        1 |        399 |          1235.80 |      1235.80 |      1249.40 |                  5.14 |                    5.00 |    767 |    47.8523 |
|        1 |        400 |          1235.80 |      1235.80 |      1267.96 |                  5.00 |                    5.00 |    767 |    47.9484 |
|        1 |        401 |          1235.80 |      1235.80 |      1276.62 |                  5.00 |                    8.80 |    768 |    48.0264 |
|        1 |        402 |          1235.80 |      1235.80 |      1274.50 |                  7.08 |                    5.32 |    768 |    48.0851 |
|        1 |        403 |          1235.80 |      1235.80 |      1265.80 |                  6.22 |                    5.10 |    768 |    48.1718 |
|        1 |        404 |          1235.80 |      1235.80 |      1269.80 |                  5.00 |                    5.00 |    768 |    48.2902 |
|        1 |        405 |          1235.80 |      1235.80 |      1269.80 |                  5.00 |                    5.00 |    768 |    48.3509 |
|        1 |        406 |          1235.80 |      1235.80 |      1271.30 |                  5.00 |                    5.00 |    768 |    48.4135 |
|        1 |        407 |          1235.80 |      1235.80 |      1269.80 |                  5.00 |                    7.44 |    768 |    48.5133 |
|        1 |        408 |          1235.80 |      1235.80 |      1269.80 |                  5.00 |                    5.00 |    768 |    48.5900 |
|        1 |        409 |          1235.80 |      1235.80 |      1290.80 |                  5.00 |                    5.34 |    769 |    48.6670 |
|        1 |        410 |          1235.80 |      1235.80 |      1292.70 |                  5.00 |                    5.00 |    769 |    48.7407 |
|        1 |        411 |          1235.80 |      1235.80 |      1265.90 |                  5.00 |                    5.00 |    770 |    48.8571 |
|        1 |        412 |          1235.80 |      1235.80 |      1264.10 |                  5.00 |                    5.75 |    771 |    48.9239 |
|        1 |        413 |          1235.80 |      1235.80 |      1268.40 |                  5.00 |                    6.27 |    771 |    49.0051 |
|        1 |        414 |          1235.80 |      1235.80 |      1265.84 |                  5.47 |                    7.24 |    771 |    49.1306 |
|        1 |        415 |          1235.80 |      1235.80 |      1264.48 |                  5.00 |                   12.75 |    771 |    49.2047 |
|        1 |        416 |          1235.80 |      1235.80 |      1262.80 |                  5.00 |                    6.83 |    771 |    49.2727 |
|        1 |        417 |          1235.80 |      1235.80 |      1262.80 |                  5.00 |                    5.00 |    771 |    49.3258 |
|        1 |        418 |          1235.80 |      1235.80 |      1260.70 |                  6.22 |                    5.00 |    771 |    49.4969 |
|        1 |        419 |          1235.80 |      1235.80 |      1261.90 |                  7.97 |                    5.00 |    771 |    49.5985 |
|        1 |        420 |          1235.80 |      1235.80 |      1261.90 |                  5.00 |                    5.00 |    771 |    49.6575 |
|        1 |        421 |          1235.80 |      1235.80 |      1262.10 |                  5.00 |                    5.57 |    772 |    49.7263 |
|        1 |        422 |          1235.80 |      1235.80 |      1274.60 |                  6.54 |                    5.00 |    776 |    49.8250 |
|        1 |        423 |          1235.80 |      1235.80 |      1279.70 |                  5.00 |                    5.00 |    777 |    49.8817 |
|        1 |        424 |          1235.80 |      1235.80 |      1276.70 |                  5.00 |                    5.00 |    779 |    49.9865 |
|        1 |        425 |          1235.80 |      1235.80 |      1309.40 |                  5.47 |                    5.47 |    780 |    50.0605 |
|        1 |        426 |          1235.80 |      1235.80 |      1309.40 |                  5.00 |                    5.00 |    780 |    50.1137 |
|        1 |        427 |          1235.80 |      1235.80 |      1289.72 |                  5.00 |                   11.42 |    781 |    50.2035 |
|        1 |        428 |          1235.80 |      1235.80 |      1283.05 |                 11.18 |                   15.01 |    784 |    50.3202 |
|        1 |        429 |          1235.80 |      1235.80 |      1286.20 |                  5.00 |                    6.58 |    785 |    50.4083 |
|        1 |        430 |          1235.80 |      1235.80 |      1286.20 |                  5.00 |                    5.00 |    785 |    50.4649 |
|        1 |        431 |          1235.80 |      1235.80 |      1293.50 |                  6.67 |                    5.26 |    786 |    50.5740 |
|        1 |        432 |          1235.80 |      1235.80 |      1307.84 |                  5.00 |                    7.15 |    788 |    50.6461 |
|        1 |        433 |          1235.80 |      1235.80 |      1309.52 |                  5.00 |                    5.49 |    788 |    50.7143 |
|        1 |        434 |          1235.80 |      1235.80 |      1295.20 |                  5.00 |                    5.00 |    790 |    50.8109 |
|        1 |        435 |          1235.80 |      1235.80 |      1331.45 |                  5.03 |                    5.00 |    793 |    50.8827 |
|        1 |        436 |          1235.80 |      1235.80 |      1321.95 |                  5.00 |                    6.99 |    794 |    50.9673 |
|        1 |        437 |          1235.80 |      1235.80 |      1324.41 |                  5.00 |                    5.41 |    795 |    51.0576 |
|        1 |        438 |          1235.80 |      1235.80 |      1316.40 |                  5.00 |                    5.26 |    797 |    51.1730 |
|        1 |        439 |          1235.80 |      1235.80 |      1317.50 |                  5.52 |                    7.75 |    797 |    51.2487 |
|        1 |        440 |          1235.80 |      1235.80 |      1306.00 |                  5.00 |                    5.00 |    800 |    51.3060 |
|        1 |        441 |          1235.80 |      1235.80 |      1302.05 |                  5.41 |                    7.64 |    801 |    51.4441 |
|        1 |        442 |          1235.80 |      1235.80 |      1307.72 |                  5.00 |                   14.59 |    803 |    51.5104 |
|        1 |        443 |          1235.80 |      1235.80 |      1330.90 |                  5.00 |                    7.44 |    804 |    51.5713 |
|        1 |        444 |          1235.80 |      1235.80 |      1308.10 |                  6.94 |                    5.02 |    804 |    51.6463 |
|        1 |        445 |          1235.80 |      1235.80 |      1316.60 |                  5.00 |                    5.73 |    804 |    51.7186 |
|        1 |        446 |          1235.80 |      1235.80 |      1294.89 |                  5.00 |                   17.34 |    808 |    51.8477 |
|        1 |        447 |          1235.80 |      1235.80 |      1292.61 |                  6.10 |                   26.82 |    810 |    51.9200 |
|        1 |        448 |          1235.80 |      1235.80 |      1294.57 |                  5.00 |                   23.23 |    810 |    51.9954 |
|        1 |        449 |          1235.80 |      1235.80 |      1293.88 |                  5.00 |                   43.04 |    810 |    52.0547 |
|        1 |        450 |          1235.80 |      1235.80 |      1285.50 |                  5.00 |                   35.11 |    811 |    52.1187 |
|        1 |        451 |          1235.80 |      1235.80 |      1285.50 |                  5.00 |                   17.72 |    811 |    52.1836 |
|        1 |        452 |          1235.80 |      1235.80 |      1291.80 |                  6.02 |                    8.08 |    812 |    52.2800 |
|        1 |        453 |          1235.80 |      1235.80 |      1286.05 |                  5.00 |                    8.37 |    813 |    52.3642 |
|        1 |        454 |          1235.80 |      1235.80 |      1287.29 |                 11.19 |                    6.12 |    813 |    52.4376 |
|        1 |        455 |          1235.80 |      1235.80 |      1290.63 |                  7.47 |                    7.59 |    813 |    52.5255 |
|        1 |        456 |          1235.80 |      1235.80 |      1287.48 |                 10.26 |                   11.51 |    813 |    52.5870 |
|        1 |        457 |          1235.80 |      1235.80 |      1291.49 |                  9.15 |                   12.30 |    815 |    52.6594 |
|        1 |        458 |          1235.80 |      1235.80 |      1279.50 |                  7.24 |                    8.80 |    818 |    52.7443 |
|        1 |        459 |          1235.80 |      1235.80 |      1279.50 |                  5.58 |                    7.86 |    818 |    52.8143 |
|        1 |        460 |          1235.80 |      1235.80 |      1289.56 |                  9.84 |                    7.74 |    821 |    52.9035 |
|        1 |        461 |          1235.80 |      1235.80 |      1296.09 |                  6.76 |                   18.76 |    822 |    52.9800 |
|        1 |        462 |          1235.80 |      1235.80 |      1331.60 |                  5.41 |                   16.57 |    823 |    53.0582 |
|        1 |        463 |          1235.80 |      1235.80 |      1327.55 |                  9.82 |                   30.71 |    823 |    53.1225 |
|        1 |        464 |          1235.80 |      1235.80 |      1336.12 |                  7.76 |                   25.27 |    823 |    53.2107 |
|        1 |        465 |          1235.80 |      1235.80 |      1330.95 |                  9.17 |                   31.68 |    823 |    53.2820 |
|        1 |        466 |          1235.80 |      1235.80 |      1320.48 |                  8.85 |                   28.25 |    824 |    53.3622 |
|        1 |        467 |          1235.80 |      1235.80 |      1307.64 |                  7.81 |                   24.42 |    827 |    53.4728 |
|        1 |        468 |          1235.80 |      1235.80 |      1293.07 |                 11.04 |                   28.84 |    827 |    53.5407 |
|        1 |        469 |          1235.80 |      1235.80 |      1312.60 |                  5.00 |                    9.32 |    830 |    53.7114 |
|        1 |        470 |          1235.80 |      1235.80 |      1291.08 |                 10.33 |                   11.75 |    832 |    53.8825 |
|        1 |        471 |          1235.80 |      1235.80 |      1293.10 |                 21.56 |                   24.54 |    832 |    53.9451 |
|        1 |        472 |          1235.80 |      1235.80 |      1306.20 |                 25.44 |                   25.68 |    832 |    54.0243 |
|        1 |        473 |          1235.80 |      1235.80 |      1314.24 |                 25.33 |                   12.70 |    833 |    54.0972 |
|        1 |        474 |          1235.80 |      1235.80 |      1309.60 |                 33.08 |                    7.45 |    833 |    54.1527 |
|        1 |        475 |          1235.80 |      1235.80 |      1287.90 |                 17.89 |                    5.00 |    833 |    54.2481 |
|        1 |        476 |          1235.80 |      1235.80 |      1319.80 |                  6.61 |                    5.00 |    834 |    54.3388 |
|        1 |        477 |          1235.80 |      1235.80 |      1318.40 |                  5.00 |                    6.67 |    835 |    54.4430 |
|        1 |        478 |          1235.80 |      1235.80 |      1314.76 |                  5.00 |                    5.00 |    836 |    54.5206 |
|        1 |        479 |          1235.80 |      1235.80 |      1314.40 |                  7.90 |                    5.00 |    836 |    54.5647 |
|        1 |        480 |          1235.80 |      1235.80 |      1302.66 |                  5.00 |                   10.87 |    837 |    54.6964 |
|        1 |        481 |          1235.80 |      1235.80 |      1290.20 |                  7.15 |                    9.99 |    839 |    54.7579 |
|        1 |        482 |          1235.80 |      1235.80 |      1286.63 |                  5.00 |                   15.14 |    839 |    54.8545 |
|        1 |        483 |          1235.80 |      1235.80 |      1287.21 |                  5.00 |                   10.73 |    839 |    54.9259 |
|        1 |        484 |          1235.80 |      1235.80 |      1287.01 |                  5.00 |                   20.90 |    839 |    54.9902 |
|        1 |        485 |          1235.80 |      1235.80 |      1283.60 |                  5.00 |                    8.71 |    841 |    55.0752 |
|        1 |        486 |          1235.80 |      1235.80 |      1281.10 |                  5.00 |                    7.94 |    843 |    55.1308 |
|        1 |        487 |          1235.80 |      1235.80 |      1283.20 |                  5.41 |                    6.80 |    847 |    55.2044 |
|        1 |        488 |          1235.80 |      1235.80 |      1282.56 |                  5.36 |                    5.78 |    847 |    55.2740 |
|        1 |        489 |          1235.80 |      1235.80 |      1255.48 |                  5.00 |                    5.00 |    847 |    55.4685 |
|        1 |        490 |          1235.80 |      1235.80 |      1255.86 |                  5.68 |                    5.00 |    847 |    55.5471 |
|        1 |        491 |          1235.80 |      1235.80 |      1255.30 |                  5.92 |                    8.05 |    847 |    55.6142 |
|        1 |        492 |          1235.80 |      1235.80 |      1261.40 |                  5.00 |                    5.10 |    847 |    55.6902 |
|        1 |        493 |          1235.80 |      1235.80 |      1260.70 |                  5.00 |                    6.93 |    847 |    55.7832 |
|        1 |        494 |          1235.80 |      1235.80 |      1257.00 |                  5.00 |                    5.80 |    848 |    55.9687 |
|        1 |        495 |          1235.80 |      1235.80 |      1296.30 |                  5.00 |                    5.00 |    848 |    56.0467 |
|        1 |        496 |          1235.80 |      1235.80 |      1293.40 |                  5.00 |                    5.00 |    848 |    56.1286 |
|        1 |        497 |          1235.80 |      1235.80 |      1292.60 |                  5.00 |                    5.31 |    848 |    56.1812 |
|        1 |        498 |          1235.80 |      1235.80 |      1289.45 |                  8.90 |                    5.00 |    848 |    56.2700 |
|        1 |        499 |          1235.80 |      1235.80 |      1293.76 |                  5.77 |                    7.01 |    848 |    56.3432 |
|        1 |        500 |          1235.80 |      1235.80 |      1248.13 |                  5.00 |                    7.63 |    848 |    56.4300 |
------------------------------------------------------------------------------------------------------------------------------------------------
Version identifier: 22.1.2.0 | 2024-11-26 | 0edbb82fd
CPXPARAM_MIP_Tolerances_UpperCutoff              1235.9000000000697
Tried aggregator 1 time.
MIP Presolve eliminated 11 rows and 120 columns.
MIP Presolve modified 406 coefficients.
Reduced MIP has 90 rows, 728 columns, and 4853 nonzeros.
Reduced MIP has 728 binaries, 0 generals, 0 SOSs, and 0 indicators.
Presolve time = 0.00 sec. (6.25 ticks)
Probing fixed 10 vars, tightened 0 bounds.
Probing time = 0.01 sec. (8.37 ticks)
Tried aggregator 1 time.
Detecting symmetries...
MIP Presolve eliminated 1 rows and 20 columns.
Reduced MIP has 89 rows, 708 columns, and 4720 nonzeros.
Reduced MIP has 708 binaries, 0 generals, 0 SOSs, and 0 indicators.
Presolve time = 0.00 sec. (3.98 ticks)
Probing time = 0.00 sec. (2.40 ticks)
Clique table members: 892.
MIP emphasis: balance optimality and feasibility.
MIP search method: dynamic search.
Parallel mode: deterministic, using up to 8 threads.
Root relaxation solution time = 0.00 sec. (3.68 ticks)

        Nodes                                         Cuts/
   Node  Left     Objective  IInf  Best Integer    Best Bound    ItCnt     Gap

*     0     0      integral     0     1209.3000     1209.3000      203    0.00%
Elapsed time = 0.02 sec. (29.15 ticks, tree = 0.00 MB, solutions = 1)
objective_value(sp) = 1209.2999999999997
 59.834048 seconds (6.90 M allocations: 344.311 MiB, 0.11% gc time, 6.41% compilation time)
#1: 0 (0.0) {5.0} -> 41 (20.0) {48.0} [48.0, 165.0] -> 38 (50.0) {64.4} [37.0, 148.0] -> 42 (60.0) {81.4} [33.0, 166.0] -> 44 (70.0) {93.4} [35.0, 148.0] -> 43 (90.0) {117.0} [117.0, 168.0] -> 40 (120.0) {132.0} [50.0, 149.0] -> 37 (130.0) {147.8} [113.0, 164.0] -> 35 (150.0) {161.4} [61.0, 185.0] -> 36 (190.0) {173.4} [43.0, 186.0] -> 39 (200.0) {190.4} [36.0, 191.0] -> 0 (200.0) {236.4} [0.0, 240.0]
#2: 0 (0.0) {3.0} -> 90 (6.0) {74.0} [74.0, 127.0] -> 0 (6.0) {88.2} [0.0, 240.0]
#3: 0 (0.0) {6.0} -> 61 (9.0) {55.0} [55.0, 106.0] -> 81 (19.0) {80.0} [80.0, 121.0] -> 54 (35.0) {127.0} [127.0, 180.0] -> 96 (61.0) {143.0} [121.0, 172.0] -> 0 (61.0) {168.5} [0.0, 240.0]
#4: 0 (0.0) {6.0} -> 31 (20.0) {56.2} [50.0, 110.0] -> 29 (30.0) {68.2} [52.0, 112.0] -> 27 (50.0) {83.2} [57.0, 172.0] -> 28 (60.0) {99.0} [55.0, 120.0] -> 26 (90.0) {112.0} [105.0, 154.0] -> 34 (120.0) {133.1} [100.0, 151.0] -> 30 (130.0) {148.9} [52.0, 159.0] -> 32 (140.0) {159.9} [116.0, 175.0] -> 33 (150.0) {175.2} [51.0, 178.0] -> 0 (150.0) {236.6} [0.0, 240.0]
#5: 0 (0.0) {5.0} -> 92 (14.0) {19.7} [14.0, 155.0] -> 95 (20.0) {36.4} [20.0, 84.0] -> 84 (38.0) {62.0} [62.0, 159.0] -> 85 (40.0) {80.4} [76.0, 127.0] -> 63 (46.0) {94.0} [39.0, 108.0] -> 51 (65.0) {114.0} [69.0, 126.0] -> 76 (96.0) {133.4} [42.0, 143.0] -> 89 (121.0) {153.2} [105.0, 177.0] -> 56 (140.0) {197.6} [88.0, 201.0] -> 0 (140.0) {225.6} [0.0, 240.0]
#6: 0 (0.0) {5.0} -> 72 (8.0) {32.4} [27.0, 101.0] -> 71 (22.0) {52.5} [52.0, 107.0] -> 93 (25.0) {69.0} [69.0, 208.0] -> 94 (48.0) {86.0} [86.0, 133.0] -> 67 (57.0) {105.2} [28.0, 141.0] -> 50 (87.0) {125.8} [104.0, 157.0] -> 62 (90.0) {142.8} [29.0, 158.0] -> 91 (103.0) {170.2} [151.0, 212.0] -> 80 (116.0) {185.5} [97.0, 222.0] -> 0 (116.0) {203.1} [0.0, 240.0]
#7: 0 (0.0) {6.0} -> 2 (30.0) {36.8} [32.0, 97.0] -> 6 (50.0) {55.0} [55.0, 164.0] -> 7 (70.0) {69.0} [69.0, 118.0] -> 8 (80.0) {84.0} [56.0, 155.0] -> 5 (100.0) {101.0} [40.0, 113.0] -> 3 (110.0) {113.0} [101.0, 146.0] -> 1 (130.0) {126.0} [125.0, 191.0] -> 45 (140.0) {141.8} [37.0, 177.0] -> 46 (150.0) {154.6} [98.0, 157.0] -> 4 (190.0) {166.6} [71.0, 193.0] -> 100 (193.0) {193.6} [66.0, 210.0] -> 0 (193.0) {222.8} [0.0, 240.0]
#8: 0 (0.0) {4.0} -> 88 (19.0) {24.0} [24.0, 139.0] -> 12 (39.0) {54.6} [49.0, 108.0] -> 14 (49.0) {67.6} [35.0, 117.0] -> 47 (59.0) {80.6} [38.0, 109.0] -> 17 (79.0) {92.6} [60.0, 189.0] -> 16 (99.0) {107.6} [59.0, 114.0] -> 15 (119.0) {119.6} [39.0, 161.0] -> 13 (129.0) {135.4} [62.0, 191.0] -> 11 (169.0) {151.2} [33.0, 152.0] -> 10 (199.0) {163.2} [90.0, 177.0] -> 0 (199.0) {204.8} [0.0, 240.0]
#9: 0 (0.0) {6.0} -> 69 (27.0) {15.2} [9.0, 134.0] -> 98 (36.0) {30.2} [30.0, 91.0] -> 53 (41.0) {57.0} [57.0, 154.0] -> 78 (68.0) {80.4} [46.0, 163.0] -> 73 (73.0) {97.6} [65.0, 118.0] -> 79 (103.0) {116.5} [54.0, 153.0] -> 60 (120.0) {138.5} [137.0, 202.0] -> 55 (136.0) {163.5} [95.0, 214.0] -> 70 (159.0) {183.7} [60.0, 210.0] -> 68 (180.0) {203.9} [100.0, 217.0] -> 0 (180.0) {223.9} [0.0, 240.0]
#10: 0 (0.0) {6.0} -> 65 (16.0) {17.1} [11.0, 140.0] -> 99 (31.0) {37.3} [37.0, 146.0] -> 52 (34.0) {52.3} [36.0, 97.0] -> 86 (62.0) {77.0} [77.0, 126.0] -> 57 (85.0) {96.0} [82.0, 139.0] -> 24 (95.0) {128.0} [128.0, 194.0] -> 22 (135.0) {140.0} [55.0, 158.0] -> 20 (145.0) {152.0} [111.0, 162.0] -> 66 (161.0) {184.0} [92.0, 203.0] -> 0 (161.0) {207.0} [0.0, 240.0]
#11: 0 (0.0) {6.0} -> 82 (9.0) {26.0} [26.0, 87.0] -> 9 (29.0) {54.7} [51.0, 160.0] -> 87 (42.0) {75.8} [68.0, 141.0] -> 59 (61.0) {90.2} [42.0, 125.0] -> 75 (77.0) {116.0} [60.0, 117.0] -> 97 (112.0) {139.0} [112.0, 157.0] -> 58 (132.0) {162.6} [56.0, 182.0] -> 74 (140.0) {183.7} [72.0, 193.0] -> 0 (140.0) {229.7} [0.0, 240.0]
#12: 0 (0.0) {5.0} -> 83 (14.0) {24.2} [19.0, 87.0] -> 64 (31.0) {42.2} [20.0, 139.0] -> 19 (71.0) {72.4} [58.0, 115.0] -> 49 (81.0) {84.4} [79.0, 158.0] -> 21 (91.0) {101.6} [52.0, 111.0] -> 18 (111.0) {115.6} [79.0, 124.0] -> 48 (121.0) {127.6} [120.0, 184.0] -> 23 (151.0) {141.6} [45.0, 164.0] -> 25 (171.0) {154.6} [54.0, 184.0] -> 77 (178.0) {176.7} [52.0, 180.0] -> 0 (178.0) {236.6} [0.0, 240.0]

Dist: 1209.2999999999997. Cost: 1209.2999999999997

Root node processing (before b&c):
  Real time             =    0.02 sec. (29.18 ticks)
Parallel b&c, 8 threads:
  Real time             =    0.00 sec. (0.00 ticks)
  Sync time (average)   =    0.00 sec.
  Wait time (average)   =    0.00 sec.
                          ------------
Total (root+branch&cut) =    0.02 sec. (29.18 ticks)
