Solving instance /mnt/c/Users/bruno.mattos/OneDrive - americanas s.a/Documentos/GitHub/GenericILS/TWRD/100/RC103_100_015.vrptwrd...
------------------------------------------------------------------------------------------------------------------------------------------------
|  Restart |  Iteration |  Best Feas. Cost |    Best Cost |   Curr. Cost |   Penalty Custom Res. |   Penalty Standard Res. |   Pool |   Time (s) |
------------------------------------------------------------------------------------------------------------------------------------------------
|        1 |          0 |          1424.60 |      1424.60 |      1424.60 |                  6.67 |                    5.00 |     22 |     0.3474 |
|        1 |          0 |          1423.40 |      1423.40 |      1423.40 |                  5.00 |                    5.00 |     25 |     0.8338 |
|        1 |          1 |          1423.40 |      1423.40 |      1423.40 |                  5.00 |                    5.00 |     25 |     0.8829 |
|        1 |          2 |          1423.40 |      1423.40 |      1431.20 |                  6.48 |                    5.00 |     29 |     0.9466 |
|        1 |          3 |          1423.40 |      1423.40 |      1429.20 |                  8.64 |                    5.00 |     30 |     1.0220 |
|        1 |          4 |          1423.40 |      1423.40 |      1440.34 |                 16.18 |                    5.00 |     31 |     1.0805 |
|        1 |          5 |          1423.40 |      1423.40 |      1449.97 |                 34.46 |                    5.00 |     32 |     1.1463 |
|        1 |          6 |          1423.40 |      1417.90 |      1417.90 |                  8.59 |                    5.00 |     38 |     1.3005 |
|        1 |          7 |          1423.40 |      1417.90 |      1417.91 |                  6.67 |                    8.14 |     38 |     1.3460 |
|        1 |          8 |          1423.40 |      1417.90 |      1430.35 |                  5.00 |                    6.58 |     43 |     1.4079 |
|        1 |          9 |          1423.40 |      1417.90 |      1429.84 |                  5.00 |                   13.59 |     45 |     1.4804 |
|        1 |         10 |          1423.40 |      1417.90 |      1458.80 |                  5.00 |                    5.95 |     52 |     1.5739 |
|        1 |         11 |          1423.40 |      1417.90 |      1423.60 |                 10.24 |                    5.00 |     54 |     1.6809 |
|        1 |         12 |          1423.40 |      1417.90 |      1423.60 |                  5.00 |                    5.00 |     54 |     1.7581 |
|        1 |         13 |          1423.40 |      1388.63 |      1388.63 |                  5.09 |                    5.00 |     58 |     1.8388 |
|        1 |         14 |          1423.40 |      1388.63 |      1391.65 |                  7.75 |                    9.55 |     60 |     1.8947 |
|        1 |          0 |          1371.40 |      1371.40 |      1371.40 |                  5.00 |                    5.47 |     70 |     2.0208 |
|        1 |          0 |          1364.50 |      1364.50 |      1364.50 |                  5.00 |                    5.00 |     77 |     2.1424 |
|        1 |          1 |          1364.50 |      1357.90 |      1357.90 |                  8.56 |                    5.00 |     79 |     2.2240 |
|        1 |          0 |          1364.30 |      1357.90 |      1364.30 |                  5.00 |                    5.00 |     79 |     2.2844 |
|        1 |          1 |          1364.30 |      1357.90 |      1364.30 |                  5.26 |                    5.00 |     79 |     2.3558 |
|        1 |          2 |          1364.30 |      1357.90 |      1368.45 |                  5.00 |                    5.00 |     81 |     2.4228 |
|        1 |          3 |          1364.30 |      1357.90 |      1365.50 |                  5.00 |                    5.00 |     87 |     2.4876 |
|        1 |          4 |          1364.30 |      1357.90 |      1384.85 |                  7.15 |                   12.97 |     91 |     2.6080 |
|        1 |          5 |          1364.30 |      1357.90 |      1381.20 |                  5.00 |                    5.00 |     97 |     2.7653 |
|        1 |          6 |          1364.30 |      1357.90 |      1381.10 |                  5.00 |                    5.00 |     98 |     2.8180 |
|        1 |          7 |          1364.30 |      1357.90 |      1381.86 |                  6.74 |                   13.39 |     99 |     2.9078 |
|        1 |          8 |          1364.30 |      1357.90 |      1385.41 |                  5.00 |                   13.27 |    100 |     3.0794 |
|        1 |          9 |          1364.30 |      1357.90 |      1385.42 |                  5.00 |                   12.92 |    100 |     3.2084 |
|        1 |         10 |          1364.30 |      1357.90 |      1398.60 |                  5.15 |                    5.78 |    102 |     3.2914 |
|        1 |         11 |          1364.30 |      1357.90 |      1387.97 |                 10.85 |                    5.00 |    105 |     3.4032 |
|        1 |         12 |          1364.30 |      1357.90 |      1383.56 |                  6.72 |                    5.00 |    111 |     3.5610 |
|        1 |         13 |          1364.30 |      1357.90 |      1412.47 |                  5.00 |                   10.23 |    117 |     3.6458 |
|        1 |         14 |          1364.30 |      1357.90 |      1413.49 |                  7.44 |                    6.25 |    117 |     3.7067 |
|        1 |         15 |          1364.30 |      1357.90 |      1421.49 |                 12.34 |                    5.00 |    118 |     3.7960 |
|        1 |         16 |          1364.30 |      1357.90 |      1425.64 |                 24.28 |                    7.89 |    118 |     3.8596 |
|        1 |         17 |          1364.30 |      1357.90 |      1438.16 |                 40.73 |                   12.98 |    118 |     3.9101 |
|        1 |         18 |          1364.30 |      1357.90 |      1424.16 |                 28.53 |                    7.44 |    125 |     4.0213 |
|        1 |         19 |          1364.30 |      1357.90 |      1430.70 |                 14.26 |                    5.00 |    126 |     4.0830 |
|        1 |         20 |          1364.30 |      1357.90 |      1421.90 |                  6.44 |                    5.00 |    132 |     4.1676 |
|        1 |         21 |          1364.30 |      1357.90 |      1392.10 |                 11.23 |                    5.00 |    136 |     4.2496 |
|        1 |         22 |          1364.30 |      1357.90 |      1399.67 |                  9.91 |                    6.58 |    136 |     4.3486 |
|        1 |         23 |          1364.30 |      1357.90 |      1394.81 |                  6.15 |                   10.46 |    141 |     4.4758 |
|        1 |         24 |          1364.30 |      1357.90 |      1394.73 |                  5.57 |                    5.38 |    141 |     4.5760 |
|        1 |         25 |          1364.30 |      1357.90 |      1387.05 |                 11.65 |                    5.00 |    146 |     4.6863 |
|        1 |         26 |          1364.30 |      1357.90 |      1392.35 |                 20.34 |                    5.00 |    146 |     4.7401 |
|        1 |         27 |          1364.30 |      1357.90 |      1402.07 |                 36.58 |                    5.00 |    146 |     4.7987 |
|        1 |         28 |          1364.30 |      1357.90 |      1444.57 |                 74.14 |                    5.00 |    150 |     4.8612 |
|        1 |         29 |          1364.30 |      1357.90 |      1428.10 |                  8.12 |                    5.00 |    156 |     5.0751 |
|        1 |         30 |          1364.30 |      1357.90 |      1411.10 |                  5.00 |                    5.00 |    161 |     5.2230 |
|        1 |         31 |          1364.30 |      1357.90 |      1417.00 |                  9.36 |                    5.00 |    161 |     5.2851 |
|        1 |         32 |          1364.30 |      1357.90 |      1413.00 |                  5.00 |                    5.00 |    163 |     5.3729 |
|        1 |         33 |          1364.30 |      1357.90 |      1410.40 |                  6.87 |                    5.00 |    164 |     5.4458 |
|        1 |         34 |          1364.30 |      1357.90 |      1410.40 |                  5.08 |                    5.00 |    164 |     5.5020 |
|        1 |         35 |          1364.30 |      1357.90 |      1404.70 |                  7.01 |                    7.82 |    166 |     5.6420 |
|        1 |         36 |          1364.30 |      1357.90 |      1392.60 |                  5.00 |                    5.00 |    171 |     5.8039 |
|        1 |         37 |          1364.30 |      1357.90 |      1392.60 |                  5.00 |                    5.00 |    171 |     5.8654 |
|        1 |         38 |          1364.30 |      1357.90 |      1392.60 |                  5.00 |                    5.00 |    171 |     5.9414 |
|        1 |         39 |          1364.30 |      1357.90 |      1392.60 |                  5.52 |                    5.00 |    171 |     6.0111 |
|        1 |         40 |          1364.30 |      1357.90 |      1392.60 |                  5.00 |                    5.26 |    171 |     6.0793 |
|        1 |         41 |          1364.30 |      1357.90 |      1377.80 |                  6.41 |                    5.00 |    172 |     6.1727 |
|        1 |          0 |          1358.50 |      1357.90 |      1358.50 |                  5.00 |                    5.00 |    172 |     6.2230 |
|        1 |          0 |          1356.40 |      1356.40 |      1356.40 |                  5.00 |                    5.00 |    176 |     6.3021 |
|        1 |          1 |          1356.40 |      1356.40 |      1380.50 |                  5.00 |                    5.00 |    178 |     6.3537 |
|        1 |          2 |          1356.40 |      1356.40 |      1381.30 |                  5.00 |                    5.00 |    179 |     6.4567 |
|        1 |          3 |          1356.40 |      1356.40 |      1401.50 |                  5.00 |                    5.00 |    179 |     6.5337 |
|        1 |          4 |          1356.40 |      1356.40 |      1373.60 |                  5.00 |                    5.00 |    184 |     6.6295 |
|        1 |          5 |          1356.40 |      1356.40 |      1363.30 |                  5.00 |                    5.00 |    184 |     6.7347 |
|        1 |          6 |          1356.40 |      1356.40 |      1363.30 |                  9.55 |                    5.00 |    184 |     6.7929 |
|        1 |          7 |          1356.40 |      1356.40 |      1374.65 |                  6.43 |                   12.00 |    186 |     6.8631 |
|        1 |          8 |          1356.40 |      1356.40 |      1390.88 |                  5.00 |                    9.88 |    188 |     6.9330 |
|        1 |          9 |          1356.40 |      1356.40 |      1381.15 |                  5.36 |                    7.60 |    188 |     6.9826 |
|        1 |         10 |          1356.40 |      1356.40 |      1404.90 |                  5.00 |                    5.00 |    188 |     7.0461 |
|        1 |         11 |          1356.40 |      1356.40 |      1403.40 |                  7.08 |                    5.00 |    193 |     7.1602 |
|        1 |         12 |          1356.40 |      1356.40 |      1406.30 |                  5.00 |                    5.00 |    195 |     7.2344 |
|        1 |         13 |          1356.40 |      1356.40 |      1406.30 |                  6.87 |                    5.40 |    195 |     7.3054 |
|        1 |         14 |          1356.40 |      1356.40 |      1407.00 |                  5.05 |                    5.00 |    195 |     7.3508 |
|        1 |         15 |          1356.40 |      1356.40 |      1416.10 |                  5.00 |                    5.00 |    198 |     7.4183 |
|        1 |         16 |          1356.40 |      1356.40 |      1402.06 |                  8.82 |                    5.00 |    199 |     7.4746 |
|        1 |         17 |          1356.40 |      1356.40 |      1406.16 |                 17.34 |                    5.00 |    199 |     7.5286 |
|        1 |         18 |          1356.40 |      1356.40 |      1416.80 |                  8.93 |                    5.00 |    200 |     7.5776 |
|        1 |         19 |          1356.40 |      1356.40 |      1384.20 |                  8.38 |                    5.00 |    202 |     7.7088 |
|        1 |         20 |          1356.40 |      1356.40 |      1422.60 |                  5.00 |                    5.00 |    203 |     7.7904 |
|        1 |         21 |          1356.40 |      1356.40 |      1390.82 |                  5.00 |                    9.83 |    204 |     7.8860 |
|        1 |         22 |          1356.40 |      1356.40 |      1395.60 |                  5.00 |                   13.59 |    204 |     8.0134 |
|        1 |         23 |          1356.40 |      1356.40 |      1415.81 |                  5.00 |                    6.65 |    207 |     8.1061 |
|        1 |         24 |          1356.40 |      1356.40 |      1445.15 |                  5.00 |                    5.00 |    209 |     8.1574 |
|        1 |         25 |          1356.40 |      1356.40 |      1423.16 |                  6.84 |                    5.00 |    215 |     8.2860 |
|        1 |         26 |          1356.40 |      1356.40 |      1420.13 |                  7.45 |                    5.00 |    220 |     8.3478 |
|        1 |         27 |          1356.40 |      1356.40 |      1415.33 |                 14.37 |                    5.26 |    222 |     8.4017 |
|        1 |         28 |          1356.40 |      1356.40 |      1376.60 |                  5.00 |                    5.00 |    225 |     8.5994 |
|        1 |         29 |          1356.40 |      1356.40 |      1398.70 |                  5.00 |                    8.22 |    229 |     8.7064 |
|        1 |         30 |          1356.40 |      1356.40 |      1398.70 |                  5.00 |                    5.00 |    229 |     8.7558 |
|        1 |         31 |          1356.40 |      1356.40 |      1397.20 |                  5.52 |                    6.94 |    232 |     8.8255 |
|        1 |         32 |          1356.40 |      1356.40 |      1398.60 |                  5.00 |                    5.00 |    234 |     8.9212 |
|        1 |         33 |          1356.40 |      1356.40 |      1398.60 |                  5.00 |                    5.00 |    234 |     8.9773 |
|        1 |         34 |          1356.40 |      1356.40 |      1417.11 |                 10.76 |                    5.00 |    234 |     9.0397 |
|        1 |         35 |          1356.40 |      1356.40 |      1386.30 |                  5.00 |                    5.00 |    236 |     9.1288 |
|        1 |         36 |          1356.40 |      1356.40 |      1376.26 |                  5.00 |                    5.00 |    238 |     9.2408 |
|        1 |         37 |          1356.40 |      1356.40 |      1384.70 |                  5.00 |                    5.00 |    241 |     9.3159 |
|        1 |         38 |          1356.40 |      1356.40 |      1359.77 |                  5.00 |                    5.80 |    249 |     9.4593 |
|        1 |         39 |          1356.40 |      1339.82 |      1339.82 |                 10.34 |                   12.00 |    251 |     9.5226 |
|        1 |         40 |          1356.40 |      1339.82 |      1372.10 |                 10.26 |                    5.14 |    254 |     9.6559 |
|        1 |         41 |          1356.40 |      1339.82 |      1365.20 |                  6.39 |                    5.00 |    254 |     9.7243 |
|        1 |         42 |          1356.40 |      1339.82 |      1367.10 |                  5.00 |                    5.00 |    256 |     9.8139 |
|        1 |         43 |          1356.40 |      1339.82 |      1365.91 |                  6.41 |                    5.08 |    258 |     9.9801 |
|        1 |          0 |          1354.60 |      1339.82 |      1354.60 |                  5.00 |                    6.47 |    259 |    10.1225 |
|        1 |          1 |          1354.60 |      1339.82 |      1362.97 |                 17.87 |                    8.64 |    263 |    10.2351 |
|        1 |          2 |          1354.60 |      1339.82 |      1371.93 |                 30.28 |                    5.07 |    263 |    10.2840 |
|        1 |          3 |          1354.60 |      1339.82 |      1359.90 |                 17.77 |                    5.00 |    266 |    10.3356 |
|        1 |          0 |          1352.60 |      1339.82 |      1352.60 |                 18.94 |                    7.67 |    266 |    10.4461 |
|        1 |          1 |          1352.60 |      1339.82 |      1398.50 |                  8.30 |                    5.00 |    269 |    10.5177 |
|        1 |          2 |          1352.60 |      1339.82 |      1404.00 |                  5.00 |                    5.00 |    272 |    10.6003 |
|        1 |          3 |          1352.60 |      1339.82 |      1389.60 |                  6.16 |                    5.00 |    276 |    10.6728 |
|        1 |          4 |          1352.60 |      1339.82 |      1413.70 |                  5.00 |                    5.26 |    278 |    10.7283 |
|        1 |          5 |          1352.60 |      1339.82 |      1375.20 |                  5.52 |                    5.69 |    280 |    10.8333 |
|        1 |          6 |          1352.60 |      1339.82 |      1375.20 |                  5.00 |                    5.04 |    280 |    10.8865 |
|        1 |          7 |          1352.60 |      1339.82 |      1375.20 |                  5.00 |                    5.26 |    280 |    10.9412 |
|        1 |          8 |          1352.60 |      1339.82 |      1375.20 |                  5.00 |                    5.00 |    280 |    11.0092 |
|        1 |          9 |          1352.60 |      1339.82 |      1394.60 |                  5.00 |                    5.00 |    282 |    11.0898 |
|        1 |         10 |          1352.60 |      1339.82 |      1401.80 |                  5.00 |                    5.00 |    282 |    11.1492 |
|        1 |         11 |          1352.60 |      1339.82 |      1388.20 |                  5.41 |                    5.00 |    285 |    11.2517 |
|        1 |         12 |          1352.60 |      1339.82 |      1379.98 |                  6.40 |                    6.40 |    287 |    11.3159 |
|        1 |         13 |          1352.60 |      1339.82 |      1357.81 |                  5.65 |                    6.25 |    289 |    11.3877 |
|        1 |         14 |          1352.60 |      1339.82 |      1358.42 |                  5.00 |                    5.00 |    289 |    11.4627 |
|        1 |         15 |          1352.60 |      1339.82 |      1416.30 |                  5.00 |                    6.34 |    296 |    11.6114 |
|        1 |         16 |          1352.60 |      1339.82 |      1416.30 |                  5.00 |                    5.00 |    296 |    11.6791 |
|        1 |         17 |          1352.60 |      1339.82 |      1416.30 |                  6.04 |                    5.00 |    296 |    11.7240 |
|        1 |         18 |          1352.60 |      1339.82 |      1416.30 |                  5.00 |                    5.00 |    296 |    11.7820 |
|        1 |         19 |          1352.60 |      1339.82 |      1416.30 |                  5.00 |                    5.00 |    296 |    11.8269 |
|        1 |         20 |          1352.60 |      1339.82 |      1416.30 |                  5.00 |                    5.00 |    296 |    11.8906 |
|        1 |         21 |          1352.60 |      1339.82 |      1416.10 |                  5.00 |                    5.00 |    297 |    11.9815 |
|        1 |         22 |          1352.60 |      1339.82 |      1374.80 |                  5.00 |                    5.00 |    298 |    12.0567 |
|        1 |         23 |          1352.60 |      1339.82 |      1376.30 |                 10.24 |                    5.00 |    298 |    12.1256 |
|        1 |         24 |          1352.60 |      1339.82 |      1357.10 |                  8.75 |                    7.15 |    298 |    12.2427 |
|        1 |         25 |          1352.60 |      1339.82 |      1426.28 |                  5.00 |                   13.52 |    301 |    12.3022 |
|        1 |         26 |          1352.60 |      1339.82 |      1417.90 |                  6.29 |                   13.60 |    308 |    12.3714 |
|        1 |         27 |          1352.60 |      1339.82 |      1417.83 |                  5.00 |                    9.64 |    309 |    12.4455 |
|        1 |         28 |          1352.60 |      1339.82 |      1403.10 |                  5.00 |                    5.00 |    314 |    12.5902 |
|        1 |         29 |          1352.60 |      1339.82 |      1403.10 |                  5.00 |                    5.00 |    314 |    12.6419 |
|        1 |         30 |          1352.60 |      1339.82 |      1374.45 |                  5.00 |                   10.44 |    316 |    12.7290 |
|        1 |         31 |          1352.60 |      1339.82 |      1394.71 |                  8.47 |                   12.34 |    318 |    12.7801 |
|        1 |         32 |          1352.60 |      1339.82 |      1409.76 |                 21.16 |                    7.91 |    318 |    12.8548 |
|        1 |         33 |          1352.60 |      1339.82 |      1454.16 |                 36.58 |                    6.53 |    321 |    12.8973 |
|        1 |         34 |          1352.60 |      1339.82 |      1405.40 |                  8.35 |                    5.00 |    324 |    13.0278 |
|        1 |         35 |          1352.60 |      1339.82 |      1405.40 |                  5.36 |                    5.14 |    324 |    13.0993 |
|        1 |         36 |          1352.60 |      1339.82 |      1405.40 |                  5.00 |                    5.00 |    324 |    13.1579 |
|        1 |         37 |          1352.60 |      1339.82 |      1405.30 |                  5.58 |                    5.58 |    327 |    13.2540 |
|        1 |         38 |          1352.60 |      1339.82 |      1403.30 |                  5.00 |                    5.00 |    328 |    13.3125 |
|        1 |         39 |          1352.60 |      1339.82 |      1407.00 |                  5.00 |                    5.00 |    330 |    13.3741 |
|        1 |         40 |          1352.60 |      1339.82 |      1407.00 |                  5.35 |                    5.41 |    330 |    13.4473 |
|        1 |         41 |          1352.60 |      1339.82 |      1406.90 |                  5.00 |                    5.00 |    332 |    13.5522 |
|        1 |         42 |          1352.60 |      1339.82 |      1405.60 |                  5.00 |                    5.00 |    334 |    13.6319 |
|        1 |         43 |          1352.60 |      1339.82 |      1386.70 |                  8.06 |                    8.22 |    336 |    13.7410 |
|        1 |         44 |          1352.60 |      1339.82 |      1386.70 |                  5.00 |                    5.00 |    336 |    13.8040 |
|        1 |         45 |          1352.60 |      1339.82 |      1379.50 |                  5.00 |                    5.00 |    337 |    13.8758 |
|        1 |         46 |          1352.60 |      1339.82 |      1356.00 |                  5.00 |                    5.00 |    337 |    13.9962 |
|        1 |         47 |          1352.60 |      1339.82 |      1355.90 |                  5.00 |                    5.00 |    337 |    14.0652 |
|        1 |         48 |          1352.60 |      1339.82 |      1362.30 |                  9.55 |                    5.00 |    338 |    14.1315 |
|        1 |         49 |          1352.60 |      1339.82 |      1362.30 |                  5.33 |                    5.00 |    338 |    14.1844 |
|        1 |         50 |          1352.60 |      1339.82 |      1362.30 |                  5.00 |                    5.00 |    338 |    14.2371 |
|        1 |         51 |          1352.60 |      1339.82 |      1363.20 |                  8.64 |                    5.61 |    340 |    14.3579 |
|        1 |         52 |          1352.60 |      1339.82 |      1363.27 |                  5.00 |                    5.00 |    340 |    14.4253 |
|        1 |         53 |          1352.60 |      1339.82 |      1378.39 |                  5.00 |                    9.55 |    341 |    14.4820 |
|        1 |         54 |          1352.60 |      1339.82 |      1377.31 |                  5.00 |                   12.96 |    343 |    14.5594 |
|        1 |         55 |          1352.60 |      1339.82 |      1376.56 |                  5.00 |                    9.94 |    343 |    14.6396 |
|        1 |         56 |          1352.60 |      1339.82 |      1356.00 |                  5.00 |                    5.06 |    343 |    14.7289 |
|        1 |         57 |          1352.60 |      1339.82 |      1356.20 |                  5.26 |                    5.00 |    343 |    14.7853 |
|        1 |         58 |          1352.60 |      1339.82 |      1356.20 |                  5.00 |                    5.86 |    343 |    14.8282 |
|        1 |         59 |          1352.60 |      1339.82 |      1358.50 |                  5.00 |                    5.00 |    343 |    14.8934 |
|        1 |         60 |          1352.60 |      1339.82 |      1356.10 |                  5.00 |                    5.00 |    343 |    14.9701 |
|        1 |         61 |          1352.60 |      1339.82 |      1356.10 |                  6.22 |                    5.00 |    343 |    15.0408 |
|        1 |         62 |          1352.60 |      1339.82 |      1375.20 |                  5.00 |                    5.00 |    343 |    15.0925 |
|        1 |         63 |          1352.60 |      1339.82 |      1361.85 |                  5.00 |                    8.47 |    344 |    15.1854 |
|        1 |         64 |          1352.60 |      1339.82 |      1362.53 |                  5.00 |                    5.00 |    344 |    15.2529 |
|        1 |         65 |          1352.60 |      1339.82 |      1412.53 |                  5.00 |                    8.99 |    344 |    15.3054 |
|        1 |         66 |          1352.60 |      1339.82 |      1413.35 |                  5.00 |                   13.65 |    344 |    15.3781 |
|        1 |         67 |          1352.60 |      1339.82 |      1414.00 |                 10.24 |                   12.80 |    344 |    15.4936 |
|        1 |         68 |          1352.60 |      1339.82 |      1414.18 |                  7.31 |                   10.94 |    345 |    15.6562 |
|        1 |         69 |          1352.60 |      1339.82 |      1413.99 |                  5.00 |                   12.91 |    345 |    15.7353 |
|        1 |         70 |          1352.60 |      1339.82 |      1413.86 |                  6.48 |                   10.75 |    345 |    15.7920 |
|        1 |         71 |          1352.60 |      1339.82 |      1412.60 |                  5.00 |                   11.35 |    345 |    15.9007 |
|        1 |         72 |          1352.60 |      1339.82 |      1413.64 |                  5.00 |                   12.99 |    345 |    15.9914 |
|        1 |         73 |          1352.60 |      1339.82 |      1412.60 |                  5.00 |                    7.47 |    347 |    16.0696 |
|        1 |         74 |          1352.60 |      1339.82 |      1411.39 |                  5.00 |                   10.25 |    347 |    16.1173 |
|        1 |         75 |          1352.60 |      1339.82 |      1425.70 |                  5.00 |                    5.61 |    347 |    16.1741 |
|        1 |         76 |          1352.60 |      1339.82 |      1425.90 |                  5.00 |                    5.00 |    347 |    16.2567 |
|        1 |         77 |          1352.60 |      1339.82 |      1447.10 |                  5.00 |                    5.31 |    351 |    16.3273 |
|        1 |         78 |          1352.60 |      1339.82 |      1444.80 |                  5.00 |                    5.00 |    353 |    16.4015 |
|        1 |         79 |          1352.60 |      1339.82 |      1453.40 |                  5.00 |                    5.00 |    354 |    16.4905 |
|        1 |         80 |          1352.60 |      1339.82 |      1453.40 |                  5.00 |                    5.00 |    355 |    16.5486 |
|        1 |         81 |          1352.60 |      1339.82 |      1415.10 |                  5.00 |                    5.00 |    356 |    16.6438 |
|        1 |         82 |          1352.60 |      1339.82 |      1415.10 |                  5.10 |                    5.00 |    356 |    16.6963 |
|        1 |         83 |          1352.60 |      1339.82 |      1420.80 |                  5.00 |                    5.00 |    357 |    16.7503 |
|        1 |         84 |          1352.60 |      1339.82 |      1421.70 |                  8.73 |                    5.00 |    357 |    16.8027 |
|        1 |         85 |          1352.60 |      1339.82 |      1426.63 |                  6.32 |                    5.00 |    358 |    16.8777 |
|        1 |         86 |          1352.60 |      1339.82 |      1383.68 |                 12.93 |                    5.00 |    364 |    16.9446 |
|        1 |         87 |          1352.60 |      1339.82 |      1406.90 |                  6.48 |                    5.00 |    368 |    17.1344 |
|        1 |         88 |          1352.60 |      1339.82 |      1398.40 |                  5.00 |                    5.00 |    372 |    17.2359 |
|        1 |         89 |          1352.60 |      1339.82 |      1395.10 |                  5.00 |                    5.00 |    374 |    17.3370 |
|        1 |         90 |          1352.60 |      1339.82 |      1394.40 |                  5.00 |                    5.00 |    374 |    17.4269 |
|        1 |         91 |          1352.60 |      1339.82 |      1394.40 |                  6.10 |                    5.00 |    374 |    17.4973 |
|        1 |         92 |          1352.60 |      1339.82 |      1365.08 |                 11.19 |                    5.00 |    377 |    17.6406 |
|        1 |         93 |          1352.60 |      1339.82 |      1371.22 |                 10.30 |                    5.00 |    377 |    17.6889 |
|        1 |         94 |          1352.60 |      1339.82 |      1369.92 |                 20.89 |                    5.00 |    379 |    17.7542 |
|        1 |         95 |          1352.60 |      1339.82 |      1381.27 |                 34.01 |                    5.00 |    379 |    17.8007 |
|        1 |         96 |          1352.60 |      1339.82 |      1396.23 |                 23.16 |                    5.00 |    381 |    17.8766 |
|        1 |         97 |          1352.60 |      1339.82 |      1408.20 |                 14.41 |                    5.00 |    387 |    17.9739 |
|        1 |         98 |          1352.60 |      1339.82 |      1422.60 |                  6.51 |                    5.00 |    390 |    18.0486 |
|        1 |         99 |          1352.60 |      1339.82 |      1421.30 |                  5.00 |                    5.00 |    392 |    18.1546 |
|        1 |        100 |          1352.60 |      1339.82 |      1421.10 |                  7.08 |                    5.00 |    392 |    18.2186 |
|        1 |        101 |          1352.60 |      1339.82 |      1443.50 |                  5.22 |                    5.00 |    400 |    18.3103 |
|        1 |        102 |          1352.60 |      1339.82 |      1439.80 |                  6.74 |                    5.00 |    405 |    18.4188 |
|        1 |        103 |          1352.60 |      1339.82 |      1439.80 |                  5.00 |                    5.00 |    405 |    18.5066 |
|        1 |        104 |          1352.60 |      1339.82 |      1430.14 |                 14.07 |                    5.00 |    410 |    18.6577 |
|        1 |        105 |          1352.60 |      1339.82 |      1454.30 |                  6.86 |                    5.00 |    415 |    18.8391 |
|        1 |        106 |          1352.60 |      1339.82 |      1423.60 |                  5.00 |                    5.00 |    419 |    19.0443 |
|        1 |        107 |          1352.60 |      1339.82 |      1405.20 |                  5.51 |                    5.51 |    423 |    19.1905 |
|        1 |        108 |          1352.60 |      1339.82 |      1405.19 |                 13.10 |                    5.00 |    427 |    19.2850 |
|        1 |        109 |          1352.60 |      1339.82 |      1422.92 |                  8.32 |                    5.10 |    431 |    19.3596 |
|        1 |        110 |          1352.60 |      1339.82 |      1414.05 |                 14.96 |                    5.36 |    432 |    19.4183 |
|        1 |        111 |          1352.60 |      1339.82 |      1423.70 |                  7.62 |                    5.00 |    437 |    19.5215 |
|        1 |        112 |          1352.60 |      1339.82 |      1426.50 |                  5.00 |                    5.00 |    438 |    19.5869 |
|        1 |        113 |          1352.60 |      1339.82 |      1423.20 |                  5.63 |                    5.00 |    439 |    19.6809 |
|        1 |        114 |          1352.60 |      1339.82 |      1423.20 |                  5.52 |                    5.00 |    439 |    19.7517 |
|        1 |        115 |          1352.60 |      1339.82 |      1423.20 |                  6.48 |                    5.00 |    439 |    19.8592 |
|        1 |        116 |          1352.60 |      1339.82 |      1423.20 |                  5.80 |                    5.00 |    439 |    19.9371 |
------------------------------------------------------------------------------------------------------------------------------------------------
|  Restart |  Iteration |  Best Feas. Cost |    Best Cost |   Curr. Cost |   Penalty Custom Res. |   Penalty Standard Res. |   Pool |   Time (s) |
------------------------------------------------------------------------------------------------------------------------------------------------
|        1 |        117 |          1352.60 |      1339.82 |      1387.47 |                 13.39 |                   11.53 |    441 |    20.0250 |
|        1 |        118 |          1352.60 |      1339.82 |      1430.46 |                 12.07 |                   10.39 |    447 |    20.1092 |
|        1 |        119 |          1352.60 |      1339.82 |      1420.30 |                 20.65 |                   17.79 |    448 |    20.1651 |
|        1 |        120 |          1352.60 |      1339.82 |      1396.18 |                 13.42 |                   10.55 |    453 |    20.3812 |
|        1 |        121 |          1352.60 |      1339.82 |      1409.88 |                 28.03 |                   22.02 |    457 |    20.4634 |
|        1 |        122 |          1352.60 |      1339.82 |      1426.40 |                 22.14 |                   17.40 |    457 |    20.5734 |
|        1 |        123 |          1352.60 |      1339.82 |      1375.60 |                  8.61 |                    7.78 |    457 |    20.6668 |
|        1 |        124 |          1352.60 |      1339.82 |      1375.60 |                  5.00 |                    5.26 |    457 |    20.7365 |
|        1 |        125 |          1352.60 |      1339.82 |      1366.12 |                  5.00 |                    5.00 |    457 |    20.8400 |
|        1 |        126 |          1352.60 |      1339.82 |      1357.91 |                 12.24 |                    5.00 |    457 |    20.9189 |
|        1 |        127 |          1352.60 |      1339.82 |      1366.16 |                 11.48 |                    5.00 |    457 |    20.9865 |
|        1 |        128 |          1352.60 |      1339.82 |      1364.69 |                 16.90 |                    5.00 |    457 |    21.0510 |
|        1 |        129 |          1352.60 |      1339.82 |      1396.40 |                  6.12 |                    5.00 |    457 |    21.1410 |
|        1 |        130 |          1352.60 |      1339.82 |      1396.40 |                  6.81 |                    5.00 |    457 |    21.2010 |
|        1 |        131 |          1352.60 |      1339.82 |      1396.40 |                  5.00 |                    5.00 |    457 |    21.2610 |
|        1 |        132 |          1352.60 |      1339.82 |      1412.10 |                  5.00 |                    5.00 |    460 |    21.3308 |
|        1 |        133 |          1352.60 |      1339.82 |      1412.10 |                  5.47 |                    5.00 |    460 |    21.3903 |
|        1 |        134 |          1352.60 |      1339.82 |      1412.10 |                  5.00 |                    5.00 |    460 |    21.4444 |
|        1 |        135 |          1352.60 |      1339.82 |      1410.30 |                  5.00 |                    5.00 |    464 |    21.5871 |
|        1 |        136 |          1352.60 |      1339.82 |      1410.30 |                  5.00 |                    5.00 |    464 |    21.6637 |
|        1 |        137 |          1352.60 |      1339.82 |      1419.70 |                  8.22 |                    5.00 |    468 |    21.7465 |
|        1 |        138 |          1352.60 |      1339.82 |      1410.06 |                 13.79 |                    5.00 |    469 |    21.8282 |
|        1 |        139 |          1352.60 |      1339.82 |      1416.06 |                 14.89 |                    5.00 |    469 |    21.9042 |
|        1 |        140 |          1352.60 |      1339.82 |      1452.66 |                 16.40 |                    5.00 |    472 |    21.9916 |
|        1 |        141 |          1352.60 |      1339.82 |      1432.17 |                 22.06 |                    5.00 |    477 |    22.0554 |
|        1 |        142 |          1352.60 |      1339.82 |      1375.80 |                  5.00 |                    5.00 |    479 |    22.3152 |
|        1 |        143 |          1352.60 |      1339.82 |      1375.80 |                  5.00 |                    5.00 |    479 |    22.3736 |
|        1 |        144 |          1352.60 |      1339.82 |      1376.50 |                  6.54 |                    5.00 |    479 |    22.4936 |
|        1 |        145 |          1352.60 |      1339.82 |      1376.50 |                  5.00 |                    5.00 |    479 |    22.5624 |
|        1 |        146 |          1352.60 |      1339.82 |      1376.50 |                  5.00 |                    5.00 |    479 |    22.6501 |
|        1 |        147 |          1352.60 |      1339.82 |      1376.50 |                  5.98 |                    5.00 |    479 |    22.7209 |
|        1 |        148 |          1352.60 |      1339.82 |      1376.15 |                  5.00 |                    5.00 |    479 |    22.8181 |
|        1 |        149 |          1352.60 |      1339.82 |      1420.10 |                 10.34 |                    5.00 |    479 |    22.8886 |
|        1 |        150 |          1352.60 |      1339.82 |      1427.14 |                 23.61 |                    5.00 |    481 |    23.1527 |
|        1 |        151 |          1352.60 |      1339.82 |      1437.52 |                 50.30 |                    5.00 |    481 |    23.2573 |
|        1 |        152 |          1352.60 |      1339.82 |      1369.80 |                 15.47 |                    5.00 |    482 |    23.4502 |
|        1 |        153 |          1352.60 |      1339.82 |      1396.60 |                 28.66 |                    9.08 |    483 |    23.5197 |
|        1 |        154 |          1352.60 |      1339.82 |      1453.68 |                 55.28 |                    8.19 |    483 |    23.5898 |
|        1 |        155 |          1352.60 |      1339.82 |      1409.20 |                 34.33 |                    5.09 |    483 |    23.7064 |
|        1 |        156 |          1352.60 |      1339.82 |      1409.20 |                 17.86 |                    5.00 |    483 |    23.7703 |
|        1 |        157 |          1352.60 |      1339.82 |      1415.80 |                  7.45 |                    5.00 |    483 |    23.8755 |
|        1 |        158 |          1352.60 |      1339.82 |      1412.90 |                 11.16 |                    7.08 |    483 |    23.9862 |
|        1 |        159 |          1352.60 |      1339.82 |      1414.40 |                  5.00 |                    5.00 |    483 |    24.0631 |
|        1 |        160 |          1352.60 |      1339.82 |      1414.40 |                  5.00 |                    5.00 |    483 |    24.1126 |
|        1 |        161 |          1352.60 |      1339.82 |      1414.40 |                  5.00 |                    5.00 |    483 |    24.1868 |
|        1 |        162 |          1352.60 |      1339.82 |      1417.20 |                  6.29 |                    5.00 |    483 |    24.2372 |
|        1 |        163 |          1352.60 |      1339.82 |      1414.60 |                  8.46 |                    5.00 |    483 |    24.2919 |
|        1 |        164 |          1352.60 |      1339.82 |      1424.44 |                 15.98 |                    5.00 |    485 |    24.3453 |
|        1 |        165 |          1352.60 |      1339.82 |      1432.04 |                 29.33 |                    5.00 |    485 |    24.3982 |
|        1 |        166 |          1352.60 |      1339.82 |      1446.42 |                 51.72 |                    5.00 |    485 |    24.4401 |
|        1 |        167 |          1352.60 |      1339.82 |      1414.40 |                 25.30 |                    5.52 |    485 |    24.5234 |
|        1 |        168 |          1352.60 |      1339.82 |      1377.80 |                 12.90 |                    5.00 |    488 |    24.5874 |
|        1 |        169 |          1352.60 |      1339.82 |      1377.80 |                  6.64 |                    5.00 |    488 |    24.6621 |
|        1 |        170 |          1352.60 |      1339.82 |      1365.44 |                 12.67 |                    5.00 |    489 |    24.7340 |
|        1 |        171 |          1352.60 |      1339.82 |      1372.11 |                 24.42 |                    5.00 |    489 |    24.7905 |
|        1 |        172 |          1352.60 |      1339.82 |      1418.40 |                 12.58 |                    5.26 |    491 |    24.8464 |
|        1 |        173 |          1352.60 |      1339.82 |      1372.29 |                 21.75 |                    5.00 |    491 |    24.8989 |
|        1 |        174 |          1352.60 |      1339.82 |      1381.73 |                 14.53 |                    5.00 |    491 |    24.9563 |
|        1 |        175 |          1352.60 |      1339.82 |      1419.00 |                  9.33 |                    5.00 |    493 |    25.0179 |
|        1 |        176 |          1352.60 |      1339.82 |      1419.00 |                 13.73 |                    8.39 |    493 |    25.0748 |
|        1 |        177 |          1352.60 |      1339.82 |      1428.30 |                 18.64 |                    5.00 |    495 |    25.1503 |
|        1 |        178 |          1352.60 |      1339.82 |      1428.30 |                  9.70 |                    5.00 |    495 |    25.2118 |
|        1 |        179 |          1352.60 |      1339.82 |      1423.50 |                  5.00 |                    5.00 |    496 |    25.3001 |
|        1 |        180 |          1352.60 |      1339.82 |      1421.00 |                  5.00 |                    5.00 |    499 |    25.4616 |
|        1 |        181 |          1352.60 |      1339.82 |      1421.00 |                  5.00 |                    5.00 |    499 |    25.5141 |
|        1 |        182 |          1352.60 |      1339.82 |      1428.90 |                  6.61 |                    5.00 |    502 |    25.5727 |
|        1 |        183 |          1352.60 |      1339.82 |      1420.90 |                  7.01 |                    5.00 |    504 |    25.6430 |
|        1 |        184 |          1352.60 |      1339.82 |      1374.80 |                  5.00 |                    5.00 |    507 |    25.8035 |
|        1 |        185 |          1352.60 |      1339.82 |      1365.40 |                  5.00 |                    5.30 |    507 |    25.8698 |
|        1 |        186 |          1352.60 |      1339.82 |      1416.40 |                  5.00 |                    5.00 |    510 |    25.9257 |
|        1 |        187 |          1352.60 |      1339.82 |      1399.10 |                  5.00 |                    5.00 |    511 |    26.0497 |
|        1 |        188 |          1352.60 |      1329.43 |      1329.43 |                 15.86 |                   16.34 |    512 |    26.1717 |
|        1 |        189 |          1352.60 |      1329.43 |      1359.10 |                 13.15 |                    5.00 |    513 |    26.2879 |
|        1 |        190 |          1352.60 |      1329.43 |      1359.10 |                  6.51 |                    5.00 |    513 |    26.3428 |
|        1 |        191 |          1352.60 |      1329.43 |      1359.10 |                  5.00 |                    5.00 |    513 |    26.4054 |
|        1 |        192 |          1352.60 |      1329.43 |      1359.10 |                  5.86 |                    5.00 |    513 |    26.4623 |
|        1 |        193 |          1352.60 |      1329.43 |      1391.00 |                  5.00 |                    5.00 |    515 |    26.5138 |
|        1 |        194 |          1352.60 |      1329.43 |      1395.70 |                  7.01 |                    5.26 |    517 |    26.5714 |
|        1 |        195 |          1352.60 |      1329.43 |      1400.60 |                  5.00 |                    5.00 |    519 |    26.6256 |
|        1 |        196 |          1352.60 |      1329.43 |      1400.80 |                  7.90 |                    5.00 |    519 |    26.6772 |
|        1 |        197 |          1352.60 |      1329.43 |      1400.50 |                  9.55 |                    7.07 |    520 |    26.7792 |
|        1 |        198 |          1352.60 |      1329.43 |      1386.70 |                  5.00 |                    5.00 |    520 |    26.9186 |
|        1 |        199 |          1352.60 |      1329.43 |      1369.92 |                  5.96 |                    5.00 |    522 |    27.0090 |
|        1 |        200 |          1352.60 |      1329.43 |      1365.00 |                  5.04 |                    5.00 |    522 |    27.0862 |
|        1 |        201 |          1352.60 |      1329.43 |      1365.00 |                  5.00 |                    5.00 |    522 |    27.1485 |
|        1 |        202 |          1352.60 |      1329.43 |      1380.20 |                  5.00 |                    5.00 |    525 |    27.2657 |
|        1 |        203 |          1352.60 |      1329.43 |      1380.80 |                  5.00 |                    5.00 |    527 |    27.3366 |
|        1 |        204 |          1352.60 |      1329.43 |      1380.80 |                  7.75 |                    5.00 |    527 |    27.3937 |
|        1 |        205 |          1352.60 |      1329.43 |      1420.30 |                  5.00 |                    5.00 |    528 |    27.4716 |
|        1 |        206 |          1352.60 |      1329.43 |      1413.20 |                  5.00 |                    5.00 |    529 |    27.6019 |
|        1 |        207 |          1352.60 |      1329.43 |      1401.20 |                  5.41 |                    5.00 |    529 |    27.6611 |
|        1 |        208 |          1352.60 |      1329.43 |      1440.50 |                  5.00 |                    5.00 |    529 |    27.7178 |
|        1 |        209 |          1352.60 |      1329.43 |      1439.60 |                  7.75 |                    5.00 |    530 |    27.7868 |
|        1 |        210 |          1352.60 |      1329.43 |      1439.60 |                  5.00 |                    5.00 |    530 |    27.8532 |
|        1 |        211 |          1352.60 |      1329.43 |      1403.20 |                  6.65 |                    9.16 |    531 |    27.9428 |
|        1 |        212 |          1352.60 |      1329.43 |      1403.20 |                  5.00 |                    5.22 |    531 |    28.0105 |
|        1 |        213 |          1352.60 |      1329.43 |      1431.90 |                  5.41 |                    5.00 |    532 |    28.0689 |
|        1 |        214 |          1352.60 |      1329.43 |      1440.20 |                  6.94 |                    6.22 |    532 |    28.1257 |
|        1 |        215 |          1352.60 |      1329.43 |      1440.20 |                  7.96 |                    5.00 |    532 |    28.1848 |
|        1 |        216 |          1352.60 |      1329.43 |      1426.30 |                  5.00 |                    5.00 |    537 |    28.3654 |
|        1 |        217 |          1352.60 |      1329.43 |      1373.20 |                  5.00 |                    5.00 |    537 |    28.4513 |
|        1 |        218 |          1352.60 |      1329.43 |      1373.20 |                  5.75 |                    5.00 |    537 |    28.5634 |
|        1 |        219 |          1352.60 |      1329.43 |      1372.90 |                  5.00 |                    5.00 |    537 |    28.6106 |
|        1 |        220 |          1352.60 |      1329.43 |      1372.90 |                  7.01 |                    5.00 |    537 |    28.6737 |
|        1 |        221 |          1352.60 |      1329.43 |      1372.90 |                  5.02 |                    5.00 |    537 |    28.7355 |
|        1 |        222 |          1352.60 |      1329.43 |      1372.90 |                  5.00 |                    5.00 |    537 |    28.7971 |
|        1 |        223 |          1352.60 |      1329.43 |      1376.31 |                  9.36 |                    5.00 |    537 |    28.8521 |
|        1 |        224 |          1352.60 |      1329.43 |      1381.64 |                 20.14 |                    5.00 |    538 |    28.9191 |
|        1 |        225 |          1352.60 |      1329.43 |      1391.14 |                 31.51 |                    5.00 |    539 |    28.9586 |
|        1 |        226 |          1352.60 |      1329.43 |      1372.80 |                 22.77 |                    5.00 |    541 |    29.0459 |
|        1 |        227 |          1352.60 |      1329.43 |      1368.70 |                  5.00 |                    6.41 |    542 |    29.1829 |
|        1 |        228 |          1352.60 |      1329.43 |      1419.80 |                  5.00 |                    5.00 |    543 |    29.2391 |
|        1 |        229 |          1352.60 |      1329.43 |      1384.92 |                 10.03 |                    5.00 |    543 |    29.4250 |
|        1 |        230 |          1352.60 |      1329.43 |      1385.10 |                  5.89 |                    5.00 |    543 |    29.4751 |
|        1 |        231 |          1352.60 |      1329.43 |      1385.00 |                  5.92 |                    5.00 |    543 |    29.5859 |
|        1 |        232 |          1352.60 |      1329.43 |      1374.10 |                  5.05 |                    5.00 |    543 |    29.6770 |
|        1 |        233 |          1352.60 |      1329.43 |      1374.00 |                  5.00 |                    5.00 |    543 |    29.7431 |
|        1 |        234 |          1352.60 |      1329.43 |      1379.40 |                 10.65 |                    5.00 |    544 |    29.8161 |
|        1 |        235 |          1352.60 |      1329.43 |      1418.20 |                  5.00 |                    5.00 |    548 |    29.8939 |
|        1 |        236 |          1352.60 |      1329.43 |      1378.10 |                  5.00 |                    5.00 |    550 |    29.9801 |
|        1 |        237 |          1352.60 |      1329.43 |      1410.90 |                  5.00 |                    5.00 |    553 |    30.0435 |
|        1 |        238 |          1352.60 |      1329.43 |      1372.64 |                  5.00 |                   10.23 |    553 |    30.1455 |
|        1 |        239 |          1352.60 |      1329.43 |      1377.51 |                 10.44 |                    9.60 |    553 |    30.2103 |
|        1 |        240 |          1352.60 |      1329.43 |      1377.32 |                 25.57 |                    5.00 |    553 |    30.2890 |
|        1 |        241 |          1352.60 |      1329.43 |      1373.60 |                 13.42 |                    5.00 |    554 |    30.3714 |
|        1 |        242 |          1352.60 |      1329.43 |      1412.30 |                  6.78 |                    5.00 |    554 |    30.4338 |
|        1 |        243 |          1352.60 |      1329.43 |      1401.60 |                  5.00 |                    5.00 |    554 |    30.5407 |
|        1 |        244 |          1352.60 |      1329.43 |      1423.60 |                  5.00 |                    5.00 |    555 |    30.6768 |
|        1 |        245 |          1352.60 |      1329.43 |      1403.60 |                  6.94 |                    5.00 |    557 |    30.7402 |
|        1 |        246 |          1352.60 |      1329.43 |      1403.30 |                  7.37 |                    5.00 |    557 |    30.8161 |
|        1 |        247 |          1352.60 |      1329.43 |      1403.30 |                  5.00 |                    5.00 |    557 |    30.8608 |
|        1 |        248 |          1352.60 |      1329.43 |      1367.80 |                  5.00 |                    5.00 |    558 |    30.9578 |
|        1 |        249 |          1352.60 |      1329.43 |      1367.80 |                  5.41 |                    5.00 |    558 |    31.0204 |
|        1 |        250 |          1352.60 |      1329.43 |      1403.00 |                  5.00 |                    5.00 |    558 |    31.0885 |
|        1 |        251 |          1352.60 |      1329.43 |      1403.00 |                  5.00 |                    5.00 |    558 |    31.1555 |
|        1 |        252 |          1352.60 |      1329.43 |      1399.90 |                  5.00 |                    5.00 |    559 |    31.2239 |
|        1 |        253 |          1352.60 |      1329.43 |      1405.20 |                  5.00 |                    5.00 |    562 |    31.4029 |
|        1 |        254 |          1352.60 |      1329.43 |      1404.40 |                  5.00 |                    5.00 |    565 |    31.4796 |
|        1 |        255 |          1352.60 |      1329.43 |      1394.00 |                  5.00 |                    5.00 |    566 |    31.5585 |
|        1 |        256 |          1352.60 |      1329.43 |      1394.00 |                 10.34 |                    5.00 |    566 |    31.6334 |
|        1 |        257 |          1352.60 |      1329.43 |      1392.50 |                  5.00 |                    5.00 |    566 |    31.7318 |
|        1 |        258 |          1352.60 |      1329.43 |      1389.80 |                  6.04 |                    5.00 |    567 |    31.8350 |
|        1 |        259 |          1352.60 |      1329.43 |      1389.80 |                  5.00 |                    5.00 |    568 |    31.8977 |
|        1 |        260 |          1352.60 |      1329.43 |      1404.10 |                  5.41 |                    5.00 |    568 |    31.9634 |
|        1 |        261 |          1352.60 |      1329.43 |      1405.00 |                  9.55 |                    5.00 |    568 |    32.0445 |
|        1 |        262 |          1352.60 |      1329.43 |      1398.70 |                  5.00 |                    5.00 |    570 |    32.2322 |
|        1 |        263 |          1352.60 |      1329.43 |      1398.70 |                  5.00 |                    5.00 |    570 |    32.3112 |
|        1 |        264 |          1352.60 |      1329.43 |      1398.70 |                  5.05 |                    5.26 |    570 |    32.3653 |
|        1 |        265 |          1352.60 |      1329.43 |      1398.70 |                  5.00 |                    5.00 |    571 |    32.4269 |
|        1 |        266 |          1352.60 |      1329.43 |      1398.70 |                  5.00 |                    5.00 |    571 |    32.4973 |
|        1 |        267 |          1352.60 |      1329.43 |      1416.00 |                  8.22 |                    5.00 |    574 |    32.5535 |
|        1 |        268 |          1352.60 |      1329.43 |      1424.73 |                 16.34 |                    5.00 |    580 |    32.6211 |
|        1 |        269 |          1352.60 |      1329.43 |      1431.70 |                 31.82 |                    5.00 |    580 |    32.6833 |
|        1 |        270 |          1352.60 |      1329.43 |      1450.79 |                 49.80 |                    5.00 |    581 |    32.7262 |
|        1 |        271 |          1352.60 |      1329.43 |      1406.10 |                 22.86 |                    5.00 |    581 |    32.8953 |
|        1 |        272 |          1352.60 |      1329.43 |      1406.10 |                 10.54 |                    5.00 |    581 |    32.9669 |
|        1 |        273 |          1352.60 |      1329.43 |      1384.30 |                  5.00 |                    5.00 |    581 |    33.0346 |
|        1 |        274 |          1352.60 |      1329.43 |      1384.30 |                  6.16 |                    5.00 |    581 |    33.0992 |
|        1 |        275 |          1352.60 |      1329.43 |      1411.70 |                  5.00 |                    5.00 |    584 |    33.1658 |
|        1 |        276 |          1352.60 |      1329.43 |      1430.00 |                  8.47 |                    5.00 |    585 |    33.2272 |
|        1 |        277 |          1352.60 |      1329.43 |      1429.00 |                  5.00 |                    5.00 |    586 |    33.2882 |
|        1 |        278 |          1352.60 |      1329.43 |      1422.90 |                  8.06 |                    6.09 |    589 |    33.4568 |
|        1 |        279 |          1352.60 |      1329.43 |      1434.35 |                 18.23 |                    5.00 |    592 |    33.5287 |
|        1 |        280 |          1352.60 |      1329.43 |      1443.48 |                 40.41 |                    5.00 |    592 |    33.5981 |
|        1 |        281 |          1352.60 |      1329.43 |      1419.00 |                 18.43 |                    5.00 |    595 |    33.6854 |
|        1 |        282 |          1352.60 |      1329.43 |      1419.00 |                 11.49 |                    5.00 |    595 |    33.7333 |
|        1 |        283 |          1352.60 |      1329.43 |      1378.99 |                 16.73 |                    8.05 |    598 |    33.8131 |
|        1 |        284 |          1352.60 |      1329.43 |      1407.91 |                 20.54 |                    9.88 |    601 |    33.8973 |
|        1 |        285 |          1352.60 |      1329.43 |      1405.11 |                 33.76 |                    9.47 |    601 |    33.9529 |
|        1 |        286 |          1352.60 |      1329.43 |      1403.19 |                 71.16 |                    9.71 |    604 |    34.0315 |
|        1 |        287 |          1352.60 |      1329.43 |      1425.40 |                 47.42 |                    6.34 |    606 |    34.1276 |
|        1 |        288 |          1352.60 |      1329.43 |      1422.20 |                 22.30 |                    5.00 |    606 |    34.1983 |
|        1 |        289 |          1352.60 |      1329.43 |      1422.20 |                  9.98 |                    5.00 |    606 |    34.2666 |
|        1 |        290 |          1352.60 |      1329.43 |      1421.90 |                  5.00 |                    5.00 |    606 |    34.3413 |
|        1 |        291 |          1352.60 |      1329.43 |      1415.90 |                  5.00 |                    5.00 |    606 |    34.5057 |
|        1 |        292 |          1352.60 |      1329.43 |      1416.70 |                  5.00 |                    5.00 |    606 |    34.5684 |
|        1 |        293 |          1352.60 |      1329.43 |      1409.80 |                  5.00 |                    5.00 |    607 |    34.7034 |
|        1 |        294 |          1352.60 |      1329.43 |      1405.60 |                  5.00 |                    5.00 |    608 |    34.7583 |
|        1 |        295 |          1352.60 |      1329.43 |      1403.30 |                  5.00 |                    6.10 |    608 |    34.8370 |
|        1 |        296 |          1352.60 |      1329.43 |      1393.16 |                  5.28 |                   13.35 |    609 |    35.0266 |
|        1 |        297 |          1352.60 |      1329.43 |      1399.35 |                 11.77 |                   13.55 |    613 |    35.1089 |
|        1 |        298 |          1352.60 |      1329.43 |      1410.36 |                 13.34 |                    5.32 |    615 |    35.1890 |
|        1 |        299 |          1352.60 |      1329.43 |      1408.87 |                 11.67 |                    8.49 |    615 |    35.2539 |
|        1 |        300 |          1352.60 |      1329.43 |      1405.44 |                 19.39 |                    5.40 |    617 |    35.2982 |
|        1 |        301 |          1352.60 |      1329.43 |      1426.12 |                 18.89 |                    5.00 |    618 |    35.4044 |
|        1 |        302 |          1352.60 |      1329.43 |      1413.45 |                 14.08 |                    5.00 |    618 |    35.4684 |
|        1 |        303 |          1352.60 |      1329.43 |      1379.40 |                  5.41 |                    5.00 |    623 |    35.5957 |
|        1 |        304 |          1352.60 |      1329.43 |      1379.20 |                  6.35 |                    5.00 |    624 |    35.6911 |
|        1 |        305 |          1352.60 |      1329.43 |      1378.40 |                  5.00 |                    8.73 |    625 |    35.7682 |
|        1 |        306 |          1352.60 |      1329.43 |      1411.60 |                  5.00 |                    5.00 |    627 |    35.8411 |
|        1 |        307 |          1352.60 |      1329.43 |      1379.66 |                 13.66 |                    5.00 |    628 |    35.9317 |
|        1 |        308 |          1352.60 |      1329.43 |      1426.62 |                 31.51 |                    5.00 |    629 |    36.0043 |
|        1 |        309 |          1352.60 |      1329.43 |      1378.05 |                  5.00 |                    5.00 |    630 |    36.2268 |
|        1 |        310 |          1352.60 |      1329.43 |      1366.70 |                  5.92 |                    5.00 |    630 |    36.2944 |
|        1 |        311 |          1352.60 |      1329.43 |      1412.50 |                  5.00 |                    5.00 |    633 |    36.3620 |
|        1 |        312 |          1352.60 |      1329.43 |      1410.00 |                  7.37 |                    7.66 |    633 |    36.4353 |
|        1 |        313 |          1352.60 |      1329.43 |      1363.20 |                  5.00 |                    5.00 |    634 |    36.6260 |
|        1 |        314 |          1352.60 |      1329.43 |      1369.74 |                  5.00 |                    7.07 |    634 |    36.7042 |
|        1 |        315 |          1352.60 |      1329.43 |      1365.60 |                  5.00 |                    5.00 |    634 |    36.7775 |
|        1 |        316 |          1352.60 |      1329.43 |      1365.40 |                  9.27 |                    5.00 |    634 |    36.8880 |
|        1 |        317 |          1352.60 |      1329.43 |      1421.80 |                  5.00 |                    5.00 |    638 |    36.9788 |
|        1 |        318 |          1352.60 |      1329.43 |      1421.70 |                  5.00 |                    9.55 |    639 |    37.0659 |
|        1 |        319 |          1352.60 |      1329.43 |      1460.10 |                  5.00 |                    5.00 |    639 |    37.1501 |
|        1 |        320 |          1352.60 |      1329.43 |      1417.67 |                  5.83 |                    5.00 |    641 |    37.2875 |
|        1 |        321 |          1352.60 |      1329.43 |      1454.61 |                 19.06 |                    5.00 |    643 |    37.3962 |
|        1 |        322 |          1352.60 |      1329.43 |      1464.95 |                 18.61 |                    5.00 |    643 |    37.4667 |
|        1 |        323 |          1352.60 |      1329.43 |      1495.02 |                 36.97 |                    9.93 |    646 |    37.5328 |
|        1 |        324 |          1352.60 |      1329.43 |      1419.38 |                 29.44 |                   18.70 |    652 |    37.6785 |
|        1 |        325 |          1352.60 |      1329.43 |      1424.60 |                 13.85 |                    8.80 |    656 |    37.7517 |
|        1 |        326 |          1352.60 |      1329.43 |      1401.77 |                  6.33 |                   11.83 |    656 |    37.8258 |
|        1 |        327 |          1352.60 |      1329.43 |      1440.46 |                  5.00 |                   11.55 |    657 |    37.9000 |
|        1 |        328 |          1352.60 |      1329.43 |      1440.43 |                  5.00 |                    9.52 |    657 |    37.9589 |
|        1 |        329 |          1352.60 |      1329.43 |      1439.90 |                  6.87 |                   12.44 |    658 |    38.0086 |
|        1 |        330 |          1352.60 |      1329.43 |      1441.46 |                  6.04 |                    9.37 |    659 |    38.0757 |
|        1 |        331 |          1352.60 |      1329.43 |      1426.20 |                  5.26 |                    5.44 |    660 |    38.1429 |
|        1 |        332 |          1352.60 |      1329.43 |      1385.31 |                  7.14 |                    5.67 |    663 |    38.3109 |
|        1 |        333 |          1352.60 |      1329.43 |      1387.21 |                 11.28 |                    5.00 |    663 |    38.3579 |
|        1 |        334 |          1352.60 |      1329.43 |      1415.70 |                  9.67 |                    5.00 |    663 |    38.4750 |
|        1 |        335 |          1352.60 |      1329.43 |      1408.30 |                  6.71 |                    5.26 |    663 |    38.5701 |
|        1 |        336 |          1352.60 |      1329.43 |      1373.50 |                  7.23 |                    5.30 |    663 |    38.6546 |
|        1 |        337 |          1352.60 |      1329.43 |      1374.00 |                  5.00 |                    5.60 |    663 |    38.7219 |
|        1 |        338 |          1352.60 |      1329.43 |      1374.04 |                  6.16 |                    9.21 |    663 |    38.7723 |
|        1 |        339 |          1352.60 |      1329.43 |      1372.90 |                  6.61 |                    5.00 |    664 |    38.8643 |
|        1 |        340 |          1352.60 |      1329.43 |      1382.67 |                 10.52 |                    5.00 |    668 |    38.9463 |
|        1 |        341 |          1352.60 |      1329.43 |      1392.25 |                 12.16 |                    5.63 |    670 |    39.0424 |
|        1 |        342 |          1352.60 |      1329.43 |      1373.60 |                  8.14 |                    5.15 |    672 |    39.2328 |
|        1 |        343 |          1352.60 |      1329.43 |      1374.10 |                  7.82 |                    5.00 |    674 |    39.3685 |
|        1 |        344 |          1352.60 |      1329.43 |      1377.20 |                  7.15 |                    5.00 |    675 |    39.4580 |
|        1 |        345 |          1352.60 |      1329.43 |      1377.20 |                  5.80 |                    5.00 |    675 |    39.5168 |
|        1 |        346 |          1352.60 |      1329.43 |      1383.70 |                  5.00 |                    5.00 |    675 |    39.6174 |
|        1 |        347 |          1352.60 |      1322.27 |      1322.27 |                 10.55 |                   10.55 |    675 |    39.6806 |
|        1 |        348 |          1352.60 |      1322.27 |      1393.50 |                  8.84 |                    5.00 |    681 |    39.7884 |
|        1 |        349 |          1352.60 |      1322.27 |      1375.20 |                  5.00 |                    5.00 |    683 |    39.8859 |
|        1 |        350 |          1352.60 |      1322.27 |      1375.20 |                  5.00 |                    5.00 |    683 |    39.9305 |
------------------------------------------------------------------------------------------------------------------------------------------------
|  Restart |  Iteration |  Best Feas. Cost |    Best Cost |   Curr. Cost |   Penalty Custom Res. |   Penalty Standard Res. |   Pool |   Time (s) |
------------------------------------------------------------------------------------------------------------------------------------------------
|        1 |        351 |          1352.60 |      1322.27 |      1378.60 |                  6.67 |                    5.00 |    686 |    40.0604 |
|        1 |        352 |          1352.60 |      1322.27 |      1372.40 |                 13.77 |                    5.00 |    686 |    40.1473 |
|        1 |        353 |          1352.60 |      1322.27 |      1382.36 |                 29.32 |                    5.00 |    686 |    40.2161 |
|        1 |        354 |          1352.60 |      1322.27 |      1410.47 |                 51.19 |                    5.00 |    686 |    40.2757 |
|        1 |        355 |          1352.60 |      1322.27 |      1411.32 |                 83.35 |                    5.00 |    686 |    40.3226 |
|        1 |        356 |          1352.60 |      1322.27 |      1383.28 |                 28.15 |                    8.39 |    688 |    40.4335 |
|        1 |        357 |          1352.60 |      1322.27 |      1383.96 |                 15.24 |                    6.01 |    688 |    40.4901 |
|        1 |        358 |          1352.60 |      1322.27 |      1402.95 |                  7.47 |                    5.26 |    689 |    40.5502 |
|        1 |        359 |          1352.60 |      1322.27 |      1394.04 |                  5.00 |                    5.00 |    693 |    40.6352 |
|        1 |        360 |          1352.60 |      1322.27 |      1417.74 |                  6.41 |                   12.47 |    693 |    40.7561 |
|        1 |        361 |          1352.60 |      1322.27 |      1418.59 |                  5.00 |                   12.95 |    693 |    40.7922 |
|        1 |        362 |          1352.60 |      1322.27 |      1418.64 |                  5.00 |                   13.29 |    693 |    40.8694 |
|        1 |        363 |          1352.60 |      1322.27 |      1418.58 |                  5.00 |                   11.28 |    693 |    40.9379 |
|        1 |        364 |          1352.60 |      1322.27 |      1418.52 |                  5.00 |                    7.16 |    693 |    41.0124 |
|        1 |        365 |          1352.60 |      1322.27 |      1417.62 |                  5.47 |                    5.85 |    693 |    41.0603 |
|        1 |        366 |          1352.60 |      1322.27 |      1425.80 |                  5.68 |                    5.00 |    696 |    41.1783 |
|        1 |        367 |          1352.60 |      1322.27 |      1416.00 |                  7.59 |                    5.00 |    696 |    41.2914 |
|        1 |        368 |          1352.60 |      1322.27 |      1415.80 |                  6.64 |                    5.00 |    696 |    41.3549 |
|        1 |        369 |          1352.60 |      1322.27 |      1400.15 |                 12.18 |                    9.84 |    697 |    41.4214 |
|        1 |        370 |          1352.60 |      1322.27 |      1409.24 |                 14.66 |                   12.82 |    697 |    41.5070 |
|        1 |        371 |          1352.60 |      1322.27 |      1414.02 |                 35.53 |                   31.08 |    698 |    41.5878 |
|        1 |        372 |          1352.60 |      1322.27 |      1442.11 |                 33.34 |                   24.36 |    698 |    41.6595 |
|        1 |        373 |          1352.60 |      1322.27 |      1431.10 |                 13.49 |                    9.86 |    703 |    41.7505 |
|        1 |        374 |          1352.60 |      1322.27 |      1413.00 |                 11.54 |                    8.43 |    705 |    41.8619 |
|        1 |        375 |          1352.60 |      1322.27 |      1413.00 |                  6.50 |                    5.92 |    705 |    41.9138 |
|        1 |        376 |          1352.60 |      1322.27 |      1382.61 |                  6.04 |                    7.29 |    706 |    41.9853 |
|        1 |        377 |          1352.60 |      1322.27 |      1402.08 |                 11.53 |                    5.00 |    706 |    42.0469 |
|        1 |        378 |          1352.60 |      1322.27 |      1397.07 |                 20.49 |                    7.13 |    707 |    42.1318 |
|        1 |        379 |          1352.60 |      1322.27 |      1400.10 |                 11.07 |                    5.00 |    710 |    42.2248 |
|        1 |        380 |          1352.60 |      1322.27 |      1388.20 |                 12.91 |                    5.00 |    711 |    42.3443 |
|        1 |        381 |          1352.60 |      1322.27 |      1388.20 |                  7.50 |                    5.00 |    711 |    42.3984 |
|        1 |        382 |          1352.60 |      1322.27 |      1388.20 |                  5.00 |                    5.00 |    711 |    42.4656 |
|        1 |        383 |          1352.60 |      1322.27 |      1387.20 |                  5.00 |                    5.00 |    712 |    42.5200 |
|        1 |        384 |          1352.60 |      1322.27 |      1398.00 |                  5.00 |                    5.00 |    712 |    42.5730 |
|        1 |        385 |          1352.60 |      1322.27 |      1398.00 |                  5.00 |                    5.00 |    712 |    42.6377 |
|        1 |        386 |          1352.60 |      1322.27 |      1398.00 |                  5.00 |                    5.47 |    712 |    42.6990 |
|        1 |        387 |          1352.60 |      1322.27 |      1398.00 |                  5.00 |                    5.00 |    712 |    42.7457 |
|        1 |        388 |          1352.60 |      1322.27 |      1387.20 |                  5.00 |                    5.00 |    712 |    42.8124 |
|        1 |        389 |          1352.60 |      1322.27 |      1387.00 |                  5.00 |                    5.00 |    712 |    42.8703 |
|        1 |        390 |          1352.60 |      1322.27 |      1411.21 |                  5.00 |                    5.00 |    712 |    42.9401 |
|        1 |        391 |          1352.60 |      1322.27 |      1411.23 |                  5.00 |                    9.84 |    712 |    42.9993 |
|        1 |        392 |          1352.60 |      1322.27 |      1404.60 |                  5.14 |                   13.60 |    716 |    43.0982 |
|        1 |        393 |          1352.60 |      1322.27 |      1404.59 |                  7.22 |                    8.30 |    716 |    43.1661 |
|        1 |        394 |          1352.60 |      1322.27 |      1403.20 |                  7.55 |                    5.00 |    719 |    43.2525 |
|        1 |        395 |          1352.60 |      1322.27 |      1397.46 |                  7.42 |                    5.00 |    721 |    43.3692 |
|        1 |        396 |          1352.60 |      1322.27 |      1372.54 |                 14.89 |                    5.00 |    722 |    43.4381 |
|        1 |        397 |          1352.60 |      1322.27 |      1382.58 |                 12.64 |                    5.00 |    724 |    43.4981 |
|        1 |        398 |          1352.60 |      1322.27 |      1379.72 |                 26.13 |                    5.00 |    724 |    43.5569 |
|        1 |        399 |          1352.60 |      1322.27 |      1392.43 |                 49.40 |                    5.00 |    724 |    43.6121 |
|        1 |        400 |          1352.60 |      1322.27 |      1409.80 |                 30.16 |                    5.26 |    725 |    43.6637 |
|        1 |        401 |          1352.60 |      1322.27 |      1384.60 |                 11.84 |                    5.00 |    729 |    43.9313 |
|        1 |        402 |          1352.60 |      1322.27 |      1381.10 |                  6.61 |                    5.00 |    731 |    43.9935 |
|        1 |        403 |          1352.60 |      1322.27 |      1376.50 |                  7.73 |                    5.00 |    731 |    44.1128 |
|        1 |        404 |          1352.60 |      1322.27 |      1375.40 |                  5.00 |                    5.00 |    732 |    44.1957 |
|        1 |        405 |          1352.60 |      1322.27 |      1414.50 |                  5.00 |                    5.00 |    734 |    44.3482 |
|        1 |        406 |          1352.60 |      1322.27 |      1414.50 |                  5.26 |                    5.26 |    734 |    44.4085 |
|        1 |        407 |          1352.60 |      1322.27 |      1406.30 |                  5.00 |                    5.00 |    735 |    44.5017 |
|        1 |        408 |          1352.60 |      1322.27 |      1411.80 |                  5.00 |                    5.00 |    736 |    44.6503 |
|        1 |        409 |          1352.60 |      1322.27 |      1411.80 |                  5.00 |                    5.00 |    736 |    44.6980 |
|        1 |        410 |          1352.60 |      1322.27 |      1404.50 |                  5.00 |                    5.00 |    736 |    44.7887 |
|        1 |        411 |          1352.60 |      1322.27 |      1404.70 |                  5.00 |                    5.00 |    737 |    44.8415 |
|        1 |        412 |          1352.60 |      1322.27 |      1387.48 |                  6.35 |                    6.39 |    737 |    44.9503 |
|        1 |        413 |          1352.60 |      1322.27 |      1385.58 |                  5.00 |                    5.00 |    737 |    45.0077 |
|        1 |        414 |          1352.60 |      1322.27 |      1382.55 |                  5.00 |                    8.72 |    737 |    45.0690 |
|        1 |        415 |          1352.60 |      1322.27 |      1386.99 |                  9.45 |                   10.70 |    737 |    45.1672 |
|        1 |        416 |          1352.60 |      1322.27 |      1393.50 |                  5.12 |                    6.15 |    740 |    45.2198 |
|        1 |        417 |          1352.60 |      1322.27 |      1393.70 |                  5.58 |                    5.00 |    741 |    45.2674 |
|        1 |        418 |          1352.60 |      1322.27 |      1391.40 |                  5.00 |                    5.00 |    741 |    45.3199 |
|        1 |        419 |          1352.60 |      1322.27 |      1368.00 |                  5.00 |                    5.00 |    743 |    45.4281 |
|        1 |        420 |          1352.60 |      1322.27 |      1365.10 |                  6.21 |                    5.00 |    743 |    45.5458 |
|        1 |        421 |          1352.60 |      1322.27 |      1359.90 |                  5.00 |                    5.00 |    743 |    45.6300 |
|        1 |        422 |          1352.60 |      1322.27 |      1359.90 |                  6.87 |                    6.87 |    743 |    45.6886 |
|        1 |        423 |          1352.60 |      1322.27 |      1359.90 |                  5.00 |                    5.00 |    743 |    45.7445 |
|        1 |        424 |          1352.60 |      1322.27 |      1336.25 |                 11.42 |                   11.31 |    745 |    45.8485 |
|        1 |        425 |          1352.60 |      1322.27 |      1370.76 |                  6.90 |                    5.82 |    746 |    45.9237 |
|        1 |        426 |          1352.60 |      1322.27 |      1337.13 |                 15.60 |                   13.16 |    747 |    46.0037 |
|        1 |        427 |          1352.60 |      1322.27 |      1399.75 |                 30.99 |                   26.14 |    750 |    46.0678 |
|        1 |        428 |          1352.60 |      1322.27 |      1372.70 |                 28.68 |                    9.08 |    754 |    46.2039 |
|        1 |        429 |          1352.60 |      1322.27 |      1369.70 |                  9.30 |                    5.00 |    754 |    46.3061 |
|        1 |        430 |          1352.60 |      1322.27 |      1369.70 |                  5.00 |                    5.00 |    754 |    46.3706 |
|        1 |        431 |          1352.60 |      1322.27 |      1363.20 |                  5.00 |                    5.00 |    754 |    46.4340 |
|        1 |        432 |          1352.60 |      1322.27 |      1366.50 |                  5.00 |                    5.00 |    754 |    46.5048 |
|        1 |        433 |          1352.60 |      1322.27 |      1362.90 |                  5.00 |                    5.00 |    754 |    46.5758 |
|        1 |        434 |          1352.60 |      1322.27 |      1362.90 |                  5.80 |                    5.00 |    754 |    46.6393 |
|        1 |        435 |          1352.60 |      1322.27 |      1365.00 |                  5.00 |                    5.00 |    754 |    46.7516 |
|        1 |        436 |          1352.60 |      1322.27 |      1363.60 |                  5.00 |                    5.00 |    754 |    46.8264 |
|        1 |        437 |          1352.60 |      1322.27 |      1363.60 |                  5.00 |                    5.00 |    754 |    46.8957 |
|        1 |        438 |          1352.60 |      1322.27 |      1363.40 |                  5.00 |                    5.00 |    754 |    46.9502 |
|        1 |        439 |          1352.60 |      1322.27 |      1369.90 |                  5.00 |                    5.00 |    754 |    46.9934 |
|        1 |        440 |          1352.60 |      1322.27 |      1369.90 |                  5.00 |                    5.00 |    754 |    47.0397 |
|        1 |        441 |          1352.60 |      1322.27 |      1369.90 |                  5.00 |                    5.00 |    754 |    47.0998 |
|        1 |        442 |          1352.60 |      1322.27 |      1361.40 |                  5.00 |                    5.00 |    754 |    47.2233 |
|        1 |        443 |          1352.60 |      1322.27 |      1361.40 |                  5.86 |                    5.00 |    754 |    47.2839 |
|        1 |        444 |          1352.60 |      1322.27 |      1368.30 |                  5.34 |                    5.00 |    756 |    47.3393 |
|        1 |        445 |          1352.60 |      1322.27 |      1356.70 |                  5.00 |                    5.00 |    756 |    47.4301 |
|        1 |        446 |          1352.60 |      1322.27 |      1356.70 |                 10.55 |                    5.00 |    756 |    47.5066 |
|        1 |        447 |          1352.60 |      1322.27 |      1356.70 |                  7.20 |                    5.00 |    756 |    47.5453 |
|        1 |        448 |          1352.60 |      1322.27 |      1356.70 |                  5.00 |                    5.00 |    756 |    47.6090 |
|        1 |        449 |          1352.60 |      1322.27 |      1357.70 |                  5.00 |                    5.00 |    756 |    47.7299 |
|        1 |        450 |          1352.60 |      1322.27 |      1357.70 |                  9.74 |                    5.00 |    756 |    47.7941 |
|        1 |        451 |          1352.60 |      1322.27 |      1357.70 |                  5.33 |                    5.00 |    756 |    47.8480 |
|        1 |        452 |          1352.60 |      1322.27 |      1357.70 |                  5.00 |                    5.00 |    756 |    47.9130 |
|        1 |        453 |          1352.60 |      1322.27 |      1357.70 |                  5.00 |                    5.00 |    756 |    47.9730 |
|        1 |        454 |          1352.60 |      1322.27 |      1411.20 |                  5.00 |                    5.00 |    756 |    48.0339 |
|        1 |        455 |          1352.60 |      1322.27 |      1365.10 |                  8.22 |                    5.00 |    756 |    48.1054 |
|        1 |        456 |          1352.60 |      1322.27 |      1362.70 |                  9.22 |                    5.00 |    756 |    48.2070 |
|        1 |        457 |          1352.60 |      1322.27 |      1362.70 |                  5.00 |                    5.00 |    756 |    48.2710 |
|        1 |        458 |          1352.60 |      1322.27 |      1362.70 |                  5.00 |                    5.00 |    757 |    48.3402 |
|        1 |        459 |          1352.60 |      1322.27 |      1367.00 |                  5.63 |                    5.00 |    758 |    48.4229 |
|        1 |        460 |          1352.60 |      1322.27 |      1364.90 |                  5.50 |                    5.00 |    758 |    48.5143 |
|        1 |        461 |          1352.60 |      1322.27 |      1364.50 |                 11.49 |                    5.00 |    758 |    48.5751 |
|        1 |        462 |          1352.60 |      1322.27 |      1381.00 |                 12.29 |                    9.74 |    759 |    48.6357 |
|        1 |        463 |          1352.60 |      1322.27 |      1376.02 |                 24.90 |                    5.00 |    759 |    48.7001 |
|        1 |        464 |          1352.60 |      1322.27 |      1386.36 |                 13.71 |                    5.00 |    761 |    48.8164 |
|        1 |        465 |          1352.60 |      1322.27 |      1400.36 |                 27.50 |                    5.00 |    764 |    48.8915 |
|        1 |        466 |          1352.60 |      1322.27 |      1411.85 |                 15.81 |                    5.00 |    764 |    48.9580 |
|        1 |        467 |          1352.60 |      1322.27 |      1441.26 |                 11.44 |                    5.00 |    767 |    49.0147 |
|        1 |        468 |          1352.60 |      1322.27 |      1464.70 |                  8.70 |                    5.00 |    769 |    49.0802 |
|        1 |        469 |          1352.60 |      1322.27 |      1463.30 |                  5.00 |                    5.00 |    769 |    49.1519 |
|        1 |        470 |          1352.60 |      1322.27 |      1443.78 |                 10.44 |                   10.44 |    770 |    49.2267 |
|        1 |        471 |          1352.60 |      1322.27 |      1451.78 |                 22.91 |                   22.91 |    770 |    49.2941 |
|        1 |        472 |          1352.60 |      1322.27 |      1463.50 |                 21.03 |                   21.03 |    770 |    49.3955 |
|        1 |        473 |          1352.60 |      1322.27 |      1456.10 |                  7.70 |                    8.51 |    770 |    49.4828 |
|        1 |        474 |          1352.60 |      1322.27 |      1456.10 |                  5.00 |                    5.69 |    770 |    49.5298 |
|        1 |        475 |          1352.60 |      1322.27 |      1418.16 |                 10.13 |                    5.00 |    770 |    49.6383 |
|        1 |        476 |          1352.60 |      1322.27 |      1382.99 |                 22.02 |                    5.00 |    771 |    49.7093 |
|        1 |        477 |          1352.60 |      1322.27 |      1374.10 |                  5.00 |                    5.00 |    773 |    49.8380 |
|        1 |        478 |          1352.60 |      1322.27 |      1374.10 |                  5.00 |                    5.00 |    773 |    49.9159 |
|        1 |        479 |          1352.60 |      1322.27 |      1413.60 |                  5.00 |                    5.00 |    774 |    50.0292 |
|        1 |        480 |          1352.60 |      1322.27 |      1413.60 |                  9.36 |                    5.00 |    774 |    50.0928 |
|        1 |        481 |          1352.60 |      1322.27 |      1407.00 |                  5.00 |                    5.00 |    774 |    50.1625 |
|        1 |        482 |          1352.60 |      1322.27 |      1407.00 |                  5.00 |                    5.00 |    774 |    50.2283 |
|        1 |        483 |          1352.60 |      1322.27 |      1403.80 |                  5.00 |                    5.00 |    774 |    50.3152 |
|        1 |        484 |          1352.60 |      1322.27 |      1403.80 |                  5.00 |                    5.00 |    774 |    50.3634 |
|        1 |        485 |          1352.60 |      1322.27 |      1403.80 |                  5.00 |                    5.00 |    774 |    50.4197 |
|        1 |        486 |          1352.60 |      1322.27 |      1404.30 |                  5.00 |                    5.00 |    774 |    50.6173 |
|        1 |        487 |          1352.60 |      1322.27 |      1406.60 |                  5.00 |                    5.00 |    774 |    50.6801 |
|        1 |        488 |          1352.60 |      1322.27 |      1404.20 |                  5.00 |                    8.31 |    774 |    50.7330 |
|        1 |        489 |          1352.60 |      1322.27 |      1404.20 |                  5.00 |                    5.02 |    774 |    50.7896 |
|        1 |        490 |          1352.60 |      1322.27 |      1401.90 |                  5.00 |                    5.03 |    774 |    50.8744 |
|        1 |        491 |          1352.60 |      1322.27 |      1406.40 |                  7.36 |                    5.00 |    776 |    50.9441 |
|        1 |        492 |          1352.60 |      1322.27 |      1380.30 |                  5.00 |                    5.00 |    777 |    51.0491 |
|        1 |        493 |          1352.60 |      1322.27 |      1380.30 |                  5.00 |                    5.00 |    777 |    51.1115 |
|        1 |        494 |          1352.60 |      1322.27 |      1380.30 |                  5.00 |                    5.00 |    777 |    51.1699 |
|        1 |        495 |          1352.60 |      1322.27 |      1423.90 |                  5.00 |                    5.00 |    779 |    51.2284 |
|        1 |        496 |          1352.60 |      1322.27 |      1415.60 |                  5.00 |                    5.00 |    781 |    51.2902 |
|        1 |        497 |          1352.60 |      1322.27 |      1353.60 |                  5.00 |                    6.22 |    781 |    51.4523 |
|        1 |        498 |          1352.60 |      1322.27 |      1353.60 |                  5.69 |                    5.00 |    781 |    51.4955 |
|        1 |        499 |          1352.60 |      1322.27 |      1351.70 |                  5.00 |                    5.47 |    781 |    51.5678 |
|        1 |        500 |          1352.60 |      1322.27 |      1353.90 |                  5.00 |                    5.00 |    782 |    51.6280 |
------------------------------------------------------------------------------------------------------------------------------------------------
Version identifier: 22.1.2.0 | 2024-11-26 | 0edbb82fd
CPXPARAM_MIP_Tolerances_UpperCutoff              1352.700000000098
Tried aggregator 1 time.
MIP Presolve eliminated 9 rows and 123 columns.
MIP Presolve modified 356 coefficients.
Reduced MIP has 92 rows, 659 columns, and 4314 nonzeros.
Reduced MIP has 659 binaries, 0 generals, 0 SOSs, and 0 indicators.
Presolve time = 0.00 sec. (5.86 ticks)
Probing fixed 9 vars, tightened 0 bounds.
Probing time = 0.01 sec. (6.35 ticks)
Tried aggregator 1 time.
Detecting symmetries...
MIP Presolve eliminated 4 rows and 19 columns.
Reduced MIP has 88 rows, 640 columns, and 4155 nonzeros.
Reduced MIP has 640 binaries, 0 generals, 0 SOSs, and 0 indicators.
Presolve time = 0.00 sec. (3.45 ticks)
Probing fixed 1 vars, tightened 0 bounds.
Probing time = 0.01 sec. (6.14 ticks)
Clique table members: 818.
MIP emphasis: balance optimality and feasibility.
MIP search method: dynamic search.
Parallel mode: deterministic, using up to 8 threads.
Root relaxation solution time = 0.00 sec. (4.08 ticks)

        Nodes                                         Cuts/
   Node  Left     Objective  IInf  Best Integer    Best Bound    ItCnt     Gap

      0     0     1340.9389    49                   1340.9389      203         
      0     0     1349.3254    48                    Cuts: 28      322         
*     0     0      integral     0     1352.3000      Cuts: 20      373    0.00%
      0     0        cutoff           1352.3000     1352.3000      373    0.00%
Elapsed time = 0.05 sec. (49.42 ticks, tree = 0.01 MB, solutions = 1)
objective_value(sp) = 1352.299999999999
 55.059895 seconds (6.89 M allocations: 344.225 MiB, 0.14% gc time, 6.87% compilation time)
#1: 0 (0.0) {21.0} -> 64 (17.0) {53.0} [53.0, 83.0] -> 51 (36.0) {77.1} [0.0, 196.0] -> 76 (67.0) {96.5} [75.0, 105.0] -> 89 (92.0) {116.3} [0.0, 177.0] -> 63 (98.0) {141.4} [0.0, 190.0] -> 85 (100.0) {155.0} [0.0, 194.0] -> 95 (106.0) {180.6} [0.0, 209.0] -> 91 (119.0) {199.2} [0.0, 217.0] -> 0 (119.0) {221.2} [0.0, 240.0]
#2: 0 (0.0) {19.0} -> 42 (10.0) {52.5} [33.0, 63.0] -> 44 (20.0) {64.5} [64.0, 94.0] -> 43 (40.0) {77.5} [0.0, 191.0] -> 40 (70.0) {92.5} [85.0, 115.0] -> 35 (90.0) {139.0} [139.0, 169.0] -> 37 (100.0) {152.6} [0.0, 189.0] -> 72 (108.0) {179.7} [0.0, 202.0] -> 54 (124.0) {199.1} [0.0, 211.0] -> 81 (134.0) {215.4} [0.0, 217.0] -> 0 (134.0) {237.4} [0.0, 240.0]
#3: 0 (0.0) {18.0} -> 39 (10.0) {54.0} [37.0, 67.0] -> 36 (50.0) {71.0} [43.0, 73.0] -> 38 (80.0) {86.8} [75.0, 105.0] -> 41 (100.0) {103.2} [92.0, 122.0] -> 61 (109.0) {129.6} [0.0, 214.0] -> 68 (130.0) {146.6} [144.0, 174.0] -> 0 (130.0) {166.6} [0.0, 240.0]
#4: 0 (0.0) {19.0} -> 11 (40.0) {59.0} [59.0, 89.0] -> 15 (60.0) {75.0} [58.0, 88.0] -> 16 (80.0) {87.0} [0.0, 188.0] -> 9 (100.0) {108.1} [91.0, 121.0] -> 10 (130.0) {123.1} [119.0, 149.0] -> 13 (140.0) {142.0} [142.0, 172.0] -> 82 (149.0) {175.4} [0.0, 215.0] -> 0 (149.0) {200.1} [0.0, 240.0]
#5: 0 (0.0) {22.0} -> 90 (6.0) {26.2} [0.0, 225.0] -> 99 (21.0) {77.0} [77.0, 107.0] -> 87 (34.0) {104.8} [90.0, 120.0] -> 59 (53.0) {119.2} [0.0, 187.0] -> 97 (88.0) {135.5} [0.0, 181.0] -> 75 (104.0) {158.5} [0.0, 172.0] -> 58 (124.0) {179.6} [152.0, 182.0] -> 0 (124.0) {236.7} [0.0, 240.0]
#6: 0 (0.0) {19.0} -> 2 (30.0) {49.8} [0.0, 199.0] -> 45 (40.0) {67.0} [37.0, 67.0] -> 46 (50.0) {79.8} [0.0, 192.0] -> 8 (60.0) {92.8} [91.0, 121.0] -> 7 (80.0) {107.8} [0.0, 194.0] -> 6 (100.0) {120.8} [95.0, 125.0] -> 4 (140.0) {141.0} [141.0, 171.0] -> 5 (160.0) {156.0} [0.0, 189.0] -> 3 (170.0) {168.0} [0.0, 190.0] -> 1 (190.0) {181.0} [0.0, 191.0] -> 100 (193.0) {209.9} [180.0, 210.0] -> 0 (193.0) {239.1} [0.0, 240.0]
#7: 0 (0.0) {21.0} -> 69 (27.0) {41.0} [41.0, 71.0] -> 60 (44.0) {68.8} [0.0, 203.0] -> 78 (71.0) {90.0} [90.0, 120.0] -> 79 (101.0) {112.1} [89.0, 119.0] -> 73 (106.0) {131.0} [0.0, 190.0] -> 17 (126.0) {156.1} [149.0, 179.0] -> 47 (136.0) {168.1} [0.0, 191.0] -> 14 (146.0) {181.1} [0.0, 194.0] -> 12 (166.0) {194.1} [0.0, 197.0] -> 0 (166.0) {236.4} [0.0, 240.0]
#8: 0 (0.0) {22.0} -> 92 (14.0) {36.7} [14.0, 44.0] -> 67 (23.0) {70.0} [70.0, 100.0] -> 84 (41.0) {96.0} [96.0, 126.0] -> 56 (60.0) {130.0} [130.0, 160.0] -> 66 (76.0) {149.2} [133.0, 163.0] -> 0 (76.0) {172.2} [0.0, 240.0]
#9: 0 (0.0) {21.0} -> 88 (19.0) {67.0} [67.0, 97.0] -> 53 (24.0) {91.0} [91.0, 121.0] -> 98 (33.0) {107.3} [0.0, 215.0] -> 55 (49.0) {140.0} [140.0, 170.0] -> 70 (72.0) {180.0} [180.0, 210.0] -> 0 (72.0) {209.6} [0.0, 240.0]
#10: 0 (0.0) {20.0} -> 62 (3.0) {52.0} [52.0, 82.0] -> 27 (23.0) {92.0} [62.0, 92.0] -> 26 (53.0) {107.0} [0.0, 171.0] -> 28 (63.0) {120.0} [0.0, 174.0] -> 29 (73.0) {135.3} [0.0, 177.0] -> 31 (93.0) {147.3} [0.0, 179.0] -> 34 (123.0) {160.3} [0.0, 182.0] -> 94 (146.0) {201.1} [0.0, 212.0] -> 80 (159.0) {221.1} [192.0, 222.0] -> 0 (159.0) {238.7} [0.0, 240.0]
#11: 0 (0.0) {19.0} -> 20 (10.0) {54.0} [0.0, 194.0] -> 19 (50.0) {69.0} [0.0, 189.0] -> 23 (80.0) {85.4} [65.0, 95.0] -> 48 (90.0) {99.4} [0.0, 184.0] -> 18 (110.0) {111.4} [0.0, 184.0] -> 21 (120.0) {125.4} [0.0, 185.0] -> 25 (140.0) {154.0} [154.0, 184.0] -> 77 (147.0) {176.1} [150.0, 180.0] -> 0 (147.0) {236.0} [0.0, 240.0]
#12: 0 (0.0) {19.0} -> 50 (30.0) {54.3} [0.0, 194.0] -> 33 (40.0) {80.7} [51.0, 81.0] -> 30 (50.0) {96.5} [74.0, 104.0] -> 32 (60.0) {107.5} [0.0, 178.0] -> 71 (74.0) {150.8} [0.0, 204.0] -> 93 (77.0) {178.0} [178.0, 208.0] -> 96 (103.0) {194.3} [0.0, 214.0] -> 0 (103.0) {219.8} [0.0, 240.0]
#13: 0 (0.0) {20.0} -> 65 (16.0) {31.1} [11.0, 41.0] -> 83 (30.0) {50.3} [0.0, 210.0] -> 22 (70.0) {92.0} [92.0, 122.0] -> 49 (80.0) {105.6} [104.0, 134.0] -> 24 (90.0) {120.6} [0.0, 194.0] -> 57 (113.0) {143.4} [0.0, 203.0] -> 74 (121.0) {164.5} [141.0, 171.0] -> 86 (149.0) {178.6} [0.0, 197.0] -> 52 (152.0) {195.8} [0.0, 205.0] -> 0 (152.0) {230.8} [0.0, 240.0]

Dist: 1352.299999999999. Cost: 1352.299999999999

Clique cuts applied:  11
Zero-half cuts applied:  5
Lift and project cuts applied:  1
Gomory fractional cuts applied:  8

Root node processing (before b&c):
  Real time             =    0.05 sec. (49.46 ticks)
Parallel b&c, 8 threads:
  Real time             =    0.00 sec. (0.00 ticks)
  Sync time (average)   =    0.00 sec.
  Wait time (average)   =    0.00 sec.
                          ------------
Total (root+branch&cut) =    0.05 sec. (49.46 ticks)
