Solving instance /mnt/c/Users/bruno.mattos/OneDrive - americanas s.a/Documentos/GitHub/GenericILS/TWRD/100/RC201_100_005.vrptwrd...
------------------------------------------------------------------------------------------------------------------------------------------------
|  Restart |  Iteration |  Best Feas. Cost |    Best Cost |   Curr. Cost |   Penalty Custom Res. |   Penalty Standard Res. |   Pool |   Time (s) |
------------------------------------------------------------------------------------------------------------------------------------------------
|        1 |          1 |          1382.90 |      1382.90 |      1382.90 |                  5.00 |                    5.00 |     12 |     0.4165 |
|        1 |          2 |          1382.90 |      1382.90 |      1382.90 |                  5.00 |                    5.00 |     12 |     0.9394 |
|        1 |          3 |          1382.90 |      1382.90 |      1454.20 |                  5.00 |                    5.00 |     20 |     0.9956 |
|        1 |          4 |          1382.90 |      1382.90 |      1430.90 |                  5.00 |                    5.00 |     26 |     1.0824 |
|        1 |          5 |          1382.90 |      1382.90 |      1389.10 |                  5.00 |                    5.00 |     33 |     1.1976 |
|        1 |          6 |          1382.90 |      1382.90 |      1389.10 |                  5.00 |                    5.00 |     33 |     1.2377 |
|        1 |          0 |          1379.00 |      1379.00 |      1379.00 |                  5.00 |                    5.00 |     38 |     1.3308 |
|        1 |          1 |          1379.00 |      1379.00 |      1384.30 |                  5.00 |                    5.00 |     45 |     1.4366 |
|        1 |          0 |          1356.40 |      1356.40 |      1356.40 |                  5.00 |                    5.00 |     49 |     1.5135 |
|        1 |          1 |          1356.40 |      1356.40 |      1356.40 |                  5.00 |                    5.00 |     49 |     1.5637 |
|        1 |          2 |          1356.40 |      1356.40 |      1386.30 |                  5.00 |                    5.00 |     54 |     1.6162 |
|        1 |          3 |          1356.40 |      1356.40 |      1386.30 |                  5.00 |                    5.00 |     54 |     1.6637 |
|        1 |          4 |          1356.40 |      1356.40 |      1391.30 |                  5.00 |                    5.00 |     55 |     1.7171 |
|        1 |          5 |          1356.40 |      1356.40 |      1381.90 |                  5.00 |                    5.00 |     60 |     1.7844 |
|        1 |          6 |          1356.40 |      1356.40 |      1391.90 |                  5.00 |                    5.00 |     66 |     1.8371 |
|        1 |          7 |          1356.40 |      1356.40 |      1386.90 |                  5.00 |                    5.00 |     67 |     1.9051 |
|        1 |          8 |          1356.40 |      1356.40 |      1366.30 |                  5.00 |                    5.00 |     69 |     1.9591 |
|        1 |          9 |          1356.40 |      1356.40 |      1366.30 |                  5.00 |                    5.00 |     69 |     2.0107 |
|        1 |         10 |          1356.40 |      1356.40 |      1379.50 |                  5.00 |                    5.00 |     71 |     2.0980 |
|        1 |         11 |          1356.40 |      1356.40 |      1368.50 |                  5.00 |                    5.00 |     71 |     2.1662 |
|        1 |          0 |          1348.10 |      1348.10 |      1348.10 |                  5.00 |                    5.00 |     75 |     2.2144 |
|        1 |          1 |          1348.10 |      1348.10 |      1348.10 |                  5.00 |                    5.00 |     75 |     2.2865 |
|        1 |          2 |          1348.10 |      1348.10 |      1364.40 |                  5.00 |                    5.00 |     76 |     2.3535 |
|        1 |          3 |          1348.10 |      1348.10 |      1364.40 |                  5.00 |                    5.00 |     76 |     2.4092 |
|        1 |          4 |          1348.10 |      1348.10 |      1364.40 |                  5.00 |                    5.00 |     76 |     2.4554 |
|        1 |          5 |          1348.10 |      1348.10 |      1399.50 |                  5.00 |                    5.00 |     78 |     2.5035 |
|        1 |          6 |          1348.10 |      1348.10 |      1366.80 |                  5.00 |                    5.00 |     79 |     2.5872 |
|        1 |          7 |          1348.10 |      1348.10 |      1362.90 |                  5.00 |                    5.00 |     82 |     2.6497 |
|        1 |          8 |          1348.10 |      1348.10 |      1362.90 |                  5.00 |                    5.00 |     82 |     2.7052 |
|        1 |          9 |          1348.10 |      1348.10 |      1370.70 |                  5.00 |                    5.00 |     83 |     2.7569 |
|        1 |         10 |          1348.10 |      1348.10 |      1370.70 |                  5.00 |                    5.00 |     83 |     2.8194 |
|        1 |         11 |          1348.10 |      1348.10 |      1357.10 |                  5.00 |                    5.00 |     88 |     2.8885 |
|        1 |         12 |          1348.10 |      1348.10 |      1357.10 |                  5.00 |                    5.00 |     88 |     2.9333 |
|        1 |         13 |          1348.10 |      1348.10 |      1436.10 |                  5.00 |                    5.00 |     92 |     2.9781 |
|        1 |         14 |          1348.10 |      1348.10 |      1429.40 |                  5.00 |                    5.00 |     98 |     3.0568 |
|        1 |         15 |          1348.10 |      1348.10 |      1412.80 |                  5.00 |                    5.00 |    104 |     3.1685 |
|        1 |         16 |          1348.10 |      1348.10 |      1400.10 |                  5.00 |                    5.00 |    110 |     3.2958 |
|        1 |         17 |          1348.10 |      1348.10 |      1399.00 |                  5.00 |                    5.00 |    113 |     3.3871 |
|        1 |         18 |          1348.10 |      1348.10 |      1394.30 |                  5.00 |                    5.00 |    113 |     3.4438 |
|        1 |         19 |          1348.10 |      1348.10 |      1390.50 |                  5.00 |                    5.00 |    120 |     3.5469 |
|        1 |         20 |          1348.10 |      1348.10 |      1402.10 |                  5.00 |                    5.00 |    122 |     3.5964 |
|        1 |         21 |          1348.10 |      1348.10 |      1390.40 |                  5.00 |                    5.00 |    124 |     3.6649 |
|        1 |         22 |          1348.10 |      1348.10 |      1368.20 |                  5.00 |                    5.00 |    128 |     3.7422 |
|        1 |         23 |          1348.10 |      1348.10 |      1357.60 |                  5.00 |                    5.00 |    132 |     3.8375 |
|        1 |         24 |          1348.10 |      1348.10 |      1372.20 |                  5.00 |                    5.00 |    137 |     3.8842 |
|        1 |         25 |          1348.10 |      1348.10 |      1364.30 |                  5.00 |                    5.00 |    142 |     3.9742 |
|        1 |         26 |          1348.10 |      1348.10 |      1378.00 |                  5.00 |                    5.00 |    148 |     4.0331 |
|        1 |         27 |          1348.10 |      1348.10 |      1358.00 |                  5.00 |                    5.00 |    148 |     4.0775 |
|        1 |         28 |          1348.10 |      1348.10 |      1362.70 |                  5.00 |                    5.00 |    149 |     4.1345 |
|        1 |          0 |          1314.60 |      1314.60 |      1314.60 |                  5.00 |                    5.00 |    152 |     4.2226 |
|        1 |          1 |          1314.60 |      1314.60 |      1314.60 |                  5.00 |                    5.00 |    152 |     4.2744 |
|        1 |          2 |          1314.60 |      1314.60 |      1314.60 |                  5.00 |                    5.00 |    152 |     4.3260 |
|        1 |          0 |          1308.80 |      1308.80 |      1308.80 |                  5.00 |                    5.00 |    158 |     4.4164 |
|        1 |          1 |          1308.80 |      1308.80 |      1308.80 |                  5.00 |                    5.00 |    158 |     4.4550 |
|        1 |          2 |          1308.80 |      1308.80 |      1308.80 |                  5.00 |                    5.00 |    158 |     4.5039 |
|        1 |          3 |          1308.80 |      1308.80 |      1308.80 |                  5.00 |                    5.00 |    158 |     4.5567 |
|        1 |          4 |          1308.80 |      1308.80 |      1308.80 |                  5.00 |                    5.00 |    158 |     4.6078 |
|        1 |          5 |          1308.80 |      1308.80 |      1308.80 |                  5.00 |                    5.00 |    158 |     4.6728 |
|        1 |          6 |          1308.80 |      1308.80 |      1308.80 |                  5.00 |                    5.00 |    158 |     4.7294 |
|        1 |          7 |          1308.80 |      1308.80 |      1308.80 |                  5.00 |                    5.00 |    158 |     4.7731 |
|        1 |          8 |          1308.80 |      1308.80 |      1308.80 |                  5.00 |                    5.00 |    158 |     4.8237 |
|        1 |          9 |          1308.80 |      1308.80 |      1319.40 |                  5.00 |                    5.00 |    160 |     4.8801 |
|        1 |         10 |          1308.80 |      1308.80 |      1319.40 |                  5.00 |                    5.00 |    160 |     4.9216 |
|        1 |         11 |          1308.80 |      1308.80 |      1338.80 |                  5.00 |                    5.00 |    164 |     4.9760 |
|        1 |         12 |          1308.80 |      1308.80 |      1338.80 |                  5.00 |                    5.00 |    164 |     5.0301 |
|        1 |         13 |          1308.80 |      1308.80 |      1338.80 |                  5.00 |                    5.00 |    164 |     5.0642 |
|        1 |         14 |          1308.80 |      1308.80 |      1338.80 |                  5.00 |                    5.00 |    164 |     5.0974 |
|        1 |         15 |          1308.80 |      1308.80 |      1338.80 |                  5.00 |                    5.00 |    164 |     5.1425 |
|        1 |         16 |          1308.80 |      1308.80 |      1329.80 |                  5.00 |                    5.00 |    166 |     5.2053 |
|        1 |         17 |          1308.80 |      1308.80 |      1360.20 |                  5.00 |                    5.00 |    170 |     5.2455 |
|        1 |         18 |          1308.80 |      1308.80 |      1339.20 |                  5.00 |                    5.00 |    174 |     5.3421 |
|        1 |         19 |          1308.80 |      1308.80 |      1326.40 |                  5.00 |                    5.00 |    175 |     5.3871 |
|        1 |         20 |          1308.80 |      1308.80 |      1326.40 |                  5.00 |                    5.00 |    176 |     5.4558 |
|        1 |         21 |          1308.80 |      1308.80 |      1340.30 |                  5.00 |                    5.47 |    177 |     5.5136 |
|        1 |          0 |          1308.20 |      1308.20 |      1308.20 |                  5.00 |                    5.00 |    180 |     5.5851 |
|        1 |          1 |          1308.20 |      1308.20 |      1312.90 |                  5.00 |                    5.00 |    180 |     5.6295 |
|        1 |          2 |          1308.20 |      1308.20 |      1349.30 |                  5.00 |                    5.00 |    182 |     5.6762 |
|        1 |          3 |          1308.20 |      1308.20 |      1315.00 |                  5.00 |                    5.00 |    184 |     5.7330 |
|        1 |          4 |          1308.20 |      1308.20 |      1314.00 |                  5.00 |                    5.00 |    186 |     5.7801 |
|        1 |          5 |          1308.20 |      1308.20 |      1375.30 |                  5.00 |                    5.00 |    189 |     5.8358 |
|        1 |          6 |          1308.20 |      1308.20 |      1371.20 |                  5.00 |                    5.00 |    191 |     5.8865 |
|        1 |          7 |          1308.20 |      1308.20 |      1370.10 |                  5.00 |                    5.00 |    191 |     5.9435 |
|        1 |          8 |          1308.20 |      1308.20 |      1370.10 |                  5.00 |                    5.00 |    191 |     5.9852 |
|        1 |          9 |          1308.20 |      1308.20 |      1353.30 |                  5.00 |                    5.00 |    193 |     6.0564 |
|        1 |         10 |          1308.20 |      1308.20 |      1353.30 |                  5.00 |                    5.00 |    193 |     6.1067 |
|        1 |         11 |          1308.20 |      1308.20 |      1323.40 |                  5.00 |                    5.00 |    198 |     6.2664 |
|        1 |         12 |          1308.20 |      1308.20 |      1320.80 |                  5.00 |                    5.00 |    198 |     6.3489 |
|        1 |         13 |          1308.20 |      1308.20 |      1329.90 |                  5.00 |                    5.00 |    200 |     6.4061 |
|        1 |          0 |          1305.10 |      1305.10 |      1305.10 |                  5.00 |                    5.00 |    203 |     6.4739 |
|        1 |          0 |          1304.50 |      1304.50 |      1304.50 |                  5.00 |                    5.00 |    204 |     6.5598 |
|        1 |          1 |          1304.50 |      1304.50 |      1307.26 |                  5.00 |                    7.81 |    210 |     6.6670 |
|        1 |          2 |          1304.50 |      1304.50 |      1307.35 |                  5.00 |                    7.85 |    210 |     6.7343 |
|        1 |          3 |          1304.50 |      1304.50 |      1325.08 |                  5.00 |                    7.35 |    213 |     6.8069 |
|        1 |          4 |          1304.50 |      1304.50 |      1307.10 |                  5.00 |                    5.00 |    216 |     6.9320 |
|        1 |          5 |          1304.50 |      1304.50 |      1307.10 |                  5.00 |                    5.00 |    216 |     6.9901 |
|        1 |          6 |          1304.50 |      1304.50 |      1307.10 |                  5.00 |                    5.00 |    216 |     7.0647 |
|        1 |          7 |          1304.50 |      1304.50 |      1307.10 |                  5.00 |                    5.00 |    216 |     7.1278 |
|        1 |          8 |          1304.50 |      1304.50 |      1305.50 |                  5.00 |                    5.00 |    219 |     7.2075 |
|        1 |          9 |          1304.50 |      1304.50 |      1304.70 |                  5.00 |                    5.00 |    220 |     7.2687 |
|        1 |         10 |          1304.50 |      1304.50 |      1304.70 |                  5.00 |                    5.00 |    220 |     7.3142 |
|        1 |         11 |          1304.50 |      1304.50 |      1329.90 |                  5.00 |                    5.00 |    220 |     7.3761 |
|        1 |         12 |          1304.50 |      1304.50 |      1304.70 |                  5.00 |                    5.00 |    220 |     7.4784 |
|        1 |         13 |          1304.50 |      1304.50 |      1304.70 |                  5.00 |                    5.00 |    220 |     7.5318 |
|        1 |          0 |          1299.70 |      1299.70 |      1299.70 |                  5.00 |                    5.00 |    221 |     7.6200 |
|        1 |          1 |          1299.70 |      1299.70 |      1299.70 |                  5.00 |                    5.00 |    221 |     7.6756 |
|        1 |          2 |          1299.70 |      1299.70 |      1299.70 |                  5.00 |                    5.00 |    221 |     7.7271 |
|        1 |          3 |          1299.70 |      1299.70 |      1299.70 |                  5.00 |                    5.00 |    221 |     7.8048 |
|        1 |          4 |          1299.70 |      1299.70 |      1299.70 |                  5.00 |                    5.00 |    221 |     7.8630 |
|        1 |          0 |          1296.70 |      1296.70 |      1296.70 |                  5.00 |                    5.00 |    223 |     7.9460 |
|        1 |          1 |          1296.70 |      1296.70 |      1296.70 |                  5.00 |                    5.00 |    223 |     8.0008 |
|        1 |          2 |          1296.70 |      1296.70 |      1296.70 |                  5.00 |                    5.00 |    223 |     8.0472 |
|        1 |          3 |          1296.70 |      1296.70 |      1319.80 |                  5.00 |                    5.00 |    224 |     8.1010 |
|        1 |          4 |          1296.70 |      1296.70 |      1335.40 |                  5.00 |                    5.00 |    228 |     8.1589 |
|        1 |          5 |          1296.70 |      1296.70 |      1326.90 |                  5.00 |                    5.00 |    232 |     8.2193 |
|        1 |          6 |          1296.70 |      1296.70 |      1308.70 |                  5.00 |                    5.00 |    233 |     8.2868 |
|        1 |          7 |          1296.70 |      1296.70 |      1302.10 |                  5.00 |                    5.00 |    235 |     8.3945 |
|        1 |          8 |          1296.70 |      1296.70 |      1307.90 |                  5.00 |                    5.00 |    235 |     8.4359 |
|        1 |          0 |          1282.60 |      1282.60 |      1282.60 |                  5.00 |                    5.00 |    236 |     8.4927 |
|        1 |          1 |          1282.60 |      1282.60 |      1282.60 |                  5.00 |                    5.00 |    236 |     8.5571 |
|        1 |          0 |          1273.80 |      1273.80 |      1273.80 |                  5.00 |                    5.00 |    236 |     8.6014 |
|        1 |          1 |          1273.80 |      1273.80 |      1273.80 |                  5.00 |                    5.00 |    236 |     8.6548 |
|        1 |          2 |          1273.80 |      1273.80 |      1273.80 |                  5.00 |                    5.00 |    236 |     8.6928 |
|        1 |          3 |          1273.80 |      1273.80 |      1273.80 |                  5.00 |                    5.00 |    236 |     8.7386 |
|        1 |          4 |          1273.80 |      1273.80 |      1273.80 |                  5.00 |                    5.00 |    236 |     8.7877 |
|        1 |          5 |          1273.80 |      1273.80 |      1273.80 |                  5.00 |                    5.00 |    236 |     8.8332 |
|        1 |          6 |          1273.80 |      1273.80 |      1273.80 |                  5.00 |                    5.00 |    236 |     8.8741 |
|        1 |          7 |          1273.80 |      1273.80 |      1282.60 |                  5.00 |                    5.00 |    238 |     8.9199 |
|        1 |          8 |          1273.80 |      1273.80 |      1282.60 |                  5.00 |                    5.00 |    238 |     8.9730 |
|        1 |          9 |          1273.80 |      1273.80 |      1283.00 |                  5.00 |                    5.00 |    238 |     9.0530 |
|        1 |         10 |          1273.80 |      1273.80 |      1283.00 |                  5.00 |                    5.00 |    238 |     9.0956 |
|        1 |         11 |          1273.80 |      1273.80 |      1288.80 |                  5.00 |                    5.00 |    238 |     9.1398 |
|        1 |         12 |          1273.80 |      1273.80 |      1313.60 |                  5.00 |                    5.00 |    238 |     9.2067 |
|        1 |         13 |          1273.80 |      1273.80 |      1326.40 |                  5.00 |                    5.36 |    238 |     9.2631 |
|        1 |         14 |          1273.80 |      1273.80 |      1308.70 |                  5.00 |                    5.00 |    238 |     9.3206 |
|        1 |         15 |          1273.80 |      1273.80 |      1308.70 |                  5.00 |                    5.00 |    238 |     9.3797 |
|        1 |         16 |          1273.80 |      1273.80 |      1337.90 |                  5.00 |                    5.00 |    243 |     9.4262 |
|        1 |         17 |          1273.80 |      1273.80 |      1287.30 |                  5.00 |                    5.00 |    245 |     9.5198 |
|        1 |         18 |          1273.80 |      1273.80 |      1292.70 |                  5.00 |                    5.00 |    246 |     9.5778 |
|        1 |         19 |          1273.80 |      1273.80 |      1287.30 |                  5.00 |                    5.00 |    246 |     9.6355 |
|        1 |         20 |          1273.80 |      1273.80 |      1287.30 |                  5.00 |                    5.00 |    246 |     9.6832 |
|        1 |         21 |          1273.80 |      1273.80 |      1287.30 |                  5.00 |                    5.00 |    246 |     9.7344 |
|        1 |         22 |          1273.80 |      1273.80 |      1326.90 |                  5.00 |                    5.00 |    247 |     9.8021 |
|        1 |         23 |          1273.80 |      1273.80 |      1334.90 |                  5.00 |                    5.00 |    250 |     9.8553 |
|        1 |         24 |          1273.80 |      1273.80 |      1310.90 |                  5.00 |                    5.00 |    253 |     9.9103 |
|        1 |         25 |          1273.80 |      1273.80 |      1310.90 |                  5.00 |                    5.00 |    253 |     9.9537 |
|        1 |         26 |          1273.80 |      1273.80 |      1291.20 |                  5.00 |                    5.00 |    254 |    10.0203 |
|        1 |         27 |          1273.80 |      1273.80 |      1289.70 |                  5.00 |                    5.00 |    254 |    10.0920 |
|        1 |         28 |          1273.80 |      1273.80 |      1303.20 |                  5.00 |                    5.00 |    257 |    10.1645 |
|        1 |         29 |          1273.80 |      1273.80 |      1303.20 |                  5.00 |                    5.00 |    257 |    10.2094 |
|        1 |         30 |          1273.80 |      1273.80 |      1303.20 |                  5.00 |                    5.00 |    257 |    10.2658 |
|        1 |         31 |          1273.80 |      1273.80 |      1308.60 |                  5.00 |                    5.00 |    262 |    10.3593 |
|        1 |         32 |          1273.80 |      1273.80 |      1285.20 |                  5.00 |                    5.00 |    263 |    10.4090 |
|        1 |         33 |          1273.80 |      1273.80 |      1289.90 |                  5.00 |                    5.00 |    263 |    10.4593 |
|        1 |         34 |          1273.80 |      1273.80 |      1289.90 |                  5.00 |                    5.00 |    263 |    10.5039 |
|        1 |         35 |          1273.80 |      1273.80 |      1295.30 |                  5.00 |                    5.00 |    263 |    10.5629 |
|        1 |         36 |          1273.80 |      1273.80 |      1311.10 |                  5.00 |                    5.00 |    264 |    10.6119 |
|        1 |         37 |          1273.80 |      1273.80 |      1311.10 |                  5.00 |                    5.00 |    264 |    10.6583 |
|        1 |         38 |          1273.80 |      1273.80 |      1294.00 |                  5.00 |                    5.00 |    266 |    10.7475 |
|        1 |         39 |          1273.80 |      1273.80 |      1311.70 |                  5.00 |                    5.00 |    270 |    10.8776 |
|        1 |         40 |          1273.80 |      1273.80 |      1326.70 |                  5.00 |                    5.00 |    271 |    10.9290 |
|        1 |         41 |          1273.80 |      1273.80 |      1310.80 |                  5.00 |                    5.00 |    273 |    11.0069 |
|        1 |         42 |          1273.80 |      1273.80 |      1309.90 |                  5.00 |                    5.00 |    274 |    11.0566 |
|        1 |         43 |          1273.80 |      1273.80 |      1309.90 |                  5.00 |                    5.00 |    274 |    11.1011 |
|        1 |         44 |          1273.80 |      1273.80 |      1319.00 |                  5.00 |                    5.00 |    276 |    11.1401 |
|        1 |         45 |          1273.80 |      1273.80 |      1304.90 |                  5.00 |                    5.00 |    276 |    11.2093 |
|        1 |         46 |          1273.80 |      1273.80 |      1316.60 |                  5.00 |                    5.00 |    277 |    11.2720 |
|        1 |         47 |          1273.80 |      1273.80 |      1316.60 |                  5.00 |                    5.00 |    277 |    11.3266 |
|        1 |         48 |          1273.80 |      1273.80 |      1318.20 |                  5.00 |                    5.00 |    280 |    11.3870 |
|        1 |         49 |          1273.80 |      1273.80 |      1318.20 |                  5.00 |                    5.00 |    280 |    11.4280 |
|        1 |         50 |          1273.80 |      1273.80 |      1318.20 |                  5.00 |                    5.00 |    280 |    11.4919 |
|        1 |         51 |          1273.80 |      1273.80 |      1320.30 |                  5.00 |                    5.00 |    281 |    11.5649 |
|        1 |         52 |          1273.80 |      1273.80 |      1320.70 |                  5.00 |                    5.00 |    281 |    11.6292 |
|        1 |         53 |          1273.80 |      1273.80 |      1307.90 |                  5.00 |                    5.00 |    281 |    11.7272 |
|        1 |         54 |          1273.80 |      1273.80 |      1320.70 |                  5.00 |                    5.00 |    281 |    11.7885 |
|        1 |         55 |          1273.80 |      1273.80 |      1322.90 |                  5.00 |                    5.00 |    283 |    11.8836 |
|        1 |         56 |          1273.80 |      1273.80 |      1312.30 |                  5.00 |                    5.00 |    284 |    12.0104 |
|        1 |         57 |          1273.80 |      1273.80 |      1311.80 |                  5.00 |                    5.00 |    284 |    12.0905 |
|        1 |         58 |          1273.80 |      1273.80 |      1339.90 |                  5.00 |                    5.00 |    287 |    12.1407 |
|        1 |         59 |          1273.80 |      1273.80 |      1337.70 |                  5.00 |                    5.00 |    288 |    12.2232 |
|        1 |         60 |          1273.80 |      1273.80 |      1391.70 |                  5.00 |                    5.00 |    295 |    12.2798 |
|        1 |         61 |          1273.80 |      1273.80 |      1368.10 |                  5.00 |                    5.00 |    302 |    12.4297 |
|        1 |         62 |          1273.80 |      1273.80 |      1366.20 |                  5.00 |                    5.00 |    303 |    12.4981 |
|        1 |         63 |          1273.80 |      1273.80 |      1369.70 |                  5.00 |                    5.00 |    303 |    12.5553 |
|        1 |         64 |          1273.80 |      1273.80 |      1349.20 |                  5.00 |                    5.00 |    306 |    12.6802 |
|        1 |         65 |          1273.80 |      1273.80 |      1327.10 |                  5.00 |                    5.00 |    307 |    12.7606 |
|        1 |         66 |          1273.80 |      1273.80 |      1327.10 |                  5.00 |                    5.00 |    307 |    12.8209 |
|        1 |         67 |          1273.80 |      1273.80 |      1327.10 |                  5.00 |                    5.00 |    307 |    12.8684 |
|        1 |         68 |          1273.80 |      1273.80 |      1360.50 |                  5.00 |                    5.00 |    311 |    12.9080 |
|        1 |         69 |          1273.80 |      1273.80 |      1327.00 |                  5.00 |                    5.00 |    311 |    12.9788 |
|        1 |         70 |          1273.80 |      1273.80 |      1328.30 |                  5.00 |                    5.00 |    311 |    13.0281 |
|        1 |         71 |          1273.80 |      1273.80 |      1344.60 |                  5.00 |                    5.00 |    311 |    13.0835 |
|        1 |         72 |          1273.80 |      1273.80 |      1363.20 |                  5.00 |                    5.00 |    314 |    13.1818 |
|        1 |         73 |          1273.80 |      1273.80 |      1326.10 |                  5.00 |                    5.00 |    319 |    13.2564 |
|        1 |         74 |          1273.80 |      1273.80 |      1330.80 |                  5.00 |                    5.00 |    320 |    13.3035 |
|        1 |         75 |          1273.80 |      1273.80 |      1326.40 |                  5.00 |                    5.00 |    320 |    13.3892 |
|        1 |         76 |          1273.80 |      1273.80 |      1341.90 |                  5.00 |                    5.00 |    322 |    13.4654 |
|        1 |         77 |          1273.80 |      1273.80 |      1313.80 |                  5.00 |                    5.00 |    326 |    13.5653 |
|        1 |         78 |          1273.80 |      1273.80 |      1313.80 |                  5.00 |                    5.00 |    326 |    13.6100 |
|        1 |         79 |          1273.80 |      1273.80 |      1331.50 |                  5.00 |                    5.00 |    326 |    13.6592 |
|        1 |         80 |          1273.80 |      1273.80 |      1310.20 |                  5.00 |                    5.00 |    326 |    13.7372 |
|        1 |         81 |          1273.80 |      1273.80 |      1297.40 |                  5.00 |                    5.00 |    327 |    13.7805 |
|        1 |         82 |          1273.80 |      1273.80 |      1306.20 |                  5.00 |                    5.00 |    327 |    13.8363 |
|        1 |         83 |          1273.80 |      1273.80 |      1322.50 |                  5.00 |                    5.00 |    327 |    13.8898 |
|        1 |         84 |          1273.80 |      1273.80 |      1372.30 |                  5.00 |                    5.00 |    330 |    13.9421 |
|        1 |         85 |          1273.80 |      1273.80 |      1342.80 |                  5.00 |                    5.00 |    332 |    14.0200 |
|        1 |         86 |          1273.80 |      1273.80 |      1354.00 |                  5.00 |                    5.00 |    333 |    14.0635 |
|        1 |         87 |          1273.80 |      1273.80 |      1326.20 |                  5.00 |                    5.00 |    334 |    14.2223 |
|        1 |         88 |          1273.80 |      1273.80 |      1326.20 |                  5.00 |                    5.00 |    334 |    14.2913 |
|        1 |         89 |          1273.80 |      1273.80 |      1329.80 |                  5.00 |                    5.00 |    335 |    14.3635 |
|        1 |         90 |          1273.80 |      1273.80 |      1341.20 |                  5.00 |                    5.00 |    335 |    14.4260 |
|        1 |         91 |          1273.80 |      1273.80 |      1345.40 |                  5.00 |                    5.00 |    338 |    14.5013 |
|        1 |         92 |          1273.80 |      1273.80 |      1308.40 |                  5.00 |                    5.00 |    339 |    14.6178 |
|        1 |         93 |          1273.80 |      1273.80 |      1308.40 |                  5.00 |                    5.00 |    339 |    14.6662 |
|        1 |         94 |          1273.80 |      1273.80 |      1308.40 |                  5.00 |                    5.00 |    339 |    14.7102 |
|        1 |         95 |          1273.80 |      1273.80 |      1348.40 |                  5.00 |                    5.00 |    341 |    14.8489 |
|        1 |         96 |          1273.80 |      1273.80 |      1348.40 |                  5.00 |                    5.00 |    341 |    14.9058 |
|        1 |         97 |          1273.80 |      1273.80 |      1349.00 |                  5.00 |                    5.00 |    344 |    14.9578 |
|        1 |         98 |          1273.80 |      1273.80 |      1349.00 |                  5.00 |                    5.00 |    344 |    15.0227 |
|        1 |         99 |          1273.80 |      1273.80 |      1349.00 |                  5.00 |                    5.00 |    344 |    15.0708 |
|        1 |        100 |          1273.80 |      1273.80 |      1309.20 |                  5.00 |                    5.00 |    346 |    15.1495 |
|        1 |        101 |          1273.80 |      1273.80 |      1309.20 |                  5.00 |                    5.00 |    346 |    15.1928 |
|        1 |        102 |          1273.80 |      1273.80 |      1350.00 |                  5.00 |                    5.00 |    349 |    15.2518 |
|        1 |        103 |          1273.80 |      1273.80 |      1350.00 |                  5.00 |                    5.00 |    349 |    15.3019 |
|        1 |        104 |          1273.80 |      1273.80 |      1339.60 |                  5.00 |                    5.00 |    352 |    15.3880 |
|        1 |        105 |          1273.80 |      1273.80 |      1339.60 |                  5.00 |                    5.00 |    352 |    15.4432 |
|        1 |        106 |          1273.80 |      1273.80 |      1398.20 |                  5.00 |                    5.00 |    354 |    15.4856 |
|        1 |        107 |          1273.80 |      1273.80 |      1314.90 |                  5.00 |                    5.00 |    357 |    15.6470 |
|        1 |        108 |          1273.80 |      1273.80 |      1295.50 |                  5.00 |                    5.00 |    357 |    15.7244 |
|        1 |        109 |          1273.80 |      1273.80 |      1294.40 |                  5.00 |                    5.00 |    357 |    15.7715 |
|        1 |        110 |          1273.80 |      1273.80 |      1294.40 |                  5.00 |                    5.00 |    357 |    15.8262 |
|        1 |        111 |          1273.80 |      1273.80 |      1299.60 |                  5.00 |                    5.00 |    360 |    15.8834 |
|        1 |        112 |          1273.80 |      1273.80 |      1295.40 |                  5.00 |                    5.00 |    363 |    15.9499 |
|        1 |        113 |          1273.80 |      1273.80 |      1290.70 |                  5.00 |                    5.00 |    363 |    15.9939 |
|        1 |        114 |          1273.80 |      1273.80 |      1290.70 |                  5.00 |                    5.00 |    363 |    16.0464 |
|        1 |        115 |          1273.80 |      1273.80 |      1284.60 |                  5.00 |                    5.00 |    365 |    16.1212 |
|        1 |        116 |          1273.80 |      1273.80 |      1284.60 |                  5.00 |                    5.00 |    365 |    16.1676 |
|        1 |        117 |          1273.80 |      1273.80 |      1298.00 |                  5.00 |                    5.00 |    365 |    16.2351 |
|        1 |        118 |          1273.80 |      1273.80 |      1293.10 |                  5.00 |                    5.00 |    365 |    16.3145 |
|        1 |        119 |          1273.80 |      1273.80 |      1293.10 |                  5.00 |                    5.00 |    365 |    16.3706 |
|        1 |        120 |          1273.80 |      1273.80 |      1335.20 |                  5.00 |                    5.00 |    365 |    16.4337 |
|        1 |        121 |          1273.80 |      1273.80 |      1344.90 |                  5.00 |                    5.00 |    367 |    16.4935 |
|        1 |        122 |          1273.80 |      1273.80 |      1303.40 |                  5.00 |                    5.00 |    367 |    16.5902 |
|        1 |        123 |          1273.80 |      1273.80 |      1330.70 |                  5.00 |                    5.00 |    369 |    16.6659 |
|        1 |        124 |          1273.80 |      1273.80 |      1325.30 |                  5.00 |                    5.00 |    369 |    16.7286 |
|        1 |        125 |          1273.80 |      1273.80 |      1325.30 |                  5.00 |                    5.00 |    369 |    16.7925 |
|        1 |        126 |          1273.80 |      1273.80 |      1296.30 |                  5.00 |                    5.00 |    369 |    16.8580 |
|        1 |        127 |          1273.80 |      1273.80 |      1306.60 |                  5.00 |                    5.00 |    369 |    16.9187 |
|        1 |        128 |          1273.80 |      1273.80 |      1311.30 |                  5.00 |                    5.00 |    369 |    16.9743 |
|        1 |        129 |          1273.80 |      1273.80 |      1298.00 |                  5.00 |                    5.00 |    369 |    17.0589 |
|        1 |        130 |          1273.80 |      1273.80 |      1342.10 |                  5.00 |                    5.00 |    369 |    17.1191 |
|        1 |        131 |          1273.80 |      1273.80 |      1348.20 |                  5.00 |                    5.00 |    371 |    17.1786 |
|        1 |        132 |          1273.80 |      1273.80 |      1323.50 |                  5.00 |                    5.00 |    373 |    17.3396 |
|        1 |        133 |          1273.80 |      1273.80 |      1318.80 |                  5.00 |                    5.00 |    376 |    17.4558 |
|        1 |        134 |          1273.80 |      1273.80 |      1318.80 |                  5.00 |                    5.00 |    376 |    17.5385 |
|        1 |        135 |          1273.80 |      1273.80 |      1318.80 |                  5.00 |                    5.00 |    376 |    17.6091 |
|        1 |        136 |          1273.80 |      1273.80 |      1335.10 |                  5.00 |                    5.00 |    376 |    17.6729 |
|        1 |        137 |          1273.80 |      1273.80 |      1296.20 |                  5.00 |                    5.00 |    377 |    17.8467 |
|        1 |        138 |          1273.80 |      1273.80 |      1296.20 |                  5.00 |                    5.00 |    377 |    17.9181 |
|        1 |        139 |          1273.80 |      1273.80 |      1295.80 |                  5.00 |                    5.00 |    379 |    17.9989 |
|        1 |        140 |          1273.80 |      1273.80 |      1312.50 |                  5.00 |                    5.00 |    382 |    18.0865 |
|        1 |        141 |          1273.80 |      1273.80 |      1305.70 |                  5.00 |                    5.00 |    384 |    18.1679 |
|        1 |        142 |          1273.80 |      1273.80 |      1306.90 |                  5.00 |                    5.00 |    384 |    18.2362 |
|        1 |        143 |          1273.80 |      1273.80 |      1324.80 |                  5.00 |                    5.00 |    385 |    18.3440 |
|        1 |        144 |          1273.80 |      1273.80 |      1298.40 |                  5.00 |                    5.00 |    387 |    18.3983 |
|        1 |        145 |          1273.80 |      1273.80 |      1304.70 |                  5.00 |                    5.00 |    387 |    18.4606 |
|        1 |        146 |          1273.80 |      1273.80 |      1300.40 |                  5.00 |                    5.00 |    389 |    18.5448 |
|        1 |        147 |          1273.80 |      1273.80 |      1298.50 |                  5.00 |                    5.00 |    389 |    18.6123 |
|        1 |        148 |          1273.80 |      1273.80 |      1298.50 |                  5.00 |                    5.00 |    389 |    18.6541 |
|        1 |        149 |          1273.80 |      1273.80 |      1298.50 |                  5.00 |                    5.00 |    389 |    18.7159 |
|        1 |        150 |          1273.80 |      1273.80 |      1331.50 |                  5.00 |                    5.00 |    391 |    18.7614 |
|        1 |        151 |          1273.80 |      1273.80 |      1328.30 |                  5.00 |                    5.00 |    393 |    18.8039 |
|        1 |        152 |          1273.80 |      1273.80 |      1311.20 |                  5.00 |                    5.00 |    393 |    18.8725 |
|        1 |        153 |          1273.80 |      1273.80 |      1311.20 |                  5.00 |                    5.00 |    393 |    18.9112 |
|        1 |        154 |          1273.80 |      1273.80 |      1327.30 |                  5.00 |                    5.00 |    394 |    18.9626 |
|        1 |        155 |          1273.80 |      1273.80 |      1312.90 |                  5.00 |                    5.00 |    394 |    19.0275 |
|        1 |        156 |          1273.80 |      1273.80 |      1312.90 |                  5.00 |                    5.00 |    394 |    19.0708 |
|        1 |        157 |          1273.80 |      1273.80 |      1312.90 |                  5.00 |                    5.00 |    394 |    19.1245 |
|        1 |        158 |          1273.80 |      1273.80 |      1329.40 |                  5.00 |                    5.00 |    396 |    19.1785 |
|        1 |        159 |          1273.80 |      1273.80 |      1334.00 |                  5.00 |                    5.00 |    397 |    19.2492 |
|        1 |        160 |          1273.80 |      1273.80 |      1335.70 |                  5.00 |                    5.00 |    398 |    19.3026 |
|        1 |        161 |          1273.80 |      1273.80 |      1342.30 |                  5.00 |                    5.00 |    400 |    19.3734 |
|        1 |        162 |          1273.80 |      1273.80 |      1323.20 |                  5.00 |                    5.00 |    402 |    19.5060 |
|        1 |        163 |          1273.80 |      1273.80 |      1319.10 |                  5.00 |                    5.00 |    402 |    19.5957 |
|        1 |        164 |          1273.80 |      1273.80 |      1324.10 |                  5.00 |                    5.00 |    402 |    19.6402 |
|        1 |        165 |          1273.80 |      1273.80 |      1332.90 |                  5.00 |                    5.00 |    404 |    19.7053 |
|        1 |        166 |          1273.80 |      1273.80 |      1327.70 |                  5.00 |                    5.00 |    407 |    19.7678 |
|        1 |        167 |          1273.80 |      1273.80 |      1327.70 |                  5.00 |                    5.00 |    407 |    19.8304 |
|        1 |        168 |          1273.80 |      1273.80 |      1317.40 |                  5.00 |                    5.00 |    410 |    19.9435 |
|        1 |        169 |          1273.80 |      1273.80 |      1317.40 |                  5.00 |                    5.00 |    410 |    19.9864 |
------------------------------------------------------------------------------------------------------------------------------------------------
|  Restart |  Iteration |  Best Feas. Cost |    Best Cost |   Curr. Cost |   Penalty Custom Res. |   Penalty Standard Res. |   Pool |   Time (s) |
------------------------------------------------------------------------------------------------------------------------------------------------
|        1 |        170 |          1273.80 |      1273.80 |      1336.50 |                  5.00 |                    5.00 |    412 |    20.0531 |
|        1 |        171 |          1273.80 |      1273.80 |      1324.20 |                  5.00 |                    5.00 |    417 |    20.1997 |
|        1 |        172 |          1273.80 |      1273.80 |      1320.10 |                  5.00 |                    5.00 |    420 |    20.2966 |
|        1 |        173 |          1273.80 |      1273.80 |      1318.20 |                  5.00 |                    5.00 |    423 |    20.3581 |
|        1 |        174 |          1273.80 |      1273.80 |      1318.20 |                  5.00 |                    5.00 |    423 |    20.3969 |
|        1 |        175 |          1273.80 |      1273.80 |      1318.20 |                  5.00 |                    5.00 |    423 |    20.4514 |
|        1 |        176 |          1273.80 |      1273.80 |      1299.10 |                  5.00 |                    5.00 |    425 |    20.5267 |
|        1 |        177 |          1273.80 |      1273.80 |      1285.00 |                  5.00 |                    5.00 |    425 |    20.5719 |
|        1 |        178 |          1273.80 |      1273.80 |      1289.80 |                  5.00 |                    5.00 |    425 |    20.6549 |
|        1 |        179 |          1273.80 |      1273.80 |      1298.60 |                  5.00 |                    5.00 |    426 |    20.6868 |
|        1 |        180 |          1273.80 |      1273.80 |      1301.80 |                  5.00 |                    5.00 |    428 |    20.7521 |
|        1 |        181 |          1273.80 |      1273.80 |      1298.00 |                  5.00 |                    5.00 |    428 |    20.7941 |
|        1 |        182 |          1273.80 |      1273.80 |      1298.00 |                  5.00 |                    5.00 |    428 |    20.8522 |
|        1 |        183 |          1273.80 |      1273.80 |      1298.00 |                  5.00 |                    5.00 |    428 |    20.8953 |
|        1 |        184 |          1273.80 |      1273.80 |      1298.00 |                  5.00 |                    5.00 |    428 |    20.9447 |
|        1 |        185 |          1273.80 |      1273.80 |      1298.00 |                  5.00 |                    5.00 |    428 |    20.9962 |
|        1 |        186 |          1273.80 |      1273.80 |      1297.80 |                  5.00 |                    5.00 |    429 |    21.0603 |
|        1 |        187 |          1273.80 |      1273.80 |      1297.80 |                  5.00 |                    5.00 |    429 |    21.1089 |
|        1 |        188 |          1273.80 |      1273.80 |      1297.80 |                  5.00 |                    5.00 |    431 |    21.1655 |
|        1 |        189 |          1273.80 |      1273.80 |      1294.60 |                  5.00 |                    5.00 |    433 |    21.2179 |
|        1 |        190 |          1273.80 |      1273.80 |      1311.50 |                  5.00 |                    5.00 |    434 |    21.2696 |
|        1 |        191 |          1273.80 |      1273.80 |      1295.80 |                  5.00 |                    5.00 |    435 |    21.3194 |
|        1 |        192 |          1273.80 |      1273.80 |      1296.00 |                  5.00 |                    5.00 |    435 |    21.3669 |
|        1 |        193 |          1273.80 |      1273.80 |      1295.10 |                  5.00 |                    5.00 |    436 |    21.4301 |
|        1 |        194 |          1273.80 |      1273.80 |      1295.10 |                  5.00 |                    5.00 |    436 |    21.4730 |
|        1 |        195 |          1273.80 |      1273.80 |      1295.10 |                  5.00 |                    5.00 |    436 |    21.5218 |
|        1 |        196 |          1273.80 |      1273.80 |      1279.70 |                  5.00 |                    5.00 |    437 |    21.5707 |
|        1 |        197 |          1273.80 |      1273.80 |      1298.00 |                  5.00 |                    5.00 |    439 |    21.6099 |
|        1 |        198 |          1273.80 |      1273.80 |      1326.30 |                  5.00 |                    5.00 |    442 |    21.6604 |
|        1 |        199 |          1273.80 |      1273.80 |      1317.40 |                  5.00 |                    5.00 |    446 |    21.7312 |
|        1 |        200 |          1273.80 |      1273.80 |      1323.30 |                  5.00 |                    5.00 |    450 |    21.8106 |
|        1 |        201 |          1273.80 |      1273.80 |      1323.30 |                  5.00 |                    5.00 |    450 |    21.8600 |
|        1 |        202 |          1273.80 |      1273.80 |      1323.30 |                  5.00 |                    5.00 |    450 |    21.9133 |
|        1 |        203 |          1273.80 |      1273.80 |      1323.30 |                  5.00 |                    5.00 |    450 |    21.9554 |
|        1 |        204 |          1273.80 |      1273.80 |      1323.30 |                  5.00 |                    5.00 |    450 |    22.0002 |
|        1 |        205 |          1273.80 |      1273.80 |      1307.80 |                  5.00 |                    5.00 |    452 |    22.0516 |
|        1 |        206 |          1273.80 |      1273.80 |      1320.00 |                  5.00 |                    5.00 |    454 |    22.0994 |
|        1 |        207 |          1273.80 |      1273.80 |      1320.00 |                  5.00 |                    5.00 |    454 |    22.1510 |
|        1 |        208 |          1273.80 |      1273.80 |      1318.60 |                  5.00 |                    5.00 |    456 |    22.2318 |
|        1 |        209 |          1273.80 |      1273.80 |      1318.60 |                  5.00 |                    5.00 |    456 |    22.2762 |
|        1 |        210 |          1273.80 |      1273.80 |      1320.00 |                  5.00 |                    5.00 |    456 |    22.3202 |
|        1 |        211 |          1273.80 |      1273.80 |      1307.00 |                  5.00 |                    5.00 |    457 |    22.3807 |
|        1 |        212 |          1273.80 |      1273.80 |      1301.50 |                  5.00 |                    5.00 |    460 |    22.4530 |
|        1 |        213 |          1273.80 |      1273.80 |      1282.90 |                  5.00 |                    5.00 |    462 |    22.4945 |
|        1 |        214 |          1273.80 |      1273.80 |      1282.80 |                  5.00 |                    5.00 |    462 |    22.5347 |
|        1 |        215 |          1273.80 |      1273.80 |      1282.80 |                  5.00 |                    5.00 |    462 |    22.5812 |
|        1 |        216 |          1273.80 |      1273.80 |      1281.80 |                  5.00 |                    5.00 |    462 |    22.6281 |
|        1 |        217 |          1273.80 |      1273.80 |      1286.40 |                  5.00 |                    5.00 |    463 |    22.6670 |
|        1 |        218 |          1273.80 |      1273.80 |      1295.40 |                  5.00 |                    5.00 |    463 |    22.7143 |
|        1 |        219 |          1273.80 |      1273.80 |      1288.50 |                  5.00 |                    5.00 |    463 |    22.7933 |
|        1 |        220 |          1273.80 |      1273.80 |      1307.10 |                  5.00 |                    5.00 |    463 |    22.8410 |
|        1 |        221 |          1273.80 |      1273.80 |      1293.50 |                  5.00 |                    5.00 |    466 |    22.8918 |
|        1 |        222 |          1273.80 |      1273.80 |      1297.00 |                  5.00 |                    5.00 |    467 |    22.9467 |
|        1 |        223 |          1273.80 |      1273.80 |      1293.50 |                  5.00 |                    5.00 |    467 |    23.0068 |
|        1 |        224 |          1273.80 |      1273.80 |      1293.50 |                  5.00 |                    5.00 |    467 |    23.0594 |
|        1 |        225 |          1273.80 |      1273.80 |      1318.40 |                  5.00 |                    5.00 |    470 |    23.1242 |
|        1 |        226 |          1273.80 |      1273.80 |      1318.40 |                  5.00 |                    5.00 |    470 |    23.1736 |
|        1 |        227 |          1273.80 |      1273.80 |      1275.70 |                  5.00 |                    5.00 |    470 |    23.2785 |
|        1 |        228 |          1273.80 |      1273.80 |      1275.70 |                  5.00 |                    5.00 |    470 |    23.3338 |
|        1 |        229 |          1273.80 |      1273.80 |      1275.70 |                  5.00 |                    5.00 |    470 |    23.3741 |
|        1 |        230 |          1273.80 |      1273.80 |      1275.70 |                  5.00 |                    5.00 |    470 |    23.4242 |
|        1 |        231 |          1273.80 |      1273.80 |      1290.70 |                  5.00 |                    5.00 |    470 |    23.4769 |
|        1 |        232 |          1273.80 |      1273.80 |      1275.70 |                  5.00 |                    5.00 |    470 |    23.5297 |
|        1 |        233 |          1273.80 |      1273.80 |      1275.70 |                  5.00 |                    5.00 |    470 |    23.5776 |
|        1 |        234 |          1273.80 |      1273.80 |      1327.30 |                  5.00 |                    5.00 |    473 |    23.6353 |
|        1 |        235 |          1273.80 |      1273.80 |      1327.30 |                  5.00 |                    5.00 |    473 |    23.6785 |
|        1 |        236 |          1273.80 |      1273.80 |      1309.80 |                  5.00 |                    5.00 |    474 |    23.8016 |
|        1 |        237 |          1273.80 |      1273.80 |      1302.70 |                  5.00 |                    5.00 |    474 |    23.8823 |
|        1 |        238 |          1273.80 |      1273.80 |      1301.20 |                  5.00 |                    5.00 |    474 |    23.9423 |
|        1 |        239 |          1273.80 |      1273.80 |      1301.20 |                  5.00 |                    5.00 |    474 |    23.9881 |
|        1 |        240 |          1273.80 |      1273.80 |      1311.50 |                  5.00 |                    5.00 |    475 |    24.0685 |
|        1 |        241 |          1273.80 |      1273.80 |      1311.50 |                  5.00 |                    5.00 |    475 |    24.1375 |
|        1 |        242 |          1273.80 |      1273.80 |      1313.20 |                  5.00 |                    5.00 |    475 |    24.1905 |
|        1 |        243 |          1273.80 |      1273.80 |      1313.20 |                  5.00 |                    5.00 |    475 |    24.2365 |
|        1 |        244 |          1273.80 |      1273.80 |      1302.20 |                  5.00 |                    5.00 |    475 |    24.2921 |
|        1 |        245 |          1273.80 |      1273.80 |      1302.20 |                  5.00 |                    5.00 |    475 |    24.3384 |
|        1 |        246 |          1273.80 |      1273.80 |      1296.80 |                  5.00 |                    5.00 |    475 |    24.4135 |
|        1 |        247 |          1273.80 |      1273.80 |      1317.30 |                  5.00 |                    5.00 |    477 |    24.4801 |
|        1 |        248 |          1273.80 |      1273.80 |      1314.90 |                  5.00 |                    5.00 |    477 |    24.5480 |
|        1 |        249 |          1273.80 |      1273.80 |      1314.90 |                  5.00 |                    5.00 |    477 |    24.6151 |
|        1 |        250 |          1273.80 |      1273.80 |      1314.90 |                  5.00 |                    5.00 |    477 |    24.6736 |
|        1 |        251 |          1273.80 |      1273.80 |      1287.10 |                  5.00 |                    5.00 |    477 |    24.7699 |
|        1 |        252 |          1273.80 |      1273.80 |      1300.80 |                  5.00 |                    5.00 |    479 |    24.8643 |
|        1 |        253 |          1273.80 |      1273.80 |      1289.70 |                  5.00 |                    5.00 |    479 |    24.9142 |
|        1 |        254 |          1273.80 |      1273.80 |      1294.40 |                  5.00 |                    5.00 |    479 |    24.9724 |
|        1 |        255 |          1273.80 |      1273.80 |      1293.60 |                  5.00 |                    5.00 |    479 |    25.0178 |
|        1 |        256 |          1273.80 |      1273.80 |      1328.90 |                  5.00 |                    5.00 |    479 |    25.0631 |
|        1 |        257 |          1273.80 |      1273.80 |      1328.90 |                  5.00 |                    5.00 |    479 |    25.1044 |
|        1 |        258 |          1273.80 |      1273.80 |      1353.00 |                  5.00 |                    5.00 |    479 |    25.1514 |
|        1 |        259 |          1273.80 |      1273.80 |      1358.40 |                  5.00 |                    5.00 |    479 |    25.2053 |
|        1 |        260 |          1273.80 |      1273.80 |      1358.40 |                  5.00 |                    5.00 |    479 |    25.2492 |
|        1 |        261 |          1273.80 |      1273.80 |      1358.40 |                  5.00 |                    5.00 |    479 |    25.2977 |
|        1 |        262 |          1273.80 |      1273.80 |      1305.40 |                  5.00 |                    5.00 |    480 |    25.4901 |
|        1 |        263 |          1273.80 |      1273.80 |      1286.50 |                  5.00 |                    5.00 |    480 |    25.5522 |
|        1 |        264 |          1273.80 |      1273.80 |      1276.20 |                  5.00 |                    5.00 |    481 |    25.6463 |
|        1 |        265 |          1273.80 |      1273.80 |      1291.20 |                  5.00 |                    5.00 |    481 |    25.7051 |
|        1 |        266 |          1273.80 |      1273.80 |      1286.50 |                  5.00 |                    5.00 |    481 |    25.7510 |
|        1 |        267 |          1273.80 |      1273.80 |      1286.50 |                  5.00 |                    5.00 |    481 |    25.7914 |
|        1 |        268 |          1273.80 |      1273.80 |      1286.50 |                  5.00 |                    5.00 |    481 |    25.8369 |
|        1 |        269 |          1273.80 |      1273.80 |      1286.50 |                  5.00 |                    5.00 |    481 |    25.8786 |
|        1 |        270 |          1273.80 |      1273.80 |      1286.50 |                  5.00 |                    5.00 |    481 |    25.9390 |
|        1 |        271 |          1273.80 |      1273.80 |      1276.30 |                  5.00 |                    5.00 |    481 |    26.0119 |
|        1 |        272 |          1273.80 |      1273.80 |      1279.90 |                  5.00 |                    5.00 |    481 |    26.0497 |
|        1 |        273 |          1273.80 |      1273.80 |      1279.90 |                  5.00 |                    5.00 |    481 |    26.0934 |
|        1 |        274 |          1273.80 |      1273.80 |      1297.90 |                  5.00 |                    5.00 |    482 |    26.1392 |
|        1 |        275 |          1273.80 |      1273.80 |      1297.90 |                  5.00 |                    5.00 |    482 |    26.1888 |
|        1 |        276 |          1273.80 |      1273.80 |      1297.90 |                  5.00 |                    5.00 |    482 |    26.2372 |
|        1 |        277 |          1273.80 |      1273.80 |      1289.10 |                  5.00 |                    5.00 |    482 |    26.3034 |
|        1 |        278 |          1273.80 |      1273.80 |      1279.90 |                  5.00 |                    5.00 |    482 |    26.3857 |
|        1 |        279 |          1273.80 |      1273.80 |      1294.60 |                  5.00 |                    5.00 |    483 |    26.4498 |
|        1 |        280 |          1273.80 |      1273.80 |      1304.30 |                  5.00 |                    5.00 |    484 |    26.5045 |
|        1 |        281 |          1273.80 |      1273.80 |      1304.30 |                  5.00 |                    5.00 |    484 |    26.5392 |
|        1 |        282 |          1273.80 |      1273.80 |      1304.30 |                  5.00 |                    5.00 |    484 |    26.6091 |
|        1 |        283 |          1273.80 |      1273.80 |      1333.80 |                  5.00 |                    5.00 |    486 |    26.6590 |
|        1 |        284 |          1273.80 |      1273.80 |      1289.50 |                  5.00 |                    5.00 |    487 |    26.7291 |
|        1 |        285 |          1273.80 |      1273.80 |      1304.90 |                  5.00 |                    5.00 |    487 |    26.8130 |
|        1 |        286 |          1273.80 |      1273.80 |      1303.70 |                  5.00 |                    5.00 |    487 |    26.8693 |
|        1 |        287 |          1273.80 |      1273.80 |      1289.60 |                  5.00 |                    5.00 |    487 |    26.9373 |
|        1 |        288 |          1273.80 |      1273.80 |      1289.60 |                  5.00 |                    5.00 |    487 |    26.9910 |
|        1 |        289 |          1273.80 |      1273.80 |      1304.60 |                  5.00 |                    5.00 |    487 |    27.0386 |
|        1 |        290 |          1273.80 |      1273.80 |      1289.60 |                  5.00 |                    5.00 |    487 |    27.0928 |
|        1 |        291 |          1273.80 |      1273.80 |      1301.30 |                  5.00 |                    5.00 |    489 |    27.1559 |
|        1 |        292 |          1273.80 |      1273.80 |      1292.40 |                  5.00 |                    5.00 |    489 |    27.2100 |
|        1 |        293 |          1273.80 |      1273.80 |      1328.40 |                  5.00 |                    5.00 |    493 |    27.2499 |
|        1 |        294 |          1273.80 |      1273.80 |      1368.10 |                  5.00 |                    5.00 |    496 |    27.3076 |
|        1 |        295 |          1273.80 |      1273.80 |      1352.30 |                  5.00 |                    5.00 |    496 |    27.4034 |
|        1 |        296 |          1273.80 |      1273.80 |      1349.30 |                  5.00 |                    5.00 |    496 |    27.4598 |
|        1 |        297 |          1273.80 |      1273.80 |      1359.40 |                  5.00 |                    5.00 |    499 |    27.5471 |
|        1 |        298 |          1273.80 |      1273.80 |      1306.00 |                  5.00 |                    5.00 |    501 |    27.6808 |
|        1 |        299 |          1273.80 |      1273.80 |      1302.90 |                  5.00 |                    5.00 |    501 |    27.7786 |
|        1 |        300 |          1273.80 |      1273.80 |      1316.80 |                  5.00 |                    5.00 |    503 |    27.8534 |
|        1 |        301 |          1273.80 |      1273.80 |      1316.80 |                  5.00 |                    5.00 |    503 |    27.9236 |
|        1 |        302 |          1273.80 |      1273.80 |      1336.10 |                  5.00 |                    5.00 |    503 |    27.9837 |
|        1 |        303 |          1273.80 |      1273.80 |      1346.70 |                  5.00 |                    5.00 |    504 |    28.0359 |
|        1 |        304 |          1273.80 |      1273.80 |      1346.60 |                  5.00 |                    5.00 |    506 |    28.1088 |
|        1 |        305 |          1273.80 |      1273.80 |      1365.10 |                  5.00 |                    5.00 |    510 |    28.1600 |
|        1 |        306 |          1273.80 |      1273.80 |      1341.40 |                  5.00 |                    5.00 |    510 |    28.2697 |
|        1 |        307 |          1273.80 |      1273.80 |      1331.40 |                  5.00 |                    5.00 |    510 |    28.3689 |
|        1 |        308 |          1273.80 |      1273.80 |      1331.40 |                  5.00 |                    5.00 |    510 |    28.4158 |
|        1 |        309 |          1273.80 |      1273.80 |      1368.00 |                  5.00 |                    5.00 |    513 |    28.4698 |
|        1 |        310 |          1273.80 |      1273.80 |      1368.00 |                  5.00 |                    5.00 |    513 |    28.5130 |
|        1 |        311 |          1273.80 |      1273.80 |      1365.70 |                  5.00 |                    5.00 |    513 |    28.5661 |
|        1 |        312 |          1273.80 |      1273.80 |      1365.70 |                  5.00 |                    5.00 |    513 |    28.6474 |
|        1 |        313 |          1273.80 |      1273.80 |      1388.80 |                  5.00 |                    5.00 |    515 |    28.7005 |
|        1 |        314 |          1273.80 |      1273.80 |      1367.50 |                  5.00 |                    5.00 |    515 |    28.7896 |
|        1 |        315 |          1273.80 |      1273.80 |      1367.50 |                  5.00 |                    5.00 |    515 |    28.8394 |
|        1 |        316 |          1273.80 |      1273.80 |      1312.60 |                  5.00 |                    5.00 |    519 |    29.0342 |
|        1 |        317 |          1273.80 |      1273.80 |      1298.20 |                  5.00 |                    5.00 |    521 |    29.0905 |
|        1 |        318 |          1273.80 |      1273.80 |      1282.80 |                  5.00 |                    5.00 |    521 |    29.1401 |
|        1 |        319 |          1273.80 |      1273.80 |      1282.80 |                  5.00 |                    5.00 |    521 |    29.2080 |
|        1 |        320 |          1273.80 |      1273.80 |      1295.50 |                  5.00 |                    5.00 |    521 |    29.2755 |
|        1 |        321 |          1273.80 |      1273.80 |      1295.50 |                  5.00 |                    5.00 |    521 |    29.3218 |
|        1 |        322 |          1273.80 |      1273.80 |      1313.30 |                  5.00 |                    5.00 |    522 |    29.3697 |
|        1 |        323 |          1273.80 |      1273.80 |      1300.70 |                  5.00 |                    5.00 |    524 |    29.4869 |
|        1 |        324 |          1273.80 |      1273.80 |      1313.70 |                  5.00 |                    5.00 |    525 |    29.5454 |
|        1 |        325 |          1273.80 |      1273.80 |      1316.90 |                  5.00 |                    5.00 |    527 |    29.6177 |
|        1 |        326 |          1273.80 |      1273.80 |      1327.20 |                  5.00 |                    5.00 |    527 |    29.6808 |
|        1 |        327 |          1273.80 |      1273.80 |      1292.40 |                  5.00 |                    5.00 |    528 |    29.8921 |
|        1 |        328 |          1273.80 |      1273.80 |      1308.70 |                  5.00 |                    5.00 |    528 |    29.9455 |
|        1 |        329 |          1273.80 |      1273.80 |      1304.10 |                  5.00 |                    5.00 |    528 |    30.0296 |
|        1 |        330 |          1273.80 |      1273.80 |      1304.10 |                  5.00 |                    5.00 |    528 |    30.1188 |
|        1 |        331 |          1273.80 |      1273.80 |      1305.10 |                  5.00 |                    5.00 |    528 |    30.1648 |
|        1 |        332 |          1273.80 |      1273.80 |      1295.50 |                  5.00 |                    5.00 |    529 |    30.2614 |
|        1 |        333 |          1273.80 |      1273.80 |      1294.40 |                  5.00 |                    5.00 |    530 |    30.3332 |
|        1 |        334 |          1273.80 |      1273.80 |      1294.40 |                  5.00 |                    5.00 |    530 |    30.3878 |
|        1 |        335 |          1273.80 |      1273.80 |      1292.90 |                  5.00 |                    5.00 |    532 |    30.4735 |
|        1 |        336 |          1273.80 |      1273.80 |      1289.20 |                  5.00 |                    5.00 |    532 |    30.5262 |
|        1 |        337 |          1273.80 |      1273.80 |      1288.80 |                  5.00 |                    5.00 |    532 |    30.5909 |
|        1 |        338 |          1273.80 |      1273.80 |      1288.80 |                  5.00 |                    5.00 |    532 |    30.6380 |
|        1 |        339 |          1273.80 |      1273.80 |      1304.20 |                  5.00 |                    5.00 |    532 |    30.6980 |
|        1 |        340 |          1273.80 |      1273.80 |      1314.20 |                  5.00 |                    5.00 |    532 |    30.7635 |
|        1 |        341 |          1273.80 |      1273.80 |      1305.10 |                  5.00 |                    5.00 |    532 |    30.8317 |
|        1 |        342 |          1273.80 |      1273.80 |      1305.10 |                  5.00 |                    5.00 |    532 |    30.8963 |
|        1 |        343 |          1273.80 |      1273.80 |      1305.10 |                  5.00 |                    5.00 |    532 |    30.9305 |
|        1 |        344 |          1273.80 |      1273.80 |      1351.20 |                  5.00 |                    5.00 |    534 |    30.9922 |
|        1 |        345 |          1273.80 |      1273.80 |      1339.70 |                  5.00 |                    5.00 |    535 |    31.0347 |
|        1 |        346 |          1273.80 |      1273.80 |      1303.00 |                  5.00 |                    5.00 |    535 |    31.1040 |
|        1 |        347 |          1273.80 |      1273.80 |      1303.00 |                  5.00 |                    5.00 |    535 |    31.1542 |
|        1 |        348 |          1273.80 |      1273.80 |      1300.20 |                  5.00 |                    5.00 |    535 |    31.2415 |
|        1 |        349 |          1273.80 |      1273.80 |      1342.60 |                  5.00 |                    5.00 |    537 |    31.2968 |
|        1 |        350 |          1273.80 |      1273.80 |      1342.60 |                  5.00 |                    5.00 |    537 |    31.3293 |
|        1 |        351 |          1273.80 |      1273.80 |      1300.20 |                  5.00 |                    5.00 |    537 |    31.4020 |
|        1 |        352 |          1273.80 |      1273.80 |      1284.80 |                  5.00 |                    5.00 |    537 |    31.4498 |
|        1 |        353 |          1273.80 |      1273.80 |      1284.80 |                  5.00 |                    5.00 |    537 |    31.5033 |
|        1 |        354 |          1273.80 |      1273.80 |      1299.80 |                  5.00 |                    5.00 |    539 |    31.5580 |
|        1 |        355 |          1273.80 |      1273.80 |      1299.80 |                  5.00 |                    5.26 |    539 |    31.6027 |
|        1 |        356 |          1273.80 |      1273.80 |      1300.20 |                  5.00 |                    5.00 |    539 |    31.6611 |
|        1 |        357 |          1273.80 |      1273.80 |      1296.60 |                  5.00 |                    5.00 |    539 |    31.7224 |
|        1 |        358 |          1273.80 |      1273.80 |      1300.20 |                  5.00 |                    5.00 |    539 |    31.7712 |
|        1 |        359 |          1273.80 |      1273.80 |      1300.20 |                  5.00 |                    5.00 |    539 |    31.8354 |
|        1 |        360 |          1273.80 |      1273.80 |      1300.20 |                  5.00 |                    5.00 |    539 |    31.8912 |
|        1 |        361 |          1273.80 |      1273.80 |      1298.90 |                  5.00 |                    5.00 |    540 |    31.9426 |
|        1 |        362 |          1273.80 |      1273.80 |      1318.80 |                  5.00 |                    5.00 |    540 |    31.9925 |
|        1 |        363 |          1273.80 |      1273.80 |      1322.70 |                  5.00 |                    5.00 |    545 |    32.1232 |
|        1 |        364 |          1273.80 |      1273.80 |      1323.10 |                  5.00 |                    5.00 |    546 |    32.1600 |
|        1 |        365 |          1273.80 |      1273.80 |      1323.10 |                  5.00 |                    5.00 |    546 |    32.2142 |
|        1 |        366 |          1273.80 |      1273.80 |      1294.70 |                  5.00 |                    5.00 |    546 |    32.2839 |
|        1 |        367 |          1273.80 |      1273.80 |      1294.70 |                  5.00 |                    5.00 |    546 |    32.3142 |
|        1 |        368 |          1273.80 |      1273.80 |      1293.60 |                  5.00 |                    5.00 |    546 |    32.3671 |
|        1 |        369 |          1273.80 |      1273.80 |      1293.60 |                  5.00 |                    5.00 |    546 |    32.4095 |
|        1 |        370 |          1273.80 |      1273.80 |      1292.60 |                  5.00 |                    5.00 |    546 |    32.4547 |
|        1 |        371 |          1273.80 |      1273.80 |      1292.60 |                  5.00 |                    5.00 |    546 |    32.5158 |
|        1 |        372 |          1273.80 |      1273.80 |      1283.40 |                  5.00 |                    5.00 |    547 |    32.6063 |
|        1 |        373 |          1273.80 |      1273.80 |      1283.40 |                  5.00 |                    5.00 |    547 |    32.6392 |
|        1 |        374 |          1273.80 |      1273.80 |      1297.50 |                  5.00 |                    5.00 |    549 |    32.6967 |
|        1 |        375 |          1273.80 |      1273.80 |      1300.50 |                  5.00 |                    5.00 |    551 |    32.7587 |
|        1 |        376 |          1273.80 |      1273.80 |      1300.50 |                  5.00 |                    5.00 |    551 |    32.7971 |
|        1 |        377 |          1273.80 |      1273.80 |      1300.50 |                  5.00 |                    5.00 |    551 |    32.8623 |
|        1 |        378 |          1273.80 |      1273.80 |      1300.50 |                  5.00 |                    5.00 |    551 |    32.8902 |
|        1 |        379 |          1273.80 |      1273.80 |      1297.50 |                  5.00 |                    5.00 |    551 |    32.9375 |
|        1 |        380 |          1273.80 |      1273.80 |      1351.40 |                  5.00 |                    5.00 |    554 |    32.9988 |
|        1 |        381 |          1273.80 |      1273.80 |      1379.10 |                  5.00 |                    5.00 |    557 |    33.0577 |
|        1 |        382 |          1273.80 |      1273.80 |      1379.10 |                  5.00 |                    5.00 |    557 |    33.0972 |
|        1 |        383 |          1273.80 |      1273.80 |      1379.10 |                  5.00 |                    5.00 |    557 |    33.1469 |
|        1 |        384 |          1273.80 |      1273.80 |      1353.90 |                  5.00 |                    5.00 |    559 |    33.2543 |
|        1 |        385 |          1273.80 |      1273.80 |      1368.60 |                  5.00 |                    5.00 |    559 |    33.3304 |
|        1 |        386 |          1273.80 |      1273.80 |      1368.60 |                  5.00 |                    5.00 |    559 |    33.4015 |
|        1 |        387 |          1273.80 |      1273.80 |      1372.00 |                  5.00 |                    5.00 |    559 |    33.4613 |
|        1 |        388 |          1273.80 |      1273.80 |      1355.70 |                  5.00 |                    5.00 |    559 |    33.5260 |
|        1 |        389 |          1273.80 |      1273.80 |      1355.70 |                  5.00 |                    5.00 |    559 |    33.5799 |
|        1 |        390 |          1273.80 |      1273.80 |      1361.70 |                  5.00 |                    5.00 |    561 |    33.6754 |
|        1 |        391 |          1273.80 |      1273.80 |      1416.30 |                  5.00 |                    5.00 |    564 |    33.7288 |
|        1 |        392 |          1273.80 |      1273.80 |      1416.30 |                  5.00 |                    5.00 |    564 |    33.7737 |
|        1 |        393 |          1273.80 |      1273.80 |      1418.10 |                  5.00 |                    5.00 |    568 |    33.8365 |
|        1 |        394 |          1273.80 |      1273.80 |      1418.10 |                  5.00 |                    5.00 |    568 |    33.8897 |
|        1 |        395 |          1273.80 |      1273.80 |      1344.20 |                  5.00 |                    5.00 |    568 |    34.0007 |
|        1 |        396 |          1273.80 |      1273.80 |      1344.20 |                  5.00 |                    5.00 |    568 |    34.0617 |
|        1 |        397 |          1273.80 |      1273.80 |      1378.40 |                  5.00 |                    5.00 |    568 |    34.1153 |
|        1 |        398 |          1273.80 |      1273.80 |      1378.40 |                  5.00 |                    5.00 |    568 |    34.1536 |
|        1 |        399 |          1273.80 |      1273.80 |      1394.20 |                  5.00 |                    5.00 |    573 |    34.1902 |
|        1 |        400 |          1273.80 |      1273.80 |      1387.40 |                  5.00 |                    5.00 |    573 |    34.2317 |
|        1 |        401 |          1273.80 |      1273.80 |      1414.20 |                  5.00 |                    5.00 |    574 |    34.2728 |
|        1 |        402 |          1273.80 |      1273.80 |      1417.20 |                  5.00 |                    5.00 |    575 |    34.3151 |
|        1 |        403 |          1273.80 |      1273.80 |      1417.20 |                  5.00 |                    5.00 |    575 |    34.3712 |
|        1 |        404 |          1273.80 |      1273.80 |      1417.20 |                  5.00 |                    5.00 |    575 |    34.4107 |
|        1 |        405 |          1273.80 |      1273.80 |      1422.90 |                  5.00 |                    5.00 |    578 |    34.4780 |
|        1 |        406 |          1273.80 |      1273.80 |      1417.80 |                  5.00 |                    5.00 |    578 |    34.5474 |
|        1 |        407 |          1273.80 |      1273.80 |      1405.20 |                  5.00 |                    5.00 |    578 |    34.5928 |
|        1 |        408 |          1273.80 |      1273.80 |      1404.60 |                  5.00 |                    5.00 |    578 |    34.6416 |
|        1 |        409 |          1273.80 |      1273.80 |      1406.40 |                  5.00 |                    5.00 |    578 |    34.7071 |
|        1 |        410 |          1273.80 |      1273.80 |      1439.70 |                  5.00 |                    5.00 |    578 |    34.7414 |
|        1 |        411 |          1273.80 |      1273.80 |      1423.00 |                  5.00 |                    5.00 |    578 |    34.8643 |
|        1 |        412 |          1273.80 |      1273.80 |      1425.00 |                  5.00 |                    5.00 |    578 |    34.9226 |
|        1 |        413 |          1273.80 |      1273.80 |      1397.90 |                  5.00 |                    5.00 |    580 |    35.0292 |
|        1 |        414 |          1273.80 |      1273.80 |      1349.30 |                  5.00 |                    5.00 |    581 |    35.1005 |
|        1 |        415 |          1273.80 |      1273.80 |      1368.70 |                  5.00 |                    5.00 |    582 |    35.1519 |
|        1 |        416 |          1273.80 |      1273.80 |      1355.00 |                  5.00 |                    5.00 |    587 |    35.2062 |
|        1 |        417 |          1273.80 |      1273.80 |      1341.50 |                  5.00 |                    5.00 |    590 |    35.3122 |
|        1 |        418 |          1273.80 |      1273.80 |      1341.50 |                  5.00 |                    5.00 |    590 |    35.3774 |
|        1 |        419 |          1273.80 |      1273.80 |      1332.30 |                  5.00 |                    5.00 |    590 |    35.4184 |
|        1 |        420 |          1273.80 |      1273.80 |      1339.40 |                  5.00 |                    5.00 |    592 |    35.5256 |
|        1 |        421 |          1273.80 |      1273.80 |      1339.40 |                  5.00 |                    5.00 |    594 |    35.5773 |
|        1 |        422 |          1273.80 |      1273.80 |      1334.70 |                  5.00 |                    5.00 |    595 |    35.6142 |
|        1 |        423 |          1273.80 |      1273.80 |      1334.70 |                  5.00 |                    5.00 |    595 |    35.6707 |
|        1 |        424 |          1273.80 |      1273.80 |      1367.70 |                  5.00 |                    5.00 |    596 |    35.7157 |
|        1 |        425 |          1273.80 |      1273.80 |      1347.60 |                  5.00 |                    5.00 |    596 |    35.7593 |
|        1 |        426 |          1273.80 |      1273.80 |      1347.60 |                  5.00 |                    5.00 |    596 |    35.8073 |
|        1 |        427 |          1273.80 |      1273.80 |      1345.40 |                  5.00 |                    5.00 |    598 |    35.8864 |
|        1 |        428 |          1273.80 |      1273.80 |      1345.40 |                  5.00 |                    5.00 |    598 |    35.9233 |
|        1 |        429 |          1273.80 |      1273.80 |      1350.50 |                  5.00 |                    5.00 |    600 |    35.9711 |
|        1 |        430 |          1273.80 |      1273.80 |      1306.80 |                  5.00 |                    5.00 |    600 |    36.0895 |
|        1 |        431 |          1273.80 |      1273.80 |      1305.40 |                  5.00 |                    5.00 |    600 |    36.1530 |
|        1 |        432 |          1273.80 |      1273.80 |      1326.00 |                  5.00 |                    5.00 |    600 |    36.1975 |
|        1 |        433 |          1273.80 |      1273.80 |      1345.20 |                  5.00 |                    5.00 |    602 |    36.2636 |
|        1 |        434 |          1273.80 |      1273.80 |      1320.90 |                  5.00 |                    5.00 |    605 |    36.3503 |
|        1 |        435 |          1273.80 |      1273.80 |      1317.20 |                  5.00 |                    5.00 |    607 |    36.4200 |
|        1 |        436 |          1273.80 |      1273.80 |      1317.20 |                  5.00 |                    5.00 |    607 |    36.4918 |
|        1 |        437 |          1273.80 |      1273.80 |      1317.20 |                  5.00 |                    5.00 |    607 |    36.5563 |
|        1 |        438 |          1273.80 |      1273.80 |      1317.20 |                  5.00 |                    5.00 |    607 |    36.6113 |
|        1 |        439 |          1273.80 |      1273.80 |      1317.20 |                  5.00 |                    5.00 |    607 |    36.6632 |
|        1 |        440 |          1273.80 |      1273.80 |      1317.20 |                  5.00 |                    5.00 |    607 |    36.7178 |
|        1 |        441 |          1273.80 |      1273.80 |      1317.20 |                  5.00 |                    5.00 |    607 |    36.7653 |
|        1 |        442 |          1273.80 |      1273.80 |      1299.50 |                  5.00 |                    5.00 |    607 |    36.8299 |
|        1 |        443 |          1273.80 |      1273.80 |      1299.50 |                  5.00 |                    5.00 |    607 |    36.8760 |
|        1 |        444 |          1273.80 |      1273.80 |      1294.80 |                  5.00 |                    5.00 |    607 |    36.9275 |
|        1 |        445 |          1273.80 |      1273.80 |      1299.50 |                  5.00 |                    5.00 |    607 |    36.9798 |
|        1 |        446 |          1273.80 |      1273.80 |      1299.50 |                  5.00 |                    5.00 |    607 |    37.0266 |
|        1 |        447 |          1273.80 |      1273.80 |      1299.80 |                  5.00 |                    5.00 |    607 |    37.0799 |
|        1 |        448 |          1273.80 |      1273.80 |      1334.70 |                  5.00 |                    5.00 |    608 |    37.1326 |
|        1 |        449 |          1273.80 |      1273.80 |      1331.40 |                  5.00 |                    5.00 |    608 |    37.2191 |
|        1 |        450 |          1273.80 |      1273.80 |      1363.30 |                  5.00 |                    5.00 |    609 |    37.2588 |
|        1 |        451 |          1273.80 |      1273.80 |      1374.30 |                  5.00 |                    5.00 |    609 |    37.3054 |
|        1 |        452 |          1273.80 |      1273.80 |      1374.30 |                  5.00 |                    5.00 |    609 |    37.3612 |
|        1 |        453 |          1273.80 |      1273.80 |      1366.50 |                  5.00 |                    5.00 |    609 |    37.4183 |
|        1 |        454 |          1273.80 |      1273.80 |      1343.00 |                  5.00 |                    5.00 |    609 |    37.5087 |
|        1 |        455 |          1273.80 |      1273.80 |      1360.10 |                  5.00 |                    5.00 |    609 |    37.5743 |
|        1 |        456 |          1273.80 |      1273.80 |      1337.80 |                  5.00 |                    5.00 |    609 |    37.7345 |
|        1 |        457 |          1273.80 |      1273.80 |      1337.80 |                  5.00 |                    5.00 |    609 |    37.7764 |
|        1 |        458 |          1273.80 |      1273.80 |      1327.50 |                  5.00 |                    5.00 |    610 |    37.8522 |
|        1 |        459 |          1273.80 |      1273.80 |      1351.90 |                  5.00 |                    5.00 |    610 |    37.9042 |
|        1 |        460 |          1273.80 |      1273.80 |      1351.90 |                  5.00 |                    5.00 |    610 |    37.9528 |
|        1 |        461 |          1273.80 |      1273.80 |      1351.90 |                  5.00 |                    5.00 |    610 |    38.0155 |
|        1 |        462 |          1273.80 |      1273.80 |      1361.20 |                  5.00 |                    5.00 |    610 |    38.0697 |
|        1 |        463 |          1273.80 |      1273.80 |      1354.50 |                  5.00 |                    5.00 |    611 |    38.1569 |
|        1 |        464 |          1273.80 |      1273.80 |      1330.40 |                  5.00 |                    5.00 |    611 |    38.2347 |
|        1 |        465 |          1273.80 |      1273.80 |      1330.40 |                  5.00 |                    5.00 |    611 |    38.2920 |
|        1 |        466 |          1273.80 |      1273.80 |      1330.40 |                  5.00 |                    5.00 |    611 |    38.3445 |
|        1 |        467 |          1273.80 |      1273.80 |      1326.00 |                  5.00 |                    5.00 |    612 |    38.4626 |
|        1 |        468 |          1273.80 |      1273.80 |      1321.70 |                  5.00 |                    5.00 |    613 |    38.5102 |
|        1 |        469 |          1273.80 |      1273.80 |      1342.50 |                  5.00 |                    5.00 |    614 |    38.5542 |
|        1 |        470 |          1273.80 |      1273.80 |      1342.50 |                  5.00 |                    5.00 |    614 |    38.6023 |
|        1 |        471 |          1273.80 |      1273.80 |      1322.50 |                  5.00 |                    5.00 |    615 |    38.6692 |
|        1 |        472 |          1273.80 |      1273.80 |      1309.90 |                  5.00 |                    5.00 |    615 |    38.7373 |
|        1 |        473 |          1273.80 |      1273.80 |      1331.90 |                  5.00 |                    5.00 |    615 |    38.7920 |
|        1 |        474 |          1273.80 |      1273.80 |      1313.60 |                  5.00 |                    5.00 |    615 |    38.8745 |
|        1 |        475 |          1273.80 |      1273.80 |      1348.80 |                  5.00 |                    5.00 |    617 |    38.9315 |
|        1 |        476 |          1273.80 |      1273.80 |      1354.40 |                  5.00 |                    5.00 |    620 |    39.0081 |
|        1 |        477 |          1273.80 |      1273.80 |      1302.30 |                  5.00 |                    5.00 |    620 |    39.1080 |
|        1 |        478 |          1273.80 |      1273.80 |      1302.30 |                  5.00 |                    5.00 |    620 |    39.1661 |
|        1 |        479 |          1273.80 |      1273.80 |      1302.30 |                  5.00 |                    5.00 |    620 |    39.2271 |
|        1 |        480 |          1273.80 |      1273.80 |      1302.30 |                  5.00 |                    5.00 |    620 |    39.2915 |
|        1 |        481 |          1273.80 |      1273.80 |      1302.30 |                  5.00 |                    5.00 |    620 |    39.3437 |
|        1 |        482 |          1273.80 |      1273.80 |      1302.30 |                  5.00 |                    5.00 |    620 |    39.3900 |
|        1 |        483 |          1273.80 |      1273.80 |      1294.30 |                  5.00 |                    5.00 |    620 |    39.4557 |
|        1 |        484 |          1273.80 |      1273.80 |      1294.30 |                  5.00 |                    5.00 |    620 |    39.5101 |
|        1 |        485 |          1273.80 |      1273.80 |      1294.30 |                  5.00 |                    5.00 |    620 |    39.5695 |
|        1 |        486 |          1273.80 |      1273.80 |      1298.60 |                  5.00 |                    5.00 |    620 |    39.6988 |
|        1 |        487 |          1273.80 |      1273.80 |      1315.50 |                  5.00 |                    5.00 |    620 |    39.7861 |
|        1 |        488 |          1273.80 |      1273.80 |      1331.80 |                  5.00 |                    5.00 |    620 |    39.8411 |
|        1 |        489 |          1273.80 |      1273.80 |      1302.30 |                  5.00 |                    5.00 |    620 |    39.8896 |
|        1 |        490 |          1273.80 |      1273.80 |      1302.30 |                  5.00 |                    5.00 |    620 |    39.9357 |
------------------------------------------------------------------------------------------------------------------------------------------------
|  Restart |  Iteration |  Best Feas. Cost |    Best Cost |   Curr. Cost |   Penalty Custom Res. |   Penalty Standard Res. |   Pool |   Time (s) |
------------------------------------------------------------------------------------------------------------------------------------------------
|        1 |        491 |          1273.80 |      1273.80 |      1326.90 |                  5.00 |                    5.00 |    621 |    40.0032 |
|        1 |        492 |          1273.80 |      1273.80 |      1326.90 |                  5.00 |                    5.00 |    621 |    40.0505 |
|        1 |        493 |          1273.80 |      1273.80 |      1326.90 |                  5.00 |                    5.00 |    621 |    40.1011 |
|        1 |        494 |          1273.80 |      1273.80 |      1330.60 |                  5.00 |                    5.00 |    621 |    40.1518 |
|        1 |        495 |          1273.80 |      1273.80 |      1330.60 |                  5.00 |                    5.00 |    621 |    40.2087 |
|        1 |        496 |          1273.80 |      1273.80 |      1326.90 |                  5.00 |                    5.00 |    621 |    40.3344 |
|        1 |        497 |          1273.80 |      1273.80 |      1326.90 |                  5.00 |                    5.00 |    621 |    40.3876 |
|        1 |        498 |          1273.80 |      1273.80 |      1326.90 |                  5.00 |                    5.00 |    621 |    40.4390 |
|        1 |        499 |          1273.80 |      1273.80 |      1347.50 |                  5.00 |                    5.00 |    621 |    40.4877 |
|        1 |        500 |          1273.80 |      1273.80 |      1338.40 |                  5.00 |                    5.00 |    621 |    40.5792 |
------------------------------------------------------------------------------------------------------------------------------------------------
Version identifier: 22.1.2.0 | 2024-11-26 | 0edbb82fd
CPXPARAM_MIP_Tolerances_UpperCutoff              1273.9000000000899
Tried aggregator 1 time.
MIP Presolve eliminated 19 rows and 66 columns.
MIP Presolve modified 234 coefficients.
Reduced MIP has 82 rows, 555 columns, and 4172 nonzeros.
Reduced MIP has 555 binaries, 0 generals, 0 SOSs, and 0 indicators.
Presolve time = 0.00 sec. (4.02 ticks)
Probing time = 0.01 sec. (5.49 ticks)
Tried aggregator 1 time.
Detecting symmetries...
MIP Presolve eliminated 3 rows and 4 columns.
Reduced MIP has 79 rows, 551 columns, and 4050 nonzeros.
Reduced MIP has 551 binaries, 0 generals, 0 SOSs, and 0 indicators.
Presolve time = 0.00 sec. (3.18 ticks)
Probing time = 0.00 sec. (2.39 ticks)
Clique table members: 687.
MIP emphasis: balance optimality and feasibility.
MIP search method: dynamic search.
Parallel mode: deterministic, using up to 8 threads.
Root relaxation solution time = 0.00 sec. (3.79 ticks)

        Nodes                                         Cuts/
   Node  Left     Objective  IInf  Best Integer    Best Bound    ItCnt     Gap

*     0     0      integral     0     1269.5000     1269.5000      212    0.00%
Elapsed time = 0.02 sec. (22.98 ticks, tree = 0.00 MB, solutions = 1)
objective_value(sp) = 1269.5
 44.688849 seconds (6.89 M allocations: 344.222 MiB, 0.16% gc time, 10.22% compilation time)
#1: 0 (0.0) {9.0} -> 92 (14.0) {23.7} [14.0, 134.0] -> 95 (20.0) {100.0} [100.0, 220.0] -> 63 (26.0) {129.2} [39.0, 159.0] -> 33 (36.0) {159.8} [80.0, 200.0] -> 31 (56.0) {180.2} [165.0, 285.0] -> 29 (66.0) {194.0} [194.0, 314.0] -> 27 (86.0) {209.0} [146.0, 266.0] -> 30 (96.0) {246.0} [246.0, 366.0] -> 28 (106.0) {260.0} [149.0, 269.0] -> 26 (136.0) {529.0} [529.0, 649.0] -> 34 (166.0) {550.1} [487.0, 607.0] -> 50 (196.0) {573.1} [507.0, 627.0] -> 32 (206.0) {621.0} [621.0, 741.0] -> 89 (231.0) {713.0} [713.0, 833.0] -> 48 (241.0) {748.0} [732.0, 852.0] -> 25 (261.0) {784.0} [784.0, 904.0] -> 77 (268.0) {806.1} [764.0, 884.0] -> 58 (288.0) {826.7} [782.0, 902.0] -> 0 (288.0) {883.8} [0.0, 960.0]
#2: 0 (0.0) {6.0} -> 90 (6.0) {359.0} [359.0, 479.0] -> 0 (6.0) {373.2} [0.0, 960.0]
#3: 0 (0.0) {10.0} -> 61 (9.0) {258.0} [258.0, 378.0] -> 81 (19.0) {355.0} [355.0, 475.0] -> 94 (42.0) {392.0} [392.0, 512.0] -> 96 (68.0) {562.0} [562.0, 682.0] -> 93 (71.0) {808.0} [808.0, 928.0] -> 0 (71.0) {839.0} [0.0, 960.0]
#4: 0 (0.0) {8.0} -> 71 (14.0) {241.0} [241.0, 361.0] -> 67 (23.0) {268.0} [268.0, 388.0] -> 62 (26.0) {285.0} [167.0, 287.0] -> 85 (28.0) {344.0} [344.0, 464.0] -> 76 (59.0) {365.4} [268.0, 388.0] -> 51 (78.0) {384.8} [326.0, 446.0] -> 84 (96.0) {404.0} [395.0, 515.0] -> 56 (115.0) {557.0} [557.0, 677.0] -> 91 (128.0) {719.0} [719.0, 839.0] -> 80 (141.0) {822.0} [822.0, 942.0] -> 0 (141.0) {839.6} [0.0, 960.0]
#5: 0 (0.0) {10.0} -> 5 (20.0) {73.0} [73.0, 193.0] -> 45 (30.0) {86.0} [37.0, 157.0] -> 2 (60.0) {152.0} [152.0, 272.0] -> 6 (80.0) {388.0} [388.0, 508.0] -> 7 (100.0) {401.0} [300.0, 420.0] -> 8 (110.0) {416.0} [367.0, 487.0] -> 46 (120.0) {489.0} [489.0, 609.0] -> 3 (130.0) {505.4} [471.0, 591.0] -> 1 (150.0) {673.0} [673.0, 793.0] -> 4 (190.0) {690.0} [644.0, 764.0] -> 100 (193.0) {810.0} [810.0, 930.0] -> 70 (216.0) {824.4} [810.0, 930.0] -> 0 (216.0) {854.0} [0.0, 960.0]
#6: 0 (0.0) {9.0} -> 72 (8.0) {60.0} [60.0, 180.0] -> 36 (48.0) {90.0} [43.0, 163.0] -> 39 (58.0) {107.0} [64.0, 184.0] -> 42 (68.0) {122.0} [33.0, 153.0] -> 44 (78.0) {217.0} [217.0, 337.0] -> 41 (98.0) {376.0} [376.0, 496.0] -> 38 (128.0) {392.4} [278.0, 398.0] -> 40 (158.0) {407.7} [329.0, 449.0] -> 43 (178.0) {574.0} [574.0, 694.0] -> 35 (198.0) {657.0} [657.0, 777.0] -> 37 (208.0) {670.6} [557.0, 677.0] -> 54 (224.0) {704.7} [601.0, 721.0] -> 68 (245.0) {729.7} [612.0, 732.0] -> 0 (245.0) {749.7} [0.0, 960.0]
#7: 0 (0.0) {10.0} -> 14 (10.0) {45.3} [35.0, 155.0] -> 47 (20.0) {105.0} [105.0, 225.0] -> 16 (40.0) {255.0} [255.0, 375.0] -> 15 (60.0) {267.0} [174.0, 294.0] -> 11 (100.0) {283.0} [195.0, 315.0] -> 12 (120.0) {298.0} [223.0, 343.0] -> 78 (147.0) {365.0} [365.0, 485.0] -> 73 (152.0) {382.2} [286.0, 406.0] -> 79 (182.0) {401.1} [352.0, 472.0] -> 60 (199.0) {694.0} [694.0, 814.0] -> 55 (215.0) {719.0} [599.0, 719.0] -> 0 (215.0) {743.1} [0.0, 960.0]
#8: 0 (0.0) {10.0} -> 69 (27.0) {157.0} [157.0, 277.0] -> 98 (36.0) {172.0} [172.0, 292.0] -> 88 (55.0) {260.0} [260.0, 380.0] -> 53 (60.0) {375.0} [375.0, 495.0] -> 99 (75.0) {401.1} [308.0, 428.0] -> 57 (98.0) {421.8} [397.0, 517.0] -> 86 (126.0) {440.8} [349.0, 469.0] -> 87 (139.0) {459.8} [359.0, 479.0] -> 9 (159.0) {480.9} [371.0, 491.0] -> 10 (189.0) {519.0} [519.0, 639.0] -> 13 (199.0) {653.0} [653.0, 773.0] -> 17 (219.0) {703.0} [703.0, 823.0] -> 0 (219.0) {753.3} [0.0, 960.0]
#9: 0 (0.0) {10.0} -> 82 (9.0) {152.0} [152.0, 272.0] -> 52 (12.0) {175.1} [175.0, 295.0] -> 83 (26.0) {197.1} [105.0, 225.0] -> 64 (43.0) {215.1} [191.0, 311.0] -> 23 (73.0) {251.0} [201.0, 321.0] -> 21 (83.0) {263.0} [215.0, 335.0] -> 18 (103.0) {335.0} [335.0, 455.0] -> 19 (143.0) {350.3} [254.0, 374.0] -> 49 (153.0) {440.0} [440.0, 560.0] -> 22 (193.0) {453.6} [375.0, 495.0] -> 20 (203.0) {537.0} [537.0, 657.0] -> 24 (213.0) {681.0} [681.0, 801.0] -> 0 (213.0) {726.0} [0.0, 960.0]
#10: 0 (0.0) {10.0} -> 65 (16.0) {21.1} [11.0, 131.0] -> 59 (35.0) {63.1} [42.0, 162.0] -> 75 (51.0) {232.0} [232.0, 352.0] -> 97 (86.0) {547.0} [547.0, 667.0] -> 74 (94.0) {645.0} [645.0, 765.0] -> 66 (110.0) {682.0} [566.0, 686.0] -> 0 (110.0) {705.0} [0.0, 960.0]

Dist: 1269.5. Cost: 1269.5

Root node processing (before b&c):
  Real time             =    0.02 sec. (23.00 ticks)
Parallel b&c, 8 threads:
  Real time             =    0.00 sec. (0.00 ticks)
  Sync time (average)   =    0.00 sec.
  Wait time (average)   =    0.00 sec.
                          ------------
Total (root+branch&cut) =    0.02 sec. (23.00 ticks)
