Solving instance /mnt/c/Users/bruno.mattos/OneDrive - americanas s.a/Documentos/GitHub/GenericILS/TWRD/100/RC207_100_020.vrptwrd...
------------------------------------------------------------------------------------------------------------------------------------------------
|  Restart |  Iteration |  Best Feas. Cost |    Best Cost |   Curr. Cost |   Penalty Custom Res. |   Penalty Standard Res. |   Pool |   Time (s) |
------------------------------------------------------------------------------------------------------------------------------------------------
|        1 |          0 |          1143.70 |      1143.70 |      1143.70 |                  5.00 |                    5.00 |     15 |     0.3159 |
|        1 |          0 |          1092.10 |      1092.10 |      1092.10 |                  5.00 |                    5.00 |     18 |     0.9445 |
|        1 |          0 |          1086.40 |      1086.40 |      1086.40 |                  5.00 |                    5.00 |     24 |     1.0840 |
|        1 |          1 |          1086.40 |      1086.40 |      1086.40 |                  5.00 |                    5.47 |     25 |     1.1421 |
|        1 |          0 |          1085.90 |      1085.90 |      1085.90 |                  5.00 |                    5.00 |     27 |     1.2125 |
|        1 |          1 |          1085.90 |      1055.26 |      1055.26 |                  5.00 |                   12.00 |     30 |     1.3036 |
|        1 |          2 |          1085.90 |      1055.26 |      1055.26 |                  5.00 |                    8.11 |     30 |     1.3400 |
|        1 |          3 |          1085.90 |      1055.26 |      1055.47 |                  5.00 |                   14.29 |     30 |     1.3881 |
|        1 |          4 |          1085.90 |      1055.26 |      1056.04 |                  5.00 |                   22.12 |     30 |     1.4327 |
|        1 |          0 |          1045.00 |      1045.00 |      1045.00 |                  5.00 |                   13.34 |     34 |     1.5257 |
|        1 |          1 |          1045.00 |      1045.00 |      1045.00 |                  5.00 |                    6.28 |     34 |     1.5879 |
|        1 |          0 |          1026.20 |      1026.20 |      1026.20 |                  5.00 |                    5.00 |     37 |     1.7133 |
|        1 |          0 |          1025.20 |      1025.20 |      1025.20 |                  5.00 |                    5.00 |     40 |     1.8545 |
|        1 |          0 |          1009.80 |      1009.80 |      1009.80 |                  5.00 |                    5.00 |     41 |     1.9104 |
|        1 |          1 |          1009.80 |      1009.80 |      1009.80 |                  5.00 |                    5.00 |     41 |     2.0139 |
|        1 |          2 |          1009.80 |      1009.80 |      1014.70 |                  5.00 |                    5.00 |     44 |     2.0585 |
|        1 |          0 |          1002.20 |      1002.20 |      1002.20 |                  5.00 |                    5.00 |     48 |     2.1686 |
|        1 |          0 |           990.40 |       990.40 |       990.40 |                  5.00 |                    5.00 |     51 |     2.2520 |
|        1 |          1 |           990.40 |       990.40 |       990.40 |                  5.00 |                    5.00 |     51 |     2.2986 |
|        1 |          2 |           990.40 |       984.40 |       984.40 |                  5.00 |                    6.27 |     51 |     2.3970 |
|        1 |          3 |           990.40 |       984.40 |       987.20 |                  5.00 |                    7.72 |     52 |     2.4426 |
|        1 |          4 |           990.40 |       984.40 |       984.40 |                  5.00 |                    8.85 |     52 |     2.4950 |
|        1 |          5 |           990.40 |       984.40 |      1009.40 |                  5.00 |                    5.86 |     53 |     2.5799 |
|        1 |          6 |           990.40 |       984.40 |      1002.60 |                  5.00 |                    6.79 |     56 |     2.6350 |
|        1 |          7 |           990.40 |       984.40 |      1018.30 |                  5.00 |                    5.00 |     58 |     2.7313 |
|        1 |          8 |           990.40 |       984.40 |      1001.20 |                  5.00 |                    7.88 |     62 |     2.8386 |
|        1 |          9 |           990.40 |       984.40 |      1001.70 |                  5.00 |                    8.30 |     63 |     2.9604 |
|        1 |         10 |           990.40 |       984.40 |      1002.00 |                  5.00 |                    9.32 |     65 |     3.0105 |
|        1 |         11 |           990.40 |       984.40 |      1016.50 |                  5.00 |                    5.00 |     69 |     3.0646 |
|        1 |         12 |           990.40 |       984.40 |      1016.50 |                  5.00 |                    5.00 |     70 |     3.1094 |
|        1 |         13 |           990.40 |       984.40 |      1016.50 |                  5.00 |                    5.00 |     70 |     3.1522 |
|        1 |         14 |           990.40 |       984.40 |      1015.40 |                  5.00 |                    5.00 |     71 |     3.2045 |
|        1 |         15 |           990.40 |       984.40 |      1014.70 |                  5.00 |                    5.00 |     73 |     3.3258 |
|        1 |         16 |           990.40 |       984.40 |      1000.90 |                  5.00 |                    5.97 |     73 |     3.4021 |
|        1 |         17 |           990.40 |       984.40 |      1000.90 |                  5.00 |                    6.64 |     73 |     3.4517 |
|        1 |         18 |           990.40 |       984.40 |       992.90 |                  5.00 |                    7.30 |     77 |     3.5318 |
|        1 |         19 |           990.40 |       984.40 |       991.10 |                  5.00 |                    7.35 |     77 |     3.5858 |
|        1 |         20 |           990.40 |       984.40 |       985.30 |                  5.00 |                    8.15 |     78 |     3.6895 |
|        1 |         21 |           990.40 |       984.40 |       999.60 |                  5.00 |                    8.71 |     80 |     3.7464 |
|        1 |         22 |           990.40 |       984.40 |      1002.80 |                  5.00 |                    8.25 |     82 |     3.8256 |
|        1 |         23 |           990.40 |       984.40 |      1002.80 |                  5.00 |                    8.39 |     82 |     3.8873 |
|        1 |         24 |           990.40 |       984.40 |      1009.60 |                  5.00 |                    8.02 |     85 |     3.9666 |
|        1 |         25 |           990.40 |       984.40 |      1023.00 |                  5.00 |                    8.30 |     91 |     4.0499 |
|        1 |         26 |           990.40 |       984.40 |      1038.90 |                  5.00 |                    8.68 |     95 |     4.1252 |
|        1 |         27 |           990.40 |       984.40 |      1046.90 |                  5.00 |                    5.00 |     96 |     4.2176 |
|        1 |         28 |           990.40 |       984.40 |      1038.70 |                  5.00 |                    6.21 |     98 |     4.2676 |
|        1 |         29 |           990.40 |       984.40 |      1036.10 |                  5.00 |                    5.00 |    102 |     4.3377 |
|        1 |         30 |           990.40 |       984.40 |      1006.30 |                  5.00 |                    5.00 |    104 |     4.4336 |
|        1 |         31 |           990.40 |       984.40 |      1014.40 |                  5.00 |                    6.47 |    107 |     4.4700 |
|        1 |         32 |           990.40 |       984.40 |      1004.40 |                  5.00 |                    5.00 |    108 |     4.5354 |
|        1 |         33 |           990.40 |       984.40 |      1052.90 |                  5.00 |                    5.00 |    109 |     4.5959 |
|        1 |         34 |           990.40 |       984.40 |      1012.60 |                  5.00 |                    7.64 |    111 |     4.6893 |
|        1 |         35 |           990.40 |       984.40 |       991.30 |                  5.00 |                    8.55 |    113 |     4.8054 |
|        1 |         36 |           990.40 |       984.40 |       991.30 |                  5.00 |                    9.32 |    113 |     4.8815 |
|        1 |         37 |           990.40 |       984.40 |       991.30 |                  5.00 |                    8.74 |    113 |     4.9476 |
|        1 |         38 |           990.40 |       984.40 |       998.00 |                  5.00 |                    8.20 |    114 |     5.0074 |
|        1 |         39 |           990.40 |       984.40 |      1009.30 |                  5.00 |                    8.01 |    117 |     5.0640 |
|        1 |         40 |           990.40 |       984.40 |      1009.30 |                  5.00 |                    8.40 |    117 |     5.1356 |
|        1 |         41 |           990.40 |       984.40 |      1004.00 |                  5.00 |                    6.01 |    118 |     5.2244 |
|        1 |         42 |           990.40 |       984.40 |      1017.70 |                  5.00 |                    6.94 |    120 |     5.3718 |
|        1 |         43 |           990.40 |       984.40 |      1004.30 |                  5.00 |                    6.58 |    121 |     5.4408 |
|        1 |         44 |           990.40 |       984.40 |      1015.60 |                  5.00 |                    7.40 |    121 |     5.4927 |
|        1 |         45 |           990.40 |       984.40 |       987.70 |                  5.00 |                    6.13 |    123 |     5.6084 |
|        1 |         46 |           990.40 |       984.40 |       987.70 |                  5.00 |                    5.00 |    123 |     5.6718 |
|        1 |         47 |           990.40 |       984.40 |      1039.30 |                  5.00 |                    5.00 |    126 |     5.7582 |
|        1 |         48 |           990.40 |       984.40 |      1051.50 |                  5.00 |                    5.00 |    128 |     5.8231 |
|        1 |         49 |           990.40 |       984.40 |      1051.50 |                  5.00 |                    5.00 |    128 |     5.8978 |
|        1 |         50 |           990.40 |       984.40 |      1054.50 |                  5.00 |                    5.00 |    131 |     5.9799 |
|        1 |         51 |           990.40 |       984.40 |      1055.40 |                  5.00 |                    5.00 |    132 |     6.0458 |
|        1 |         52 |           990.40 |       984.40 |      1045.10 |                  5.00 |                    6.41 |    134 |     6.1290 |
|        1 |         53 |           990.40 |       984.40 |      1043.50 |                  5.00 |                    6.51 |    135 |     6.1917 |
|        1 |         54 |           990.40 |       984.40 |      1043.40 |                  5.00 |                    7.23 |    135 |     6.2552 |
|        1 |         55 |           990.40 |       984.40 |      1069.10 |                  5.00 |                    7.65 |    137 |     6.3177 |
|        1 |         56 |           990.40 |       984.40 |      1073.20 |                  5.00 |                    6.54 |    139 |     6.4371 |
|        1 |         57 |           990.40 |       984.40 |      1041.42 |                  5.00 |                    9.32 |    140 |     6.5422 |
|        1 |         58 |           990.40 |       984.40 |      1041.80 |                  5.00 |                    5.00 |    141 |     6.6246 |
|        1 |         59 |           990.40 |       984.40 |      1083.90 |                  5.00 |                    6.10 |    145 |     6.7110 |
|        1 |         60 |           990.40 |       984.40 |      1083.90 |                  5.00 |                    5.00 |    145 |     6.7762 |
|        1 |         61 |           990.40 |       984.40 |      1083.90 |                  5.00 |                    5.00 |    145 |     6.8541 |
|        1 |         62 |           990.40 |       984.40 |      1083.90 |                  5.00 |                    5.00 |    145 |     6.9221 |
|        1 |         63 |           990.40 |       984.40 |      1083.90 |                  5.00 |                    5.00 |    145 |     6.9808 |
|        1 |         64 |           990.40 |       984.40 |      1083.90 |                  5.00 |                    5.00 |    145 |     7.0193 |
|        1 |         65 |           990.40 |       984.40 |      1081.00 |                  5.00 |                    5.52 |    147 |     7.1082 |
|        1 |         66 |           990.40 |       984.40 |      1081.00 |                  5.00 |                    5.00 |    147 |     7.1459 |
|        1 |         67 |           990.40 |       984.40 |      1080.20 |                  5.00 |                    5.52 |    149 |     7.2043 |
|        1 |         68 |           990.40 |       984.40 |      1056.40 |                  5.00 |                    5.00 |    152 |     7.2641 |
|        1 |         69 |           990.40 |       984.40 |      1056.40 |                  5.00 |                    5.00 |    152 |     7.3127 |
|        1 |         70 |           990.40 |       984.40 |      1056.40 |                  5.00 |                    5.00 |    152 |     7.3646 |
|        1 |         71 |           990.40 |       984.40 |      1054.90 |                  5.00 |                    5.00 |    153 |     7.4416 |
|        1 |         72 |           990.40 |       984.40 |      1054.90 |                  5.00 |                    5.00 |    153 |     7.4903 |
|        1 |         73 |           990.40 |       984.40 |      1050.90 |                  5.00 |                    5.00 |    157 |     7.5854 |
|        1 |         74 |           990.40 |       984.40 |      1050.90 |                  5.00 |                    5.00 |    157 |     7.6398 |
|        1 |         75 |           990.40 |       984.40 |      1050.90 |                  5.00 |                    5.00 |    157 |     7.6947 |
|        1 |         76 |           990.40 |       984.40 |      1134.60 |                  5.00 |                    5.00 |    162 |     7.7579 |
|        1 |         77 |           990.40 |       984.40 |      1050.90 |                  5.00 |                    5.00 |    162 |     7.8434 |
|        1 |         78 |           990.40 |       984.40 |      1050.90 |                  5.00 |                    5.00 |    162 |     7.8952 |
|        1 |         79 |           990.40 |       984.40 |      1034.90 |                  5.00 |                    5.00 |    164 |     7.9648 |
|        1 |         80 |           990.40 |       984.40 |      1055.10 |                  5.00 |                    5.00 |    166 |     8.0722 |
|        1 |         81 |           990.40 |       984.40 |      1056.30 |                  5.00 |                    5.00 |    168 |     8.1738 |
|        1 |         82 |           990.40 |       984.40 |      1056.30 |                  5.00 |                    5.00 |    168 |     8.3029 |
|        1 |         83 |           990.40 |       984.40 |      1093.80 |                  5.00 |                    5.00 |    171 |     8.3666 |
|        1 |         84 |           990.40 |       984.40 |      1093.80 |                  5.00 |                    5.00 |    171 |     8.4307 |
|        1 |         85 |           990.40 |       984.40 |      1093.80 |                  5.00 |                    5.00 |    171 |     8.4996 |
|        1 |         86 |           990.40 |       984.40 |      1056.30 |                  5.00 |                    5.00 |    171 |     8.5517 |
|        1 |         87 |           990.40 |       984.40 |      1056.30 |                  5.00 |                    5.00 |    171 |     8.6720 |
|        1 |         88 |           990.40 |       984.40 |      1057.90 |                  5.00 |                    5.00 |    171 |     8.8268 |
|        1 |         89 |           990.40 |       984.40 |      1042.65 |                  5.00 |                    5.00 |    176 |     9.0553 |
|        1 |         90 |           990.40 |       984.40 |      1028.80 |                  5.00 |                    5.00 |    179 |     9.1757 |
|        1 |         91 |           990.40 |       984.40 |      1029.20 |                  5.00 |                    5.00 |    180 |     9.2578 |
|        1 |         92 |           990.40 |       984.40 |      1028.80 |                  5.00 |                    5.00 |    180 |     9.3256 |
|        1 |         93 |           990.40 |       984.40 |      1034.10 |                  5.00 |                    5.00 |    184 |     9.4032 |
|        1 |         94 |           990.40 |       984.40 |      1034.10 |                  5.00 |                    5.00 |    184 |     9.5036 |
|        1 |         95 |           990.40 |       984.40 |      1028.30 |                  5.00 |                    5.00 |    188 |     9.5809 |
|        1 |          0 |           989.20 |       984.40 |       989.20 |                  5.00 |                    5.00 |    189 |     9.6627 |
|        1 |          1 |           989.20 |       984.40 |       989.20 |                  5.00 |                    5.00 |    189 |     9.7165 |
|        1 |          2 |           989.20 |       984.40 |       995.90 |                  5.00 |                    5.00 |    190 |     9.8392 |
|        1 |          3 |           989.20 |       984.40 |       996.60 |                  5.00 |                    5.00 |    190 |     9.9085 |
|        1 |          4 |           989.20 |       984.40 |       994.50 |                  5.00 |                    5.00 |    195 |     9.9997 |
|        1 |          5 |           989.20 |       984.40 |       994.50 |                  5.00 |                    5.00 |    195 |    10.0558 |
|        1 |          6 |           989.20 |       984.40 |       990.50 |                  5.00 |                    5.00 |    195 |    10.1419 |
|        1 |          7 |           989.20 |       984.40 |       990.50 |                  5.00 |                    5.00 |    195 |    10.2238 |
|        1 |          8 |           989.20 |       984.40 |      1004.10 |                  5.00 |                    5.00 |    197 |    10.3267 |
|        1 |          9 |           989.20 |       984.40 |      1004.10 |                  5.00 |                    5.00 |    197 |    10.3745 |
|        1 |         10 |           989.20 |       984.40 |      1004.80 |                  5.00 |                    5.00 |    197 |    10.4681 |
|        1 |         11 |           989.20 |       984.40 |      1009.00 |                  5.00 |                    5.00 |    200 |    10.5897 |
|        1 |         12 |           989.20 |       984.40 |      1004.10 |                  5.00 |                    5.00 |    200 |    10.6974 |
|        1 |         13 |           989.20 |       984.40 |       999.40 |                  5.00 |                    5.00 |    201 |    10.8787 |
|        1 |         14 |           989.20 |       984.40 |      1000.10 |                  5.00 |                    5.00 |    201 |    10.9585 |
|        1 |         15 |           989.20 |       984.40 |      1000.10 |                  5.00 |                    5.00 |    201 |    11.0162 |
|        1 |         16 |           989.20 |       984.40 |      1000.10 |                  5.00 |                    5.00 |    201 |    11.0803 |
|        1 |         17 |           989.20 |       984.40 |      1000.10 |                  5.00 |                    5.00 |    201 |    11.1315 |
|        1 |         18 |           989.20 |       984.40 |      1004.90 |                  5.00 |                    5.00 |    204 |    11.1879 |
|        1 |         19 |           989.20 |       984.40 |       991.60 |                  5.00 |                    5.00 |    205 |    11.2484 |
|        1 |         20 |           989.20 |       984.40 |       991.60 |                  5.00 |                    5.00 |    205 |    11.2983 |
|        1 |         21 |           989.20 |       984.40 |      1052.10 |                  5.00 |                    5.00 |    207 |    11.3898 |
|        1 |         22 |           989.20 |       984.40 |      1056.90 |                  5.00 |                    5.00 |    210 |    11.4802 |
|        1 |         23 |           989.20 |       984.40 |      1045.80 |                  5.00 |                    5.00 |    211 |    11.5507 |
|        1 |         24 |           989.20 |       984.40 |      1045.80 |                  5.00 |                    5.00 |    211 |    11.6209 |
|        1 |         25 |           989.20 |       984.40 |      1008.10 |                  5.00 |                    5.00 |    212 |    11.8071 |
|        1 |         26 |           989.20 |       984.40 |      1068.50 |                  5.00 |                    5.00 |    217 |    11.9159 |
|        1 |         27 |           989.20 |       984.40 |      1058.80 |                  5.00 |                    5.00 |    222 |    12.0449 |
|        1 |         28 |           989.20 |       984.40 |      1053.90 |                  5.00 |                    5.00 |    226 |    12.2191 |
|        1 |         29 |           989.20 |       984.40 |      1053.80 |                  5.00 |                    5.00 |    227 |    12.4004 |
|        1 |         30 |           989.20 |       984.40 |      1086.50 |                  5.00 |                    6.40 |    229 |    12.5133 |
|        1 |         31 |           989.20 |       984.40 |      1117.20 |                  5.00 |                    5.00 |    231 |    12.5782 |
|        1 |         32 |           989.20 |       984.40 |      1126.10 |                  5.00 |                    5.00 |    236 |    12.6959 |
|        1 |         33 |           989.20 |       984.40 |      1044.90 |                  5.00 |                    5.00 |    236 |    12.7863 |
|        1 |         34 |           989.20 |       984.40 |      1044.90 |                  5.00 |                    5.00 |    236 |    12.8756 |
|        1 |         35 |           989.20 |       984.40 |      1040.80 |                  5.00 |                    5.00 |    236 |    12.9680 |
|        1 |         36 |           989.20 |       984.40 |      1040.80 |                  5.00 |                    5.00 |    236 |    13.0258 |
|        1 |         37 |           989.20 |       984.40 |      1040.80 |                  5.00 |                    5.00 |    236 |    13.0891 |
|        1 |         38 |           989.20 |       984.40 |      1041.20 |                  5.00 |                    5.00 |    236 |    13.1585 |
|        1 |         39 |           989.20 |       984.40 |      1041.20 |                  5.00 |                    5.00 |    236 |    13.2386 |
|        1 |         40 |           989.20 |       984.40 |      1041.20 |                  5.00 |                    5.00 |    236 |    13.3578 |
|        1 |         41 |           989.20 |       984.40 |      1041.20 |                  5.00 |                    5.00 |    236 |    13.4842 |
|        1 |         42 |           989.20 |       984.40 |      1041.20 |                  5.00 |                    5.00 |    236 |    13.5877 |
|        1 |         43 |           989.20 |       984.40 |      1041.20 |                  5.00 |                    5.00 |    236 |    13.7180 |
|        1 |         44 |           989.20 |       984.40 |      1040.20 |                  5.00 |                    5.00 |    238 |    13.9087 |
|        1 |         45 |           989.20 |       984.40 |      1032.30 |                  5.00 |                    5.00 |    239 |    14.0011 |
|        1 |         46 |           989.20 |       984.40 |      1041.20 |                  5.00 |                    5.00 |    239 |    14.0787 |
|        1 |         47 |           989.20 |       984.40 |      1041.20 |                  5.00 |                    5.00 |    239 |    14.1686 |
|        1 |         48 |           989.20 |       984.40 |      1043.50 |                  5.00 |                    5.00 |    239 |    14.2608 |
|        1 |         49 |           989.20 |       984.40 |      1036.60 |                  5.00 |                    5.00 |    241 |    14.4514 |
|        1 |         50 |           989.20 |       984.40 |      1041.22 |                  5.00 |                    7.51 |    246 |    14.5339 |
|        1 |         51 |           989.20 |       984.40 |      1042.12 |                  5.00 |                    8.03 |    246 |    14.6102 |
|        1 |         52 |           989.20 |       984.40 |      1041.17 |                  5.00 |                    9.74 |    249 |    14.7444 |
|        1 |         53 |           989.20 |       984.40 |      1028.42 |                  5.00 |                   11.08 |    253 |    14.9391 |
|        1 |         54 |           989.20 |       984.40 |      1020.40 |                  5.00 |                    9.12 |    255 |    15.0168 |
|        1 |         55 |           989.20 |       984.40 |      1020.40 |                  5.00 |                    9.18 |    255 |    15.0637 |
|        1 |         56 |           989.20 |       984.40 |      1065.70 |                  5.00 |                   10.31 |    259 |    15.1149 |
|        1 |         57 |           989.20 |       984.40 |      1052.40 |                  5.00 |                    6.61 |    261 |    15.1955 |
|        1 |         58 |           989.20 |       984.40 |      1064.80 |                  5.00 |                    5.00 |    265 |    15.2497 |
|        1 |         59 |           989.20 |       984.40 |      1064.80 |                  5.00 |                    5.00 |    265 |    15.2834 |
|        1 |         60 |           989.20 |       984.40 |      1064.80 |                  5.00 |                    5.00 |    265 |    15.3652 |
|        1 |         61 |           989.20 |       984.40 |      1064.80 |                  5.00 |                    5.00 |    265 |    15.4178 |
|        1 |         62 |           989.20 |       984.40 |      1064.80 |                  5.00 |                    5.00 |    265 |    15.4949 |
|        1 |         63 |           989.20 |       984.40 |      1064.80 |                  5.00 |                    5.00 |    265 |    15.5575 |
|        1 |         64 |           989.20 |       984.40 |      1064.80 |                  5.00 |                    5.00 |    265 |    15.6236 |
|        1 |         65 |           989.20 |       984.40 |      1064.80 |                  5.00 |                    5.00 |    265 |    15.6690 |
|        1 |         66 |           989.20 |       984.40 |      1064.80 |                  5.00 |                    5.00 |    265 |    15.7299 |
|        1 |         67 |           989.20 |       984.40 |      1064.80 |                  5.00 |                    5.26 |    265 |    15.8011 |
|        1 |         68 |           989.20 |       984.40 |      1064.80 |                  5.00 |                    5.00 |    265 |    15.8525 |
|        1 |         69 |           989.20 |       984.40 |      1029.60 |                  5.00 |                    5.00 |    267 |    16.0251 |
|        1 |         70 |           989.20 |       984.40 |      1029.60 |                  5.00 |                    5.00 |    267 |    16.0688 |
|        1 |         71 |           989.20 |       984.40 |      1034.40 |                  5.00 |                    5.00 |    269 |    16.1444 |
|        1 |         72 |           989.20 |       984.40 |      1023.40 |                  5.00 |                    6.01 |    271 |    16.2404 |
|        1 |         73 |           989.20 |       984.40 |      1013.20 |                  5.00 |                    6.48 |    272 |    16.3046 |
|        1 |         74 |           989.20 |       984.40 |      1013.20 |                  5.00 |                    5.26 |    272 |    16.3577 |
|        1 |         75 |           989.20 |       984.40 |      1027.00 |                  5.00 |                    5.90 |    274 |    16.4131 |
|        1 |         76 |           989.20 |       984.40 |      1024.10 |                  5.00 |                    7.26 |    275 |    16.4622 |
|        1 |         77 |           989.20 |       984.40 |      1018.30 |                  5.00 |                    5.00 |    275 |    16.5858 |
|        1 |         78 |           989.20 |       984.40 |      1019.00 |                  5.00 |                    5.00 |    275 |    16.6241 |
|        1 |         79 |           989.20 |       984.40 |      1016.20 |                  5.00 |                    5.80 |    276 |    16.6908 |
|        1 |         80 |           989.20 |       984.40 |      1007.30 |                  5.00 |                    5.00 |    277 |    16.7533 |
|        1 |         81 |           989.20 |       984.40 |       995.70 |                  5.00 |                    6.40 |    279 |    16.8044 |
|        1 |         82 |           989.20 |       984.40 |       995.70 |                  5.00 |                    5.27 |    280 |    16.8749 |
|        1 |         83 |           989.20 |       984.40 |      1005.60 |                  5.00 |                    5.00 |    280 |    16.9669 |
|        1 |         84 |           989.20 |       984.40 |      1005.60 |                  5.00 |                    5.00 |    280 |    17.0296 |
|        1 |         85 |           989.20 |       984.40 |      1005.60 |                  5.00 |                    5.00 |    280 |    17.0856 |
|        1 |         86 |           989.20 |       984.40 |      1022.60 |                  5.00 |                    5.00 |    280 |    17.2374 |
|        1 |         87 |           989.20 |       984.40 |      1022.60 |                  5.00 |                    5.00 |    280 |    17.2893 |
|        1 |         88 |           989.20 |       984.40 |      1052.40 |                  5.00 |                    5.00 |    284 |    17.3572 |
|        1 |         89 |           989.20 |       984.40 |      1022.60 |                  5.00 |                    5.00 |    284 |    17.4278 |
|        1 |         90 |           989.20 |       984.40 |      1022.60 |                  5.00 |                    5.00 |    284 |    17.4876 |
|        1 |         91 |           989.20 |       984.40 |      1005.60 |                  5.00 |                    5.00 |    284 |    17.5454 |
|        1 |         92 |           989.20 |       984.40 |      1006.50 |                  5.00 |                    5.00 |    285 |    17.6188 |
|        1 |         93 |           989.20 |       984.40 |      1010.50 |                  5.00 |                    5.00 |    286 |    17.6712 |
|        1 |         94 |           989.20 |       984.40 |      1010.50 |                  5.00 |                    5.00 |    286 |    17.7357 |
|        1 |         95 |           989.20 |       984.40 |      1001.60 |                  5.00 |                    5.52 |    286 |    17.7949 |
|        1 |         96 |           989.20 |       984.40 |       997.60 |                  5.00 |                    5.32 |    287 |    17.8959 |
|        1 |         97 |           989.20 |       984.40 |       997.60 |                  5.00 |                    5.00 |    287 |    17.9312 |
|        1 |         98 |           989.20 |       984.40 |      1020.60 |                  5.00 |                    5.00 |    291 |    17.9747 |
|        1 |         99 |           989.20 |       984.40 |       997.60 |                  5.00 |                    5.00 |    291 |    18.0727 |
|        1 |        100 |           989.20 |       984.40 |      1012.80 |                  5.00 |                    5.62 |    292 |    18.1200 |
|        1 |        101 |           989.20 |       984.40 |      1020.20 |                  5.00 |                    6.20 |    295 |    18.2406 |
|        1 |        102 |           989.20 |       984.40 |      1020.20 |                  5.00 |                    5.00 |    296 |    18.3137 |
|        1 |        103 |           989.20 |       984.40 |      1024.90 |                  5.00 |                    5.00 |    297 |    18.3946 |
|        1 |        104 |           989.20 |       984.40 |      1023.50 |                  5.00 |                    5.00 |    298 |    18.4508 |
|        1 |        105 |           989.20 |       984.40 |      1023.50 |                  5.00 |                    6.15 |    298 |    18.4920 |
|        1 |        106 |           989.20 |       984.40 |      1029.30 |                  5.00 |                    6.91 |    299 |    18.5507 |
|        1 |        107 |           989.20 |       984.40 |      1024.70 |                  5.00 |                    9.00 |    300 |    18.6227 |
|        1 |        108 |           989.20 |       984.40 |      1022.40 |                  5.00 |                    5.00 |    302 |    18.7137 |
|        1 |        109 |           989.20 |       984.40 |      1022.40 |                  5.00 |                    5.00 |    302 |    18.7655 |
|        1 |        110 |           989.20 |       984.40 |      1019.70 |                  5.00 |                    5.00 |    303 |    18.8231 |
|        1 |        111 |           989.20 |       984.40 |      1019.70 |                  5.00 |                    5.00 |    303 |    18.8858 |
|        1 |        112 |           989.20 |       984.40 |      1019.70 |                  5.00 |                    5.00 |    303 |    18.9354 |
|        1 |        113 |           989.20 |       984.40 |      1018.80 |                  5.00 |                    5.00 |    304 |    18.9874 |
|        1 |        114 |           989.20 |       984.40 |      1018.80 |                  5.00 |                    5.00 |    304 |    19.0400 |
|        1 |        115 |           989.20 |       984.40 |      1015.10 |                  5.00 |                    5.00 |    304 |    19.1170 |
|        1 |        116 |           989.20 |       984.40 |      1066.50 |                  5.00 |                    5.00 |    307 |    19.1605 |
|        1 |        117 |           989.20 |       984.40 |      1057.30 |                  5.00 |                    5.00 |    309 |    19.2702 |
|        1 |        118 |           989.20 |       984.40 |      1057.30 |                  5.00 |                    5.00 |    309 |    19.3166 |
|        1 |        119 |           989.20 |       984.40 |      1057.30 |                  5.00 |                    5.00 |    309 |    19.3782 |
|        1 |        120 |           989.20 |       984.40 |      1057.30 |                  5.00 |                    5.00 |    309 |    19.4424 |
|        1 |        121 |           989.20 |       984.40 |      1057.30 |                  5.00 |                    5.00 |    309 |    19.4939 |
|        1 |        122 |           989.20 |       984.40 |      1062.10 |                  5.00 |                    5.00 |    309 |    19.5818 |
|        1 |        123 |           989.20 |       984.40 |      1067.80 |                  5.00 |                    5.00 |    310 |    19.6382 |
|        1 |        124 |           989.20 |       984.40 |      1062.80 |                  5.00 |                    5.00 |    312 |    19.7253 |
|        1 |        125 |           989.20 |       984.40 |      1062.20 |                  5.00 |                    5.00 |    312 |    19.7815 |
|        1 |        126 |           989.20 |       984.40 |      1064.60 |                  5.00 |                    5.00 |    313 |    19.8365 |
|        1 |        127 |           989.20 |       984.40 |      1064.60 |                  5.00 |                    5.00 |    313 |    19.8926 |
------------------------------------------------------------------------------------------------------------------------------------------------
|  Restart |  Iteration |  Best Feas. Cost |    Best Cost |   Curr. Cost |   Penalty Custom Res. |   Penalty Standard Res. |   Pool |   Time (s) |
------------------------------------------------------------------------------------------------------------------------------------------------
|        1 |        128 |           989.20 |       984.40 |      1056.60 |                  5.00 |                    5.00 |    313 |    20.0003 |
|        1 |        129 |           989.20 |       984.40 |      1056.60 |                  5.00 |                    5.00 |    313 |    20.0595 |
|        1 |        130 |           989.20 |       984.40 |      1066.90 |                  5.00 |                    5.00 |    314 |    20.1723 |
|        1 |        131 |           989.20 |       984.40 |      1066.20 |                  5.00 |                    5.00 |    314 |    20.2553 |
|        1 |        132 |           989.20 |       984.40 |      1061.50 |                  5.00 |                    5.00 |    314 |    20.3578 |
|        1 |        133 |           989.20 |       984.40 |      1055.70 |                  5.00 |                    5.00 |    314 |    20.4514 |
|        1 |        134 |           989.20 |       984.40 |      1055.70 |                  5.00 |                    5.00 |    314 |    20.5172 |
|        1 |        135 |           989.20 |       984.40 |      1055.70 |                  5.00 |                    5.00 |    314 |    20.5691 |
|        1 |        136 |           989.20 |       984.40 |      1055.70 |                  5.00 |                    5.00 |    314 |    20.6296 |
|        1 |        137 |           989.20 |       984.40 |      1034.30 |                  5.00 |                    5.00 |    316 |    20.7530 |
|        1 |        138 |           989.20 |       984.40 |      1034.30 |                  5.00 |                    5.00 |    316 |    20.8385 |
|        1 |        139 |           989.20 |       984.40 |      1034.50 |                  5.00 |                    5.00 |    316 |    20.8908 |
|        1 |        140 |           989.20 |       984.40 |      1033.20 |                  5.00 |                    5.00 |    317 |    20.9323 |
|        1 |        141 |           989.20 |       984.40 |      1034.60 |                  5.00 |                    5.00 |    318 |    20.9850 |
|        1 |        142 |           989.20 |       984.40 |      1032.40 |                  5.00 |                    6.15 |    319 |    21.0346 |
|        1 |        143 |           989.20 |       984.40 |      1042.50 |                  5.00 |                    5.00 |    321 |    21.1218 |
|        1 |        144 |           989.20 |       984.40 |      1042.70 |                  5.00 |                    5.00 |    323 |    21.1774 |
|        1 |        145 |           989.20 |       984.40 |      1042.70 |                  5.00 |                    5.00 |    323 |    21.2318 |
|        1 |        146 |           989.20 |       984.40 |      1040.80 |                  5.00 |                    5.00 |    324 |    21.3077 |
|        1 |        147 |           989.20 |       984.40 |      1056.80 |                  5.00 |                    6.59 |    325 |    21.3612 |
|        1 |        148 |           989.20 |       984.40 |      1040.30 |                  5.00 |                    5.00 |    325 |    21.4350 |
|        1 |        149 |           989.20 |       984.40 |      1040.30 |                  5.00 |                    5.00 |    325 |    21.4910 |
|        1 |        150 |           989.20 |       984.40 |      1075.70 |                  5.00 |                    5.00 |    328 |    21.5573 |
|        1 |        151 |           989.20 |       984.40 |      1071.30 |                  5.00 |                    5.00 |    330 |    21.6187 |
|        1 |        152 |           989.20 |       984.40 |      1087.80 |                  5.00 |                    5.00 |    330 |    21.6657 |
|        1 |        153 |           989.20 |       984.40 |      1061.70 |                  5.00 |                    5.00 |    330 |    21.7446 |
|        1 |        154 |           989.20 |       984.40 |      1063.30 |                  5.00 |                    5.00 |    330 |    21.8002 |
|        1 |        155 |           989.20 |       984.40 |      1061.70 |                  5.00 |                    5.00 |    330 |    21.8504 |
|        1 |        156 |           989.20 |       984.40 |      1061.70 |                  5.00 |                    5.00 |    330 |    21.9009 |
|        1 |        157 |           989.20 |       984.40 |      1063.30 |                  5.00 |                    5.00 |    330 |    21.9553 |
|        1 |        158 |           989.20 |       984.40 |      1063.30 |                  5.00 |                    5.00 |    330 |    21.9987 |
|        1 |        159 |           989.20 |       984.40 |      1063.30 |                  5.00 |                    5.00 |    330 |    22.0474 |
|        1 |        160 |           989.20 |       984.40 |      1065.50 |                  5.00 |                    5.00 |    331 |    22.1074 |
|        1 |        161 |           989.20 |       984.40 |      1044.80 |                  5.00 |                    5.00 |    336 |    22.1894 |
|        1 |        162 |           989.20 |       984.40 |      1024.40 |                  5.00 |                    5.00 |    340 |    22.3105 |
|        1 |        163 |           989.20 |       984.40 |      1030.00 |                  5.00 |                    5.00 |    341 |    22.3550 |
|        1 |        164 |           989.20 |       984.40 |      1030.00 |                  5.00 |                    5.00 |    342 |    22.4181 |
|        1 |        165 |           989.20 |       984.40 |      1019.70 |                  5.00 |                    5.00 |    342 |    22.4887 |
|        1 |        166 |           989.20 |       984.40 |      1019.70 |                  5.00 |                    5.00 |    342 |    22.5318 |
|        1 |        167 |           989.20 |       984.40 |      1020.40 |                  5.00 |                    5.00 |    343 |    22.5911 |
|        1 |        168 |           989.20 |       984.40 |      1028.90 |                  5.00 |                    5.00 |    346 |    22.6356 |
|        1 |        169 |           989.20 |       984.40 |      1024.10 |                  5.00 |                    5.00 |    349 |    22.7058 |
|        1 |        170 |           989.20 |       984.40 |      1011.00 |                  5.00 |                    5.00 |    350 |    22.8012 |
|        1 |        171 |           989.20 |       984.40 |      1004.00 |                  5.00 |                    5.00 |    352 |    22.9107 |
|        1 |        172 |           989.20 |       984.40 |      1011.00 |                  5.00 |                    5.00 |    352 |    22.9939 |
|        1 |        173 |           989.20 |       984.40 |      1011.00 |                  5.00 |                    5.00 |    352 |    23.0559 |
|        1 |        174 |           989.20 |       984.40 |      1011.00 |                  5.00 |                    5.00 |    352 |    23.1252 |
|        1 |        175 |           989.20 |       984.40 |      1022.40 |                  5.00 |                    5.00 |    353 |    23.1825 |
|        1 |        176 |           989.20 |       984.40 |      1022.40 |                  5.00 |                    5.00 |    355 |    23.3067 |
|        1 |        177 |           989.20 |       984.40 |      1016.70 |                  5.00 |                    5.00 |    355 |    23.3707 |
|        1 |        178 |           989.20 |       984.40 |      1022.00 |                  5.00 |                    5.00 |    355 |    23.4193 |
|        1 |        179 |           989.20 |       984.40 |      1022.00 |                  5.00 |                    5.00 |    355 |    23.4717 |
|        1 |        180 |           989.20 |       984.40 |      1016.70 |                  5.00 |                    5.00 |    355 |    23.5358 |
|        1 |        181 |           989.20 |       984.40 |      1016.70 |                  5.00 |                    5.00 |    355 |    23.5895 |
|        1 |        182 |           989.20 |       984.40 |      1016.70 |                  5.00 |                    5.26 |    355 |    23.6464 |
|        1 |        183 |           989.20 |       984.40 |      1009.80 |                  5.00 |                    6.20 |    357 |    23.7985 |
|        1 |        184 |           989.20 |       984.40 |      1006.40 |                  5.00 |                    5.26 |    357 |    23.8606 |
|        1 |        185 |           989.20 |       984.40 |      1059.00 |                  5.00 |                    5.00 |    360 |    23.9217 |
|        1 |        186 |           989.20 |       984.40 |      1049.60 |                  5.00 |                    5.00 |    363 |    24.0241 |
|        1 |        187 |           989.20 |       984.40 |      1049.60 |                  5.00 |                    5.26 |    363 |    24.0851 |
|        1 |        188 |           989.20 |       984.40 |      1038.40 |                  5.00 |                    5.00 |    363 |    24.1707 |
|        1 |        189 |           989.20 |       984.40 |      1092.80 |                  5.00 |                    5.00 |    368 |    24.2309 |
|        1 |        190 |           989.20 |       984.40 |      1068.40 |                  5.00 |                    7.59 |    373 |    24.3024 |
|        1 |        191 |           989.20 |       984.40 |      1052.50 |                  5.00 |                    5.00 |    377 |    24.4502 |
|        1 |        192 |           989.20 |       984.40 |      1051.80 |                  5.00 |                    5.00 |    378 |    24.5317 |
|        1 |        193 |           989.20 |       984.40 |      1030.50 |                  5.00 |                    5.00 |    379 |    24.6258 |
|        1 |        194 |           989.20 |       984.40 |      1058.20 |                  5.00 |                    5.00 |    383 |    24.6844 |
|        1 |        195 |           989.20 |       984.40 |      1058.20 |                  5.00 |                    5.00 |    383 |    24.7303 |
|        1 |        196 |           989.20 |       984.40 |      1058.20 |                  5.00 |                    5.00 |    383 |    24.7705 |
|        1 |        197 |           989.20 |       984.40 |      1058.20 |                  5.00 |                    5.00 |    383 |    24.8274 |
|        1 |        198 |           989.20 |       984.40 |      1047.90 |                  5.00 |                    5.00 |    388 |    24.9032 |
|        1 |        199 |           989.20 |       984.40 |      1040.07 |                  5.00 |                    6.09 |    390 |    24.9520 |
|        1 |        200 |           989.20 |       984.40 |      1040.29 |                  5.00 |                    5.00 |    390 |    24.9989 |
|        1 |        201 |           989.20 |       984.40 |      1020.40 |                  5.00 |                    5.00 |    392 |    25.1200 |
|        1 |        202 |           989.20 |       984.40 |      1018.40 |                  5.00 |                    5.00 |    393 |    25.1937 |
|        1 |        203 |           989.20 |       984.40 |      1018.10 |                  5.00 |                    5.00 |    394 |    25.2518 |
|        1 |        204 |           989.20 |       984.40 |      1011.90 |                  5.00 |                    5.00 |    395 |    25.3238 |
|        1 |        205 |           989.20 |       984.40 |      1011.50 |                  5.00 |                    5.00 |    395 |    25.4082 |
|        1 |        206 |           989.20 |       984.40 |      1012.60 |                  5.00 |                    5.00 |    398 |    25.5205 |
|        1 |        207 |           989.20 |       984.40 |      1022.10 |                  5.00 |                    5.00 |    402 |    25.5711 |
|        1 |        208 |           989.20 |       984.40 |      1015.90 |                  5.00 |                    5.00 |    402 |    25.6436 |
|        1 |        209 |           989.20 |       984.40 |      1015.90 |                  5.00 |                    5.00 |    402 |    25.7024 |
|        1 |        210 |           989.20 |       984.40 |      1016.30 |                  5.00 |                    5.26 |    403 |    25.7537 |
|        1 |        211 |           989.20 |       984.40 |      1015.90 |                  5.00 |                    5.00 |    403 |    25.8143 |
|        1 |        212 |           989.20 |       984.40 |      1019.50 |                  5.00 |                    5.00 |    406 |    25.8862 |
|        1 |        213 |           989.20 |       984.40 |      1014.20 |                  5.00 |                    5.00 |    406 |    25.9728 |
|        1 |        214 |           989.20 |       984.40 |      1019.00 |                  5.00 |                    5.00 |    408 |    26.0359 |
|        1 |        215 |           989.20 |       984.40 |      1014.20 |                  5.00 |                    5.00 |    408 |    26.0925 |
|        1 |        216 |           989.20 |       984.40 |      1013.80 |                  5.00 |                    5.00 |    408 |    26.1406 |
|        1 |        217 |           989.20 |       984.40 |      1013.80 |                  5.00 |                    5.00 |    408 |    26.2182 |
|        1 |        218 |           989.20 |       984.40 |      1014.20 |                  5.00 |                    5.00 |    408 |    26.2824 |
|        1 |        219 |           989.20 |       984.40 |      1014.20 |                  5.00 |                    5.00 |    408 |    26.3384 |
|        1 |        220 |           989.20 |       984.40 |      1014.40 |                  5.00 |                    5.00 |    408 |    26.4181 |
|        1 |        221 |           989.20 |       984.40 |      1014.00 |                  5.00 |                    5.00 |    408 |    26.5035 |
|        1 |        222 |           989.20 |       984.40 |      1014.00 |                  5.00 |                    5.00 |    408 |    26.5570 |
|        1 |        223 |           989.20 |       984.40 |      1014.00 |                  5.00 |                    5.00 |    408 |    26.6007 |
|        1 |        224 |           989.20 |       984.40 |      1014.00 |                  5.00 |                    5.00 |    408 |    26.6440 |
|        1 |        225 |           989.20 |       984.40 |      1014.00 |                  5.00 |                    5.00 |    408 |    26.6869 |
|        1 |        226 |           989.20 |       984.40 |      1014.00 |                  5.00 |                    5.00 |    408 |    26.7777 |
|        1 |        227 |           989.20 |       984.40 |      1014.00 |                  5.00 |                    5.00 |    408 |    26.8148 |
|        1 |        228 |           989.20 |       984.40 |      1017.10 |                  5.00 |                    5.00 |    410 |    26.8545 |
|        1 |        229 |           989.20 |       984.40 |      1017.10 |                  5.00 |                    5.00 |    410 |    26.9173 |
|        1 |        230 |           989.20 |       984.40 |      1017.10 |                  5.00 |                    5.00 |    410 |    26.9701 |
|        1 |        231 |           989.20 |       984.40 |      1017.10 |                  5.00 |                    5.00 |    410 |    27.0248 |
|        1 |        232 |           989.20 |       984.40 |      1017.10 |                  5.00 |                    5.00 |    410 |    27.0764 |
|        1 |        233 |           989.20 |       984.40 |      1014.00 |                  5.00 |                    5.00 |    410 |    27.1891 |
|        1 |        234 |           989.20 |       984.40 |      1014.40 |                  5.00 |                    5.00 |    410 |    27.3047 |
|        1 |        235 |           989.20 |       984.40 |      1016.10 |                  5.00 |                    5.00 |    410 |    27.4030 |
|        1 |        236 |           989.20 |       984.40 |      1014.00 |                  5.00 |                    5.00 |    410 |    27.5012 |
|        1 |        237 |           989.20 |       984.40 |      1014.40 |                  5.00 |                    5.00 |    410 |    27.5545 |
|        1 |        238 |           989.20 |       984.40 |      1014.40 |                  5.00 |                    5.00 |    410 |    27.6007 |
|        1 |        239 |           989.20 |       984.40 |      1014.00 |                  5.00 |                    5.00 |    410 |    27.6476 |
|        1 |        240 |           989.20 |       984.40 |      1014.00 |                  5.00 |                    5.00 |    410 |    27.7043 |
|        1 |        241 |           989.20 |       984.40 |      1018.00 |                  5.00 |                    5.00 |    410 |    27.7390 |
|        1 |        242 |           989.20 |       984.40 |      1016.10 |                  5.00 |                    5.00 |    410 |    27.7935 |
|        1 |        243 |           989.20 |       984.40 |      1016.10 |                  5.00 |                    5.00 |    410 |    27.8406 |
|        1 |        244 |           989.20 |       984.40 |      1016.50 |                  5.00 |                    5.00 |    410 |    27.8907 |
|        1 |        245 |           989.20 |       984.40 |      1016.10 |                  5.00 |                    5.00 |    410 |    27.9387 |
|        1 |        246 |           989.20 |       984.40 |      1016.10 |                  5.00 |                    5.00 |    410 |    27.9736 |
|        1 |        247 |           989.20 |       984.40 |      1019.60 |                  5.00 |                    5.00 |    411 |    28.0231 |
|        1 |        248 |           989.20 |       984.40 |      1019.20 |                  5.00 |                    5.00 |    411 |    28.0698 |
|        1 |        249 |           989.20 |       984.40 |      1017.70 |                  5.00 |                    5.00 |    412 |    28.1376 |
|        1 |        250 |           989.20 |       984.40 |      1017.70 |                  5.00 |                    5.00 |    412 |    28.1910 |
|        1 |        251 |           989.20 |       984.40 |      1017.60 |                  5.00 |                    5.00 |    412 |    28.2654 |
|        1 |        252 |           989.20 |       984.40 |      1016.10 |                  5.00 |                    5.00 |    412 |    28.3356 |
|        1 |        253 |           989.20 |       984.40 |      1016.10 |                  5.00 |                    5.00 |    412 |    28.3831 |
|        1 |        254 |           989.20 |       984.40 |      1016.10 |                  5.00 |                    5.00 |    412 |    28.4461 |
|        1 |        255 |           989.20 |       984.40 |      1014.00 |                  5.00 |                    5.00 |    412 |    28.5616 |
|        1 |        256 |           989.20 |       984.40 |      1014.00 |                  5.00 |                    5.00 |    412 |    28.6164 |
|        1 |        257 |           989.20 |       984.40 |      1014.00 |                  5.00 |                    5.00 |    412 |    28.6736 |
|        1 |        258 |           989.20 |       984.40 |      1017.50 |                  5.00 |                    5.00 |    414 |    28.7399 |
|        1 |        259 |           989.20 |       984.40 |      1017.50 |                  5.00 |                    5.00 |    414 |    28.7928 |
|        1 |        260 |           989.20 |       984.40 |      1025.50 |                  5.00 |                    5.00 |    416 |    28.8699 |
|        1 |        261 |           989.20 |       984.40 |      1021.60 |                  5.00 |                    5.00 |    417 |    28.9444 |
|        1 |        262 |           989.20 |       984.40 |      1021.60 |                  5.00 |                    5.00 |    417 |    28.9784 |
|        1 |        263 |           989.20 |       984.40 |      1021.60 |                  5.00 |                    5.00 |    417 |    29.0287 |
|        1 |        264 |           989.20 |       984.40 |      1027.00 |                  5.00 |                    5.00 |    419 |    29.0839 |
|        1 |        265 |           989.20 |       984.40 |      1044.80 |                  5.00 |                    5.00 |    420 |    29.1570 |
|        1 |        266 |           989.20 |       984.40 |      1041.00 |                  5.00 |                    5.00 |    422 |    29.2257 |
|        1 |        267 |           989.20 |       984.40 |      1049.20 |                  5.00 |                    5.00 |    423 |    29.2773 |
|        1 |        268 |           989.20 |       984.40 |      1048.10 |                  5.00 |                    5.00 |    424 |    29.3319 |
|        1 |        269 |           989.20 |       984.40 |      1048.10 |                  5.00 |                    5.00 |    424 |    29.3908 |
|        1 |        270 |           989.20 |       984.40 |      1048.10 |                  5.00 |                    5.00 |    424 |    29.4376 |
|        1 |        271 |           989.20 |       984.40 |      1042.90 |                  5.00 |                    5.46 |    426 |    29.4895 |
|        1 |        272 |           989.20 |       984.40 |      1036.10 |                  5.00 |                    5.00 |    427 |    29.5833 |
|        1 |        273 |           989.20 |       984.40 |      1034.10 |                  5.00 |                    5.00 |    430 |    29.7008 |
|        1 |        274 |           989.20 |       984.40 |      1038.90 |                  5.00 |                    5.00 |    435 |    29.8174 |
|        1 |        275 |           989.20 |       984.40 |      1038.90 |                  5.00 |                    7.75 |    435 |    29.8777 |
|        1 |        276 |           989.20 |       984.40 |      1041.20 |                  5.00 |                    5.00 |    438 |    29.9453 |
|        1 |        277 |           989.20 |       984.40 |      1047.10 |                  5.00 |                    5.00 |    440 |    29.9997 |
|        1 |        278 |           989.20 |       984.40 |      1047.10 |                  5.00 |                    5.00 |    440 |    30.0601 |
|        1 |        279 |           989.20 |       984.40 |      1048.40 |                  5.00 |                    5.00 |    440 |    30.1068 |
|        1 |        280 |           989.20 |       984.40 |      1048.40 |                  5.00 |                    5.00 |    440 |    30.1475 |
|        1 |        281 |           989.20 |       984.40 |      1047.10 |                  5.00 |                    5.00 |    440 |    30.1912 |
|        1 |        282 |           989.20 |       984.40 |      1044.30 |                  5.00 |                    5.00 |    443 |    30.2748 |
|        1 |        283 |           989.20 |       984.40 |      1046.60 |                  5.00 |                    5.00 |    443 |    30.3279 |
|        1 |        284 |           989.20 |       984.40 |      1046.60 |                  5.00 |                    5.00 |    443 |    30.3681 |
|        1 |        285 |           989.20 |       984.40 |      1051.30 |                  5.00 |                    5.00 |    447 |    30.4395 |
|        1 |        286 |           989.20 |       984.40 |      1049.70 |                  5.00 |                    5.00 |    449 |    30.5041 |
|        1 |        287 |           989.20 |       984.40 |      1035.20 |                  5.00 |                    5.00 |    454 |    30.6364 |
|        1 |        288 |           989.20 |       984.40 |      1082.90 |                  5.00 |                    5.00 |    457 |    30.7344 |
|        1 |        289 |           989.20 |       984.40 |      1082.90 |                  5.00 |                    5.00 |    457 |    30.7802 |
|        1 |        290 |           989.20 |       984.40 |      1069.90 |                  5.00 |                    5.00 |    462 |    30.9181 |
|        1 |        291 |           989.20 |       984.40 |      1069.90 |                  5.00 |                    5.00 |    462 |    30.9672 |
|        1 |        292 |           989.20 |       984.40 |      1056.83 |                  5.00 |                    6.80 |    464 |    31.1557 |
|        1 |        293 |           989.20 |       984.40 |      1058.84 |                  5.00 |                    5.83 |    465 |    31.2199 |
|        1 |        294 |           989.20 |       984.40 |      1058.83 |                  5.00 |                    8.25 |    465 |    31.2670 |
|        1 |        295 |           989.20 |       984.40 |      1080.68 |                  5.00 |                    6.09 |    467 |    31.3116 |
|        1 |        296 |           989.20 |       984.40 |      1080.16 |                  5.00 |                    6.46 |    467 |    31.3485 |
|        1 |        297 |           989.20 |       984.40 |      1079.02 |                  5.00 |                   10.28 |    467 |    31.4186 |
|        1 |        298 |           989.20 |       984.40 |      1057.40 |                  5.00 |                    5.00 |    469 |    31.5069 |
|        1 |        299 |           989.20 |       984.40 |      1050.10 |                  5.00 |                    5.00 |    470 |    31.5648 |
|        1 |        300 |           989.20 |       984.40 |      1044.50 |                  5.00 |                    5.00 |    473 |    31.6517 |
|        1 |        301 |           989.20 |       984.40 |      1044.50 |                  5.00 |                    5.00 |    473 |    31.7025 |
|        1 |        302 |           989.20 |       984.40 |      1044.50 |                  5.00 |                    5.00 |    473 |    31.7438 |
|        1 |        303 |           989.20 |       984.40 |      1044.50 |                  5.00 |                    5.00 |    473 |    31.7817 |
|        1 |        304 |           989.20 |       984.40 |      1024.20 |                  5.00 |                    5.00 |    473 |    31.8922 |
|        1 |        305 |           989.20 |       984.40 |      1070.20 |                  5.00 |                    5.00 |    473 |    31.9437 |
|        1 |        306 |           989.20 |       984.40 |      1033.00 |                  5.00 |                    5.00 |    473 |    32.0237 |
|        1 |        307 |           989.20 |       984.40 |      1050.80 |                  5.00 |                    5.00 |    473 |    32.1097 |
|        1 |        308 |           989.20 |       984.40 |      1050.80 |                  5.00 |                    5.00 |    473 |    32.2021 |
|        1 |        309 |           989.20 |       984.40 |      1046.40 |                  5.00 |                    5.00 |    473 |    32.2897 |
|        1 |        310 |           989.20 |       984.40 |      1034.20 |                  5.00 |                    5.00 |    476 |    32.4159 |
|        1 |        311 |           989.20 |       984.40 |      1032.10 |                  5.00 |                    5.00 |    478 |    32.5112 |
|        1 |        312 |           989.20 |       984.40 |      1024.00 |                  5.00 |                    5.00 |    479 |    32.5920 |
|        1 |        313 |           989.20 |       984.40 |      1022.98 |                  5.00 |                    8.47 |    481 |    32.6504 |
|        1 |        314 |           989.20 |       984.40 |      1023.77 |                  5.00 |                    7.79 |    481 |    32.7052 |
|        1 |        315 |           989.20 |       984.40 |      1033.10 |                  5.00 |                    5.00 |    483 |    32.7825 |
|        1 |        316 |           989.20 |       984.40 |      1032.20 |                  5.00 |                    5.00 |    483 |    32.8603 |
|        1 |        317 |           989.20 |       984.40 |      1013.00 |                  5.00 |                    6.15 |    485 |    32.9437 |
|        1 |        318 |           989.20 |       984.40 |      1014.80 |                  5.00 |                    5.00 |    485 |    33.0087 |
|        1 |        319 |           989.20 |       984.40 |      1029.50 |                  5.00 |                    5.41 |    485 |    33.0623 |
|        1 |        320 |           989.20 |       984.40 |      1029.50 |                  5.00 |                    5.67 |    485 |    33.0954 |
|        1 |        321 |           989.20 |       984.40 |      1019.20 |                  5.00 |                    6.43 |    486 |    33.1596 |
|        1 |        322 |           989.20 |       984.40 |      1016.70 |                  5.00 |                    5.19 |    488 |    33.2142 |
|        1 |        323 |           989.20 |       984.40 |      1016.70 |                  5.00 |                    5.74 |    488 |    33.2807 |
|        1 |        324 |           989.20 |       984.40 |      1016.20 |                  5.00 |                    5.00 |    488 |    33.3405 |
|        1 |        325 |           989.20 |       984.40 |      1045.90 |                  5.00 |                    6.40 |    488 |    33.3890 |
|        1 |        326 |           989.20 |       984.40 |      1045.50 |                  5.00 |                    7.87 |    488 |    33.4322 |
|        1 |        327 |           989.20 |       984.40 |      1045.50 |                  5.00 |                    6.74 |    488 |    33.5130 |
|        1 |        328 |           989.20 |       984.40 |      1045.50 |                  5.00 |                    6.13 |    488 |    33.5835 |
|        1 |        329 |           989.20 |       984.40 |      1039.70 |                  5.00 |                    7.24 |    490 |    33.6407 |
|        1 |        330 |           989.20 |       984.40 |      1034.30 |                  5.00 |                    5.45 |    494 |    33.6931 |
|        1 |        331 |           989.20 |       984.40 |      1035.90 |                  5.00 |                    5.00 |    496 |    33.7754 |
|        1 |        332 |           989.20 |       984.40 |      1035.50 |                  5.00 |                    5.00 |    500 |    33.8649 |
|        1 |        333 |           989.20 |       984.40 |      1030.60 |                  5.00 |                    5.00 |    503 |    34.0574 |
|        1 |        334 |           989.20 |       984.40 |      1038.80 |                  5.00 |                    5.00 |    505 |    34.1069 |
|        1 |        335 |           989.20 |       984.40 |      1038.80 |                  5.00 |                    5.00 |    505 |    34.1577 |
|        1 |        336 |           989.20 |       984.40 |      1035.10 |                  5.00 |                    5.00 |    506 |    34.2178 |
|        1 |        337 |           989.20 |       984.40 |      1035.10 |                  5.00 |                    5.00 |    506 |    34.2639 |
|        1 |        338 |           989.20 |       984.40 |      1028.20 |                  5.00 |                    5.00 |    506 |    34.3221 |
|        1 |        339 |           989.20 |       984.40 |      1028.20 |                  5.00 |                    5.00 |    506 |    34.3721 |
|        1 |        340 |           989.20 |       984.40 |      1028.20 |                  5.00 |                    5.00 |    506 |    34.4047 |
|        1 |        341 |           989.20 |       984.40 |      1028.20 |                  5.00 |                    5.00 |    506 |    34.4556 |
|        1 |        342 |           989.20 |       984.40 |      1031.80 |                  5.00 |                    5.00 |    508 |    34.5085 |
|        1 |        343 |           989.20 |       984.40 |      1016.70 |                  5.00 |                    5.00 |    510 |    34.5627 |
|        1 |        344 |           989.20 |       984.40 |      1016.70 |                  5.00 |                    5.00 |    510 |    34.6184 |
|        1 |        345 |           989.20 |       984.40 |      1021.40 |                  5.00 |                    5.00 |    514 |    34.6856 |
|        1 |        346 |           989.20 |       984.40 |      1013.10 |                  5.00 |                    5.00 |    514 |    34.8090 |
|        1 |        347 |           989.20 |       984.40 |      1013.10 |                  5.00 |                    5.00 |    514 |    34.8467 |
|        1 |        348 |           989.20 |       984.40 |      1007.30 |                  5.00 |                    5.00 |    515 |    34.9070 |
|        1 |        349 |           989.20 |       984.40 |      1007.30 |                  5.00 |                    5.00 |    515 |    34.9822 |
|        1 |        350 |           989.20 |       984.40 |      1007.30 |                  5.00 |                    5.00 |    515 |    35.0385 |
|        1 |        351 |           989.20 |       984.40 |      1007.30 |                  5.00 |                    5.00 |    515 |    35.1187 |
|        1 |        352 |           989.20 |       984.40 |      1007.30 |                  5.00 |                    5.00 |    515 |    35.1583 |
|        1 |        353 |           989.20 |       984.40 |      1006.20 |                  5.00 |                    5.00 |    515 |    35.2501 |
|        1 |        354 |           989.20 |       984.40 |      1012.50 |                  5.00 |                    5.00 |    516 |    35.3575 |
|        1 |        355 |           989.20 |       984.40 |      1003.80 |                  5.00 |                    5.00 |    517 |    35.4214 |
|        1 |        356 |           989.20 |       984.40 |      1003.80 |                  5.00 |                    5.00 |    517 |    35.4706 |
|        1 |        357 |           989.20 |       984.40 |      1003.80 |                  5.00 |                    5.35 |    517 |    35.5315 |
|        1 |        358 |           989.20 |       984.40 |      1004.70 |                  5.00 |                    5.00 |    518 |    35.5719 |
|        1 |        359 |           989.20 |       984.40 |      1039.80 |                  5.00 |                    5.00 |    518 |    35.6272 |
|        1 |        360 |           989.20 |       984.40 |      1039.80 |                  5.00 |                    5.00 |    518 |    35.6665 |
|        1 |        361 |           989.20 |       984.40 |      1039.80 |                  5.00 |                    5.00 |    518 |    35.7085 |
|        1 |        362 |           989.20 |       984.40 |      1059.30 |                  5.00 |                    5.00 |    519 |    35.7502 |
|        1 |        363 |           989.20 |       984.40 |      1043.70 |                  5.00 |                    5.00 |    519 |    35.8141 |
|        1 |        364 |           989.20 |       984.40 |      1038.30 |                  5.00 |                    5.00 |    519 |    35.8854 |
|        1 |        365 |           989.20 |       984.40 |      1043.30 |                  5.00 |                    5.00 |    519 |    35.9534 |
|        1 |        366 |           989.20 |       984.40 |      1038.30 |                  5.00 |                    5.00 |    519 |    36.0043 |
|        1 |        367 |           989.20 |       984.40 |      1038.30 |                  5.00 |                    5.00 |    519 |    36.0511 |
|        1 |        368 |           989.20 |       984.40 |      1038.30 |                  5.00 |                    5.00 |    519 |    36.1067 |
|        1 |        369 |           989.20 |       984.40 |      1050.40 |                  5.00 |                    5.00 |    522 |    36.2054 |
|        1 |        370 |           989.20 |       984.40 |      1048.85 |                  5.00 |                    7.07 |    523 |    36.3146 |
|        1 |        371 |           989.20 |       984.40 |      1048.10 |                  5.00 |                   11.14 |    524 |    36.3860 |
|        1 |        372 |           989.20 |       984.40 |      1047.10 |                  5.00 |                    8.53 |    526 |    36.4830 |
|        1 |        373 |           989.20 |       984.40 |      1047.60 |                  5.00 |                    7.91 |    527 |    36.5552 |
|        1 |        374 |           989.20 |       984.40 |      1054.10 |                  5.00 |                    8.36 |    528 |    36.6225 |
|        1 |        375 |           989.20 |       984.40 |      1047.50 |                  5.00 |                    8.41 |    528 |    36.6778 |
|        1 |        376 |           989.20 |       984.40 |      1047.10 |                  5.00 |                    7.35 |    528 |    36.7515 |
|        1 |        377 |           989.20 |       984.40 |      1047.70 |                  5.00 |                    8.10 |    530 |    36.8146 |
|        1 |        378 |           989.20 |       984.40 |      1050.70 |                  5.00 |                    9.44 |    532 |    36.9010 |
|        1 |        379 |           989.20 |       984.40 |      1063.10 |                  5.00 |                    8.41 |    534 |    36.9761 |
|        1 |        380 |           989.20 |       984.40 |      1060.20 |                  5.00 |                    7.35 |    537 |    37.0567 |
|        1 |        381 |           989.20 |       984.40 |      1057.90 |                  5.00 |                    7.10 |    537 |    37.1143 |
|        1 |        382 |           989.20 |       984.40 |      1056.90 |                  5.00 |                    8.06 |    538 |    37.1642 |
|        1 |        383 |           989.20 |       984.40 |      1056.80 |                  5.00 |                    7.64 |    538 |    37.2148 |
|        1 |        384 |           989.20 |       984.40 |      1065.50 |                  5.00 |                    7.30 |    539 |    37.2967 |
|        1 |        385 |           989.20 |       984.40 |      1065.50 |                  5.00 |                    8.12 |    539 |    37.3348 |
|        1 |        386 |           989.20 |       984.40 |      1062.30 |                  5.00 |                    8.58 |    540 |    37.4099 |
|        1 |        387 |           989.20 |       984.40 |      1054.60 |                  5.00 |                    9.31 |    540 |    37.5249 |
|        1 |        388 |           989.20 |       984.40 |      1057.20 |                  5.00 |                    8.56 |    540 |    37.5816 |
|        1 |        389 |           989.20 |       984.40 |      1057.10 |                  5.00 |                    7.95 |    540 |    37.6469 |
|        1 |        390 |           989.20 |       984.40 |      1041.20 |                  5.00 |                    5.00 |    542 |    37.7269 |
|        1 |        391 |           989.20 |       984.40 |      1050.90 |                  5.00 |                    5.00 |    542 |    37.8194 |
|        1 |        392 |           989.20 |       984.40 |      1050.90 |                  5.00 |                    5.00 |    542 |    37.8944 |
|        1 |        393 |           989.20 |       984.40 |      1050.50 |                  5.00 |                    5.00 |    542 |    37.9556 |
|        1 |        394 |           989.20 |       984.40 |      1050.50 |                  5.00 |                    5.00 |    542 |    37.9987 |
|        1 |        395 |           989.20 |       984.40 |      1011.00 |                  5.00 |                    5.00 |    542 |    38.1934 |
|        1 |        396 |           989.20 |       984.40 |      1040.30 |                  5.00 |                    5.00 |    542 |    38.2537 |
|        1 |        397 |           989.20 |       984.40 |      1040.30 |                  5.00 |                    5.00 |    542 |    38.2936 |
|        1 |        398 |           989.20 |       984.40 |      1040.30 |                  5.00 |                    5.00 |    542 |    38.3517 |
|        1 |        399 |           989.20 |       984.40 |      1031.00 |                  5.00 |                    5.00 |    544 |    38.4646 |
|        1 |        400 |           989.20 |       984.40 |      1042.30 |                  5.00 |                    5.00 |    546 |    38.5803 |
|        1 |        401 |           989.20 |       984.40 |      1031.50 |                  5.00 |                    5.00 |    547 |    38.6875 |
|        1 |        402 |           989.20 |       984.40 |      1036.40 |                  5.00 |                    5.00 |    547 |    38.7662 |
|        1 |        403 |           989.20 |       984.40 |      1036.60 |                  5.00 |                    5.00 |    547 |    38.8238 |
|        1 |        404 |           989.20 |       984.40 |      1063.20 |                  5.00 |                    5.00 |    551 |    38.9291 |
|        1 |        405 |           989.20 |       984.40 |      1062.30 |                  5.00 |                    5.00 |    551 |    39.0058 |
|        1 |        406 |           989.20 |       984.40 |      1060.20 |                  5.00 |                    5.00 |    553 |    39.0941 |
|        1 |        407 |           989.20 |       984.40 |      1043.10 |                  5.00 |                    5.00 |    555 |    39.2419 |
|        1 |        408 |           989.20 |       984.40 |      1031.70 |                  5.00 |                    5.00 |    560 |    39.3297 |
|        1 |        409 |           989.20 |       984.40 |      1031.70 |                  5.00 |                    5.36 |    560 |    39.3884 |
|        1 |        410 |           989.20 |       984.40 |      1031.70 |                  5.00 |                    5.00 |    560 |    39.4546 |
|        1 |        411 |           989.20 |       984.40 |      1015.10 |                  5.00 |                    5.00 |    560 |    39.5566 |
|        1 |        412 |           989.20 |       984.40 |      1014.20 |                  5.00 |                    5.00 |    560 |    39.6817 |
|        1 |        413 |           989.20 |       984.40 |      1002.70 |                  5.00 |                    5.00 |    561 |    39.7813 |
|        1 |        414 |           989.20 |       984.40 |      1002.70 |                  5.00 |                    5.00 |    561 |    39.8267 |
|        1 |        415 |           989.20 |       984.40 |      1006.90 |                  5.00 |                    5.00 |    565 |    39.8749 |
|        1 |        416 |           989.20 |       984.40 |      1006.90 |                  5.00 |                    5.00 |    565 |    39.9337 |
------------------------------------------------------------------------------------------------------------------------------------------------
|  Restart |  Iteration |  Best Feas. Cost |    Best Cost |   Curr. Cost |   Penalty Custom Res. |   Penalty Standard Res. |   Pool |   Time (s) |
------------------------------------------------------------------------------------------------------------------------------------------------
|        1 |        417 |           989.20 |       984.40 |      1002.70 |                  5.00 |                    5.00 |    565 |    40.0012 |
|        1 |        418 |           989.20 |       984.40 |      1005.20 |                  5.00 |                    5.00 |    568 |    40.0532 |
|        1 |        419 |           989.20 |       984.40 |      1000.50 |                  5.00 |                    5.00 |    571 |    40.1398 |
|        1 |        420 |           989.20 |       984.40 |      1000.50 |                  5.00 |                    5.00 |    571 |    40.1888 |
|        1 |        421 |           989.20 |       984.40 |      1000.50 |                  5.00 |                    5.00 |    571 |    40.2544 |
|        1 |        422 |           989.20 |       984.40 |      1000.50 |                  5.00 |                    5.00 |    571 |    40.3304 |
|        1 |        423 |           989.20 |       984.40 |      1000.50 |                  5.00 |                    6.67 |    571 |    40.3811 |
|        1 |        424 |           989.20 |       984.40 |       998.10 |                  5.00 |                    5.00 |    573 |    40.4713 |
|        1 |        425 |           989.20 |       984.40 |      1009.50 |                  5.00 |                    5.26 |    573 |    40.5560 |
|        1 |        426 |           989.20 |       984.40 |      1009.50 |                  5.00 |                    5.00 |    573 |    40.6123 |
|        1 |        427 |           989.20 |       984.40 |      1014.40 |                  5.00 |                    5.00 |    573 |    40.6868 |
|        1 |        428 |           989.20 |       984.40 |      1014.40 |                  5.00 |                    5.00 |    573 |    40.7440 |
|        1 |        429 |           989.20 |       984.40 |      1051.80 |                  5.00 |                    5.26 |    575 |    40.8212 |
|        1 |        430 |           989.20 |       984.40 |      1050.80 |                  5.00 |                    5.00 |    575 |    40.9145 |
|        1 |        431 |           989.20 |       984.40 |      1051.00 |                  5.00 |                    5.00 |    575 |    40.9688 |
|        1 |        432 |           989.20 |       984.40 |      1014.00 |                  5.00 |                    5.00 |    577 |    41.0643 |
|        1 |        433 |           989.20 |       984.40 |      1014.00 |                  5.00 |                    5.00 |    577 |    41.0971 |
|        1 |        434 |           989.20 |       984.40 |      1010.80 |                  5.00 |                    5.00 |    577 |    41.2068 |
|        1 |        435 |           989.20 |       984.40 |      1010.80 |                  5.00 |                    5.00 |    577 |    41.2687 |
|        1 |        436 |           989.20 |       984.40 |      1010.80 |                  5.00 |                    5.00 |    577 |    41.3222 |
|        1 |        437 |           989.20 |       984.40 |      1010.80 |                  5.00 |                    5.00 |    577 |    41.4165 |
|        1 |        438 |           989.20 |       984.40 |      1010.80 |                  5.00 |                    5.00 |    577 |    41.4895 |
|        1 |        439 |           989.20 |       984.40 |      1015.90 |                  5.00 |                    5.00 |    577 |    41.5761 |
|        1 |        440 |           989.20 |       984.40 |      1010.80 |                  5.00 |                    5.00 |    577 |    41.6456 |
|        1 |        441 |           989.20 |       984.40 |      1032.50 |                  5.00 |                    5.00 |    578 |    41.7166 |
|        1 |        442 |           989.20 |       984.40 |      1027.60 |                  5.00 |                    5.00 |    578 |    41.8189 |
|        1 |        443 |           989.20 |       984.40 |      1010.80 |                  5.00 |                    5.00 |    578 |    41.9278 |
|        1 |        444 |           989.20 |       984.40 |      1010.80 |                  5.00 |                    5.00 |    578 |    42.0604 |
|        1 |        445 |           989.20 |       984.40 |      1010.80 |                  5.00 |                    5.00 |    578 |    42.1076 |
|        1 |        446 |           989.20 |       984.40 |      1010.80 |                  5.00 |                    5.00 |    578 |    42.1807 |
|        1 |        447 |           989.20 |       984.40 |      1010.80 |                  5.00 |                    5.00 |    578 |    42.2464 |
|        1 |        448 |           989.20 |       984.40 |      1010.80 |                  5.00 |                    5.00 |    578 |    42.2953 |
|        1 |        449 |           989.20 |       984.40 |      1010.80 |                  5.00 |                    5.00 |    578 |    42.3570 |
|        1 |        450 |           989.20 |       984.40 |      1007.10 |                  5.00 |                    5.00 |    579 |    42.4518 |
|        1 |        451 |           989.20 |       984.40 |      1007.10 |                  5.00 |                    5.00 |    579 |    42.5171 |
|        1 |        452 |           989.20 |       984.40 |      1001.40 |                  5.00 |                    5.00 |    580 |    42.6752 |
|        1 |        453 |           989.20 |       984.40 |      1001.40 |                  5.00 |                    5.00 |    580 |    42.7271 |
|        1 |        454 |           989.20 |       984.40 |      1005.60 |                  5.00 |                    5.00 |    580 |    42.7792 |
|        1 |        455 |           989.20 |       984.40 |      1010.80 |                  5.00 |                    5.00 |    582 |    42.8298 |
|        1 |        456 |           989.20 |       984.40 |      1006.00 |                  5.00 |                    5.00 |    582 |    42.9310 |
|        1 |        457 |           989.20 |       984.40 |      1033.80 |                  5.00 |                    5.00 |    582 |    42.9874 |
|        1 |        458 |           989.20 |       984.40 |      1011.80 |                  5.00 |                    5.00 |    583 |    43.0723 |
|        1 |        459 |           989.20 |       984.40 |      1011.40 |                  5.00 |                    5.00 |    583 |    43.1354 |
|        1 |        460 |           989.20 |       984.40 |      1024.00 |                  5.00 |                    5.00 |    584 |    43.1857 |
|        1 |        461 |           989.20 |       984.40 |      1020.60 |                  5.00 |                    5.00 |    584 |    43.2730 |
|        1 |        462 |           989.20 |       984.40 |      1049.90 |                  5.00 |                    5.00 |    587 |    43.3415 |
|        1 |        463 |           989.20 |       984.40 |      1078.60 |                  5.00 |                    5.00 |    587 |    43.4012 |
|        1 |        464 |           989.20 |       984.40 |      1069.30 |                  5.00 |                    5.00 |    588 |    43.5711 |
|        1 |        465 |           989.20 |       984.40 |      1017.60 |                  5.00 |                    5.00 |    588 |    43.6849 |
|        1 |        466 |           989.20 |       984.40 |      1017.60 |                  5.00 |                    5.00 |    588 |    43.7584 |
|        1 |        467 |           989.20 |       984.40 |      1017.60 |                  5.00 |                    5.00 |    588 |    43.8237 |
|        1 |        468 |           989.20 |       984.40 |      1004.60 |                  5.00 |                    5.00 |    588 |    43.8768 |
|        1 |        469 |           989.20 |       984.40 |      1004.60 |                  5.00 |                    5.00 |    588 |    43.9461 |
|        1 |        470 |           989.20 |       984.40 |      1004.60 |                  5.00 |                    5.00 |    588 |    44.0176 |
|        1 |        471 |           989.20 |       984.40 |      1004.60 |                  5.00 |                    5.00 |    588 |    44.0719 |
|        1 |        472 |           989.20 |       984.40 |      1004.60 |                  5.00 |                    5.00 |    588 |    44.1358 |
|        1 |        473 |           989.20 |       984.40 |      1004.60 |                  5.00 |                    5.00 |    588 |    44.1987 |
|        1 |        474 |           989.20 |       984.40 |      1017.50 |                  5.00 |                    5.00 |    588 |    44.2665 |
|        1 |        475 |           989.20 |       984.40 |      1017.50 |                  5.00 |                    5.00 |    588 |    44.3189 |
|        1 |        476 |           989.20 |       984.40 |      1017.50 |                  5.00 |                    5.00 |    588 |    44.3594 |
|        1 |        477 |           989.20 |       984.40 |      1018.30 |                  5.00 |                    5.00 |    589 |    44.4176 |
|        1 |        478 |           989.20 |       984.40 |      1014.90 |                  5.00 |                    5.00 |    589 |    44.4695 |
|        1 |        479 |           989.20 |       984.40 |      1023.70 |                  5.00 |                    5.00 |    590 |    44.5381 |
|        1 |        480 |           989.20 |       984.40 |      1023.70 |                  5.00 |                    5.00 |    590 |    44.6008 |
|        1 |        481 |           989.20 |       984.40 |      1011.20 |                  5.00 |                    5.00 |    590 |    44.7443 |
|        1 |        482 |           989.20 |       984.40 |      1014.00 |                  5.00 |                    5.00 |    590 |    44.8053 |
|        1 |        483 |           989.20 |       984.40 |      1014.00 |                  5.00 |                    5.00 |    590 |    44.8711 |
|        1 |        484 |           989.20 |       984.40 |      1014.80 |                  5.00 |                    5.00 |    590 |    44.9271 |
|        1 |        485 |           989.20 |       984.40 |      1020.30 |                  5.00 |                    5.00 |    591 |    44.9698 |
|        1 |        486 |           989.20 |       984.40 |      1019.50 |                  5.00 |                    5.75 |    591 |    45.0621 |
|        1 |        487 |           989.20 |       984.40 |      1019.50 |                  5.00 |                    5.00 |    591 |    45.1092 |
|        1 |        488 |           989.20 |       984.40 |      1022.80 |                  5.00 |                    5.00 |    591 |    45.1792 |
|        1 |        489 |           989.20 |       984.40 |      1022.80 |                  5.00 |                    5.00 |    591 |    45.2297 |
|        1 |        490 |           989.20 |       984.40 |      1017.70 |                  5.00 |                    5.00 |    591 |    45.3690 |
|        1 |        491 |           989.20 |       984.40 |      1017.70 |                  5.00 |                    5.00 |    591 |    45.4031 |
|        1 |        492 |           989.20 |       984.40 |      1017.70 |                  5.00 |                    5.00 |    591 |    45.4773 |
|        1 |        493 |           989.20 |       984.40 |      1017.70 |                  5.00 |                    5.00 |    591 |    45.5553 |
|        1 |        494 |           989.20 |       984.40 |      1017.70 |                  5.00 |                    5.00 |    591 |    45.6181 |
|        1 |        495 |           989.20 |       984.40 |      1017.70 |                  5.00 |                    5.00 |    591 |    45.7080 |
|        1 |        496 |           989.20 |       984.40 |      1019.00 |                  5.00 |                    5.00 |    591 |    45.8477 |
|        1 |        497 |           989.20 |       984.40 |      1003.90 |                  5.00 |                    5.00 |    592 |    45.9213 |
|        1 |        498 |           989.20 |       984.40 |      1011.40 |                  5.00 |                    5.00 |    592 |    46.0611 |
|        1 |        499 |           989.20 |       984.40 |      1009.70 |                  5.00 |                    5.00 |    592 |    46.1539 |
|        1 |        500 |           989.20 |       984.40 |      1006.40 |                  5.00 |                    5.00 |    593 |    46.2079 |
------------------------------------------------------------------------------------------------------------------------------------------------
Version identifier: 22.1.2.0 | 2024-11-26 | 0edbb82fd
CPXPARAM_MIP_Tolerances_UpperCutoff              989.30000000001019
Tried aggregator 1 time.
MIP Presolve eliminated 20 rows and 147 columns.
MIP Presolve modified 141 coefficients.
Reduced MIP has 81 rows, 446 columns, and 4652 nonzeros.
Reduced MIP has 446 binaries, 0 generals, 0 SOSs, and 0 indicators.
Presolve time = 0.00 sec. (4.39 ticks)
Probing fixed 5 vars, tightened 0 bounds.
Probing time = 0.01 sec. (6.54 ticks)
Tried aggregator 1 time.
Detecting symmetries...
MIP Presolve eliminated 1 rows and 9 columns.
Reduced MIP has 80 rows, 437 columns, and 4556 nonzeros.
Reduced MIP has 437 binaries, 0 generals, 0 SOSs, and 0 indicators.
Presolve time = 0.00 sec. (3.33 ticks)
Probing time = 0.00 sec. (2.39 ticks)
Clique table members: 579.
MIP emphasis: balance optimality and feasibility.
MIP search method: dynamic search.
Parallel mode: deterministic, using up to 8 threads.
Root relaxation solution time = 0.00 sec. (2.54 ticks)

        Nodes                                         Cuts/
   Node  Left     Objective  IInf  Best Integer    Best Bound    ItCnt     Gap

      0     0      970.4000     9                    970.4000      137         
*     0+    0                          977.2000      970.4000             0.70%
      0     0        cutoff            977.2000                    155    0.00%
Elapsed time = 0.05 sec. (25.30 ticks, tree = 0.01 MB, solutions = 1)
objective_value(sp) = 977.1999999999998
 50.693141 seconds (6.89 M allocations: 344.441 MiB, 0.14% gc time, 9.67% compilation time)
#1: 0 (0.0) {53.0} -> 95 (6.0) {73.6} [20.0, 299.0] -> 63 (12.0) {102.8} [39.0, 353.0] -> 33 (22.0) {133.4} [51.0, 673.0] -> 30 (32.0) {149.2} [114.0, 497.0] -> 31 (52.0) {164.2} [102.0, 347.0] -> 29 (62.0) {176.2} [131.0, 376.0] -> 27 (82.0) {191.2} [57.0, 664.0] -> 28 (92.0) {207.0} [68.0, 349.0] -> 26 (122.0) {509.0} [509.0, 668.0] -> 32 (132.0) {564.0} [564.0, 797.0] -> 34 (162.0) {579.3} [462.0, 631.0] -> 50 (192.0) {602.3} [471.0, 662.0] -> 92 (206.0) {632.9} [14.0, 669.0] -> 80 (219.0) {650.1} [426.0, 942.0] -> 0 (219.0) {667.7} [0.0, 960.0]
#2: 0 (0.0) {56.0} -> 88 (19.0) {100.0} [100.0, 539.0] -> 78 (46.0) {195.0} [195.0, 654.0] -> 73 (51.0) {255.0} [255.0, 436.0] -> 79 (81.0) {273.9} [258.0, 565.0] -> 7 (101.0) {295.3} [281.0, 438.0] -> 6 (121.0) {308.3} [249.0, 646.0] -> 2 (151.0) {322.3} [73.0, 350.0] -> 8 (161.0) {340.9} [272.0, 581.0] -> 5 (181.0) {357.9} [40.0, 390.0] -> 3 (191.0) {473.0} [473.0, 588.0] -> 1 (211.0) {591.0} [591.0, 874.0] -> 45 (221.0) {606.8} [37.0, 677.0] -> 46 (231.0) {619.6} [435.0, 662.0] -> 4 (271.0) {631.6} [418.0, 913.0] -> 100 (274.0) {658.6} [262.0, 930.0] -> 70 (297.0) {673.0} [211.0, 930.0] -> 68 (318.0) {693.2} [441.0, 902.0] -> 0 (318.0) {713.2} [0.0, 960.0]
#3: 0 (0.0) {54.0} -> 72 (8.0) {81.4} [27.0, 382.0] -> 71 (22.0) {201.0} [201.0, 400.0] -> 93 (25.0) {298.0} [298.0, 928.0] -> 94 (48.0) {385.0} [385.0, 518.0] -> 67 (57.0) {404.2} [112.0, 543.0] -> 62 (60.0) {421.2} [29.0, 587.0] -> 85 (62.0) {443.3} [318.0, 489.0] -> 51 (81.0) {461.8} [281.0, 490.0] -> 76 (112.0) {481.2} [162.0, 493.0] -> 89 (137.0) {565.0} [565.0, 897.0] -> 84 (155.0) {601.0} [304.0, 605.0] -> 56 (174.0) {620.2} [404.0, 829.0] -> 91 (187.0) {651.0} [651.0, 906.0] -> 0 (187.0) {673.0} [0.0, 960.0]
#4: 0 (0.0) {57.0} -> 69 (27.0) {66.2} [9.0, 532.0] -> 98 (36.0) {109.0} [109.0, 354.0] -> 53 (41.0) {284.0} [284.0, 585.0] -> 12 (61.0) {307.0} [166.0, 399.0] -> 14 (71.0) {320.0} [35.0, 457.0] -> 47 (81.0) {333.0} [38.0, 366.0] -> 17 (101.0) {359.0} [359.0, 909.0] -> 16 (121.0) {374.0} [214.0, 415.0] -> 15 (141.0) {386.0} [39.0, 538.0] -> 11 (181.0) {402.0} [33.0, 510.0] -> 9 (201.0) {417.3} [236.0, 625.0] -> 87 (214.0) {438.4} [365.0, 472.0] -> 59 (233.0) {452.8} [42.0, 466.0] -> 97 (268.0) {546.0} [546.0, 667.0] -> 13 (278.0) {573.0} [359.0, 911.0] -> 10 (308.0) {590.0} [470.0, 687.0] -> 60 (325.0) {620.6} [613.0, 894.0] -> 55 (341.0) {645.6} [421.0, 896.0] -> 0 (341.0) {669.7} [0.0, 960.0]
#5: 0 (0.0) {58.0} -> 83 (14.0) {77.2} [19.0, 326.0] -> 64 (31.0) {95.2} [20.0, 497.0] -> 19 (71.0) {205.0} [205.0, 422.0] -> 21 (81.0) {220.3} [158.0, 391.0] -> 23 (111.0) {232.3} [45.0, 522.0] -> 25 (131.0) {348.0} [348.0, 904.0] -> 77 (138.0) {370.1} [360.0, 900.0] -> 75 (154.0) {398.2} [183.0, 400.0] -> 58 (174.0) {419.3} [380.0, 902.0] -> 74 (182.0) {440.4} [427.0, 913.0] -> 86 (210.0) {454.5} [332.0, 485.0] -> 65 (226.0) {485.7} [11.0, 570.0] -> 90 (232.0) {502.9} [324.0, 513.0] -> 0 (232.0) {517.1} [0.0, 960.0]
#6: 0 (0.0) {57.0} -> 82 (9.0) {85.0} [85.0, 338.0] -> 99 (24.0) {170.0} [170.0, 565.0] -> 52 (27.0) {185.0} [109.0, 360.0] -> 57 (50.0) {347.0} [347.0, 566.0] -> 22 (90.0) {371.1} [263.0, 606.0] -> 49 (100.0) {423.0} [423.0, 576.0] -> 18 (120.0) {440.2} [338.0, 451.0] -> 48 (130.0) {636.0} [636.0, 904.0] -> 20 (140.0) {656.0} [511.0, 682.0] -> 24 (150.0) {670.0} [598.0, 883.0] -> 66 (166.0) {702.2} [423.0, 828.0] -> 0 (166.0) {725.2} [0.0, 960.0]
#7: 0 (0.0) {54.0} -> 81 (10.0) {369.0} [369.0, 460.0] -> 61 (19.0) {387.0} [230.0, 405.0] -> 42 (29.0) {415.0} [33.0, 624.0] -> 44 (39.0) {427.0} [62.0, 491.0] -> 40 (69.0) {442.8} [233.0, 544.0] -> 36 (109.0) {457.8} [43.0, 712.0] -> 35 (129.0) {469.8} [396.0, 905.0] -> 37 (139.0) {530.0} [530.0, 703.0] -> 38 (169.0) {543.6} [131.0, 544.0] -> 39 (179.0) {555.6} [36.0, 800.0] -> 43 (199.0) {572.6} [549.0, 718.0] -> 41 (219.0) {593.0} [207.0, 664.0] -> 54 (235.0) {618.2} [568.0, 753.0] -> 96 (261.0) {634.2} [538.0, 705.0] -> 0 (261.0) {659.7} [0.0, 960.0]

Dist: 977.1999999999998. Cost: 977.1999999999998

Root node processing (before b&c):
  Real time             =    0.05 sec. (25.32 ticks)
Parallel b&c, 8 threads:
  Real time             =    0.00 sec. (0.00 ticks)
  Sync time (average)   =    0.00 sec.
  Wait time (average)   =    0.00 sec.
                          ------------
Total (root+branch&cut) =    0.05 sec. (25.32 ticks)
