Solving...
------------------------------------------------------------------------------------------------------------------------------------------------
|  Restart |  Iteration |  Best Feas. Cost |    Best Cost |   Curr. Cost |   Penalty Custom Res. |   Penalty Standard Res. |   Pool |   Time (s) |
------------------------------------------------------------------------------------------------------------------------------------------------
|        1 |          1 |              Inf |       265.59 |       286.93 |                  5.76 |                    0.18 |     30 |     0.0430 |
|        1 |          2 |              Inf |       265.59 |       293.17 |                  5.30 |                    0.12 |     32 |     0.4991 |
|        1 |          3 |              Inf |       265.59 |       291.90 |                 10.02 |                    0.10 |     32 |     0.5028 |
|        1 |          4 |              Inf |       265.59 |       272.46 |                 23.57 |                    0.10 |     34 |     0.5075 |
|        1 |          5 |              Inf |       265.59 |       306.49 |                 19.16 |                    0.10 |     34 |     0.5154 |
|        1 |          6 |              Inf |       265.59 |       293.65 |                 12.58 |                    0.10 |     34 |     0.5279 |
|        1 |          7 |              Inf |       265.59 |       305.62 |                 16.76 |                    0.10 |     34 |     0.5319 |
|        1 |          8 |              Inf |       265.59 |       319.12 |                 14.08 |                    0.10 |     34 |     0.5362 |
|        1 |          9 |              Inf |       265.59 |       305.57 |                 19.25 |                    0.10 |     34 |     0.5435 |
|        1 |         10 |              Inf |       265.59 |       320.27 |                 41.02 |                    0.10 |     34 |     0.5473 |
|        1 |          0 |           349.30 |       265.59 |       349.30 |                 17.24 |                    0.10 |     37 |     0.5546 |
|        1 |          1 |           349.30 |       265.59 |       291.26 |                 15.94 |                    0.10 |     37 |     0.5795 |
|        1 |          0 |           348.70 |       265.59 |       348.70 |                  8.29 |                    0.10 |     41 |     0.5882 |
|        1 |          0 |           318.60 |       265.59 |       318.60 |                  3.79 |                    0.10 |     41 |     0.5933 |
|        1 |          1 |           318.60 |       255.70 |       255.70 |                  4.84 |                    0.10 |     41 |     0.6010 |
|        1 |          2 |           318.60 |       255.70 |       258.67 |                  8.10 |                    0.10 |     41 |     0.6113 |
|        1 |          3 |           318.60 |       255.70 |       264.87 |                 14.87 |                    0.10 |     41 |     0.6247 |
|        1 |          4 |           318.60 |       255.70 |       278.54 |                 10.98 |                    0.10 |     41 |     0.6302 |
|        1 |          5 |           318.60 |       255.70 |       271.12 |                  7.64 |                    0.10 |     41 |     0.6340 |
|        1 |          6 |           318.60 |       255.70 |       297.35 |                 12.43 |                    0.10 |     41 |     0.6380 |
|        1 |          7 |           318.60 |       255.70 |       305.80 |                 24.69 |                    0.10 |     41 |     0.6424 |
|        1 |          8 |           318.60 |       255.70 |       349.30 |                 13.77 |                    0.10 |     41 |     0.6479 |
|        1 |          9 |           318.60 |       255.70 |       306.62 |                 23.52 |                    0.10 |     41 |     0.6540 |
|        1 |         10 |           318.60 |       255.70 |       318.60 |                 16.63 |                    0.10 |     41 |     0.6615 |
|        1 |         11 |           318.60 |       255.70 |       301.36 |                 20.20 |                    0.10 |     41 |     0.6685 |
|        1 |         12 |           318.60 |       255.70 |       322.24 |                 12.33 |                    0.10 |     41 |     0.6728 |
|        1 |         13 |           318.60 |       255.70 |       304.85 |                 19.07 |                    0.10 |     41 |     0.6767 |
|        1 |         14 |           318.60 |       255.70 |       318.35 |                 27.79 |                    0.10 |     41 |     0.6807 |
|        1 |         15 |           318.60 |       255.70 |       337.47 |                 24.56 |                    0.10 |     41 |     0.6855 |
|        1 |         16 |           318.60 |       255.70 |       303.29 |                 18.23 |                    0.10 |     41 |     0.6978 |
|        1 |         17 |           318.60 |       255.70 |       317.76 |                 16.93 |                    0.10 |     41 |     0.7027 |
|        1 |         18 |           318.60 |       255.70 |       315.44 |                 21.66 |                    0.10 |     41 |     0.7069 |
|        1 |         19 |           318.60 |       255.70 |       324.39 |                 13.49 |                    0.10 |     41 |     0.7109 |
|        1 |         20 |           318.60 |       255.70 |       348.70 |                  6.47 |                    0.10 |     41 |     0.7169 |
|        1 |         21 |           318.60 |       255.70 |       318.60 |                  2.27 |                    0.10 |     41 |     0.7234 |
|        1 |         22 |           318.60 |       253.37 |       253.37 |                  4.38 |                    0.10 |     41 |     0.7281 |
|        1 |         23 |           318.60 |       253.37 |       288.44 |                  4.14 |                    0.10 |     41 |     0.7347 |
|        1 |         24 |           318.60 |       253.37 |       269.35 |                  9.65 |                    0.10 |     41 |     0.7396 |
|        1 |         25 |           318.60 |       253.37 |       297.74 |                 17.89 |                    0.10 |     41 |     0.7432 |
|        1 |         26 |           318.60 |       253.37 |       291.73 |                 18.91 |                    0.10 |     41 |     0.7486 |
|        1 |         27 |           318.60 |       253.37 |       286.32 |                 25.20 |                    0.10 |     41 |     0.7521 |
|        1 |         28 |           318.60 |       253.37 |       299.92 |                 36.02 |                    0.10 |     41 |     0.7554 |
|        1 |          0 |           317.80 |       253.37 |       317.80 |                 18.16 |                    0.10 |     42 |     0.7616 |
|        1 |          1 |           317.80 |       253.37 |       269.59 |                 18.95 |                    0.10 |     42 |     0.7701 |
|        1 |          2 |           317.80 |       253.37 |       295.52 |                 11.51 |                    0.10 |     42 |     0.7802 |
|        1 |          3 |           317.80 |       253.37 |       303.22 |                  8.16 |                    0.10 |     42 |     0.7844 |
|        1 |          4 |           317.80 |       253.37 |       296.85 |                 16.38 |                    0.14 |     42 |     0.7886 |
|        1 |          5 |           317.80 |       253.37 |       284.11 |                 17.39 |                    0.10 |     42 |     0.7995 |
|        1 |          6 |           317.80 |       253.37 |       284.70 |                 25.62 |                    0.10 |     42 |     0.8027 |
|        1 |          7 |           317.80 |       253.37 |       332.74 |                 16.28 |                    0.10 |     44 |     0.8068 |
|        1 |          8 |           317.80 |       253.37 |       297.13 |                 14.49 |                    0.10 |     44 |     0.8205 |
|        1 |          9 |           317.80 |       253.37 |       305.87 |                 18.52 |                    0.10 |     44 |     0.8272 |
|        1 |         10 |           317.80 |       253.37 |       317.62 |                 28.68 |                    0.10 |     44 |     0.8306 |
|        1 |         11 |           317.80 |       253.37 |       339.30 |                 19.16 |                    0.10 |     44 |     0.8344 |
|        1 |         12 |           317.80 |       253.37 |       320.08 |                 26.30 |                    0.10 |     44 |     0.8383 |
|        1 |         13 |           317.80 |       253.37 |       333.85 |                 36.47 |                    0.10 |     44 |     0.8418 |
|        1 |         14 |           317.80 |       253.37 |       356.11 |                 38.61 |                    0.10 |     44 |     0.8454 |
|        1 |         15 |           317.80 |       253.37 |       348.70 |                 16.24 |                    0.10 |     44 |     0.8529 |
|        1 |         16 |           317.80 |       253.37 |       301.47 |                 20.71 |                    0.10 |     44 |     0.8606 |
|        1 |         17 |           317.80 |       253.37 |       324.17 |                 24.71 |                    0.10 |     44 |     0.8646 |
|        1 |         18 |           317.80 |       253.37 |       347.90 |                 14.63 |                    0.10 |     44 |     0.8697 |
|        1 |         19 |           317.80 |       253.37 |       317.80 |                  9.39 |                    0.10 |     44 |     0.8737 |
|        1 |         20 |           317.80 |       253.37 |       317.80 |                  7.22 |                    0.10 |     44 |     0.8774 |
|        1 |         21 |           317.80 |       253.37 |       289.71 |                 10.82 |                    0.10 |     44 |     0.8834 |
|        1 |         22 |           317.80 |       253.37 |       300.89 |                 20.65 |                    0.10 |     44 |     0.8871 |
|        1 |         23 |           317.80 |       253.37 |       348.70 |                 11.64 |                    0.10 |     44 |     0.8947 |
|        1 |         24 |           317.80 |       253.37 |       294.64 |                 12.53 |                    0.10 |     44 |     0.9090 |
|        1 |         25 |           317.80 |       253.37 |       306.54 |                 25.65 |                    0.10 |     44 |     0.9167 |
|        1 |         26 |           317.80 |       253.37 |       333.59 |                 19.33 |                    0.10 |     44 |     0.9217 |
|        1 |         27 |           317.80 |       253.37 |       318.20 |                 10.76 |                    0.10 |     46 |     0.9283 |
|        1 |         28 |           317.80 |       253.37 |       267.95 |                 16.16 |                    0.10 |     46 |     0.9323 |
|        1 |         29 |           317.80 |       253.37 |       280.81 |                 14.87 |                    0.10 |     46 |     0.9358 |
|        1 |         30 |           317.80 |       253.37 |       278.83 |                 14.95 |                    0.10 |     46 |     0.9406 |
|        1 |         31 |           317.80 |       253.37 |       278.70 |                 16.63 |                    0.10 |     46 |     0.9445 |
|        1 |         32 |           317.80 |       253.37 |       282.77 |                 17.95 |                    0.10 |     46 |     0.9489 |
|        1 |         33 |           317.80 |       253.37 |       285.85 |                 10.31 |                    0.10 |     46 |     0.9535 |
|        1 |         34 |           317.80 |       253.37 |       270.18 |                 21.75 |                    0.10 |     46 |     0.9573 |
|        1 |         35 |           317.80 |       253.37 |       292.88 |                 23.98 |                    0.10 |     46 |     0.9603 |
|        1 |         36 |           317.80 |       253.37 |       297.42 |                 20.17 |                    0.10 |     46 |     0.9637 |
|        1 |         37 |           317.80 |       253.37 |       290.48 |                 14.88 |                    0.10 |     46 |     0.9686 |
|        1 |         38 |           317.80 |       253.37 |       279.47 |                 20.43 |                    0.10 |     46 |     0.9721 |
|        1 |         39 |           317.80 |       253.37 |       323.40 |                 36.75 |                    0.10 |     46 |     0.9754 |
|        1 |         40 |           317.80 |       253.37 |       303.99 |                 20.36 |                    0.10 |     46 |     0.9880 |
|        1 |         41 |           317.80 |       253.37 |       325.17 |                 17.80 |                    0.10 |     46 |     0.9931 |
|        1 |         42 |           317.80 |       253.37 |       316.87 |                 35.01 |                    0.10 |     46 |     0.9969 |
|        1 |         43 |           317.80 |       253.37 |       319.20 |                 24.30 |                    0.10 |     47 |     1.0028 |
|        1 |         44 |           317.80 |       253.37 |       317.80 |                 12.02 |                    0.10 |     47 |     1.0075 |
|        1 |         45 |           317.80 |       253.37 |       298.88 |                 18.18 |                    0.10 |     47 |     1.0146 |
|        1 |         46 |           317.80 |       253.37 |       318.41 |                 39.50 |                    0.10 |     47 |     1.0192 |
|        1 |         47 |           317.80 |       253.37 |       319.20 |                 22.70 |                    0.10 |     47 |     1.0238 |
|        1 |         48 |           317.80 |       253.37 |       319.20 |                 13.31 |                    0.10 |     47 |     1.0281 |
|        1 |         49 |           317.80 |       253.37 |       317.80 |                  6.07 |                    0.10 |     47 |     1.0340 |
|        1 |         50 |           317.80 |       253.37 |       258.23 |                  5.57 |                    0.10 |     47 |     1.0400 |
|        1 |         51 |           317.80 |       253.37 |       285.18 |                 13.64 |                    0.10 |     47 |     1.0449 |
|        1 |         52 |           317.80 |       253.37 |       310.85 |                 24.52 |                    0.10 |     47 |     1.0495 |
|        1 |         53 |           317.80 |       253.37 |       318.60 |                  9.33 |                    0.10 |     47 |     1.0565 |
|        1 |         54 |           317.80 |       253.37 |       291.14 |                 10.14 |                    0.10 |     47 |     1.0655 |
|        1 |         55 |           317.80 |       253.37 |       301.51 |                 18.60 |                    0.10 |     47 |     1.0720 |
|        1 |         56 |           317.80 |       253.37 |       317.77 |                 23.10 |                    0.10 |     47 |     1.0789 |
|        1 |         57 |           317.80 |       253.37 |       328.27 |                 22.56 |                    0.10 |     47 |     1.0862 |
|        1 |         58 |           317.80 |       253.37 |       327.63 |                 21.61 |                    0.10 |     47 |     1.0932 |
|        1 |         59 |           317.80 |       253.37 |       317.80 |                 15.61 |                    0.10 |     47 |     1.1037 |
|        1 |         60 |           317.80 |       253.37 |       317.80 |                  8.36 |                    0.10 |     47 |     1.1117 |
|        1 |         61 |           317.80 |       253.37 |       265.56 |                 11.60 |                    0.10 |     47 |     1.1153 |
|        1 |         62 |           317.80 |       253.37 |       317.80 |                  7.01 |                    0.10 |     47 |     1.1192 |
|        1 |         63 |           317.80 |       253.37 |       317.80 |                  3.84 |                    0.10 |     47 |     1.1230 |
|        1 |         64 |           317.80 |       253.37 |       257.05 |                  7.47 |                    0.10 |     47 |     1.1274 |
|        1 |         65 |           317.80 |       253.37 |       296.84 |                 13.43 |                    0.10 |     47 |     1.1310 |
|        1 |         66 |           317.80 |       253.37 |       308.87 |                 16.49 |                    0.10 |     47 |     1.1363 |
|        1 |         67 |           317.80 |       253.37 |       312.25 |                 12.68 |                    0.10 |     47 |     1.1401 |
|        1 |         68 |           317.80 |       253.37 |       304.21 |                 21.47 |                    0.10 |     47 |     1.1437 |
|        1 |         69 |           317.80 |       253.37 |       348.70 |                 10.51 |                    0.10 |     47 |     1.1484 |
|        1 |         70 |           317.80 |       253.37 |       293.08 |                  8.81 |                    0.10 |     47 |     1.1560 |
|        1 |         71 |           317.80 |       253.37 |       296.40 |                  9.61 |                    0.10 |     47 |     1.1596 |
|        1 |         72 |           317.80 |       253.37 |       298.61 |                 17.12 |                    0.10 |     47 |     1.1631 |
|        1 |         73 |           317.80 |       253.37 |       313.88 |                 28.14 |                    0.10 |     47 |     1.1665 |
|        1 |         74 |           317.80 |       253.37 |       310.06 |                 53.74 |                    0.10 |     47 |     1.1701 |
|        1 |         75 |           317.80 |       253.37 |       318.60 |                 27.12 |                    0.10 |     47 |     1.1746 |
|        1 |         76 |           317.80 |       253.37 |       318.60 |                 17.95 |                    0.10 |     47 |     1.1783 |
|        1 |         77 |           317.80 |       253.37 |       301.25 |                 14.16 |                    0.10 |     47 |     1.1869 |
|        1 |         78 |           317.80 |       253.37 |       309.96 |                  8.64 |                    0.10 |     47 |     1.1916 |
|        1 |         79 |           317.80 |       253.37 |       297.47 |                 14.05 |                    0.10 |     47 |     1.1956 |
|        1 |         80 |           317.80 |       253.37 |       308.31 |                 17.98 |                    0.10 |     47 |     1.1997 |
|        1 |         81 |           317.80 |       253.37 |       317.90 |                 28.61 |                    0.10 |     47 |     1.2063 |
|        1 |         82 |           317.80 |       253.37 |       340.24 |                 49.94 |                    0.10 |     47 |     1.2098 |
|        1 |         83 |           317.80 |       253.37 |       375.60 |                 27.59 |                    0.10 |     51 |     1.2140 |
|        1 |         84 |           317.80 |       253.37 |       319.20 |                 12.72 |                    0.10 |     51 |     1.2194 |
|        1 |         85 |           317.80 |       253.37 |       298.45 |                 11.68 |                    0.10 |     51 |     1.2248 |
|        1 |         86 |           317.80 |       253.37 |       304.28 |                 17.56 |                    0.10 |     51 |     1.2281 |
|        1 |         87 |           317.80 |       253.37 |       315.67 |                 26.91 |                    0.10 |     51 |     1.2321 |
|        1 |         88 |           317.80 |       253.37 |       336.20 |                 38.07 |                    0.10 |     51 |     1.2355 |
|        1 |         89 |           317.80 |       253.37 |       349.30 |                 22.34 |                    0.10 |     51 |     1.2397 |
|        1 |         90 |           317.80 |       253.37 |       349.30 |                 13.37 |                    0.10 |     51 |     1.2438 |
|        1 |         91 |           317.80 |       253.37 |       307.48 |                 19.10 |                    0.10 |     51 |     1.2482 |
|        1 |         92 |           317.80 |       253.37 |       318.78 |                 28.98 |                    0.10 |     51 |     1.2518 |
|        1 |         93 |           317.80 |       253.37 |       340.51 |                 21.38 |                    0.10 |     51 |     1.2570 |
|        1 |         94 |           317.80 |       253.37 |       349.30 |                 13.18 |                    0.10 |     51 |     1.2615 |
|        1 |         95 |           317.80 |       253.37 |       306.54 |                 17.91 |                    0.10 |     51 |     1.2655 |
|        1 |         96 |           317.80 |       253.37 |       317.10 |                 19.33 |                    0.10 |     51 |     1.2699 |
|        1 |         97 |           317.80 |       253.37 |       314.05 |                 28.97 |                    0.10 |     51 |     1.2767 |
|        1 |         98 |           317.80 |       253.37 |       303.13 |                 20.42 |                    0.10 |     51 |     1.2882 |
|        1 |         99 |           317.80 |       253.37 |       321.04 |                 13.91 |                    0.10 |     51 |     1.2926 |
|        1 |        100 |           317.80 |       253.37 |       310.03 |                 25.53 |                    0.10 |     51 |     1.2963 |
|        1 |        101 |           317.80 |       253.37 |       317.80 |                 19.34 |                    0.10 |     51 |     1.3055 |
|        1 |        102 |           317.80 |       253.37 |       303.81 |                 21.66 |                    0.10 |     51 |     1.3128 |
|        1 |        103 |           317.80 |       253.37 |       324.39 |                 18.04 |                    0.10 |     51 |     1.3166 |
|        1 |        104 |           317.80 |       253.37 |       318.50 |                 25.27 |                    0.10 |     51 |     1.3204 |
|        1 |        105 |           317.80 |       253.37 |       331.75 |                 26.46 |                    0.10 |     51 |     1.3248 |
|        1 |        106 |           317.80 |       253.37 |       334.19 |                 16.32 |                    0.10 |     51 |     1.3286 |
|        1 |        107 |           317.80 |       253.37 |       312.84 |                 32.43 |                    0.10 |     51 |     1.3324 |
|        1 |        108 |           317.80 |       253.37 |       347.02 |                 28.08 |                    0.10 |     51 |     1.3375 |
|        1 |        109 |           317.80 |       253.37 |       349.30 |                 13.88 |                    0.10 |     51 |     1.3426 |
|        1 |        110 |           317.80 |       253.37 |       305.26 |                  8.14 |                    0.10 |     51 |     1.3476 |
|        1 |        111 |           317.80 |       253.37 |       265.11 |                 14.34 |                    0.10 |     51 |     1.3515 |
|        1 |        112 |           317.80 |       253.37 |       279.87 |                 28.21 |                    0.10 |     51 |     1.3555 |
|        1 |        113 |           317.80 |       253.37 |       304.93 |                 18.66 |                    0.10 |     51 |     1.3595 |
|        1 |        114 |           317.80 |       253.37 |       315.92 |                 11.86 |                    0.10 |     51 |     1.3635 |
|        1 |        115 |           317.80 |       253.37 |       302.79 |                 21.75 |                    0.10 |     51 |     1.3672 |
|        1 |        116 |           317.80 |       253.37 |       297.04 |                 31.71 |                    0.10 |     51 |     1.3711 |
|        1 |        117 |           317.80 |       253.37 |       313.20 |                 27.21 |                    0.10 |     51 |     1.3750 |
|        1 |        118 |           317.80 |       253.37 |       335.79 |                 16.94 |                    0.10 |     51 |     1.3798 |
|        1 |        119 |           317.80 |       253.37 |       312.47 |                 21.47 |                    0.10 |     51 |     1.3831 |
|        1 |        120 |           317.80 |       253.37 |       347.90 |                 12.60 |                    0.10 |     51 |     1.3869 |
|        1 |        121 |           317.80 |       253.37 |       287.53 |                 13.85 |                    0.10 |     51 |     1.3928 |
|        1 |        122 |           317.80 |       253.37 |       276.49 |                 15.11 |                    0.10 |     51 |     1.3966 |
|        1 |        123 |           317.80 |       253.37 |       281.55 |                 14.61 |                    0.10 |     51 |     1.4008 |
|        1 |        124 |           317.80 |       253.37 |       280.78 |                 24.25 |                    0.10 |     51 |     1.4045 |
|        1 |        125 |           317.80 |       253.37 |       317.80 |                 14.23 |                    0.10 |     51 |     1.4085 |
|        1 |        126 |           317.80 |       253.37 |       301.67 |                 17.66 |                    0.10 |     51 |     1.4138 |
|        1 |        127 |           317.80 |       253.37 |       347.90 |                 17.72 |                    0.10 |     51 |     1.4218 |
|        1 |        128 |           317.80 |       253.37 |       297.19 |                 11.43 |                    0.10 |     51 |     1.4319 |
|        1 |        129 |           317.80 |       253.37 |       302.16 |                  9.90 |                    0.10 |     51 |     1.4363 |
|        1 |        130 |           317.80 |       253.37 |       298.41 |                  6.41 |                    0.10 |     51 |     1.4414 |
|        1 |        131 |           317.80 |       253.37 |       292.22 |                  4.41 |                    0.10 |     51 |     1.4459 |
|        1 |        132 |           317.80 |       253.37 |       259.60 |                  3.94 |                    0.10 |     51 |     1.4510 |
|        1 |        133 |           317.80 |       253.37 |       256.37 |                  4.80 |                    0.10 |     51 |     1.4544 |
|        1 |        134 |           317.80 |       253.37 |       258.68 |                  7.27 |                    0.10 |     51 |     1.4587 |
|        1 |        135 |           317.80 |       253.37 |       266.94 |                 15.78 |                    0.10 |     51 |     1.4662 |
|        1 |        136 |           317.80 |       253.37 |       281.66 |                 11.76 |                    0.10 |     51 |     1.4706 |
|        1 |        137 |           317.80 |       253.37 |       274.48 |                 20.11 |                    0.10 |     51 |     1.4746 |
|        1 |        138 |           317.80 |       253.37 |       317.80 |                 11.00 |                    0.10 |     51 |     1.4795 |
|        1 |        139 |           317.80 |       253.37 |       317.80 |                  6.65 |                    0.10 |     51 |     1.4863 |
|        1 |        140 |           317.80 |       253.37 |       317.80 |                  3.71 |                    0.10 |     51 |     1.4925 |
|        1 |        141 |           317.80 |       253.37 |       256.69 |                  4.17 |                    0.10 |     51 |     1.4978 |
|        1 |        142 |           317.80 |       253.37 |       256.92 |                  8.04 |                    0.10 |     51 |     1.5018 |
|        1 |        143 |           317.80 |       253.37 |       297.70 |                 16.95 |                    0.10 |     51 |     1.5059 |
|        1 |        144 |           317.80 |       253.37 |       322.26 |                 34.70 |                    0.10 |     51 |     1.5103 |
|        1 |        145 |           317.80 |       253.37 |       317.80 |                 22.64 |                    0.10 |     51 |     1.5180 |
|        1 |        146 |           317.80 |       253.37 |       317.80 |                 14.68 |                    0.10 |     51 |     1.5221 |
|        1 |        147 |           317.80 |       253.37 |       317.80 |                  9.15 |                    0.10 |     51 |     1.5255 |
|        1 |        148 |           317.80 |       253.37 |       295.28 |                 10.15 |                    0.10 |     51 |     1.5337 |
|        1 |        149 |           317.80 |       253.37 |       299.73 |                 12.48 |                    0.10 |     51 |     1.5377 |
|        1 |        150 |           317.80 |       253.37 |       296.16 |                 14.26 |                    0.10 |     51 |     1.5457 |
|        1 |        151 |           317.80 |       253.37 |       278.48 |                 22.52 |                    0.10 |     51 |     1.5500 |
|        1 |        152 |           317.80 |       253.37 |       293.53 |                 38.16 |                    0.10 |     51 |     1.5531 |
|        1 |        153 |           317.80 |       253.37 |       317.80 |                 24.73 |                    0.10 |     51 |     1.5572 |
|        1 |        154 |           317.80 |       253.37 |       347.90 |                 12.86 |                    0.10 |     51 |     1.5620 |
|        1 |        155 |           317.80 |       253.37 |       295.60 |                 13.30 |                    0.10 |     51 |     1.5706 |
|        1 |        156 |           317.80 |       253.37 |       307.01 |                 23.40 |                    0.10 |     51 |     1.5757 |
|        1 |        157 |           317.80 |       253.37 |       327.01 |                 28.20 |                    0.10 |     51 |     1.5800 |
|        1 |        158 |           317.80 |       253.37 |       337.72 |                 17.38 |                    0.10 |     51 |     1.5846 |
|        1 |        159 |           317.80 |       253.37 |       317.10 |                 20.94 |                    0.10 |     51 |     1.5890 |
|        1 |        160 |           317.80 |       253.37 |       304.00 |                 15.54 |                    0.10 |     51 |     1.5980 |
|        1 |        161 |           317.80 |       253.37 |       301.81 |                 16.08 |                    0.10 |     51 |     1.6053 |
|        1 |        162 |           317.80 |       253.37 |       312.36 |                 26.71 |                    0.10 |     51 |     1.6086 |
|        1 |        163 |           317.80 |       253.37 |       335.78 |                 28.56 |                    0.10 |     51 |     1.6117 |
|        1 |        164 |           317.80 |       253.37 |       347.90 |                 18.14 |                    0.10 |     51 |     1.6169 |
|        1 |        165 |           317.80 |       253.37 |       347.90 |                 10.23 |                    0.10 |     51 |     1.6206 |
|        1 |        166 |           317.80 |       253.37 |       347.90 |                  5.32 |                    0.10 |     51 |     1.6246 |
|        1 |        167 |           317.80 |       253.37 |       290.63 |                  4.01 |                    0.10 |     51 |     1.6292 |
|        1 |        168 |           317.80 |       253.37 |       288.21 |                  6.99 |                    0.10 |     51 |     1.6326 |
|        1 |        169 |           317.80 |       253.37 |       291.06 |                 10.47 |                    0.10 |     51 |     1.6436 |
|        1 |        170 |           317.80 |       253.37 |       303.32 |                 18.26 |                    0.10 |     51 |     1.6497 |
|        1 |        171 |           317.80 |       253.37 |       317.45 |                 31.56 |                    0.10 |     51 |     1.6532 |
|        1 |        172 |           317.80 |       253.37 |       317.80 |                 19.38 |                    0.10 |     51 |     1.6631 |
|        1 |        173 |           317.80 |       253.37 |       313.63 |                 20.08 |                    0.10 |     51 |     1.6689 |
|        1 |        174 |           317.80 |       253.37 |       306.52 |                 13.93 |                    0.10 |     51 |     1.6753 |
|        1 |        175 |           317.80 |       253.37 |       318.97 |                  7.70 |                    0.10 |     51 |     1.6797 |
|        1 |        176 |           317.80 |       253.37 |       295.08 |                 11.99 |                    0.10 |     51 |     1.6892 |
|        1 |        177 |           317.80 |       253.37 |       304.18 |                 14.02 |                    0.10 |     51 |     1.6955 |
|        1 |        178 |           317.80 |       253.37 |       308.80 |                 23.75 |                    0.10 |     51 |     1.6987 |
|        1 |        179 |           317.80 |       253.37 |       317.80 |                 15.23 |                    0.10 |     51 |     1.7050 |
|        1 |        180 |           317.80 |       253.37 |       304.12 |                 15.76 |                    0.10 |     51 |     1.7117 |
|        1 |        181 |           317.80 |       253.37 |       312.36 |                 12.24 |                    0.10 |     51 |     1.7156 |
|        1 |        182 |           317.80 |       253.37 |       306.70 |                 24.56 |                    0.10 |     51 |     1.7202 |
|        1 |        183 |           317.80 |       253.37 |       329.32 |                 41.16 |                    0.10 |     51 |     1.7246 |
|        1 |        184 |           317.80 |       253.37 |       317.80 |                 19.55 |                    0.10 |     51 |     1.7301 |
|        1 |        185 |           317.80 |       253.37 |       317.80 |                 10.80 |                    0.10 |     51 |     1.7344 |
|        1 |        186 |           317.80 |       253.37 |       271.42 |                 12.75 |                    0.10 |     51 |     1.7388 |
|        1 |        187 |           317.80 |       253.37 |       274.01 |                 14.48 |                    0.10 |     51 |     1.7423 |
|        1 |        188 |           317.80 |       253.37 |       278.04 |                 16.77 |                    0.10 |     51 |     1.7466 |
|        1 |        189 |           317.80 |       253.37 |       282.04 |                 18.84 |                    0.10 |     51 |     1.7509 |
|        1 |        190 |           317.80 |       253.37 |       286.56 |                 33.22 |                    0.11 |     51 |     1.7546 |
|        1 |        191 |           317.80 |       253.37 |       349.08 |                 42.97 |                    0.10 |     51 |     1.7583 |
|        1 |        192 |           317.80 |       253.37 |       332.07 |                 38.20 |                    0.10 |     51 |     1.7678 |
|        1 |        193 |           317.80 |       253.37 |       347.90 |                 34.33 |                    0.10 |     51 |     1.7760 |
|        1 |        194 |           317.80 |       253.37 |       318.60 |                 18.38 |                    0.10 |     51 |     1.7822 |
|        1 |        195 |           317.80 |       253.37 |       317.80 |                  9.37 |                    0.10 |     51 |     1.7866 |
|        1 |        196 |           317.80 |       253.37 |       317.80 |                  5.67 |                    0.10 |     51 |     1.7907 |
|        1 |        197 |           317.80 |       253.37 |       288.92 |                  4.75 |                    0.10 |     51 |     1.7991 |
|        1 |        198 |           317.80 |       253.37 |       260.68 |                 11.75 |                    0.10 |     51 |     1.8048 |
|        1 |        199 |           317.80 |       253.37 |       271.99 |                  8.59 |                    0.10 |     51 |     1.8088 |
|        1 |        200 |           317.80 |       253.37 |       266.02 |                 15.60 |                    0.10 |     51 |     1.8123 |
|        1 |        201 |           317.80 |       253.37 |       279.70 |                 14.50 |                    0.10 |     51 |     1.8161 |
|        1 |        202 |           317.80 |       253.37 |       277.51 |                 16.14 |                    0.10 |     51 |     1.8199 |
|        1 |        203 |           317.80 |       253.37 |       311.20 |                 12.91 |                    0.10 |     51 |     1.8237 |
|        1 |        204 |           317.80 |       253.37 |       306.23 |                 19.34 |                    0.10 |     51 |     1.8311 |
|        1 |        205 |           317.80 |       253.37 |       318.88 |                 13.58 |                    0.10 |     51 |     1.8357 |
|        1 |        206 |           317.80 |       253.37 |       314.34 |                 28.05 |                    0.10 |     51 |     1.8406 |
|        1 |        207 |           317.80 |       253.37 |       336.31 |                 50.97 |                    0.10 |     51 |     1.8443 |
|        1 |        208 |           317.80 |       253.37 |       347.90 |                 17.01 |                    0.10 |     51 |     1.8537 |
|        1 |        209 |           317.80 |       253.37 |       269.70 |                 10.88 |                    0.10 |     51 |     1.8621 |
|        1 |        210 |           317.80 |       253.37 |       272.54 |                 21.62 |                    0.10 |     51 |     1.8661 |
|        1 |        211 |           317.80 |       253.37 |       293.96 |                 23.58 |                    0.10 |     51 |     1.8702 |
|        1 |        212 |           317.80 |       253.37 |       295.66 |                 32.05 |                    0.10 |     51 |     1.8737 |
|        1 |        213 |           317.80 |       253.37 |       312.61 |                 44.91 |                    0.10 |     51 |     1.8774 |
|        1 |        214 |           317.80 |       253.37 |       317.80 |                 24.30 |                    0.10 |     51 |     1.8822 |
|        1 |        215 |           317.80 |       253.37 |       317.80 |                 14.69 |                    0.10 |     51 |     1.8858 |
|        1 |        216 |           317.80 |       253.37 |       317.80 |                  7.96 |                    0.10 |     51 |     1.8901 |
|        1 |        217 |           317.80 |       253.37 |       317.80 |                  4.72 |                    0.10 |     51 |     1.8939 |
|        1 |        218 |           317.80 |       253.37 |       286.39 |                  6.53 |                    0.10 |     51 |     1.9002 |
|        1 |        219 |           317.80 |       253.37 |       291.66 |                  4.07 |                    0.10 |     51 |     1.9038 |
|        1 |        220 |           317.80 |       253.37 |       263.43 |                 12.90 |                    0.10 |     51 |     1.9109 |
|        1 |        221 |           317.80 |       253.37 |       275.09 |                 17.70 |                    0.10 |     51 |     1.9151 |
|        1 |        222 |           317.80 |       253.37 |       314.01 |                 13.33 |                    0.10 |     51 |     1.9198 |
|        1 |        223 |           317.80 |       253.37 |       275.43 |                 14.83 |                    0.10 |     51 |     1.9241 |
|        1 |        224 |           317.80 |       253.37 |       279.06 |                 26.41 |                    0.10 |     51 |     1.9278 |
|        1 |        225 |           317.80 |       253.37 |       317.80 |                 16.60 |                    0.10 |     51 |     1.9325 |
|        1 |        226 |           317.80 |       253.37 |       305.76 |                 26.15 |                    0.10 |     51 |     1.9394 |
|        1 |        227 |           317.80 |       253.37 |       336.28 |                 50.94 |                    0.10 |     51 |     1.9432 |
|        1 |        228 |           317.80 |       253.37 |       347.90 |                 18.43 |                    0.10 |     51 |     1.9512 |
|        1 |        229 |           317.80 |       253.37 |       263.82 |                  9.90 |                    0.10 |     51 |     1.9645 |
|        1 |        230 |           317.80 |       253.37 |       268.51 |                 12.06 |                    0.10 |     51 |     1.9679 |
|        1 |        231 |           317.80 |       253.37 |       273.11 |                 13.97 |                    0.10 |     51 |     1.9720 |
|        1 |        232 |           317.80 |       253.37 |       276.72 |                 13.64 |                    0.10 |     51 |     1.9762 |
|        1 |        233 |           317.80 |       253.37 |       277.18 |                 26.05 |                    0.10 |     51 |     1.9805 |
|        1 |        234 |           317.80 |       253.37 |       300.60 |                 35.77 |                    0.10 |     51 |     1.9844 |
|        1 |        235 |           317.80 |       253.37 |       317.80 |                 17.00 |                    0.10 |     51 |     1.9897 |
|        1 |        236 |           317.80 |       253.37 |       350.60 |                  8.49 |                    0.10 |     51 |     1.9942 |
|        1 |        237 |           317.80 |       253.37 |       296.19 |                 14.81 |                    0.10 |     51 |     1.9985 |
|        1 |        238 |           317.80 |       253.37 |       310.72 |                 27.18 |                    0.10 |     51 |     2.0022 |
|        1 |        239 |           317.80 |       253.37 |       334.56 |                 49.38 |                    0.10 |     51 |     2.0057 |
|        1 |        240 |           317.80 |       253.37 |       348.60 |                 46.33 |                    0.10 |     51 |     2.0102 |
|        1 |        241 |           317.80 |       253.37 |       349.30 |                 20.50 |                    0.10 |     51 |     2.0170 |
|        1 |        242 |           317.80 |       253.37 |       347.90 |                 10.55 |                    0.10 |     51 |     2.0220 |
|        1 |        243 |           317.80 |       253.37 |       294.99 |                 12.44 |                    0.10 |     51 |     2.0284 |
|        1 |        244 |           317.80 |       253.37 |       347.90 |                  6.27 |                    0.10 |     51 |     2.0333 |
|        1 |        245 |           317.80 |       253.37 |       256.16 |                  6.96 |                    0.10 |     51 |     2.0413 |
|        1 |        246 |           317.80 |       253.37 |       262.84 |                  6.34 |                    0.10 |     51 |     2.0452 |
|        1 |        247 |           317.80 |       253.37 |       317.80 |                  3.72 |                    0.10 |     51 |     2.0492 |
|        1 |        248 |           317.80 |       253.37 |       286.41 |                  6.30 |                    0.10 |     51 |     2.0531 |
|        1 |        249 |           317.80 |       253.37 |       291.32 |                  7.98 |                    0.10 |     51 |     2.0563 |
|        1 |        250 |           317.80 |       253.37 |       290.63 |                  7.40 |                    0.10 |     51 |     2.0637 |
|        1 |        251 |           317.80 |       253.37 |       293.99 |                  8.82 |                    0.10 |     51 |     2.0678 |
|        1 |        252 |           317.80 |       253.37 |       269.60 |                 12.72 |                    0.10 |     51 |     2.0733 |
|        1 |        253 |           317.80 |       253.37 |       274.46 |                 15.96 |                    0.10 |     51 |     2.0784 |
|        1 |        254 |           317.80 |       253.37 |       317.80 |                  8.90 |                    0.10 |     51 |     2.0871 |
|        1 |        255 |           317.80 |       253.37 |       317.80 |                  5.95 |                    0.10 |     51 |     2.0939 |
|        1 |        256 |           317.80 |       253.37 |       317.80 |                  4.26 |                    0.10 |     51 |     2.0982 |
|        1 |        257 |           317.80 |       253.37 |       256.13 |                  6.66 |                    0.10 |     51 |     2.1031 |
|        1 |        258 |           317.80 |       253.37 |       262.78 |                  5.37 |                    0.10 |     51 |     2.1085 |
|        1 |        259 |           317.80 |       253.37 |       259.57 |                  9.01 |                    0.10 |     51 |     2.1117 |
|        1 |        260 |           317.80 |       253.37 |       267.07 |                 10.43 |                    0.10 |     51 |     2.1160 |
|        1 |        261 |           317.80 |       253.37 |       269.37 |                 19.34 |                    0.10 |     51 |     2.1200 |
|        1 |        262 |           317.80 |       253.37 |       270.49 |                 11.75 |                    0.10 |     51 |     2.1402 |
|        1 |        263 |           317.80 |       253.37 |       272.24 |                 22.66 |                    0.10 |     51 |     2.1453 |
|        1 |        264 |           317.80 |       253.37 |       297.10 |                 18.47 |                    0.10 |     51 |     2.1521 |
|        1 |        265 |           317.80 |       253.37 |       285.44 |                 17.33 |                    0.10 |     51 |     2.1564 |
|        1 |        266 |           317.80 |       253.37 |       283.86 |                 18.72 |                    0.10 |     51 |     2.1615 |
|        1 |        267 |           317.80 |       253.37 |       289.04 |                 31.07 |                    0.10 |     51 |     2.1659 |
|        1 |        268 |           317.80 |       253.37 |       318.60 |                 17.33 |                    0.10 |     51 |     2.1704 |
|        1 |        269 |           317.80 |       253.37 |       318.60 |                  9.30 |                    0.10 |     51 |     2.1750 |
|        1 |        270 |           317.80 |       253.37 |       263.55 |                 14.80 |                    0.10 |     51 |     2.1813 |
|        1 |        271 |           317.80 |       253.37 |       309.71 |                 16.30 |                    0.10 |     51 |     2.1860 |
|        1 |        272 |           317.80 |       253.37 |       305.75 |                 23.94 |                    0.10 |     51 |     2.1936 |
|        1 |        273 |           317.80 |       253.37 |       296.85 |                 20.75 |                    0.10 |     51 |     2.1975 |
|        1 |        274 |           317.80 |       253.37 |       292.55 |                 18.89 |                    0.10 |     51 |     2.2019 |
|        1 |        275 |           317.80 |       253.37 |       286.66 |                 12.62 |                    0.10 |     51 |     2.2066 |
|        1 |        276 |           317.80 |       253.37 |       273.74 |                 13.90 |                    0.10 |     51 |     2.2110 |
|        1 |        277 |           317.80 |       253.37 |       276.58 |                 27.34 |                    0.10 |     51 |     2.2152 |
|        1 |        278 |           317.80 |       253.37 |       305.93 |                 16.63 |                    0.10 |     51 |     2.2247 |
|        1 |        279 |           317.80 |       253.37 |       314.80 |                 27.32 |                    0.10 |     51 |     2.2297 |
|        1 |        280 |           317.80 |       253.37 |       337.05 |                 22.96 |                    0.10 |     51 |     2.2347 |
|        1 |        281 |           317.80 |       253.37 |       317.80 |                 23.01 |                    0.10 |     51 |     2.2449 |
|        1 |        282 |           317.80 |       253.37 |       305.89 |                 14.58 |                    0.10 |     51 |     2.2556 |
|        1 |        283 |           317.80 |       253.37 |       309.65 |                 28.12 |                    0.10 |     51 |     2.2609 |
|        1 |        284 |           317.80 |       253.37 |       337.00 |                 27.19 |                    0.10 |     51 |     2.2688 |
|        1 |        285 |           317.80 |       253.37 |       336.78 |                 27.93 |                    0.10 |     51 |     2.2741 |
|        1 |        286 |           317.80 |       253.37 |       339.49 |                 27.56 |                    0.10 |     51 |     2.2787 |
|        1 |        287 |           317.80 |       253.37 |       336.43 |                 23.64 |                    0.10 |     51 |     2.2832 |
|        1 |        288 |           317.80 |       253.37 |       348.60 |                 15.17 |                    0.10 |     51 |     2.2878 |
|        1 |        289 |           317.80 |       253.37 |       306.03 |                 20.60 |                    0.10 |     51 |     2.2925 |
|        1 |        290 |           317.80 |       253.37 |       330.05 |                 17.32 |                    0.10 |     52 |     2.2968 |
|        1 |        291 |           317.80 |       253.37 |       349.30 |                 13.01 |                    0.10 |     52 |     2.3045 |
|        1 |        292 |           317.80 |       253.37 |       306.72 |                 23.15 |                    0.10 |     52 |     2.3092 |
|        1 |        293 |           317.80 |       253.37 |       317.80 |                 10.35 |                    0.10 |     52 |     2.3158 |
|        1 |        294 |           317.80 |       253.37 |       317.80 |                  6.13 |                    0.10 |     52 |     2.3199 |
|        1 |        295 |           317.80 |       253.37 |       269.07 |                  7.30 |                    0.10 |     52 |     2.3271 |
|        1 |        296 |           317.80 |       253.37 |       293.94 |                 12.74 |                    0.10 |     52 |     2.3308 |
|        1 |        297 |           317.80 |       253.37 |       304.59 |                 24.57 |                    0.10 |     52 |     2.3349 |
|        1 |        298 |           317.80 |       253.37 |       327.74 |                 18.89 |                    0.10 |     52 |     2.3394 |
|        1 |        299 |           317.80 |       253.37 |       294.13 |                 17.89 |                    0.10 |     52 |     2.3448 |
|        1 |        300 |           317.80 |       253.37 |       285.73 |                 33.49 |                    0.10 |     52 |     2.3485 |
|        1 |        301 |           317.80 |       253.37 |       315.47 |                 26.78 |                    0.10 |     52 |     2.3529 |
|        1 |        302 |           317.80 |       253.37 |       302.06 |                 26.96 |                    0.10 |     52 |     2.3569 |
|        1 |        303 |           317.80 |       253.37 |       304.06 |                 19.13 |                    0.10 |     52 |     2.3611 |
|        1 |        304 |           317.80 |       253.37 |       287.53 |                 13.43 |                    0.10 |     52 |     2.3660 |
|        1 |        305 |           317.80 |       253.37 |       275.89 |                 24.15 |                    0.10 |     52 |     2.3696 |
|        1 |        306 |           317.80 |       253.37 |       297.77 |                 46.57 |                    0.10 |     52 |     2.3770 |
|        1 |        307 |           317.80 |       253.37 |       317.80 |                 26.78 |                    0.10 |     52 |     2.3816 |
|        1 |        308 |           317.80 |       253.37 |       300.40 |                  6.23 |                    0.10 |     52 |     2.3925 |
|        1 |        309 |           317.80 |       253.37 |       291.55 |                  6.00 |                    0.10 |     52 |     2.4009 |
|        1 |        310 |           317.80 |       253.37 |       297.38 |                 14.56 |                    0.10 |     52 |     2.4063 |
|        1 |        311 |           317.80 |       253.37 |       310.50 |                 14.94 |                    0.10 |     52 |     2.4114 |
|        1 |        312 |           317.80 |       253.37 |       310.38 |                 20.51 |                    0.10 |     52 |     2.4154 |
|        1 |        313 |           317.80 |       253.37 |       322.05 |                 32.05 |                    0.10 |     52 |     2.4194 |
|        1 |        314 |           317.80 |       253.37 |       345.30 |                 14.30 |                    0.10 |     54 |     2.4275 |
|        1 |        315 |           317.80 |       253.37 |       305.55 |                 24.94 |                    0.10 |     54 |     2.4324 |
|        1 |        316 |           317.80 |       253.37 |       330.08 |                 17.51 |                    0.10 |     54 |     2.4369 |
|        1 |        317 |           317.80 |       253.37 |       316.29 |                 28.79 |                    0.10 |     54 |     2.4405 |
|        1 |        318 |           317.80 |       253.37 |       338.93 |                 40.70 |                    0.10 |     54 |     2.4451 |
|        1 |        319 |           317.80 |       253.37 |       318.20 |                 17.47 |                    0.10 |     54 |     2.4527 |
|        1 |        320 |           317.80 |       253.37 |       298.72 |                 19.73 |                    0.10 |     54 |     2.4625 |
|        1 |        321 |           317.80 |       253.37 |       290.64 |                 11.72 |                    0.10 |     54 |     2.4787 |
|        1 |        322 |           317.80 |       253.37 |       272.42 |                 21.94 |                    0.10 |     54 |     2.4825 |
|        1 |        323 |           317.80 |       253.37 |       293.27 |                 18.63 |                    0.10 |     54 |     2.4867 |
|        1 |        324 |           317.80 |       253.37 |       319.90 |                 13.90 |                    0.10 |     54 |     2.4908 |
|        1 |        325 |           317.80 |       253.37 |       310.52 |                 18.14 |                    0.10 |     55 |     2.4951 |
|        1 |        326 |           317.80 |       253.37 |       317.21 |                 14.94 |                    0.10 |     55 |     2.4998 |
|        1 |        327 |           317.80 |       253.37 |       300.74 |                 19.61 |                    0.10 |     55 |     2.5102 |
|        1 |        328 |           317.80 |       253.37 |       301.18 |                 21.05 |                    0.10 |     55 |     2.5212 |
|        1 |        329 |           317.80 |       253.37 |       322.72 |                 36.75 |                    0.10 |     55 |     2.5247 |
|        1 |        330 |           317.80 |       253.37 |       349.30 |                 13.26 |                    0.10 |     55 |     2.5364 |
|        1 |        331 |           317.80 |       253.37 |       302.75 |                 21.30 |                    0.10 |     55 |     2.5438 |
|        1 |        332 |           317.80 |       253.37 |       349.30 |                 13.01 |                    0.10 |     55 |     2.5488 |
|        1 |        333 |           317.80 |       253.37 |       306.73 |                 22.25 |                    0.10 |     55 |     2.5527 |
|        1 |        334 |           317.80 |       253.37 |       325.15 |                 40.03 |                    0.10 |     55 |     2.5563 |
|        1 |        335 |           317.80 |       253.37 |       349.30 |                 21.42 |                    0.10 |     55 |     2.5628 |
|        1 |        336 |           317.80 |       253.37 |       307.70 |                 16.25 |                    0.10 |     55 |     2.5706 |
|        1 |        337 |           317.80 |       253.37 |       305.66 |                 16.96 |                    0.10 |     55 |     2.5787 |
|        1 |        338 |           317.80 |       253.37 |       306.52 |                 23.44 |                    0.10 |     55 |     2.5865 |
|        1 |        339 |           317.80 |       253.37 |       305.59 |                 26.49 |                    0.10 |     55 |     2.5964 |
|        1 |        340 |           317.80 |       253.37 |       333.18 |                 22.05 |                    0.10 |     55 |     2.6005 |
|        1 |        341 |           317.80 |       253.37 |       325.19 |                 16.95 |                    0.10 |     55 |     2.6047 |
|        1 |        342 |           317.80 |       253.37 |       317.80 |                 11.44 |                    0.10 |     55 |     2.6088 |
|        1 |        343 |           317.80 |       253.37 |       296.72 |                 14.15 |                    0.10 |     55 |     2.6170 |
|        1 |        344 |           317.80 |       253.37 |       310.75 |                 27.29 |                    0.10 |     55 |     2.6211 |
|        1 |        345 |           317.80 |       253.37 |       335.88 |                 19.18 |                    0.10 |     55 |     2.6247 |
|        1 |        346 |           317.80 |       253.37 |       320.42 |                 21.32 |                    0.10 |     55 |     2.6335 |
|        1 |        347 |           317.80 |       253.37 |       349.30 |                 21.24 |                    0.10 |     55 |     2.6416 |
|        1 |        348 |           317.80 |       253.37 |       349.30 |                 11.05 |                    0.10 |     55 |     2.6461 |
|        1 |        349 |           317.80 |       253.37 |       280.96 |                 15.42 |                    0.10 |     55 |     2.6545 |
|        1 |        350 |           317.80 |       253.37 |       280.28 |                 16.16 |                    0.10 |     55 |     2.6589 |
|        1 |        351 |           317.80 |       253.37 |       281.79 |                 19.67 |                    0.10 |     55 |     2.6626 |
|        1 |        352 |           317.80 |       253.37 |       288.23 |                 33.66 |                    0.10 |     55 |     2.6657 |
|        1 |        353 |           317.80 |       253.37 |       318.60 |                 16.99 |                    0.10 |     55 |     2.6700 |
|        1 |        354 |           317.80 |       253.37 |       318.60 |                  9.48 |                    0.10 |     55 |     2.6751 |
|        1 |        355 |           317.80 |       253.37 |       263.03 |                  7.02 |                    0.10 |     55 |     2.6925 |
|        1 |        356 |           317.80 |       253.37 |       263.26 |                  7.14 |                    0.10 |     55 |     2.6971 |
|        1 |        357 |           317.80 |       253.37 |       262.78 |                  6.91 |                    0.10 |     55 |     2.7006 |
|        1 |        358 |           317.80 |       253.37 |       262.46 |                 14.57 |                    0.10 |     55 |     2.7092 |
|        1 |        359 |           317.80 |       253.37 |       278.23 |                 26.21 |                    0.10 |     55 |     2.7159 |
|        1 |        360 |           317.80 |       253.37 |       317.80 |                 14.47 |                    0.10 |     55 |     2.7250 |
|        1 |        361 |           317.80 |       253.37 |       295.55 |                 14.08 |                    0.10 |     55 |     2.7367 |
|        1 |        362 |           317.80 |       253.37 |       308.93 |                 25.08 |                    0.10 |     55 |     2.7399 |
|        1 |        363 |           317.80 |       253.37 |       330.36 |                 34.44 |                    0.10 |     55 |     2.7431 |
|        1 |        364 |           317.80 |       253.37 |       348.60 |                 18.62 |                    0.10 |     55 |     2.7492 |
|        1 |        365 |           317.80 |       253.37 |       292.07 |                 22.62 |                    0.10 |     55 |     2.7560 |
|        1 |        366 |           317.80 |       253.37 |       293.73 |                 14.52 |                    0.10 |     55 |     2.7600 |
|        1 |        367 |           317.80 |       253.37 |       279.02 |                 26.90 |                    0.10 |     55 |     2.7639 |
|        1 |        368 |           317.80 |       253.37 |       305.05 |                 27.09 |                    0.10 |     55 |     2.7677 |
|        1 |        369 |           317.80 |       253.37 |       317.80 |                 16.37 |                    0.10 |     55 |     2.7718 |
|        1 |        370 |           317.80 |       253.37 |       305.41 |                 13.21 |                    0.10 |     55 |     2.7769 |
|        1 |        371 |           317.80 |       253.37 |       308.25 |                 20.43 |                    0.10 |     55 |     2.7816 |
|        1 |        372 |           317.80 |       253.37 |       324.01 |                 33.90 |                    0.10 |     55 |     2.7857 |
|        1 |        373 |           317.80 |       253.37 |       349.36 |                 66.03 |                    0.10 |     55 |     2.7895 |
|        1 |        374 |           317.80 |       253.37 |       348.60 |                 34.26 |                    0.10 |     55 |     2.7970 |
|        1 |        375 |           317.80 |       253.37 |       348.60 |                 16.28 |                    0.10 |     55 |     2.8025 |
|        1 |        376 |           317.80 |       253.37 |       319.20 |                 11.09 |                    0.10 |     55 |     2.8071 |
|        1 |        377 |           317.80 |       253.37 |       292.13 |                 12.92 |                    0.10 |     55 |     2.8163 |
|        1 |        378 |           317.80 |       253.37 |       306.03 |                 14.09 |                    0.10 |     55 |     2.8205 |
|        1 |        379 |           317.80 |       253.37 |       307.62 |                 15.21 |                    0.10 |     55 |     2.8245 |
|        1 |        380 |           317.80 |       253.37 |       310.25 |                 10.16 |                    0.10 |     55 |     2.8284 |
|        1 |        381 |           317.80 |       253.37 |       279.67 |                 15.85 |                    0.10 |     55 |     2.8348 |
|        1 |        382 |           317.80 |       253.37 |       317.80 |                 11.58 |                    0.10 |     55 |     2.8389 |
|        1 |        383 |           317.80 |       253.37 |       317.80 |                  5.73 |                    0.10 |     55 |     2.8430 |
|        1 |        384 |           317.80 |       253.37 |       290.53 |                  6.70 |                    0.10 |     55 |     2.8471 |
|        1 |        385 |           317.80 |       253.37 |       266.54 |                 15.59 |                    0.10 |     55 |     2.8539 |
|        1 |        386 |           317.80 |       253.37 |       280.00 |                 13.50 |                    0.10 |     55 |     2.8583 |
|        1 |        387 |           317.80 |       253.37 |       276.61 |                 13.32 |                    0.10 |     55 |     2.8628 |
|        1 |        388 |           317.80 |       253.37 |       275.94 |                 15.57 |                    0.10 |     55 |     2.8671 |
|        1 |        389 |           317.80 |       253.37 |       313.07 |                 17.68 |                    0.10 |     55 |     2.8707 |
|        1 |        390 |           317.80 |       253.37 |       305.55 |                 23.02 |                    0.10 |     55 |     2.8776 |
|        1 |        391 |           317.80 |       253.37 |       328.59 |                 26.39 |                    0.10 |     55 |     2.8816 |
|        1 |        392 |           317.80 |       253.37 |       333.51 |                 35.52 |                    0.10 |     55 |     2.8849 |
|        1 |        393 |           317.80 |       253.37 |       350.80 |                 20.01 |                    0.10 |     56 |     2.8900 |
|        1 |        394 |           317.80 |       253.37 |       305.39 |                 12.42 |                    0.10 |     56 |     2.8981 |
|        1 |        395 |           317.80 |       253.37 |       295.41 |                 12.94 |                    0.10 |     56 |     2.9085 |
|        1 |        396 |           317.80 |       253.37 |       308.24 |                 18.14 |                    0.10 |     56 |     2.9119 |
|        1 |        397 |           317.80 |       253.37 |       317.94 |                 16.02 |                    0.10 |     56 |     2.9168 |
|        1 |        398 |           317.80 |       253.37 |       313.35 |                 15.65 |                    0.10 |     56 |     2.9205 |
|        1 |        399 |           317.80 |       253.37 |       312.61 |                 21.05 |                    0.10 |     56 |     2.9247 |
|        1 |        400 |           317.80 |       253.37 |       324.25 |                 25.37 |                    0.10 |     56 |     2.9287 |
|        1 |        401 |           317.80 |       253.37 |       333.58 |                 17.64 |                    0.10 |     56 |     2.9369 |
|        1 |        402 |           317.80 |       253.37 |       306.27 |                 17.90 |                    0.10 |     56 |     2.9498 |
|        1 |        403 |           317.80 |       253.37 |       316.35 |                 25.84 |                    0.10 |     56 |     2.9556 |
|        1 |        404 |           317.80 |       253.37 |       333.45 |                 31.45 |                    0.10 |     56 |     2.9619 |
|        1 |        405 |           317.80 |       253.37 |       306.37 |                 20.67 |                    0.10 |     56 |     2.9761 |
|        1 |        406 |           317.80 |       253.37 |       321.53 |                 18.09 |                    0.10 |     56 |     2.9803 |
|        1 |        407 |           317.80 |       253.37 |       317.84 |                 33.19 |                    0.10 |     56 |     2.9837 |
|        1 |        408 |           317.80 |       253.37 |       349.11 |                 23.77 |                    0.10 |     57 |     2.9888 |
|        1 |        409 |           317.80 |       253.37 |       349.30 |                 18.05 |                    0.10 |     57 |     2.9971 |
|        1 |        410 |           317.80 |       253.37 |       347.90 |                 11.32 |                    0.10 |     57 |     3.0107 |
|        1 |        411 |           317.80 |       253.37 |       347.90 |                  6.01 |                    0.10 |     57 |     3.0151 |
|        1 |        412 |           317.80 |       253.37 |       287.25 |                  6.40 |                    0.10 |     57 |     3.0229 |
|        1 |        413 |           317.80 |       253.37 |       293.26 |                 10.96 |                    0.10 |     57 |     3.0263 |
|        1 |        414 |           317.80 |       253.37 |       303.01 |                 13.89 |                    0.10 |     57 |     3.0298 |
|        1 |        415 |           317.80 |       253.37 |       308.54 |                 19.65 |                    0.10 |     57 |     3.0331 |
|        1 |        416 |           317.80 |       253.37 |       317.80 |                 19.34 |                    0.10 |     57 |     3.0401 |
|        1 |        417 |           317.80 |       253.37 |       305.80 |                 22.79 |                    0.10 |     57 |     3.0470 |
|        1 |        418 |           317.80 |       253.37 |       349.30 |                 15.22 |                    0.10 |     57 |     3.0514 |
|        1 |        419 |           317.80 |       253.37 |       305.86 |                 14.26 |                    0.10 |     57 |     3.0575 |
|        1 |        420 |           317.80 |       253.37 |       308.73 |                 24.17 |                    0.10 |     57 |     3.0610 |
|        1 |        421 |           317.80 |       253.37 |       329.03 |                 44.35 |                    0.10 |     57 |     3.0646 |
|        1 |        422 |           317.80 |       253.37 |       349.30 |                 28.44 |                    0.10 |     57 |     3.0701 |
|        1 |        423 |           317.80 |       253.37 |       302.28 |                 20.67 |                    0.10 |     57 |     3.0812 |
|        1 |        424 |           317.80 |       253.37 |       321.53 |                 16.87 |                    0.10 |     57 |     3.0855 |
|        1 |        425 |           317.80 |       253.37 |       315.30 |                 22.46 |                    0.10 |     57 |     3.0897 |
|        1 |        426 |           317.80 |       253.37 |       349.30 |                 22.57 |                    0.10 |     57 |     3.0967 |
|        1 |        427 |           317.80 |       253.37 |       305.91 |                 13.47 |                    0.10 |     57 |     3.1047 |
|        1 |        428 |           317.80 |       253.37 |       302.41 |                 18.43 |                    0.10 |     57 |     3.1125 |
|        1 |        429 |           317.80 |       253.37 |       286.86 |                 16.12 |                    0.10 |     57 |     3.1166 |
|        1 |        430 |           317.80 |       253.37 |       311.83 |                 12.01 |                    0.10 |     57 |     3.1214 |
|        1 |        431 |           317.80 |       253.37 |       304.62 |                  9.23 |                    0.10 |     57 |     3.1257 |
|        1 |        432 |           317.80 |       253.37 |       297.06 |                 16.27 |                    0.10 |     57 |     3.1296 |
|        1 |        433 |           317.80 |       253.37 |       311.79 |                 22.77 |                    0.10 |     57 |     3.1335 |
|        1 |        434 |           317.80 |       253.37 |       325.53 |                 19.94 |                    0.10 |     57 |     3.1373 |
|        1 |        435 |           317.80 |       253.37 |       319.68 |                 15.79 |                    0.10 |     57 |     3.1414 |
|        1 |        436 |           317.80 |       253.37 |       311.13 |                 11.65 |                    0.10 |     57 |     3.1467 |
|        1 |        437 |           317.80 |       253.37 |       302.13 |                 19.74 |                    0.10 |     57 |     3.1502 |
|        1 |        438 |           317.80 |       253.37 |       347.90 |                 12.53 |                    0.10 |     57 |     3.1576 |
|        1 |        439 |           317.80 |       253.37 |       317.80 |                  5.43 |                    0.10 |     57 |     3.1643 |
|        1 |        440 |           317.80 |       253.37 |       289.17 |                  8.15 |                    0.10 |     57 |     3.1702 |
|        1 |        441 |           317.80 |       253.37 |       296.50 |                 15.09 |                    0.10 |     57 |     3.1745 |
|        1 |        442 |           317.80 |       253.37 |       313.34 |                 27.15 |                    0.10 |     57 |     3.1781 |
|        1 |        443 |           317.80 |       253.37 |       339.51 |                 23.05 |                    0.10 |     57 |     3.1824 |
|        1 |        444 |           317.80 |       253.37 |       347.90 |                 13.12 |                    0.10 |     57 |     3.1866 |
|        1 |        445 |           317.80 |       253.37 |       277.64 |                 10.75 |                    0.10 |     57 |     3.1972 |
|        1 |        446 |           317.80 |       253.37 |       270.22 |                 21.36 |                    0.10 |     57 |     3.2037 |
|        1 |        447 |           317.80 |       253.37 |       292.51 |                 16.58 |                    0.10 |     57 |     3.2119 |
|        1 |        448 |           317.80 |       253.37 |       281.66 |                 16.04 |                    0.10 |     57 |     3.2188 |
|        1 |        449 |           317.80 |       253.37 |       280.90 |                 28.85 |                    0.10 |     57 |     3.2260 |
|        1 |        450 |           317.80 |       253.37 |       317.80 |                 18.52 |                    0.10 |     57 |     3.2331 |
|        1 |        451 |           317.80 |       253.37 |       317.12 |                 16.86 |                    0.10 |     57 |     3.2426 |
|        1 |        452 |           317.80 |       253.37 |       318.60 |                 10.88 |                    0.10 |     57 |     3.2544 |
|        1 |        453 |           317.80 |       253.37 |       268.36 |                 19.15 |                    0.10 |     57 |     3.2603 |
|        1 |        454 |           317.80 |       253.37 |       319.65 |                 19.28 |                    0.10 |     58 |     3.2640 |
|        1 |        455 |           317.80 |       253.37 |       318.73 |                 15.27 |                    0.10 |     58 |     3.2677 |
|        1 |        456 |           317.80 |       253.37 |       309.14 |                 27.47 |                    0.10 |     58 |     3.2710 |
|        1 |        457 |           317.80 |       253.37 |       317.80 |                 12.66 |                    0.10 |     58 |     3.2764 |
|        1 |        458 |           317.80 |       253.37 |       280.87 |                 13.35 |                    0.10 |     58 |     3.2853 |
|        1 |        459 |           317.80 |       253.37 |       313.17 |                 16.55 |                    0.10 |     58 |     3.2910 |
|        1 |        460 |           317.80 |       253.37 |       282.60 |                 20.55 |                    0.10 |     58 |     3.2953 |
|        1 |        461 |           317.80 |       253.37 |       318.60 |                 16.11 |                    0.10 |     58 |     3.2993 |
|        1 |        462 |           317.80 |       253.37 |       317.80 |                  8.21 |                    0.10 |     58 |     3.3032 |
|        1 |        463 |           317.80 |       253.37 |       264.24 |                 14.58 |                    0.10 |     58 |     3.3100 |
|        1 |        464 |           317.80 |       253.37 |       267.60 |                 17.70 |                    0.10 |     58 |     3.3170 |
|        1 |        465 |           317.80 |       253.37 |       306.63 |                 26.76 |                    0.10 |     58 |     3.3245 |
|        1 |        466 |           317.80 |       253.37 |       335.34 |                 38.22 |                    0.10 |     58 |     3.3288 |
|        1 |        467 |           317.80 |       253.37 |       349.30 |                 21.98 |                    0.10 |     58 |     3.3322 |
|        1 |        468 |           317.80 |       253.37 |       305.72 |                 11.97 |                    0.10 |     58 |     3.3411 |
|        1 |        469 |           317.80 |       253.37 |       304.87 |                 16.60 |                    0.10 |     58 |     3.3451 |
|        1 |        470 |           317.80 |       253.37 |       315.44 |                 24.19 |                    0.10 |     58 |     3.3505 |
|        1 |        471 |           317.80 |       253.37 |       349.30 |                 18.05 |                    0.10 |     58 |     3.3572 |
|        1 |        472 |           317.80 |       253.37 |       307.43 |                 20.85 |                    0.10 |     58 |     3.3694 |
|        1 |        473 |           317.80 |       253.37 |       322.31 |                 39.02 |                    0.10 |     58 |     3.3762 |
|        1 |        474 |           317.80 |       253.37 |       303.85 |                 20.24 |                    0.10 |     58 |     3.4097 |
|        1 |        475 |           317.80 |       253.37 |       320.67 |                 38.64 |                    0.10 |     58 |     3.4135 |
|        1 |        476 |           317.80 |       253.37 |       317.80 |                 14.09 |                    0.10 |     58 |     3.4239 |
|        1 |        477 |           317.80 |       253.37 |       318.60 |                  7.40 |                    0.10 |     58 |     3.4284 |
|        1 |        478 |           317.80 |       253.37 |       264.57 |                 15.04 |                    0.10 |     58 |     3.4404 |
|        1 |        479 |           317.80 |       253.37 |       297.98 |                 15.05 |                    0.10 |     58 |     3.4512 |
|        1 |        480 |           317.80 |       253.37 |       312.47 |                 28.74 |                    0.10 |     58 |     3.4549 |
|        1 |        481 |           317.80 |       253.37 |       317.80 |                 18.56 |                    0.10 |     58 |     3.4628 |
|        1 |        482 |           317.80 |       253.37 |       317.80 |                 11.56 |                    0.10 |     58 |     3.4666 |
|        1 |        483 |           317.80 |       253.37 |       291.87 |                 10.39 |                    0.12 |     58 |     3.4742 |
|        1 |        484 |           317.80 |       253.37 |       300.98 |                 14.55 |                    0.10 |     58 |     3.4779 |
|        1 |        485 |           317.80 |       253.37 |       312.82 |                 14.21 |                    0.10 |     58 |     3.4822 |
|        1 |        486 |           317.80 |       253.37 |       310.01 |                 20.09 |                    0.10 |     58 |     3.4862 |
|        1 |        487 |           317.80 |       253.37 |       321.49 |                 12.63 |                    0.10 |     58 |     3.4909 |
|        1 |        488 |           317.80 |       253.37 |       306.56 |                 13.77 |                    0.10 |     58 |     3.4944 |
|        1 |        489 |           317.80 |       253.37 |       314.15 |                 24.02 |                    0.10 |     58 |     3.4989 |
|        1 |        490 |           317.80 |       253.37 |       330.19 |                 44.52 |                    0.10 |     58 |     3.5027 |
|        1 |        491 |           317.80 |       253.37 |       317.80 |                 13.41 |                    0.10 |     58 |     3.5209 |
|        1 |        492 |           317.80 |       253.37 |       317.80 |                  8.35 |                    0.10 |     58 |     3.5246 |
|        1 |        493 |           317.80 |       253.37 |       265.02 |                 13.86 |                    0.10 |     58 |     3.5291 |
|        1 |        494 |           317.80 |       253.37 |       277.06 |                 13.40 |                    0.10 |     58 |     3.5331 |
|        1 |        495 |           317.80 |       253.37 |       276.12 |                 14.47 |                    0.10 |     58 |     3.5375 |
|        1 |        496 |           317.80 |       253.37 |       278.61 |                 19.64 |                    0.10 |     58 |     3.5424 |
|        1 |        497 |           317.80 |       253.37 |       278.98 |                 26.07 |                    0.10 |     58 |     3.5507 |
|        1 |        498 |           317.80 |       253.37 |       317.80 |                 13.83 |                    0.10 |     58 |     3.5547 |
|        1 |        499 |           317.80 |       253.37 |       317.80 |                  6.01 |                    0.10 |     58 |     3.5599 |
|        1 |        500 |           317.80 |       253.37 |       318.60 |                  9.87 |                    0.10 |     58 |     3.5641 |
------------------------------------------------------------------------------------------------------------------------------------------------
Version identifier: 22.1.2.0 | 2024-11-26 | 0edbb82fd
CPXPARAM_MIP_Tolerances_UpperCutoff              317.89999999998463
Tried aggregator 2 times.
MIP Presolve eliminated 0 rows and 2 columns.
MIP Presolve modified 84 coefficients.
Aggregator did 6 substitutions.
Reduced MIP has 20 rows, 50 columns, and 178 nonzeros.
Reduced MIP has 50 binaries, 0 generals, 0 SOSs, and 0 indicators.
Presolve time = 0.00 sec. (0.37 ticks)
Probing time = 0.00 sec. (0.08 ticks)
Tried aggregator 1 time.
MIP Presolve eliminated 5 rows and 7 columns.
MIP Presolve modified 4 coefficients.
Reduced MIP has 15 rows, 43 columns, and 138 nonzeros.
Reduced MIP has 43 binaries, 0 generals, 0 SOSs, and 0 indicators.
Presolve time = 0.00 sec. (0.18 ticks)
Probing time = 0.00 sec. (0.06 ticks)
Tried aggregator 1 time.
Detecting symmetries...
MIP Presolve modified 8 coefficients.
Reduced MIP has 15 rows, 43 columns, and 138 nonzeros.
Reduced MIP has 43 binaries, 0 generals, 0 SOSs, and 0 indicators.
Presolve time = 0.00 sec. (0.13 ticks)
Probing time = 0.00 sec. (0.06 ticks)
Clique table members: 19.
MIP emphasis: balance optimality and feasibility.
MIP search method: dynamic search.
Parallel mode: deterministic, using up to 8 threads.
Root relaxation solution time = 0.00 sec. (0.05 ticks)

        Nodes                                         Cuts/
   Node  Left     Objective  IInf  Best Integer    Best Bound    ItCnt     Gap

      0     0      317.7667     9                    317.7667       19         
*     0+    0                          317.8000      317.7667             0.01%
      0     0        cutoff            317.8000      317.7667       19    0.01%
Elapsed time = 0.00 sec. (1.11 ticks, tree = 0.01 MB, solutions = 1)
objective_value(sp) = 317.8
  7.382126 seconds (6.83 M allocations: 338.853 MiB, 0.95% gc time, 58.10% compilation time)
#1: 0 (0.0) {764.0} -> 23 (10.0) {777.0} [732.0, 777.0] -> 22 (30.0) {870.0} [812.0, 883.0] -> 21 (50.0) {962.0} [914.0, 965.0] -> 0 (50.0) {1062.1} [0.0, 1236.0]
#2: 0 (0.0) {27.0} -> 20 (10.0) {37.0} [10.0, 73.0] -> 24 (20.0) {132.0} [65.0, 144.0] -> 25 (60.0) {224.0} [169.0, 224.0] -> 0 (60.0) {329.1} [0.0, 1236.0]
#3: 0 (0.0) {479.29999999999984} -> 11 (10.0) {498.9} [448.0, 505.0] -> 9 (20.0) {592.0} [534.0, 605.0] -> 6 (40.0) {684.2} [621.0, 702.0] -> 4 (50.0) {776.4} [727.0, 782.0] -> 2 (80.0) {870.0} [825.0, 870.0] -> 1 (90.0) {962.0} [912.0, 967.0] -> 0 (90.0) {1070.6} [0.0, 1236.0]
#4: 0 (0.0) {25.499999999999964} -> 5 (10.0) {40.6} [15.0, 67.0] -> 3 (20.0) {131.6} [65.0, 146.0] -> 7 (40.0) {223.6} [170.0, 225.0] -> 8 (60.0) {316.4} [255.0, 324.0] -> 10 (70.0) {410.0} [357.0, 410.0] -> 0 (70.0) {516.7} [0.0, 1236.0]
#5: 0 (0.0) {295.0} -> 19 (10.0) {334.0} [278.0, 345.0] -> 15 (50.0) {429.0} [384.0, 429.0] -> 16 (90.0) {524.0} [475.0, 528.0] -> 14 (100.0) {616.0} [567.0, 620.0] -> 12 (120.0) {709.0} [652.0, 721.0] -> 0 (120.0) {837.0} [0.0, 1236.0]
#6: 0 (0.0) {23.2} -> 13 (30.0) {54.0} [30.0, 92.0] -> 17 (50.0) {148.0} [99.0, 148.0] -> 18 (70.0) {241.0} [179.0, 254.0] -> 0 (70.0) {366.3} [0.0, 1236.0]

Dist: 317.8. Cost: 317.8

Root node processing (before b&c):
  Real time             =    0.00 sec. (1.12 ticks)
Parallel b&c, 8 threads:
  Real time             =    0.00 sec. (0.00 ticks)
  Sync time (average)   =    0.00 sec.
  Wait time (average)   =    0.00 sec.
                          ------------
Total (root+branch&cut) =    0.00 sec. (1.12 ticks)
