Solving...
------------------------------------------------------------------------------------------------------------------------------------------------
|  Restart |  Iteration |  Best Feas. Cost |    Best Cost |   Curr. Cost |   Penalty Custom Res. |   Penalty Standard Res. |   Pool |   Time (s) |
------------------------------------------------------------------------------------------------------------------------------------------------
|        1 |          1 |              Inf |       994.13 |      1115.88 |                  5.32 |                    0.52 |     51 |     0.1518 |
|        1 |          2 |              Inf |       994.13 |      1305.47 |                 10.68 |                    0.32 |     53 |     0.5946 |
|        1 |          3 |              Inf |       994.13 |      1600.54 |                 17.22 |                    0.20 |     53 |     0.6307 |
|        1 |          4 |              Inf |       994.13 |      1964.88 |                 27.75 |                    0.20 |     55 |     0.6663 |
|        1 |          5 |              Inf |       994.13 |      1871.14 |                104.27 |                    0.10 |     79 |     0.9105 |
|        1 |          0 |          1889.50 |       994.13 |      1889.50 |                 41.16 |                    0.10 |     91 |     1.0517 |
|        1 |          0 |          1865.00 |       994.13 |      1865.00 |                 28.02 |                    0.10 |     95 |     1.1151 |
|        1 |          1 |          1865.00 |       994.13 |      1878.10 |                 38.38 |                    0.10 |    105 |     1.1980 |
|        1 |          2 |          1865.00 |       994.13 |      1861.11 |                 63.39 |                    0.10 |    113 |     1.3252 |
|        1 |          3 |          1865.00 |       994.13 |      1865.30 |                 33.22 |                    0.10 |    117 |     1.4160 |
|        1 |          4 |          1865.00 |       994.13 |      1865.30 |                 44.13 |                    0.10 |    117 |     1.4986 |
|        1 |          0 |          1861.70 |       994.13 |      1861.70 |                 21.17 |                    0.10 |    119 |     1.5717 |
|        1 |          1 |          1861.70 |       994.13 |      1831.91 |                 29.89 |                    0.10 |    137 |     1.7900 |
|        1 |          2 |          1861.70 |       994.13 |      1830.17 |                 47.99 |                    0.10 |    144 |     1.8871 |
|        1 |          0 |          1830.20 |       994.13 |      1830.20 |                 22.76 |                    0.11 |    147 |     1.9749 |
|        1 |          1 |          1830.20 |       994.13 |      1830.13 |                 37.88 |                    0.10 |    160 |     2.1362 |
|        1 |          2 |          1830.20 |       994.13 |      1835.70 |                 34.37 |                    0.10 |    165 |     2.2482 |
|        1 |          3 |          1830.20 |       994.13 |      1828.77 |                 84.64 |                    0.10 |    167 |     2.3871 |
|        1 |          4 |          1830.20 |       994.13 |      1835.70 |                 30.30 |                    0.10 |    172 |     2.4981 |
|        1 |          5 |          1830.20 |       994.13 |      1855.50 |                105.06 |                    0.10 |    178 |     2.5873 |
|        1 |          6 |          1830.20 |       994.13 |      1866.00 |                 76.52 |                    0.10 |    185 |     2.6848 |
|        1 |          7 |          1830.20 |       994.13 |      1834.00 |                 93.74 |                    0.10 |    190 |     2.7860 |
|        1 |          8 |          1830.20 |       994.13 |      1837.60 |                 40.09 |                    0.10 |    202 |     2.9220 |
|        1 |          9 |          1830.20 |       994.13 |      1838.20 |                 43.63 |                    0.10 |    204 |     2.9983 |
|        1 |         10 |          1830.20 |       994.13 |      1823.43 |                 42.26 |                    0.10 |    207 |     3.1708 |
|        1 |          0 |          1829.20 |       994.13 |      1829.20 |                 60.74 |                    0.10 |    214 |     3.2795 |
|        1 |          0 |          1826.50 |       994.13 |      1826.50 |                 40.08 |                    0.10 |    216 |     3.3586 |
|        1 |          1 |          1826.50 |       994.13 |      1832.20 |                 35.81 |                    0.10 |    219 |     3.5332 |
|        1 |          2 |          1826.50 |       994.13 |      1828.70 |                 63.56 |                    0.10 |    221 |     3.6236 |
|        1 |          3 |          1826.50 |       994.13 |      1826.21 |                 36.33 |                    0.10 |    224 |     3.7572 |
|        1 |          4 |          1826.50 |       994.13 |      1826.33 |                 30.47 |                    0.10 |    224 |     3.8447 |
|        1 |          5 |          1826.50 |       994.13 |      1831.80 |                 30.02 |                    0.10 |    227 |     3.9200 |
|        1 |          6 |          1826.50 |       994.13 |      1830.30 |                 31.38 |                    0.10 |    229 |     4.0113 |
|        1 |          0 |          1822.10 |       994.13 |      1822.10 |                 32.67 |                    0.10 |    231 |     4.4249 |
|        1 |          1 |          1822.10 |       994.13 |      1837.80 |                 28.80 |                    0.10 |    240 |     4.5756 |
|        1 |          2 |          1822.10 |       994.13 |      1837.30 |                 17.38 |                    0.10 |    242 |     4.6898 |
|        1 |          3 |          1822.10 |       994.13 |      1838.60 |                 29.64 |                    0.10 |    243 |     4.8582 |
|        1 |          4 |          1822.10 |       994.13 |      1839.10 |                 28.32 |                    0.10 |    243 |     5.0259 |
|        1 |          5 |          1822.10 |       994.13 |      1838.69 |                 63.29 |                    0.10 |    245 |     5.1762 |
|        1 |          6 |          1822.10 |       994.13 |      1833.30 |                 30.51 |                    0.10 |    250 |     5.3868 |
|        1 |          7 |          1822.10 |       994.13 |      1834.00 |                 21.35 |                    0.10 |    253 |     5.5111 |
|        1 |          8 |          1822.10 |       994.13 |      1834.00 |                 24.45 |                    0.10 |    253 |     5.6008 |
|        1 |          9 |          1822.10 |       994.13 |      1834.70 |                 34.16 |                    0.10 |    254 |     5.6911 |
|        1 |         10 |          1822.10 |       994.13 |      1836.80 |                 46.33 |                    0.10 |    257 |     5.7706 |
|        1 |         11 |          1822.10 |       994.13 |      1847.50 |                 43.42 |                    0.10 |    259 |     5.8485 |
|        1 |         12 |          1822.10 |       994.13 |      1855.70 |                 66.41 |                    0.10 |    262 |     5.9210 |
|        1 |         13 |          1822.10 |       994.13 |      1848.80 |                 42.79 |                    0.10 |    270 |     6.0545 |
|        1 |         14 |          1822.10 |       994.13 |      1848.80 |                 72.42 |                    0.10 |    270 |     6.1188 |
|        1 |         15 |          1822.10 |       994.13 |      1856.50 |                 28.07 |                    0.10 |    275 |     6.2318 |
|        1 |         16 |          1822.10 |       994.13 |      1833.56 |                 23.79 |                    0.10 |    279 |     6.3108 |
|        1 |         17 |          1822.10 |       994.13 |      1838.01 |                 65.62 |                    0.10 |    284 |     6.3960 |
|        1 |         18 |          1822.10 |       994.13 |      1846.59 |                 20.81 |                    0.10 |    294 |     6.5305 |
|        1 |         19 |          1822.10 |       994.13 |      1836.97 |                 48.96 |                    0.10 |    294 |     6.5924 |
|        1 |         20 |          1822.10 |       994.13 |      1863.34 |                100.76 |                    0.10 |    299 |     6.7192 |
|        1 |         21 |          1822.10 |       994.13 |      1859.10 |                 49.68 |                    0.10 |    305 |     6.8257 |
|        1 |         22 |          1822.10 |       994.13 |      1824.89 |                 26.99 |                    0.10 |    305 |     6.9669 |
|        1 |         23 |          1822.10 |       994.13 |      1824.74 |                 26.84 |                    0.10 |    306 |     7.0573 |
|        1 |         24 |          1822.10 |       994.13 |      1826.23 |                 39.10 |                    0.10 |    307 |     7.1105 |
|        1 |         25 |          1822.10 |       994.13 |      1829.90 |                 47.03 |                    0.10 |    309 |     7.1839 |
|        1 |         26 |          1822.10 |       994.13 |      1829.90 |                 20.40 |                    0.10 |    309 |     7.2632 |
|        1 |         27 |          1822.10 |       994.13 |      1802.94 |                 45.00 |                    0.10 |    311 |     7.3947 |
|        1 |         28 |          1822.10 |       994.13 |      1827.20 |                 65.05 |                    0.10 |    315 |     7.5630 |
|        1 |         29 |          1822.10 |       994.13 |      1829.80 |                 25.49 |                    0.10 |    318 |     7.6683 |
|        1 |         30 |          1822.10 |       994.13 |      1817.24 |                 43.06 |                    0.10 |    318 |     7.7603 |
|        1 |         31 |          1822.10 |       994.13 |      1826.50 |                 40.77 |                    0.10 |    318 |     7.8274 |
|        1 |         32 |          1822.10 |       994.13 |      1823.40 |                 49.30 |                    0.10 |    320 |     7.9812 |
|        1 |         33 |          1822.10 |       994.13 |      1826.20 |                 35.93 |                    0.10 |    320 |     8.0791 |
|        1 |         34 |          1822.10 |       994.13 |      1835.90 |                 43.20 |                    0.10 |    324 |     8.1665 |
|        1 |         35 |          1822.10 |       994.13 |      1827.81 |                 82.50 |                    0.10 |    324 |     8.3551 |
|        1 |         36 |          1822.10 |       994.13 |      1839.90 |                 27.51 |                    0.10 |    330 |     8.4706 |
|        1 |         37 |          1822.10 |       994.13 |      1819.33 |                 43.68 |                    0.10 |    331 |     8.5778 |
|        1 |         38 |          1822.10 |       994.13 |      1824.88 |                 33.71 |                    0.10 |    332 |     8.7076 |
|        1 |         39 |          1822.10 |       994.13 |      1827.10 |                 60.98 |                    0.10 |    332 |     8.8095 |
|        1 |         40 |          1822.10 |       994.13 |      1862.90 |                 31.00 |                    0.10 |    339 |     8.9109 |
|        1 |         41 |          1822.10 |       994.13 |      1836.73 |                 43.69 |                    0.10 |    339 |     9.0122 |
|        1 |         42 |          1822.10 |       994.13 |      1836.00 |                 58.62 |                    0.10 |    339 |     9.1002 |
|        1 |         43 |          1822.10 |       994.13 |      1864.40 |                 41.89 |                    0.10 |    342 |     9.1901 |
|        1 |         44 |          1822.10 |       994.13 |      1857.86 |                 37.41 |                    0.10 |    346 |     9.3855 |
|        1 |         45 |          1822.10 |       994.13 |      1836.40 |                 38.55 |                    0.10 |    350 |     9.5373 |
|        1 |         46 |          1822.10 |       994.13 |      1829.79 |                 34.98 |                    0.10 |    351 |     9.6412 |
|        1 |         47 |          1822.10 |       994.13 |      1834.27 |                 35.47 |                    0.10 |    351 |     9.7357 |
|        1 |         48 |          1822.10 |       994.13 |      1831.14 |                 27.92 |                    0.10 |    351 |     9.8751 |
|        1 |         49 |          1822.10 |       994.13 |      1828.74 |                 30.72 |                    0.10 |    351 |     9.9440 |
|        1 |         50 |          1822.10 |       994.13 |      1826.40 |                 34.58 |                    0.10 |    352 |    10.1076 |
|        1 |         51 |          1822.10 |       994.13 |      1821.39 |                 36.64 |                    0.10 |    352 |    10.2921 |
|        1 |         52 |          1822.10 |       994.13 |      1840.69 |                 22.04 |                    0.10 |    359 |    10.4156 |
|        1 |         53 |          1822.10 |       994.13 |      1826.67 |                 59.03 |                    0.10 |    364 |    10.4898 |
|        1 |         54 |          1822.10 |       994.13 |      1851.00 |                 23.59 |                    0.10 |    368 |    10.6032 |
|        1 |         55 |          1822.10 |       994.13 |      1830.85 |                 35.52 |                    0.10 |    374 |    10.7653 |
|        1 |         56 |          1822.10 |       994.13 |      1862.60 |                 24.57 |                    0.10 |    378 |    10.8917 |
|        1 |         57 |          1822.10 |       994.13 |      1849.13 |                 42.28 |                    0.10 |    383 |    10.9986 |
|        1 |         58 |          1822.10 |       994.13 |      1829.87 |                 68.94 |                    0.10 |    386 |    11.3216 |
|        1 |         59 |          1822.10 |       994.13 |      1823.80 |                 51.98 |                    0.10 |    386 |    11.5222 |
|        1 |         60 |          1822.10 |       994.13 |      1828.40 |                 31.66 |                    0.10 |    386 |    11.6097 |
|        1 |         61 |          1822.10 |       994.13 |      1834.20 |                 53.81 |                    0.10 |    390 |    11.7608 |
|        1 |         62 |          1822.10 |       994.13 |      1823.90 |                 25.45 |                    0.10 |    390 |    11.8822 |
|        1 |         63 |          1822.10 |       994.13 |      1819.02 |                 58.51 |                    0.10 |    390 |    11.9955 |
|        1 |         64 |          1822.10 |       994.13 |      1821.67 |                 38.05 |                    0.10 |    392 |    12.1517 |
|        1 |         65 |          1822.10 |       994.13 |      1814.97 |                 39.07 |                    0.10 |    392 |    12.3489 |
|        1 |         66 |          1822.10 |       994.13 |      1824.60 |                 33.43 |                    0.10 |    392 |    12.4311 |
|        1 |         67 |          1822.10 |       994.13 |      1833.59 |                 46.23 |                    0.10 |    395 |    12.5168 |
|        1 |         68 |          1822.10 |       994.13 |      1845.31 |                 88.14 |                    0.10 |    396 |    12.5874 |
|        1 |         69 |          1822.10 |       994.13 |      1840.20 |                 30.05 |                    0.10 |    399 |    12.6817 |
|        1 |         70 |          1822.10 |       994.13 |      1837.10 |                 78.75 |                    0.10 |    400 |    12.7733 |
|        1 |         71 |          1822.10 |       994.13 |      1852.90 |                 36.58 |                    0.10 |    400 |    12.8725 |
|        1 |         72 |          1822.10 |       994.13 |      1830.30 |                 36.58 |                    0.10 |    404 |    13.0204 |
|        1 |         73 |          1822.10 |       994.13 |      1830.30 |                 18.05 |                    0.10 |    404 |    13.1078 |
|        1 |         74 |          1822.10 |       994.13 |      1838.50 |                 39.18 |                    0.10 |    405 |    13.1849 |
|        1 |         75 |          1822.10 |       994.13 |      1841.00 |                 32.29 |                    0.10 |    405 |    13.2365 |
|        1 |         76 |          1822.10 |       994.13 |      1814.09 |                 47.71 |                    0.10 |    408 |    13.3742 |
|        1 |         77 |          1822.10 |       994.13 |      1855.56 |                 30.26 |                    0.10 |    410 |    13.4543 |
|        1 |         78 |          1822.10 |       994.13 |      1846.06 |                 53.82 |                    0.10 |    412 |    13.6753 |
|        1 |         79 |          1822.10 |       994.13 |      1825.11 |                 38.91 |                    0.10 |    412 |    13.8861 |
|        1 |         80 |          1822.10 |       994.13 |      1829.90 |                 41.01 |                    0.10 |    413 |    13.9920 |
|        1 |         81 |          1822.10 |       994.13 |      1828.70 |                 34.40 |                    0.10 |    413 |    14.0756 |
|        1 |         82 |          1822.10 |       994.13 |      1826.64 |                 89.41 |                    0.10 |    413 |    14.1479 |
|        1 |         83 |          1822.10 |       994.13 |      1909.49 |                269.81 |                    0.10 |    416 |    14.2254 |
|        1 |         84 |          1822.10 |       994.13 |      1834.90 |                 91.94 |                    0.10 |    416 |    14.3228 |
|        1 |         85 |          1822.10 |       994.13 |      1826.10 |                 37.19 |                    0.10 |    419 |    14.5399 |
|        1 |         86 |          1822.10 |       994.13 |      1833.90 |                 56.91 |                    0.10 |    419 |    14.6124 |
|        1 |         87 |          1822.10 |       994.13 |      1834.10 |                 24.68 |                    0.10 |    419 |    14.6901 |
|        1 |         88 |          1822.10 |       994.13 |      1833.20 |                 32.97 |                    0.10 |    419 |    14.8365 |
|        1 |         89 |          1822.10 |       994.13 |      1832.30 |                 66.55 |                    0.10 |    419 |    14.9455 |
|        1 |         90 |          1822.10 |       994.13 |      1840.82 |                 59.07 |                    0.10 |    421 |    15.0848 |
|        1 |         91 |          1822.10 |       994.13 |      1836.50 |                 36.02 |                    0.10 |    422 |    15.1534 |
|        1 |         92 |          1822.10 |       994.13 |      1855.36 |                 61.11 |                    0.10 |    427 |    15.3193 |
|        1 |         93 |          1822.10 |       994.13 |      1851.70 |                 48.02 |                    0.10 |    430 |    15.4809 |
|        1 |         94 |          1822.10 |       994.13 |      1829.05 |                 57.55 |                    0.10 |    434 |    15.6604 |
|        1 |         95 |          1822.10 |       994.13 |      1860.20 |                 30.42 |                    0.10 |    439 |    15.8127 |
|        1 |         96 |          1822.10 |       994.13 |      1823.11 |                 37.62 |                    0.10 |    440 |    15.9715 |
|        1 |         97 |          1822.10 |       994.13 |      1840.97 |                 51.78 |                    0.10 |    443 |    16.2179 |
|        1 |         98 |          1822.10 |       994.13 |      1841.80 |                 39.18 |                    0.10 |    445 |    16.5812 |
|        1 |         99 |          1822.10 |       994.13 |      1849.73 |                 54.76 |                    0.10 |    447 |    16.6838 |
|        1 |        100 |          1822.10 |       994.13 |      1847.40 |                 24.71 |                    0.10 |    447 |    16.8009 |
|        1 |        101 |          1822.10 |       994.13 |      1844.31 |                 37.43 |                    0.10 |    448 |    16.9129 |
|        1 |        102 |          1822.10 |       994.13 |      1840.01 |                 61.23 |                    0.10 |    452 |    17.0631 |
|        1 |        103 |          1822.10 |       994.13 |      1864.91 |                139.83 |                    0.10 |    454 |    17.1371 |
|        1 |        104 |          1822.10 |       994.13 |      1859.80 |                 31.69 |                    0.10 |    459 |    17.3554 |
|        1 |        105 |          1822.10 |       994.13 |      1854.30 |                 29.41 |                    0.10 |    459 |    17.4239 |
|        1 |        106 |          1822.10 |       994.13 |      1825.47 |                 49.06 |                    0.10 |    463 |    17.5533 |
|        1 |        107 |          1822.10 |       994.13 |      1876.96 |                120.14 |                    0.10 |    465 |    17.6196 |
|        1 |        108 |          1822.10 |       994.13 |      1888.10 |                 43.01 |                    0.10 |    470 |    17.7229 |
|        1 |        109 |          1822.10 |       994.13 |      1867.70 |                 36.46 |                    0.10 |    471 |    17.8037 |
|        1 |        110 |          1822.10 |       994.13 |      1839.95 |                 39.17 |                    0.10 |    477 |    17.9266 |
|        1 |        111 |          1822.10 |       994.13 |      1828.37 |                 36.69 |                    0.10 |    477 |    18.1711 |
|        1 |        112 |          1822.10 |       994.13 |      1839.10 |                 34.66 |                    0.10 |    478 |    18.2686 |
|        1 |        113 |          1822.10 |       994.13 |      1839.10 |                 17.48 |                    0.10 |    478 |    18.3394 |
|        1 |        114 |          1822.10 |       994.13 |      1836.20 |                 55.98 |                    0.10 |    484 |    18.4290 |
|        1 |        115 |          1822.10 |       994.13 |      1826.17 |                 62.29 |                    0.10 |    485 |    18.6199 |
|        1 |        116 |          1822.10 |       994.13 |      1846.80 |                 24.94 |                    0.10 |    487 |    18.6983 |
|        1 |        117 |          1822.10 |       994.13 |      1843.05 |                 60.46 |                    0.10 |    487 |    18.7682 |
|        1 |        118 |          1822.10 |       994.13 |      1855.40 |                 44.93 |                    0.10 |    491 |    18.8667 |
|        1 |        119 |          1822.10 |       994.13 |      1834.50 |                 37.23 |                    0.10 |    492 |    18.9855 |
|        1 |        120 |          1822.10 |       994.13 |      1832.00 |                 22.66 |                    0.10 |    492 |    19.0770 |
|        1 |        121 |          1822.10 |       994.13 |      1834.32 |                 36.09 |                    0.10 |    493 |    19.1511 |
|        1 |        122 |          1822.10 |       994.13 |      1841.30 |                 45.52 |                    0.10 |    495 |    19.2680 |
|        1 |        123 |          1822.10 |       994.13 |      1841.30 |                 37.83 |                    0.10 |    495 |    19.3434 |
|        1 |        124 |          1822.10 |       994.13 |      1833.81 |                 33.24 |                    0.10 |    497 |    19.4807 |
|        1 |        125 |          1822.10 |       994.13 |      1826.30 |                 29.25 |                    0.10 |    497 |    19.5997 |
|        1 |        126 |          1822.10 |       994.13 |      1826.45 |                 33.16 |                    0.10 |    497 |    19.6735 |
|        1 |        127 |          1822.10 |       994.13 |      1827.10 |                 25.67 |                    0.10 |    497 |    19.7557 |
|        1 |        128 |          1822.10 |       994.13 |      1822.51 |                 30.89 |                    0.10 |    497 |    19.8317 |
|        1 |        129 |          1822.10 |       994.13 |      1832.00 |                 73.36 |                    0.10 |    503 |    19.9052 |
|        1 |        130 |          1822.10 |       994.13 |      1826.50 |                 32.75 |                    0.10 |    503 |    19.9970 |
------------------------------------------------------------------------------------------------------------------------------------------------
|  Restart |  Iteration |  Best Feas. Cost |    Best Cost |   Curr. Cost |   Penalty Custom Res. |   Penalty Standard Res. |   Pool |   Time (s) |
------------------------------------------------------------------------------------------------------------------------------------------------
|        1 |        131 |          1822.10 |       994.13 |      1829.41 |                 32.56 |                    0.10 |    503 |    20.0961 |
|        1 |        132 |          1822.10 |       994.13 |      1842.54 |                 45.45 |                    0.10 |    505 |    20.2064 |
|        1 |        133 |          1822.10 |       994.13 |      1843.30 |                 35.52 |                    0.10 |    505 |    20.3108 |
|        1 |        134 |          1822.10 |       994.13 |      1836.97 |                 38.27 |                    0.10 |    507 |    20.3968 |
|        1 |        135 |          1822.10 |       994.13 |      1836.44 |                 54.53 |                    0.10 |    507 |    20.4947 |
|        1 |        136 |          1822.10 |       994.13 |      1840.00 |                 18.98 |                    0.10 |    507 |    20.5691 |
|        1 |        137 |          1822.10 |       994.13 |      1883.64 |                 47.41 |                    0.10 |    512 |    20.6351 |
|        1 |        138 |          1822.10 |       994.13 |      1836.67 |                 76.28 |                    0.10 |    515 |    20.8395 |
|        1 |        139 |          1822.10 |       994.13 |      1859.50 |                 21.80 |                    0.10 |    520 |    21.0262 |
|        1 |        140 |          1822.10 |       994.13 |      1852.50 |                 49.68 |                    0.10 |    524 |    21.1214 |
|        1 |        141 |          1822.10 |       994.13 |      1840.73 |                 42.81 |                    0.10 |    526 |    21.2617 |
|        1 |        142 |          1822.10 |       994.13 |      1850.15 |                 42.66 |                    0.10 |    528 |    21.3166 |
|        1 |        143 |          1822.10 |       994.13 |      1829.91 |                 27.91 |                    0.10 |    530 |    21.5330 |
|        1 |        144 |          1822.10 |       994.13 |      1819.00 |                 34.76 |                    0.10 |    530 |    21.7068 |
|        1 |        145 |          1822.10 |       994.13 |      1844.60 |                 53.19 |                    0.10 |    530 |    21.7761 |
|        1 |        146 |          1822.10 |       994.13 |      1837.70 |                 93.28 |                    0.10 |    530 |    21.9094 |
|        1 |        147 |          1822.10 |       994.13 |      1835.10 |                 38.50 |                    0.10 |    530 |    21.9846 |
|        1 |        148 |          1822.10 |       994.13 |      1831.20 |                 71.18 |                    0.10 |    530 |    22.0621 |
|        1 |        149 |          1822.10 |       994.13 |      1831.85 |                 32.16 |                    0.10 |    531 |    22.2724 |
|        1 |        150 |          1822.10 |       994.13 |      1824.42 |                 55.28 |                    0.10 |    533 |    22.3970 |
|        1 |        151 |          1822.10 |       994.13 |      1846.20 |                 42.97 |                    0.10 |    536 |    22.5799 |
|        1 |        152 |          1822.10 |       994.13 |      1831.50 |                 31.13 |                    0.10 |    536 |    22.7702 |
|        1 |        153 |          1822.10 |       994.13 |      1787.88 |                 41.63 |                    0.10 |    540 |    22.9137 |
|        1 |        154 |          1822.10 |       994.13 |      1858.70 |                 40.17 |                    0.10 |    544 |    22.9970 |
|        1 |        155 |          1822.10 |       994.13 |      1854.60 |                 44.60 |                    0.10 |    546 |    23.0780 |
|        1 |        156 |          1822.10 |       994.13 |      1857.30 |                 28.58 |                    0.10 |    546 |    23.1553 |
|        1 |        157 |          1822.10 |       994.13 |      1841.18 |                 69.94 |                    0.10 |    550 |    23.2212 |
|        1 |        158 |          1822.10 |       994.13 |      1842.80 |                 26.27 |                    0.10 |    553 |    23.3589 |
|        1 |        159 |          1822.10 |       994.13 |      1841.60 |                 16.00 |                    0.10 |    554 |    23.4407 |
|        1 |        160 |          1822.10 |       994.13 |      1844.94 |                 49.61 |                    0.10 |    556 |    23.5644 |
|        1 |        161 |          1822.10 |       994.13 |      1846.34 |                 26.21 |                    0.10 |    558 |    23.6797 |
|        1 |        162 |          1822.10 |       994.13 |      1824.16 |                 49.30 |                    0.10 |    559 |    23.8048 |
|        1 |        163 |          1822.10 |       994.13 |      1859.59 |                109.28 |                    0.10 |    561 |    23.8646 |
|        1 |        164 |          1822.10 |       994.13 |      1867.77 |                 67.98 |                    0.10 |    571 |    24.1028 |
|        1 |        165 |          1822.10 |       994.13 |      1855.30 |                 87.01 |                    0.10 |    575 |    24.3194 |
|        1 |        166 |          1822.10 |       994.13 |      1854.10 |                 44.55 |                    0.10 |    581 |    24.5008 |
|        1 |        167 |          1822.10 |       994.13 |      1840.57 |                 44.69 |                    0.10 |    584 |    24.5981 |
|        1 |        168 |          1822.10 |       994.13 |      1847.20 |                 22.48 |                    0.10 |    587 |    24.7073 |
|        1 |        169 |          1822.10 |       994.13 |      1844.53 |                 23.99 |                    0.10 |    587 |    24.7836 |
|        1 |        170 |          1822.10 |       994.13 |      1833.30 |                 44.40 |                    0.10 |    588 |    24.8539 |
|        1 |        171 |          1822.10 |       994.13 |      1832.65 |                 45.89 |                    0.10 |    588 |    24.9556 |
|        1 |        172 |          1822.10 |       994.13 |      1829.32 |                 37.20 |                    0.10 |    588 |    25.0991 |
|        1 |        173 |          1822.10 |       994.13 |      1830.60 |                 36.99 |                    0.10 |    588 |    25.1843 |
|        1 |        174 |          1822.10 |       994.13 |      1830.03 |                 39.83 |                    0.10 |    588 |    25.2785 |
|        1 |        175 |          1822.10 |       994.13 |      1830.60 |                 51.36 |                    0.10 |    588 |    25.3635 |
|        1 |        176 |          1822.10 |       994.13 |      1832.20 |                 44.42 |                    0.10 |    588 |    25.4378 |
|        1 |        177 |          1822.10 |       994.13 |      1850.00 |                 91.32 |                    0.10 |    594 |    25.5730 |
|        1 |        178 |          1822.10 |       994.13 |      1845.70 |                 54.58 |                    0.10 |    594 |    25.6450 |
|        1 |        179 |          1822.10 |       994.13 |      1834.30 |                 50.07 |                    0.10 |    594 |    25.7398 |
|        1 |        180 |          1822.10 |       994.13 |      1834.30 |                 42.83 |                    0.10 |    594 |    25.8303 |
|        1 |        181 |          1822.10 |       994.13 |      1833.80 |                 55.27 |                    0.10 |    594 |    25.9050 |
|        1 |        182 |          1822.10 |       994.13 |      1827.70 |                 21.07 |                    0.10 |    594 |    26.1082 |
|        1 |        183 |          1822.10 |       994.13 |      1831.86 |                 39.37 |                    0.10 |    597 |    26.1836 |
|        1 |        184 |          1822.10 |       994.13 |      1847.50 |                 31.73 |                    0.10 |    598 |    26.2727 |
|        1 |        185 |          1822.10 |       994.13 |      1845.30 |                 32.10 |                    0.10 |    599 |    26.3880 |
|        1 |        186 |          1822.10 |       994.13 |      1826.80 |                 41.26 |                    0.10 |    599 |    26.5275 |
|        1 |        187 |          1822.10 |       994.13 |      1829.49 |                 33.77 |                    0.10 |    599 |    26.6801 |
|        1 |        188 |          1822.10 |       994.13 |      1828.30 |                 31.64 |                    0.10 |    601 |    26.7652 |
|        1 |        189 |          1822.10 |       994.13 |      1813.94 |                 33.69 |                    0.10 |    601 |    26.8781 |
|        1 |        190 |          1822.10 |       994.13 |      1832.60 |                 32.80 |                    0.10 |    605 |    26.9765 |
|        1 |        191 |          1822.10 |       994.13 |      1826.10 |                 29.76 |                    0.10 |    605 |    27.0905 |
|        1 |        192 |          1822.10 |       994.13 |      1823.56 |                 40.26 |                    0.10 |    605 |    27.2072 |
|        1 |        193 |          1822.10 |       994.13 |      1834.30 |                 46.50 |                    0.10 |    606 |    27.2902 |
|        1 |        194 |          1822.10 |       994.13 |      1829.10 |                 44.02 |                    0.10 |    607 |    27.3746 |
|        1 |        195 |          1822.10 |       994.13 |      1830.50 |                 25.75 |                    0.10 |    607 |    27.4914 |
|        1 |        196 |          1822.10 |       994.13 |      1827.49 |                 46.56 |                    0.10 |    608 |    27.6138 |
|        1 |        197 |          1822.10 |       994.13 |      1855.96 |                109.57 |                    0.10 |    608 |    27.6823 |
|        1 |        198 |          1822.10 |       994.13 |      1831.40 |                 47.56 |                    0.10 |    608 |    27.7602 |
|        1 |        199 |          1822.10 |       994.13 |      1833.50 |                 29.58 |                    0.10 |    609 |    27.8650 |
|        1 |        200 |          1822.10 |       994.13 |      1828.15 |                 40.10 |                    0.10 |    609 |    27.9636 |
|        1 |        201 |          1822.10 |       994.13 |      1834.34 |                 30.32 |                    0.10 |    612 |    28.2704 |
|        1 |        202 |          1822.10 |       994.13 |      1866.27 |                 46.84 |                    0.10 |    616 |    28.3455 |
|        1 |        203 |          1822.10 |       994.13 |      1828.77 |                 30.13 |                    0.10 |    617 |    28.5127 |
|        1 |        204 |          1822.10 |       994.13 |      1826.50 |                 45.60 |                    0.10 |    617 |    28.5980 |
|        1 |        205 |          1822.10 |       994.13 |      1826.50 |                 26.48 |                    0.10 |    617 |    28.6500 |
|        1 |        206 |          1822.10 |       994.13 |      1826.50 |                 31.16 |                    0.10 |    617 |    28.7585 |
|        1 |        207 |          1822.10 |       994.13 |      1828.10 |                 29.46 |                    0.10 |    617 |    28.8445 |
|        1 |        208 |          1822.10 |       994.13 |      1828.20 |                 33.23 |                    0.10 |    618 |    28.9886 |
|        1 |        209 |          1822.10 |       994.13 |      1824.06 |                 37.89 |                    0.10 |    619 |    29.1275 |
|        1 |        210 |          1822.10 |       994.13 |      1848.42 |                 87.39 |                    0.10 |    619 |    29.1900 |
|        1 |        211 |          1822.10 |       994.13 |      1851.70 |                 35.45 |                    0.10 |    620 |    29.3717 |
|        1 |        212 |          1822.10 |       994.13 |      1828.34 |                 40.88 |                    0.10 |    621 |    29.4813 |
|        1 |        213 |          1822.10 |       994.13 |      1846.73 |                 33.94 |                    0.10 |    622 |    29.5636 |
|        1 |        214 |          1822.10 |       994.13 |      1833.90 |                 32.68 |                    0.10 |    622 |    29.6757 |
|        1 |        215 |          1822.10 |       994.13 |      1829.90 |                 34.22 |                    0.10 |    622 |    29.7359 |
|        1 |        216 |          1822.10 |       994.13 |      1834.02 |                 74.84 |                    0.10 |    624 |    29.8472 |
|        1 |        217 |          1822.10 |       994.13 |      1829.30 |                 54.02 |                    0.10 |    626 |    30.0774 |
|        1 |        218 |          1822.10 |       994.13 |      1862.30 |                 25.35 |                    0.10 |    630 |    30.1719 |
|        1 |        219 |          1822.10 |       994.13 |      1856.82 |                 49.10 |                    0.10 |    635 |    30.3026 |
|        1 |        220 |          1822.10 |       994.13 |      1839.99 |                 56.82 |                    0.10 |    642 |    30.5118 |
|        1 |        221 |          1822.10 |       994.13 |      1844.60 |                 24.09 |                    0.10 |    644 |    30.6304 |
|        1 |        222 |          1822.10 |       994.13 |      1847.27 |                 44.94 |                    0.10 |    646 |    30.7348 |
|        1 |        223 |          1822.10 |       994.13 |      1841.80 |                 49.29 |                    0.10 |    648 |    30.8493 |
|        1 |        224 |          1822.10 |       994.13 |      1841.80 |                 51.57 |                    0.10 |    648 |    30.9210 |
|        1 |        225 |          1822.10 |       994.13 |      1841.60 |                 39.58 |                    0.10 |    648 |    30.9922 |
|        1 |        226 |          1822.10 |       994.13 |      1837.50 |                 23.99 |                    0.10 |    650 |    31.2151 |
|        1 |        227 |          1822.10 |       994.13 |      1856.19 |                 43.91 |                    0.10 |    653 |    31.3020 |
|        1 |        228 |          1822.10 |       994.13 |      1847.26 |                 57.04 |                    0.10 |    657 |    31.4346 |
|        1 |        229 |          1822.10 |       994.13 |      1821.68 |                 32.21 |                    0.10 |    658 |    31.6080 |
|        1 |        230 |          1822.10 |       994.13 |      1848.38 |                 87.76 |                    0.10 |    660 |    31.7363 |
|        1 |        231 |          1822.10 |       994.13 |      1821.90 |                 42.84 |                    0.10 |    661 |    32.0056 |
|        1 |        232 |          1822.10 |       994.13 |      1868.70 |                 45.13 |                    0.10 |    669 |    32.1659 |
|        1 |        233 |          1822.10 |       994.13 |      1847.09 |                 66.66 |                    0.10 |    673 |    32.3133 |
|        1 |        234 |          1822.10 |       994.13 |      1892.36 |                 77.83 |                    0.10 |    675 |    32.4116 |
|        1 |        235 |          1822.10 |       994.13 |      1862.70 |                 30.35 |                    0.10 |    679 |    32.5955 |
|        1 |        236 |          1822.10 |       994.13 |      1853.40 |                 48.71 |                    0.10 |    680 |    32.7035 |
|        1 |        237 |          1822.10 |       994.13 |      1820.97 |                 31.48 |                    0.10 |    680 |    33.0768 |
|        1 |        238 |          1822.10 |       994.13 |      1827.61 |                 62.34 |                    0.10 |    680 |    33.1885 |
|        1 |        239 |          1822.10 |       994.13 |      1827.30 |                 48.57 |                    0.10 |    680 |    33.3678 |
|        1 |        240 |          1822.10 |       994.13 |      1819.98 |                 32.31 |                    0.10 |    680 |    33.5821 |
|        1 |        241 |          1822.10 |       994.13 |      1824.14 |                 25.29 |                    0.10 |    680 |    33.6667 |
|        1 |        242 |          1822.10 |       994.13 |      1835.20 |                 79.08 |                    0.10 |    680 |    33.8306 |
|        1 |        243 |          1822.10 |       994.13 |      1863.07 |                 20.87 |                    0.10 |    686 |    34.0102 |
|        1 |        244 |          1822.10 |       994.13 |      1835.30 |                 41.13 |                    0.10 |    687 |    34.1884 |
|        1 |        245 |          1822.10 |       994.13 |      1833.90 |                 38.91 |                    0.10 |    687 |    34.2828 |
|        1 |        246 |          1822.10 |       994.13 |      1836.00 |                 44.10 |                    0.10 |    687 |    34.3623 |
|        1 |        247 |          1822.10 |       994.13 |      1838.50 |                 30.59 |                    0.10 |    687 |    34.4490 |
|        1 |        248 |          1822.10 |       994.13 |      1826.13 |                 31.93 |                    0.10 |    687 |    34.5695 |
|        1 |        249 |          1822.10 |       994.13 |      1830.00 |                 48.08 |                    0.10 |    687 |    34.7357 |
|        1 |        250 |          1822.10 |       994.13 |      1828.70 |                 28.68 |                    0.10 |    687 |    34.8424 |
|        1 |        251 |          1822.10 |       994.13 |      1826.56 |                 46.39 |                    0.10 |    687 |    34.9942 |
|        1 |        252 |          1822.10 |       994.13 |      1833.30 |                 34.89 |                    0.10 |    687 |    35.0886 |
|        1 |        253 |          1822.10 |       994.13 |      1836.20 |                 31.03 |                    0.10 |    687 |    35.2094 |
|        1 |        254 |          1822.10 |       994.13 |      1830.48 |                 46.46 |                    0.10 |    687 |    35.3195 |
|        1 |        255 |          1822.10 |       994.13 |      1833.90 |                 50.33 |                    0.10 |    691 |    35.4783 |
|        1 |        256 |          1822.10 |       994.13 |      1860.28 |                 77.75 |                    0.10 |    691 |    35.5555 |
|        1 |        257 |          1822.10 |       994.13 |      1832.70 |                 34.29 |                    0.10 |    691 |    35.6894 |
|        1 |        258 |          1822.10 |       994.13 |      1829.01 |                 37.52 |                    0.10 |    691 |    35.8494 |
|        1 |        259 |          1822.10 |       994.13 |      1830.37 |                 37.23 |                    0.10 |    691 |    35.9652 |
|        1 |        260 |          1822.10 |       994.13 |      1833.10 |                 42.74 |                    0.10 |    694 |    36.1405 |
|        1 |        261 |          1822.10 |       994.13 |      1833.10 |                 34.46 |                    0.10 |    694 |    36.2206 |
|        1 |        262 |          1822.10 |       994.13 |      1830.66 |                 58.30 |                    0.10 |    694 |    36.4300 |
|        1 |        263 |          1822.10 |       994.13 |      1839.90 |                 69.51 |                    0.10 |    696 |    36.4964 |
|        1 |        264 |          1822.10 |       994.13 |      1849.10 |                 52.75 |                    0.10 |    698 |    36.5902 |
|        1 |        265 |          1822.10 |       994.13 |      1841.50 |                 31.47 |                    0.10 |    698 |    36.6917 |
|        1 |        266 |          1822.10 |       994.13 |      1845.30 |                 32.49 |                    0.10 |    698 |    36.8069 |
|        1 |        267 |          1822.10 |       994.13 |      1873.34 |                 43.65 |                    0.10 |    703 |    36.8740 |
|        1 |        268 |          1822.10 |       994.13 |      1860.20 |                 31.22 |                    0.10 |    704 |    36.9594 |
|        1 |        269 |          1822.10 |       994.13 |      1846.86 |                 25.82 |                    0.10 |    707 |    37.0956 |
|        1 |        270 |          1822.10 |       994.13 |      1840.85 |                 73.82 |                    0.10 |    710 |    37.2387 |
|        1 |        271 |          1822.10 |       994.13 |      1843.00 |                 74.60 |                    0.10 |    713 |    37.3807 |
|        1 |        272 |          1822.10 |       994.13 |      1818.49 |                 51.30 |                    0.10 |    714 |    37.5847 |
|        1 |        273 |          1822.10 |       994.13 |      1835.70 |                 25.33 |                    0.10 |    715 |    37.6695 |
|        1 |        274 |          1822.10 |       994.13 |      1833.52 |                 30.70 |                    0.10 |    715 |    37.7792 |
|        1 |        275 |          1822.10 |       994.13 |      1843.83 |                 30.82 |                    0.10 |    716 |    37.8641 |
|        1 |        276 |          1822.10 |       994.13 |      1846.29 |                 19.86 |                    0.10 |    718 |    38.0036 |
|        1 |        277 |          1822.10 |       994.13 |      1826.38 |                 38.60 |                    0.10 |    718 |    38.0821 |
|        1 |        278 |          1822.10 |       994.13 |      1824.13 |                 17.97 |                    0.10 |    718 |    38.2900 |
|        1 |        279 |          1822.10 |       994.13 |      1821.96 |                 40.24 |                    0.10 |    718 |    38.3596 |
|        1 |        280 |          1822.10 |       994.13 |      1831.50 |                 30.23 |                    0.10 |    718 |    38.4441 |
|        1 |        281 |          1822.10 |       994.13 |      1825.10 |                 32.15 |                    0.10 |    719 |    38.5681 |
|        1 |        282 |          1822.10 |       994.13 |      1840.06 |                 40.26 |                    0.10 |    719 |    38.6472 |
|        1 |        283 |          1822.10 |       994.13 |      1821.02 |                 57.71 |                    0.10 |    719 |    38.7852 |
|        1 |        284 |          1822.10 |       994.13 |      1832.90 |                 39.16 |                    0.10 |    719 |    38.9053 |
|        1 |        285 |          1822.10 |       994.13 |      1829.70 |                 35.16 |                    0.10 |    719 |    39.0175 |
|        1 |        286 |          1822.10 |       994.13 |      1826.17 |                 19.17 |                    0.10 |    719 |    39.1169 |
|        1 |        287 |          1822.10 |       994.13 |      1816.10 |                 38.40 |                    0.10 |    719 |    39.1943 |
|        1 |        288 |          1822.10 |       994.13 |      1826.70 |                 35.96 |                    0.10 |    719 |    39.4217 |
|        1 |        289 |          1822.10 |       994.13 |      1829.86 |                 62.00 |                    0.10 |    722 |    39.4971 |
|        1 |        290 |          1822.10 |       994.13 |      1831.10 |                 37.75 |                    0.10 |    722 |    39.5880 |
|        1 |        291 |          1822.10 |       994.13 |      1824.60 |                 23.21 |                    0.10 |    722 |    39.6868 |
|        1 |        292 |          1822.10 |       994.13 |      1814.98 |                 35.47 |                    0.10 |    722 |    39.7711 |
|        1 |        293 |          1822.10 |       994.13 |      1828.80 |                 29.80 |                    0.10 |    722 |    39.8355 |
|        1 |        294 |          1822.10 |       994.13 |      1824.39 |                 71.52 |                    0.10 |    722 |    39.8996 |
|        1 |        295 |          1822.10 |       994.13 |      1828.70 |                 34.64 |                    0.10 |    722 |    39.9725 |
------------------------------------------------------------------------------------------------------------------------------------------------
|  Restart |  Iteration |  Best Feas. Cost |    Best Cost |   Curr. Cost |   Penalty Custom Res. |   Penalty Standard Res. |   Pool |   Time (s) |
------------------------------------------------------------------------------------------------------------------------------------------------
|        1 |        296 |          1822.10 |       994.13 |      1826.57 |                 34.42 |                    0.10 |    722 |    40.0621 |
|        1 |        297 |          1822.10 |       994.13 |      1826.76 |                 34.25 |                    0.10 |    722 |    40.1345 |
|        1 |        298 |          1822.10 |       994.13 |      1839.16 |                 39.53 |                    0.10 |    723 |    40.2413 |
|        1 |        299 |          1822.10 |       994.13 |      1835.80 |                 29.43 |                    0.10 |    723 |    40.3247 |
|        1 |        300 |          1822.10 |       994.13 |      1824.10 |                 37.83 |                    0.10 |    723 |    40.4597 |
|        1 |        301 |          1822.10 |       994.13 |      1821.40 |                 31.60 |                    0.10 |    723 |    40.6117 |
|        1 |        302 |          1822.10 |       994.13 |      1819.16 |                 35.44 |                    0.10 |    723 |    40.7004 |
|        1 |        303 |          1822.10 |       994.13 |      1824.53 |                 34.45 |                    0.10 |    724 |    40.8208 |
|        1 |        304 |          1822.10 |       994.13 |      1824.89 |                 24.07 |                    0.10 |    724 |    40.9432 |
|        1 |        305 |          1822.10 |       994.13 |      1815.30 |                 60.68 |                    0.10 |    724 |    41.0243 |
|        1 |        306 |          1822.10 |       994.13 |      1824.90 |                 45.66 |                    0.10 |    724 |    41.0917 |
|        1 |        307 |          1822.10 |       994.13 |      1835.10 |                 43.21 |                    0.10 |    726 |    41.1655 |
|        1 |        308 |          1822.10 |       994.13 |      1830.80 |                 37.59 |                    0.10 |    726 |    41.3015 |
|        1 |        309 |          1822.10 |       994.13 |      1845.60 |                 32.09 |                    0.10 |    728 |    41.4199 |
|        1 |        310 |          1822.10 |       994.13 |      1829.07 |                 41.24 |                    0.10 |    733 |    41.5535 |
|        1 |        311 |          1822.10 |       994.13 |      1847.31 |                 22.08 |                    0.10 |    733 |    41.6273 |
|        1 |        312 |          1822.10 |       994.13 |      1833.28 |                 66.62 |                    0.10 |    735 |    41.7105 |
|        1 |        313 |          1822.10 |       994.13 |      1832.90 |                 42.58 |                    0.10 |    736 |    41.8242 |
|        1 |        314 |          1822.10 |       994.13 |      1835.50 |                 37.13 |                    0.10 |    736 |    41.9286 |
|        1 |        315 |          1822.10 |       994.13 |      1844.27 |                 57.85 |                    0.10 |    737 |    42.0278 |
|        1 |        316 |          1822.10 |       994.13 |      1828.19 |                 61.33 |                    0.10 |    740 |    42.1960 |
|        1 |        317 |          1822.10 |       994.13 |      1867.78 |                125.54 |                    0.10 |    740 |    42.2473 |
|        1 |        318 |          1822.10 |       994.13 |      1881.60 |                 97.07 |                    0.10 |    741 |    42.3495 |
|        1 |        319 |          1822.10 |       994.13 |      1870.82 |                 19.58 |                    0.10 |    746 |    42.5051 |
|        1 |        320 |          1822.10 |       994.13 |      1829.90 |                 20.06 |                    0.10 |    746 |    42.5860 |
|        1 |        321 |          1822.10 |       994.13 |      1829.12 |                 52.15 |                    0.10 |    746 |    42.6562 |
|        1 |        322 |          1822.10 |       994.13 |      1894.23 |                 41.21 |                    0.10 |    746 |    42.7349 |
|        1 |        323 |          1822.10 |       994.13 |      1863.17 |                 70.76 |                    0.10 |    753 |    42.8930 |
|        1 |        324 |          1822.10 |       994.13 |      1836.93 |                 36.88 |                    0.10 |    756 |    43.2040 |
|        1 |        325 |          1822.10 |       994.13 |      1872.78 |                 32.47 |                    0.10 |    758 |    43.3277 |
|        1 |        326 |          1822.10 |       994.13 |      1861.84 |                 30.59 |                    0.10 |    761 |    43.4735 |
|        1 |        327 |          1822.10 |       994.13 |      1855.05 |                 44.89 |                    0.10 |    763 |    43.5740 |
|        1 |        328 |          1822.10 |       994.13 |      1874.17 |                 55.06 |                    0.10 |    765 |    43.6593 |
|        1 |        329 |          1822.10 |       994.13 |      1847.00 |                 38.87 |                    0.10 |    766 |    43.7792 |
|        1 |        330 |          1822.10 |       994.13 |      1845.60 |                 31.97 |                    0.10 |    767 |    43.8628 |
|        1 |        331 |          1822.10 |       994.13 |      1840.10 |                 26.69 |                    0.10 |    769 |    44.1719 |
|        1 |        332 |          1822.10 |       994.13 |      1845.60 |                 34.40 |                    0.10 |    769 |    44.2636 |
|        1 |        333 |          1822.10 |       994.13 |      1854.70 |                 41.62 |                    0.10 |    773 |    44.4095 |
|        1 |        334 |          1822.10 |       994.13 |      1859.10 |                 40.50 |                    0.10 |    774 |    44.5273 |
|        1 |        335 |          1822.10 |       994.13 |      1852.36 |                 47.61 |                    0.10 |    777 |    44.6474 |
|        1 |        336 |          1822.10 |       994.13 |      1842.56 |                 25.34 |                    0.10 |    779 |    44.8018 |
|        1 |        337 |          1822.10 |       994.13 |      1839.68 |                 28.14 |                    0.10 |    779 |    45.0215 |
|        1 |        338 |          1822.10 |       994.13 |      1850.14 |                 26.66 |                    0.10 |    779 |    45.0765 |
|        1 |        339 |          1822.10 |       994.13 |      1849.57 |                 25.49 |                    0.10 |    779 |    45.1450 |
|        1 |        340 |          1822.10 |       994.13 |      1836.28 |                 68.90 |                    0.10 |    779 |    45.2264 |
|        1 |        341 |          1822.10 |       994.13 |      1858.50 |                 31.63 |                    0.10 |    780 |    45.3621 |
|        1 |        342 |          1822.10 |       994.13 |      1845.17 |                 65.33 |                    0.10 |    782 |    45.4319 |
|        1 |        343 |          1822.10 |       994.13 |      1837.91 |                 35.02 |                    0.10 |    783 |    45.6367 |
|        1 |        344 |          1822.10 |       994.13 |      1850.88 |                 34.43 |                    0.10 |    787 |    45.7354 |
|        1 |        345 |          1822.10 |       994.13 |      1842.20 |                 46.37 |                    0.10 |    790 |    45.9243 |
|        1 |        346 |          1822.10 |       994.13 |      1840.10 |                 36.55 |                    0.10 |    792 |    46.0411 |
|        1 |        347 |          1822.10 |       994.13 |      1837.68 |                 21.08 |                    0.10 |    792 |    46.1976 |
|        1 |        348 |          1822.10 |       994.13 |      1817.34 |                 35.97 |                    0.10 |    792 |    46.4335 |
|        1 |        349 |          1822.10 |       994.13 |      1829.20 |                 23.28 |                    0.10 |    792 |    46.5052 |
|        1 |        350 |          1822.10 |       994.13 |      1818.24 |                 51.58 |                    0.10 |    792 |    46.5779 |
|        1 |        351 |          1822.10 |       994.13 |      1829.90 |                 36.13 |                    0.10 |    792 |    46.6663 |
|        1 |        352 |          1822.10 |       994.13 |      1827.14 |                 34.81 |                    0.10 |    792 |    46.7756 |
|        1 |        353 |          1822.10 |       994.13 |      1826.34 |                 65.67 |                    0.10 |    792 |    46.8596 |
|        1 |        354 |          1822.10 |       994.13 |      1837.40 |                 21.72 |                    0.10 |    794 |    46.9497 |
|        1 |        355 |          1822.10 |       994.13 |      1877.24 |                 56.46 |                    0.10 |    798 |    47.0200 |
|        1 |        356 |          1822.10 |       994.13 |      1883.81 |                 63.34 |                    0.10 |    801 |    47.0935 |
|        1 |        357 |          1822.10 |       994.13 |      1828.20 |                 46.44 |                    0.10 |    801 |    47.2442 |
|        1 |        358 |          1822.10 |       994.13 |      1831.30 |                 18.59 |                    0.10 |    801 |    47.3296 |
|        1 |        359 |          1822.10 |       994.13 |      1816.73 |                 33.69 |                    0.10 |    801 |    47.4185 |
|        1 |        360 |          1822.10 |       994.13 |      1828.70 |                 46.11 |                    0.10 |    801 |    47.5207 |
|        1 |        361 |          1822.10 |       994.13 |      1828.70 |                 31.69 |                    0.10 |    801 |    47.5973 |
|        1 |        362 |          1822.10 |       994.13 |      1825.76 |                 35.88 |                    0.10 |    801 |    47.6725 |
|        1 |        363 |          1822.10 |       994.13 |      1830.32 |                 69.10 |                    0.10 |    801 |    47.7377 |
|        1 |        364 |          1822.10 |       994.13 |      1827.43 |                 75.29 |                    0.10 |    801 |    47.9458 |
|        1 |        365 |          1822.10 |       994.13 |      1831.30 |                 44.36 |                    0.10 |    801 |    48.0679 |
|        1 |        366 |          1822.10 |       994.13 |      1826.35 |                 30.11 |                    0.10 |    801 |    48.1742 |
|        1 |        367 |          1822.10 |       994.13 |      1847.84 |                 33.77 |                    0.10 |    801 |    48.2518 |
|        1 |        368 |          1822.10 |       994.13 |      1868.79 |                 77.83 |                    0.10 |    801 |    48.3477 |
|        1 |        369 |          1822.10 |       994.13 |      1841.90 |                 48.95 |                    0.10 |    803 |    48.5530 |
|        1 |        370 |          1822.10 |       994.13 |      1834.70 |                 47.74 |                    0.10 |    803 |    48.6293 |
|        1 |        371 |          1822.10 |       994.13 |      1847.60 |                 37.35 |                    0.10 |    807 |    48.7046 |
|        1 |        372 |          1822.10 |       994.13 |      1841.06 |                 44.40 |                    0.10 |    810 |    48.8101 |
|        1 |        373 |          1822.10 |       994.13 |      1839.40 |                 40.74 |                    0.10 |    814 |    49.0494 |
|        1 |        374 |          1822.10 |       994.13 |      1841.99 |                 36.77 |                    0.10 |    815 |    49.2393 |
|        1 |        375 |          1822.10 |       994.13 |      1834.58 |                 31.37 |                    0.10 |    816 |    49.3657 |
|        1 |        376 |          1822.10 |       994.13 |      1832.63 |                 41.96 |                    0.10 |    817 |    49.4950 |
|        1 |        377 |          1822.10 |       994.13 |      1830.79 |                 51.33 |                    0.10 |    817 |    49.6216 |
|        1 |        378 |          1822.10 |       994.13 |      1834.10 |                 25.58 |                    0.10 |    817 |    49.7166 |
|        1 |        379 |          1822.10 |       994.13 |      1836.19 |                 35.68 |                    0.10 |    818 |    49.8233 |
|        1 |        380 |          1822.10 |       994.13 |      1842.20 |                 42.72 |                    0.10 |    821 |    49.9777 |
|        1 |        381 |          1822.10 |       994.13 |      1838.10 |                 37.30 |                    0.10 |    821 |    50.0653 |
|        1 |        382 |          1822.10 |       994.13 |      1830.10 |                 22.68 |                    0.10 |    821 |    50.1671 |
|        1 |        383 |          1822.10 |       994.13 |      1866.21 |                 29.21 |                    0.10 |    824 |    50.2772 |
|        1 |        384 |          1822.10 |       994.13 |      1857.71 |                 71.52 |                    0.10 |    824 |    50.3529 |
|        1 |        385 |          1822.10 |       994.13 |      1874.20 |                 34.26 |                    0.10 |    827 |    50.4762 |
|        1 |        386 |          1822.10 |       994.13 |      1837.30 |                 31.45 |                    0.10 |    828 |    50.5703 |
|        1 |        387 |          1822.10 |       994.13 |      1855.60 |                 60.40 |                    0.10 |    832 |    50.6962 |
|        1 |        388 |          1822.10 |       994.13 |      1858.00 |                 41.81 |                    0.10 |    835 |    50.8326 |
|        1 |        389 |          1822.10 |       994.13 |      1829.72 |                 43.59 |                    0.10 |    835 |    51.0264 |
|        1 |        390 |          1822.10 |       994.13 |      1853.02 |                 70.81 |                    0.10 |    835 |    51.1139 |
|        1 |        391 |          1822.10 |       994.13 |      1838.20 |                 34.23 |                    0.10 |    835 |    51.2283 |
|        1 |        392 |          1822.10 |       994.13 |      1827.11 |                 39.95 |                    0.10 |    835 |    51.3163 |
|        1 |        393 |          1822.10 |       994.13 |      1830.95 |                 38.18 |                    0.10 |    835 |    51.3994 |
|        1 |        394 |          1822.10 |       994.13 |      1830.40 |                 25.16 |                    0.10 |    835 |    51.5113 |
|        1 |        395 |          1822.10 |       994.13 |      1824.51 |                 47.91 |                    0.10 |    835 |    51.6011 |
|        1 |        396 |          1822.10 |       994.13 |      1844.40 |                 37.14 |                    0.10 |    836 |    51.6771 |
|        1 |        397 |          1822.10 |       994.13 |      1849.20 |                 65.36 |                    0.10 |    836 |    51.7524 |
|        1 |        398 |          1822.10 |       994.13 |      1840.28 |                 36.84 |                    0.10 |    840 |    51.9585 |
|        1 |        399 |          1822.10 |       994.13 |      1851.80 |                 56.78 |                    0.10 |    840 |    52.0706 |
|        1 |        400 |          1822.10 |       994.13 |      1848.92 |                 56.94 |                    0.10 |    840 |    52.1670 |
|        1 |        401 |          1822.10 |       994.13 |      1836.70 |                 35.35 |                    0.10 |    841 |    52.2639 |
|        1 |        402 |          1822.10 |       994.13 |      1826.89 |                 38.83 |                    0.10 |    841 |    52.3514 |
|        1 |        403 |          1822.10 |       994.13 |      1832.61 |                 68.17 |                    0.10 |    842 |    52.4666 |
|        1 |        404 |          1822.10 |       994.13 |      1838.20 |                 49.89 |                    0.16 |    843 |    52.6362 |
|        1 |        405 |          1822.10 |       994.13 |      1834.20 |                 31.63 |                    0.10 |    845 |    52.7219 |
|        1 |        406 |          1822.10 |       994.13 |      1830.39 |                 22.38 |                    0.10 |    845 |    52.8099 |
|        1 |        407 |          1822.10 |       994.13 |      1820.59 |                 43.51 |                    0.10 |    845 |    52.8831 |
|        1 |        408 |          1822.10 |       994.13 |      1841.89 |                 30.30 |                    0.10 |    847 |    53.0706 |
|        1 |        409 |          1822.10 |       994.13 |      1856.54 |                 44.49 |                    0.10 |    850 |    53.1612 |
|        1 |        410 |          1822.10 |       994.13 |      1863.20 |                 20.50 |                    0.10 |    853 |    53.2310 |
|        1 |        411 |          1822.10 |       994.13 |      1847.86 |                 43.64 |                    0.10 |    855 |    53.2954 |
|        1 |        412 |          1822.10 |       994.13 |      1863.10 |                 30.00 |                    0.10 |    856 |    53.3670 |
|        1 |        413 |          1822.10 |       994.13 |      1865.59 |                 71.92 |                    0.10 |    858 |    53.4516 |
|        1 |        414 |          1822.10 |       994.13 |      1860.30 |                 37.84 |                    0.10 |    861 |    53.6404 |
|        1 |        415 |          1822.10 |       994.13 |      1835.03 |                 86.20 |                    0.10 |    863 |    53.7415 |
|        1 |        416 |          1822.10 |       994.13 |      1827.61 |                 71.53 |                    0.10 |    864 |    53.9933 |
|        1 |        417 |          1822.10 |       994.13 |      1835.70 |                 35.71 |                    0.10 |    864 |    54.0613 |
|        1 |        418 |          1822.10 |       994.13 |      1832.90 |                 40.07 |                    0.10 |    864 |    54.1327 |
|        1 |        419 |          1822.10 |       994.13 |      1828.35 |                 48.64 |                    0.10 |    864 |    54.2259 |
|        1 |        420 |          1822.10 |       994.13 |      1848.93 |                 69.35 |                    0.10 |    864 |    54.3047 |
|        1 |        421 |          1822.10 |       994.13 |      1825.37 |                 33.04 |                    0.10 |    864 |    54.4882 |
|        1 |        422 |          1822.10 |       994.13 |      1826.30 |                 33.53 |                    0.10 |    864 |    54.5705 |
|        1 |        423 |          1822.10 |       994.13 |      1825.44 |                 31.31 |                    0.10 |    864 |    54.7026 |
|        1 |        424 |          1822.10 |       994.13 |      1822.10 |                 31.13 |                    0.10 |    864 |    54.7921 |
|        1 |        425 |          1822.10 |       994.13 |      1822.10 |                 32.88 |                    0.10 |    864 |    54.8712 |
|        1 |        426 |          1822.10 |       994.13 |      1820.89 |                 41.90 |                    0.10 |    864 |    54.9842 |
|        1 |        427 |          1822.10 |       994.13 |      1825.09 |                 38.70 |                    0.10 |    864 |    55.1213 |
|        1 |        428 |          1822.10 |       994.13 |      1824.20 |                 26.58 |                    0.10 |    864 |    55.2113 |
|        1 |        429 |          1822.10 |       994.13 |      1822.65 |                 32.58 |                    0.10 |    864 |    55.3131 |
|        1 |        430 |          1822.10 |       994.13 |      1820.05 |                 73.98 |                    0.10 |    864 |    55.4652 |
|        1 |        431 |          1822.10 |       994.13 |      1825.53 |                 35.27 |                    0.10 |    864 |    55.6193 |
|        1 |        432 |          1822.10 |       994.13 |      1826.50 |                 32.98 |                    0.10 |    864 |    55.7247 |
|        1 |        433 |          1822.10 |       994.13 |      1823.42 |                 62.17 |                    0.10 |    864 |    55.8193 |
|        1 |        434 |          1822.10 |       994.13 |      1826.50 |                 43.16 |                    0.10 |    864 |    55.8918 |
|        1 |        435 |          1822.10 |       994.13 |      1826.50 |                 86.55 |                    0.10 |    864 |    55.9562 |
|        1 |        436 |          1822.10 |       994.13 |      1827.10 |                 40.69 |                    0.10 |    864 |    56.0321 |
|        1 |        437 |          1822.10 |       994.13 |      1821.54 |                 59.65 |                    0.10 |    864 |    56.1403 |
|        1 |        438 |          1822.10 |       994.13 |      1820.00 |                 39.60 |                    0.10 |    864 |    56.2839 |
|        1 |        439 |          1822.10 |       994.13 |      1825.80 |                 34.57 |                    0.10 |    864 |    56.3685 |
|        1 |        440 |          1822.10 |       994.13 |      1824.94 |                 44.56 |                    0.10 |    864 |    56.4540 |
|        1 |        441 |          1822.10 |       994.13 |      1827.50 |                 42.14 |                    0.10 |    864 |    56.5386 |
|        1 |        442 |          1822.10 |       994.13 |      1825.80 |                 42.53 |                    0.10 |    866 |    56.7150 |
|        1 |        443 |          1822.10 |       994.13 |      1838.50 |                 45.40 |                    0.10 |    866 |    56.7879 |
|        1 |        444 |          1822.10 |       994.13 |      1827.63 |                 29.56 |                    0.10 |    867 |    56.9237 |
|        1 |        445 |          1822.10 |       994.13 |      1852.10 |                 82.80 |                    0.10 |    870 |    57.0753 |
|        1 |        446 |          1822.10 |       994.13 |      1836.70 |                 30.27 |                    0.10 |    872 |    57.1682 |
|        1 |        447 |          1822.10 |       994.13 |      1829.33 |                 29.48 |                    0.10 |    872 |    57.2599 |
|        1 |        448 |          1822.10 |       994.13 |      1829.37 |                 25.23 |                    0.10 |    873 |    57.3424 |
|        1 |        449 |          1822.10 |       994.13 |      1827.49 |                 48.10 |                    0.10 |    876 |    57.4103 |
|        1 |        450 |          1822.10 |       994.13 |      1832.20 |                 29.80 |                    0.10 |    876 |    57.5432 |
|        1 |        451 |          1822.10 |       994.13 |      1834.09 |                 56.25 |                    0.10 |    877 |    57.6138 |
|        1 |        452 |          1822.10 |       994.13 |      1835.80 |                 30.69 |                    0.10 |    877 |    57.7025 |
|        1 |        453 |          1822.10 |       994.13 |      1835.80 |                 18.91 |                    0.10 |    877 |    57.7630 |
|        1 |        454 |          1822.10 |       994.13 |      1822.62 |                 32.11 |                    0.10 |    877 |    57.9218 |
|        1 |        455 |          1822.10 |       994.13 |      1821.53 |                 66.93 |                    0.10 |    877 |    58.0124 |
|        1 |        456 |          1822.10 |       994.13 |      1838.00 |                 36.58 |                    0.10 |    879 |    58.0766 |
|        1 |        457 |          1822.10 |       994.13 |      1837.23 |                 34.48 |                    0.10 |    879 |    58.2184 |
|        1 |        458 |          1822.10 |       994.13 |      1839.44 |                 25.60 |                    0.10 |    879 |    58.3474 |
|        1 |        459 |          1822.10 |       994.13 |      1836.94 |                 60.14 |                    0.10 |    880 |    58.4478 |
|        1 |        460 |          1822.10 |       994.13 |      1875.17 |                 95.82 |                    0.10 |    881 |    58.5138 |
|        1 |        461 |          1822.10 |       994.13 |      1838.90 |                113.83 |                    0.10 |    883 |    58.6224 |
|        1 |        462 |          1822.10 |       994.13 |      1852.20 |                 75.75 |                    0.10 |    884 |    58.7232 |
|        1 |        463 |          1822.10 |       994.13 |      1850.80 |                 25.49 |                    0.10 |    884 |    58.8598 |
|        1 |        464 |          1822.10 |       994.13 |      1840.67 |                 59.83 |                    0.10 |    885 |    58.9797 |
|        1 |        465 |          1822.10 |       994.13 |      1835.50 |                 32.83 |                    0.10 |    885 |    59.1272 |
|        1 |        466 |          1822.10 |       994.13 |      1838.88 |                 25.17 |                    0.10 |    885 |    59.2269 |
|        1 |        467 |          1822.10 |       994.13 |      1825.42 |                 30.88 |                    0.10 |    885 |    59.3117 |
|        1 |        468 |          1822.10 |       994.13 |      1831.40 |                 31.64 |                    0.10 |    885 |    59.3970 |
|        1 |        469 |          1822.10 |       994.13 |      1827.65 |                 29.89 |                    0.10 |    885 |    59.4972 |
|        1 |        470 |          1822.10 |       994.13 |      1826.50 |                 38.82 |                    0.10 |    885 |    59.6268 |
|        1 |        471 |          1822.10 |       994.13 |      1827.23 |                 30.58 |                    0.10 |    885 |    59.7509 |
|        1 |        472 |          1822.10 |       994.13 |      1828.09 |                 32.60 |                    0.10 |    885 |    59.8426 |
|        1 |        473 |          1822.10 |       994.13 |      1843.17 |                 76.71 |                    0.10 |    886 |    59.9080 |
|        1 |        474 |          1822.10 |       994.13 |      1827.70 |                 33.26 |                    0.10 |    886 |    59.9987 |
------------------------------------------------------------------------------------------------------------------------------------------------
|  Restart |  Iteration |  Best Feas. Cost |    Best Cost |   Curr. Cost |   Penalty Custom Res. |   Penalty Standard Res. |   Pool |   Time (s) |
------------------------------------------------------------------------------------------------------------------------------------------------
|        1 |        475 |          1822.10 |       994.13 |      1826.97 |                 34.38 |                    0.10 |    886 |    60.1018 |
|        1 |        476 |          1822.10 |       994.13 |      1828.80 |                 32.85 |                    0.10 |    886 |    60.1839 |
|        1 |        477 |          1822.10 |       994.13 |      1828.80 |                 44.16 |                    0.10 |    886 |    60.2481 |
|        1 |        478 |          1822.10 |       994.13 |      1825.59 |                 30.85 |                    0.10 |    886 |    60.3832 |
|        1 |        479 |          1822.10 |       994.13 |      1819.29 |                 23.15 |                    0.10 |    886 |    60.5008 |
|        1 |        480 |          1822.10 |       994.13 |      1820.99 |                 35.73 |                    0.10 |    887 |    60.5885 |
|        1 |        481 |          1822.10 |       994.13 |      1839.90 |                 36.56 |                    0.10 |    888 |    60.6970 |
|        1 |        482 |          1822.10 |       994.13 |      1820.97 |                 30.63 |                    0.10 |    888 |    60.7977 |
|        1 |        483 |          1822.10 |       994.13 |      1821.13 |                 50.23 |                    0.10 |    888 |    60.8805 |
|        1 |        484 |          1822.10 |       994.13 |      1850.50 |                 49.72 |                    0.10 |    890 |    61.0249 |
|        1 |        485 |          1822.10 |       994.13 |      1848.60 |                 23.32 |                    0.10 |    890 |    61.1193 |
|        1 |        486 |          1822.10 |       994.13 |      1841.51 |                 61.84 |                    0.10 |    893 |    61.1927 |
|        1 |        487 |          1822.10 |       994.13 |      1833.60 |                 61.63 |                    0.10 |    893 |    61.3956 |
|        1 |        488 |          1822.10 |       994.13 |      1832.20 |                 36.06 |                    0.10 |    893 |    61.4862 |
|        1 |        489 |          1822.10 |       994.13 |      1826.98 |                 20.59 |                    0.10 |    893 |    61.6335 |
|        1 |        490 |          1822.10 |       994.13 |      1821.95 |                 34.07 |                    0.10 |    893 |    61.7212 |
|        1 |        491 |          1822.10 |       994.13 |      1849.70 |                 77.69 |                    0.10 |    895 |    61.8043 |
|        1 |        492 |          1822.10 |       994.13 |      1851.60 |                 75.01 |                    0.10 |    897 |    61.8755 |
|        1 |        493 |          1822.10 |       994.13 |      1847.50 |                 56.90 |                    0.10 |    898 |    61.9657 |
|        1 |        494 |          1822.10 |       994.13 |      1883.40 |                 53.34 |                    0.10 |    899 |    62.0359 |
|        1 |        495 |          1822.10 |       994.13 |      1838.10 |                 22.41 |                    0.10 |    899 |    62.1363 |
|        1 |        496 |          1822.10 |       994.13 |      1828.28 |                 45.76 |                    0.10 |    900 |    62.2283 |
|        1 |        497 |          1822.10 |       994.13 |      1835.63 |                 35.96 |                    0.10 |    900 |    62.5310 |
|        1 |        498 |          1822.10 |       994.13 |      1836.64 |                 78.76 |                    0.10 |    900 |    62.6138 |
|        1 |        499 |          1822.10 |       994.13 |      1828.61 |                 43.37 |                    0.10 |    900 |    62.8769 |
|        1 |        500 |          1822.10 |       994.13 |      1829.40 |                 24.65 |                    0.10 |    900 |    62.9519 |
------------------------------------------------------------------------------------------------------------------------------------------------
Version identifier: 22.1.2.0 | 2024-11-26 | 0edbb82fd
CPXPARAM_MIP_Tolerances_UpperCutoff              1822.2000000001133
Tried aggregator 1 time.
MIP Presolve eliminated 2 rows and 325 columns.
MIP Presolve modified 205 coefficients.
Reduced MIP has 99 rows, 575 columns, and 2478 nonzeros.
Reduced MIP has 575 binaries, 0 generals, 0 SOSs, and 0 indicators.
Presolve time = 0.00 sec. (2.51 ticks)
Probing fixed 2 vars, tightened 0 bounds.
Probing time = 0.00 sec. (2.46 ticks)
Tried aggregator 1 time.
Detecting symmetries...
MIP Presolve eliminated 1 rows and 5 columns.
Reduced MIP has 98 rows, 570 columns, and 2462 nonzeros.
Reduced MIP has 570 binaries, 0 generals, 0 SOSs, and 0 indicators.
Presolve time = 0.00 sec. (2.06 ticks)
Probing time = 0.00 sec. (2.14 ticks)
Clique table members: 697.
MIP emphasis: balance optimality and feasibility.
MIP search method: dynamic search.
Parallel mode: deterministic, using up to 8 threads.
Root relaxation solution time = 0.00 sec. (2.31 ticks)

        Nodes                                         Cuts/
   Node  Left     Objective  IInf  Best Integer    Best Bound    ItCnt     Gap

      0     0     1802.4625    29                   1802.4625      205         
      0     0     1811.3338    42                    Cuts: 30      255         
      0     0     1815.1412    50                    Cuts: 20      316         
Detecting symmetries...

Repeating presolve.
Tried aggregator 1 time.
MIP Presolve eliminated 1 rows and 179 columns.
MIP Presolve modified 13 coefficients.
Reduced MIP has 97 rows, 391 columns, and 1532 nonzeros.
Reduced MIP has 391 binaries, 0 generals, 0 SOSs, and 0 indicators.
Presolve time = 0.00 sec. (1.18 ticks)
Probing fixed 11 vars, tightened 0 bounds.
Probing time = 0.00 sec. (1.23 ticks)
Tried aggregator 1 time.
MIP Presolve eliminated 2 rows and 15 columns.
Reduced MIP has 95 rows, 376 columns, and 1472 nonzeros.
Reduced MIP has 376 binaries, 0 generals, 0 SOSs, and 0 indicators.
Presolve time = 0.00 sec. (0.76 ticks)
Probing fixed 1 vars, tightened 0 bounds.
Probing time = 0.00 sec. (1.16 ticks)
Tried aggregator 1 time.
Detecting symmetries...
MIP Presolve eliminated 0 rows and 5 columns.
Reduced MIP has 95 rows, 371 columns, and 1461 nonzeros.
Reduced MIP has 371 binaries, 0 generals, 0 SOSs, and 0 indicators.
Presolve time = 0.00 sec. (0.89 ticks)
Represolve time = 0.01 sec. (7.48 ticks)
Probing time = 0.00 sec. (1.11 ticks)
Clique table members: 529.
MIP emphasis: balance optimality and feasibility.
MIP search method: dynamic search.
Parallel mode: deterministic, using up to 8 threads.
Root relaxation solution time = 0.00 sec. (3.81 ticks)

        Nodes                                         Cuts/
   Node  Left     Objective  IInf  Best Integer    Best Bound    ItCnt     Gap

      0     0     1816.0333    26                   1816.0333      549         
      0     0     1818.1146    53                    Cuts: 14      578         
*     0     0      integral     0     1819.4000      Cuts: 19      623    0.00%
*     0+    0                         1819.4000     1819.4000             0.00%
      0     0        cutoff           1819.4000     1819.4000      623    0.00%
Elapsed time = 0.08 sec. (62.83 ticks, tree = 0.01 MB, solutions = 1)
objective_value(sp) = 1819.3999999999999
 66.442358 seconds (6.89 M allocations: 342.127 MiB, 0.16% gc time, 5.75% compilation time)
#1: 0 (0.0) {2989.5} -> 48 (10.0) {3000.2} [0.0, 3289.0] -> 43 (20.0) {3096.0} [0.0, 3283.0] -> 42 (40.0) {3189.0} [0.0, 3280.0] -> 41 (50.0) {3281.0} [0.0, 3281.0] -> 0 (50.0) {3389.6} [0.0, 3390.0]
#2: 0 (0.0) {2951.6} -> 32 (30.0) {2983.2} [0.0, 3268.0] -> 33 (70.0) {3075.2} [0.0, 3266.0] -> 35 (80.0) {3171.0} [0.0, 3261.0] -> 31 (100.0) {3266.0} [0.0, 3266.0] -> 0 (100.0) {3389.5} [0.0, 3390.0]
#3: 0 (0.0) {2639.8} -> 25 (40.0) {2663.8} [2504.0, 2664.0] -> 9 (50.0) {2761.0} [2601.0, 2761.0] -> 11 (60.0) {2858.0} [2698.0, 2858.0] -> 10 (70.0) {2951.0} [0.0, 3283.0] -> 0 (70.0) {3057.7} [0.0, 3390.0]
#4: 0 (0.0) {2340.0} -> 15 (40.0) {2376.0} [2216.0, 2376.0] -> 16 (80.0) {2471.0} [0.0, 3259.0] -> 14 (90.0) {2563.0} [0.0, 3260.0] -> 12 (110.0) {2656.0} [0.0, 3261.0] -> 0 (110.0) {2784.0} [0.0, 3390.0]
#5: 0 (0.0) {2995.4} -> 21 (20.0) {3007.0} [0.0, 3288.0] -> 22 (40.0) {3101.4} [0.0, 3287.0] -> 24 (50.0) {3195.0} [0.0, 3285.0] -> 20 (60.0) {3290.0} [0.0, 3290.0] -> 0 (60.0) {3390.0} [0.0, 3390.0]
#6: 0 (0.0) {2534.2} -> 13 (30.0) {2565.0} [2405.0, 2565.0] -> 19 (40.0) {2663.6} [0.0, 3260.0] -> 18 (60.0) {2758.6} [0.0, 3264.0] -> 17 (80.0) {2851.6} [0.0, 3266.0] -> 0 (80.0) {2974.9} [0.0, 3390.0]
#7: 0 (0.0) {353.2} -> 74 (50.0) {373.0} [213.0, 373.0] -> 72 (60.0) {468.0} [0.0, 3276.0] -> 61 (70.0) {561.0} [0.0, 3277.0] -> 69 (80.0) {680.0} [680.0, 840.0] -> 0 (80.0) {785.8} [0.0, 3390.0]
#8: 0 (0.0) {79.8} -> 67 (10.0) {92.0} [12.0, 172.0] -> 66 (20.0) {187.0} [0.0, 3283.0] -> 62 (40.0) {280.0} [120.0, 280.0] -> 63 (90.0) {375.0} [0.0, 3285.0] -> 0 (90.0) {479.1} [0.0, 3390.0]
#9: 0 (0.0) {716.7} -> 97 (30.0) {757.0} [0.0, 3259.0] -> 92 (50.0) {854.0} [694.0, 854.0] -> 94 (60.0) {947.6} [0.0, 3259.0] -> 95 (90.0) {1041.2} [0.0, 3262.0] -> 0 (90.0) {1168.4} [0.0, 3390.0]
#10: 0 (0.0) {2965.7999999999997} -> 64 (10.0) {2987.3} [0.0, 3278.0] -> 49 (20.0) {3087.3} [0.0, 3268.0] -> 65 (30.0) {3183.7} [0.0, 3274.0] -> 68 (40.0) {3279.0} [0.0, 3279.0] -> 0 (40.0) {3389.0} [0.0, 3390.0]
#11: 0 (0.0) {1370.9} -> 53 (20.0) {1416.0} [1256.0, 1416.0] -> 56 (50.0) {1510.0} [0.0, 3255.0] -> 58 (80.0) {1602.0} [1442.0, 1602.0] -> 60 (100.0) {1695.0} [0.0, 3254.0] -> 0 (100.0) {1830.2} [0.0, 3390.0]
#12: 0 (0.0) {1770.0} -> 84 (20.0) {1801.0} [1641.0, 1801.0] -> 82 (40.0) {1896.8} [0.0, 3264.0] -> 83 (50.0) {1989.8} [0.0, 3267.0] -> 86 (60.0) {2085.8} [0.0, 3273.0] -> 0 (60.0) {2202.2} [0.0, 3390.0]
#13: 0 (0.0) {1950.6000000000001} -> 45 (10.0) {1972.9} [0.0, 3277.0] -> 44 (20.0) {2073.0} [1913.0, 2073.0] -> 40 (30.0) {2167.4} [0.0, 3267.0] -> 46 (60.0) {2264.6} [0.0, 3274.0] -> 0 (60.0) {2380.3} [0.0, 3390.0]
#14: 0 (0.0) {2977.8} -> 47 (10.0) {2995.8} [0.0, 3281.0] -> 50 (20.0) {3090.8} [0.0, 3277.0] -> 51 (30.0) {3183.0} [0.0, 3275.0] -> 52 (40.0) {3278.0} [0.0, 3278.0] -> 0 (40.0) {3389.2} [0.0, 3390.0]
#15: 0 (0.0) {443.5} -> 1 (10.0) {471.2} [0.0, 3272.0] -> 99 (20.0) {567.0} [407.0, 567.0] -> 100 (40.0) {662.0} [502.0, 662.0] -> 2 (70.0) {770.0} [0.0, 3279.0] -> 0 (70.0) {880.6} [0.0, 3390.0]
#16: 0 (0.0) {2970.2000000000003} -> 89 (10.0) {2991.4} [0.0, 3278.0] -> 91 (20.0) {3087.0} [0.0, 3277.0] -> 88 (50.0) {3182.0} [0.0, 3273.0] -> 90 (60.0) {3279.0} [0.0, 3279.0] -> 0 (60.0) {3389.6} [0.0, 3390.0]
#17: 0 (0.0) {1108.3} -> 7 (20.0) {1135.2} [0.0, 3273.0] -> 98 (40.0) {1230.2} [0.0, 3269.0] -> 3 (50.0) {1327.4} [0.0, 3270.0] -> 4 (60.0) {1421.0} [1261.0, 1421.0] -> 0 (60.0) {1536.6} [0.0, 3390.0]
#18: 0 (0.0) {906.0} -> 57 (40.0) {941.0} [0.0, 3264.0] -> 59 (50.0) {1036.0} [0.0, 3259.0] -> 54 (90.0) {1130.0} [0.0, 3259.0] -> 55 (100.0) {1225.0} [1065.0, 1225.0] -> 0 (100.0) {1350.0} [0.0, 3390.0]
#19: 0 (0.0) {2804.7} -> 96 (10.0) {2828.8} [0.0, 3275.0] -> 80 (20.0) {2946.2} [0.0, 3248.0] -> 77 (30.0) {3060.0} [2900.0, 3060.0] -> 87 (50.0) {3158.0} [3097.0, 3257.0] -> 0 (50.0) {3272.3} [0.0, 3390.0]
#20: 0 (0.0) {1772.5} -> 23 (10.0) {1803.0} [1643.0, 1803.0] -> 26 (20.0) {1900.2} [0.0, 3265.0] -> 28 (40.0) {1998.2} [0.0, 3263.0] -> 34 (60.0) {2098.9} [0.0, 3267.0] -> 0 (60.0) {2221.2} [0.0, 3390.0]
#21: 0 (0.0) {2148.8} -> 78 (20.0) {2188.0} [0.0, 3260.0] -> 76 (30.0) {2291.0} [2131.0, 2291.0] -> 71 (50.0) {2386.0} [0.0, 3242.0] -> 85 (80.0) {2490.2} [0.0, 3253.0] -> 0 (80.0) {2626.3} [0.0, 3390.0]
#22: 0 (0.0) {1091.8} -> 37 (20.0) {1131.0} [0.0, 3260.0] -> 38 (50.0) {1223.0} [1063.0, 1223.0] -> 39 (70.0) {1318.0} [0.0, 3259.0] -> 36 (80.0) {1413.0} [0.0, 3264.0] -> 0 (80.0) {1538.3} [0.0, 3390.0]
#23: 0 (0.0) {2989.4} -> 8 (20.0) {3001.0} [2887.0, 3047.0] -> 5 (30.0) {3100.4} [0.0, 3284.0] -> 75 (50.0) {3193.4} [0.0, 3284.0] -> 93 (90.0) {3291.0} [0.0, 3291.0] -> 0 (90.0) {3389.2} [0.0, 3390.0]
#24: 0 (0.0) {2968.7000000000003} -> 6 (20.0) {2993.9} [0.0, 3274.0] -> 29 (30.0) {3092.8} [0.0, 3280.0] -> 30 (40.0) {3187.8} [0.0, 3279.0] -> 27 (50.0) {3282.0} [0.0, 3282.0] -> 0 (50.0) {3389.1} [0.0, 3390.0]
#25: 0 (0.0) {2431.5} -> 81 (30.0) {2478.9} [0.0, 3252.0] -> 70 (60.0) {2580.0} [0.0, 3241.0] -> 73 (70.0) {2673.0} [0.0, 3244.0] -> 79 (80.0) {2768.0} [2608.0, 2768.0] -> 0 (80.0) {2909.0} [0.0, 3390.0]

Dist: 1819.3999999999999. Cost: 1819.3999999999999

Clique cuts applied:  17
Cover cuts applied:  3
Zero-half cuts applied:  10
Lift and project cuts applied:  7
Gomory fractional cuts applied:  4

Root node processing (before b&c):
  Real time             =    0.08 sec. (62.86 ticks)
Parallel b&c, 8 threads:
  Real time             =    0.00 sec. (0.00 ticks)
  Sync time (average)   =    0.00 sec.
  Wait time (average)   =    0.00 sec.
                          ------------
Total (root+branch&cut) =    0.08 sec. (62.86 ticks)
