Solving...
------------------------------------------------------------------------------------------------------------------------------------------------
|  Restart |  Iteration |  Best Feas. Cost |    Best Cost |   Curr. Cost |   Penalty Custom Res. |   Penalty Standard Res. |   Pool |   Time (s) |
------------------------------------------------------------------------------------------------------------------------------------------------
|        1 |          1 |              Inf |       871.10 |      1016.66 |                  6.24 |                    0.18 |     47 |     0.1571 |
|        1 |          2 |              Inf |       871.10 |      1259.08 |                 11.91 |                    0.10 |     48 |     0.6046 |
|        1 |          3 |              Inf |       871.10 |      1561.50 |                 21.86 |                    0.10 |     49 |     0.6507 |
|        1 |          4 |              Inf |       871.10 |      1586.10 |                 35.60 |                    0.10 |     67 |     0.8372 |
|        1 |          5 |              Inf |       871.10 |      1587.76 |                 37.05 |                    0.10 |     81 |     0.9949 |
|        1 |          0 |          1619.90 |       871.10 |      1619.90 |                 23.69 |                    0.10 |     94 |     1.1060 |
|        1 |          0 |          1560.50 |       871.10 |      1560.50 |                 25.37 |                    0.10 |    106 |     1.2723 |
|        1 |          1 |          1560.50 |       871.10 |      1560.50 |                 57.33 |                    0.10 |    107 |     1.3379 |
|        1 |          0 |          1558.40 |       871.10 |      1558.40 |                 26.40 |                    0.10 |    108 |     1.4194 |
|        1 |          0 |          1554.40 |       871.10 |      1554.40 |                 13.01 |                    0.10 |    112 |     1.5298 |
|        1 |          1 |          1554.40 |       871.10 |      1554.10 |                 21.34 |                    0.10 |    113 |     1.6025 |
|        1 |          2 |          1554.40 |       871.10 |      1564.40 |                 12.75 |                    0.10 |    116 |     1.6728 |
|        1 |          3 |          1554.40 |       871.10 |      1546.47 |                 36.23 |                    0.10 |    120 |     1.7582 |
|        1 |          4 |          1554.40 |       871.10 |      1570.08 |                 58.88 |                    0.10 |    123 |     1.8170 |
|        1 |          0 |          1541.90 |       871.10 |      1541.90 |                 19.96 |                    0.10 |    135 |     1.9891 |
|        1 |          1 |          1541.90 |       871.10 |      1542.90 |                 23.55 |                    0.11 |    135 |     2.0549 |
|        1 |          2 |          1541.90 |       871.10 |      1542.90 |                 23.91 |                    0.10 |    136 |     2.1256 |
|        1 |          3 |          1541.90 |       871.10 |      1537.31 |                 24.32 |                    0.10 |    141 |     2.3037 |
|        1 |          4 |          1541.90 |       871.10 |      1558.92 |                 21.67 |                    0.10 |    142 |     2.3774 |
|        1 |          5 |          1541.90 |       871.10 |      1589.18 |                 53.59 |                    0.10 |    146 |     2.4475 |
|        1 |          6 |          1541.90 |       871.10 |      1615.80 |                 27.83 |                    0.10 |    157 |     2.5264 |
|        1 |          7 |          1541.90 |       871.10 |      1581.70 |                 65.37 |                    0.10 |    167 |     2.6089 |
|        1 |          8 |          1541.90 |       871.10 |      1587.10 |                 33.28 |                    0.10 |    172 |     2.6823 |
|        1 |          9 |          1541.90 |       871.10 |      1556.53 |                 46.18 |                    0.10 |    180 |     2.8661 |
|        1 |         10 |          1541.90 |       871.10 |      1588.32 |                 33.65 |                    0.10 |    183 |     2.9636 |
|        1 |         11 |          1541.90 |       871.10 |      1595.67 |                 50.51 |                    0.10 |    191 |     3.0233 |
|        1 |         12 |          1541.90 |       871.10 |      1610.54 |                 34.02 |                    0.10 |    191 |     3.1005 |
|        1 |         13 |          1541.90 |       871.10 |      1593.99 |                 96.70 |                    0.10 |    191 |     3.1741 |
|        1 |         14 |          1541.90 |       871.10 |      1556.30 |                 35.84 |                    0.10 |    193 |     3.3556 |
|        1 |         15 |          1541.90 |       871.10 |      1559.60 |                 15.54 |                    0.10 |    194 |     3.4338 |
|        1 |         16 |          1541.90 |       871.10 |      1573.90 |                 12.77 |                    0.10 |    203 |     3.6675 |
|        1 |         17 |          1541.90 |       871.10 |      1567.07 |                 45.54 |                    0.10 |    211 |     3.7828 |
|        1 |         18 |          1541.90 |       871.10 |      1580.69 |                 43.49 |                    0.10 |    217 |     3.8661 |
|        1 |         19 |          1541.90 |       871.10 |      1582.50 |                 47.20 |                    0.10 |    223 |     3.9834 |
|        1 |         20 |          1541.90 |       871.10 |      1579.70 |                 17.04 |                    0.10 |    223 |     4.1042 |
|        1 |         21 |          1541.90 |       871.10 |      1571.74 |                 12.56 |                    0.10 |    226 |     4.1773 |
|        1 |         22 |          1541.90 |       871.10 |      1530.36 |                 33.52 |                    0.13 |    232 |     4.3044 |
|        1 |         23 |          1541.90 |       871.10 |      1550.93 |                 32.39 |                    0.10 |    232 |     4.3639 |
|        1 |         24 |          1541.90 |       871.10 |      1564.20 |                 25.26 |                    0.10 |    238 |     4.4812 |
|        1 |         25 |          1541.90 |       871.10 |      1566.10 |                 17.03 |                    0.10 |    240 |     4.5445 |
|        1 |         26 |          1541.90 |       871.10 |      1560.58 |                 27.37 |                    0.10 |    240 |     4.6254 |
|        1 |         27 |          1541.90 |       871.10 |      1552.40 |                 12.67 |                    0.10 |    243 |     4.7757 |
|        1 |         28 |          1541.90 |       871.10 |      1553.30 |                 18.55 |                    0.10 |    244 |     4.8915 |
|        1 |         29 |          1541.90 |       871.10 |      1583.60 |                 17.04 |                    0.10 |    246 |     4.9731 |
|        1 |         30 |          1541.90 |       871.10 |      1578.44 |                 53.47 |                    0.10 |    250 |     5.0731 |
|        1 |         31 |          1541.90 |       871.10 |      1552.30 |                 28.06 |                    0.10 |    253 |     5.2869 |
|        1 |         32 |          1541.90 |       871.10 |      1552.30 |                 16.61 |                    0.10 |    253 |     5.3455 |
|        1 |         33 |          1541.90 |       871.10 |      1551.10 |                 29.55 |                    0.10 |    253 |     5.4098 |
|        1 |         34 |          1541.90 |       871.10 |      1550.87 |                 26.23 |                    0.10 |    256 |     5.5401 |
|        1 |         35 |          1541.90 |       871.10 |      1549.20 |                 14.17 |                    0.10 |    260 |     5.6166 |
|        1 |         36 |          1541.90 |       871.10 |      1546.94 |                 16.55 |                    0.10 |    260 |     5.6900 |
|        1 |         37 |          1541.90 |       871.10 |      1554.81 |                 31.43 |                    0.10 |    264 |     5.8141 |
|        1 |         38 |          1541.90 |       871.10 |      1557.30 |                 18.88 |                    0.10 |    267 |     5.9564 |
|        1 |         39 |          1541.90 |       871.10 |      1556.40 |                 17.70 |                    0.10 |    267 |     6.0193 |
|        1 |         40 |          1541.90 |       871.10 |      1553.20 |                 18.12 |                    0.10 |    269 |     6.1218 |
|        1 |         41 |          1541.90 |       871.10 |      1550.60 |                 12.82 |                    0.10 |    270 |     6.2017 |
|        1 |         42 |          1541.90 |       871.10 |      1552.58 |                 34.68 |                    0.10 |    270 |     6.2708 |
|        1 |         43 |          1541.90 |       871.10 |      1552.00 |                 37.01 |                    0.10 |    271 |     6.3399 |
|        1 |         44 |          1541.90 |       871.10 |      1552.80 |                 14.96 |                    0.10 |    275 |     6.4158 |
|        1 |         45 |          1541.90 |       871.10 |      1540.60 |                 29.94 |                    0.10 |    276 |     6.5059 |
|        1 |         46 |          1541.90 |       871.10 |      1557.50 |                 24.25 |                    0.10 |    277 |     6.6543 |
|        1 |         47 |          1541.90 |       871.10 |      1558.10 |                 22.00 |                    0.10 |    279 |     6.7609 |
|        1 |         48 |          1541.90 |       871.10 |      1567.44 |                 61.58 |                    0.10 |    280 |     6.9189 |
|        1 |         49 |          1541.90 |       871.10 |      1553.40 |                 34.69 |                    0.10 |    282 |     6.9730 |
|        1 |          0 |          1541.20 |       871.10 |      1541.20 |                 17.25 |                    0.13 |    283 |     7.0881 |
|        1 |          1 |          1541.20 |       871.10 |      1522.44 |                 16.32 |                    0.10 |    284 |     7.1673 |
|        1 |          2 |          1541.20 |       871.10 |      1524.08 |                 45.03 |                    0.10 |    284 |     7.2409 |
|        1 |          3 |          1541.20 |       871.10 |      1575.47 |                 31.26 |                    0.10 |    284 |     7.3174 |
|        1 |          4 |          1541.20 |       871.10 |      1550.00 |                 26.89 |                    0.10 |    285 |     7.4776 |
|        1 |          5 |          1541.20 |       871.10 |      1542.25 |                 29.71 |                    0.10 |    288 |     7.6218 |
|        1 |          6 |          1541.20 |       871.10 |      1561.35 |                 75.71 |                    0.10 |    288 |     7.6888 |
|        1 |          7 |          1541.20 |       871.10 |      1558.40 |                 18.13 |                    0.10 |    288 |     7.8282 |
|        1 |          8 |          1541.20 |       871.10 |      1561.20 |                 12.20 |                    0.10 |    290 |     7.9119 |
|        1 |          9 |          1541.20 |       871.10 |      1564.20 |                 23.62 |                    0.10 |    297 |     8.0492 |
|        1 |         10 |          1541.20 |       871.10 |      1551.49 |                 29.72 |                    0.10 |    305 |     8.2090 |
|        1 |         11 |          1541.20 |       871.10 |      1554.80 |                 18.98 |                    0.10 |    305 |     8.3425 |
|        1 |         12 |          1541.20 |       871.10 |      1550.88 |                 41.47 |                    0.10 |    305 |     8.4662 |
|        1 |         13 |          1541.20 |       871.10 |      1553.40 |                 23.05 |                    0.10 |    305 |     8.5836 |
|        1 |         14 |          1541.20 |       871.10 |      1557.50 |                 31.73 |                    0.10 |    307 |     8.7442 |
|        1 |         15 |          1541.20 |       871.10 |      1557.50 |                 25.85 |                    0.10 |    307 |     8.8144 |
|        1 |         16 |          1541.20 |       871.10 |      1557.50 |                 33.05 |                    0.12 |    307 |     8.8764 |
|        1 |         17 |          1541.20 |       871.10 |      1556.70 |                 29.17 |                    0.10 |    307 |     8.9429 |
|        1 |         18 |          1541.20 |       871.10 |      1556.70 |                 35.13 |                    0.10 |    307 |     9.0025 |
|        1 |         19 |          1541.20 |       871.10 |      1556.70 |                 15.24 |                    0.10 |    307 |     9.0743 |
|        1 |         20 |          1541.20 |       871.10 |      1556.40 |                 32.13 |                    0.10 |    307 |     9.1352 |
|        1 |         21 |          1541.20 |       871.10 |      1556.40 |                 32.30 |                    0.10 |    307 |     9.1979 |
|        1 |         22 |          1541.20 |       871.10 |      1550.68 |                 18.55 |                    0.10 |    307 |     9.3997 |
|        1 |         23 |          1541.20 |       871.10 |      1560.69 |                 25.40 |                    0.10 |    310 |     9.4783 |
|        1 |         24 |          1541.20 |       871.10 |      1560.34 |                 11.99 |                    0.10 |    317 |     9.6300 |
|        1 |         25 |          1541.20 |       871.10 |      1556.05 |                 33.07 |                    0.10 |    323 |     9.7173 |
|        1 |         26 |          1541.20 |       871.10 |      1554.90 |                 23.37 |                    0.10 |    327 |     9.8185 |
|        1 |         27 |          1541.20 |       871.10 |      1511.77 |                 26.91 |                    0.10 |    332 |     9.9453 |
|        1 |         28 |          1541.20 |       871.10 |      1553.41 |                 63.95 |                    0.10 |    334 |    10.0119 |
|        1 |         29 |          1541.20 |       871.10 |      1551.90 |                 34.51 |                    0.10 |    334 |    10.1073 |
|        1 |         30 |          1541.20 |       871.10 |      1551.90 |                 24.96 |                    0.10 |    334 |    10.1688 |
|        1 |         31 |          1541.20 |       871.10 |      1570.50 |                 24.10 |                    0.10 |    335 |    10.2422 |
|        1 |         32 |          1541.20 |       871.10 |      1555.00 |                 16.35 |                    0.10 |    339 |    10.3508 |
|        1 |         33 |          1541.20 |       871.10 |      1555.00 |                 22.83 |                    0.10 |    339 |    10.4474 |
|        1 |         34 |          1541.20 |       871.10 |      1527.93 |                 15.34 |                    0.10 |    339 |    10.5549 |
|        1 |         35 |          1541.20 |       871.10 |      1527.40 |                 30.48 |                    0.10 |    339 |    10.6068 |
|        1 |         36 |          1541.20 |       871.10 |      1545.57 |                 58.08 |                    0.10 |    339 |    10.6902 |
|        1 |         37 |          1541.20 |       871.10 |      1589.99 |                 50.64 |                    0.10 |    341 |    10.7871 |
|        1 |         38 |          1541.20 |       871.10 |      1549.90 |                 23.14 |                    0.10 |    341 |    10.9789 |
|        1 |         39 |          1541.20 |       871.10 |      1549.90 |                 50.24 |                    0.10 |    341 |    11.0464 |
|        1 |         40 |          1541.20 |       871.10 |      1563.20 |                 22.24 |                    0.10 |    342 |    11.1153 |
|        1 |         41 |          1541.20 |       871.10 |      1563.20 |                 40.31 |                    0.10 |    342 |    11.1896 |
|        1 |         42 |          1541.20 |       871.10 |      1545.04 |                 25.17 |                    0.10 |    344 |    11.3504 |
|        1 |         43 |          1541.20 |       871.10 |      1546.60 |                 19.68 |                    0.10 |    344 |    11.4323 |
|        1 |         44 |          1541.20 |       871.10 |      1546.50 |                 16.19 |                    0.10 |    344 |    11.5058 |
|        1 |         45 |          1541.20 |       871.10 |      1546.50 |                 18.89 |                    0.10 |    344 |    11.5845 |
|        1 |         46 |          1541.20 |       871.10 |      1546.50 |                 15.24 |                    0.10 |    344 |    11.6480 |
|        1 |         47 |          1541.20 |       871.10 |      1546.50 |                 17.96 |                    0.12 |    344 |    11.7367 |
|        1 |         48 |          1541.20 |       871.10 |      1548.51 |                 26.83 |                    0.10 |    345 |    11.8504 |
|        1 |         49 |          1541.20 |       871.10 |      1544.00 |                 16.03 |                    0.10 |    345 |    11.9214 |
|        1 |         50 |          1541.20 |       871.10 |      1544.00 |                 23.10 |                    0.10 |    345 |    11.9914 |
|        1 |         51 |          1541.20 |       871.10 |      1544.80 |                 39.83 |                    0.10 |    345 |    12.0647 |
|        1 |         52 |          1541.20 |       871.10 |      1567.00 |                 26.29 |                    0.10 |    346 |    12.1440 |
|        1 |         53 |          1541.20 |       871.10 |      1557.24 |                 37.89 |                    0.10 |    347 |    12.2074 |
|        1 |         54 |          1541.20 |       871.10 |      1544.00 |                 43.63 |                    0.10 |    347 |    12.3440 |
|        1 |         55 |          1541.20 |       871.10 |      1544.80 |                 40.49 |                    0.10 |    347 |    12.4152 |
|        1 |         56 |          1541.20 |       871.10 |      1544.50 |                 22.77 |                    0.10 |    347 |    12.4955 |
|        1 |         57 |          1541.20 |       871.10 |      1544.50 |                 40.89 |                    0.10 |    347 |    12.5606 |
|        1 |         58 |          1541.20 |       871.10 |      1544.50 |                 64.52 |                    0.10 |    347 |    12.6213 |
|        1 |         59 |          1541.20 |       871.10 |      1544.50 |                 34.55 |                    0.10 |    347 |    12.6843 |
|        1 |         60 |          1541.20 |       871.10 |      1549.30 |                 20.44 |                    0.10 |    348 |    12.7529 |
|        1 |         61 |          1541.20 |       871.10 |      1558.60 |                 20.97 |                    0.10 |    350 |    12.8136 |
|        1 |         62 |          1541.20 |       871.10 |      1556.30 |                 28.12 |                    0.10 |    350 |    12.9113 |
|        1 |         63 |          1541.20 |       871.10 |      1554.00 |                 11.83 |                    0.10 |    350 |    12.9877 |
|        1 |         64 |          1541.20 |       871.10 |      1541.97 |                 14.01 |                    0.10 |    353 |    13.1526 |
|        1 |         65 |          1541.20 |       871.10 |      1537.88 |                 28.69 |                    0.10 |    353 |    13.2059 |
|        1 |         66 |          1541.20 |       871.10 |      1553.75 |                 64.81 |                    0.10 |    353 |    13.2739 |
|        1 |         67 |          1541.20 |       871.10 |      1566.20 |                 36.37 |                    0.10 |    355 |    13.3816 |
|        1 |         68 |          1541.20 |       871.10 |      1572.90 |                 18.69 |                    0.10 |    359 |    13.4562 |
|        1 |         69 |          1541.20 |       871.10 |      1542.67 |                 30.63 |                    0.10 |    360 |    13.5441 |
|        1 |         70 |          1541.20 |       871.10 |      1580.83 |                 62.00 |                    0.10 |    361 |    13.6183 |
|        1 |         71 |          1541.20 |       871.10 |      1576.20 |                 38.02 |                    0.10 |    366 |    13.8950 |
|        1 |         72 |          1541.20 |       871.10 |      1571.00 |                 21.33 |                    0.10 |    366 |    14.0079 |
|        1 |         73 |          1541.20 |       871.10 |      1553.12 |                 24.71 |                    0.10 |    369 |    14.1934 |
|        1 |         74 |          1541.20 |       871.10 |      1574.23 |                 49.98 |                    0.10 |    369 |    14.2722 |
|        1 |         75 |          1541.20 |       871.10 |      1522.38 |                 21.08 |                    0.10 |    371 |    14.4715 |
|        1 |         76 |          1541.20 |       871.10 |      1589.01 |                 39.79 |                    0.10 |    377 |    14.5415 |
|        1 |         77 |          1541.20 |       871.10 |      1572.62 |                 29.19 |                    0.10 |    382 |    14.6856 |
|        1 |         78 |          1541.20 |       871.10 |      1561.20 |                 14.92 |                    0.10 |    385 |    14.8504 |
|        1 |         79 |          1541.20 |       871.10 |      1559.60 |                 40.37 |                    0.10 |    387 |    14.9184 |
|        1 |         80 |          1541.20 |       871.10 |      1571.60 |                 27.19 |                    0.10 |    388 |    14.9897 |
|        1 |         81 |          1541.20 |       871.10 |      1552.20 |                 13.02 |                    0.10 |    388 |    15.0771 |
|        1 |         82 |          1541.20 |       871.10 |      1547.94 |                 28.78 |                    0.10 |    389 |    15.1763 |
|        1 |         83 |          1541.20 |       871.10 |      1549.80 |                 15.26 |                    0.10 |    389 |    15.2366 |
|        1 |         84 |          1541.20 |       871.10 |      1549.90 |                 11.92 |                    0.10 |    389 |    15.3439 |
|        1 |         85 |          1541.20 |       871.10 |      1549.90 |                 18.03 |                    0.10 |    389 |    15.4398 |
|        1 |         86 |          1541.20 |       871.10 |      1549.90 |                 23.78 |                    0.10 |    389 |    15.4876 |
|        1 |         87 |          1541.20 |       871.10 |      1574.50 |                 28.61 |                    0.10 |    390 |    15.5597 |
|        1 |         88 |          1541.20 |       871.10 |      1561.40 |                 33.73 |                    0.10 |    392 |    15.6407 |
|        1 |         89 |          1541.20 |       871.10 |      1562.70 |                 43.97 |                    0.10 |    392 |    15.7073 |
|        1 |         90 |          1541.20 |       871.10 |      1559.10 |                 60.29 |                    0.10 |    398 |    15.7673 |
|        1 |         91 |          1541.20 |       871.10 |      1557.60 |                 31.00 |                    0.10 |    398 |    15.8419 |
|        1 |         92 |          1541.20 |       871.10 |      1549.90 |                 27.08 |                    0.10 |    400 |    15.9134 |
|        1 |         93 |          1541.20 |       871.10 |      1567.93 |                 15.50 |                    0.10 |    404 |    16.0367 |
|        1 |         94 |          1541.20 |       871.10 |      1553.45 |                 27.00 |                    0.10 |    405 |    16.1032 |
|        1 |         95 |          1541.20 |       871.10 |      1559.20 |                 21.06 |                    0.10 |    405 |    16.2206 |
|        1 |         96 |          1541.20 |       871.10 |      1557.50 |                 38.52 |                    0.10 |    408 |    16.3143 |
|        1 |         97 |          1541.20 |       871.10 |      1571.90 |                 32.68 |                    0.10 |    408 |    16.3799 |
|        1 |         98 |          1541.20 |       871.10 |      1565.50 |                 26.83 |                    0.10 |    408 |    16.4768 |
|        1 |         99 |          1541.20 |       871.10 |      1569.00 |                 12.46 |                    0.10 |    408 |    16.5723 |
|        1 |        100 |          1541.20 |       871.10 |      1552.71 |                 47.72 |                    0.10 |    408 |    16.6805 |
|        1 |        101 |          1541.20 |       871.10 |      1611.00 |                 32.71 |                    0.10 |    414 |    16.7927 |
|        1 |        102 |          1541.20 |       871.10 |      1610.20 |                 45.25 |                    0.10 |    415 |    16.8776 |
|        1 |        103 |          1541.20 |       871.10 |      1599.84 |                 76.43 |                    0.10 |    417 |    16.9623 |
|        1 |        104 |          1541.20 |       871.10 |      1555.70 |                 33.59 |                    0.10 |    419 |    17.1345 |
|        1 |        105 |          1541.20 |       871.10 |      1574.90 |                 44.97 |                    0.10 |    423 |    17.2525 |
|        1 |        106 |          1541.20 |       871.10 |      1574.90 |                 45.21 |                    0.10 |    423 |    17.3169 |
|        1 |        107 |          1541.20 |       871.10 |      1570.70 |                 23.11 |                    0.10 |    424 |    17.4761 |
|        1 |        108 |          1541.20 |       871.10 |      1574.44 |                 30.10 |                    0.10 |    426 |    17.5630 |
|        1 |        109 |          1541.20 |       871.10 |      1558.74 |                 45.70 |                    0.10 |    432 |    17.7250 |
|        1 |        110 |          1541.20 |       871.10 |      1589.89 |                 58.46 |                    0.10 |    432 |    17.7787 |
|        1 |        111 |          1541.20 |       871.10 |      1598.20 |                 35.61 |                    0.10 |    437 |    17.8640 |
|        1 |        112 |          1541.20 |       871.10 |      1593.40 |                 31.01 |                    0.10 |    442 |    17.9884 |
|        1 |        113 |          1541.20 |       871.10 |      1596.60 |                 39.21 |                    0.10 |    443 |    18.0637 |
|        1 |        114 |          1541.20 |       871.10 |      1581.19 |                 30.82 |                    0.10 |    449 |    18.2131 |
|        1 |        115 |          1541.20 |       871.10 |      1599.57 |                 32.22 |                    0.10 |    449 |    18.2906 |
|        1 |        116 |          1541.20 |       871.10 |      1556.80 |                 28.74 |                    0.10 |    450 |    18.4982 |
|        1 |        117 |          1541.20 |       871.10 |      1556.80 |                 33.92 |                    0.10 |    450 |    18.5620 |
|        1 |        118 |          1541.20 |       871.10 |      1556.80 |                 14.28 |                    0.10 |    450 |    18.6284 |
|        1 |        119 |          1541.20 |       871.10 |      1563.58 |                 33.27 |                    0.10 |    450 |    18.6869 |
|        1 |        120 |          1541.20 |       871.10 |      1610.80 |                 15.17 |                    0.10 |    450 |    18.7640 |
|        1 |        121 |          1541.20 |       871.10 |      1543.99 |                 32.92 |                    0.10 |    451 |    18.8444 |
|        1 |        122 |          1541.20 |       871.10 |      1611.97 |                 59.71 |                    0.10 |    451 |    18.9177 |
|        1 |        123 |          1541.20 |       871.10 |      1623.30 |                 52.90 |                    0.10 |    458 |    19.0788 |
|        1 |        124 |          1541.20 |       871.10 |      1623.30 |                 34.27 |                    0.10 |    458 |    19.1447 |
|        1 |        125 |          1541.20 |       871.10 |      1607.36 |                 31.11 |                    0.10 |    459 |    19.2469 |
|        1 |        126 |          1541.20 |       871.10 |      1558.00 |                 26.39 |                    0.10 |    461 |    19.4427 |
|        1 |        127 |          1541.20 |       871.10 |      1558.00 |                 17.95 |                    0.10 |    461 |    19.5151 |
|        1 |        128 |          1541.20 |       871.10 |      1534.46 |                 41.00 |                    0.10 |    462 |    19.5768 |
|        1 |        129 |          1541.20 |       871.10 |      1584.50 |                 26.45 |                    0.10 |    464 |    19.7002 |
|        1 |        130 |          1541.20 |       871.10 |      1612.00 |                 21.93 |                    0.10 |    466 |    19.8066 |
|        1 |        131 |          1541.20 |       871.10 |      1569.65 |                 51.07 |                    0.10 |    467 |    19.8726 |
|        1 |        132 |          1541.20 |       871.10 |      1570.10 |                 43.32 |                    0.10 |    468 |    19.9385 |
------------------------------------------------------------------------------------------------------------------------------------------------
|  Restart |  Iteration |  Best Feas. Cost |    Best Cost |   Curr. Cost |   Penalty Custom Res. |   Penalty Standard Res. |   Pool |   Time (s) |
------------------------------------------------------------------------------------------------------------------------------------------------
|        1 |        133 |          1541.20 |       871.10 |      1568.40 |                 18.04 |                    0.10 |    468 |    20.0169 |
|        1 |        134 |          1541.20 |       871.10 |      1570.69 |                 32.67 |                    0.10 |    471 |    20.1067 |
|        1 |        135 |          1541.20 |       871.10 |      1562.36 |                 29.51 |                    0.10 |    474 |    20.2725 |
|        1 |        136 |          1541.20 |       871.10 |      1612.32 |                 52.44 |                    0.10 |    474 |    20.3373 |
|        1 |        137 |          1541.20 |       871.10 |      1557.70 |                 16.71 |                    0.10 |    475 |    20.5299 |
|        1 |        138 |          1541.20 |       871.10 |      1549.24 |                 32.05 |                    0.10 |    476 |    20.6508 |
|        1 |        139 |          1541.20 |       871.10 |      1573.76 |                 17.48 |                    0.10 |    476 |    20.7412 |
|        1 |        140 |          1541.20 |       871.10 |      1552.39 |                 47.75 |                    0.10 |    477 |    20.8104 |
|        1 |        141 |          1541.20 |       871.10 |      1543.80 |                 21.35 |                    0.10 |    477 |    21.0340 |
|        1 |        142 |          1541.20 |       871.10 |      1542.80 |                 19.99 |                    0.10 |    477 |    21.1176 |
|        1 |        143 |          1541.20 |       871.10 |      1552.70 |                 20.90 |                    0.10 |    477 |    21.1905 |
|        1 |        144 |          1541.20 |       871.10 |      1546.82 |                 14.99 |                    0.10 |    478 |    21.3742 |
|        1 |        145 |          1541.20 |       871.10 |      1552.63 |                 49.47 |                    0.10 |    478 |    21.4681 |
|        1 |        146 |          1541.20 |       871.10 |      1576.10 |                 20.22 |                    0.10 |    482 |    21.5394 |
|        1 |        147 |          1541.20 |       871.10 |      1566.77 |                 23.80 |                    0.10 |    483 |    21.6359 |
|        1 |        148 |          1541.20 |       871.10 |      1577.50 |                 19.57 |                    0.10 |    484 |    21.7110 |
|        1 |        149 |          1541.20 |       871.10 |      1577.50 |                 20.71 |                    0.10 |    484 |    21.7621 |
|        1 |        150 |          1541.20 |       871.10 |      1564.33 |                 13.22 |                    0.10 |    484 |    21.8823 |
|        1 |        151 |          1541.20 |       871.10 |      1573.69 |                 24.57 |                    0.10 |    487 |    22.0481 |
|        1 |        152 |          1541.20 |       871.10 |      1572.70 |                 27.79 |                    0.10 |    491 |    22.1499 |
|        1 |        153 |          1541.20 |       871.10 |      1558.30 |                 31.98 |                    0.10 |    491 |    22.2910 |
|        1 |        154 |          1541.20 |       871.10 |      1553.40 |                 34.26 |                    0.10 |    493 |    22.4553 |
|        1 |        155 |          1541.20 |       871.10 |      1590.31 |                 64.64 |                    0.10 |    496 |    22.5323 |
|        1 |        156 |          1541.20 |       871.10 |      1589.10 |                 31.87 |                    0.10 |    499 |    22.6339 |
|        1 |        157 |          1541.20 |       871.10 |      1608.02 |                 43.64 |                    0.10 |    500 |    22.7205 |
|        1 |        158 |          1541.20 |       871.10 |      1562.90 |                 21.11 |                    0.10 |    501 |    22.8015 |
|        1 |        159 |          1541.20 |       871.10 |      1558.03 |                 17.98 |                    0.10 |    501 |    22.9581 |
|        1 |        160 |          1541.20 |       871.10 |      1563.68 |                 19.59 |                    0.10 |    501 |    23.0216 |
|        1 |        161 |          1541.20 |       871.10 |      1552.00 |                 29.23 |                    0.10 |    501 |    23.1560 |
|        1 |        162 |          1541.20 |       871.10 |      1568.50 |                 29.94 |                    0.10 |    504 |    23.2472 |
|        1 |        163 |          1541.20 |       871.10 |      1564.70 |                 35.32 |                    0.10 |    506 |    23.3204 |
|        1 |        164 |          1541.20 |       871.10 |      1564.70 |                 24.27 |                    0.10 |    506 |    23.4062 |
|        1 |        165 |          1541.20 |       871.10 |      1601.60 |                 20.38 |                    0.10 |    508 |    23.4760 |
|        1 |        166 |          1541.20 |       871.10 |      1551.04 |                 15.97 |                    0.10 |    509 |    23.8237 |
|        1 |        167 |          1541.20 |       871.10 |      1556.37 |                 14.24 |                    0.10 |    509 |    23.8873 |
|        1 |        168 |          1541.20 |       871.10 |      1532.49 |                 43.41 |                    0.10 |    510 |    23.9700 |
|        1 |        169 |          1541.20 |       871.10 |      1566.60 |                 26.73 |                    0.10 |    511 |    24.0396 |
|        1 |        170 |          1541.20 |       871.10 |      1585.83 |                 46.63 |                    0.10 |    511 |    24.0911 |
|        1 |        171 |          1541.20 |       871.10 |      1600.70 |                 32.59 |                    0.10 |    515 |    24.2123 |
|        1 |        172 |          1541.20 |       871.10 |      1602.20 |                 15.63 |                    0.10 |    516 |    24.2884 |
|        1 |        173 |          1541.20 |       871.10 |      1538.17 |                 39.24 |                    0.10 |    518 |    24.4228 |
|        1 |        174 |          1541.20 |       871.10 |      1601.34 |                 35.15 |                    0.10 |    518 |    24.5635 |
|        1 |        175 |          1541.20 |       871.10 |      1586.61 |                 29.64 |                    0.10 |    520 |    24.7068 |
|        1 |        176 |          1541.20 |       871.10 |      1530.06 |                 21.08 |                    0.10 |    521 |    24.8591 |
|        1 |        177 |          1541.20 |       871.10 |      1562.64 |                 29.30 |                    0.10 |    523 |    25.0164 |
|        1 |        178 |          1541.20 |       871.10 |      1570.70 |                 35.24 |                    0.10 |    523 |    25.0971 |
|        1 |        179 |          1541.20 |       871.10 |      1576.10 |                 16.97 |                    0.10 |    526 |    25.2492 |
|        1 |        180 |          1541.20 |       871.10 |      1567.20 |                 12.88 |                    0.10 |    526 |    25.3363 |
|        1 |        181 |          1541.20 |       871.10 |      1566.84 |                 15.19 |                    0.10 |    526 |    25.4105 |
|        1 |        182 |          1541.20 |       871.10 |      1571.85 |                 39.09 |                    0.10 |    527 |    25.4759 |
|        1 |        183 |          1541.20 |       871.10 |      1581.73 |                 39.58 |                    0.10 |    527 |    25.5886 |
|        1 |        184 |          1541.20 |       871.10 |      1582.84 |                 43.76 |                    0.10 |    529 |    25.7230 |
|        1 |        185 |          1541.20 |       871.10 |      1604.09 |                 36.70 |                    0.10 |    529 |    25.8361 |
|        1 |        186 |          1541.20 |       871.10 |      1586.40 |                 21.23 |                    0.10 |    531 |    25.9460 |
|        1 |        187 |          1541.20 |       871.10 |      1576.34 |                 44.73 |                    0.10 |    531 |    26.0228 |
|        1 |        188 |          1541.20 |       871.10 |      1583.68 |                 23.42 |                    0.10 |    531 |    26.1220 |
|        1 |        189 |          1541.20 |       871.10 |      1575.04 |                 52.36 |                    0.10 |    531 |    26.1968 |
|        1 |        190 |          1541.20 |       871.10 |      1565.00 |                 25.38 |                    0.10 |    531 |    26.2603 |
|        1 |        191 |          1541.20 |       871.10 |      1584.09 |                 47.89 |                    0.10 |    532 |    26.3309 |
|        1 |        192 |          1541.20 |       871.10 |      1597.30 |                 23.43 |                    0.10 |    533 |    26.4015 |
|        1 |        193 |          1541.20 |       871.10 |      1580.61 |                 15.90 |                    0.10 |    535 |    26.5098 |
|        1 |        194 |          1541.20 |       871.10 |      1569.44 |                 33.44 |                    0.10 |    537 |    26.6047 |
|        1 |        195 |          1541.20 |       871.10 |      1601.51 |                 41.92 |                    0.10 |    541 |    26.6641 |
|        1 |        196 |          1541.20 |       871.10 |      1565.40 |                 14.33 |                    0.10 |    543 |    26.8570 |
|        1 |        197 |          1541.20 |       871.10 |      1542.24 |                 31.09 |                    0.10 |    546 |    26.9332 |
|        1 |        198 |          1541.20 |       871.10 |      1556.50 |                 41.72 |                    0.10 |    547 |    27.1603 |
|        1 |        199 |          1541.20 |       871.10 |      1556.50 |                 51.76 |                    0.10 |    547 |    27.2199 |
|        1 |        200 |          1541.20 |       871.10 |      1560.60 |                 22.24 |                    0.10 |    550 |    27.2878 |
|        1 |        201 |          1541.20 |       871.10 |      1553.00 |                 10.41 |                    0.10 |    552 |    27.4297 |
|        1 |        202 |          1541.20 |       871.10 |      1504.83 |                 31.08 |                    0.10 |    552 |    27.5158 |
|        1 |        203 |          1541.20 |       871.10 |      1555.95 |                 30.93 |                    0.10 |    552 |    27.5861 |
|        1 |        204 |          1541.20 |       871.10 |      1554.06 |                 39.11 |                    0.10 |    552 |    27.6673 |
|        1 |        205 |          1541.20 |       871.10 |      1553.50 |                 34.72 |                    0.10 |    553 |    27.8070 |
|        1 |        206 |          1541.20 |       871.10 |      1557.40 |                 22.21 |                    0.10 |    553 |    27.8973 |
|        1 |        207 |          1541.20 |       871.10 |      1548.42 |                 26.14 |                    0.10 |    553 |    28.0014 |
|        1 |        208 |          1541.20 |       871.10 |      1555.70 |                 29.34 |                    0.10 |    553 |    28.0728 |
|        1 |        209 |          1541.20 |       871.10 |      1555.70 |                 33.95 |                    0.10 |    553 |    28.1455 |
|        1 |        210 |          1541.20 |       871.10 |      1629.20 |                 28.44 |                    0.10 |    555 |    28.3152 |
|        1 |        211 |          1541.20 |       871.10 |      1628.63 |                 28.60 |                    0.10 |    556 |    28.3856 |
|        1 |        212 |          1541.20 |       871.10 |      1583.20 |                 32.56 |                    0.10 |    561 |    28.5397 |
|        1 |        213 |          1541.20 |       871.10 |      1583.58 |                 23.38 |                    0.10 |    562 |    28.7038 |
|        1 |        214 |          1541.20 |       871.10 |      1601.59 |                 55.56 |                    0.10 |    563 |    28.7679 |
|        1 |        215 |          1541.20 |       871.10 |      1618.00 |                 49.35 |                    0.10 |    564 |    28.8914 |
|        1 |        216 |          1541.20 |       871.10 |      1598.38 |                 27.34 |                    0.10 |    564 |    29.1078 |
|        1 |        217 |          1541.20 |       871.10 |      1609.02 |                 64.28 |                    0.13 |    565 |    29.1891 |
|        1 |        218 |          1541.20 |       871.10 |      1598.50 |                 15.51 |                    0.10 |    569 |    29.5301 |
|        1 |        219 |          1541.20 |       871.10 |      1578.04 |                 33.64 |                    0.10 |    573 |    29.6146 |
|        1 |        220 |          1541.20 |       871.10 |      1604.10 |                 20.88 |                    0.10 |    575 |    29.7148 |
|        1 |        221 |          1541.20 |       871.10 |      1574.71 |                 30.31 |                    0.10 |    576 |    29.8221 |
|        1 |        222 |          1541.20 |       871.10 |      1607.65 |                 65.22 |                    0.10 |    576 |    29.8810 |
|        1 |        223 |          1541.20 |       871.10 |      1640.30 |                 41.65 |                    0.10 |    578 |    30.0002 |
|        1 |        224 |          1541.20 |       871.10 |      1635.00 |                 31.27 |                    0.10 |    579 |    30.0998 |
|        1 |        225 |          1541.20 |       871.10 |      1627.46 |                 40.71 |                    0.10 |    579 |    30.2466 |
|        1 |        226 |          1541.20 |       871.10 |      1574.50 |                 44.65 |                    0.10 |    579 |    30.5395 |
|        1 |        227 |          1541.20 |       871.10 |      1570.90 |                 39.71 |                    0.10 |    579 |    30.6416 |
|        1 |        228 |          1541.20 |       871.10 |      1570.90 |                 37.98 |                    0.10 |    579 |    30.7104 |
|        1 |        229 |          1541.20 |       871.10 |      1570.90 |                 19.13 |                    0.10 |    579 |    30.7885 |
|        1 |        230 |          1541.20 |       871.10 |      1552.47 |                 55.82 |                    0.10 |    579 |    30.9263 |
|        1 |        231 |          1541.20 |       871.10 |      1600.40 |                 30.34 |                    0.10 |    580 |    31.0653 |
|        1 |        232 |          1541.20 |       871.10 |      1556.80 |                 43.32 |                    0.10 |    580 |    31.2744 |
|        1 |        233 |          1541.20 |       871.10 |      1556.80 |                 55.94 |                    0.10 |    580 |    31.3433 |
|        1 |        234 |          1541.20 |       871.10 |      1554.60 |                 16.54 |                    0.10 |    580 |    31.4899 |
|        1 |        235 |          1541.20 |       871.10 |      1522.20 |                 24.48 |                    0.10 |    580 |    31.6063 |
|        1 |        236 |          1541.20 |       871.10 |      1556.66 |                 55.83 |                    0.10 |    580 |    31.6963 |
|        1 |        237 |          1541.20 |       871.10 |      1589.30 |                 33.30 |                    0.10 |    581 |    31.8005 |
|        1 |        238 |          1541.20 |       871.10 |      1589.30 |                 13.61 |                    0.10 |    581 |    31.8803 |
|        1 |        239 |          1541.20 |       871.10 |      1563.08 |                 24.42 |                    0.10 |    582 |    32.1328 |
|        1 |        240 |          1541.20 |       871.10 |      1596.14 |                 37.37 |                    0.10 |    583 |    32.2166 |
|        1 |        241 |          1541.20 |       871.10 |      1587.20 |                 16.79 |                    0.10 |    584 |    32.4318 |
|        1 |        242 |          1541.20 |       871.10 |      1562.87 |                 22.76 |                    0.10 |    585 |    32.5274 |
|        1 |        243 |          1541.20 |       871.10 |      1554.52 |                 25.68 |                    0.10 |    587 |    32.6743 |
|        1 |        244 |          1541.20 |       871.10 |      1621.04 |                 70.87 |                    0.10 |    589 |    32.7574 |
|        1 |        245 |          1541.20 |       871.10 |      1574.10 |                 25.73 |                    0.10 |    591 |    32.9679 |
|        1 |        246 |          1541.20 |       871.10 |      1572.40 |                 33.14 |                    0.10 |    591 |    33.0721 |
|        1 |        247 |          1541.20 |       871.10 |      1560.50 |                 18.05 |                    0.10 |    592 |    33.1881 |
|        1 |        248 |          1541.20 |       871.10 |      1560.50 |                  8.75 |                    0.10 |    592 |    33.2587 |
|        1 |        249 |          1541.20 |       871.10 |      1554.15 |                 24.04 |                    0.10 |    593 |    33.3920 |
|        1 |        250 |          1541.20 |       871.10 |      1555.80 |                 18.08 |                    0.10 |    593 |    33.4698 |
|        1 |        251 |          1541.20 |       871.10 |      1556.70 |                 20.89 |                    0.10 |    593 |    33.5465 |
|        1 |        252 |          1541.20 |       871.10 |      1546.51 |                 38.85 |                    0.10 |    596 |    33.6918 |
|        1 |        253 |          1541.20 |       871.10 |      1555.40 |                 39.76 |                    0.10 |    597 |    33.8046 |
|        1 |        254 |          1541.20 |       871.10 |      1556.20 |                 26.17 |                    0.10 |    599 |    33.9208 |
|        1 |        255 |          1541.20 |       871.10 |      1554.70 |                 20.85 |                    0.10 |    599 |    34.0366 |
|        1 |        256 |          1541.20 |       871.10 |      1553.94 |                 26.77 |                    0.10 |    599 |    34.2039 |
|        1 |        257 |          1541.20 |       871.10 |      1558.50 |                 11.60 |                    0.10 |    599 |    34.3045 |
|        1 |        258 |          1541.20 |       871.10 |      1560.17 |                 16.38 |                    0.10 |    601 |    34.3796 |
|        1 |        259 |          1541.20 |       871.10 |      1559.34 |                 19.51 |                    0.10 |    601 |    34.4632 |
|        1 |        260 |          1541.20 |       871.10 |      1562.60 |                 41.15 |                    0.10 |    601 |    34.5651 |
|        1 |        261 |          1541.20 |       871.10 |      1549.10 |                 23.84 |                    0.10 |    601 |    34.6664 |
|        1 |        262 |          1541.20 |       871.10 |      1549.10 |                 13.29 |                    0.10 |    601 |    34.7316 |
|        1 |        263 |          1541.20 |       871.10 |      1547.76 |                 18.38 |                    0.10 |    601 |    34.8136 |
|        1 |        264 |          1541.20 |       871.10 |      1515.27 |                 28.31 |                    0.10 |    601 |    34.9396 |
|        1 |        265 |          1541.20 |       871.10 |      1532.17 |                 36.54 |                    0.10 |    601 |    35.0300 |
|        1 |        266 |          1541.20 |       871.10 |      1551.30 |                 29.10 |                    0.10 |    602 |    35.1443 |
|        1 |        267 |          1541.20 |       871.10 |      1529.23 |                 14.48 |                    0.10 |    602 |    35.2741 |
|        1 |        268 |          1541.20 |       871.10 |      1528.20 |                 52.78 |                    0.10 |    604 |    35.3775 |
|        1 |        269 |          1541.20 |       871.10 |      1557.40 |                 27.64 |                    0.10 |    605 |    35.4833 |
|        1 |        270 |          1541.20 |       871.10 |      1577.50 |                 46.20 |                    0.10 |    605 |    35.5920 |
|        1 |        271 |          1541.20 |       871.10 |      1571.20 |                 12.75 |                    0.10 |    605 |    35.7275 |
|        1 |        272 |          1541.20 |       871.10 |      1578.28 |                 35.19 |                    0.10 |    607 |    35.8154 |
|        1 |        273 |          1541.20 |       871.10 |      1598.70 |                 27.48 |                    0.10 |    607 |    35.9533 |
|        1 |        274 |          1541.20 |       871.10 |      1598.70 |                 42.93 |                    0.10 |    607 |    36.0253 |
|        1 |        275 |          1541.20 |       871.10 |      1598.70 |                 24.39 |                    0.10 |    607 |    36.1175 |
|        1 |        276 |          1541.20 |       871.10 |      1570.10 |                 50.51 |                    0.10 |    607 |    36.3122 |
|        1 |        277 |          1541.20 |       871.10 |      1593.40 |                 45.02 |                    0.10 |    610 |    36.3893 |
|        1 |        278 |          1541.20 |       871.10 |      1604.90 |                 29.72 |                    0.10 |    611 |    36.4709 |
|        1 |        279 |          1541.20 |       871.10 |      1597.49 |                 38.35 |                    0.10 |    611 |    36.5692 |
|        1 |        280 |          1541.20 |       871.10 |      1592.70 |                 23.35 |                    0.10 |    612 |    36.6600 |
|        1 |        281 |          1541.20 |       871.10 |      1593.41 |                 40.69 |                    0.10 |    613 |    36.7371 |
|        1 |        282 |          1541.20 |       871.10 |      1602.40 |                 23.37 |                    0.10 |    614 |    36.8148 |
|        1 |        283 |          1541.20 |       871.10 |      1594.82 |                 42.73 |                    0.10 |    616 |    36.9171 |
|        1 |        284 |          1541.20 |       871.10 |      1591.70 |                 33.74 |                    0.10 |    616 |    37.0134 |
|        1 |        285 |          1541.20 |       871.10 |      1543.11 |                 21.77 |                    0.10 |    617 |    37.3114 |
|        1 |        286 |          1541.20 |       871.10 |      1546.11 |                 28.13 |                    0.10 |    617 |    37.3760 |
|        1 |        287 |          1541.20 |       871.10 |      1558.10 |                 49.31 |                    0.10 |    620 |    37.5154 |
|        1 |        288 |          1541.20 |       871.10 |      1558.10 |                 31.62 |                    0.10 |    620 |    37.5844 |
|        1 |        289 |          1541.20 |       871.10 |      1558.90 |                 22.58 |                    0.10 |    621 |    37.6974 |
|        1 |        290 |          1541.20 |       871.10 |      1558.90 |                 12.46 |                    0.10 |    621 |    37.7783 |
|        1 |        291 |          1541.20 |       871.10 |      1552.98 |                 32.01 |                    0.10 |    621 |    37.9223 |
|        1 |        292 |          1541.20 |       871.10 |      1573.78 |                 41.33 |                    0.10 |    621 |    37.9934 |
|        1 |        293 |          1541.20 |       871.10 |      1580.35 |                 41.66 |                    0.10 |    623 |    38.2346 |
|        1 |        294 |          1541.20 |       871.10 |      1554.60 |                 31.68 |                    0.10 |    623 |    38.4574 |
|        1 |        295 |          1541.20 |       871.10 |      1561.60 |                 12.89 |                    0.10 |    624 |    38.5981 |
|        1 |        296 |          1541.20 |       871.10 |      1521.23 |                 21.94 |                    0.10 |    624 |    38.7235 |
|        1 |        297 |          1541.20 |       871.10 |      1577.63 |                 25.38 |                    0.10 |    624 |    38.7908 |
|        1 |        298 |          1541.20 |       871.10 |      1580.25 |                 38.45 |                    0.10 |    624 |    38.8571 |
|        1 |        299 |          1541.20 |       871.10 |      1561.60 |                 50.64 |                    0.10 |    624 |    38.9243 |
|        1 |        300 |          1541.20 |       871.10 |      1583.16 |                 45.57 |                    0.10 |    624 |    39.0106 |
|        1 |        301 |          1541.20 |       871.10 |      1583.80 |                 36.00 |                    0.10 |    624 |    39.0901 |
|        1 |        302 |          1541.20 |       871.10 |      1583.80 |                 45.92 |                    0.10 |    624 |    39.1891 |
|        1 |        303 |          1541.20 |       871.10 |      1560.40 |                 19.96 |                    0.10 |    624 |    39.3858 |
|        1 |        304 |          1541.20 |       871.10 |      1561.90 |                 25.54 |                    0.10 |    624 |    39.4388 |
|        1 |        305 |          1541.20 |       871.10 |      1561.90 |                 33.25 |                    0.10 |    624 |    39.5266 |
|        1 |        306 |          1541.20 |       871.10 |      1561.90 |                 48.93 |                    0.10 |    624 |    39.5858 |
|        1 |        307 |          1541.20 |       871.10 |      1594.61 |                 53.54 |                    0.10 |    627 |    39.7322 |
|        1 |        308 |          1541.20 |       871.10 |      1587.10 |                 22.41 |                    0.10 |    627 |    39.9005 |
------------------------------------------------------------------------------------------------------------------------------------------------
|  Restart |  Iteration |  Best Feas. Cost |    Best Cost |   Curr. Cost |   Penalty Custom Res. |   Penalty Standard Res. |   Pool |   Time (s) |
------------------------------------------------------------------------------------------------------------------------------------------------
|        1 |        309 |          1541.20 |       871.10 |      1575.65 |                 54.67 |                    0.10 |    627 |    40.0242 |
|        1 |        310 |          1541.20 |       871.10 |      1602.70 |                 27.71 |                    0.10 |    630 |    40.1694 |
|        1 |        311 |          1541.20 |       871.10 |      1606.50 |                 37.22 |                    0.10 |    631 |    40.2458 |
|        1 |        312 |          1541.20 |       871.10 |      1562.60 |                 20.02 |                    0.10 |    631 |    40.4099 |
|        1 |        313 |          1541.20 |       871.10 |      1572.16 |                 30.05 |                    0.10 |    632 |    40.4649 |
|        1 |        314 |          1541.20 |       871.10 |      1590.80 |                 19.02 |                    0.10 |    632 |    40.5738 |
|        1 |        315 |          1541.20 |       871.10 |      1553.83 |                 29.76 |                    0.10 |    632 |    40.7629 |
|        1 |        316 |          1541.20 |       871.10 |      1559.80 |                 14.80 |                    0.10 |    633 |    40.8895 |
|        1 |        317 |          1541.20 |       871.10 |      1566.25 |                 34.80 |                    0.10 |    636 |    40.9698 |
|        1 |        318 |          1541.20 |       871.10 |      1567.50 |                 27.26 |                    0.10 |    636 |    41.0343 |
|        1 |        319 |          1541.20 |       871.10 |      1557.30 |                 36.58 |                    0.10 |    636 |    41.1252 |
|        1 |        320 |          1541.20 |       871.10 |      1555.00 |                 17.89 |                    0.10 |    638 |    41.2052 |
|        1 |        321 |          1541.20 |       871.10 |      1584.80 |                 18.73 |                    0.10 |    641 |    41.2962 |
|        1 |        322 |          1541.20 |       871.10 |      1579.00 |                 32.55 |                    0.10 |    642 |    41.4166 |
|        1 |        323 |          1541.20 |       871.10 |      1579.00 |                 33.71 |                    0.10 |    642 |    41.4954 |
|        1 |        324 |          1541.20 |       871.10 |      1579.00 |                 15.54 |                    0.10 |    642 |    41.5640 |
|        1 |        325 |          1541.20 |       871.10 |      1579.00 |                 30.53 |                    0.10 |    642 |    41.6371 |
|        1 |        326 |          1541.20 |       871.10 |      1579.00 |                 17.72 |                    0.10 |    642 |    41.7016 |
|        1 |        327 |          1541.20 |       871.10 |      1573.20 |                 16.77 |                    0.10 |    643 |    41.7819 |
|        1 |        328 |          1541.20 |       871.10 |      1577.00 |                 30.35 |                    0.10 |    645 |    41.9274 |
|        1 |        329 |          1541.20 |       871.10 |      1563.95 |                 13.49 |                    0.10 |    646 |    42.1097 |
|        1 |        330 |          1541.20 |       871.10 |      1561.51 |                 25.47 |                    0.10 |    647 |    42.1781 |
|        1 |        331 |          1541.20 |       871.10 |      1574.17 |                 59.31 |                    0.10 |    648 |    42.2512 |
|        1 |        332 |          1541.20 |       871.10 |      1561.00 |                 71.26 |                    0.10 |    649 |    42.3536 |
|        1 |        333 |          1541.20 |       871.10 |      1562.60 |                 67.41 |                    0.10 |    649 |    42.4428 |
|        1 |        334 |          1541.20 |       871.10 |      1570.40 |                 28.39 |                    0.10 |    652 |    42.5257 |
|        1 |        335 |          1541.20 |       871.10 |      1570.50 |                 19.29 |                    0.10 |    652 |    42.6224 |
|        1 |        336 |          1541.20 |       871.10 |      1574.10 |                 12.80 |                    0.10 |    655 |    42.8134 |
|        1 |        337 |          1541.20 |       871.10 |      1588.81 |                 26.99 |                    0.10 |    655 |    42.8731 |
|        1 |        338 |          1541.20 |       871.10 |      1594.30 |                 32.70 |                    0.10 |    656 |    42.9944 |
|        1 |        339 |          1541.20 |       871.10 |      1573.90 |                 35.43 |                    0.10 |    657 |    43.1599 |
|        1 |        340 |          1541.20 |       871.10 |      1575.30 |                 34.53 |                    0.10 |    659 |    43.2449 |
|        1 |        341 |          1541.20 |       871.10 |      1561.99 |                 24.48 |                    0.10 |    660 |    43.4665 |
|        1 |        342 |          1541.20 |       871.10 |      1571.77 |                 34.22 |                    0.10 |    660 |    43.5460 |
|        1 |        343 |          1541.20 |       871.10 |      1580.52 |                 45.98 |                    0.10 |    660 |    43.6171 |
|        1 |        344 |          1541.20 |       871.10 |      1589.57 |                 35.95 |                    0.10 |    660 |    43.7146 |
|        1 |        345 |          1541.20 |       871.10 |      1557.90 |                 36.80 |                    0.10 |    663 |    43.8340 |
|        1 |        346 |          1541.20 |       871.10 |      1548.80 |                 21.97 |                    0.10 |    663 |    43.9329 |
|        1 |        347 |          1541.20 |       871.10 |      1549.52 |                 31.82 |                    0.10 |    663 |    44.0896 |
|        1 |        348 |          1541.20 |       871.10 |      1570.30 |                 52.67 |                    0.10 |    663 |    44.1860 |
|        1 |        349 |          1541.20 |       871.10 |      1576.80 |                 35.83 |                    0.10 |    663 |    44.2872 |
|        1 |        350 |          1541.20 |       871.10 |      1578.00 |                 17.88 |                    0.10 |    663 |    44.3756 |
|        1 |        351 |          1541.20 |       871.10 |      1560.30 |                 34.75 |                    0.10 |    663 |    44.4633 |
|        1 |        352 |          1541.20 |       871.10 |      1566.40 |                 13.49 |                    0.10 |    664 |    44.5529 |
|        1 |        353 |          1541.20 |       871.10 |      1565.60 |                 20.65 |                    0.10 |    664 |    44.6202 |
|        1 |        354 |          1541.20 |       871.10 |      1559.20 |                 21.77 |                    0.10 |    664 |    44.7300 |
|        1 |        355 |          1541.20 |       871.10 |      1556.70 |                 12.73 |                    0.10 |    664 |    44.8532 |
|        1 |        356 |          1541.20 |       871.10 |      1560.13 |                 27.11 |                    0.10 |    664 |    44.9197 |
|        1 |        357 |          1541.20 |       871.10 |      1554.00 |                 30.57 |                    0.10 |    664 |    45.0732 |
|        1 |        358 |          1541.20 |       871.10 |      1553.40 |                 32.56 |                    0.10 |    664 |    45.1725 |
|        1 |        359 |          1541.20 |       871.10 |      1553.40 |                 30.85 |                    0.10 |    664 |    45.2309 |
|        1 |        360 |          1541.20 |       871.10 |      1553.40 |                 16.67 |                    0.10 |    664 |    45.3079 |
|        1 |        361 |          1541.20 |       871.10 |      1551.95 |                 21.29 |                    0.10 |    664 |    45.3904 |
|        1 |        362 |          1541.20 |       871.10 |      1548.40 |                 79.86 |                    0.10 |    664 |    45.5033 |
|        1 |        363 |          1541.20 |       871.10 |      1548.40 |                 49.27 |                    0.10 |    664 |    45.5486 |
|        1 |        364 |          1541.20 |       871.10 |      1570.50 |                 25.87 |                    0.10 |    664 |    45.6113 |
|        1 |        365 |          1541.20 |       871.10 |      1472.06 |                 20.29 |                    0.10 |    665 |    45.8672 |
|        1 |        366 |          1541.20 |       871.10 |      1561.39 |                 39.46 |                    0.10 |    666 |    45.9452 |
|        1 |        367 |          1541.20 |       871.10 |      1591.80 |                 37.08 |                    0.10 |    668 |    46.1363 |
|        1 |        368 |          1541.20 |       871.10 |      1581.00 |                 37.56 |                    0.10 |    670 |    46.2488 |
|        1 |        369 |          1541.20 |       871.10 |      1576.00 |                 33.48 |                    0.10 |    671 |    46.3980 |
|        1 |        370 |          1541.20 |       871.10 |      1568.18 |                 38.69 |                    0.10 |    671 |    46.5267 |
|        1 |        371 |          1541.20 |       871.10 |      1578.07 |                 80.80 |                    0.10 |    671 |    46.6299 |
|        1 |        372 |          1541.20 |       871.10 |      1620.25 |                 54.47 |                    0.10 |    671 |    46.7414 |
|        1 |        373 |          1541.20 |       871.10 |      1594.86 |                129.45 |                    0.10 |    673 |    46.8048 |
|        1 |        374 |          1541.20 |       871.10 |      1639.40 |                 67.65 |                    0.10 |    678 |    46.9390 |
|        1 |        375 |          1541.20 |       871.10 |      1572.20 |                 16.39 |                    0.10 |    678 |    47.0605 |
|        1 |        376 |          1541.20 |       871.10 |      1540.94 |                 16.80 |                    0.10 |    678 |    47.1412 |
|        1 |        377 |          1541.20 |       871.10 |      1555.86 |                 40.34 |                    0.10 |    679 |    47.2101 |
|        1 |        378 |          1541.20 |       871.10 |      1603.89 |                 36.33 |                    0.10 |    679 |    47.2839 |
|        1 |        379 |          1541.20 |       871.10 |      1595.37 |                 47.32 |                    0.10 |    679 |    47.3752 |
|        1 |        380 |          1541.20 |       871.10 |      1606.50 |                 60.95 |                    0.10 |    682 |    47.4837 |
|        1 |        381 |          1541.20 |       871.10 |      1573.00 |                 13.90 |                    0.10 |    682 |    47.6084 |
|        1 |        382 |          1541.20 |       871.10 |      1573.00 |                 14.70 |                    0.10 |    682 |    47.6779 |
|        1 |        383 |          1541.20 |       871.10 |      1552.20 |                 40.87 |                    0.10 |    682 |    47.8015 |
|        1 |        384 |          1541.20 |       871.10 |      1547.90 |                 51.90 |                    0.10 |    682 |    47.9799 |
|        1 |        385 |          1541.20 |       871.10 |      1547.90 |                 25.64 |                    0.10 |    682 |    48.0696 |
|        1 |        386 |          1541.20 |       871.10 |      1547.90 |                 13.06 |                    0.10 |    682 |    48.1467 |
|        1 |        387 |          1541.20 |       871.10 |      1538.71 |                 30.37 |                    0.10 |    683 |    48.2439 |
|        1 |        388 |          1541.20 |       871.10 |      1575.83 |                 33.06 |                    0.10 |    684 |    48.3313 |
|        1 |        389 |          1541.20 |       871.10 |      1562.14 |                 60.53 |                    0.10 |    686 |    48.4179 |
|        1 |        390 |          1541.20 |       871.10 |      1559.00 |                 22.78 |                    0.10 |    688 |    48.5368 |
|        1 |        391 |          1541.20 |       871.10 |      1561.20 |                 41.76 |                    0.10 |    688 |    48.6132 |
|        1 |        392 |          1541.20 |       871.10 |      1583.17 |                 49.25 |                    0.10 |    688 |    48.6867 |
|        1 |        393 |          1541.20 |       871.10 |      1553.60 |                 30.43 |                    0.10 |    688 |    48.8866 |
|        1 |        394 |          1541.20 |       871.10 |      1555.10 |                 16.97 |                    0.10 |    690 |    48.9533 |
|        1 |        395 |          1541.20 |       871.10 |      1544.60 |                 14.52 |                    0.10 |    690 |    49.0421 |
|        1 |        396 |          1541.20 |       871.10 |      1544.60 |                 18.19 |                    0.10 |    690 |    49.1162 |
|        1 |        397 |          1541.20 |       871.10 |      1559.10 |                 12.38 |                    0.10 |    691 |    49.2030 |
|        1 |        398 |          1541.20 |       871.10 |      1549.17 |                 25.54 |                    0.10 |    694 |    49.3092 |
|        1 |        399 |          1541.20 |       871.10 |      1592.09 |                 51.98 |                    0.10 |    696 |    49.4607 |
|        1 |        400 |          1541.20 |       871.10 |      1617.26 |                 35.74 |                    0.10 |    696 |    49.5377 |
|        1 |        401 |          1541.20 |       871.10 |      1583.90 |                 52.96 |                    0.10 |    698 |    49.6659 |
|        1 |        402 |          1541.20 |       871.10 |      1583.30 |                 63.03 |                    0.10 |    699 |    49.7752 |
|        1 |        403 |          1541.20 |       871.10 |      1578.70 |                 45.96 |                    0.10 |    700 |    49.8799 |
|        1 |        404 |          1541.20 |       871.10 |      1578.50 |                 29.76 |                    0.10 |    700 |    49.9620 |
|        1 |        405 |          1541.20 |       871.10 |      1563.80 |                 34.04 |                    0.10 |    700 |    50.0525 |
|        1 |        406 |          1541.20 |       871.10 |      1572.56 |                 30.03 |                    0.10 |    700 |    50.1362 |
|        1 |        407 |          1541.20 |       871.10 |      1575.13 |                 34.02 |                    0.10 |    700 |    50.2199 |
|        1 |        408 |          1541.20 |       871.10 |      1603.59 |                 82.47 |                    0.10 |    700 |    50.2933 |
|        1 |        409 |          1541.20 |       871.10 |      1653.50 |                 36.07 |                    0.10 |    705 |    50.4057 |
|        1 |        410 |          1541.20 |       871.10 |      1574.74 |                 38.30 |                    0.10 |    706 |    50.5606 |
|        1 |        411 |          1541.20 |       871.10 |      1551.86 |                 17.45 |                    0.10 |    706 |    50.7953 |
|        1 |        412 |          1541.20 |       871.10 |      1563.58 |                 44.01 |                    0.10 |    706 |    50.8664 |
|        1 |        413 |          1541.20 |       871.10 |      1585.63 |                 46.98 |                    0.10 |    706 |    50.9391 |
|        1 |        414 |          1541.20 |       871.10 |      1571.00 |                 19.06 |                    0.10 |    706 |    51.1152 |
|        1 |        415 |          1541.20 |       871.10 |      1568.20 |                 15.99 |                    0.14 |    706 |    51.2083 |
|        1 |        416 |          1541.20 |       871.10 |      1541.86 |                 26.40 |                    0.10 |    707 |    51.3485 |
|        1 |        417 |          1541.20 |       871.10 |      1585.10 |                 16.02 |                    0.10 |    707 |    51.4925 |
|        1 |        418 |          1541.20 |       871.10 |      1583.52 |                 36.90 |                    0.10 |    707 |    51.5699 |
|        1 |        419 |          1541.20 |       871.10 |      1578.50 |                 19.97 |                    0.10 |    707 |    51.7658 |
|        1 |        420 |          1541.20 |       871.10 |      1577.30 |                 14.10 |                    0.10 |    707 |    51.8791 |
|        1 |        421 |          1541.20 |       871.10 |      1571.90 |                 15.95 |                    0.10 |    707 |    51.9762 |
|        1 |        422 |          1541.20 |       871.10 |      1546.28 |                 30.35 |                    0.10 |    707 |    52.0745 |
|        1 |        423 |          1541.20 |       871.10 |      1563.84 |                 46.89 |                    0.10 |    707 |    52.1545 |
|        1 |        424 |          1541.20 |       871.10 |      1578.66 |                 29.40 |                    0.10 |    707 |    52.2493 |
|        1 |        425 |          1541.20 |       871.10 |      1553.50 |                 15.41 |                    0.10 |    707 |    52.3314 |
|        1 |        426 |          1541.20 |       871.10 |      1552.20 |                 15.34 |                    0.10 |    707 |    52.4015 |
|        1 |        427 |          1541.20 |       871.10 |      1552.20 |                 20.20 |                    0.10 |    707 |    52.4809 |
|        1 |        428 |          1541.20 |       871.10 |      1549.00 |                 11.70 |                    0.10 |    707 |    52.7142 |
|        1 |        429 |          1541.20 |       871.10 |      1554.11 |                 29.19 |                    0.10 |    707 |    53.2196 |
|        1 |        430 |          1541.20 |       871.10 |      1591.36 |                 48.92 |                    0.10 |    707 |    53.5654 |
|        1 |        431 |          1541.20 |       871.10 |      1622.30 |                 37.40 |                    0.10 |    709 |    54.2499 |
|        1 |        432 |          1541.20 |       871.10 |      1596.35 |                 53.80 |                    0.10 |    712 |    54.5617 |
|        1 |        433 |          1541.20 |       871.10 |      1597.40 |                 26.85 |                    0.10 |    712 |    54.6918 |
|        1 |        434 |          1541.20 |       871.10 |      1597.40 |                 21.23 |                    0.10 |    712 |    54.8303 |
|        1 |        435 |          1541.20 |       871.10 |      1606.11 |                 33.11 |                    0.10 |    716 |    54.9454 |
|        1 |        436 |          1541.20 |       871.10 |      1600.10 |                 34.26 |                    0.10 |    718 |    55.1249 |
|        1 |        437 |          1541.20 |       871.10 |      1590.70 |                 32.99 |                    0.10 |    718 |    55.2506 |
|        1 |        438 |          1541.20 |       871.10 |      1588.00 |                 40.46 |                    0.10 |    718 |    55.3833 |
|        1 |        439 |          1541.20 |       871.10 |      1595.60 |                 19.81 |                    0.10 |    719 |    55.4501 |
|        1 |        440 |          1541.20 |       871.10 |      1586.48 |                 26.52 |                    0.10 |    721 |    55.5793 |
|        1 |        441 |          1541.20 |       871.10 |      1588.00 |                 13.33 |                    0.10 |    721 |    55.7020 |
|        1 |        442 |          1541.20 |       871.10 |      1567.09 |                 25.16 |                    0.10 |    723 |    55.7941 |
|        1 |        443 |          1541.20 |       871.10 |      1582.88 |                 17.98 |                    0.10 |    724 |    55.8916 |
|        1 |        444 |          1541.20 |       871.10 |      1573.52 |                 33.51 |                    0.10 |    724 |    56.0283 |
|        1 |        445 |          1541.20 |       871.10 |      1564.10 |                 18.20 |                    0.10 |    724 |    56.1940 |
|        1 |        446 |          1541.20 |       871.10 |      1564.10 |                 16.54 |                    0.10 |    724 |    56.2837 |
|        1 |        447 |          1541.20 |       871.10 |      1535.43 |                 29.07 |                    0.10 |    724 |    56.4005 |
|        1 |        448 |          1541.20 |       871.10 |      1580.50 |                 39.31 |                    0.10 |    725 |    56.5642 |
|        1 |        449 |          1541.20 |       871.10 |      1580.50 |                 63.25 |                    0.10 |    725 |    56.6460 |
|        1 |        450 |          1541.20 |       871.10 |      1565.20 |                 47.54 |                    0.10 |    726 |    56.7402 |
|        1 |        451 |          1541.20 |       871.10 |      1564.80 |                 31.70 |                    0.10 |    726 |    56.8274 |
|        1 |        452 |          1541.20 |       871.10 |      1558.60 |                 20.54 |                    0.10 |    726 |    56.8916 |
|        1 |        453 |          1541.20 |       871.10 |      1564.29 |                 34.76 |                    0.10 |    727 |    56.9563 |
|        1 |        454 |          1541.20 |       871.10 |      1569.60 |                 27.77 |                    0.10 |    727 |    57.0244 |
|        1 |        455 |          1541.20 |       871.10 |      1554.80 |                 16.92 |                    0.10 |    728 |    57.1077 |
|        1 |        456 |          1541.20 |       871.10 |      1547.20 |                 32.89 |                    0.10 |    728 |    57.1969 |
|        1 |        457 |          1541.20 |       871.10 |      1572.28 |                 29.63 |                    0.10 |    729 |    57.2693 |
|        1 |        458 |          1541.20 |       871.10 |      1588.90 |                 53.53 |                    0.10 |    730 |    57.4071 |
|        1 |        459 |          1541.20 |       871.10 |      1605.80 |                 26.39 |                    0.10 |    731 |    57.5273 |
|        1 |        460 |          1541.20 |       871.10 |      1563.90 |                 34.34 |                    0.10 |    733 |    57.6293 |
|        1 |        461 |          1541.20 |       871.10 |      1534.05 |                 48.69 |                    0.10 |    733 |    57.8073 |
|        1 |        462 |          1541.20 |       871.10 |      1591.70 |                 19.89 |                    0.10 |    736 |    57.8923 |
|        1 |        463 |          1541.20 |       871.10 |      1573.21 |                 25.93 |                    0.10 |    739 |    57.9728 |
|        1 |        464 |          1541.20 |       871.10 |      1571.69 |                 55.69 |                    0.10 |    739 |    58.0836 |
|        1 |        465 |          1541.20 |       871.10 |      1576.70 |                 16.51 |                    0.10 |    739 |    58.1950 |
|        1 |        466 |          1541.20 |       871.10 |      1565.22 |                 33.70 |                    0.10 |    740 |    58.2911 |
|        1 |        467 |          1541.20 |       871.10 |      1554.30 |                 34.84 |                    0.10 |    740 |    58.3982 |
|        1 |        468 |          1541.20 |       871.10 |      1554.30 |                 20.41 |                    0.10 |    740 |    58.4763 |
|        1 |        469 |          1541.20 |       871.10 |      1554.30 |                 39.73 |                    0.10 |    740 |    58.5367 |
|        1 |        470 |          1541.20 |       871.10 |      1554.30 |                 44.62 |                    0.10 |    740 |    58.6012 |
|        1 |        471 |          1541.20 |       871.10 |      1555.10 |                 17.51 |                    0.10 |    740 |    58.6824 |
|        1 |        472 |          1541.20 |       871.10 |      1555.10 |                 11.45 |                    0.10 |    740 |    58.7645 |
|        1 |        473 |          1541.20 |       871.10 |      1570.33 |                 15.19 |                    0.10 |    740 |    58.8657 |
|        1 |        474 |          1541.20 |       871.10 |      1561.70 |                 17.23 |                    0.10 |    740 |    58.9299 |
|        1 |        475 |          1541.20 |       871.10 |      1529.00 |                 18.67 |                    0.10 |    741 |    59.1069 |
|        1 |        476 |          1541.20 |       871.10 |      1548.86 |                 30.02 |                    0.10 |    742 |    59.1771 |
|        1 |        477 |          1541.20 |       871.10 |      1559.10 |                 19.97 |                    0.10 |    742 |    59.2929 |
|        1 |        478 |          1541.20 |       871.10 |      1543.30 |                 25.74 |                    0.10 |    742 |    59.3831 |
|        1 |        479 |          1541.20 |       871.10 |      1549.80 |                 15.97 |                    0.10 |    742 |    59.4850 |
|        1 |        480 |          1541.20 |       871.10 |      1541.32 |                 19.58 |                    0.10 |    743 |    59.5868 |
|        1 |        481 |          1541.20 |       871.10 |      1556.59 |                 29.35 |                    0.10 |    745 |    59.6705 |
|        1 |        482 |          1541.20 |       871.10 |      1548.70 |                 17.87 |                    0.10 |    745 |    59.7674 |
|        1 |        483 |          1541.20 |       871.10 |      1548.70 |                 35.44 |                    0.10 |    745 |    59.8365 |
|        1 |        484 |          1541.20 |       871.10 |      1548.90 |                 24.37 |                    0.10 |    745 |    59.9004 |
|        1 |        485 |          1541.20 |       871.10 |      1548.00 |                 24.50 |                    0.10 |    745 |    59.9625 |
------------------------------------------------------------------------------------------------------------------------------------------------
|  Restart |  Iteration |  Best Feas. Cost |    Best Cost |   Curr. Cost |   Penalty Custom Res. |   Penalty Standard Res. |   Pool |   Time (s) |
------------------------------------------------------------------------------------------------------------------------------------------------
|        1 |        486 |          1541.20 |       871.10 |      1577.65 |                 37.86 |                    0.10 |    746 |    60.0321 |
|        1 |        487 |          1541.20 |       871.10 |      1551.70 |                 17.97 |                    0.10 |    746 |    60.1071 |
|        1 |        488 |          1541.20 |       871.10 |      1554.80 |                 51.95 |                    0.10 |    746 |    60.2277 |
|        1 |        489 |          1541.20 |       871.10 |      1557.80 |                 38.27 |                    0.10 |    746 |    60.3172 |
|        1 |        490 |          1541.20 |       871.10 |      1559.20 |                 24.14 |                    0.10 |    746 |    60.4915 |
|        1 |        491 |          1541.20 |       871.10 |      1620.18 |                 42.49 |                    0.10 |    748 |    60.5685 |
|        1 |        492 |          1541.20 |       871.10 |      1603.30 |                 35.99 |                    0.10 |    748 |    60.6623 |
|        1 |        493 |          1541.20 |       871.10 |      1549.90 |                 18.15 |                    0.10 |    748 |    60.9297 |
|        1 |        494 |          1541.20 |       871.10 |      1534.57 |                 33.49 |                    0.10 |    748 |    61.0550 |
|        1 |        495 |          1541.20 |       871.10 |      1565.20 |                 36.06 |                    0.10 |    748 |    61.1504 |
|        1 |        496 |          1541.20 |       871.10 |      1559.00 |                 17.14 |                    0.10 |    748 |    61.2236 |
|        1 |        497 |          1541.20 |       871.10 |      1546.07 |                 31.62 |                    0.10 |    748 |    61.3673 |
|        1 |        498 |          1541.20 |       871.10 |      1557.92 |                 28.20 |                    0.10 |    748 |    61.4398 |
|        1 |        499 |          1541.20 |       871.10 |      1559.33 |                 15.71 |                    0.10 |    749 |    61.5301 |
|        1 |        500 |          1541.20 |       871.10 |      1546.68 |                 20.88 |                    0.10 |    749 |    61.6292 |
------------------------------------------------------------------------------------------------------------------------------------------------
Version identifier: 22.1.2.0 | 2024-11-26 | 0edbb82fd
CPXPARAM_MIP_Tolerances_UpperCutoff              1541.3000000001637
Tried aggregator 1 time.
MIP Presolve eliminated 1 rows and 240 columns.
MIP Presolve modified 228 coefficients.
Reduced MIP has 100 rows, 509 columns, and 2573 nonzeros.
Reduced MIP has 509 binaries, 0 generals, 0 SOSs, and 0 indicators.
Presolve time = 0.00 sec. (2.69 ticks)
Probing fixed 2 vars, tightened 0 bounds.
Probing time = 0.00 sec. (2.49 ticks)
Tried aggregator 1 time.
Detecting symmetries...
MIP Presolve eliminated 3 rows and 17 columns.
MIP Presolve modified 11 coefficients.
Reduced MIP has 97 rows, 492 columns, and 2475 nonzeros.
Reduced MIP has 492 binaries, 0 generals, 0 SOSs, and 0 indicators.
Presolve time = 0.00 sec. (2.22 ticks)
Probing time = 0.00 sec. (2.30 ticks)
Clique table members: 809.
MIP emphasis: balance optimality and feasibility.
MIP search method: dynamic search.
Parallel mode: deterministic, using up to 8 threads.
Root relaxation solution time = 0.00 sec. (1.65 ticks)

        Nodes                                         Cuts/
   Node  Left     Objective  IInf  Best Integer    Best Bound    ItCnt     Gap

      0     0     1499.4250    24                   1499.4250      170         
      0     0     1519.0208    42                    Cuts: 29      230         
      0     0     1524.8725    76                    Cuts: 35      315         
      0     0     1526.0921    65                    Cuts: 18      360         
      0     0     1526.5560    69                     Cuts: 4      385         
      0     0     1527.0372    74                    Cuts: 10      428         
Detecting symmetries...
      0     0     1527.2445    79                     Cuts: 7      459         
      0     0     1527.4518    56                     Cuts: 9      489         
      0     0     1527.7277    71                     Cuts: 3      517         
      0     0     1528.1907    81                     Cuts: 7      549         
      0     0     1528.3631    75                     Cuts: 4      573         
      0     0     1528.5032    94                 ZeroHalf: 4      598         
      0     0     1528.5759    76                     Cuts: 4      620         
      0     0     1528.6126    87                 ZeroHalf: 1      635         
*     0+    0                         1539.8000     1528.6126             0.73%
*     0+    0                         1536.3000     1528.6126             0.50%
Detecting symmetries...

Repeating presolve.
Tried aggregator 1 time.
MIP Presolve eliminated 9 rows and 217 columns.
MIP Presolve modified 81 coefficients.
Reduced MIP has 88 rows, 275 columns, and 1299 nonzeros.
Reduced MIP has 275 binaries, 0 generals, 0 SOSs, and 0 indicators.
Presolve time = 0.00 sec. (1.37 ticks)
Probing fixed 16 vars, tightened 0 bounds.
Probing time = 0.00 sec. (1.02 ticks)
Tried aggregator 1 time.
MIP Presolve eliminated 13 rows and 30 columns.
Reduced MIP has 75 rows, 245 columns, and 1122 nonzeros.
Reduced MIP has 245 binaries, 0 generals, 0 SOSs, and 0 indicators.
Presolve time = 0.00 sec. (0.74 ticks)
Probing fixed 9 vars, tightened 0 bounds.
Probing time = 0.00 sec. (0.86 ticks)
Tried aggregator 1 time.
MIP Presolve eliminated 8 rows and 21 columns.
Reduced MIP has 67 rows, 224 columns, and 989 nonzeros.
Reduced MIP has 224 binaries, 0 generals, 0 SOSs, and 0 indicators.
Presolve time = 0.00 sec. (0.64 ticks)
Probing fixed 6 vars, tightened 0 bounds.
Probing time = 0.00 sec. (0.74 ticks)
Tried aggregator 1 time.
MIP Presolve eliminated 0 rows and 12 columns.
Reduced MIP has 67 rows, 212 columns, and 942 nonzeros.
Reduced MIP has 212 binaries, 0 generals, 0 SOSs, and 0 indicators.
Presolve time = 0.00 sec. (0.59 ticks)
Probing fixed 5 vars, tightened 0 bounds.
Probing time = 0.00 sec. (0.70 ticks)
Tried aggregator 1 time.
MIP Presolve eliminated 3 rows and 10 columns.
MIP Presolve modified 10 coefficients.
Reduced MIP has 64 rows, 202 columns, and 874 nonzeros.
Reduced MIP has 202 binaries, 0 generals, 0 SOSs, and 0 indicators.
Presolve time = 0.00 sec. (0.55 ticks)
Probing time = 0.00 sec. (0.63 ticks)
Tried aggregator 1 time.
Detecting symmetries...
Reduced MIP has 64 rows, 202 columns, and 874 nonzeros.
Reduced MIP has 202 binaries, 0 generals, 0 SOSs, and 0 indicators.
Presolve time = 0.00 sec. (0.54 ticks)
Represolve time = 0.02 sec. (16.67 ticks)
Probing fixed 4 vars, tightened 0 bounds.
Probing time = 0.00 sec. (0.66 ticks)
Clique table members: 339.
MIP emphasis: balance optimality and feasibility.
MIP search method: dynamic search.
Parallel mode: deterministic, using up to 8 threads.
Root relaxation solution time = 0.00 sec. (3.76 ticks)

        Nodes                                         Cuts/
   Node  Left     Objective  IInf  Best Integer    Best Bound    ItCnt     Gap

*     0+    0                         1536.3000     1530.9905             0.35%
      0     0     1528.6510    52     1536.3000     1530.9905      805    0.35%
      0     0     1530.8134    57     1536.3000      Cuts: 27      876    0.35%
      0     0     1533.1014    58     1536.3000      Cuts: 18      932    0.21%
      0     0     1533.8050    57     1536.3000      Cuts: 13      955    0.16%
      0     0     1533.9172    51     1536.3000   ZeroHalf: 1      965    0.16%
Detecting symmetries...

Repeating presolve.
Tried aggregator 1 time.
MIP Presolve eliminated 9 rows and 61 columns.
MIP Presolve modified 48 coefficients.
Reduced MIP has 55 rows, 141 columns, and 556 nonzeros.
Reduced MIP has 141 binaries, 0 generals, 0 SOSs, and 0 indicators.
Presolve time = 0.00 sec. (0.42 ticks)
Probing fixed 7 vars, tightened 0 bounds.
Probing time = 0.00 sec. (0.38 ticks)
Tried aggregator 3 times.
MIP Presolve eliminated 6 rows and 15 columns.
Aggregator did 3 substitutions.
Reduced MIP has 46 rows, 123 columns, and 475 nonzeros.
Reduced MIP has 123 binaries, 0 generals, 0 SOSs, and 0 indicators.
Presolve time = 0.00 sec. (0.40 ticks)
Probing time = 0.00 sec. (0.32 ticks)
Tried aggregator 1 time.
Detecting symmetries...
Reduced MIP has 46 rows, 123 columns, and 475 nonzeros.
Reduced MIP has 123 binaries, 0 generals, 0 SOSs, and 0 indicators.
Presolve time = 0.00 sec. (0.28 ticks)
Represolve time = 0.01 sec. (4.66 ticks)
Probing time = 0.00 sec. (0.32 ticks)
Clique table members: 252.
MIP emphasis: balance optimality and feasibility.
MIP search method: dynamic search.
Parallel mode: deterministic, using up to 8 threads.
Root relaxation solution time = 0.00 sec. (2.07 ticks)

        Nodes                                         Cuts/
   Node  Left     Objective  IInf  Best Integer    Best Bound    ItCnt     Gap

*     0+    0                         1536.3000     1533.9172             0.16%
      0     0     1534.1264    48     1536.3000     1534.1264     1092    0.14%
      0     0        cutoff           1536.3000     1536.3000     1133    0.00%
Elapsed time = 0.28 sec. (168.00 ticks, tree = 0.01 MB, solutions = 2)
objective_value(sp) = 1536.3
 65.594498 seconds (6.88 M allocations: 342.236 MiB, 0.16% gc time, 6.25% compilation time)
#1: 0 (0.0) {2177.2999999999997} -> 45 (10.0) {2199.6} [1805.0, 2564.0] -> 44 (20.0) {2299.7} [1621.0, 2364.0] -> 46 (50.0) {2395.0} [1782.0, 2395.0] -> 42 (70.0) {2492.0} [2421.0, 3070.0] -> 41 (80.0) {2584.0} [2480.0, 3195.0] -> 0 (80.0) {2692.6} [0.0, 3390.0]
#2: 0 (0.0) {2723.2999999999997} -> 80 (10.0) {2774.7} [2369.0, 2816.0] -> 79 (20.0) {2870.0} [2505.0, 2870.0] -> 81 (50.0) {2965.3} [2563.0, 3002.0] -> 78 (70.0) {3063.9} [2599.0, 3164.0] -> 77 (80.0) {3161.7} [2701.0, 3258.0] -> 0 (80.0) {3284.0} [0.0, 3390.0]
#3: 0 (0.0) {2309.0} -> 15 (40.0) {2345.0} [1858.0, 2733.0] -> 16 (80.0) {2440.0} [1512.0, 2515.0] -> 14 (90.0) {2532.0} [1586.0, 2625.0] -> 12 (110.0) {2625.0} [1772.0, 2625.0] -> 11 (120.0) {2733.8} [2428.0, 3127.0] -> 0 (120.0) {2843.4} [0.0, 3390.0]
#4: 0 (0.0) {140.70000000000002} -> 22 (20.0) {152.8} [12.0, 752.0] -> 27 (30.0) {247.8} [17.0, 602.0] -> 30 (40.0) {342.0} [63.0, 702.0] -> 29 (50.0) {437.0} [20.0, 948.0] -> 24 (60.0) {532.0} [15.0, 532.0] -> 20 (70.0) {627.0} [10.0, 963.0] -> 0 (70.0) {727.0} [0.0, 3390.0]
#5: 0 (0.0) {531.4000000000001} -> 31 (20.0) {564.9} [309.0, 1412.0] -> 35 (30.0) {659.9} [377.0, 1534.0] -> 33 (70.0) {755.7} [234.0, 1295.0] -> 32 (100.0) {847.7} [336.0, 1009.0] -> 6 (120.0) {944.0} [209.0, 944.0] -> 0 (120.0) {1059.2} [0.0, 3390.0]
#6: 0 (0.0) {1897.5} -> 28 (20.0) {1933.8} [1010.0, 2043.0] -> 26 (30.0) {2031.8} [1036.0, 2213.0] -> 23 (40.0) {2129.0} [1316.0, 2129.0] -> 25 (80.0) {2227.0} [2177.0, 2990.0] -> 21 (100.0) {2329.8} [2062.0, 3288.0] -> 0 (100.0) {2431.4} [0.0, 3390.0]
#7: 0 (0.0) {1607.1} -> 88 (30.0) {1634.0} [1482.0, 1769.0] -> 86 (40.0) {1729.0} [1710.0, 1921.0] -> 84 (60.0) {1824.0} [1617.0, 1824.0] -> 82 (80.0) {1919.8} [1894.0, 2115.0] -> 83 (90.0) {2012.8} [1751.0, 2072.0] -> 0 (90.0) {2135.1} [0.0, 3390.0]
#8: 0 (0.0) {1441.0} -> 54 (40.0) {1481.0} [998.0, 1481.0] -> 53 (60.0) {1576.3} [1078.0, 1593.0] -> 56 (90.0) {1670.3} [1083.0, 1776.0] -> 58 (120.0) {1762.3} [1133.0, 1910.0] -> 60 (140.0) {1855.3} [1180.0, 2049.0] -> 0 (140.0) {1990.5} [0.0, 3390.0]
#9: 0 (0.0) {2540.6000000000004} -> 52 (10.0) {2561.8} [2070.0, 2859.0] -> 51 (20.0) {2656.8} [1883.0, 2676.0] -> 50 (30.0) {2749.0} [1842.0, 2901.0] -> 47 (40.0) {2844.0} [2242.0, 2877.0] -> 43 (50.0) {2937.0} [2368.0, 2937.0] -> 48 (60.0) {3032.8} [2605.0, 3266.0] -> 0 (60.0) {3133.5} [0.0, 3390.0]
#10: 0 (0.0) {2150.7} -> 17 (20.0) {2184.0} [1895.0, 2886.0] -> 18 (40.0) {2277.0} [1299.0, 2344.0] -> 19 (50.0) {2372.0} [1461.0, 2372.0] -> 13 (80.0) {2470.6} [2135.0, 2834.0] -> 9 (90.0) {2568.4} [2090.0, 3271.0] -> 0 (90.0) {2681.7} [0.0, 3390.0]
#11: 0 (0.0) {180.0} -> 67 (10.0) {192.2} [12.0, 424.0] -> 63 (60.0) {285.2} [14.0, 360.0] -> 74 (110.0) {381.0} [87.0, 498.0] -> 62 (130.0) {474.0} [18.0, 474.0] -> 66 (140.0) {567.0} [393.0, 942.0] -> 69 (150.0) {659.0} [534.0, 985.0] -> 0 (150.0) {764.8} [0.0, 3390.0]
#12: 0 (0.0) {620.2} -> 72 (10.0) {644.0} [131.0, 644.0] -> 61 (20.0) {737.0} [223.0, 738.0] -> 64 (30.0) {829.0} [246.0, 899.0] -> 65 (40.0) {925.4} [704.0, 1197.0] -> 68 (50.0) {1020.7} [641.0, 1070.0] -> 0 (50.0) {1130.7} [0.0, 3390.0]
#13: 0 (0.0) {1250.0} -> 49 (10.0) {1281.0} [812.0, 1281.0] -> 55 (20.0) {1378.8} [897.0, 1392.0] -> 59 (30.0) {1475.2} [1392.0, 2027.0] -> 57 (70.0) {1570.2} [1426.0, 2183.0] -> 40 (80.0) {1663.8} [1468.0, 2329.0] -> 0 (80.0) {1786.0} [0.0, 3390.0]
#14: 0 (0.0) {1414.8} -> 37 (20.0) {1454.0} [494.0, 1607.0] -> 38 (50.0) {1546.0} [637.0, 1648.0] -> 39 (70.0) {1641.0} [834.0, 1641.0] -> 36 (80.0) {1736.0} [819.0, 1846.0] -> 34 (100.0) {1829.0} [954.0, 1897.0] -> 0 (100.0) {1951.3} [0.0, 3390.0]
#15: 0 (0.0) {1216.4} -> 7 (20.0) {1243.3} [1059.0, 1246.0] -> 3 (30.0) {1337.4} [1138.0, 1355.0] -> 4 (40.0) {1431.0} [1247.0, 1434.0] -> 89 (50.0) {1525.4} [1275.0, 1594.0] -> 91 (60.0) {1621.0} [1440.0, 1621.0] -> 0 (60.0) {1733.3} [0.0, 3390.0]
#16: 0 (0.0) {2167.2000000000003} -> 85 (30.0) {2213.3} [1969.0, 2248.0] -> 76 (40.0) {2315.0} [2106.0, 2315.0] -> 71 (60.0) {2410.0} [2192.0, 2419.0] -> 70 (90.0) {2505.0} [2119.0, 2682.0] -> 73 (100.0) {2598.0} [2169.0, 2818.0] -> 0 (100.0) {2743.7} [0.0, 3390.0]
#17: 0 (0.0) {744.5} -> 97 (30.0) {784.8} [537.0, 816.0] -> 92 (50.0) {881.8} [646.0, 901.0] -> 94 (60.0) {975.4} [708.0, 1027.0] -> 95 (90.0) {1069.0} [852.0, 1069.0] -> 98 (110.0) {1165.4} [948.0, 1167.0] -> 0 (110.0) {1286.2} [0.0, 3390.0]
#18: 0 (0.0) {102.8} -> 93 (40.0) {111.0} [8.0, 258.0] -> 5 (50.0) {208.0} [15.0, 208.0] -> 0 (50.0) {313.1} [0.0, 3390.0]
#19: 0 (0.0) {269.59999999999997} -> 75 (20.0) {285.4} [49.0, 346.0] -> 2 (50.0) {380.4} [157.0, 428.0] -> 1 (60.0) {479.0} [302.0, 479.0] -> 99 (70.0) {574.8} [379.0, 594.0] -> 100 (90.0) {669.8} [477.0, 686.0] -> 0 (90.0) {797.8} [0.0, 3390.0]
#20: 0 (0.0) {2853.9999999999995} -> 8 (20.0) {2865.6} [2035.0, 3288.0] -> 10 (30.0) {2961.6} [2311.0, 3283.0] -> 90 (40.0) {3078.9} [2789.0, 3279.0] -> 87 (60.0) {3178.7} [2976.0, 3275.0] -> 96 (70.0) {3275.0} [2713.0, 3275.0] -> 0 (70.0) {3389.1} [0.0, 3390.0]

Dist: 1536.3. Cost: 1536.3

Clique cuts applied:  22
Zero-half cuts applied:  9
Lift and project cuts applied:  32
Gomory fractional cuts applied:  4

Root node processing (before b&c):
  Real time             =    0.28 sec. (168.03 ticks)
Parallel b&c, 8 threads:
  Real time             =    0.00 sec. (0.00 ticks)
  Sync time (average)   =    0.00 sec.
  Wait time (average)   =    0.00 sec.
                          ------------
Total (root+branch&cut) =    0.28 sec. (168.03 ticks)
