Solving...
------------------------------------------------------------------------------------------------------------------------------------------------
|  Restart |  Iteration |  Best Feas. Cost |    Best Cost |   Curr. Cost |   Penalty Custom Res. |   Penalty Standard Res. |   Pool |   Time (s) |
------------------------------------------------------------------------------------------------------------------------------------------------
|        1 |          1 |              Inf |      1037.53 |      1037.53 |                  0.58 |                    0.40 |     57 |     0.2894 |
|        1 |          2 |              Inf |      1033.14 |      1033.14 |                  0.60 |                    0.41 |     63 |     1.0493 |
|        1 |          3 |              Inf |      1029.42 |      1029.42 |                  2.13 |                    0.18 |     63 |     1.1416 |
|        1 |          4 |              Inf |       997.46 |       997.46 |                  2.61 |                    0.13 |     68 |     1.3011 |
|        1 |          5 |              Inf |       997.46 |       998.78 |                  2.42 |                    0.12 |     69 |     1.3912 |
|        1 |          6 |              Inf |       990.32 |       990.32 |                  1.85 |                    0.10 |     69 |     1.5001 |
|        1 |          7 |              Inf |       990.32 |       990.64 |                  3.16 |                    0.17 |     69 |     1.5664 |
|        1 |          0 |           992.50 |       990.32 |       992.50 |                  5.97 |                    0.15 |     71 |     1.6533 |
|        1 |          0 |           990.20 |       990.20 |       990.20 |                  3.43 |                    0.11 |     74 |     1.7339 |
|        1 |          1 |           990.20 |       990.20 |       990.20 |                  1.89 |                    0.10 |     74 |     1.8288 |
|        1 |          2 |           990.20 |       990.13 |       990.13 |                  3.10 |                    0.17 |     75 |     1.9339 |
|        1 |          0 |           989.60 |       989.60 |       989.60 |                  2.17 |                    0.12 |     77 |     2.0182 |
|        1 |          0 |           989.30 |       989.30 |       989.30 |                  2.03 |                    0.14 |     80 |     2.1006 |
|        1 |          1 |           989.30 |       989.30 |      1007.63 |                  2.48 |                    0.22 |     82 |     2.2865 |
|        1 |          2 |           989.30 |       989.30 |      1010.64 |                  3.44 |                    0.12 |     83 |     2.3546 |
|        1 |          3 |           989.30 |       989.30 |      1011.85 |                  2.51 |                    0.10 |     85 |     2.4536 |
|        1 |          4 |           989.30 |       989.30 |      1018.26 |                  2.39 |                    0.11 |     89 |     2.6030 |
|        1 |          5 |           989.30 |       989.30 |      1016.27 |                  2.40 |                    0.11 |     89 |     2.7048 |
|        1 |          6 |           989.30 |       989.30 |      1016.13 |                  1.79 |                    0.11 |     89 |     2.7908 |
|        1 |          7 |           989.30 |       989.30 |      1014.76 |                  1.80 |                    0.11 |     89 |     2.8765 |
|        1 |          8 |           989.30 |       989.30 |      1018.76 |                  2.16 |                    0.13 |     90 |     2.9864 |
|        1 |          9 |           989.30 |       989.30 |      1016.20 |                  1.31 |                    0.10 |     94 |     3.0650 |
|        1 |         10 |           989.30 |       989.30 |      1011.67 |                  3.18 |                    0.26 |     95 |     3.1585 |
|        1 |         11 |           989.30 |       989.30 |      1005.80 |                  1.62 |                    0.12 |     95 |     3.2296 |
|        1 |         12 |           989.30 |       989.30 |      1005.80 |                  1.87 |                    0.13 |     95 |     3.3163 |
|        1 |         13 |           989.30 |       989.30 |       990.23 |                  2.82 |                    0.28 |     96 |     3.4966 |
|        1 |         14 |           989.30 |       989.30 |      1016.66 |                  4.27 |                    0.25 |    100 |     3.5573 |
|        1 |         15 |           989.30 |       989.30 |      1019.08 |                  2.60 |                    0.13 |    100 |     3.6241 |
|        1 |         16 |           989.30 |       989.30 |       995.06 |                  3.03 |                    0.10 |    100 |     3.7172 |
|        1 |         17 |           989.30 |       989.30 |      1019.52 |                  7.89 |                    0.14 |    103 |     3.7803 |
|        1 |         18 |           989.30 |       989.30 |      1025.50 |                  4.53 |                    0.10 |    103 |     3.8546 |
|        1 |         19 |           989.30 |       989.30 |      1020.97 |                 10.65 |                    0.12 |    105 |     3.9161 |
|        1 |         20 |           989.30 |       989.30 |      1014.90 |                  4.91 |                    0.10 |    105 |     3.9778 |
|        1 |         21 |           989.30 |       989.30 |      1018.70 |                  1.84 |                    0.11 |    109 |     4.1216 |
|        1 |         22 |           989.30 |       989.30 |      1024.63 |                  1.42 |                    0.19 |    115 |     4.2757 |
|        1 |         23 |           989.30 |       989.30 |      1030.83 |                  0.91 |                    0.11 |    115 |     4.3561 |
|        1 |         24 |           989.30 |       989.30 |      1024.93 |                  2.25 |                    0.16 |    115 |     4.4209 |
|        1 |         25 |           989.30 |       989.30 |      1032.65 |                  1.74 |                    0.12 |    115 |     4.5120 |
|        1 |         26 |           989.30 |       989.30 |      1012.20 |                  1.92 |                    0.15 |    121 |     4.6913 |
|        1 |         27 |           989.30 |       989.30 |      1012.06 |                  3.30 |                    0.24 |    121 |     4.7705 |
|        1 |         28 |           989.30 |       989.30 |      1012.20 |                  1.70 |                    0.12 |    121 |     4.8318 |
|        1 |         29 |           989.30 |       989.30 |      1012.20 |                  2.19 |                    0.15 |    121 |     4.9012 |
|        1 |         30 |           989.30 |       989.30 |      1011.50 |                  1.87 |                    0.10 |    122 |     5.0130 |
|        1 |         31 |           989.30 |       989.30 |      1027.98 |                  2.98 |                    0.10 |    124 |     5.0921 |
|        1 |         32 |           989.30 |       989.30 |      1008.30 |                  4.12 |                    0.16 |    125 |     5.1868 |
|        1 |         33 |           989.30 |       989.30 |      1008.30 |                  2.18 |                    0.10 |    125 |     5.2594 |
|        1 |         34 |           989.30 |       989.30 |      1008.30 |                  1.91 |                    0.11 |    125 |     5.3303 |
|        1 |         35 |           989.30 |       989.30 |      1006.93 |                  2.75 |                    0.16 |    127 |     5.5135 |
|        1 |         36 |           989.30 |       989.30 |      1007.63 |                  1.30 |                    0.10 |    131 |     5.6160 |
|        1 |         37 |           989.30 |       989.30 |      1029.12 |                  3.10 |                    0.10 |    131 |     5.6765 |
|        1 |         38 |           989.30 |       989.30 |      1007.90 |                  2.57 |                    0.12 |    131 |     5.7630 |
|        1 |         39 |           989.30 |       989.30 |      1006.90 |                  2.31 |                    0.10 |    133 |     5.8432 |
|        1 |         40 |           989.30 |       989.30 |      1006.90 |                  1.64 |                    0.10 |    133 |     5.9255 |
|        1 |         41 |           989.30 |       989.30 |      1011.42 |                  2.94 |                    0.18 |    135 |     5.9792 |
|        1 |         42 |           989.30 |       989.30 |      1008.90 |                  4.21 |                    0.25 |    138 |     6.1190 |
|        1 |         43 |           989.30 |       989.30 |      1009.80 |                  2.40 |                    0.14 |    139 |     6.1727 |
|        1 |         44 |           989.30 |       989.30 |      1012.26 |                  2.62 |                    0.16 |    143 |     6.3153 |
|        1 |         45 |           989.30 |       989.30 |      1014.58 |                  2.51 |                    0.15 |    143 |     6.3657 |
|        1 |         46 |           989.30 |       989.30 |      1011.11 |                  3.20 |                    0.19 |    143 |     6.4597 |
|        1 |         47 |           989.30 |       989.30 |      1007.30 |                  1.11 |                    0.10 |    147 |     6.5470 |
|        1 |         48 |           989.30 |       989.30 |      1004.82 |                  2.17 |                    0.18 |    147 |     6.6263 |
|        1 |         49 |           989.30 |       989.30 |      1007.50 |                  1.78 |                    0.14 |    148 |     6.7331 |
|        1 |         50 |           989.30 |       989.30 |      1006.93 |                  2.29 |                    0.18 |    150 |     6.8412 |
|        1 |         51 |           989.30 |       989.30 |      1014.60 |                  2.12 |                    0.16 |    153 |     6.9078 |
|        1 |         52 |           989.30 |       989.30 |      1013.60 |                  1.76 |                    0.12 |    155 |     6.9787 |
|        1 |         53 |           989.30 |       989.30 |      1013.52 |                  1.90 |                    0.13 |    155 |     7.0663 |
|        1 |         54 |           989.30 |       989.30 |      1013.60 |                  2.71 |                    0.18 |    155 |     7.1332 |
|        1 |         55 |           989.30 |       989.30 |      1036.50 |                  1.86 |                    0.11 |    159 |     7.2195 |
|        1 |         56 |           989.30 |       989.30 |      1023.60 |                  2.39 |                    0.15 |    163 |     7.3604 |
|        1 |         57 |           989.30 |       989.30 |      1005.91 |                  2.60 |                    0.16 |    165 |     7.4366 |
|        1 |         58 |           989.30 |       989.30 |      1009.70 |                  2.17 |                    0.10 |    171 |     7.5543 |
|        1 |         59 |           989.30 |       989.30 |      1035.11 |                  2.18 |                    0.11 |    174 |     7.6229 |
|        1 |          0 |           988.20 |       988.20 |       988.20 |                  1.21 |                    0.11 |    176 |     7.7963 |
|        1 |          1 |           988.20 |       988.18 |       988.18 |                  0.87 |                    0.12 |    177 |     7.8538 |
|        1 |          2 |           988.20 |       987.60 |       987.60 |                  2.08 |                    0.28 |    177 |     7.9201 |
|        1 |          3 |           988.20 |       987.60 |       995.68 |                  1.41 |                    0.18 |    178 |     8.0371 |
|        1 |          4 |           988.20 |       987.60 |      1007.31 |                  1.93 |                    0.20 |    181 |     8.3590 |
|        1 |          5 |           988.20 |       987.60 |      1042.01 |                  1.37 |                    0.14 |    184 |     8.4279 |
|        1 |          6 |           988.20 |       987.60 |      1038.23 |                  2.16 |                    0.23 |    186 |     8.4971 |
|        1 |          7 |           988.20 |       987.60 |      1042.00 |                  2.00 |                    0.21 |    186 |     8.5628 |
|        1 |          8 |           988.20 |       987.60 |      1017.70 |                  1.68 |                    0.18 |    189 |     8.6494 |
|        1 |          9 |           988.20 |       987.60 |      1016.50 |                  1.39 |                    0.15 |    194 |     8.7846 |
|        1 |         10 |           988.20 |       987.60 |      1006.24 |                  1.26 |                    0.10 |    198 |     8.9242 |
|        1 |         11 |           988.20 |       987.60 |      1004.90 |                  1.89 |                    0.13 |    203 |     9.0651 |
|        1 |         12 |           988.20 |       987.60 |      1004.90 |                  2.85 |                    0.19 |    203 |     9.1969 |
|        1 |         13 |           988.20 |       987.60 |      1008.40 |                  1.56 |                    0.10 |    204 |     9.2540 |
|        1 |         14 |           988.20 |       987.60 |      1006.57 |                  1.03 |                    0.10 |    206 |     9.3504 |
|        1 |         15 |           988.20 |       987.60 |      1005.19 |                  2.64 |                    0.23 |    207 |     9.4182 |
|        1 |         16 |           988.20 |       987.60 |      1004.80 |                  1.34 |                    0.12 |    207 |     9.5061 |
|        1 |         17 |           988.20 |       987.60 |      1004.76 |                  1.20 |                    0.15 |    207 |     9.6501 |
|        1 |         18 |           988.20 |       987.60 |      1004.80 |                  1.00 |                    0.11 |    207 |     9.7473 |
|        1 |         19 |           988.20 |       987.60 |      1027.22 |                  1.12 |                    0.11 |    210 |     9.8661 |
|        1 |         20 |           988.20 |       987.60 |      1027.30 |                  0.82 |                    0.12 |    212 |     9.9297 |
|        1 |         21 |           988.20 |       987.60 |      1027.21 |                  1.43 |                    0.22 |    212 |    10.0160 |
|        1 |         22 |           988.20 |       987.60 |      1015.89 |                  1.38 |                    0.21 |    214 |    10.1304 |
|        1 |         23 |           988.20 |       987.60 |      1013.60 |                  1.85 |                    0.28 |    214 |    10.1970 |
|        1 |         24 |           988.20 |       987.60 |      1009.66 |                  1.13 |                    0.16 |    215 |    10.3586 |
|        1 |         25 |           988.20 |       987.60 |      1009.80 |                  1.16 |                    0.17 |    215 |    10.4240 |
|        1 |         26 |           988.20 |       987.60 |      1009.80 |                  0.94 |                    0.13 |    215 |    10.4959 |
|        1 |         27 |           988.20 |       987.60 |      1009.23 |                  1.08 |                    0.16 |    215 |    10.5723 |
|        1 |         28 |           988.20 |       987.60 |      1005.30 |                  1.02 |                    0.15 |    216 |    10.6507 |
|        1 |         29 |           988.20 |       987.60 |      1005.30 |                  0.78 |                    0.11 |    216 |    10.7040 |
|        1 |         30 |           988.20 |       987.60 |      1005.30 |                  1.31 |                    0.19 |    216 |    10.7612 |
|        1 |         31 |           988.20 |       987.60 |      1005.30 |                  0.69 |                    0.10 |    216 |    10.8339 |
|        1 |         32 |           988.20 |       987.60 |      1003.02 |                  1.06 |                    0.16 |    216 |    10.9043 |
|        1 |         33 |           988.20 |       987.60 |      1005.23 |                  1.98 |                    0.30 |    216 |    10.9657 |
|        1 |         34 |           988.20 |       987.60 |      1043.30 |                  1.58 |                    0.24 |    221 |    11.0272 |
|        1 |         35 |           988.20 |       987.60 |      1022.38 |                  1.34 |                    0.20 |    225 |    11.1068 |
|        1 |         36 |           988.20 |       987.60 |       992.22 |                  2.72 |                    0.41 |    228 |    11.2487 |
|        1 |         37 |           988.20 |       987.60 |       995.70 |                  3.77 |                    0.29 |    229 |    11.3240 |
|        1 |         38 |           988.20 |       987.60 |       995.17 |                  2.85 |                    0.22 |    229 |    11.4415 |
|        1 |         39 |           988.20 |       987.60 |       991.10 |                  3.11 |                    0.23 |    232 |    11.5168 |
|        1 |         40 |           988.20 |       987.60 |       995.80 |                  1.85 |                    0.12 |    236 |    11.5987 |
|        1 |         41 |           988.20 |       987.60 |      1021.96 |                  2.21 |                    0.15 |    239 |    11.6729 |
|        1 |          0 |           985.00 |       985.00 |       985.00 |                  2.97 |                    0.16 |    240 |    11.8648 |
|        1 |          0 |           983.10 |       983.10 |       983.10 |                  2.96 |                    0.14 |    242 |    11.9388 |
|        1 |          1 |           983.10 |       983.10 |       996.40 |                  2.20 |                    0.13 |    245 |    12.0291 |
|        1 |          2 |           983.10 |       983.10 |       996.30 |                  1.72 |                    0.12 |    246 |    12.1311 |
|        1 |          3 |           983.10 |       983.10 |       996.63 |                  2.00 |                    0.14 |    247 |    12.2031 |
|        1 |          4 |           983.10 |       983.10 |       996.35 |                  0.92 |                    0.10 |    247 |    12.3243 |
|        1 |          5 |           983.10 |       983.10 |       995.30 |                  1.49 |                    0.11 |    247 |    12.4015 |
|        1 |          6 |           983.10 |       983.10 |       995.96 |                  1.81 |                    0.13 |    247 |    12.4751 |
|        1 |          7 |           983.10 |       983.10 |       996.65 |                  2.64 |                    0.19 |    248 |    12.5448 |
|        1 |          8 |           983.10 |       983.10 |       996.40 |                  1.47 |                    0.11 |    248 |    12.6120 |
|        1 |          9 |           983.10 |       983.10 |       995.93 |                  1.15 |                    0.10 |    248 |    12.6615 |
|        1 |         10 |           983.10 |       983.10 |      1009.71 |                  1.16 |                    0.10 |    248 |    12.7537 |
|        1 |         11 |           983.10 |       983.10 |      1010.32 |                  1.32 |                    0.14 |    249 |    12.8653 |
|        1 |         12 |           983.10 |       983.10 |      1037.26 |                  1.88 |                    0.19 |    252 |    12.9723 |
|        1 |         13 |           983.10 |       983.10 |      1029.90 |                  0.95 |                    0.10 |    255 |    13.1123 |
|        1 |         14 |           983.10 |       983.10 |      1031.60 |                  0.86 |                    0.13 |    257 |    13.1967 |
|        1 |         15 |           983.10 |       983.10 |      1005.22 |                  0.83 |                    0.13 |    257 |    13.3622 |
|        1 |         16 |           983.10 |       983.10 |      1009.19 |                  1.29 |                    0.20 |    257 |    13.4304 |
|        1 |         17 |           983.10 |       983.10 |      1023.38 |                  2.30 |                    0.35 |    257 |    13.4709 |
|        1 |         18 |           983.10 |       983.10 |      1005.40 |                  1.92 |                    0.28 |    259 |    13.5344 |
|        1 |         19 |           983.10 |       983.10 |      1005.40 |                  1.06 |                    0.14 |    259 |    13.5903 |
|        1 |         20 |           983.10 |       983.10 |      1007.30 |                  1.02 |                    0.15 |    259 |    13.6608 |
|        1 |         21 |           983.10 |       983.10 |      1007.30 |                  1.05 |                    0.11 |    259 |    13.7368 |
|        1 |         22 |           983.10 |       983.10 |      1007.00 |                  1.14 |                    0.18 |    259 |    13.8166 |
|        1 |         23 |           983.10 |       983.10 |      1004.40 |                  1.48 |                    0.12 |    259 |    13.9775 |
|        1 |         24 |           983.10 |       983.10 |      1006.73 |                  2.57 |                    0.20 |    259 |    14.0469 |
|        1 |         25 |           983.10 |       983.10 |      1007.70 |                  2.13 |                    0.17 |    260 |    14.1318 |
|        1 |         26 |           983.10 |       983.10 |      1006.05 |                  4.33 |                    0.21 |    263 |    14.3111 |
|        1 |         27 |           983.10 |       983.10 |      1005.60 |                  2.01 |                    0.10 |    267 |    14.3811 |
|        1 |         28 |           983.10 |       983.10 |       994.10 |                  0.78 |                    0.10 |    270 |    14.4585 |
|        1 |         29 |           983.10 |       983.10 |       983.62 |                  1.75 |                    0.10 |    272 |    14.5539 |
|        1 |         30 |           983.10 |       983.10 |       991.33 |                  5.12 |                    0.10 |    273 |    14.6324 |
|        1 |         31 |           983.10 |       983.10 |      1013.43 |                  4.42 |                    0.10 |    274 |    14.7082 |
|        1 |         32 |           983.10 |       983.10 |      1013.10 |                  3.53 |                    0.12 |    275 |    14.7776 |
|        1 |         33 |           983.10 |       983.10 |      1009.90 |                  2.52 |                    0.15 |    277 |    14.8771 |
|        1 |         34 |           983.10 |       983.10 |      1001.50 |                  4.95 |                    0.10 |    278 |    14.9456 |
|        1 |         35 |           983.10 |       983.10 |      1007.42 |                  5.50 |                    0.10 |    278 |    15.0174 |
|        1 |         36 |           983.10 |       983.10 |      1001.10 |                  2.63 |                    0.11 |    279 |    15.1023 |
|        1 |         37 |           983.10 |       983.10 |      1011.40 |                  0.91 |                    0.10 |    281 |    15.1851 |
|        1 |         38 |           983.10 |       983.10 |      1010.57 |                  2.15 |                    0.31 |    282 |    15.3076 |
|        1 |         39 |           983.10 |       983.10 |      1008.00 |                  1.31 |                    0.19 |    284 |    15.3570 |
|        1 |         40 |           983.10 |       983.10 |      1008.00 |                  1.95 |                    0.28 |    284 |    15.4175 |
|        1 |         41 |           983.10 |       983.10 |      1025.30 |                  1.15 |                    0.16 |    287 |    15.5018 |
|        1 |         42 |           983.10 |       983.10 |      1025.30 |                  2.40 |                    0.10 |    287 |    15.5672 |
|        1 |         43 |           983.10 |       983.10 |      1025.30 |                  2.08 |                    0.14 |    287 |    15.6239 |
|        1 |         44 |           983.10 |       983.10 |      1025.30 |                  2.06 |                    0.14 |    287 |    15.7156 |
|        1 |         45 |           983.10 |       983.10 |      1025.03 |                  2.01 |                    0.11 |    288 |    15.7903 |
|        1 |         46 |           983.10 |       983.10 |      1024.98 |                  4.60 |                    0.10 |    288 |    15.8585 |
|        1 |         47 |           983.10 |       983.10 |      1027.88 |                  9.13 |                    0.10 |    288 |    15.9118 |
|        1 |         48 |           983.10 |       983.10 |      1029.40 |                  3.92 |                    0.10 |    290 |    15.9880 |
|        1 |         49 |           983.10 |       983.10 |      1023.90 |                  2.64 |                    0.10 |    291 |    16.0779 |
|        1 |         50 |           983.10 |       983.10 |      1023.90 |                  1.93 |                    0.12 |    291 |    16.1367 |
|        1 |         51 |           983.10 |       983.10 |      1040.08 |                  4.79 |                    0.10 |    294 |    16.2852 |
|        1 |         52 |           983.10 |       983.10 |      1019.50 |                  3.21 |                    0.10 |    295 |    16.4058 |
|        1 |         53 |           983.10 |       983.10 |      1020.15 |                  6.78 |                    0.10 |    295 |    16.4623 |
|        1 |         54 |           983.10 |       983.10 |      1019.50 |                  3.32 |                    0.10 |    295 |    16.5264 |
|        1 |         55 |           983.10 |       983.10 |      1031.43 |                  4.40 |                    0.10 |    296 |    16.6410 |
|        1 |         56 |           983.10 |       983.10 |      1019.50 |                  3.01 |                    0.10 |    297 |    16.7576 |
|        1 |         57 |           983.10 |       983.10 |      1017.80 |                  1.53 |                    0.11 |    300 |    16.8402 |
|        1 |         58 |           983.10 |       983.10 |      1016.36 |                  1.96 |                    0.11 |    300 |    16.9058 |
|        1 |         59 |           983.10 |       983.10 |      1023.17 |                  2.33 |                    0.10 |    300 |    16.9943 |
|        1 |         60 |           983.10 |       983.10 |      1023.20 |                  2.44 |                    0.14 |    302 |    17.0599 |
|        1 |         61 |           983.10 |       983.10 |      1038.40 |                  4.74 |                    0.11 |    304 |    17.1442 |
|        1 |         62 |           983.10 |       983.10 |      1002.48 |                  3.72 |                    0.24 |    305 |    17.2993 |
|        1 |         63 |           983.10 |       983.10 |      1039.90 |                  1.46 |                    0.10 |    308 |    17.3781 |
|        1 |         64 |           983.10 |       983.10 |      1040.66 |                  1.50 |                    0.13 |    309 |    17.4594 |
|        1 |         65 |           983.10 |       983.10 |      1007.40 |                  1.51 |                    0.14 |    312 |    17.6138 |
|        1 |         66 |           983.10 |       983.10 |      1007.12 |                  3.40 |                    0.21 |    314 |    17.7195 |
|        1 |         67 |           983.10 |       983.10 |      1009.00 |                  2.56 |                    0.16 |    315 |    17.8013 |
|        1 |         68 |           983.10 |       983.10 |      1006.64 |                  2.08 |                    0.13 |    315 |    17.8857 |
|        1 |         69 |           983.10 |       983.10 |      1005.54 |                  2.88 |                    0.17 |    315 |    17.9561 |
|        1 |         70 |           983.10 |       983.10 |      1007.54 |                  3.56 |                    0.19 |    315 |    18.0442 |
|        1 |         71 |           983.10 |       983.10 |      1008.04 |                  2.76 |                    0.14 |    315 |    18.1234 |
|        1 |         72 |           983.10 |       983.10 |      1006.95 |                  3.71 |                    0.16 |    315 |    18.1878 |
|        1 |         73 |           983.10 |       983.10 |      1009.52 |                  4.42 |                    0.13 |    316 |    18.2525 |
|        1 |         74 |           983.10 |       983.10 |      1010.00 |                  3.86 |                    0.11 |    317 |    18.3298 |
|        1 |         75 |           983.10 |       983.10 |      1008.66 |                  2.17 |                    0.10 |    317 |    18.4066 |
|        1 |         76 |           983.10 |       983.10 |      1005.61 |                  3.86 |                    0.16 |    317 |    18.4694 |
|        1 |         77 |           983.10 |       983.10 |      1009.80 |                  3.65 |                    0.12 |    317 |    18.5411 |
|        1 |         78 |           983.10 |       983.10 |      1009.34 |                  3.04 |                    0.10 |    317 |    18.6040 |
|        1 |         79 |           983.10 |       983.10 |      1007.27 |                  4.17 |                    0.14 |    317 |    18.6519 |
|        1 |         80 |           983.10 |       983.10 |      1011.60 |                  3.43 |                    0.13 |    318 |    18.7182 |
|        1 |         81 |           983.10 |       983.10 |      1011.60 |                  1.93 |                    0.10 |    318 |    18.7638 |
|        1 |         82 |           983.10 |       983.10 |      1042.70 |                  2.87 |                    0.18 |    321 |    18.8308 |
|        1 |         83 |           983.10 |       983.10 |      1030.49 |                  2.37 |                    0.10 |    325 |    18.9576 |
|        1 |         84 |           983.10 |       983.10 |      1030.00 |                  2.60 |                    0.10 |    327 |    19.0681 |
|        1 |         85 |           983.10 |       983.10 |      1025.80 |                  4.02 |                    0.10 |    327 |    19.1367 |
|        1 |         86 |           983.10 |       983.10 |      1027.90 |                  3.88 |                    0.10 |    327 |    19.2067 |
|        1 |         87 |           983.10 |       983.10 |      1026.10 |                  2.18 |                    0.10 |    328 |    19.2817 |
|        1 |         88 |           983.10 |       983.10 |      1026.10 |                  0.97 |                    0.10 |    328 |    19.3442 |
|        1 |         89 |           983.10 |       983.10 |      1026.10 |                  1.30 |                    0.17 |    328 |    19.4049 |
|        1 |         90 |           983.10 |       983.10 |      1026.10 |                  0.95 |                    0.12 |    328 |    19.4540 |
|        1 |         91 |           983.10 |       983.10 |      1026.10 |                  1.17 |                    0.18 |    328 |    19.5169 |
|        1 |         92 |           983.10 |       983.10 |      1033.81 |                  6.39 |                    0.10 |    333 |    19.6452 |
|        1 |         93 |           983.10 |       983.10 |      1037.72 |                  5.06 |                    0.10 |    333 |    19.7083 |
|        1 |         94 |           983.10 |       983.10 |      1026.50 |                  2.86 |                    0.10 |    335 |    19.8479 |
|        1 |         95 |           983.10 |       983.10 |      1026.50 |                  1.94 |                    0.14 |    335 |    19.9245 |
------------------------------------------------------------------------------------------------------------------------------------------------
|  Restart |  Iteration |  Best Feas. Cost |    Best Cost |   Curr. Cost |   Penalty Custom Res. |   Penalty Standard Res. |   Pool |   Time (s) |
------------------------------------------------------------------------------------------------------------------------------------------------
|        1 |         96 |           983.10 |       983.10 |      1024.06 |                  3.88 |                    0.32 |    335 |    20.0483 |
|        1 |         97 |           983.10 |       983.10 |      1039.62 |                  2.83 |                    0.15 |    337 |    20.1230 |
|        1 |         98 |           983.10 |       983.10 |      1034.24 |                  3.36 |                    0.10 |    339 |    20.2063 |
|        1 |         99 |           983.10 |       983.10 |      1035.47 |                  3.74 |                    0.14 |    341 |    20.2744 |
|        1 |        100 |           983.10 |       983.10 |      1063.33 |                  4.05 |                    0.10 |    343 |    20.4149 |
|        1 |        101 |           983.10 |       983.10 |      1039.34 |                  6.56 |                    0.10 |    346 |    20.5333 |
|        1 |        102 |           983.10 |       983.10 |      1042.69 |                  3.37 |                    0.10 |    346 |    20.6042 |
|        1 |        103 |           983.10 |       983.10 |      1044.57 |                  2.32 |                    0.10 |    349 |    20.6739 |
|        1 |        104 |           983.10 |       983.10 |      1011.55 |                  2.61 |                    0.20 |    351 |    20.8469 |
|        1 |        105 |           983.10 |       983.10 |      1007.50 |                  1.57 |                    0.12 |    353 |    20.9217 |
|        1 |        106 |           983.10 |       983.10 |      1003.12 |                  2.35 |                    0.19 |    355 |    21.0571 |
|        1 |        107 |           983.10 |       983.10 |      1000.40 |                  1.88 |                    0.10 |    355 |    21.2419 |
|        1 |        108 |           983.10 |       983.10 |      1002.88 |                  2.17 |                    0.12 |    355 |    21.3044 |
|        1 |        109 |           983.10 |       983.10 |      1004.52 |                  2.32 |                    0.11 |    356 |    21.3767 |
|        1 |        110 |           983.10 |       983.10 |      1004.38 |                  2.43 |                    0.12 |    356 |    21.4312 |
|        1 |        111 |           983.10 |       983.10 |      1004.49 |                  2.59 |                    0.12 |    356 |    21.5009 |
|        1 |        112 |           983.10 |       983.10 |      1005.00 |                  1.85 |                    0.10 |    359 |    21.5917 |
|        1 |        113 |           983.10 |       983.10 |      1004.77 |                  1.87 |                    0.11 |    359 |    21.6770 |
|        1 |        114 |           983.10 |       983.10 |       999.57 |                  3.12 |                    0.11 |    359 |    21.8042 |
|        1 |        115 |           983.10 |       983.10 |      1012.10 |                  4.47 |                    0.10 |    362 |    21.9582 |
|        1 |        116 |           983.10 |       983.10 |      1012.10 |                  2.62 |                    0.10 |    362 |    22.0210 |
|        1 |        117 |           983.10 |       983.10 |      1012.10 |                  1.36 |                    0.10 |    362 |    22.0981 |
|        1 |        118 |           983.10 |       983.10 |      1004.22 |                  1.51 |                    0.11 |    362 |    22.1955 |
|        1 |        119 |           983.10 |       983.10 |      1004.76 |                  1.69 |                    0.13 |    362 |    22.2554 |
|        1 |        120 |           983.10 |       983.10 |      1004.90 |                  2.74 |                    0.11 |    362 |    22.3619 |
|        1 |        121 |           983.10 |       983.10 |      1005.00 |                  2.89 |                    0.16 |    362 |    22.4681 |
|        1 |        122 |           983.10 |       983.10 |      1005.00 |                  1.93 |                    0.11 |    362 |    22.5318 |
|        1 |        123 |           983.10 |       983.10 |      1004.76 |                  2.32 |                    0.12 |    362 |    22.6058 |
|        1 |        124 |           983.10 |       983.10 |      1005.00 |                  1.83 |                    0.10 |    362 |    22.6729 |
|        1 |        125 |           983.10 |       983.10 |      1004.76 |                  1.62 |                    0.11 |    362 |    22.7303 |
|        1 |        126 |           983.10 |       983.10 |      1004.96 |                  2.07 |                    0.11 |    362 |    22.8156 |
|        1 |        127 |           983.10 |       983.10 |      1004.75 |                  3.28 |                    0.18 |    362 |    22.9327 |
|        1 |        128 |           983.10 |       983.10 |      1004.85 |                  1.95 |                    0.11 |    362 |    23.1156 |
|        1 |        129 |           983.10 |       983.10 |      1004.67 |                  2.00 |                    0.11 |    362 |    23.2579 |
|        1 |        130 |           983.10 |       983.10 |      1004.88 |                  1.30 |                    0.10 |    362 |    23.3371 |
|        1 |        131 |           983.10 |       983.10 |      1004.39 |                  2.08 |                    0.11 |    362 |    23.4552 |
|        1 |        132 |           983.10 |       983.10 |      1005.00 |                  2.85 |                    0.16 |    362 |    23.5358 |
|        1 |        133 |           983.10 |       983.10 |      1005.00 |                  1.17 |                    0.10 |    362 |    23.5999 |
|        1 |        134 |           983.10 |       983.10 |      1003.14 |                  2.38 |                    0.21 |    362 |    23.6728 |
|        1 |        135 |           983.10 |       983.10 |      1005.00 |                  1.59 |                    0.14 |    362 |    23.7420 |
|        1 |        136 |           983.10 |       983.10 |      1004.50 |                  1.10 |                    0.11 |    362 |    23.8510 |
|        1 |        137 |           983.10 |       983.10 |      1003.96 |                  2.72 |                    0.27 |    362 |    23.9209 |
|        1 |        138 |           983.10 |       983.10 |       991.74 |                  1.97 |                    0.11 |    362 |    24.0841 |
|        1 |        139 |           983.10 |       983.10 |       993.28 |                  2.13 |                    0.10 |    362 |    24.1375 |
|        1 |        140 |           983.10 |       983.10 |       994.21 |                  5.42 |                    0.17 |    362 |    24.1997 |
|        1 |        141 |           983.10 |       983.10 |      1058.29 |                  6.20 |                    0.10 |    368 |    24.2783 |
|        1 |        142 |           983.10 |       983.10 |      1024.40 |                  2.45 |                    0.11 |    368 |    24.4369 |
|        1 |        143 |           983.10 |       983.10 |      1020.70 |                  1.78 |                    0.11 |    372 |    24.5736 |
|        1 |        144 |           983.10 |       983.10 |      1029.52 |                  3.04 |                    0.10 |    375 |    24.6383 |
|        1 |        145 |           983.10 |       983.10 |      1024.91 |                  3.07 |                    0.10 |    378 |    24.9203 |
|        1 |        146 |           983.10 |       983.10 |      1025.35 |                  3.12 |                    0.10 |    378 |    25.0218 |
|        1 |        147 |           983.10 |       983.10 |      1025.53 |                  3.01 |                    0.10 |    378 |    25.1734 |
|        1 |        148 |           983.10 |       983.10 |      1024.30 |                  4.62 |                    0.10 |    383 |    25.3229 |
|        1 |        149 |           983.10 |       983.10 |      1022.01 |                  4.02 |                    0.13 |    386 |    25.4763 |
|        1 |        150 |           983.10 |       983.10 |      1031.70 |                  3.02 |                    0.10 |    388 |    25.5755 |
|        1 |        151 |           983.10 |       983.10 |      1025.77 |                  3.25 |                    0.11 |    391 |    25.6869 |
|        1 |        152 |           983.10 |       983.10 |      1025.72 |                  3.22 |                    0.10 |    391 |    25.8102 |
|        1 |        153 |           983.10 |       983.10 |      1017.50 |                  1.57 |                    0.10 |    394 |    25.9367 |
|        1 |        154 |           983.10 |       983.10 |      1017.50 |                  1.34 |                    0.13 |    394 |    26.0237 |
|        1 |        155 |           983.10 |       983.10 |      1017.36 |                  2.96 |                    0.10 |    398 |    26.1483 |
|        1 |        156 |           983.10 |       983.10 |      1019.70 |                  1.86 |                    0.10 |    398 |    26.2772 |
|        1 |        157 |           983.10 |       983.10 |      1017.21 |                  5.43 |                    0.10 |    398 |    26.3989 |
|        1 |        158 |           983.10 |       983.10 |      1021.33 |                  6.88 |                    0.10 |    398 |    26.4606 |
|        1 |        159 |           983.10 |       983.10 |      1035.00 |                  3.82 |                    0.10 |    403 |    26.6051 |
|        1 |        160 |           983.10 |       983.10 |      1030.17 |                  3.62 |                    0.10 |    406 |    26.7935 |
|        1 |        161 |           983.10 |       983.10 |      1028.35 |                  5.86 |                    0.10 |    407 |    26.9201 |
|        1 |        162 |           983.10 |       983.10 |      1032.43 |                  6.02 |                    0.10 |    407 |    26.9781 |
|        1 |        163 |           983.10 |       983.10 |      1032.72 |                  3.67 |                    0.10 |    407 |    27.0458 |
|        1 |        164 |           983.10 |       983.10 |      1030.13 |                  3.96 |                    0.10 |    407 |    27.1127 |
|        1 |        165 |           983.10 |       983.10 |      1029.82 |                 11.82 |                    0.10 |    407 |    27.1928 |
|        1 |        166 |           983.10 |       983.10 |      1035.00 |                  5.18 |                    0.10 |    413 |    27.2639 |
|        1 |        167 |           983.10 |       983.10 |      1028.00 |                  2.11 |                    0.10 |    417 |    27.3852 |
|        1 |        168 |           983.10 |       983.10 |      1022.43 |                  4.03 |                    0.10 |    423 |    27.6127 |
|        1 |        169 |           983.10 |       983.10 |      1031.13 |                  6.66 |                    0.10 |    423 |    27.7336 |
|        1 |        170 |           983.10 |       983.10 |      1032.78 |                  9.79 |                    0.10 |    424 |    27.8220 |
|        1 |        171 |           983.10 |       983.10 |      1035.58 |                  7.21 |                    0.10 |    424 |    27.8950 |
|        1 |        172 |           983.10 |       983.10 |      1030.26 |                 11.35 |                    0.10 |    424 |    27.9993 |
|        1 |        173 |           983.10 |       983.10 |      1025.30 |                  4.11 |                    0.10 |    425 |    28.0895 |
|        1 |        174 |           983.10 |       983.10 |      1024.51 |                  4.29 |                    0.10 |    429 |    28.1919 |
|        1 |        175 |           983.10 |       983.10 |      1024.76 |                  5.32 |                    0.10 |    429 |    28.2652 |
|        1 |        176 |           983.10 |       983.10 |      1010.46 |                  3.06 |                    0.10 |    432 |    28.4682 |
|        1 |        177 |           983.10 |       983.10 |      1014.42 |                  4.46 |                    0.10 |    434 |    28.5381 |
|        1 |        178 |           983.10 |       983.10 |      1015.31 |                  3.15 |                    0.10 |    434 |    28.6469 |
|        1 |        179 |           983.10 |       983.10 |      1014.25 |                  4.32 |                    0.10 |    434 |    28.7150 |
|        1 |        180 |           983.10 |       983.10 |      1015.32 |                  4.30 |                    0.10 |    434 |    28.7843 |
|        1 |        181 |           983.10 |       983.10 |      1007.33 |                 10.32 |                    0.10 |    438 |    28.8601 |
|        1 |        182 |           983.10 |       983.10 |      1014.42 |                 14.86 |                    0.10 |    438 |    28.9402 |
|        1 |        183 |           983.10 |       983.10 |      1013.90 |                  4.62 |                    0.10 |    440 |    29.0845 |
|        1 |        184 |           983.10 |       983.10 |      1007.29 |                  6.58 |                    0.10 |    440 |    29.1575 |
|        1 |        185 |           983.10 |       983.10 |      1009.75 |                  4.71 |                    0.10 |    440 |    29.2351 |
|        1 |        186 |           983.10 |       983.10 |      1021.11 |                  8.86 |                    0.10 |    442 |    29.3506 |
|        1 |        187 |           983.10 |       983.10 |      1009.92 |                  7.20 |                    0.10 |    445 |    29.4630 |
|        1 |        188 |           983.10 |       983.10 |      1001.64 |                  6.49 |                    0.10 |    445 |    29.5240 |
|        1 |        189 |           983.10 |       983.10 |      1007.71 |                  5.76 |                    0.10 |    448 |    29.6554 |
|        1 |        190 |           983.10 |       983.10 |      1007.74 |                  8.23 |                    0.10 |    449 |    29.7168 |
|        1 |        191 |           983.10 |       983.10 |      1024.40 |                  3.45 |                    0.10 |    455 |    29.8540 |
|        1 |        192 |           983.10 |       983.10 |      1011.59 |                  3.52 |                    0.10 |    460 |    30.0189 |
|        1 |        193 |           983.10 |       983.10 |      1010.30 |                  1.94 |                    0.10 |    461 |    30.1215 |
|        1 |        194 |           983.10 |       983.10 |      1003.44 |                  1.38 |                    0.11 |    465 |    30.2370 |
|        1 |        195 |           983.10 |       983.10 |      1010.34 |                  1.96 |                    0.10 |    467 |    30.3373 |
|        1 |        196 |           983.10 |       983.10 |      1014.58 |                  2.03 |                    0.10 |    469 |    30.4469 |
|        1 |        197 |           983.10 |       983.10 |      1013.95 |                  2.41 |                    0.10 |    469 |    30.5266 |
|        1 |        198 |           983.10 |       983.10 |      1014.36 |                  3.58 |                    0.10 |    469 |    30.5902 |
|        1 |        199 |           983.10 |       983.10 |      1015.38 |                  2.06 |                    0.10 |    469 |    30.6489 |
|        1 |        200 |           983.10 |       983.10 |      1014.14 |                  1.78 |                    0.10 |    469 |    30.7263 |
|        1 |        201 |           983.10 |       983.10 |      1037.62 |                  1.75 |                    0.11 |    472 |    30.8209 |
|        1 |        202 |           983.10 |       983.10 |      1020.70 |                  1.58 |                    0.10 |    475 |    30.9704 |
|        1 |        203 |           983.10 |       983.10 |      1018.96 |                  1.51 |                    0.10 |    478 |    31.0465 |
|        1 |        204 |           983.10 |       983.10 |      1019.02 |                  3.09 |                    0.10 |    478 |    31.1185 |
|        1 |        205 |           983.10 |       983.10 |      1012.20 |                  4.27 |                    0.10 |    481 |    31.2228 |
|        1 |        206 |           983.10 |       983.10 |      1001.30 |                  2.34 |                    0.10 |    484 |    31.3709 |
|        1 |        207 |           983.10 |       983.10 |      1000.77 |                  1.54 |                    0.10 |    484 |    31.4628 |
|        1 |        208 |           983.10 |       983.10 |      1000.33 |                  2.40 |                    0.10 |    485 |    31.5492 |
|        1 |        209 |           983.10 |       983.10 |      1005.10 |                  2.06 |                    0.11 |    488 |    31.6185 |
|        1 |        210 |           983.10 |       983.10 |      1005.10 |                  3.05 |                    0.10 |    488 |    31.7050 |
|        1 |        211 |           983.10 |       983.10 |      1000.60 |                  4.18 |                    0.10 |    489 |    31.7873 |
|        1 |        212 |           983.10 |       983.10 |      1000.60 |                  2.60 |                    0.10 |    489 |    31.8568 |
|        1 |        213 |           983.10 |       983.10 |      1000.60 |                  1.15 |                    0.10 |    489 |    31.9239 |
|        1 |        214 |           983.10 |       983.10 |      1005.31 |                  2.50 |                    0.15 |    490 |    31.9849 |
|        1 |        215 |           983.10 |       983.10 |      1013.32 |                  2.80 |                    0.11 |    492 |    32.0676 |
|        1 |        216 |           983.10 |       983.10 |      1013.56 |                  7.15 |                    0.10 |    492 |    32.1370 |
|        1 |        217 |           983.10 |       983.10 |      1028.83 |                  7.11 |                    0.10 |    494 |    32.2088 |
|        1 |        218 |           983.10 |       983.10 |      1027.90 |                 10.66 |                    0.16 |    494 |    32.2829 |
|        1 |        219 |           983.10 |       983.10 |      1016.00 |                  2.88 |                    0.10 |    498 |    32.4050 |
|        1 |        220 |           983.10 |       983.10 |      1016.00 |                  1.90 |                    0.10 |    498 |    32.4877 |
|        1 |        221 |           983.10 |       983.10 |      1036.44 |                  1.81 |                    0.10 |    502 |    32.5875 |
|        1 |        222 |           983.10 |       983.10 |      1032.60 |                  1.22 |                    0.10 |    505 |    32.7049 |
|        1 |        223 |           983.10 |       983.10 |      1033.30 |                  1.05 |                    0.13 |    509 |    32.7743 |
|        1 |        224 |           983.10 |       983.10 |      1022.89 |                  3.08 |                    0.21 |    510 |    32.8793 |
|        1 |        225 |           983.10 |       983.10 |      1029.20 |                  1.40 |                    0.10 |    512 |    32.9847 |
|        1 |        226 |           983.10 |       983.10 |      1021.75 |                  3.29 |                    0.16 |    513 |    33.0521 |
|        1 |        227 |           983.10 |       983.10 |      1016.00 |                 11.65 |                    0.10 |    517 |    33.1383 |
|        1 |        228 |           983.10 |       983.10 |      1024.90 |                  5.64 |                    0.10 |    521 |    33.2034 |
|        1 |        229 |           983.10 |       983.10 |      1019.33 |                  7.21 |                    0.10 |    524 |    33.2677 |
|        1 |        230 |           983.10 |       983.10 |      1011.80 |                  1.73 |                    0.10 |    529 |    33.4039 |
|        1 |        231 |           983.10 |       983.10 |      1011.80 |                  2.00 |                    0.11 |    529 |    33.4707 |
|        1 |        232 |           983.10 |       983.10 |      1011.30 |                  2.78 |                    0.13 |    531 |    33.5647 |
|        1 |        233 |           983.10 |       983.10 |      1011.30 |                  3.74 |                    0.18 |    531 |    33.6373 |
|        1 |        234 |           983.10 |       983.10 |      1008.14 |                  2.89 |                    0.11 |    534 |    33.7658 |
|        1 |        235 |           983.10 |       983.10 |      1020.60 |                  4.77 |                    0.17 |    536 |    33.8538 |
|        1 |        236 |           983.10 |       983.10 |      1020.60 |                  2.83 |                    0.11 |    536 |    33.9225 |
|        1 |        237 |           983.10 |       983.10 |      1016.00 |                  2.59 |                    0.10 |    536 |    34.0207 |
|        1 |        238 |           983.10 |       983.10 |      1016.00 |                  3.59 |                    0.16 |    536 |    34.0932 |
|        1 |        239 |           983.10 |       983.10 |      1016.00 |                  2.00 |                    0.10 |    536 |    34.1606 |
|        1 |        240 |           983.10 |       983.10 |      1016.00 |                  1.66 |                    0.10 |    537 |    34.2404 |
|        1 |        241 |           983.10 |       983.10 |      1015.44 |                  1.86 |                    0.11 |    537 |    34.3042 |
|        1 |        242 |           983.10 |       983.10 |      1015.99 |                  1.89 |                    0.11 |    537 |    34.3780 |
|        1 |        243 |           983.10 |       983.10 |      1016.00 |                  2.44 |                    0.15 |    537 |    34.4336 |
|        1 |        244 |           983.10 |       983.10 |      1027.08 |                  4.01 |                    0.16 |    539 |    34.4995 |
|        1 |        245 |           983.10 |       983.10 |      1003.30 |                  1.15 |                    0.11 |    543 |    34.7055 |
|        1 |        246 |           983.10 |       983.10 |      1003.30 |                  1.39 |                    0.17 |    543 |    34.7718 |
|        1 |        247 |           983.10 |       983.10 |      1003.30 |                  0.98 |                    0.11 |    543 |    34.8490 |
|        1 |        248 |           983.10 |       983.10 |      1003.30 |                  0.81 |                    0.11 |    543 |    34.9305 |
|        1 |        249 |           983.10 |       983.10 |      1002.45 |                  0.65 |                    0.11 |    544 |    35.0082 |
|        1 |        250 |           983.10 |       983.10 |      1001.40 |                  2.30 |                    0.29 |    545 |    35.1457 |
|        1 |        251 |           983.10 |       983.10 |      1005.57 |                  3.35 |                    0.14 |    545 |    35.2075 |
|        1 |        252 |           983.10 |       983.10 |      1014.17 |                  3.57 |                    0.16 |    547 |    35.2980 |
|        1 |        253 |           983.10 |       983.10 |      1007.17 |                  2.78 |                    0.13 |    547 |    35.4589 |
|        1 |        254 |           983.10 |       983.10 |      1007.90 |                  2.65 |                    0.11 |    548 |    35.5312 |
|        1 |        255 |           983.10 |       983.10 |      1009.30 |                  1.14 |                    0.11 |    551 |    35.6965 |
|        1 |        256 |           983.10 |       983.10 |      1008.36 |                  1.03 |                    0.12 |    552 |    35.8193 |
|        1 |        257 |           983.10 |       983.10 |      1009.32 |                  1.22 |                    0.14 |    554 |    35.8941 |
|        1 |        258 |           983.10 |       983.10 |      1017.10 |                  1.07 |                    0.11 |    557 |    35.9575 |
|        1 |        259 |           983.10 |       983.10 |      1016.93 |                  1.91 |                    0.10 |    558 |    36.0670 |
|        1 |        260 |           983.10 |       983.10 |      1017.10 |                  1.13 |                    0.11 |    558 |    36.1285 |
|        1 |        261 |           983.10 |       983.10 |      1016.99 |                  1.10 |                    0.11 |    558 |    36.2605 |
|        1 |        262 |           983.10 |       983.10 |      1008.19 |                  1.86 |                    0.19 |    558 |    36.3318 |
|        1 |        263 |           983.10 |       983.10 |      1017.10 |                  1.17 |                    0.10 |    558 |    36.3903 |
|        1 |        264 |           983.10 |       983.10 |      1013.28 |                  1.26 |                    0.10 |    558 |    36.4561 |
|        1 |        265 |           983.10 |       983.10 |      1012.06 |                  3.87 |                    0.32 |    559 |    36.5466 |
|        1 |        266 |           983.10 |       983.10 |      1016.40 |                  1.61 |                    0.12 |    560 |    36.6165 |
|        1 |        267 |           983.10 |       983.10 |      1016.37 |                  1.83 |                    0.15 |    560 |    36.6816 |
|        1 |        268 |           983.10 |       983.10 |      1007.80 |                  1.91 |                    0.13 |    562 |    36.7548 |
|        1 |        269 |           983.10 |       983.10 |      1007.34 |                  2.32 |                    0.13 |    562 |    36.8217 |
|        1 |        270 |           983.10 |       983.10 |      1007.95 |                  2.38 |                    0.13 |    562 |    36.9193 |
|        1 |        271 |           983.10 |       983.10 |      1007.73 |                  2.55 |                    0.13 |    562 |    37.0811 |
|        1 |        272 |           983.10 |       983.10 |      1008.34 |                  2.11 |                    0.11 |    562 |    37.2239 |
|        1 |        273 |           983.10 |       983.10 |      1007.99 |                  2.48 |                    0.12 |    562 |    37.3103 |
|        1 |        274 |           983.10 |       983.10 |      1026.96 |                  1.66 |                    0.10 |    563 |    37.4865 |
|        1 |        275 |           983.10 |       983.10 |      1025.44 |                  2.97 |                    0.15 |    568 |    37.5810 |
|        1 |        276 |           983.10 |       983.10 |      1026.39 |                  1.62 |                    0.10 |    568 |    37.6454 |
|        1 |        277 |           983.10 |       983.10 |      1024.97 |                  3.59 |                    0.10 |    568 |    37.7305 |
|        1 |        278 |           983.10 |       983.10 |      1026.80 |                  2.65 |                    0.10 |    570 |    37.7926 |
|        1 |        279 |           983.10 |       983.10 |      1025.95 |                  1.72 |                    0.10 |    570 |    37.8559 |
|        1 |        280 |           983.10 |       983.10 |      1025.07 |                  2.45 |                    0.15 |    570 |    37.9207 |
|        1 |        281 |           983.10 |       983.10 |      1025.77 |                  3.01 |                    0.10 |    570 |    37.9731 |
|        1 |        282 |           983.10 |       983.10 |      1026.10 |                  3.62 |                    0.10 |    570 |    38.0442 |
|        1 |        283 |           983.10 |       983.10 |      1025.60 |                  1.77 |                    0.10 |    574 |    38.1039 |
|        1 |        284 |           983.10 |       983.10 |      1025.60 |                  1.50 |                    0.10 |    574 |    38.1696 |
|        1 |        285 |           983.10 |       983.10 |      1025.54 |                  2.39 |                    0.16 |    574 |    38.2353 |
|        1 |        286 |           983.10 |       983.10 |      1025.60 |                  1.66 |                    0.12 |    574 |    38.2992 |
|        1 |        287 |           983.10 |       983.10 |      1029.10 |                  2.14 |                    0.10 |    577 |    38.4161 |
|        1 |        288 |           983.10 |       983.10 |      1029.08 |                  2.96 |                    0.10 |    578 |    38.4969 |
|        1 |        289 |           983.10 |       983.10 |      1029.10 |                  1.46 |                    0.11 |    578 |    38.5612 |
|        1 |        290 |           983.10 |       983.10 |      1028.38 |                  2.01 |                    0.10 |    578 |    38.6238 |
|        1 |        291 |           983.10 |       983.10 |      1031.39 |                  2.74 |                    0.10 |    580 |    38.7196 |
|        1 |        292 |           983.10 |       983.10 |      1031.40 |                  2.76 |                    0.14 |    580 |    38.7815 |
|        1 |        293 |           983.10 |       983.10 |      1031.40 |                  1.66 |                    0.10 |    580 |    38.8551 |
|        1 |        294 |           983.10 |       983.10 |      1024.48 |                  2.20 |                    0.15 |    581 |    39.0377 |
|        1 |        295 |           983.10 |       983.10 |      1024.03 |                  2.08 |                    0.10 |    581 |    39.1310 |
|        1 |        296 |           983.10 |       983.10 |      1030.60 |                  1.66 |                    0.10 |    583 |    39.2084 |
|        1 |        297 |           983.10 |       983.10 |      1030.60 |                  1.94 |                    0.10 |    583 |    39.2795 |
|        1 |        298 |           983.10 |       983.10 |      1029.21 |                  1.42 |                    0.11 |    584 |    39.3804 |
|        1 |        299 |           983.10 |       983.10 |      1045.04 |                  5.45 |                    0.10 |    590 |    39.4798 |
|        1 |        300 |           983.10 |       983.10 |      1048.53 |                  5.12 |                    0.10 |    592 |    39.5372 |
|        1 |        301 |           983.10 |       983.10 |      1025.61 |                  5.69 |                    0.10 |    595 |    39.7330 |
|        1 |        302 |           983.10 |       983.10 |      1017.50 |                  2.54 |                    0.10 |    597 |    39.7981 |
|        1 |        303 |           983.10 |       983.10 |      1032.80 |                  0.91 |                    0.10 |    600 |    39.8684 |
|        1 |        304 |           983.10 |       983.10 |      1032.80 |                  0.98 |                    0.10 |    600 |    39.9224 |
|        1 |        305 |           983.10 |       983.10 |      1032.80 |                  1.57 |                    0.18 |    600 |    39.9824 |
------------------------------------------------------------------------------------------------------------------------------------------------
|  Restart |  Iteration |  Best Feas. Cost |    Best Cost |   Curr. Cost |   Penalty Custom Res. |   Penalty Standard Res. |   Pool |   Time (s) |
------------------------------------------------------------------------------------------------------------------------------------------------
|        1 |        306 |           983.10 |       983.10 |      1028.13 |                  3.34 |                    0.10 |    601 |    40.0527 |
|        1 |        307 |           983.10 |       983.10 |      1030.28 |                  7.17 |                    0.11 |    601 |    40.1184 |
|        1 |        308 |           983.10 |       983.10 |      1028.70 |                  2.76 |                    0.10 |    604 |    40.1939 |
|        1 |        309 |           983.10 |       983.10 |      1028.10 |                  2.45 |                    0.15 |    605 |    40.3207 |
|        1 |        310 |           983.10 |       983.10 |      1028.10 |                  2.00 |                    0.13 |    605 |    40.3904 |
|        1 |        311 |           983.10 |       983.10 |      1021.81 |                  3.74 |                    0.10 |    607 |    40.5644 |
|        1 |        312 |           983.10 |       983.10 |      1034.86 |                  4.28 |                    0.10 |    607 |    40.6272 |
|        1 |        313 |           983.10 |       983.10 |      1033.88 |                  3.30 |                    0.10 |    611 |    40.7729 |
|        1 |        314 |           983.10 |       983.10 |      1042.68 |                  2.57 |                    0.11 |    615 |    40.9038 |
|        1 |        315 |           983.10 |       983.10 |      1015.23 |                  4.61 |                    0.10 |    619 |    40.9937 |
|        1 |        316 |           983.10 |       983.10 |      1024.30 |                  3.17 |                    0.11 |    623 |    41.0763 |
|        1 |        317 |           983.10 |       983.10 |      1021.27 |                  3.58 |                    0.16 |    627 |    41.1769 |
|        1 |        318 |           983.10 |       983.10 |      1024.27 |                  3.78 |                    0.17 |    627 |    41.2436 |
|        1 |        319 |           983.10 |       983.10 |      1024.36 |                  3.69 |                    0.17 |    627 |    41.3112 |
|        1 |        320 |           983.10 |       983.10 |      1013.77 |                  3.59 |                    0.16 |    627 |    41.4033 |
|        1 |        321 |           983.10 |       983.10 |      1013.91 |                  3.83 |                    0.17 |    627 |    41.4840 |
|        1 |        322 |           983.10 |       983.10 |      1014.61 |                  2.09 |                    0.10 |    628 |    41.6097 |
|        1 |        323 |           983.10 |       983.10 |      1006.37 |                  3.31 |                    0.14 |    630 |    41.7458 |
|        1 |        324 |           983.10 |       983.10 |      1004.09 |                  3.91 |                    0.17 |    630 |    41.8292 |
|        1 |        325 |           983.10 |       983.10 |      1011.80 |                  2.85 |                    0.12 |    633 |    41.9048 |
|        1 |        326 |           983.10 |       983.10 |      1004.54 |                  5.05 |                    0.10 |    633 |    42.0323 |
|        1 |        327 |           983.10 |       983.10 |      1005.79 |                  3.29 |                    0.10 |    633 |    42.1342 |
|        1 |        328 |           983.10 |       983.10 |      1005.82 |                  4.12 |                    0.13 |    633 |    42.2187 |
|        1 |        329 |           983.10 |       983.10 |      1007.50 |                  4.26 |                    0.11 |    634 |    42.2987 |
|        1 |        330 |           983.10 |       983.10 |      1007.18 |                  4.59 |                    0.10 |    634 |    42.3778 |
|        1 |        331 |           983.10 |       983.10 |      1007.26 |                  4.18 |                    0.10 |    634 |    42.5049 |
|        1 |        332 |           983.10 |       983.10 |      1007.47 |                  4.46 |                    0.11 |    635 |    42.6226 |
|        1 |        333 |           983.10 |       983.10 |      1006.13 |                  2.66 |                    0.10 |    635 |    42.7356 |
|        1 |        334 |           983.10 |       983.10 |      1003.52 |                  3.87 |                    0.13 |    635 |    42.8151 |
|        1 |        335 |           983.10 |       983.10 |      1005.71 |                  2.88 |                    0.11 |    635 |    42.8878 |
|        1 |        336 |           983.10 |       983.10 |      1004.22 |                  4.59 |                    0.10 |    635 |    42.9902 |
|        1 |        337 |           983.10 |       983.10 |      1006.26 |                  4.25 |                    0.10 |    635 |    43.0902 |
|        1 |        338 |           983.10 |       983.10 |      1072.70 |                  2.44 |                    0.11 |    641 |    43.1709 |
|        1 |        339 |           983.10 |       983.10 |      1032.63 |                  3.95 |                    0.16 |    642 |    43.2830 |
|        1 |        340 |           983.10 |       983.10 |      1033.75 |                  3.89 |                    0.16 |    647 |    43.3813 |
|        1 |        341 |           983.10 |       983.10 |      1028.12 |                  2.36 |                    0.13 |    650 |    43.5464 |
|        1 |        342 |           983.10 |       983.10 |      1028.57 |                  2.62 |                    0.13 |    650 |    43.6282 |
|        1 |        343 |           983.10 |       983.10 |      1000.90 |                  3.34 |                    0.14 |    652 |    43.7366 |
|        1 |        344 |           983.10 |       983.10 |      1004.60 |                  2.39 |                    0.10 |    653 |    43.8230 |
|        1 |        345 |           983.10 |       983.10 |      1004.80 |                  3.14 |                    0.15 |    655 |    43.9106 |
|        1 |        346 |           983.10 |       983.10 |      1004.80 |                  2.41 |                    0.13 |    655 |    43.9819 |
|        1 |        347 |           983.10 |       983.10 |      1004.30 |                  3.58 |                    0.16 |    655 |    44.0766 |
|        1 |        348 |           983.10 |       983.10 |      1045.20 |                  2.33 |                    0.10 |    659 |    44.2371 |
|        1 |        349 |           983.10 |       983.10 |      1017.25 |                  2.41 |                    0.15 |    662 |    44.3542 |
|        1 |        350 |           983.10 |       983.10 |      1019.50 |                  2.18 |                    0.12 |    663 |    44.4647 |
|        1 |        351 |           983.10 |       983.10 |      1018.90 |                  2.13 |                    0.11 |    665 |    44.5400 |
|        1 |        352 |           983.10 |       983.10 |      1004.60 |                  2.16 |                    0.12 |    665 |    44.6056 |
|        1 |        353 |           983.10 |       983.10 |      1005.20 |                  4.46 |                    0.12 |    666 |    44.7064 |
|        1 |        354 |           983.10 |       983.10 |      1005.20 |                  2.62 |                    0.10 |    666 |    44.7670 |
|        1 |        355 |           983.10 |       983.10 |      1000.81 |                  2.09 |                    0.12 |    667 |    45.0190 |
|        1 |        356 |           983.10 |       983.10 |      1000.90 |                  2.34 |                    0.13 |    667 |    45.0839 |
|        1 |        357 |           983.10 |       983.10 |      1031.80 |                  3.40 |                    0.20 |    669 |    45.1832 |
|        1 |        358 |           983.10 |       983.10 |      1028.50 |                  2.27 |                    0.13 |    671 |    45.2879 |
|        1 |        359 |           983.10 |       983.10 |      1028.50 |                  3.40 |                    0.17 |    671 |    45.3649 |
|        1 |        360 |           983.10 |       983.10 |      1026.80 |                  2.84 |                    0.11 |    672 |    45.4844 |
|        1 |        361 |           983.10 |       983.10 |      1023.44 |                  3.11 |                    0.12 |    673 |    45.6510 |
|        1 |        362 |           983.10 |       983.10 |      1026.46 |                  2.89 |                    0.11 |    673 |    45.7133 |
|        1 |        363 |           983.10 |       983.10 |      1027.70 |                  2.68 |                    0.12 |    674 |    45.9492 |
|        1 |        364 |           983.10 |       983.10 |      1024.42 |                  2.67 |                    0.12 |    674 |    46.1399 |
|        1 |        365 |           983.10 |       983.10 |      1047.51 |                  3.80 |                    0.15 |    677 |    46.2833 |
|        1 |        366 |           983.10 |       983.10 |      1045.40 |                  2.99 |                    0.13 |    678 |    46.4417 |
|        1 |        367 |           983.10 |       983.10 |      1026.87 |                  2.17 |                    0.10 |    680 |    46.6555 |
|        1 |        368 |           983.10 |       983.10 |      1025.61 |                  3.60 |                    0.14 |    680 |    46.7304 |
|        1 |        369 |           983.10 |       983.10 |      1027.16 |                  5.51 |                    0.10 |    680 |    46.8140 |
|        1 |        370 |           983.10 |       983.10 |      1024.10 |                  2.97 |                    0.10 |    684 |    46.9031 |
|        1 |        371 |           983.10 |       983.10 |      1024.10 |                  2.13 |                    0.12 |    684 |    46.9644 |
|        1 |        372 |           983.10 |       983.10 |      1023.87 |                  1.52 |                    0.10 |    685 |    47.0565 |
|        1 |        373 |           983.10 |       983.10 |      1020.92 |                  1.72 |                    0.14 |    688 |    47.1563 |
|        1 |        374 |           983.10 |       983.10 |      1023.29 |                  3.44 |                    0.10 |    690 |    47.2710 |
|        1 |        375 |           983.10 |       983.10 |      1029.38 |                  4.14 |                    0.10 |    690 |    47.3499 |
|        1 |        376 |           983.10 |       983.10 |      1060.88 |                  9.26 |                    0.10 |    692 |    47.4115 |
|        1 |        377 |           983.10 |       983.10 |      1058.50 |                  3.82 |                    0.10 |    694 |    47.4818 |
|        1 |        378 |           983.10 |       983.10 |      1025.70 |                  2.93 |                    0.14 |    695 |    47.5480 |
|        1 |        379 |           983.10 |       983.10 |      1036.30 |                  1.02 |                    0.10 |    703 |    47.6531 |
|        1 |        380 |           983.10 |       983.10 |      1017.49 |                  2.01 |                    0.10 |    705 |    47.7644 |
|        1 |        381 |           983.10 |       983.10 |      1018.30 |                  1.23 |                    0.10 |    705 |    47.8231 |
|        1 |        382 |           983.10 |       983.10 |      1018.21 |                  1.99 |                    0.14 |    705 |    47.9317 |
|        1 |        383 |           983.10 |       983.10 |      1018.30 |                  0.94 |                    0.10 |    705 |    47.9989 |
|        1 |        384 |           983.10 |       983.10 |      1017.54 |                  1.68 |                    0.10 |    705 |    48.0698 |
|        1 |        385 |           983.10 |       983.10 |      1018.21 |                  2.54 |                    0.15 |    705 |    48.1603 |
|        1 |        386 |           983.10 |       983.10 |      1037.92 |                  2.03 |                    0.10 |    710 |    48.2615 |
|        1 |        387 |           983.10 |       983.10 |      1038.03 |                  1.34 |                    0.10 |    710 |    48.3196 |
|        1 |        388 |           983.10 |       983.10 |      1038.89 |                  1.55 |                    0.10 |    710 |    48.3941 |
|        1 |        389 |           983.10 |       983.10 |      1033.20 |                  3.71 |                    0.24 |    712 |    48.4895 |
|        1 |        390 |           983.10 |       983.10 |      1041.95 |                  2.02 |                    0.10 |    716 |    48.5674 |
|        1 |        391 |           983.10 |       983.10 |      1035.10 |                  4.90 |                    0.10 |    718 |    48.6537 |
|        1 |        392 |           983.10 |       983.10 |      1015.70 |                  2.69 |                    0.10 |    721 |    48.7809 |
|        1 |        393 |           983.10 |       983.10 |      1027.80 |                  2.06 |                    0.11 |    723 |    48.8793 |
|        1 |        394 |           983.10 |       983.10 |      1015.54 |                  2.93 |                    0.16 |    724 |    48.9928 |
|        1 |        395 |           983.10 |       983.10 |      1036.20 |                  2.08 |                    0.10 |    729 |    49.1540 |
|        1 |        396 |           983.10 |       983.10 |      1015.91 |                  3.11 |                    0.10 |    731 |    49.2660 |
|        1 |        397 |           983.10 |       983.10 |       999.52 |                  2.24 |                    0.10 |    735 |    49.4009 |
|        1 |        398 |           983.10 |       983.10 |       997.66 |                  4.10 |                    0.10 |    735 |    49.4579 |
|        1 |        399 |           983.10 |       983.10 |      1003.77 |                  5.85 |                    0.10 |    737 |    49.5179 |
|        1 |        400 |           983.10 |       983.10 |      1001.50 |                  2.53 |                    0.10 |    738 |    49.6165 |
|        1 |        401 |           983.10 |       983.10 |      1001.50 |                  1.71 |                    0.10 |    738 |    49.7100 |
|        1 |        402 |           983.10 |       983.10 |       999.38 |                  1.94 |                    0.10 |    740 |    49.8161 |
|        1 |        403 |           983.10 |       983.10 |       999.58 |                  2.60 |                    0.10 |    740 |    49.9101 |
|        1 |        404 |           983.10 |       983.10 |       999.30 |                  2.59 |                    0.10 |    740 |    49.9829 |
|        1 |        405 |           983.10 |       983.10 |      1001.68 |                  2.17 |                    0.10 |    740 |    50.1236 |
|        1 |        406 |           983.10 |       983.10 |       994.24 |                  4.26 |                    0.12 |    740 |    50.1916 |
|        1 |        407 |           983.10 |       983.10 |       994.30 |                  2.75 |                    0.10 |    742 |    50.3045 |
|        1 |        408 |           983.10 |       983.10 |       994.30 |                  1.04 |                    0.10 |    742 |    50.4098 |
|        1 |        409 |           983.10 |       983.10 |      1014.77 |                  1.04 |                    0.11 |    745 |    50.4897 |
|        1 |        410 |           983.10 |       983.10 |       998.55 |                  4.28 |                    0.10 |    746 |    50.6114 |
|        1 |        411 |           983.10 |       983.10 |      1024.67 |                 11.13 |                    0.10 |    747 |    50.6886 |
|        1 |        412 |           983.10 |       983.10 |      1026.76 |                  9.13 |                    0.10 |    750 |    50.9476 |
|        1 |        413 |           983.10 |       983.10 |      1027.60 |                  4.52 |                    0.10 |    752 |    51.0037 |
|        1 |        414 |           983.10 |       983.10 |      1022.16 |                  3.60 |                    0.10 |    754 |    51.0924 |
|        1 |        415 |           983.10 |       983.10 |      1017.85 |                  4.21 |                    0.12 |    754 |    51.1771 |
|        1 |        416 |           983.10 |       983.10 |      1018.70 |                  4.35 |                    0.10 |    757 |    51.2757 |
|        1 |        417 |           983.10 |       983.10 |      1018.70 |                  2.58 |                    0.10 |    757 |    51.3430 |
|        1 |        418 |           983.10 |       983.10 |      1018.45 |                  5.94 |                    0.10 |    758 |    51.4188 |
|        1 |        419 |           983.10 |       983.10 |      1027.90 |                  2.48 |                    0.10 |    761 |    51.4929 |
|        1 |        420 |           983.10 |       983.10 |      1020.75 |                  3.10 |                    0.10 |    761 |    51.5733 |
|        1 |        421 |           983.10 |       983.10 |      1055.05 |                  1.81 |                    0.10 |    766 |    51.6564 |
|        1 |        422 |           983.10 |       983.10 |      1050.86 |                  3.56 |                    0.12 |    766 |    51.7336 |
|        1 |        423 |           983.10 |       983.10 |      1029.52 |                 13.90 |                    0.10 |    772 |    51.9090 |
|        1 |        424 |           983.10 |       983.10 |      1036.45 |                  7.91 |                    0.10 |    772 |    51.9774 |
|        1 |        425 |           983.10 |       983.10 |      1033.50 |                  2.23 |                    0.10 |    773 |    52.0933 |
|        1 |        426 |           983.10 |       983.10 |      1023.40 |                  2.52 |                    0.10 |    773 |    52.1726 |
|        1 |        427 |           983.10 |       983.10 |      1028.90 |                  3.14 |                    0.10 |    778 |    52.3347 |
|        1 |        428 |           983.10 |       983.10 |      1026.40 |                  2.22 |                    0.10 |    780 |    52.4273 |
|        1 |        429 |           983.10 |       983.10 |      1020.82 |                  1.79 |                    0.12 |    782 |    52.5425 |
|        1 |        430 |           983.10 |       983.10 |      1037.30 |                  1.49 |                    0.11 |    786 |    52.6074 |
|        1 |        431 |           983.10 |       983.10 |      1055.31 |                  1.99 |                    0.10 |    792 |    52.7613 |
|        1 |        432 |           983.10 |       983.10 |      1056.41 |                  1.65 |                    0.10 |    792 |    52.8269 |
|        1 |        433 |           983.10 |       983.10 |      1052.69 |                  7.28 |                    0.10 |    794 |    52.9437 |
|        1 |        434 |           983.10 |       983.10 |      1040.10 |                  3.38 |                    0.10 |    794 |    53.0406 |
|        1 |        435 |           983.10 |       983.10 |      1063.60 |                  1.88 |                    0.12 |    798 |    53.1893 |
|        1 |        436 |           983.10 |       983.10 |      1043.70 |                  3.01 |                    0.11 |    798 |    53.3204 |
|        1 |        437 |           983.10 |       983.10 |      1044.47 |                  7.09 |                    0.10 |    798 |    53.3884 |
|        1 |        438 |           983.10 |       983.10 |      1048.49 |                  5.90 |                    0.10 |    798 |    53.4519 |
|        1 |        439 |           983.10 |       983.10 |      1047.74 |                 15.95 |                    0.10 |    798 |    53.5618 |
|        1 |        440 |           983.10 |       983.10 |      1047.70 |                  3.92 |                    0.10 |    803 |    53.7864 |
|        1 |        441 |           983.10 |       983.10 |      1043.80 |                  3.26 |                    0.11 |    806 |    53.8833 |
|        1 |        442 |           983.10 |       983.10 |      1042.10 |                  1.45 |                    0.12 |    810 |    54.0309 |
|        1 |        443 |           983.10 |       983.10 |      1027.39 |                  1.70 |                    0.10 |    816 |    54.1747 |
|        1 |        444 |           983.10 |       983.10 |      1027.28 |                  4.69 |                    0.20 |    816 |    54.2496 |
|        1 |        445 |           983.10 |       983.10 |      1032.90 |                  1.87 |                    0.14 |    821 |    54.4150 |
|        1 |        446 |           983.10 |       983.10 |      1015.28 |                  3.18 |                    0.10 |    821 |    54.5432 |
|        1 |        447 |           983.10 |       983.10 |      1032.40 |                  1.06 |                    0.10 |    822 |    54.6360 |
|        1 |        448 |           983.10 |       983.10 |      1035.60 |                  1.76 |                    0.16 |    824 |    54.7038 |
|        1 |        449 |           983.10 |       983.10 |      1058.50 |                  2.27 |                    0.10 |    827 |    54.7892 |
|        1 |        450 |           983.10 |       983.10 |      1035.60 |                  1.94 |                    0.14 |    827 |    54.8574 |
|        1 |        451 |           983.10 |       983.10 |      1035.60 |                  1.28 |                    0.11 |    827 |    54.9103 |
|        1 |        452 |           983.10 |       983.10 |      1037.30 |                  1.83 |                    0.15 |    829 |    54.9663 |
|        1 |        453 |           983.10 |       983.10 |      1037.30 |                  0.92 |                    0.10 |    829 |    55.0234 |
|        1 |        454 |           983.10 |       983.10 |      1023.80 |                  1.32 |                    0.22 |    830 |    55.1122 |
|        1 |        455 |           983.10 |       983.10 |      1019.80 |                  3.45 |                    0.23 |    830 |    55.2261 |
|        1 |        456 |           983.10 |       983.10 |      1020.51 |                  3.39 |                    0.21 |    830 |    55.3499 |
|        1 |        457 |           983.10 |       983.10 |      1011.08 |                  3.22 |                    0.19 |    832 |    55.4881 |
|        1 |        458 |           983.10 |       983.10 |      1013.50 |                  1.77 |                    0.10 |    833 |    55.6124 |
|        1 |        459 |           983.10 |       983.10 |      1005.24 |                  2.13 |                    0.14 |    833 |    55.7576 |
|        1 |        460 |           983.10 |       983.10 |      1000.82 |                  3.04 |                    0.20 |    833 |    55.8455 |
|        1 |        461 |           983.10 |       983.10 |       995.15 |                  3.35 |                    0.22 |    833 |    56.0279 |
|        1 |        462 |           983.10 |       983.10 |       996.30 |                  1.33 |                    0.10 |    834 |    56.1056 |
|        1 |        463 |           983.10 |       983.10 |       989.54 |                  1.52 |                    0.11 |    834 |    56.1689 |
|        1 |        464 |           983.10 |       983.10 |       990.86 |                  2.60 |                    0.20 |    834 |    56.2207 |
|        1 |        465 |           983.10 |       983.10 |      1001.71 |                  3.19 |                    0.23 |    836 |    56.3186 |
|        1 |        466 |           983.10 |       983.10 |      1004.18 |                  2.71 |                    0.20 |    836 |    56.3857 |
|        1 |        467 |           983.10 |       983.10 |       998.53 |                  3.24 |                    0.22 |    836 |    56.5974 |
|        1 |        468 |           983.10 |       983.10 |      1002.66 |                  2.53 |                    0.17 |    836 |    56.7020 |
|        1 |        469 |           983.10 |       983.10 |       998.80 |                  3.26 |                    0.22 |    836 |    56.8031 |
|        1 |        470 |           983.10 |       983.10 |       998.77 |                  3.28 |                    0.22 |    836 |    56.8755 |
|        1 |        471 |           983.10 |       983.10 |      1000.33 |                  2.62 |                    0.16 |    836 |    56.9577 |
|        1 |        472 |           983.10 |       983.10 |       999.90 |                  3.31 |                    0.20 |    836 |    57.0340 |
|        1 |        473 |           983.10 |       983.10 |       998.00 |                  2.85 |                    0.15 |    838 |    57.1690 |
|        1 |        474 |           983.10 |       983.10 |       997.20 |                  1.67 |                    0.11 |    840 |    57.2762 |
|        1 |        475 |           983.10 |       983.10 |       999.69 |                  2.11 |                    0.14 |    841 |    57.3516 |
|        1 |        476 |           983.10 |       983.10 |      1000.40 |                  2.10 |                    0.14 |    841 |    57.4233 |
|        1 |        477 |           983.10 |       983.10 |      1000.30 |                  2.33 |                    0.13 |    841 |    57.5285 |
|        1 |        478 |           983.10 |       983.10 |      1011.34 |                  5.36 |                    0.16 |    843 |    57.6042 |
|        1 |        479 |           983.10 |       983.10 |      1007.01 |                  2.81 |                    0.10 |    845 |    57.7338 |
|        1 |        480 |           983.10 |       983.10 |      1002.06 |                  2.50 |                    0.10 |    846 |    57.8685 |
|        1 |        481 |           983.10 |       983.10 |       998.58 |                  1.95 |                    0.11 |    846 |    57.9932 |
|        1 |        482 |           983.10 |       983.10 |       998.53 |                  2.12 |                    0.10 |    846 |    58.0653 |
|        1 |        483 |           983.10 |       983.10 |       996.50 |                  4.59 |                    0.10 |    846 |    58.2127 |
|        1 |        484 |           983.10 |       983.10 |       998.40 |                  3.82 |                    0.13 |    846 |    58.2921 |
|        1 |        485 |           983.10 |       983.10 |       998.40 |                  2.17 |                    0.10 |    846 |    58.3670 |
|        1 |        486 |           983.10 |       983.10 |       998.40 |                  2.48 |                    0.13 |    846 |    58.4411 |
|        1 |        487 |           983.10 |       983.10 |       998.40 |                  1.89 |                    0.11 |    846 |    58.5180 |
|        1 |        488 |           983.10 |       983.10 |       998.19 |                  2.36 |                    0.13 |    846 |    58.5919 |
|        1 |        489 |           983.10 |       983.10 |       993.87 |                  3.46 |                    0.19 |    846 |    58.7291 |
|        1 |        490 |           983.10 |       983.10 |       992.12 |                  3.36 |                    0.18 |    846 |    58.8692 |
|        1 |        491 |           983.10 |       983.10 |       996.30 |                  4.43 |                    0.12 |    846 |    58.9402 |
|        1 |        492 |           983.10 |       983.10 |       993.80 |                  4.35 |                    0.12 |    846 |    59.0543 |
|        1 |        493 |           983.10 |       983.10 |       995.94 |                  4.48 |                    0.11 |    846 |    59.2021 |
|        1 |        494 |           983.10 |       983.10 |      1027.05 |                  1.72 |                    0.10 |    848 |    59.3287 |
|        1 |        495 |           983.10 |       983.10 |      1002.19 |                  3.72 |                    0.10 |    848 |    59.4471 |
|        1 |        496 |           983.10 |       983.10 |      1032.46 |                  7.37 |                    0.10 |    850 |    59.5441 |
|        1 |        497 |           983.10 |       983.10 |      1034.37 |                  7.79 |                    0.10 |    850 |    59.6091 |
|        1 |        498 |           983.10 |       983.10 |      1019.00 |                  2.37 |                    0.10 |    854 |    59.7357 |
|        1 |        499 |           983.10 |       983.10 |      1019.00 |                  1.24 |                    0.12 |    854 |    59.8325 |
|        1 |        500 |           983.10 |       983.10 |      1019.50 |                  1.87 |                    0.16 |    855 |    59.8931 |
------------------------------------------------------------------------------------------------------------------------------------------------
Version identifier: 22.1.2.0 | 2024-11-26 | 0edbb82fd
CPXPARAM_MIP_Tolerances_UpperCutoff              983.20000000000448
Tried aggregator 1 time.
MIP Presolve eliminated 5 rows and 38 columns.
MIP Presolve modified 286 coefficients.
Reduced MIP has 96 rows, 816 columns, and 8423 nonzeros.
Reduced MIP has 816 binaries, 0 generals, 0 SOSs, and 0 indicators.
Presolve time = 0.00 sec. (7.32 ticks)
Probing fixed 8 vars, tightened 0 bounds.
Probing time = 0.01 sec. (14.52 ticks)
Tried aggregator 1 time.
Detecting symmetries...
MIP Presolve eliminated 0 rows and 10 columns.
Reduced MIP has 96 rows, 806 columns, and 8323 nonzeros.
Reduced MIP has 806 binaries, 0 generals, 0 SOSs, and 0 indicators.
Presolve time = 0.00 sec. (5.97 ticks)
Probing time = 0.00 sec. (6.96 ticks)
Clique table members: 978.
MIP emphasis: balance optimality and feasibility.
MIP search method: dynamic search.
Parallel mode: deterministic, using up to 8 threads.
Root relaxation solution time = 0.00 sec. (6.38 ticks)

        Nodes                                         Cuts/
   Node  Left     Objective  IInf  Best Integer    Best Bound    ItCnt     Gap

*     0     0      integral     0      971.3000      971.3000      228    0.00%
Elapsed time = 0.03 sec. (48.09 ticks, tree = 0.00 MB, solutions = 1)
objective_value(sp) = 971.3
 63.447779 seconds (6.90 M allocations: 343.992 MiB, 0.14% gc time, 6.50% compilation time)
#1: 0 (0.0) {194.60000000000002} -> 27 (16.0) {199.6} [60.0, 300.0] -> 69 (22.0) {216.8} [108.0, 348.0] -> 30 (43.0) {240.1} [187.0, 427.0] -> 71 (58.0) {268.8} [198.0, 438.0] -> 65 (78.0) {289.0} [49.0, 289.0] -> 35 (86.0) {630.0} [630.0, 870.0] -> 66 (111.0) {656.1} [523.0, 763.0] -> 20 (120.0) {675.0} [504.0, 744.0] -> 32 (143.0) {695.7} [599.0, 839.0] -> 10 (159.0) {715.9} [485.0, 725.0] -> 70 (164.0) {733.9} [728.0, 968.0] -> 1 (174.0) {751.9} [658.0, 898.0] -> 0 (174.0) {777.1} [0.0, 1000.0]
#2: 0 (0.0) {178.50000000000003} -> 95 (20.0) {193.3} [42.0, 282.0] -> 59 (48.0) {207.3} [17.0, 257.0] -> 92 (50.0) {219.5} [18.0, 258.0] -> 98 (60.0) {232.6} [125.0, 365.0] -> 42 (65.0) {252.8} [25.0, 265.0] -> 14 (85.0) {272.0} [32.0, 272.0] -> 44 (103.0) {287.6} [167.0, 407.0] -> 38 (119.0) {308.4} [234.0, 474.0] -> 86 (154.0) {331.4} [307.0, 547.0] -> 16 (173.0) {347.7} [203.0, 443.0] -> 61 (186.0) {362.1} [214.0, 454.0] -> 85 (227.0) {376.5} [299.0, 539.0] -> 99 (236.0) {392.1} [263.0, 503.0] -> 96 (247.0) {529.0} [529.0, 769.0] -> 94 (274.0) {543.0} [350.0, 590.0] -> 6 (277.0) {556.1} [345.0, 585.0] -> 0 (277.0) {577.2} [0.0, 1000.0]
#3: 0 (0.0) {287.4} -> 40 (9.0) {298.5} [279.0, 519.0] -> 2 (16.0) {317.9} [93.0, 333.0] -> 87 (42.0) {334.9} [314.0, 554.0] -> 15 (50.0) {358.0} [118.0, 358.0] -> 43 (57.0) {543.0} [543.0, 783.0] -> 57 (64.0) {565.7} [356.0, 596.0] -> 97 (76.0) {587.1} [523.0, 763.0] -> 37 (84.0) {602.1} [530.0, 770.0] -> 100 (101.0) {725.0} [725.0, 965.0] -> 91 (102.0) {738.1} [683.0, 923.0] -> 93 (124.0) {753.9} [729.0, 969.0] -> 13 (147.0) {775.9} [639.0, 879.0] -> 58 (165.0) {791.9} [740.0, 980.0] -> 0 (165.0) {810.9} [0.0, 1000.0]
#4: 0 (0.0) {175.59999999999997} -> 52 (9.0) {186.9} [117.0, 357.0] -> 31 (36.0) {206.7} [94.0, 334.0] -> 88 (45.0) {221.7} [214.0, 454.0] -> 62 (64.0) {238.0} [113.0, 353.0] -> 11 (76.0) {256.0} [146.0, 386.0] -> 63 (86.0) {274.0} [34.0, 274.0] -> 90 (89.0) {320.0} [320.0, 560.0] -> 64 (98.0) {348.8} [154.0, 394.0] -> 49 (128.0) {401.0} [401.0, 641.0] -> 19 (145.0) {423.0} [204.0, 444.0] -> 7 (150.0) {444.1} [251.0, 491.0] -> 48 (186.0) {720.0} [720.0, 960.0] -> 0 (186.0) {757.8} [0.0, 1000.0]
#5: 0 (0.0) {164.10000000000002} -> 5 (26.0) {184.7} [20.0, 260.0] -> 83 (37.0) {201.7} [53.0, 293.0] -> 45 (53.0) {219.7} [29.0, 269.0] -> 82 (69.0) {242.4} [106.0, 346.0] -> 47 (96.0) {263.8} [48.0, 288.0] -> 36 (101.0) {281.0} [41.0, 281.0] -> 46 (102.0) {452.0} [452.0, 692.0] -> 8 (111.0) {471.4} [323.0, 563.0] -> 18 (123.0) {491.8} [286.0, 526.0] -> 84 (130.0) {514.5} [354.0, 594.0] -> 17 (132.0) {682.0} [682.0, 922.0] -> 60 (135.0) {704.6} [672.0, 912.0] -> 89 (150.0) {723.6} [718.0, 958.0] -> 0 (150.0) {742.6} [0.0, 1000.0]
#6: 0 (0.0) {171.7} -> 28 (16.0) {178.0} [65.0, 305.0] -> 12 (35.0) {197.2} [167.0, 407.0] -> 76 (48.0) {214.2} [212.0, 452.0] -> 29 (57.0) {239.2} [132.0, 372.0] -> 33 (68.0) {264.0} [24.0, 264.0] -> 81 (94.0) {314.0} [314.0, 554.0] -> 51 (104.0) {331.2} [281.0, 521.0] -> 9 (120.0) {347.5} [329.0, 569.0] -> 34 (134.0) {452.0} [452.0, 692.0] -> 78 (137.0) {467.0} [322.0, 562.0] -> 79 (160.0) {482.6} [307.0, 547.0] -> 3 (173.0) {496.2} [436.0, 676.0] -> 50 (186.0) {514.4} [475.0, 715.0] -> 26 (203.0) {541.5} [508.0, 748.0] -> 53 (217.0) {559.5} [332.0, 572.0] -> 0 (217.0) {573.9} [0.0, 1000.0]
#7: 0 (0.0) {217.0} -> 21 (11.0) {235.0} [153.0, 393.0] -> 72 (36.0) {249.4} [22.0, 262.0] -> 39 (67.0) {273.0} [33.0, 273.0] -> 67 (92.0) {292.8} [228.0, 468.0] -> 23 (121.0) {314.8} [146.0, 386.0] -> 75 (139.0) {333.2} [171.0, 411.0] -> 22 (157.0) {347.3} [332.0, 572.0] -> 41 (162.0) {361.5} [334.0, 574.0] -> 73 (171.0) {381.6} [234.0, 474.0] -> 74 (179.0) {622.0} [622.0, 862.0] -> 56 (185.0) {639.0} [519.0, 759.0] -> 4 (204.0) {657.2} [620.0, 860.0] -> 54 (222.0) {676.4} [568.0, 808.0] -> 55 (224.0) {694.8} [560.0, 800.0] -> 25 (230.0) {716.0} [716.0, 956.0] -> 24 (233.0) {741.0} [656.0, 896.0] -> 80 (239.0) {760.2} [728.0, 968.0] -> 68 (275.0) {772.2} [575.0, 815.0] -> 77 (289.0) {787.2} [730.0, 970.0] -> 0 (289.0) {816.8} [0.0, 1000.0]

Dist: 971.3. Cost: 971.3

Root node processing (before b&c):
  Real time             =    0.03 sec. (48.11 ticks)
Parallel b&c, 8 threads:
  Real time             =    0.00 sec. (0.00 ticks)
  Sync time (average)   =    0.00 sec.
  Wait time (average)   =    0.00 sec.
                          ------------
Total (root+branch&cut) =    0.03 sec. (48.11 ticks)
