Solving...
------------------------------------------------------------------------------------------------------------------------------------------------
|  Restart |  Iteration |  Best Feas. Cost |    Best Cost |   Curr. Cost |   Penalty Custom Res. |   Penalty Standard Res. |   Pool |   Time (s) |
------------------------------------------------------------------------------------------------------------------------------------------------
|        1 |          1 |              Inf |       997.46 |       997.46 |                  7.80 |                    0.13 |     59 |     0.2473 |
|        1 |          2 |              Inf |       927.53 |       927.53 |                  6.96 |                    0.10 |     66 |     0.8332 |
|        1 |          0 |           930.20 |       927.53 |       930.20 |                  3.05 |                    0.10 |     73 |     0.9144 |
|        1 |          1 |           930.20 |       899.28 |       899.28 |                  2.58 |                    0.10 |     79 |     1.0376 |
|        1 |          2 |           930.20 |       893.55 |       893.55 |                  4.27 |                    0.10 |     84 |     1.1257 |
|        1 |          3 |           930.20 |       893.55 |       899.94 |                  4.12 |                    0.10 |     85 |     1.2124 |
|        1 |          0 |           889.90 |       889.90 |       889.90 |                  3.59 |                    0.10 |     88 |     1.3275 |
|        1 |          1 |           889.90 |       889.90 |       901.50 |                  2.75 |                    0.10 |     91 |     1.4146 |
|        1 |          2 |           889.90 |       889.90 |       901.01 |                  2.73 |                    0.10 |     92 |     1.4983 |
|        1 |          0 |           888.60 |       888.60 |       888.60 |                  4.08 |                    0.10 |     95 |     1.6243 |
|        1 |          1 |           888.60 |       888.60 |       888.60 |                  3.04 |                    0.10 |     95 |     1.6877 |
|        1 |          2 |           888.60 |       873.01 |       873.01 |                  6.27 |                    0.10 |     98 |     1.7733 |
|        1 |          3 |           888.60 |       873.01 |       888.33 |                  2.05 |                    0.10 |    104 |     1.9058 |
|        1 |          4 |           888.60 |       873.01 |       888.17 |                  4.39 |                    0.10 |    104 |     1.9964 |
|        1 |          5 |           888.60 |       873.01 |       889.80 |                  2.10 |                    0.10 |    105 |     2.0656 |
|        1 |          6 |           888.60 |       873.01 |       887.08 |                  5.30 |                    0.10 |    106 |     2.1668 |
|        1 |          7 |           888.60 |       873.01 |       889.80 |                  3.20 |                    0.10 |    107 |     2.2454 |
|        1 |          8 |           888.60 |       873.01 |       888.58 |                  7.51 |                    0.10 |    111 |     2.3444 |
|        1 |          9 |           888.60 |       873.01 |       889.80 |                  2.34 |                    0.10 |    111 |     2.4347 |
|        1 |         10 |           888.60 |       873.01 |       882.44 |                  2.87 |                    0.10 |    112 |     2.5116 |
|        1 |         11 |           888.60 |       873.01 |       877.70 |                  1.26 |                    0.10 |    113 |     2.6628 |
|        1 |         12 |           888.60 |       869.34 |       869.34 |                  2.41 |                    0.10 |    114 |     2.7186 |
|        1 |         13 |           888.60 |       869.34 |       880.31 |                  2.39 |                    0.10 |    114 |     2.7911 |
|        1 |          0 |           879.20 |       869.34 |       879.20 |                  1.55 |                    0.10 |    116 |     2.8877 |
|        1 |          1 |           879.20 |       869.34 |       876.91 |                  2.64 |                    0.10 |    117 |     2.9607 |
|        1 |          2 |           879.20 |       869.34 |       886.02 |                  2.15 |                    0.10 |    120 |     3.0317 |
|        1 |          3 |           879.20 |       869.34 |       885.95 |                  1.92 |                    0.10 |    120 |     3.0972 |
|        1 |          4 |           879.20 |       869.34 |       879.10 |                  2.13 |                    0.10 |    121 |     3.1706 |
|        1 |          5 |           879.20 |       869.34 |       889.25 |                  2.57 |                    0.10 |    125 |     3.3289 |
|        1 |          6 |           879.20 |       869.34 |       896.50 |                  5.43 |                    0.10 |    126 |     3.3831 |
|        1 |          7 |           879.20 |       869.34 |       901.99 |                  1.98 |                    0.10 |    128 |     3.5206 |
|        1 |          8 |           879.20 |       869.34 |       902.35 |                  2.85 |                    0.10 |    129 |     3.5727 |
|        1 |          9 |           879.20 |       869.34 |       898.10 |                  1.59 |                    0.10 |    134 |     3.6416 |
|        1 |         10 |           879.20 |       869.34 |       893.35 |                  3.22 |                    0.10 |    137 |     3.7110 |
|        1 |         11 |           879.20 |       869.34 |       896.83 |                  2.84 |                    0.10 |    137 |     3.7846 |
|        1 |         12 |           879.20 |       869.34 |       899.39 |                  2.05 |                    0.10 |    140 |     3.8395 |
|        1 |         13 |           879.20 |       869.34 |       886.01 |                  4.19 |                    0.10 |    143 |     3.9249 |
|        1 |         14 |           879.20 |       869.34 |       889.56 |                 13.55 |                    0.10 |    146 |     4.0212 |
|        1 |         15 |           879.20 |       869.34 |       894.80 |                  4.34 |                    0.10 |    149 |     4.1328 |
|        1 |         16 |           879.20 |       869.34 |       894.80 |                  2.87 |                    0.10 |    149 |     4.2041 |
|        1 |         17 |           879.20 |       869.34 |       884.26 |                  4.70 |                    0.10 |    151 |     4.2910 |
|        1 |         18 |           879.20 |       869.34 |       901.60 |                  2.64 |                    0.10 |    153 |     4.3735 |
|        1 |         19 |           879.20 |       869.34 |       895.54 |                  4.78 |                    0.10 |    154 |     4.4642 |
|        1 |         20 |           879.20 |       869.34 |       942.00 |                  3.25 |                    0.10 |    158 |     4.5722 |
|        1 |         21 |           879.20 |       869.34 |       903.54 |                  2.80 |                    0.10 |    158 |     4.6836 |
|        1 |         22 |           879.20 |       869.34 |       900.40 |                  2.35 |                    0.10 |    158 |     4.7519 |
|        1 |         23 |           879.20 |       869.34 |       899.10 |                  4.71 |                    0.10 |    158 |     4.8108 |
|        1 |         24 |           879.20 |       869.34 |       898.07 |                  2.04 |                    0.10 |    159 |     4.9153 |
|        1 |         25 |           879.20 |       869.34 |       898.48 |                  2.77 |                    0.10 |    159 |     4.9836 |
|        1 |         26 |           879.20 |       869.34 |       905.46 |                  9.98 |                    0.10 |    164 |     5.0822 |
|        1 |         27 |           879.20 |       869.34 |       910.70 |                  5.59 |                    0.10 |    168 |     5.2101 |
|        1 |         28 |           879.20 |       869.34 |       900.30 |                  3.59 |                    0.10 |    170 |     5.3745 |
|        1 |         29 |           879.20 |       869.34 |       904.03 |                  5.95 |                    0.10 |    171 |     5.4530 |
|        1 |         30 |           879.20 |       869.34 |       899.62 |                  2.60 |                    0.10 |    171 |     5.5776 |
|        1 |         31 |           879.20 |       869.34 |       901.40 |                  5.64 |                    0.10 |    171 |     5.6338 |
|        1 |         32 |           879.20 |       869.34 |       893.10 |                  4.86 |                    0.10 |    171 |     5.7696 |
|        1 |         33 |           879.20 |       869.34 |       904.54 |                  3.90 |                    0.10 |    173 |     5.9066 |
|        1 |         34 |           879.20 |       869.34 |       919.30 |                  6.39 |                    0.10 |    175 |     5.9907 |
|        1 |         35 |           879.20 |       869.34 |       895.69 |                  5.73 |                    0.10 |    175 |     6.1200 |
|        1 |         36 |           879.20 |       869.34 |       898.34 |                  8.85 |                    0.10 |    175 |     6.1870 |
|        1 |         37 |           879.20 |       869.34 |       901.99 |                  3.84 |                    0.10 |    175 |     6.2699 |
|        1 |         38 |           879.20 |       869.34 |       896.78 |                 11.13 |                    0.10 |    175 |     6.3450 |
|        1 |         39 |           879.20 |       869.34 |       904.20 |                  5.13 |                    0.10 |    177 |     6.4183 |
|        1 |         40 |           879.20 |       869.34 |       904.20 |                  2.97 |                    0.10 |    177 |     6.4812 |
|        1 |         41 |           879.20 |       869.34 |       895.11 |                  7.19 |                    0.10 |    177 |     6.5802 |
|        1 |         42 |           879.20 |       869.34 |       898.60 |                  4.56 |                    0.10 |    178 |     6.6583 |
|        1 |         43 |           879.20 |       869.34 |       900.90 |                  2.94 |                    0.10 |    179 |     6.7654 |
|        1 |         44 |           879.20 |       869.34 |       903.80 |                  3.54 |                    0.10 |    179 |     6.8476 |
|        1 |         45 |           879.20 |       869.34 |       887.08 |                  4.74 |                    0.10 |    179 |     6.9515 |
|        1 |         46 |           879.20 |       869.34 |       899.34 |                  3.57 |                    0.10 |    183 |     7.0186 |
|        1 |         47 |           879.20 |       869.34 |       895.50 |                  9.09 |                    0.10 |    183 |     7.0797 |
|        1 |         48 |           879.20 |       869.34 |       887.50 |                  3.24 |                    0.10 |    184 |     7.2299 |
|        1 |         49 |           879.20 |       869.34 |       884.30 |                  2.10 |                    0.10 |    185 |     7.2915 |
|        1 |         50 |           879.20 |       869.34 |       884.30 |                  1.36 |                    0.10 |    185 |     7.3614 |
|        1 |         51 |           879.20 |       869.34 |       874.98 |                  1.96 |                    0.18 |    186 |     7.4209 |
|        1 |         52 |           879.20 |       869.34 |       878.88 |                  4.94 |                    0.10 |    187 |     7.4893 |
|        1 |         53 |           879.20 |       869.34 |       889.97 |                  2.70 |                    0.10 |    190 |     7.5606 |
|        1 |         54 |           879.20 |       869.34 |       883.88 |                  4.60 |                    0.10 |    190 |     7.6332 |
|        1 |         55 |           879.20 |       869.34 |       885.30 |                  2.94 |                    0.10 |    191 |     7.7388 |
|        1 |         56 |           879.20 |       869.34 |       885.30 |                  1.90 |                    0.10 |    191 |     7.8305 |
|        1 |         57 |           879.20 |       869.34 |       879.19 |                  2.36 |                    0.10 |    192 |     7.8876 |
|        1 |         58 |           879.20 |       869.34 |       883.08 |                  1.54 |                    0.10 |    194 |     7.9555 |
|        1 |         59 |           879.20 |       869.34 |       877.69 |                  1.61 |                    0.10 |    194 |     8.0164 |
|        1 |         60 |           879.20 |       869.34 |       886.22 |                  2.73 |                    0.10 |    194 |     8.0838 |
|        1 |         61 |           879.20 |       869.34 |       896.03 |                  2.83 |                    0.10 |    194 |     8.1423 |
|        1 |         62 |           879.20 |       869.34 |       894.88 |                  5.50 |                    0.10 |    194 |     8.1877 |
|        1 |          0 |           875.10 |       869.34 |       875.10 |                  2.73 |                    0.10 |    197 |     8.3334 |
|        1 |          1 |           875.10 |       869.34 |       875.10 |                  1.93 |                    0.10 |    197 |     8.4030 |
|        1 |          2 |           875.10 |       869.34 |       874.61 |                  2.50 |                    0.10 |    198 |     8.4648 |
|        1 |          3 |           875.10 |       869.34 |       886.88 |                  6.96 |                    0.10 |    199 |     8.5341 |
|        1 |          4 |           875.10 |       869.34 |       926.30 |                  3.14 |                    0.10 |    203 |     8.6118 |
|        1 |          5 |           875.10 |       869.34 |       892.30 |                  5.50 |                    0.20 |    205 |     8.7333 |
|        1 |          6 |           875.10 |       869.34 |       889.35 |                  6.81 |                    0.10 |    211 |     8.9741 |
|        1 |          7 |           875.10 |       869.34 |       898.44 |                  7.87 |                    0.10 |    214 |     9.0439 |
|        1 |          8 |           875.10 |       869.34 |       895.00 |                  3.70 |                    0.10 |    217 |     9.1108 |
|        1 |          9 |           875.10 |       869.34 |       895.00 |                  5.89 |                    0.10 |    218 |     9.1730 |
|        1 |          0 |           869.50 |       869.34 |       869.50 |                  3.03 |                    0.10 |    220 |     9.2376 |
|        1 |          0 |           859.70 |       859.70 |       859.70 |                  1.04 |                    0.10 |    221 |     9.3613 |
|        1 |          1 |           859.70 |       859.70 |       859.88 |                  2.28 |                    0.10 |    222 |     9.4489 |
|        1 |          0 |           858.20 |       858.20 |       858.20 |                  2.53 |                    0.10 |    222 |     9.5328 |
|        1 |          1 |           858.20 |       858.20 |       858.20 |                  2.13 |                    0.10 |    222 |     9.5865 |
|        1 |          2 |           858.20 |       858.20 |       858.20 |                  1.15 |                    0.10 |    222 |     9.6371 |
|        1 |          3 |           858.20 |       858.14 |       858.14 |                  0.96 |                    0.10 |    222 |     9.7153 |
|        1 |          4 |           858.20 |       856.62 |       856.62 |                  2.32 |                    0.13 |    223 |     9.7927 |
|        1 |          5 |           858.20 |       856.62 |       858.16 |                  2.11 |                    0.10 |    223 |     9.8567 |
|        1 |          6 |           858.20 |       856.62 |       857.85 |                  5.01 |                    0.10 |    223 |     9.9172 |
|        1 |          7 |           858.20 |       856.62 |       860.71 |                 11.11 |                    0.10 |    223 |     9.9754 |
|        1 |          8 |           858.20 |       856.62 |       862.10 |                  4.27 |                    0.10 |    225 |    10.0682 |
|        1 |          9 |           858.20 |       856.62 |       862.10 |                  2.09 |                    0.10 |    225 |    10.1243 |
|        1 |         10 |           858.20 |       856.62 |       862.10 |                  4.11 |                    0.10 |    225 |    10.1808 |
|        1 |         11 |           858.20 |       856.62 |       862.10 |                  1.86 |                    0.10 |    225 |    10.2460 |
|        1 |         12 |           858.20 |       856.62 |       862.60 |                  1.07 |                    0.10 |    226 |    10.3245 |
|        1 |         13 |           858.20 |       856.62 |       864.87 |                  1.88 |                    0.10 |    227 |    10.4007 |
|        1 |         14 |           858.20 |       856.62 |       868.50 |                  0.96 |                    0.10 |    228 |    10.4634 |
|        1 |         15 |           858.20 |       856.62 |       872.18 |                  1.79 |                    0.10 |    229 |    10.5144 |
|        1 |         16 |           858.20 |       856.62 |       872.93 |                  3.28 |                    0.10 |    231 |    10.5785 |
|        1 |         17 |           858.20 |       856.62 |       911.94 |                  2.67 |                    0.10 |    234 |    10.6469 |
|        1 |         18 |           858.20 |       856.62 |       897.75 |                  1.26 |                    0.10 |    237 |    10.7482 |
|        1 |         19 |           858.20 |       856.62 |       900.30 |                  1.38 |                    0.10 |    238 |    10.8214 |
|        1 |         20 |           858.20 |       856.62 |       859.70 |                  3.77 |                    0.10 |    238 |    10.9998 |
|        1 |         21 |           858.20 |       856.62 |       859.70 |                  2.04 |                    0.10 |    238 |    11.0844 |
|        1 |         22 |           858.20 |       856.62 |       866.40 |                  1.09 |                    0.10 |    239 |    11.2409 |
|        1 |         23 |           858.20 |       856.62 |       866.19 |                  2.12 |                    0.10 |    240 |    11.3035 |
|        1 |         24 |           858.20 |       856.62 |       859.70 |                  1.95 |                    0.10 |    240 |    11.3935 |
|        1 |         25 |           858.20 |       856.62 |       859.70 |                  0.99 |                    0.10 |    240 |    11.4723 |
|        1 |         26 |           858.20 |       856.62 |       858.44 |                  2.28 |                    0.10 |    240 |    11.5420 |
|        1 |         27 |           858.20 |       856.62 |       861.60 |                  2.12 |                    0.10 |    242 |    11.6199 |
|        1 |         28 |           858.20 |       856.62 |       861.30 |                  2.71 |                    0.10 |    242 |    11.7044 |
|        1 |         29 |           858.20 |       856.62 |       861.60 |                  1.42 |                    0.10 |    242 |    11.7985 |
|        1 |         30 |           858.20 |       856.62 |       858.89 |                  1.98 |                    0.10 |    242 |    11.8821 |
|        1 |         31 |           858.20 |       856.62 |       858.29 |                  1.75 |                    0.10 |    242 |    12.0099 |
|        1 |         32 |           858.20 |       856.62 |       857.45 |                  2.87 |                    0.10 |    242 |    12.0864 |
|        1 |         33 |           858.20 |       856.62 |       858.20 |                  6.38 |                    0.10 |    242 |    12.2678 |
|        1 |         34 |           858.20 |       856.62 |       858.20 |                  2.64 |                    0.10 |    242 |    12.3415 |
|        1 |         35 |           858.20 |       856.62 |       858.20 |                  2.87 |                    0.10 |    242 |    12.4035 |
|        1 |         36 |           858.20 |       856.62 |       858.20 |                  1.65 |                    0.10 |    242 |    12.4635 |
|        1 |         37 |           858.20 |       856.62 |       856.91 |                  3.04 |                    0.10 |    242 |    12.5876 |
|        1 |         38 |           858.20 |       856.62 |       859.00 |                  4.79 |                    0.10 |    242 |    12.6716 |
|        1 |         39 |           858.20 |       856.62 |       858.20 |                  4.96 |                    0.10 |    242 |    12.7602 |
|        1 |         40 |           858.20 |       856.62 |       858.20 |                  1.80 |                    0.10 |    242 |    12.8478 |
|        1 |         41 |           858.20 |       856.62 |       858.20 |                  1.69 |                    0.10 |    242 |    12.9630 |
|        1 |         42 |           858.20 |       856.62 |       859.70 |                  1.15 |                    0.10 |    242 |    13.0378 |
|        1 |         43 |           858.20 |       856.62 |       863.85 |                  1.09 |                    0.10 |    243 |    13.1082 |
|        1 |         44 |           858.20 |       856.62 |       857.51 |                  3.02 |                    0.10 |    243 |    13.2555 |
|        1 |         45 |           858.20 |       856.62 |       858.20 |                  2.14 |                    0.10 |    243 |    13.3340 |
|        1 |         46 |           858.20 |       856.62 |       858.20 |                  1.85 |                    0.10 |    243 |    13.4295 |
|        1 |         47 |           858.20 |       856.62 |       871.00 |                  2.71 |                    0.10 |    244 |    13.5754 |
|        1 |         48 |           858.20 |       856.62 |       871.00 |                  3.04 |                    0.10 |    244 |    13.6375 |
|        1 |         49 |           858.20 |       856.62 |       916.99 |                  5.51 |                    0.10 |    247 |    13.7235 |
|        1 |         50 |           858.20 |       856.62 |       865.90 |                  2.62 |                    0.10 |    249 |    13.9059 |
|        1 |         51 |           858.20 |       856.62 |       865.60 |                  1.15 |                    0.10 |    252 |    14.0130 |
|        1 |         52 |           858.20 |       856.62 |       881.28 |                  2.52 |                    0.10 |    252 |    14.0790 |
|        1 |         53 |           858.20 |       856.62 |       882.30 |                  3.70 |                    0.10 |    252 |    14.1533 |
|        1 |         54 |           858.20 |       856.62 |       865.60 |                  2.06 |                    0.10 |    252 |    14.2350 |
|        1 |         55 |           858.20 |       856.62 |       865.52 |                  1.72 |                    0.10 |    252 |    14.3671 |
|        1 |         56 |           858.20 |       856.62 |       865.56 |                  2.24 |                    0.10 |    252 |    14.4560 |
|        1 |         57 |           858.20 |       856.62 |       865.60 |                  2.65 |                    0.10 |    252 |    14.5279 |
|        1 |         58 |           858.20 |       856.62 |       865.41 |                  1.74 |                    0.10 |    252 |    14.6833 |
|        1 |         59 |           858.20 |       856.62 |       865.60 |                  3.93 |                    0.10 |    252 |    14.7569 |
|        1 |         60 |           858.20 |       856.62 |       862.19 |                  3.06 |                    0.10 |    253 |    14.9226 |
|        1 |         61 |           858.20 |       856.62 |       876.85 |                  0.82 |                    0.10 |    256 |    15.1281 |
|        1 |         62 |           858.20 |       856.62 |       881.30 |                  1.19 |                    0.10 |    257 |    15.1965 |
|        1 |         63 |           858.20 |       856.62 |       870.96 |                  1.63 |                    0.10 |    260 |    15.3266 |
|        1 |         64 |           858.20 |       856.62 |       866.43 |                  1.40 |                    0.10 |    263 |    15.6038 |
|        1 |         65 |           858.20 |       856.62 |       865.00 |                  1.88 |                    0.10 |    265 |    15.7921 |
|        1 |         66 |           858.20 |       856.62 |       875.30 |                  1.70 |                    0.10 |    267 |    15.8515 |
|        1 |         67 |           858.20 |       856.62 |       865.70 |                  1.19 |                    0.10 |    267 |    15.9208 |
|        1 |         68 |           858.20 |       856.62 |       892.77 |                  1.57 |                    0.10 |    269 |    15.9934 |
|        1 |         69 |           858.20 |       856.62 |       865.70 |                  1.44 |                    0.10 |    269 |    16.0713 |
|        1 |         70 |           858.20 |       856.62 |       881.42 |                  0.91 |                    0.10 |    272 |    16.2131 |
|        1 |         71 |           858.20 |       856.62 |       881.90 |                  1.48 |                    0.14 |    274 |    16.2873 |
|        1 |         72 |           858.20 |       856.62 |       902.60 |                  3.11 |                    0.10 |    277 |    16.4384 |
|        1 |         73 |           858.20 |       856.62 |       902.60 |                  1.35 |                    0.10 |    277 |    16.5456 |
|        1 |         74 |           858.20 |       856.62 |       881.90 |                  0.63 |                    0.10 |    277 |    16.6121 |
|        1 |         75 |           858.20 |       856.62 |       874.28 |                  0.72 |                    0.13 |    280 |    16.7127 |
|        1 |         76 |           858.20 |       856.62 |       877.67 |                  1.15 |                    0.10 |    280 |    16.7769 |
|        1 |         77 |           858.20 |       856.62 |       877.67 |                  1.48 |                    0.12 |    280 |    16.8347 |
|        1 |         78 |           858.20 |       856.62 |       880.22 |                  1.72 |                    0.10 |    283 |    16.9098 |
|        1 |         79 |           858.20 |       856.62 |       880.85 |                  2.16 |                    0.10 |    283 |    16.9781 |
|        1 |         80 |           858.20 |       856.62 |       872.94 |                  1.51 |                    0.10 |    285 |    17.1072 |
|        1 |         81 |           858.20 |       856.62 |       864.90 |                  4.78 |                    0.10 |    287 |    17.2003 |
|        1 |         82 |           858.20 |       856.62 |       872.59 |                  9.89 |                    0.10 |    287 |    17.2552 |
|        1 |         83 |           858.20 |       856.62 |       875.50 |                  4.89 |                    0.10 |    287 |    17.3093 |
|        1 |         84 |           858.20 |       856.62 |       875.50 |                  2.72 |                    0.10 |    287 |    17.3947 |
|        1 |         85 |           858.20 |       856.62 |       873.00 |                  3.02 |                    0.10 |    287 |    17.4970 |
|        1 |         86 |           858.20 |       856.62 |       871.20 |                  1.52 |                    0.10 |    287 |    17.5599 |
|        1 |         87 |           858.20 |       856.62 |       875.03 |                  4.11 |                    0.10 |    287 |    17.6977 |
|        1 |         88 |           858.20 |       856.62 |       873.27 |                 10.67 |                    0.10 |    287 |    17.7708 |
|        1 |         89 |           858.20 |       856.62 |       880.17 |                 16.15 |                    0.10 |    287 |    17.8658 |
|        1 |         90 |           858.20 |       856.62 |       885.30 |                 15.12 |                    0.10 |    287 |    17.9546 |
|        1 |         91 |           858.20 |       856.62 |       884.24 |                 25.06 |                    0.10 |    287 |    18.0337 |
|        1 |         92 |           858.20 |       856.62 |       902.41 |                 21.46 |                    0.10 |    288 |    18.1346 |
|        1 |         93 |           858.20 |       856.62 |       877.50 |                  7.68 |                    0.10 |    291 |    18.2863 |
|        1 |         94 |           858.20 |       856.62 |       877.50 |                  2.87 |                    0.10 |    291 |    18.3768 |
|        1 |         95 |           858.20 |       856.62 |       870.39 |                  2.09 |                    0.10 |    292 |    18.4794 |
|        1 |         96 |           858.20 |       856.62 |       869.18 |                  4.15 |                    0.10 |    292 |    18.5393 |
|        1 |         97 |           858.20 |       856.62 |       872.27 |                  5.30 |                    0.10 |    292 |    18.6247 |
|        1 |         98 |           858.20 |       856.62 |       888.11 |                  3.50 |                    0.10 |    294 |    18.6831 |
|        1 |         99 |           858.20 |       856.62 |       891.88 |                  6.12 |                    0.10 |    296 |    18.7288 |
|        1 |        100 |           858.20 |       856.62 |       899.03 |                 13.56 |                    0.10 |    297 |    18.7899 |
|        1 |        101 |           858.20 |       856.62 |       907.66 |                  7.41 |                    0.10 |    299 |    18.8547 |
|        1 |        102 |           858.20 |       856.62 |       901.81 |                 17.60 |                    0.10 |    299 |    18.9199 |
|        1 |        103 |           858.20 |       856.62 |       923.70 |                  8.19 |                    0.10 |    303 |    18.9926 |
|        1 |        104 |           858.20 |       856.62 |       922.06 |                 13.16 |                    0.10 |    305 |    19.0954 |
|        1 |        105 |           858.20 |       856.62 |       930.11 |                 11.16 |                    0.10 |    305 |    19.1713 |
|        1 |        106 |           858.20 |       856.62 |       908.50 |                  8.98 |                    0.10 |    307 |    19.2861 |
|        1 |        107 |           858.20 |       856.62 |       904.92 |                 15.80 |                    0.10 |    308 |    19.3517 |
|        1 |        108 |           858.20 |       856.62 |       963.38 |                 10.13 |                    0.10 |    311 |    19.4261 |
|        1 |        109 |           858.20 |       856.62 |       890.50 |                  1.28 |                    0.10 |    316 |    19.7073 |
|        1 |        110 |           858.20 |       856.62 |       870.07 |                  4.21 |                    0.10 |    317 |    19.8450 |
|        1 |        111 |           858.20 |       856.62 |       880.39 |                  1.85 |                    0.10 |    318 |    19.9268 |
|        1 |        112 |           858.20 |       856.62 |       880.66 |                  4.17 |                    0.10 |    319 |    19.9891 |
------------------------------------------------------------------------------------------------------------------------------------------------
|  Restart |  Iteration |  Best Feas. Cost |    Best Cost |   Curr. Cost |   Penalty Custom Res. |   Penalty Standard Res. |   Pool |   Time (s) |
------------------------------------------------------------------------------------------------------------------------------------------------
|        1 |        113 |           858.20 |       856.62 |       886.34 |                  4.45 |                    0.10 |    320 |    20.0681 |
|        1 |        114 |           858.20 |       856.62 |       875.60 |                  1.78 |                    0.10 |    320 |    20.1396 |
|        1 |        115 |           858.20 |       856.62 |       875.60 |                  2.65 |                    0.10 |    320 |    20.2056 |
|        1 |        116 |           858.20 |       856.62 |       871.69 |                  2.35 |                    0.10 |    322 |    20.3586 |
|        1 |        117 |           858.20 |       856.62 |       869.98 |                  1.43 |                    0.10 |    323 |    20.4333 |
|        1 |        118 |           858.20 |       856.62 |       866.81 |                  1.06 |                    0.10 |    323 |    20.4841 |
|        1 |        119 |           858.20 |       856.62 |       865.67 |                  2.44 |                    0.10 |    323 |    20.5456 |
|        1 |        120 |           858.20 |       856.62 |       878.80 |                  4.34 |                    0.10 |    324 |    20.6048 |
|        1 |        121 |           858.20 |       856.62 |       883.79 |                  3.90 |                    0.10 |    324 |    20.6737 |
|        1 |        122 |           858.20 |       856.62 |       874.50 |                  4.12 |                    0.11 |    327 |    20.7610 |
|        1 |        123 |           858.20 |       856.62 |       874.50 |                  2.54 |                    0.10 |    327 |    20.8306 |
|        1 |        124 |           858.20 |       856.62 |       895.10 |                  4.25 |                    0.18 |    328 |    20.8834 |
|        1 |        125 |           858.20 |       856.62 |       895.10 |                  3.10 |                    0.10 |    328 |    20.9457 |
|        1 |        126 |           858.20 |       856.62 |       885.74 |                  6.15 |                    0.10 |    330 |    21.0373 |
|        1 |        127 |           858.20 |       856.62 |       886.30 |                  7.39 |                    0.10 |    335 |    21.1241 |
|        1 |        128 |           858.20 |       856.62 |       886.50 |                  6.45 |                    0.10 |    335 |    21.1996 |
|        1 |        129 |           858.20 |       856.62 |       886.70 |                  3.06 |                    0.10 |    337 |    21.2644 |
|        1 |        130 |           858.20 |       856.62 |       886.50 |                  4.12 |                    0.10 |    337 |    21.3405 |
|        1 |        131 |           858.20 |       856.62 |       886.50 |                  4.26 |                    0.10 |    337 |    21.4289 |
|        1 |        132 |           858.20 |       856.62 |       886.50 |                  6.32 |                    0.10 |    337 |    21.4944 |
|        1 |        133 |           858.20 |       856.62 |       886.70 |                  4.85 |                    0.10 |    338 |    21.5735 |
|        1 |        134 |           858.20 |       856.62 |       893.90 |                  2.89 |                    0.10 |    342 |    21.6754 |
|        1 |        135 |           858.20 |       856.62 |       890.13 |                  5.85 |                    0.10 |    343 |    21.7375 |
|        1 |        136 |           858.20 |       856.62 |       896.12 |                  7.48 |                    0.10 |    343 |    21.7930 |
|        1 |        137 |           858.20 |       856.62 |       890.10 |                  3.48 |                    0.10 |    343 |    21.8810 |
|        1 |        138 |           858.20 |       856.62 |       889.90 |                  5.21 |                    0.10 |    343 |    21.9403 |
|        1 |        139 |           858.20 |       856.62 |       889.90 |                  2.91 |                    0.10 |    343 |    22.0061 |
|        1 |        140 |           858.20 |       856.62 |       900.12 |                  3.17 |                    0.10 |    343 |    22.0578 |
|        1 |        141 |           858.20 |       856.62 |       901.00 |                  2.97 |                    0.10 |    343 |    22.1479 |
|        1 |        142 |           858.20 |       856.62 |       900.17 |                  3.61 |                    0.10 |    343 |    22.2148 |
|        1 |        143 |           858.20 |       856.62 |       897.41 |                  2.70 |                    0.12 |    344 |    22.3729 |
|        1 |        144 |           858.20 |       856.62 |       881.63 |                  4.86 |                    0.10 |    344 |    22.5377 |
|        1 |        145 |           858.20 |       856.62 |       888.70 |                  3.00 |                    0.10 |    346 |    22.7124 |
|        1 |        146 |           858.20 |       856.62 |       912.24 |                  5.29 |                    0.10 |    348 |    22.7702 |
|        1 |        147 |           858.20 |       856.62 |       898.78 |                  2.19 |                    0.10 |    349 |    22.9210 |
|        1 |        148 |           858.20 |       856.62 |       898.01 |                  3.56 |                    0.10 |    349 |    22.9778 |
|        1 |        149 |           858.20 |       856.62 |       899.70 |                  2.43 |                    0.10 |    350 |    23.0404 |
|        1 |        150 |           858.20 |       856.62 |       898.71 |                  3.34 |                    0.10 |    351 |    23.1715 |
|        1 |        151 |           858.20 |       856.62 |       900.19 |                  3.20 |                    0.10 |    353 |    23.2422 |
|        1 |        152 |           858.20 |       856.62 |       895.87 |                  3.06 |                    0.10 |    355 |    23.4457 |
|        1 |        153 |           858.20 |       856.62 |       884.45 |                  8.97 |                    0.10 |    358 |    23.5335 |
|        1 |        154 |           858.20 |       856.62 |       869.60 |                  6.03 |                    0.10 |    359 |    23.6333 |
|        1 |        155 |           858.20 |       856.62 |       869.10 |                  4.23 |                    0.10 |    360 |    23.7082 |
|        1 |        156 |           858.20 |       856.62 |       870.10 |                  2.33 |                    0.10 |    360 |    23.7698 |
|        1 |        157 |           858.20 |       856.62 |       870.10 |                  1.53 |                    0.10 |    360 |    23.8435 |
|        1 |        158 |           858.20 |       856.62 |       869.94 |                  3.74 |                    0.10 |    360 |    23.9244 |
|        1 |        159 |           858.20 |       856.62 |       869.94 |                  8.45 |                    0.10 |    360 |    24.0068 |
|        1 |        160 |           858.20 |       856.62 |       878.14 |                  5.04 |                    0.10 |    360 |    24.1004 |
|        1 |        161 |           858.20 |       856.62 |       870.90 |                  3.35 |                    0.10 |    361 |    24.2191 |
|        1 |        162 |           858.20 |       856.62 |       870.90 |                  2.35 |                    0.10 |    361 |    24.3122 |
|        1 |        163 |           858.20 |       856.62 |       868.50 |                  2.08 |                    0.10 |    361 |    24.4708 |
|        1 |        164 |           858.20 |       856.62 |       866.00 |                  1.40 |                    0.10 |    361 |    24.5857 |
|        1 |        165 |           858.20 |       856.62 |       859.17 |                  1.53 |                    0.10 |    363 |    24.7423 |
|        1 |        166 |           858.20 |       856.62 |       861.96 |                  4.35 |                    0.10 |    363 |    24.8245 |
|        1 |        167 |           858.20 |       856.62 |       868.36 |                 13.11 |                    0.10 |    364 |    24.9179 |
|        1 |        168 |           858.20 |       856.62 |       866.10 |                  2.87 |                    0.10 |    364 |    25.0595 |
|        1 |        169 |           858.20 |       856.62 |       866.10 |                  1.53 |                    0.10 |    364 |    25.1373 |
|        1 |        170 |           858.20 |       856.62 |       861.93 |                  2.92 |                    0.10 |    366 |    25.2191 |
|        1 |        171 |           858.20 |       856.62 |       862.20 |                  1.65 |                    0.10 |    366 |    25.3375 |
|        1 |        172 |           858.20 |       856.62 |       859.93 |                  1.61 |                    0.10 |    366 |    25.4280 |
|        1 |        173 |           858.20 |       856.62 |       858.65 |                  2.74 |                    0.10 |    366 |    25.5615 |
|        1 |        174 |           858.20 |       856.62 |       858.49 |                  1.71 |                    0.10 |    366 |    25.6126 |
|        1 |        175 |           858.20 |       856.62 |       866.03 |                  2.60 |                    0.10 |    367 |    25.7138 |
|        1 |        176 |           858.20 |       856.62 |       860.67 |                  3.63 |                    0.10 |    367 |    25.8296 |
|        1 |        177 |           858.20 |       856.62 |       858.20 |                  2.51 |                    0.10 |    367 |    25.9426 |
|        1 |        178 |           858.20 |       856.62 |       858.20 |                  2.19 |                    0.10 |    367 |    26.0158 |
|        1 |        179 |           858.20 |       856.62 |       865.00 |                  2.34 |                    0.10 |    368 |    26.1207 |
|        1 |        180 |           858.20 |       856.62 |       868.90 |                  1.53 |                    0.10 |    369 |    26.1901 |
|        1 |        181 |           858.20 |       856.62 |       867.36 |                  4.65 |                    0.10 |    370 |    26.2950 |
|        1 |        182 |           858.20 |       856.62 |       892.84 |                  5.16 |                    0.10 |    373 |    26.3708 |
|        1 |        183 |           858.20 |       856.62 |       896.21 |                  3.94 |                    0.10 |    375 |    26.5199 |
|        1 |        184 |           858.20 |       856.62 |       870.25 |                 19.34 |                    0.10 |    375 |    26.6532 |
|        1 |        185 |           858.20 |       856.62 |       912.20 |                 11.20 |                    0.10 |    377 |    26.7408 |
|        1 |        186 |           858.20 |       856.62 |       903.90 |                  4.43 |                    0.10 |    380 |    26.8466 |
|        1 |        187 |           858.20 |       856.62 |       865.48 |                  3.64 |                    0.10 |    381 |    26.9936 |
|        1 |        188 |           858.20 |       856.62 |       863.92 |                  3.70 |                    0.10 |    381 |    27.1177 |
|        1 |        189 |           858.20 |       856.62 |       882.08 |                  2.67 |                    0.10 |    385 |    27.2205 |
|        1 |        190 |           858.20 |       856.62 |       881.04 |                  6.46 |                    0.11 |    385 |    27.3205 |
|        1 |        191 |           858.20 |       856.62 |       927.59 |                  5.71 |                    0.10 |    387 |    27.3887 |
|        1 |        192 |           858.20 |       856.62 |       894.40 |                  1.85 |                    0.10 |    390 |    27.5099 |
|        1 |        193 |           858.20 |       856.62 |       889.72 |                  3.74 |                    0.10 |    390 |    27.6551 |
|        1 |        194 |           858.20 |       856.62 |       893.10 |                  2.92 |                    0.10 |    391 |    27.7757 |
|        1 |        195 |           858.20 |       856.62 |       891.20 |                  1.63 |                    0.10 |    392 |    27.8464 |
|        1 |        196 |           858.20 |       856.62 |       888.59 |                  2.34 |                    0.15 |    392 |    27.9573 |
|        1 |        197 |           858.20 |       856.62 |       887.90 |                  3.04 |                    0.10 |    393 |    28.0985 |
|        1 |        198 |           858.20 |       856.62 |       887.90 |                  1.57 |                    0.10 |    393 |    28.1539 |
|        1 |        199 |           858.20 |       856.62 |       863.30 |                  5.54 |                    0.10 |    393 |    28.2814 |
|        1 |        200 |           858.20 |       856.62 |       866.98 |                 14.40 |                    0.10 |    393 |    28.3541 |
|        1 |        201 |           858.20 |       856.62 |       875.20 |                 21.40 |                    0.10 |    393 |    28.4093 |
|        1 |        202 |           858.20 |       856.62 |       897.50 |                  2.28 |                    0.10 |    394 |    28.6839 |
|        1 |        203 |           858.20 |       856.62 |       897.50 |                  1.79 |                    0.10 |    394 |    28.7519 |
|        1 |        204 |           858.20 |       856.62 |       891.41 |                  3.11 |                    0.10 |    394 |    28.8759 |
|        1 |        205 |           858.20 |       856.62 |       892.02 |                  2.68 |                    0.10 |    394 |    28.9882 |
|        1 |        206 |           858.20 |       856.62 |       893.04 |                  3.22 |                    0.10 |    394 |    29.0641 |
|        1 |        207 |           858.20 |       856.62 |       896.22 |                  2.45 |                    0.10 |    394 |    29.1336 |
|        1 |        208 |           858.20 |       856.62 |       881.22 |                  8.11 |                    0.10 |    395 |    29.3380 |
|        1 |        209 |           858.20 |       856.62 |       888.49 |                 14.57 |                    0.10 |    395 |    29.4156 |
|        1 |        210 |           858.20 |       856.62 |       891.50 |                  4.95 |                    0.10 |    398 |    29.5413 |
|        1 |        211 |           858.20 |       856.62 |       871.56 |                  2.89 |                    0.10 |    398 |    29.7003 |
|        1 |        212 |           858.20 |       856.62 |       871.06 |                  7.81 |                    0.10 |    398 |    29.7765 |
|        1 |        213 |           858.20 |       856.62 |       876.02 |                  5.53 |                    0.10 |    398 |    29.8471 |
|        1 |        214 |           858.20 |       856.62 |       888.73 |                 10.54 |                    0.10 |    398 |    29.9302 |
|        1 |        215 |           858.20 |       856.62 |       898.15 |                  8.65 |                    0.10 |    399 |    30.0301 |
|        1 |        216 |           858.20 |       856.62 |       896.65 |                  7.57 |                    0.10 |    399 |    30.1036 |
|        1 |        217 |           858.20 |       856.62 |       896.61 |                 11.12 |                    0.10 |    399 |    30.1751 |
|        1 |        218 |           858.20 |       856.62 |       905.80 |                 17.20 |                    0.10 |    399 |    30.2552 |
|        1 |        219 |           858.20 |       856.62 |       906.10 |                  7.39 |                    0.10 |    400 |    30.3166 |
|        1 |        220 |           858.20 |       856.62 |       906.10 |                  2.40 |                    0.10 |    400 |    30.4378 |
|        1 |        221 |           858.20 |       856.62 |       906.10 |                  1.80 |                    0.10 |    400 |    30.5022 |
|        1 |        222 |           858.20 |       856.62 |       890.31 |                  3.99 |                    0.10 |    400 |    30.6040 |
|        1 |        223 |           858.20 |       856.62 |       899.62 |                  5.64 |                    0.10 |    402 |    30.6810 |
|        1 |        224 |           858.20 |       856.62 |       900.70 |                  9.92 |                    0.10 |    402 |    30.7647 |
|        1 |        225 |           858.20 |       856.62 |       904.62 |                 10.07 |                    0.10 |    402 |    30.8368 |
|        1 |        226 |           858.20 |       856.62 |       904.77 |                  7.35 |                    0.10 |    402 |    30.9211 |
|        1 |        227 |           858.20 |       856.62 |       932.40 |                 17.28 |                    0.10 |    405 |    30.9993 |
|        1 |        228 |           858.20 |       856.62 |       907.70 |                  9.52 |                    0.10 |    406 |    31.0962 |
|        1 |        229 |           858.20 |       856.62 |       867.00 |                  4.38 |                    0.10 |    406 |    31.3547 |
|        1 |        230 |           858.20 |       856.62 |       867.00 |                  2.80 |                    0.10 |    406 |    31.4478 |
|        1 |        231 |           858.20 |       856.62 |       862.24 |                  2.17 |                    0.10 |    406 |    31.6823 |
|        1 |        232 |           858.20 |       856.62 |       861.72 |                  1.85 |                    0.10 |    406 |    31.7904 |
|        1 |        233 |           858.20 |       856.62 |       861.87 |                  1.57 |                    0.10 |    406 |    31.8561 |
|        1 |        234 |           858.20 |       856.62 |       909.63 |                  4.43 |                    0.10 |    409 |    31.9276 |
|        1 |        235 |           858.20 |       856.62 |       913.59 |                  6.06 |                    0.10 |    409 |    32.0050 |
|        1 |        236 |           858.20 |       856.62 |       874.30 |                 16.92 |                    0.10 |    411 |    32.1922 |
|        1 |        237 |           858.20 |       856.62 |       873.70 |                  3.74 |                    0.10 |    411 |    32.3158 |
|        1 |        238 |           858.20 |       856.62 |       869.83 |                  3.80 |                    0.10 |    411 |    32.3743 |
|        1 |        239 |           858.20 |       856.62 |       869.96 |                  3.39 |                    0.10 |    411 |    32.4518 |
|        1 |        240 |           858.20 |       856.62 |       872.88 |                  5.62 |                    0.10 |    412 |    32.5088 |
|        1 |        241 |           858.20 |       856.62 |       872.02 |                  3.94 |                    0.10 |    412 |    32.5868 |
|        1 |        242 |           858.20 |       856.62 |       869.83 |                  5.84 |                    0.10 |    412 |    32.6623 |
|        1 |        243 |           858.20 |       856.62 |       872.03 |                 14.30 |                    0.10 |    412 |    32.7365 |
|        1 |        244 |           858.20 |       856.62 |       884.13 |                  8.89 |                    0.10 |    412 |    32.8145 |
|        1 |        245 |           858.20 |       856.62 |       867.70 |                  1.58 |                    0.10 |    412 |    32.9617 |
|        1 |        246 |           858.20 |       856.62 |       865.04 |                  3.59 |                    0.10 |    412 |    33.0616 |
|        1 |        247 |           858.20 |       856.62 |       867.67 |                  9.70 |                    0.10 |    412 |    33.1313 |
|        1 |        248 |           858.20 |       856.62 |       888.41 |                  4.88 |                    0.10 |    414 |    33.2349 |
|        1 |        249 |           858.20 |       856.62 |       880.28 |                  5.21 |                    0.10 |    414 |    33.3004 |
|        1 |        250 |           858.20 |       856.62 |       871.00 |                  5.54 |                    0.10 |    414 |    33.4140 |
|        1 |        251 |           858.20 |       856.62 |       871.00 |                  2.80 |                    0.10 |    414 |    33.4620 |
|        1 |        252 |           858.20 |       856.62 |       879.50 |                  1.24 |                    0.10 |    415 |    33.5238 |
|        1 |        253 |           858.20 |       856.62 |       879.44 |                  1.78 |                    0.10 |    416 |    33.6169 |
|        1 |        254 |           858.20 |       856.62 |       863.00 |                  1.04 |                    0.10 |    417 |    33.6927 |
|        1 |        255 |           858.20 |       856.62 |       862.92 |                  1.44 |                    0.10 |    418 |    33.7799 |
|        1 |        256 |           858.20 |       856.62 |       859.10 |                  1.83 |                    0.10 |    418 |    33.8537 |
|        1 |        257 |           858.20 |       856.62 |       859.60 |                  1.10 |                    0.10 |    418 |    33.9406 |
|        1 |        258 |           858.20 |       856.62 |       858.87 |                  2.16 |                    0.10 |    418 |    34.0072 |
|        1 |        259 |           858.20 |       856.62 |       858.71 |                  1.56 |                    0.10 |    418 |    34.1282 |
|        1 |        260 |           858.20 |       856.62 |       860.85 |                  1.49 |                    0.10 |    418 |    34.1812 |
|        1 |        261 |           858.20 |       856.62 |       860.85 |                  1.24 |                    0.10 |    418 |    34.2316 |
|        1 |        262 |           858.20 |       856.62 |       860.47 |                  1.72 |                    0.10 |    418 |    34.2908 |
|        1 |        263 |           858.20 |       856.62 |       860.66 |                  2.17 |                    0.10 |    418 |    34.3977 |
|        1 |        264 |           858.20 |       856.62 |       861.10 |                  1.88 |                    0.10 |    418 |    34.4720 |
|        1 |        265 |           858.20 |       856.62 |       890.40 |                  1.24 |                    0.10 |    420 |    34.5315 |
|        1 |        266 |           858.20 |       856.62 |       861.10 |                  3.12 |                    0.10 |    420 |    34.6351 |
|        1 |        267 |           858.20 |       856.62 |       861.10 |                  1.29 |                    0.10 |    420 |    34.7017 |
|        1 |        268 |           858.20 |       856.62 |       861.10 |                  1.69 |                    0.10 |    420 |    34.7735 |
|        1 |        269 |           858.20 |       856.62 |       859.60 |                  1.10 |                    0.10 |    420 |    34.8440 |
|        1 |        270 |           858.20 |       856.62 |       862.32 |                  1.53 |                    0.10 |    420 |    34.9387 |
|        1 |        271 |           858.20 |       856.62 |       862.81 |                  1.53 |                    0.10 |    420 |    35.0512 |
|        1 |        272 |           858.20 |       856.62 |       899.21 |                  1.69 |                    0.10 |    421 |    35.1323 |
|        1 |        273 |           858.20 |       856.62 |       899.30 |                  2.94 |                    0.10 |    421 |    35.1948 |
|        1 |        274 |           858.20 |       856.62 |       904.30 |                  1.69 |                    0.10 |    422 |    35.2497 |
|        1 |        275 |           858.20 |       856.62 |       880.99 |                  3.37 |                    0.24 |    423 |    35.3669 |
|        1 |        276 |           858.20 |       856.62 |       870.50 |                  1.55 |                    0.10 |    423 |    35.4373 |
|        1 |        277 |           858.20 |       856.62 |       870.11 |                  1.13 |                    0.10 |    423 |    35.5185 |
|        1 |        278 |           858.20 |       856.62 |       869.39 |                  1.05 |                    0.10 |    424 |    35.5910 |
|        1 |        279 |           858.20 |       856.62 |       868.49 |                  1.83 |                    0.10 |    424 |    35.6667 |
|        1 |        280 |           858.20 |       856.62 |       869.03 |                  1.97 |                    0.10 |    424 |    35.7444 |
|        1 |        281 |           858.20 |       856.62 |       874.10 |                  1.92 |                    0.10 |    424 |    35.8045 |
|        1 |        282 |           858.20 |       856.62 |       874.10 |                  1.21 |                    0.10 |    424 |    35.8749 |
|        1 |        283 |           858.20 |       856.62 |       870.96 |                  2.46 |                    0.10 |    425 |    36.0055 |
|        1 |        284 |           858.20 |       856.62 |       871.53 |                  2.99 |                    0.10 |    425 |    36.0803 |
|        1 |        285 |           858.20 |       856.62 |       872.27 |                  4.35 |                    0.10 |    425 |    36.1399 |
|        1 |        286 |           858.20 |       856.62 |       873.67 |                  3.02 |                    0.10 |    425 |    36.2123 |
|        1 |        287 |           858.20 |       856.62 |       872.15 |                  5.48 |                    0.10 |    425 |    36.2666 |
|        1 |        288 |           858.20 |       856.62 |       874.75 |                  3.77 |                    0.10 |    425 |    36.3358 |
|        1 |        289 |           858.20 |       856.62 |       872.98 |                 10.40 |                    0.10 |    425 |    36.4083 |
|        1 |        290 |           858.20 |       856.62 |       927.29 |                 20.03 |                    0.10 |    426 |    36.4710 |
|        1 |        291 |           858.20 |       856.62 |       906.60 |                  6.05 |                    0.10 |    428 |    36.5668 |
|        1 |        292 |           858.20 |       856.62 |       883.69 |                  5.01 |                    0.10 |    428 |    36.6838 |
|        1 |        293 |           858.20 |       856.62 |       879.57 |                  3.21 |                    0.10 |    430 |    36.8890 |
|        1 |        294 |           858.20 |       856.62 |       881.10 |                  1.98 |                    0.10 |    432 |    36.9579 |
|        1 |        295 |           858.20 |       856.62 |       898.56 |                  4.10 |                    0.10 |    434 |    37.1239 |
|        1 |        296 |           858.20 |       856.62 |       910.95 |                  6.33 |                    0.10 |    434 |    37.2134 |
|        1 |        297 |           858.20 |       856.62 |       907.15 |                  4.91 |                    0.10 |    438 |    37.2977 |
|        1 |        298 |           858.20 |       856.62 |       904.52 |                  7.27 |                    0.10 |    438 |    37.3811 |
|        1 |        299 |           858.20 |       856.62 |       905.14 |                  3.56 |                    0.10 |    438 |    37.4563 |
|        1 |        300 |           858.20 |       856.62 |       900.68 |                  8.54 |                    0.10 |    438 |    37.5197 |
|        1 |        301 |           858.20 |       856.62 |       916.89 |                  8.00 |                    0.10 |    440 |    37.5919 |
|        1 |        302 |           858.20 |       856.62 |       931.47 |                 10.54 |                    0.10 |    441 |    37.6532 |
|        1 |        303 |           858.20 |       856.62 |       929.10 |                  3.18 |                    0.10 |    446 |    37.7570 |
|        1 |        304 |           858.20 |       856.62 |       909.79 |                  2.72 |                    0.10 |    449 |    37.8324 |
|        1 |        305 |           858.20 |       856.62 |       909.10 |                  3.21 |                    0.10 |    450 |    37.9058 |
|        1 |        306 |           858.20 |       856.62 |       911.71 |                  3.72 |                    0.10 |    451 |    37.9768 |
|        1 |        307 |           858.20 |       856.62 |       915.47 |                  4.89 |                    0.10 |    451 |    38.0494 |
|        1 |        308 |           858.20 |       856.62 |       924.85 |                  7.33 |                    0.10 |    452 |    38.1378 |
|        1 |        309 |           858.20 |       856.62 |       915.90 |                  2.76 |                    0.10 |    452 |    38.2371 |
|        1 |        310 |           858.20 |       856.62 |       922.90 |                  1.78 |                    0.10 |    453 |    38.3218 |
|        1 |        311 |           858.20 |       856.62 |       922.90 |                  3.47 |                    0.10 |    453 |    38.3958 |
|        1 |        312 |           858.20 |       856.62 |       892.58 |                  6.11 |                    0.10 |    454 |    38.5743 |
|        1 |        313 |           858.20 |       856.62 |       905.87 |                  4.24 |                    0.10 |    454 |    38.6446 |
|        1 |        314 |           858.20 |       856.62 |       892.40 |                  3.09 |                    0.10 |    454 |    38.7533 |
|        1 |        315 |           858.20 |       856.62 |       889.70 |                  1.76 |                    0.10 |    456 |    38.8193 |
|        1 |        316 |           858.20 |       856.62 |       878.52 |                  2.43 |                    0.10 |    458 |    38.9172 |
|        1 |        317 |           858.20 |       856.62 |       878.35 |                  5.27 |                    0.10 |    458 |    38.9682 |
|        1 |        318 |           858.20 |       856.62 |       887.15 |                  4.79 |                    0.10 |    458 |    39.0397 |
|        1 |        319 |           858.20 |       856.62 |       908.57 |                 10.93 |                    0.10 |    460 |    39.1161 |
|        1 |        320 |           858.20 |       856.62 |       923.40 |                  5.57 |                    0.10 |    463 |    39.1618 |
|        1 |        321 |           858.20 |       856.62 |       901.70 |                  6.30 |                    0.10 |    466 |    39.2735 |
|        1 |        322 |           858.20 |       856.62 |       901.70 |                  4.55 |                    0.10 |    466 |    39.3551 |
|        1 |        323 |           858.20 |       856.62 |       903.50 |                  2.11 |                    0.10 |    466 |    39.4368 |
|        1 |        324 |           858.20 |       856.62 |       899.54 |                  1.33 |                    0.10 |    466 |    39.5394 |
|        1 |        325 |           858.20 |       856.62 |       893.06 |                  1.59 |                    0.10 |    468 |    39.6593 |
|        1 |        326 |           858.20 |       856.62 |       883.04 |                  2.93 |                    0.10 |    468 |    39.7724 |
|        1 |        327 |           858.20 |       856.62 |       903.59 |                  2.32 |                    0.10 |    469 |    39.8463 |
|        1 |        328 |           858.20 |       856.62 |       902.48 |                  3.48 |                    0.10 |    469 |    39.9158 |
------------------------------------------------------------------------------------------------------------------------------------------------
|  Restart |  Iteration |  Best Feas. Cost |    Best Cost |   Curr. Cost |   Penalty Custom Res. |   Penalty Standard Res. |   Pool |   Time (s) |
------------------------------------------------------------------------------------------------------------------------------------------------
|        1 |        329 |           858.20 |       856.62 |       896.13 |                  3.15 |                    0.10 |    469 |    40.0725 |
|        1 |        330 |           858.20 |       856.62 |       880.70 |                  2.80 |                    0.10 |    473 |    40.3190 |
|        1 |        331 |           858.20 |       856.62 |       905.72 |                  2.54 |                    0.10 |    474 |    40.4398 |
|        1 |        332 |           858.20 |       856.62 |       902.62 |                  1.89 |                    0.10 |    475 |    40.5143 |
|        1 |        333 |           858.20 |       856.62 |       900.15 |                  3.60 |                    0.10 |    475 |    40.5805 |
|        1 |        334 |           858.20 |       856.62 |       872.20 |                  6.68 |                    0.10 |    477 |    40.8826 |
|        1 |        335 |           858.20 |       856.62 |       872.20 |                  5.62 |                    0.10 |    477 |    40.9340 |
|        1 |        336 |           858.20 |       856.62 |       872.20 |                  2.41 |                    0.10 |    477 |    41.0074 |
|        1 |        337 |           858.20 |       856.62 |       872.20 |                  2.66 |                    0.10 |    477 |    41.0655 |
|        1 |        338 |           858.20 |       856.62 |       866.70 |                  1.46 |                    0.10 |    477 |    41.1387 |
|        1 |        339 |           858.20 |       856.62 |       866.48 |                  3.73 |                    0.10 |    478 |    41.2170 |
|        1 |        340 |           858.20 |       856.62 |       861.62 |                  4.00 |                    0.10 |    478 |    41.3421 |
|        1 |        341 |           858.20 |       856.62 |       862.40 |                  3.52 |                    0.10 |    478 |    41.4487 |
|        1 |        342 |           858.20 |       856.62 |       862.40 |                  2.60 |                    0.10 |    478 |    41.5173 |
|        1 |        343 |           858.20 |       856.62 |       872.00 |                  3.35 |                    0.10 |    478 |    41.5895 |
|        1 |        344 |           858.20 |       856.62 |       872.00 |                  1.34 |                    0.10 |    478 |    41.6608 |
|        1 |        345 |           858.20 |       856.62 |       868.30 |                  1.61 |                    0.10 |    479 |    41.7738 |
|        1 |        346 |           858.20 |       856.62 |       865.80 |                  3.16 |                    0.10 |    479 |    41.8293 |
|        1 |        347 |           858.20 |       856.62 |       865.80 |                  2.03 |                    0.10 |    480 |    41.8894 |
|        1 |        348 |           858.20 |       856.62 |       873.80 |                  2.14 |                    0.10 |    483 |    41.9847 |
|        1 |        349 |           858.20 |       856.62 |       869.50 |                  2.82 |                    0.10 |    484 |    42.1606 |
|        1 |        350 |           858.20 |       856.62 |       871.87 |                  5.66 |                    0.10 |    485 |    42.2265 |
|        1 |        351 |           858.20 |       856.62 |       869.00 |                  2.96 |                    0.10 |    485 |    42.3293 |
|        1 |        352 |           858.20 |       856.62 |       869.00 |                  1.35 |                    0.10 |    485 |    42.3887 |
|        1 |        353 |           858.20 |       856.62 |       868.44 |                  1.43 |                    0.10 |    485 |    42.4392 |
|        1 |        354 |           858.20 |       856.62 |       868.56 |                  1.08 |                    0.10 |    485 |    42.5086 |
|        1 |        355 |           858.20 |       856.62 |       868.20 |                  1.91 |                    0.10 |    485 |    42.5820 |
|        1 |        356 |           858.20 |       856.62 |       868.84 |                  3.01 |                    0.10 |    485 |    42.6930 |
|        1 |        357 |           858.20 |       856.62 |       869.00 |                  1.61 |                    0.10 |    485 |    42.7781 |
|        1 |        358 |           858.20 |       856.62 |       869.00 |                  1.06 |                    0.10 |    485 |    42.8340 |
|        1 |        359 |           858.20 |       856.62 |       872.76 |                  2.85 |                    0.10 |    485 |    42.9108 |
|        1 |        360 |           858.20 |       856.62 |       880.33 |                  6.51 |                    0.10 |    487 |    42.9709 |
|        1 |        361 |           858.20 |       856.62 |       904.50 |                  3.12 |                    0.10 |    488 |    43.0381 |
|        1 |        362 |           858.20 |       856.62 |       869.00 |                  1.10 |                    0.10 |    488 |    43.1230 |
|        1 |        363 |           858.20 |       856.62 |       868.13 |                  1.33 |                    0.11 |    489 |    43.2018 |
|        1 |        364 |           858.20 |       856.62 |       868.45 |                  1.49 |                    0.10 |    490 |    43.2741 |
|        1 |        365 |           858.20 |       856.62 |       904.77 |                  1.10 |                    0.10 |    492 |    43.3361 |
|        1 |        366 |           858.20 |       856.62 |       881.30 |                  1.50 |                    0.14 |    494 |    43.5121 |
|        1 |        367 |           858.20 |       856.62 |       880.68 |                  2.17 |                    0.10 |    495 |    43.6358 |
|        1 |        368 |           858.20 |       856.62 |       893.36 |                  5.32 |                    0.10 |    497 |    43.7074 |
|        1 |        369 |           858.20 |       856.62 |       887.12 |                  7.48 |                    0.10 |    499 |    43.8396 |
|        1 |        370 |           858.20 |       856.62 |       900.42 |                  4.38 |                    0.10 |    500 |    43.9167 |
|        1 |        371 |           858.20 |       856.62 |       871.60 |                  1.62 |                    0.10 |    502 |    44.1334 |
|        1 |        372 |           858.20 |       856.62 |       870.72 |                  1.49 |                    0.10 |    502 |    44.2059 |
|        1 |        373 |           858.20 |       856.62 |       901.62 |                  4.53 |                    0.10 |    504 |    44.2829 |
|        1 |        374 |           858.20 |       856.62 |       907.50 |                  5.05 |                    0.10 |    510 |    44.4363 |
|        1 |        375 |           858.20 |       856.62 |       880.50 |                  1.51 |                    0.10 |    511 |    44.5503 |
|        1 |        376 |           858.20 |       856.62 |       878.20 |                  1.33 |                    0.10 |    512 |    44.6641 |
|        1 |        377 |           858.20 |       856.62 |       877.35 |                  1.23 |                    0.10 |    512 |    44.7452 |
|        1 |        378 |           858.20 |       856.62 |       873.18 |                  3.93 |                    0.10 |    513 |    44.8465 |
|        1 |        379 |           858.20 |       856.62 |       882.42 |                  3.98 |                    0.10 |    514 |    44.9453 |
|        1 |        380 |           858.20 |       856.62 |       881.41 |                  6.67 |                    0.10 |    514 |    45.0027 |
|        1 |        381 |           858.20 |       856.62 |       887.95 |                  9.52 |                    0.10 |    514 |    45.0681 |
|        1 |        382 |           858.20 |       856.62 |       887.50 |                  4.93 |                    0.10 |    516 |    45.1722 |
|        1 |        383 |           858.20 |       856.62 |       880.00 |                  3.00 |                    0.10 |    519 |    45.2639 |
|        1 |        384 |           858.20 |       856.62 |       879.70 |                  3.08 |                    0.10 |    519 |    45.3305 |
|        1 |        385 |           858.20 |       856.62 |       879.70 |                  3.67 |                    0.10 |    519 |    45.3915 |
|        1 |        386 |           858.20 |       856.62 |       879.70 |                  2.96 |                    0.10 |    519 |    45.4665 |
|        1 |        387 |           858.20 |       856.62 |       878.27 |                  3.55 |                    0.10 |    520 |    45.5624 |
|        1 |        388 |           858.20 |       856.62 |       876.60 |                  2.69 |                    0.10 |    521 |    45.6682 |
|        1 |        389 |           858.20 |       856.62 |       876.60 |                  3.31 |                    0.10 |    521 |    45.7292 |
|        1 |        390 |           858.20 |       856.62 |       888.90 |                  1.88 |                    0.10 |    522 |    45.7990 |
|        1 |        391 |           858.20 |       856.62 |       893.17 |                  2.79 |                    0.10 |    522 |    45.8775 |
|        1 |        392 |           858.20 |       856.62 |       896.23 |                  1.62 |                    0.10 |    522 |    45.9332 |
|        1 |        393 |           858.20 |       856.62 |       890.75 |                  3.05 |                    0.10 |    522 |    46.0113 |
|        1 |        394 |           858.20 |       856.62 |       896.83 |                  5.43 |                    0.10 |    522 |    46.0750 |
|        1 |        395 |           858.20 |       856.62 |       903.21 |                  3.81 |                    0.10 |    522 |    46.1238 |
|        1 |        396 |           858.20 |       856.62 |       897.86 |                  3.27 |                    0.10 |    523 |    46.3014 |
|        1 |        397 |           858.20 |       856.62 |       925.01 |                  6.24 |                    0.10 |    524 |    46.3646 |
|        1 |        398 |           858.20 |       856.62 |       917.40 |                  4.88 |                    0.10 |    525 |    46.4322 |
|        1 |        399 |           858.20 |       856.62 |       892.86 |                  5.58 |                    0.11 |    527 |    46.5392 |
|        1 |        400 |           858.20 |       856.62 |       886.10 |                  4.07 |                    0.10 |    528 |    46.7582 |
|        1 |        401 |           858.20 |       856.62 |       884.80 |                  3.22 |                    0.10 |    528 |    46.8301 |
|        1 |        402 |           858.20 |       856.62 |       884.80 |                  2.47 |                    0.10 |    528 |    46.9071 |
|        1 |        403 |           858.20 |       856.62 |       879.70 |                  2.95 |                    0.10 |    528 |    46.9729 |
|        1 |        404 |           858.20 |       856.62 |       892.87 |                  2.99 |                    0.10 |    529 |    47.0418 |
|        1 |        405 |           858.20 |       856.62 |       888.98 |                  2.93 |                    0.10 |    529 |    47.2075 |
|        1 |        406 |           858.20 |       856.62 |       890.29 |                  2.43 |                    0.10 |    529 |    47.2855 |
|        1 |        407 |           858.20 |       856.62 |       891.80 |                  1.19 |                    0.10 |    529 |    47.3495 |
|        1 |        408 |           858.20 |       856.62 |       889.40 |                  1.84 |                    0.10 |    529 |    47.4181 |
|        1 |        409 |           858.20 |       856.62 |       875.50 |                  1.98 |                    0.10 |    531 |    47.4868 |
|        1 |        410 |           858.20 |       856.62 |       875.50 |                  1.16 |                    0.10 |    531 |    47.5741 |
|        1 |        411 |           858.20 |       856.62 |       874.82 |                  2.49 |                    0.20 |    531 |    47.6287 |
|        1 |        412 |           858.20 |       856.62 |       875.50 |                  2.01 |                    0.10 |    531 |    47.6982 |
|        1 |        413 |           858.20 |       856.62 |       875.50 |                  4.11 |                    0.10 |    531 |    47.7710 |
|        1 |        414 |           858.20 |       856.62 |       872.00 |                  1.89 |                    0.10 |    531 |    47.8565 |
|        1 |        415 |           858.20 |       856.62 |       866.40 |                  3.09 |                    0.10 |    531 |    47.9589 |
|        1 |        416 |           858.20 |       856.62 |       867.50 |                  2.20 |                    0.10 |    531 |    48.0979 |
|        1 |        417 |           858.20 |       856.62 |       867.50 |                  1.54 |                    0.10 |    531 |    48.1754 |
|        1 |        418 |           858.20 |       856.62 |       866.69 |                  3.12 |                    0.10 |    531 |    48.2356 |
|        1 |        419 |           858.20 |       856.62 |       865.70 |                  1.74 |                    0.10 |    531 |    48.3005 |
|        1 |        420 |           858.20 |       856.62 |       861.76 |                  1.84 |                    0.10 |    531 |    48.5422 |
|        1 |        421 |           858.20 |       856.62 |       861.89 |                  2.39 |                    0.10 |    531 |    48.6187 |
|        1 |        422 |           858.20 |       856.62 |       891.10 |                  2.50 |                    0.10 |    534 |    48.6921 |
|        1 |        423 |           858.20 |       856.62 |       862.63 |                  4.01 |                    0.10 |    534 |    48.7887 |
|        1 |        424 |           858.20 |       856.62 |       863.90 |                  2.25 |                    0.10 |    534 |    48.8831 |
|        1 |        425 |           858.20 |       856.62 |       861.41 |                  2.76 |                    0.10 |    534 |    49.0126 |
|        1 |        426 |           858.20 |       856.62 |       862.40 |                  3.18 |                    0.10 |    534 |    49.1029 |
|        1 |        427 |           858.20 |       856.62 |       862.40 |                  1.24 |                    0.10 |    534 |    49.1690 |
|        1 |        428 |           858.20 |       856.62 |       861.00 |                  1.95 |                    0.10 |    534 |    49.2326 |
|        1 |        429 |           858.20 |       856.62 |       864.45 |                  4.58 |                    0.10 |    534 |    49.2958 |
|        1 |        430 |           858.20 |       856.62 |       864.90 |                  2.48 |                    0.10 |    534 |    49.3590 |
|        1 |        431 |           858.20 |       856.62 |       862.36 |                  1.86 |                    0.10 |    534 |    49.4871 |
|        1 |        432 |           858.20 |       856.62 |       861.70 |                  3.80 |                    0.10 |    534 |    49.5605 |
|        1 |        433 |           858.20 |       856.62 |       863.70 |                  4.22 |                    0.10 |    534 |    49.6308 |
|        1 |        434 |           858.20 |       856.62 |       865.80 |                  3.11 |                    0.10 |    534 |    49.6939 |
|        1 |        435 |           858.20 |       856.62 |       865.80 |                  1.68 |                    0.10 |    534 |    49.7503 |
|        1 |        436 |           858.20 |       856.62 |       878.57 |                  1.81 |                    0.10 |    534 |    49.8141 |
|        1 |        437 |           858.20 |       856.62 |       865.80 |                  2.53 |                    0.10 |    534 |    49.8992 |
|        1 |        438 |           858.20 |       856.62 |       865.80 |                  1.22 |                    0.10 |    534 |    49.9591 |
|        1 |        439 |           858.20 |       856.62 |       861.65 |                  1.91 |                    0.10 |    534 |    50.0973 |
|        1 |        440 |           858.20 |       856.62 |       862.40 |                  3.63 |                    0.10 |    534 |    50.1862 |
|        1 |        441 |           858.20 |       856.62 |       868.90 |                  1.56 |                    0.10 |    534 |    50.2576 |
|        1 |        442 |           858.20 |       856.62 |       863.90 |                  1.46 |                    0.10 |    534 |    50.3213 |
|        1 |        443 |           858.20 |       856.62 |       863.90 |                  1.64 |                    0.10 |    534 |    50.4025 |
|        1 |        444 |           858.20 |       856.62 |       876.79 |                  1.13 |                    0.10 |    536 |    50.4809 |
|        1 |        445 |           858.20 |       856.62 |       866.21 |                  2.04 |                    0.10 |    536 |    50.5685 |
|        1 |        446 |           858.20 |       856.62 |       866.40 |                  2.53 |                    0.10 |    536 |    50.6445 |
|        1 |        447 |           858.20 |       856.62 |       867.00 |                  0.98 |                    0.10 |    537 |    50.7763 |
|        1 |        448 |           858.20 |       856.62 |       866.10 |                  2.52 |                    0.10 |    537 |    50.8566 |
|        1 |        449 |           858.20 |       856.62 |       867.00 |                  2.20 |                    0.10 |    537 |    50.9232 |
|        1 |        450 |           858.20 |       856.62 |       867.00 |                  1.44 |                    0.10 |    537 |    51.0109 |
|        1 |        451 |           858.20 |       856.62 |       863.46 |                  3.01 |                    0.10 |    537 |    51.1548 |
|        1 |        452 |           858.20 |       856.62 |       865.03 |                  6.54 |                    0.10 |    537 |    51.2191 |
|        1 |        453 |           858.20 |       856.62 |       864.20 |                  2.34 |                    0.10 |    537 |    51.3225 |
|        1 |        454 |           858.20 |       856.62 |       864.20 |                  2.76 |                    0.10 |    537 |    51.4100 |
|        1 |        455 |           858.20 |       856.62 |       864.20 |                  6.11 |                    0.10 |    537 |    51.4817 |
|        1 |        456 |           858.20 |       856.62 |       878.22 |                 14.08 |                    0.10 |    538 |    51.5453 |
|        1 |        457 |           858.20 |       856.62 |       886.66 |                  7.10 |                    0.10 |    538 |    51.6092 |
|        1 |        458 |           858.20 |       856.62 |       900.50 |                  2.65 |                    0.10 |    542 |    51.6825 |
|        1 |        459 |           858.20 |       856.62 |       888.73 |                  3.12 |                    0.10 |    543 |    51.8068 |
|        1 |        460 |           858.20 |       856.62 |       891.18 |                  7.85 |                    0.10 |    543 |    51.8895 |
|        1 |        461 |           858.20 |       856.62 |       874.50 |                  3.30 |                    0.10 |    544 |    51.9796 |
|        1 |        462 |           858.20 |       856.62 |       873.20 |                  1.78 |                    0.10 |    544 |    52.0651 |
|        1 |        463 |           858.20 |       856.62 |       873.12 |                  3.20 |                    0.10 |    544 |    52.1382 |
|        1 |        464 |           858.20 |       856.62 |       873.20 |                  2.20 |                    0.10 |    544 |    52.1966 |
|        1 |        465 |           858.20 |       856.62 |       876.30 |                  1.51 |                    0.10 |    544 |    52.2640 |
|        1 |        466 |           858.20 |       856.62 |       872.70 |                  1.93 |                    0.10 |    544 |    52.3239 |
|        1 |        467 |           858.20 |       856.62 |       873.41 |                  1.58 |                    0.10 |    545 |    52.4808 |
|        1 |        468 |           858.20 |       856.62 |       867.07 |                  1.97 |                    0.10 |    546 |    52.6044 |
|        1 |        469 |           858.20 |       856.62 |       868.80 |                  1.25 |                    0.10 |    549 |    52.6725 |
|        1 |        470 |           858.20 |       856.62 |       865.88 |                  2.41 |                    0.10 |    549 |    52.7474 |
|        1 |        471 |           858.20 |       856.62 |       868.93 |                  2.30 |                    0.10 |    549 |    52.8164 |
|        1 |        472 |           858.20 |       856.62 |       868.87 |                  3.10 |                    0.10 |    549 |    52.8666 |
|        1 |        473 |           858.20 |       856.62 |       869.50 |                  3.47 |                    0.10 |    549 |    52.9351 |
|        1 |        474 |           858.20 |       856.62 |       878.80 |                  1.91 |                    0.10 |    551 |    53.0163 |
|        1 |        475 |           858.20 |       856.62 |       866.40 |                  1.48 |                    0.10 |    551 |    53.1185 |
|        1 |        476 |           858.20 |       856.62 |       859.29 |                  4.69 |                    0.10 |    553 |    53.1955 |
|        1 |        477 |           858.20 |       856.62 |       864.86 |                  6.96 |                    0.10 |    553 |    53.2606 |
|        1 |        478 |           858.20 |       856.62 |       867.87 |                  3.17 |                    0.10 |    554 |    53.3398 |
|        1 |        479 |           858.20 |       856.62 |       892.30 |                  2.38 |                    0.10 |    557 |    53.4731 |
|        1 |        480 |           858.20 |       856.62 |       892.30 |                  1.24 |                    0.10 |    557 |    53.5205 |
|        1 |        481 |           858.20 |       856.62 |       894.10 |                  0.72 |                    0.10 |    559 |    53.5788 |
|        1 |        482 |           858.20 |       856.62 |       894.10 |                  0.90 |                    0.10 |    559 |    53.6423 |
|        1 |        483 |           858.20 |       856.62 |       885.78 |                  2.68 |                    0.10 |    561 |    53.7315 |
|        1 |        484 |           858.20 |       856.62 |       875.30 |                  1.99 |                    0.10 |    562 |    53.8847 |
|        1 |        485 |           858.20 |       856.62 |       877.80 |                  1.54 |                    0.10 |    562 |    53.9430 |
|        1 |        486 |           858.20 |       856.62 |       877.80 |                  1.85 |                    0.10 |    563 |    54.0089 |
|        1 |        487 |           858.20 |       856.62 |       893.27 |                  1.27 |                    0.10 |    563 |    54.1826 |
|        1 |        488 |           858.20 |       856.62 |       892.91 |                  1.65 |                    0.10 |    563 |    54.2567 |
|        1 |        489 |           858.20 |       856.62 |       892.40 |                  2.24 |                    0.10 |    563 |    54.3304 |
|        1 |        490 |           858.20 |       856.62 |       884.49 |                  2.53 |                    0.10 |    563 |    54.4038 |
|        1 |        491 |           858.20 |       856.62 |       885.63 |                  2.33 |                    0.10 |    564 |    54.4703 |
|        1 |        492 |           858.20 |       856.62 |       872.23 |                  4.41 |                    0.10 |    564 |    54.6005 |
|        1 |        493 |           858.20 |       856.62 |       887.61 |                  4.67 |                    0.10 |    564 |    54.6564 |
|        1 |        494 |           858.20 |       856.62 |       888.91 |                  4.78 |                    0.10 |    564 |    54.7319 |
|        1 |        495 |           858.20 |       856.62 |       888.21 |                  3.94 |                    0.10 |    564 |    54.7946 |
|        1 |        496 |           858.20 |       856.62 |       884.72 |                  2.31 |                    0.10 |    564 |    54.8501 |
|        1 |        497 |           858.20 |       856.62 |       882.34 |                  7.92 |                    0.10 |    564 |    54.9329 |
|        1 |        498 |           858.20 |       856.62 |       894.45 |                  4.02 |                    0.10 |    564 |    55.0683 |
|        1 |        499 |           858.20 |       856.62 |       893.50 |                  1.83 |                    0.10 |    564 |    55.1665 |
|        1 |        500 |           858.20 |       856.62 |       891.16 |                  3.35 |                    0.10 |    564 |    55.2144 |
------------------------------------------------------------------------------------------------------------------------------------------------
Version identifier: 22.1.2.0 | 2024-11-26 | 0edbb82fd
CPXPARAM_MIP_Tolerances_UpperCutoff              858.30000000000655
Tried aggregator 1 time.
MIP Presolve eliminated 9 rows and 80 columns.
MIP Presolve modified 327 coefficients.
Reduced MIP has 92 rows, 482 columns, and 5531 nonzeros.
Reduced MIP has 482 binaries, 0 generals, 0 SOSs, and 0 indicators.
Presolve time = 0.00 sec. (6.41 ticks)
Probing fixed 22 vars, tightened 0 bounds.
Probing time = 0.00 sec. (6.58 ticks)
Tried aggregator 1 time.
Detecting symmetries...
MIP Presolve eliminated 2 rows and 24 columns.
Reduced MIP has 90 rows, 458 columns, and 5133 nonzeros.
Reduced MIP has 458 binaries, 0 generals, 0 SOSs, and 0 indicators.
Presolve time = 0.00 sec. (3.61 ticks)
Probing time = 0.00 sec. (2.38 ticks)
Clique table members: 655.
MIP emphasis: balance optimality and feasibility.
MIP search method: dynamic search.
Parallel mode: deterministic, using up to 8 threads.
Root relaxation solution time = 0.00 sec. (2.88 ticks)

        Nodes                                         Cuts/
   Node  Left     Objective  IInf  Best Integer    Best Bound    ItCnt     Gap

      0     0      857.7333    11                    857.7333      142         
*     0+    0                          857.9000      857.7333             0.02%
      0     0        cutoff            857.9000      857.7333      143    0.02%
Elapsed time = 0.02 sec. (28.37 ticks, tree = 0.01 MB, solutions = 1)
objective_value(sp) = 857.9000000000001
 58.560039 seconds (6.88 M allocations: 342.858 MiB, 0.13% gc time, 6.36% compilation time)
#1: 0 (0.0) {465.5} -> 6 (3.0) {476.6} [345.0, 585.0] -> 96 (14.0) {490.8} [0.0, 974.0] -> 99 (23.0) {503.0} [263.0, 503.0] -> 5 (49.0) {519.4} [0.0, 969.0] -> 84 (56.0) {533.5} [354.0, 594.0] -> 17 (58.0) {682.0} [682.0, 922.0] -> 86 (93.0) {704.0} [0.0, 954.0] -> 16 (112.0) {720.3} [0.0, 960.0] -> 61 (125.0) {734.7} [0.0, 964.0] -> 85 (166.0) {749.1} [0.0, 966.0] -> 91 (167.0) {762.2} [0.0, 964.0] -> 100 (184.0) {775.3} [725.0, 965.0] -> 37 (192.0) {788.1} [0.0, 968.0] -> 98 (202.0) {799.5} [0.0, 968.0] -> 93 (224.0) {812.6} [729.0, 969.0] -> 59 (252.0) {825.6} [0.0, 972.0] -> 95 (272.0) {839.6} [0.0, 975.0] -> 13 (295.0) {854.6} [639.0, 879.0] -> 58 (313.0) {870.6} [740.0, 980.0] -> 0 (313.0) {889.6} [0.0, 1000.0]
#2: 0 (0.0) {196.59999999999997} -> 94 (27.0) {208.6} [0.0, 977.0] -> 92 (29.0) {225.0} [18.0, 258.0] -> 97 (41.0) {238.1} [0.0, 972.0] -> 42 (46.0) {257.1} [25.0, 265.0] -> 14 (66.0) {276.3} [0.0, 957.0] -> 44 (84.0) {291.9} [167.0, 407.0] -> 38 (100.0) {312.7} [234.0, 474.0] -> 43 (107.0) {340.8} [0.0, 955.0] -> 15 (115.0) {358.0} [118.0, 358.0] -> 57 (122.0) {375.2} [0.0, 966.0] -> 87 (148.0) {392.4} [314.0, 554.0] -> 2 (155.0) {409.4} [0.0, 972.0] -> 40 (164.0) {428.8} [279.0, 519.0] -> 53 (178.0) {445.5} [332.0, 572.0] -> 0 (178.0) {459.9} [0.0, 1000.0]
#3: 0 (0.0) {228.5} -> 26 (17.0) {239.6} [0.0, 978.0] -> 39 (48.0) {273.0} [33.0, 273.0] -> 67 (73.0) {292.8} [228.0, 468.0] -> 23 (102.0) {314.8} [146.0, 386.0] -> 56 (108.0) {519.0} [519.0, 759.0] -> 75 (126.0) {533.1} [0.0, 962.0] -> 41 (131.0) {551.1} [334.0, 574.0] -> 22 (149.0) {565.3} [332.0, 572.0] -> 74 (157.0) {622.0} [622.0, 862.0] -> 72 (182.0) {635.1} [0.0, 967.0] -> 73 (191.0) {648.2} [0.0, 969.0] -> 21 (202.0) {661.3} [0.0, 971.0] -> 0 (202.0) {689.3} [0.0, 1000.0]
#4: 0 (0.0) {426.3} -> 28 (16.0) {432.6} [0.0, 983.0] -> 76 (29.0) {452.0} [212.0, 452.0] -> 3 (42.0) {468.7} [0.0, 967.0] -> 79 (65.0) {482.3} [307.0, 547.0] -> 78 (68.0) {497.9} [322.0, 562.0] -> 81 (94.0) {514.2} [0.0, 962.0] -> 9 (110.0) {530.2} [329.0, 569.0] -> 35 (118.0) {630.0} [630.0, 870.0] -> 34 (132.0) {650.1} [0.0, 953.0] -> 29 (141.0) {673.1} [0.0, 960.0] -> 24 (144.0) {690.1} [0.0, 960.0] -> 55 (146.0) {712.2} [560.0, 800.0] -> 25 (152.0) {725.8} [716.0, 956.0] -> 4 (171.0) {745.8} [620.0, 860.0] -> 54 (189.0) {765.0} [0.0, 967.0] -> 80 (195.0) {783.0} [728.0, 968.0] -> 68 (231.0) {795.0} [575.0, 815.0] -> 77 (245.0) {810.0} [730.0, 970.0] -> 12 (264.0) {828.5} [0.0, 975.0] -> 0 (264.0) {853.5} [0.0, 1000.0]
#5: 0 (0.0) {194.1} -> 50 (13.0) {211.0} [0.0, 973.0] -> 33 (24.0) {228.8} [24.0, 264.0] -> 51 (34.0) {246.0} [0.0, 963.0] -> 71 (49.0) {268.8} [0.0, 950.0] -> 65 (69.0) {289.0} [49.0, 289.0] -> 66 (94.0) {523.0} [523.0, 763.0] -> 20 (103.0) {541.9} [0.0, 958.0] -> 32 (126.0) {562.6} [0.0, 956.0] -> 90 (129.0) {577.0} [0.0, 957.0] -> 63 (139.0) {591.4} [0.0, 955.0] -> 10 (155.0) {610.8} [485.0, 725.0] -> 31 (182.0) {628.8} [0.0, 972.0] -> 0 (182.0) {656.2} [0.0, 1000.0]
#6: 0 (0.0) {166.70000000000005} -> 89 (15.0) {175.7} [0.0, 981.0] -> 60 (18.0) {194.7} [0.0, 971.0] -> 83 (29.0) {208.9} [0.0, 968.0] -> 45 (45.0) {226.9} [29.0, 269.0] -> 46 (46.0) {247.6} [0.0, 954.0] -> 36 (51.0) {269.6} [41.0, 281.0] -> 47 (78.0) {286.8} [0.0, 955.0] -> 48 (114.0) {303.2} [0.0, 962.0] -> 7 (119.0) {320.4} [0.0, 968.0] -> 88 (128.0) {336.7} [214.0, 454.0] -> 62 (147.0) {353.0} [113.0, 353.0] -> 11 (159.0) {371.0} [146.0, 386.0] -> 64 (168.0) {394.0} [154.0, 394.0] -> 49 (198.0) {416.7} [401.0, 641.0] -> 19 (215.0) {438.7} [0.0, 957.0] -> 82 (231.0) {461.7} [0.0, 966.0] -> 8 (240.0) {478.1} [323.0, 563.0] -> 18 (252.0) {498.5} [0.0, 974.0] -> 52 (261.0) {516.1} [0.0, 978.0] -> 0 (261.0) {537.4} [0.0, 1000.0]
#7: 0 (0.0) {295.0} -> 27 (16.0) {300.0} [60.0, 300.0] -> 69 (22.0) {317.2} [108.0, 348.0] -> 1 (32.0) {331.6} [0.0, 974.0] -> 30 (53.0) {352.6} [187.0, 427.0] -> 70 (58.0) {728.0} [728.0, 968.0] -> 0 (58.0) {759.0} [0.0, 1000.0]

Dist: 857.9000000000001. Cost: 857.9000000000001

Root node processing (before b&c):
  Real time             =    0.02 sec. (28.38 ticks)
Parallel b&c, 8 threads:
  Real time             =    0.00 sec. (0.21 ticks)
  Sync time (average)   =    0.00 sec.
  Wait time (average)   =    0.00 sec.
                          ------------
Total (root+branch&cut) =    0.03 sec. (28.59 ticks)
