Solving...
------------------------------------------------------------------------------------------------------------------------------------------------
|  Restart |  Iteration |  Best Feas. Cost |    Best Cost |   Curr. Cost |   Penalty Custom Res. |   Penalty Standard Res. |   Pool |   Time (s) |
------------------------------------------------------------------------------------------------------------------------------------------------
|        1 |          1 |              Inf |      1230.01 |      1230.01 |                  8.24 |                    0.21 |     60 |     0.3379 |
|        1 |          2 |              Inf |      1230.01 |      1239.16 |                  9.15 |                    0.10 |     62 |     0.8137 |
|        1 |          0 |          1205.00 |      1205.00 |      1205.00 |                  5.08 |                    0.10 |     71 |     0.9378 |
|        1 |          0 |          1203.40 |      1203.40 |      1203.40 |                  8.18 |                    0.18 |     72 |     0.9921 |
|        1 |          1 |          1203.40 |      1200.65 |      1200.65 |                  9.07 |                    0.11 |     75 |     1.0822 |
|        1 |          2 |          1203.40 |      1200.65 |      1213.53 |                 10.81 |                    0.10 |     77 |     1.1617 |
|        1 |          3 |          1203.40 |      1200.65 |      1218.50 |                  8.72 |                    0.14 |     86 |     1.2467 |
|        1 |          0 |          1192.60 |      1192.60 |      1192.60 |                 20.61 |                    0.20 |     91 |     1.3986 |
|        1 |          0 |          1185.70 |      1185.70 |      1185.70 |                 13.50 |                    0.19 |     97 |     1.6063 |
|        1 |          1 |          1185.70 |      1185.70 |      1187.60 |                  9.20 |                    0.13 |    100 |     1.6595 |
|        1 |          0 |          1178.80 |      1178.80 |      1178.80 |                  8.83 |                    0.14 |    108 |     1.8245 |
|        1 |          1 |          1178.80 |      1178.80 |      1178.80 |                 10.02 |                    0.10 |    108 |     1.8854 |
|        1 |          2 |          1178.80 |      1161.42 |      1161.42 |                 15.61 |                    0.21 |    112 |     1.9776 |
|        1 |          0 |          1166.90 |      1161.42 |      1166.90 |                 10.37 |                    0.10 |    114 |     2.1067 |
|        1 |          0 |          1160.50 |      1160.50 |      1160.50 |                 13.23 |                    0.13 |    114 |     2.1993 |
|        1 |          1 |          1160.50 |      1160.50 |      1168.20 |                  7.90 |                    0.11 |    116 |     2.2882 |
|        1 |          2 |          1160.50 |      1148.32 |      1148.32 |                  8.10 |                    0.11 |    117 |     2.3619 |
|        1 |          3 |          1160.50 |      1148.32 |      1163.28 |                 10.56 |                    0.12 |    120 |     2.4297 |
|        1 |          4 |          1160.50 |      1148.32 |      1187.90 |                  7.03 |                    0.10 |    122 |     2.5232 |
|        1 |          5 |          1160.50 |      1148.32 |      1179.15 |                 17.88 |                    0.27 |    123 |     2.6198 |
|        1 |          6 |          1160.50 |      1148.32 |      1187.60 |                 11.34 |                    0.14 |    125 |     2.6890 |
|        1 |          7 |          1160.50 |      1148.32 |      1183.84 |                  7.63 |                    0.10 |    125 |     2.7891 |
|        1 |          8 |          1160.50 |      1148.32 |      1179.00 |                  7.36 |                    0.11 |    127 |     2.8766 |
|        1 |          9 |          1160.50 |      1148.32 |      1174.99 |                  6.43 |                    0.11 |    128 |     2.9466 |
|        1 |         10 |          1160.50 |      1148.32 |      1174.63 |                 10.55 |                    0.15 |    128 |     3.0208 |
|        1 |         11 |          1160.50 |      1148.32 |      1179.21 |                  8.49 |                    0.10 |    128 |     3.1202 |
|        1 |         12 |          1160.50 |      1148.32 |      1180.77 |                 10.43 |                    0.10 |    128 |     3.1964 |
|        1 |         13 |          1160.50 |      1148.32 |      1177.74 |                 10.76 |                    0.10 |    129 |     3.3209 |
|        1 |         14 |          1160.50 |      1148.32 |      1181.91 |                 10.46 |                    0.10 |    129 |     3.4457 |
|        1 |         15 |          1160.50 |      1148.32 |      1201.10 |                 11.28 |                    0.13 |    132 |     3.5180 |
|        1 |         16 |          1160.50 |      1148.32 |      1196.38 |                 14.97 |                    0.15 |    132 |     3.6200 |
|        1 |         17 |          1160.50 |      1148.32 |      1194.24 |                 25.33 |                    0.23 |    136 |     3.8576 |
|        1 |         18 |          1160.50 |      1148.32 |      1192.30 |                 13.70 |                    0.12 |    137 |     3.9221 |
|        1 |         19 |          1160.50 |      1148.32 |      1182.60 |                  8.52 |                    0.10 |    139 |     3.9993 |
|        1 |         20 |          1160.50 |      1148.32 |      1177.65 |                 11.31 |                    0.15 |    140 |     4.0915 |
|        1 |         21 |          1160.50 |      1148.32 |      1177.93 |                 11.37 |                    0.10 |    140 |     4.1541 |
|        1 |         22 |          1160.50 |      1148.32 |      1178.39 |                  6.91 |                    0.10 |    140 |     4.2616 |
|        1 |         23 |          1160.50 |      1148.32 |      1185.68 |                 12.78 |                    0.18 |    143 |     4.3410 |
|        1 |         24 |          1160.50 |      1148.32 |      1189.60 |                 13.64 |                    0.13 |    144 |     4.4211 |
|        1 |         25 |          1160.50 |      1148.32 |      1189.60 |                  7.75 |                    0.10 |    144 |     4.4914 |
|        1 |         26 |          1160.50 |      1148.32 |      1186.72 |                 10.83 |                    0.10 |    144 |     4.5685 |
|        1 |         27 |          1160.50 |      1148.32 |      1184.00 |                 11.34 |                    0.10 |    145 |     4.7666 |
|        1 |         28 |          1160.50 |      1148.32 |      1183.46 |                 10.00 |                    0.10 |    146 |     4.8570 |
|        1 |         29 |          1160.50 |      1148.32 |      1180.50 |                  6.00 |                    0.10 |    147 |     5.0151 |
|        1 |         30 |          1160.50 |      1148.32 |      1180.16 |                  7.52 |                    0.10 |    149 |     5.0912 |
|        1 |         31 |          1160.50 |      1148.32 |      1181.92 |                  8.96 |                    0.10 |    149 |     5.1587 |
|        1 |         32 |          1160.50 |      1148.32 |      1185.81 |                 17.08 |                    0.16 |    149 |     5.2345 |
|        1 |         33 |          1160.50 |      1148.32 |      1202.40 |                  6.77 |                    0.10 |    153 |     5.3162 |
|        1 |         34 |          1160.50 |      1148.32 |      1194.56 |                 11.44 |                    0.18 |    155 |     5.4023 |
|        1 |         35 |          1160.50 |      1148.32 |      1167.76 |                  7.30 |                    0.11 |    157 |     5.5242 |
|        1 |         36 |          1160.50 |      1148.32 |      1164.01 |                  8.36 |                    0.13 |    157 |     5.6041 |
|        1 |         37 |          1160.50 |      1148.32 |      1161.31 |                 15.30 |                    0.16 |    157 |     5.6822 |
|        1 |         38 |          1160.50 |      1148.32 |      1171.97 |                 12.95 |                    0.14 |    159 |     5.7828 |
|        1 |         39 |          1160.50 |      1148.32 |      1180.92 |                  8.45 |                    0.10 |    161 |     5.8984 |
|        1 |         40 |          1160.50 |      1148.32 |      1168.89 |                  7.02 |                    0.10 |    161 |     5.9782 |
|        1 |         41 |          1160.50 |      1148.32 |      1162.54 |                 10.52 |                    0.14 |    161 |     6.0602 |
|        1 |         42 |          1160.50 |      1148.32 |      1191.70 |                  7.37 |                    0.10 |    165 |     6.1433 |
|        1 |         43 |          1160.50 |      1148.32 |      1176.16 |                 10.10 |                    0.10 |    165 |     6.2158 |
|        1 |         44 |          1160.50 |      1148.32 |      1202.60 |                 10.67 |                    0.10 |    168 |     6.2919 |
|        1 |         45 |          1160.50 |      1148.32 |      1204.14 |                  9.40 |                    0.12 |    171 |     6.3984 |
|        1 |         46 |          1160.50 |      1148.32 |      1193.80 |                  9.24 |                    0.10 |    178 |     6.6440 |
|        1 |         47 |          1160.50 |      1148.32 |      1186.28 |                 12.49 |                    0.20 |    182 |     6.7771 |
|        1 |         48 |          1160.50 |      1148.32 |      1191.10 |                 14.47 |                    0.23 |    182 |     6.8313 |
|        1 |         49 |          1160.50 |      1148.32 |      1184.27 |                  9.24 |                    0.10 |    185 |     6.9536 |
|        1 |         50 |          1160.50 |      1148.32 |      1185.23 |                 10.56 |                    0.10 |    189 |     7.0547 |
|        1 |         51 |          1160.50 |      1148.32 |      1189.34 |                  5.48 |                    0.10 |    189 |     7.1374 |
|        1 |         52 |          1160.50 |      1148.32 |      1179.93 |                  8.14 |                    0.12 |    192 |     7.2382 |
|        1 |         53 |          1160.50 |      1148.32 |      1182.67 |                 10.78 |                    0.10 |    194 |     7.3964 |
|        1 |         54 |          1160.50 |      1148.32 |      1184.20 |                  7.12 |                    0.10 |    194 |     7.4662 |
|        1 |         55 |          1160.50 |      1148.32 |      1177.63 |                 10.76 |                    0.10 |    199 |     7.5611 |
|        1 |         56 |          1160.50 |      1148.32 |      1179.90 |                  8.09 |                    0.10 |    200 |     7.6428 |
|        1 |         57 |          1160.50 |      1148.32 |      1180.30 |                  9.25 |                    0.13 |    200 |     7.7305 |
|        1 |         58 |          1160.50 |      1148.32 |      1175.02 |                 12.15 |                    0.20 |    200 |     7.8299 |
|        1 |         59 |          1160.50 |      1148.32 |      1179.60 |                  7.94 |                    0.13 |    200 |     7.8964 |
|        1 |         60 |          1160.50 |      1148.32 |      1190.54 |                  8.06 |                    0.10 |    202 |     7.9779 |
|        1 |         61 |          1160.50 |      1148.32 |      1190.42 |                 15.98 |                    0.19 |    205 |     8.0705 |
|        1 |         62 |          1160.50 |      1148.32 |      1183.53 |                 10.83 |                    0.10 |    208 |     8.2071 |
|        1 |         63 |          1160.50 |      1148.32 |      1187.09 |                 10.76 |                    0.10 |    208 |     8.3108 |
|        1 |         64 |          1160.50 |      1148.32 |      1187.20 |                 10.08 |                    0.11 |    208 |     8.3811 |
|        1 |         65 |          1160.50 |      1148.32 |      1192.40 |                  9.07 |                    0.11 |    209 |     8.4681 |
|        1 |         66 |          1160.50 |      1148.32 |      1196.32 |                  6.35 |                    0.11 |    211 |     8.5684 |
|        1 |         67 |          1160.50 |      1148.32 |      1194.57 |                  9.90 |                    0.15 |    214 |     8.6439 |
|        1 |         68 |          1160.50 |      1148.32 |      1193.86 |                  7.21 |                    0.10 |    214 |     8.7543 |
|        1 |         69 |          1160.50 |      1148.32 |      1191.60 |                  8.15 |                    0.10 |    214 |     8.8735 |
|        1 |         70 |          1160.50 |      1148.32 |      1189.26 |                 10.62 |                    0.10 |    214 |     8.9469 |
|        1 |         71 |          1160.50 |      1148.32 |      1192.30 |                 13.18 |                    0.12 |    215 |     9.0097 |
|        1 |         72 |          1160.50 |      1148.32 |      1192.00 |                  6.99 |                    0.11 |    215 |     9.0749 |
|        1 |         73 |          1160.50 |      1148.32 |      1191.20 |                  5.20 |                    0.10 |    216 |     9.1601 |
|        1 |         74 |          1160.50 |      1148.32 |      1198.05 |                  6.50 |                    0.13 |    217 |     9.2608 |
|        1 |         75 |          1160.50 |      1148.32 |      1204.09 |                 20.20 |                    0.39 |    217 |     9.3455 |
|        1 |         76 |          1160.50 |      1148.32 |      1197.30 |                  6.75 |                    0.13 |    219 |     9.4317 |
|        1 |         77 |          1160.50 |      1148.32 |      1184.89 |                  8.71 |                    0.16 |    222 |     9.5221 |
|        1 |         78 |          1160.50 |      1148.32 |      1196.20 |                  6.74 |                    0.12 |    224 |     9.6075 |
|        1 |         79 |          1160.50 |      1148.32 |      1196.20 |                 11.28 |                    0.22 |    224 |     9.6915 |
|        1 |         80 |          1160.50 |      1148.32 |      1213.10 |                 10.47 |                    0.20 |    228 |     9.7630 |
|        1 |         81 |          1160.50 |      1148.32 |      1195.74 |                  9.76 |                    0.21 |    228 |     9.9185 |
|        1 |         82 |          1160.50 |      1148.32 |      1209.40 |                  7.77 |                    0.17 |    231 |    10.0206 |
|        1 |         83 |          1160.50 |      1148.32 |      1214.85 |                 10.41 |                    0.10 |    233 |    10.1567 |
|        1 |         84 |          1160.50 |      1148.32 |      1199.34 |                 15.98 |                    0.27 |    235 |    10.3235 |
|        1 |         85 |          1160.50 |      1148.32 |      1208.10 |                  7.33 |                    0.13 |    238 |    10.4514 |
|        1 |         86 |          1160.50 |      1148.32 |      1205.76 |                  7.57 |                    0.15 |    240 |    10.5771 |
|        1 |         87 |          1160.50 |      1148.32 |      1197.70 |                 17.18 |                    0.31 |    245 |    10.7217 |
|        1 |         88 |          1160.50 |      1148.32 |      1196.59 |                 12.38 |                    0.19 |    247 |    10.8400 |
|        1 |         89 |          1160.50 |      1148.32 |      1192.99 |                  6.66 |                    0.10 |    249 |    10.9736 |
|        1 |         90 |          1160.50 |      1148.32 |      1192.92 |                 18.76 |                    0.28 |    253 |    11.0523 |
|        1 |         91 |          1160.50 |      1148.32 |      1206.40 |                  8.19 |                    0.10 |    259 |    11.1721 |
|        1 |         92 |          1160.50 |      1148.32 |      1182.26 |                 11.05 |                    0.10 |    266 |    11.3297 |
|        1 |         93 |          1160.50 |      1148.32 |      1177.10 |                 11.66 |                    0.11 |    271 |    11.4176 |
|        1 |         94 |          1160.50 |      1148.32 |      1177.10 |                 12.68 |                    0.11 |    271 |    11.4993 |
|        1 |         95 |          1160.50 |      1148.32 |      1180.50 |                 14.36 |                    0.17 |    272 |    11.5863 |
|        1 |         96 |          1160.50 |      1148.32 |      1173.85 |                 17.20 |                    0.14 |    275 |    11.7349 |
|        1 |         97 |          1160.50 |      1148.32 |      1171.80 |                 14.88 |                    0.14 |    276 |    11.8247 |
|        1 |         98 |          1160.50 |      1148.32 |      1173.00 |                 13.80 |                    0.13 |    276 |    11.9115 |
|        1 |         99 |          1160.50 |      1148.32 |      1174.20 |                 17.45 |                    0.16 |    279 |    12.0073 |
|        1 |        100 |          1160.50 |      1148.32 |      1174.20 |                 10.73 |                    0.10 |    279 |    12.1075 |
|        1 |        101 |          1160.50 |      1148.32 |      1175.60 |                  6.29 |                    0.10 |    280 |    12.1671 |
|        1 |        102 |          1160.50 |      1148.32 |      1167.91 |                  9.81 |                    0.10 |    280 |    12.2547 |
|        1 |        103 |          1160.50 |      1148.32 |      1173.00 |                 10.59 |                    0.10 |    280 |    12.3180 |
|        1 |        104 |          1160.50 |      1148.32 |      1179.50 |                 16.05 |                    0.17 |    283 |    12.3783 |
|        1 |        105 |          1160.50 |      1148.32 |      1179.60 |                  9.76 |                    0.10 |    287 |    12.4961 |
|        1 |        106 |          1160.50 |      1148.32 |      1190.64 |                  8.36 |                    0.10 |    289 |    12.6045 |
|        1 |        107 |          1160.50 |      1148.32 |      1183.80 |                 18.90 |                    0.12 |    290 |    12.6681 |
|        1 |        108 |          1160.50 |      1148.32 |      1177.00 |                 10.60 |                    0.11 |    291 |    12.8035 |
|        1 |        109 |          1160.50 |      1148.32 |      1176.96 |                  8.98 |                    0.12 |    292 |    12.8809 |
|        1 |        110 |          1160.50 |      1148.32 |      1179.90 |                  9.37 |                    0.14 |    295 |    12.9938 |
|        1 |        111 |          1160.50 |      1148.32 |      1177.90 |                  8.60 |                    0.13 |    295 |    13.1404 |
|        1 |        112 |          1160.50 |      1148.32 |      1181.40 |                 10.15 |                    0.15 |    296 |    13.2375 |
|        1 |        113 |          1160.50 |      1148.32 |      1185.70 |                  4.32 |                    0.10 |    298 |    13.3228 |
|        1 |        114 |          1160.50 |      1148.32 |      1180.44 |                 10.26 |                    0.24 |    302 |    13.3959 |
|        1 |        115 |          1160.50 |      1148.32 |      1210.04 |                 11.61 |                    0.10 |    305 |    13.4815 |
|        1 |        116 |          1160.50 |      1148.32 |      1210.80 |                 13.01 |                    0.10 |    307 |    13.5771 |
|        1 |        117 |          1160.50 |      1148.32 |      1210.00 |                 11.95 |                    0.11 |    307 |    13.6690 |
|        1 |        118 |          1160.50 |      1148.32 |      1209.36 |                 11.77 |                    0.10 |    310 |    13.7743 |
|        1 |        119 |          1160.50 |      1148.32 |      1161.20 |                 11.85 |                    0.10 |    313 |    14.0078 |
|        1 |        120 |          1160.50 |      1148.32 |      1166.80 |                 12.01 |                    0.10 |    317 |    14.1107 |
|        1 |        121 |          1160.50 |      1148.32 |      1177.50 |                  9.70 |                    0.11 |    319 |    14.1807 |
|        1 |        122 |          1160.50 |      1148.32 |      1165.56 |                  8.28 |                    0.10 |    323 |    14.3430 |
|        1 |        123 |          1160.50 |      1148.32 |      1204.49 |                 13.30 |                    0.14 |    327 |    14.4684 |
|        1 |        124 |          1160.50 |      1148.32 |      1169.90 |                 10.62 |                    0.10 |    330 |    14.5628 |
|        1 |        125 |          1160.50 |      1148.32 |      1168.70 |                  6.99 |                    0.10 |    331 |    14.6902 |
|        1 |        126 |          1160.50 |      1148.32 |      1161.51 |                 10.58 |                    0.10 |    332 |    14.7849 |
|        1 |        127 |          1160.50 |      1148.32 |      1164.06 |                 10.90 |                    0.12 |    333 |    14.9354 |
|        1 |        128 |          1160.50 |      1148.32 |      1164.20 |                  9.71 |                    0.14 |    333 |    15.0557 |
|        1 |        129 |          1160.50 |      1148.32 |      1168.51 |                 15.46 |                    0.19 |    334 |    15.1582 |
|        1 |        130 |          1160.50 |      1148.32 |      1169.90 |                  9.05 |                    0.10 |    335 |    15.2528 |
|        1 |        131 |          1160.50 |      1148.32 |      1234.16 |                  9.43 |                    0.13 |    341 |    15.4253 |
|        1 |        132 |          1160.50 |      1148.32 |      1226.58 |                 10.21 |                    0.10 |    347 |    15.6290 |
|        1 |        133 |          1160.50 |      1148.32 |      1226.11 |                 13.87 |                    0.10 |    347 |    15.6897 |
|        1 |        134 |          1160.50 |      1148.32 |      1250.60 |                  7.64 |                    0.11 |    352 |    15.7993 |
|        1 |        135 |          1160.50 |      1148.32 |      1194.78 |                  7.71 |                    0.10 |    356 |    15.9922 |
|        1 |        136 |          1160.50 |      1148.32 |      1193.69 |                  7.75 |                    0.10 |    356 |    16.0977 |
|        1 |        137 |          1160.50 |      1148.32 |      1188.19 |                 11.04 |                    0.11 |    358 |    16.2147 |
|        1 |        138 |          1160.50 |      1148.32 |      1190.39 |                  9.27 |                    0.10 |    358 |    16.3019 |
|        1 |        139 |          1160.50 |      1148.32 |      1196.07 |                  7.30 |                    0.10 |    360 |    16.4752 |
|        1 |        140 |          1160.50 |      1148.32 |      1189.16 |                  7.19 |                    0.10 |    362 |    16.5762 |
|        1 |        141 |          1160.50 |      1148.32 |      1189.96 |                 16.10 |                    0.17 |    362 |    16.6556 |
|        1 |        142 |          1160.50 |      1148.32 |      1193.40 |                  9.62 |                    0.10 |    363 |    16.7262 |
|        1 |        143 |          1160.50 |      1148.32 |      1192.25 |                 10.27 |                    0.10 |    363 |    16.8131 |
|        1 |        144 |          1160.50 |      1148.32 |      1194.86 |                  9.92 |                    0.10 |    363 |    16.9178 |
|        1 |        145 |          1160.50 |      1148.32 |      1193.21 |                 10.26 |                    0.10 |    363 |    17.0313 |
|        1 |        146 |          1160.50 |      1148.32 |      1201.05 |                  6.07 |                    0.10 |    365 |    17.1428 |
|        1 |        147 |          1160.50 |      1148.32 |      1194.97 |                 10.87 |                    0.10 |    367 |    17.2922 |
|        1 |        148 |          1160.50 |      1148.32 |      1195.10 |                  9.49 |                    0.11 |    367 |    17.4058 |
|        1 |        149 |          1160.50 |      1148.32 |      1192.79 |                 16.71 |                    0.14 |    367 |    17.4866 |
|        1 |        150 |          1160.50 |      1148.32 |      1200.70 |                  6.83 |                    0.10 |    369 |    17.5840 |
|        1 |        151 |          1160.50 |      1148.32 |      1184.62 |                 11.99 |                    0.21 |    372 |    17.7217 |
|        1 |        152 |          1160.50 |      1148.32 |      1206.60 |                  7.01 |                    0.12 |    374 |    17.8517 |
|        1 |        153 |          1160.50 |      1148.32 |      1212.59 |                  9.37 |                    0.14 |    376 |    18.0165 |
|        1 |        154 |          1160.50 |      1148.32 |      1211.30 |                  7.33 |                    0.11 |    378 |    18.1036 |
|        1 |        155 |          1160.50 |      1148.32 |      1188.89 |                 10.66 |                    0.10 |    378 |    18.2144 |
|        1 |        156 |          1160.50 |      1148.32 |      1193.74 |                  8.59 |                    0.10 |    378 |    18.3304 |
|        1 |        157 |          1160.50 |      1148.32 |      1192.26 |                 19.22 |                    0.21 |    378 |    18.4006 |
|        1 |        158 |          1160.50 |      1148.32 |      1193.70 |                 15.68 |                    0.17 |    378 |    18.4692 |
|        1 |        159 |          1160.50 |      1148.32 |      1193.70 |                  7.76 |                    0.10 |    378 |    18.5341 |
|        1 |        160 |          1160.50 |      1148.32 |      1192.62 |                  8.33 |                    0.10 |    381 |    18.6766 |
|        1 |        161 |          1160.50 |      1148.32 |      1193.17 |                  8.13 |                    0.10 |    383 |    18.7531 |
|        1 |        162 |          1160.50 |      1148.32 |      1193.33 |                 13.34 |                    0.16 |    384 |    18.8290 |
|        1 |        163 |          1160.50 |      1148.32 |      1205.80 |                  7.96 |                    0.10 |    387 |    18.9329 |
|        1 |        164 |          1160.50 |      1148.32 |      1201.99 |                 10.88 |                    0.10 |    391 |    19.0941 |
|        1 |        165 |          1160.50 |      1148.32 |      1202.13 |                 11.60 |                    0.11 |    391 |    19.2039 |
|        1 |        166 |          1160.50 |      1148.32 |      1201.60 |                  4.68 |                    0.10 |    393 |    19.3021 |
|        1 |        167 |          1160.50 |      1148.32 |      1194.95 |                 10.69 |                    0.10 |    393 |    19.3796 |
|        1 |        168 |          1160.50 |      1148.32 |      1193.40 |                  6.12 |                    0.10 |    394 |    19.5188 |
|        1 |        169 |          1160.50 |      1148.32 |      1190.66 |                  8.72 |                    0.10 |    394 |    19.6011 |
|        1 |        170 |          1160.50 |      1148.32 |      1193.20 |                 10.92 |                    0.10 |    394 |    19.6842 |
|        1 |        171 |          1160.50 |      1148.32 |      1194.47 |                  6.40 |                    0.10 |    394 |    19.7658 |
|        1 |        172 |          1160.50 |      1148.32 |      1186.89 |                  6.10 |                    0.10 |    396 |    19.8775 |
|        1 |        173 |          1160.50 |      1148.32 |      1183.53 |                 11.99 |                    0.16 |    396 |    19.9916 |
------------------------------------------------------------------------------------------------------------------------------------------------
|  Restart |  Iteration |  Best Feas. Cost |    Best Cost |   Curr. Cost |   Penalty Custom Res. |   Penalty Standard Res. |   Pool |   Time (s) |
------------------------------------------------------------------------------------------------------------------------------------------------
|        1 |        174 |          1160.50 |      1148.32 |      1192.18 |                 28.77 |                    0.38 |    396 |    20.0698 |
|        1 |        175 |          1160.50 |      1148.32 |      1211.52 |                 19.38 |                    0.26 |    396 |    20.1518 |
|        1 |        176 |          1160.50 |      1148.32 |      1191.48 |                 10.33 |                    0.15 |    399 |    20.4522 |
|        1 |        177 |          1160.50 |      1148.32 |      1188.51 |                 10.80 |                    0.10 |    400 |    20.5455 |
|        1 |        178 |          1160.50 |      1148.32 |      1188.06 |                 10.00 |                    0.11 |    400 |    20.6532 |
|        1 |        179 |          1160.50 |      1148.32 |      1187.78 |                 10.79 |                    0.10 |    400 |    20.7183 |
|        1 |        180 |          1160.50 |      1148.32 |      1187.73 |                 12.07 |                    0.12 |    400 |    20.8454 |
|        1 |        181 |          1160.50 |      1148.32 |      1199.29 |                  9.15 |                    0.10 |    402 |    20.9537 |
|        1 |        182 |          1160.50 |      1148.32 |      1203.46 |                 13.69 |                    0.17 |    405 |    21.0597 |
|        1 |        183 |          1160.50 |      1148.32 |      1202.63 |                 10.18 |                    0.13 |    406 |    21.2064 |
|        1 |        184 |          1160.50 |      1148.32 |      1199.50 |                  9.06 |                    0.12 |    408 |    21.3178 |
|        1 |        185 |          1160.50 |      1148.32 |      1204.10 |                 10.17 |                    0.16 |    410 |    21.3898 |
|        1 |        186 |          1160.50 |      1148.32 |      1204.10 |                 14.65 |                    0.23 |    411 |    21.4685 |
|        1 |        187 |          1160.50 |      1148.32 |      1203.70 |                  7.39 |                    0.11 |    412 |    21.5310 |
|        1 |        188 |          1160.50 |      1148.32 |      1198.20 |                 10.22 |                    0.19 |    415 |    21.6223 |
|        1 |        189 |          1160.50 |      1148.32 |      1237.70 |                  8.83 |                    0.16 |    419 |    21.7148 |
|        1 |        190 |          1160.50 |      1148.32 |      1216.18 |                 13.23 |                    0.16 |    421 |    21.7986 |
|        1 |        191 |          1160.50 |      1148.32 |      1207.70 |                  6.16 |                    0.10 |    421 |    21.8617 |
|        1 |        192 |          1160.50 |      1148.32 |      1205.70 |                 11.17 |                    0.23 |    423 |    21.9423 |
|        1 |        193 |          1160.50 |      1148.32 |      1200.00 |                 13.29 |                    0.27 |    423 |    22.0342 |
|        1 |        194 |          1160.50 |      1148.32 |      1178.69 |                 10.56 |                    0.10 |    423 |    22.1927 |
|        1 |        195 |          1160.50 |      1148.32 |      1176.87 |                 15.33 |                    0.19 |    423 |    22.2876 |
|        1 |        196 |          1160.50 |      1148.32 |      1179.70 |                 16.69 |                    0.19 |    423 |    22.3614 |
|        1 |        197 |          1160.50 |      1148.32 |      1253.20 |                  9.75 |                    0.10 |    428 |    22.4760 |
|        1 |        198 |          1160.50 |      1148.32 |      1193.00 |                  6.39 |                    0.10 |    429 |    22.6709 |
|        1 |        199 |          1160.50 |      1148.32 |      1172.33 |                 10.47 |                    0.11 |    432 |    22.7721 |
|        1 |        200 |          1160.50 |      1148.32 |      1200.22 |                 11.09 |                    0.11 |    434 |    22.9413 |
|        1 |        201 |          1160.50 |      1148.32 |      1199.79 |                  7.22 |                    0.11 |    435 |    23.0784 |
|        1 |        202 |          1160.50 |      1148.32 |      1201.00 |                 13.74 |                    0.20 |    436 |    23.1711 |
|        1 |        203 |          1160.50 |      1148.32 |      1190.97 |                  6.51 |                    0.10 |    437 |    23.2758 |
|        1 |        204 |          1160.50 |      1148.32 |      1180.57 |                  8.46 |                    0.13 |    440 |    23.4023 |
|        1 |        205 |          1160.50 |      1148.32 |      1176.81 |                  9.12 |                    0.14 |    440 |    23.4863 |
|        1 |        206 |          1160.50 |      1148.32 |      1173.40 |                  7.20 |                    0.11 |    441 |    23.5921 |
|        1 |        207 |          1160.50 |      1148.32 |      1173.60 |                 16.58 |                    0.25 |    441 |    23.6798 |
|        1 |        208 |          1160.50 |      1148.32 |      1173.30 |                  8.87 |                    0.14 |    441 |    23.7541 |
|        1 |        209 |          1160.50 |      1148.32 |      1174.10 |                 12.15 |                    0.19 |    442 |    23.8381 |
|        1 |        210 |          1160.50 |      1148.32 |      1174.10 |                  7.26 |                    0.10 |    442 |    23.9076 |
|        1 |        211 |          1160.50 |      1148.32 |      1172.83 |                  4.59 |                    0.10 |    443 |    24.0315 |
|        1 |        212 |          1160.50 |      1148.32 |      1173.30 |                 11.46 |                    0.25 |    443 |    24.1174 |
|        1 |        213 |          1160.50 |      1148.32 |      1173.30 |                 10.42 |                    0.22 |    443 |    24.2156 |
|        1 |        214 |          1160.50 |      1148.32 |      1173.30 |                 11.81 |                    0.23 |    443 |    24.2876 |
|        1 |        215 |          1160.50 |      1148.32 |      1173.30 |                  9.70 |                    0.10 |    443 |    24.4181 |
|        1 |        216 |          1160.50 |      1148.32 |      1173.30 |                 12.65 |                    0.16 |    443 |    24.5138 |
|        1 |        217 |          1160.50 |      1148.32 |      1173.30 |                  6.57 |                    0.11 |    443 |    24.5926 |
|        1 |        218 |          1160.50 |      1148.32 |      1168.00 |                  8.18 |                    0.18 |    443 |    24.7572 |
|        1 |        219 |          1160.50 |      1148.32 |      1168.00 |                  8.48 |                    0.18 |    443 |    24.8309 |
|        1 |        220 |          1160.50 |      1148.32 |      1180.69 |                  8.50 |                    0.11 |    443 |    24.9419 |
|        1 |        221 |          1160.50 |      1148.32 |      1199.40 |                 15.08 |                    0.17 |    446 |    25.0722 |
|        1 |        222 |          1160.50 |      1148.32 |      1202.74 |                  9.55 |                    0.10 |    447 |    25.1819 |
|        1 |        223 |          1160.50 |      1148.32 |      1192.13 |                 11.49 |                    0.12 |    448 |    25.2575 |
|        1 |        224 |          1160.50 |      1148.32 |      1193.90 |                  9.99 |                    0.10 |    450 |    25.4076 |
|        1 |        225 |          1160.50 |      1148.32 |      1193.90 |                 12.89 |                    0.13 |    450 |    25.4951 |
|        1 |        226 |          1160.50 |      1148.32 |      1205.04 |                 10.51 |                    0.11 |    451 |    25.5601 |
|        1 |        227 |          1160.50 |      1148.32 |      1196.09 |                  9.64 |                    0.10 |    451 |    25.6566 |
|        1 |        228 |          1160.50 |      1148.32 |      1169.30 |                  5.29 |                    0.10 |    452 |    25.8085 |
|        1 |        229 |          1160.50 |      1148.32 |      1189.30 |                 17.09 |                    0.34 |    452 |    25.8977 |
|        1 |        230 |          1160.50 |      1148.32 |      1169.30 |                  8.97 |                    0.18 |    452 |    25.9724 |
|        1 |        231 |          1160.50 |      1148.32 |      1166.00 |                  4.73 |                    0.11 |    453 |    26.1093 |
|        1 |        232 |          1160.50 |      1148.32 |      1166.05 |                 11.12 |                    0.10 |    453 |    26.2118 |
|        1 |        233 |          1160.50 |      1148.32 |      1168.00 |                 19.56 |                    0.21 |    453 |    26.2906 |
|        1 |        234 |          1160.50 |      1148.32 |      1193.00 |                 12.15 |                    0.14 |    456 |    26.3890 |
|        1 |        235 |          1160.50 |      1148.32 |      1178.80 |                  7.53 |                    0.10 |    456 |    26.5068 |
|        1 |        236 |          1160.50 |      1148.32 |      1182.80 |                  8.61 |                    0.17 |    456 |    26.7549 |
|        1 |        237 |          1160.50 |      1148.32 |      1174.88 |                 10.30 |                    0.16 |    456 |    26.9059 |
|        1 |        238 |          1160.50 |      1148.32 |      1179.00 |                 14.12 |                    0.15 |    456 |    26.9812 |
|        1 |        239 |          1160.50 |      1148.32 |      1180.00 |                 13.22 |                    0.12 |    456 |    27.0567 |
|        1 |        240 |          1160.50 |      1148.32 |      1182.20 |                  9.74 |                    0.11 |    456 |    27.1612 |
|        1 |        241 |          1160.50 |      1148.32 |      1182.95 |                  8.94 |                    0.10 |    459 |    27.2486 |
|        1 |        242 |          1160.50 |      1148.32 |      1177.75 |                 10.74 |                    0.10 |    459 |    27.3448 |
|        1 |        243 |          1160.50 |      1148.32 |      1180.90 |                 12.28 |                    0.12 |    460 |    27.4882 |
|        1 |        244 |          1160.50 |      1148.32 |      1180.94 |                 11.49 |                    0.12 |    460 |    27.6181 |
|        1 |        245 |          1160.50 |      1148.32 |      1181.60 |                 13.26 |                    0.13 |    460 |    27.7277 |
|        1 |        246 |          1160.50 |      1148.32 |      1187.70 |                 10.69 |                    0.11 |    464 |    27.8138 |
|        1 |        247 |          1160.50 |      1148.32 |      1186.83 |                 10.63 |                    0.10 |    465 |    27.9479 |
|        1 |        248 |          1160.50 |      1148.32 |      1186.49 |                 12.02 |                    0.10 |    465 |    28.0472 |
|        1 |        249 |          1160.50 |      1148.32 |      1189.04 |                 12.18 |                    0.12 |    465 |    28.1751 |
|        1 |        250 |          1160.50 |      1148.32 |      1189.60 |                 12.12 |                    0.12 |    465 |    28.2564 |
|        1 |        251 |          1160.50 |      1148.32 |      1175.90 |                 10.35 |                    0.11 |    468 |    28.3787 |
|        1 |        252 |          1160.50 |      1148.32 |      1181.15 |                  8.18 |                    0.11 |    468 |    28.4609 |
|        1 |        253 |          1160.50 |      1148.32 |      1183.86 |                 12.86 |                    0.11 |    468 |    28.6063 |
|        1 |        254 |          1160.50 |      1148.32 |      1213.70 |                 10.36 |                    0.10 |    471 |    28.7058 |
|        1 |        255 |          1160.50 |      1148.32 |      1218.16 |                 10.11 |                    0.10 |    471 |    28.7887 |
|        1 |        256 |          1160.50 |      1148.32 |      1195.88 |                  7.58 |                    0.10 |    471 |    29.0810 |
|        1 |        257 |          1160.50 |      1148.32 |      1187.11 |                  8.00 |                    0.12 |    474 |    29.1941 |
|        1 |        258 |          1160.50 |      1148.32 |      1187.16 |                 14.05 |                    0.25 |    475 |    29.3042 |
|        1 |        259 |          1160.50 |      1148.32 |      1191.97 |                  8.81 |                    0.10 |    475 |    29.4097 |
|        1 |        260 |          1160.50 |      1148.32 |      1187.35 |                  9.21 |                    0.10 |    477 |    29.4964 |
|        1 |        261 |          1160.50 |      1148.32 |      1187.58 |                  7.07 |                    0.10 |    477 |    29.5851 |
|        1 |        262 |          1160.50 |      1148.32 |      1185.40 |                 19.29 |                    0.17 |    477 |    29.6765 |
|        1 |        263 |          1160.50 |      1148.32 |      1188.00 |                 12.24 |                    0.10 |    477 |    29.7627 |
|        1 |        264 |          1160.50 |      1148.32 |      1181.35 |                 10.50 |                    0.11 |    477 |    29.9675 |
|        1 |        265 |          1160.50 |      1148.32 |      1177.35 |                 10.59 |                    0.10 |    478 |    30.1564 |
|        1 |        266 |          1160.50 |      1148.32 |      1184.79 |                 17.53 |                    0.12 |    481 |    30.2409 |
|        1 |        267 |          1160.50 |      1148.32 |      1205.00 |                 11.34 |                    0.13 |    485 |    30.3330 |
|        1 |        268 |          1160.50 |      1148.32 |      1198.30 |                  7.12 |                    0.10 |    485 |    30.4136 |
|        1 |        269 |          1160.50 |      1148.32 |      1194.32 |                 16.42 |                    0.24 |    486 |    30.5060 |
|        1 |        270 |          1160.50 |      1148.32 |      1226.76 |                 11.29 |                    0.17 |    488 |    30.5850 |
|        1 |        271 |          1160.50 |      1148.32 |      1194.92 |                 12.86 |                    0.18 |    489 |    30.7492 |
|        1 |        272 |          1160.50 |      1148.32 |      1203.20 |                  9.58 |                    0.14 |    491 |    30.8226 |
|        1 |        273 |          1160.50 |      1148.32 |      1198.12 |                  8.70 |                    0.13 |    493 |    30.9295 |
|        1 |        274 |          1160.50 |      1148.32 |      1181.29 |                 12.05 |                    0.10 |    494 |    31.1528 |
|        1 |        275 |          1160.50 |      1148.32 |      1207.34 |                  5.31 |                    0.10 |    498 |    31.2988 |
|        1 |        276 |          1160.50 |      1148.32 |      1203.61 |                  6.93 |                    0.13 |    498 |    31.3602 |
|        1 |        277 |          1160.50 |      1148.32 |      1195.60 |                  7.87 |                    0.10 |    498 |    31.5628 |
|        1 |        278 |          1160.50 |      1148.32 |      1192.58 |                  8.07 |                    0.12 |    498 |    31.6304 |
|        1 |        279 |          1160.50 |      1148.32 |      1193.79 |                 10.72 |                    0.10 |    498 |    31.7223 |
|        1 |        280 |          1160.50 |      1148.32 |      1195.00 |                  8.52 |                    0.10 |    499 |    31.8611 |
|        1 |        281 |          1160.50 |      1148.32 |      1189.86 |                  8.20 |                    0.10 |    501 |    31.9764 |
|        1 |        282 |          1160.50 |      1148.32 |      1186.91 |                 11.35 |                    0.10 |    501 |    32.0550 |
|        1 |        283 |          1160.50 |      1148.32 |      1194.18 |                 10.05 |                    0.10 |    503 |    32.2230 |
|        1 |        284 |          1160.50 |      1148.32 |      1193.66 |                 10.10 |                    0.11 |    503 |    32.2910 |
|        1 |        285 |          1160.50 |      1148.32 |      1194.35 |                 12.29 |                    0.13 |    503 |    32.3488 |
|        1 |        286 |          1160.50 |      1148.32 |      1194.40 |                 11.39 |                    0.12 |    503 |    32.4413 |
|        1 |        287 |          1160.50 |      1148.32 |      1191.18 |                 10.30 |                    0.12 |    505 |    32.5947 |
|        1 |        288 |          1160.50 |      1148.32 |      1191.19 |                  7.14 |                    0.10 |    505 |    32.6821 |
|        1 |        289 |          1160.50 |      1148.32 |      1190.00 |                 13.88 |                    0.19 |    505 |    32.7680 |
|        1 |        290 |          1160.50 |      1148.32 |      1192.65 |                 11.06 |                    0.15 |    505 |    32.8732 |
|        1 |        291 |          1160.50 |      1148.32 |      1192.07 |                  6.08 |                    0.11 |    505 |    32.9730 |
|        1 |        292 |          1160.50 |      1148.32 |      1195.31 |                  8.86 |                    0.16 |    505 |    33.0313 |
|        1 |        293 |          1160.50 |      1148.32 |      1196.38 |                 13.82 |                    0.19 |    506 |    33.1079 |
|        1 |        294 |          1160.50 |      1148.32 |      1192.00 |                  5.03 |                    0.11 |    508 |    33.2696 |
|        1 |        295 |          1160.50 |      1148.32 |      1187.49 |                  7.99 |                    0.13 |    509 |    33.3722 |
|        1 |        296 |          1160.50 |      1148.32 |      1193.67 |                 13.59 |                    0.16 |    512 |    33.4956 |
|        1 |        297 |          1160.50 |      1148.32 |      1190.00 |                 10.93 |                    0.17 |    513 |    33.6082 |
|        1 |        298 |          1160.50 |      1148.32 |      1202.00 |                  9.37 |                    0.14 |    514 |    33.6688 |
|        1 |        299 |          1160.50 |      1148.32 |      1161.30 |                  6.09 |                    0.10 |    517 |    33.9600 |
|        1 |        300 |          1160.50 |      1148.32 |      1159.27 |                  7.69 |                    0.10 |    518 |    34.0573 |
|        1 |        301 |          1160.50 |      1148.32 |      1185.82 |                  7.72 |                    0.10 |    522 |    34.1333 |
|        1 |        302 |          1160.50 |      1148.32 |      1207.26 |                 17.46 |                    0.23 |    523 |    34.1996 |
|        1 |        303 |          1160.50 |      1148.32 |      1206.70 |                  8.60 |                    0.10 |    526 |    34.3302 |
|        1 |        304 |          1160.50 |      1148.32 |      1204.18 |                 11.42 |                    0.10 |    526 |    34.4196 |
|        1 |        305 |          1160.50 |      1148.32 |      1186.70 |                 11.82 |                    0.16 |    527 |    34.6428 |
|        1 |        306 |          1160.50 |      1148.32 |      1179.19 |                  7.11 |                    0.10 |    527 |    34.7768 |
|        1 |        307 |          1160.50 |      1148.32 |      1190.35 |                 19.03 |                    0.27 |    528 |    34.8496 |
|        1 |        308 |          1160.50 |      1148.32 |      1193.90 |                  9.47 |                    0.13 |    530 |    34.9543 |
|        1 |        309 |          1160.50 |      1148.32 |      1192.40 |                 11.60 |                    0.21 |    534 |    35.0626 |
|        1 |        310 |          1160.50 |      1148.32 |      1192.40 |                 14.11 |                    0.26 |    534 |    35.1272 |
|        1 |        311 |          1160.50 |      1148.32 |      1195.20 |                  8.77 |                    0.16 |    536 |    35.2095 |
|        1 |        312 |          1160.50 |      1148.32 |      1187.51 |                  7.56 |                    0.14 |    537 |    35.3299 |
|        1 |        313 |          1160.50 |      1148.32 |      1192.82 |                 19.47 |                    0.35 |    537 |    35.4010 |
|        1 |        314 |          1160.50 |      1148.32 |      1174.97 |                  6.19 |                    0.10 |    541 |    35.6302 |
|        1 |        315 |          1160.50 |      1148.32 |      1173.98 |                  8.49 |                    0.10 |    541 |    35.6854 |
|        1 |        316 |          1160.50 |      1148.32 |      1176.71 |                  4.87 |                    0.11 |    541 |    35.7667 |
|        1 |        317 |          1160.50 |      1148.32 |      1176.79 |                  9.09 |                    0.20 |    546 |    36.0201 |
|        1 |        318 |          1160.50 |      1148.32 |      1189.01 |                  5.65 |                    0.12 |    546 |    36.2156 |
|        1 |        319 |          1160.50 |      1148.32 |      1180.68 |                  7.15 |                    0.15 |    549 |    36.5018 |
|        1 |        320 |          1160.50 |      1148.32 |      1181.90 |                  6.36 |                    0.10 |    554 |    37.0110 |
|        1 |        321 |          1160.50 |      1148.32 |      1183.50 |                  6.90 |                    0.15 |    557 |    37.5201 |
|        1 |        322 |          1160.50 |      1148.32 |      1182.40 |                  9.09 |                    0.20 |    557 |    37.7587 |
|        1 |        323 |          1160.50 |      1148.32 |      1176.11 |                 12.41 |                    0.27 |    560 |    37.9333 |
|        1 |        324 |          1160.50 |      1148.32 |      1192.60 |                  7.77 |                    0.10 |    562 |    38.1125 |
|        1 |        325 |          1160.50 |      1148.32 |      1186.70 |                  9.31 |                    0.10 |    562 |    38.2628 |
|        1 |        326 |          1160.50 |      1148.32 |      1193.50 |                 10.69 |                    0.10 |    564 |    38.4594 |
|        1 |        327 |          1160.50 |      1148.32 |      1208.39 |                  6.28 |                    0.13 |    568 |    38.6380 |
|        1 |        328 |          1160.50 |      1148.32 |      1220.40 |                 13.79 |                    0.29 |    572 |    38.6949 |
|        1 |        329 |          1160.50 |      1148.32 |      1212.10 |                  8.11 |                    0.17 |    575 |    38.8486 |
|        1 |        330 |          1160.50 |      1148.32 |      1215.30 |                  7.83 |                    0.10 |    576 |    38.9317 |
|        1 |        331 |          1160.50 |      1148.32 |      1218.00 |                  8.53 |                    0.15 |    576 |    38.9997 |
|        1 |        332 |          1160.50 |      1148.32 |      1220.00 |                 10.47 |                    0.18 |    578 |    39.0599 |
|        1 |        333 |          1160.50 |      1148.32 |      1221.30 |                  6.20 |                    0.11 |    582 |    39.1298 |
|        1 |        334 |          1160.50 |      1148.32 |      1201.60 |                 10.77 |                    0.17 |    583 |    39.2579 |
|        1 |        335 |          1160.50 |      1148.32 |      1207.50 |                  9.88 |                    0.10 |    585 |    39.3372 |
|        1 |        336 |          1160.50 |      1148.32 |      1206.68 |                 20.00 |                    0.19 |    585 |    39.4088 |
|        1 |        337 |          1160.50 |      1148.32 |      1207.50 |                 12.68 |                    0.12 |    585 |    39.5006 |
|        1 |        338 |          1160.50 |      1148.32 |      1192.41 |                  9.99 |                    0.12 |    585 |    39.6195 |
|        1 |        339 |          1160.50 |      1148.32 |      1183.26 |                 10.42 |                    0.10 |    585 |    39.7417 |
|        1 |        340 |          1160.50 |      1148.32 |      1166.62 |                 12.50 |                    0.21 |    586 |    39.8618 |
|        1 |        341 |          1160.50 |      1148.32 |      1177.99 |                  9.94 |                    0.10 |    586 |    39.9839 |
------------------------------------------------------------------------------------------------------------------------------------------------
|  Restart |  Iteration |  Best Feas. Cost |    Best Cost |   Curr. Cost |   Penalty Custom Res. |   Penalty Standard Res. |   Pool |   Time (s) |
------------------------------------------------------------------------------------------------------------------------------------------------
|        1 |        342 |          1160.50 |      1148.32 |      1178.84 |                  9.60 |                    0.10 |    586 |    40.0658 |
|        1 |        343 |          1160.50 |      1148.32 |      1178.88 |                 10.75 |                    0.10 |    586 |    40.1608 |
|        1 |        344 |          1160.50 |      1148.32 |      1178.10 |                  6.36 |                    0.10 |    586 |    40.2321 |
|        1 |        345 |          1160.50 |      1148.32 |      1192.11 |                  9.43 |                    0.15 |    586 |    40.3275 |
|        1 |        346 |          1160.50 |      1148.32 |      1175.51 |                  6.27 |                    0.10 |    586 |    40.4504 |
|        1 |        347 |          1160.50 |      1148.32 |      1172.39 |                 14.62 |                    0.17 |    588 |    40.5187 |
|        1 |        348 |          1160.50 |      1148.32 |      1181.40 |                  8.14 |                    0.10 |    589 |    40.6056 |
|        1 |        349 |          1160.50 |      1148.32 |      1176.29 |                 11.59 |                    0.10 |    590 |    40.7067 |
|        1 |        350 |          1160.50 |      1148.32 |      1195.29 |                 18.43 |                    0.16 |    592 |    40.7948 |
|        1 |        351 |          1160.50 |      1148.32 |      1196.84 |                 14.17 |                    0.22 |    595 |    40.9776 |
|        1 |        352 |          1160.50 |      1148.32 |      1202.60 |                  7.89 |                    0.12 |    596 |    41.0613 |
|        1 |        353 |          1160.50 |      1148.32 |      1266.42 |                  8.65 |                    0.14 |    602 |    41.1839 |
|        1 |        354 |          1160.50 |      1148.32 |      1231.08 |                  8.81 |                    0.10 |    607 |    41.3603 |
|        1 |        355 |          1160.50 |      1148.32 |      1230.30 |                 12.15 |                    0.19 |    612 |    41.4946 |
|        1 |        356 |          1160.50 |      1148.32 |      1205.53 |                  5.40 |                    0.10 |    615 |    41.6753 |
|        1 |        357 |          1160.50 |      1148.32 |      1193.35 |                 10.19 |                    0.17 |    618 |    41.7568 |
|        1 |        358 |          1160.50 |      1148.32 |      1191.97 |                 11.49 |                    0.11 |    618 |    41.8895 |
|        1 |        359 |          1160.50 |      1148.32 |      1176.60 |                 10.17 |                    0.17 |    619 |    42.0729 |
|        1 |        360 |          1160.50 |      1148.32 |      1191.16 |                 11.52 |                    0.20 |    622 |    42.1482 |
|        1 |        361 |          1160.50 |      1148.32 |      1194.20 |                 14.96 |                    0.23 |    623 |    42.2727 |
|        1 |        362 |          1160.50 |      1148.32 |      1192.40 |                  7.92 |                    0.10 |    624 |    42.3529 |
|        1 |        363 |          1160.50 |      1148.32 |      1189.92 |                  7.66 |                    0.10 |    624 |    42.4061 |
|        1 |        364 |          1160.50 |      1148.32 |      1190.46 |                  8.09 |                    0.10 |    624 |    42.4840 |
|        1 |        365 |          1160.50 |      1148.32 |      1190.16 |                  9.05 |                    0.10 |    624 |    42.5878 |
|        1 |        366 |          1160.50 |      1148.32 |      1195.80 |                 10.77 |                    0.10 |    625 |    42.6855 |
|        1 |        367 |          1160.50 |      1148.32 |      1195.24 |                 12.71 |                    0.12 |    625 |    42.7440 |
|        1 |        368 |          1160.50 |      1148.32 |      1192.80 |                 20.24 |                    0.20 |    626 |    42.8166 |
|        1 |        369 |          1160.50 |      1148.32 |      1185.37 |                  9.39 |                    0.10 |    626 |    42.9323 |
|        1 |        370 |          1160.50 |      1148.32 |      1184.18 |                  7.50 |                    0.10 |    626 |    43.0038 |
|        1 |        371 |          1160.50 |      1148.32 |      1170.20 |                 14.72 |                    0.19 |    630 |    43.0953 |
|        1 |        372 |          1160.50 |      1148.32 |      1181.60 |                  7.58 |                    0.10 |    632 |    43.1537 |
|        1 |        373 |          1160.50 |      1148.32 |      1212.37 |                  7.24 |                    0.10 |    634 |    43.2461 |
|        1 |        374 |          1160.50 |      1148.32 |      1213.73 |                 12.23 |                    0.17 |    636 |    43.3309 |
|        1 |        375 |          1160.50 |      1148.32 |      1239.00 |                  7.61 |                    0.11 |    643 |    43.3971 |
|        1 |        376 |          1160.50 |      1148.32 |      1239.09 |                  7.48 |                    0.11 |    645 |    43.5215 |
|        1 |        377 |          1160.50 |      1148.32 |      1232.61 |                  8.44 |                    0.12 |    647 |    43.6740 |
|        1 |        378 |          1160.50 |      1148.32 |      1208.18 |                 11.95 |                    0.15 |    650 |    43.8901 |
|        1 |        379 |          1160.50 |      1148.32 |      1205.70 |                 10.34 |                    0.10 |    651 |    43.9705 |
|        1 |        380 |          1160.50 |      1148.32 |      1186.37 |                 12.00 |                    0.17 |    654 |    44.1684 |
|        1 |        381 |          1160.50 |      1148.32 |      1189.00 |                 11.46 |                    0.16 |    655 |    44.2845 |
|        1 |        382 |          1160.50 |      1148.32 |      1198.50 |                  9.82 |                    0.13 |    655 |    44.3747 |
|        1 |        383 |          1160.50 |      1148.32 |      1198.50 |                 11.12 |                    0.17 |    655 |    44.4716 |
|        1 |        384 |          1160.50 |      1148.32 |      1199.30 |                  8.70 |                    0.14 |    655 |    44.5742 |
|        1 |        385 |          1160.50 |      1148.32 |      1196.79 |                 10.32 |                    0.10 |    658 |    44.7322 |
|        1 |        386 |          1160.50 |      1148.32 |      1183.71 |                 11.99 |                    0.12 |    658 |    44.9283 |
|        1 |        387 |          1160.50 |      1148.32 |      1186.38 |                 10.67 |                    0.11 |    658 |    45.0479 |
|        1 |        388 |          1160.50 |      1148.32 |      1188.34 |                  9.50 |                    0.10 |    658 |    45.1575 |
|        1 |        389 |          1160.50 |      1148.32 |      1186.34 |                  7.72 |                    0.10 |    658 |    45.2921 |
|        1 |        390 |          1160.50 |      1148.32 |      1195.77 |                  8.92 |                    0.10 |    658 |    45.3632 |
|        1 |        391 |          1160.50 |      1148.32 |      1179.10 |                  7.66 |                    0.16 |    660 |    45.5696 |
|        1 |        392 |          1160.50 |      1148.32 |      1180.79 |                 15.95 |                    0.24 |    661 |    45.6744 |
|        1 |        393 |          1160.50 |      1148.32 |      1164.82 |                 11.90 |                    0.12 |    663 |    45.8640 |
|        1 |        394 |          1160.50 |      1148.32 |      1164.73 |                  6.86 |                    0.11 |    665 |    46.0303 |
|        1 |        395 |          1160.50 |      1148.32 |      1219.80 |                  8.16 |                    0.11 |    667 |    46.1206 |
|        1 |        396 |          1160.50 |      1148.32 |      1220.49 |                  8.36 |                    0.13 |    668 |    46.2307 |
|        1 |        397 |          1160.50 |      1148.32 |      1201.39 |                  6.14 |                    0.10 |    672 |    46.3645 |
|        1 |        398 |          1160.50 |      1148.32 |      1195.75 |                  8.63 |                    0.10 |    673 |    46.4972 |
|        1 |        399 |          1160.50 |      1148.32 |      1190.72 |                 10.49 |                    0.12 |    674 |    46.5724 |
|        1 |        400 |          1160.50 |      1148.32 |      1193.23 |                  5.88 |                    0.10 |    675 |    46.6837 |
|        1 |        401 |          1160.50 |      1148.32 |      1187.14 |                 10.23 |                    0.13 |    675 |    46.7905 |
|        1 |        402 |          1160.50 |      1148.32 |      1190.22 |                  7.39 |                    0.11 |    675 |    46.8604 |
|        1 |        403 |          1160.50 |      1148.32 |      1187.99 |                  7.97 |                    0.11 |    675 |    46.9235 |
|        1 |        404 |          1160.50 |      1148.32 |      1188.40 |                  7.54 |                    0.12 |    675 |    47.0075 |
|        1 |        405 |          1160.50 |      1148.32 |      1204.20 |                  9.62 |                    0.10 |    679 |    47.1003 |
|        1 |        406 |          1160.50 |      1148.32 |      1182.40 |                  9.76 |                    0.12 |    680 |    47.1800 |
|        1 |        407 |          1160.50 |      1148.32 |      1202.95 |                  8.70 |                    0.13 |    681 |    47.2579 |
|        1 |        408 |          1160.50 |      1148.32 |      1202.52 |                  8.66 |                    0.10 |    681 |    47.3160 |
|        1 |        409 |          1160.50 |      1148.32 |      1211.00 |                  7.34 |                    0.10 |    686 |    47.3983 |
|        1 |        410 |          1160.50 |      1148.32 |      1196.90 |                  8.96 |                    0.14 |    687 |    47.5674 |
|        1 |        411 |          1160.50 |      1148.32 |      1213.13 |                  8.88 |                    0.14 |    691 |    47.6920 |
|        1 |        412 |          1160.50 |      1148.32 |      1174.17 |                  6.83 |                    0.16 |    692 |    47.8648 |
|        1 |        413 |          1160.50 |      1148.32 |      1189.67 |                  6.15 |                    0.14 |    695 |    47.9330 |
|        1 |        414 |          1160.50 |      1148.32 |      1165.49 |                  8.61 |                    0.20 |    697 |    48.0059 |
|        1 |        415 |          1160.50 |      1148.32 |      1188.20 |                  4.38 |                    0.10 |    698 |    48.0959 |
|        1 |        416 |          1160.50 |      1148.32 |      1181.51 |                  7.10 |                    0.20 |    700 |    48.1954 |
|        1 |        417 |          1160.50 |      1148.32 |      1191.30 |                  6.45 |                    0.18 |    701 |    48.2908 |
|        1 |        418 |          1160.50 |      1148.32 |      1166.50 |                  8.53 |                    0.26 |    701 |    48.4400 |
|        1 |        419 |          1160.50 |      1148.32 |      1189.10 |                  8.24 |                    0.15 |    702 |    48.5226 |
|        1 |        420 |          1160.50 |      1148.32 |      1196.23 |                 11.03 |                    0.11 |    703 |    48.6631 |
|        1 |        421 |          1160.50 |      1148.32 |      1197.00 |                 10.04 |                    0.10 |    703 |    48.7623 |
|        1 |        422 |          1160.50 |      1148.32 |      1201.40 |                  6.97 |                    0.10 |    704 |    48.8418 |
|        1 |        423 |          1160.50 |      1148.32 |      1183.92 |                  6.05 |                    0.10 |    706 |    49.0103 |
|        1 |        424 |          1160.50 |      1148.32 |      1201.01 |                  7.50 |                    0.11 |    707 |    49.1011 |
|        1 |        425 |          1160.50 |      1148.32 |      1202.26 |                  7.93 |                    0.11 |    707 |    49.1674 |
|        1 |        426 |          1160.50 |      1148.32 |      1182.57 |                  8.00 |                    0.11 |    709 |    49.3590 |
|        1 |        427 |          1160.50 |      1148.32 |      1186.40 |                  9.13 |                    0.13 |    711 |    49.4751 |
|        1 |        428 |          1160.50 |      1148.32 |      1184.91 |                 12.02 |                    0.16 |    711 |    49.5601 |
|        1 |        429 |          1160.50 |      1148.32 |      1184.20 |                  9.41 |                    0.13 |    711 |    49.6410 |
|        1 |        430 |          1160.50 |      1148.32 |      1182.08 |                 12.49 |                    0.12 |    711 |    49.7495 |
|        1 |        431 |          1160.50 |      1148.32 |      1190.40 |                 12.81 |                    0.12 |    711 |    49.8242 |
|        1 |        432 |          1160.50 |      1148.32 |      1189.67 |                 12.23 |                    0.10 |    711 |    49.9275 |
|        1 |        433 |          1160.50 |      1148.32 |      1195.39 |                 15.91 |                    0.15 |    712 |    50.0322 |
|        1 |        434 |          1160.50 |      1148.32 |      1196.40 |                  8.02 |                    0.10 |    712 |    50.1028 |
|        1 |        435 |          1160.50 |      1148.32 |      1194.32 |                  5.86 |                    0.10 |    712 |    50.1919 |
|        1 |        436 |          1160.50 |      1148.32 |      1192.33 |                 15.07 |                    0.26 |    712 |    50.2756 |
|        1 |        437 |          1160.50 |      1148.32 |      1195.58 |                  9.26 |                    0.10 |    712 |    50.3880 |
|        1 |        438 |          1160.50 |      1148.32 |      1194.61 |                 10.58 |                    0.11 |    712 |    50.5042 |
|        1 |        439 |          1160.50 |      1148.32 |      1188.17 |                  7.47 |                    0.10 |    713 |    50.6632 |
|        1 |        440 |          1160.50 |      1148.32 |      1186.59 |                 10.01 |                    0.10 |    713 |    50.7789 |
|        1 |        441 |          1160.50 |      1148.32 |      1185.57 |                 10.78 |                    0.10 |    713 |    50.8710 |
|        1 |        442 |          1160.50 |      1148.32 |      1185.96 |                  9.80 |                    0.10 |    713 |    50.9536 |
|        1 |        443 |          1160.50 |      1148.32 |      1185.21 |                 10.68 |                    0.10 |    714 |    51.0250 |
|        1 |        444 |          1160.50 |      1148.32 |      1189.93 |                 17.31 |                    0.17 |    714 |    51.1428 |
|        1 |        445 |          1160.50 |      1148.32 |      1187.80 |                  8.55 |                    0.10 |    714 |    51.2293 |
|        1 |        446 |          1160.50 |      1148.32 |      1185.83 |                 11.35 |                    0.16 |    714 |    51.3483 |
|        1 |        447 |          1160.50 |      1148.32 |      1185.90 |                  7.81 |                    0.10 |    714 |    51.4106 |
|        1 |        448 |          1160.50 |      1148.32 |      1182.93 |                 13.62 |                    0.16 |    714 |    51.4905 |
|        1 |        449 |          1160.50 |      1148.32 |      1185.90 |                 10.26 |                    0.10 |    714 |    51.5453 |
|        1 |        450 |          1160.50 |      1148.32 |      1198.27 |                 12.96 |                    0.13 |    717 |    51.6406 |
|        1 |        451 |          1160.50 |      1148.32 |      1263.90 |                  6.21 |                    0.10 |    719 |    51.7309 |
|        1 |        452 |          1160.50 |      1148.32 |      1189.37 |                  5.97 |                    0.10 |    719 |    51.8812 |
|        1 |        453 |          1160.50 |      1148.32 |      1188.94 |                 12.72 |                    0.14 |    719 |    51.9543 |
|        1 |        454 |          1160.50 |      1148.32 |      1210.36 |                  9.43 |                    0.11 |    721 |    52.0922 |
|        1 |        455 |          1160.50 |      1148.32 |      1195.59 |                  7.21 |                    0.11 |    722 |    52.2272 |
|        1 |        456 |          1160.50 |      1148.32 |      1174.20 |                 14.29 |                    0.10 |    723 |    52.3421 |
|        1 |        457 |          1160.50 |      1148.32 |      1186.20 |                 10.26 |                    0.15 |    725 |    52.5158 |
|        1 |        458 |          1160.50 |      1148.32 |      1200.30 |                 10.51 |                    0.14 |    727 |    52.6028 |
|        1 |        459 |          1160.50 |      1148.32 |      1203.68 |                 12.25 |                    0.15 |    727 |    52.7097 |
|        1 |        460 |          1160.50 |      1148.32 |      1220.10 |                 11.67 |                    0.14 |    732 |    52.8528 |
|        1 |        461 |          1160.50 |      1148.32 |      1195.28 |                 10.23 |                    0.10 |    733 |    53.0276 |
|        1 |        462 |          1160.50 |      1148.32 |      1201.80 |                  5.54 |                    0.11 |    733 |    53.0902 |
|        1 |        463 |          1160.50 |      1148.32 |      1204.51 |                 10.34 |                    0.21 |    733 |    53.1756 |
|        1 |        464 |          1160.50 |      1148.32 |      1194.34 |                 12.77 |                    0.13 |    734 |    53.3062 |
|        1 |        465 |          1160.50 |      1148.32 |      1195.40 |                 16.50 |                    0.17 |    734 |    53.3666 |
|        1 |        466 |          1160.50 |      1148.32 |      1187.80 |                 10.45 |                    0.11 |    735 |    53.4746 |
|        1 |        467 |          1160.50 |      1148.32 |      1182.97 |                 13.28 |                    0.15 |    735 |    53.6340 |
|        1 |        468 |          1160.50 |      1148.32 |      1192.60 |                  3.92 |                    0.10 |    737 |    53.8274 |
|        1 |        469 |          1160.50 |      1148.32 |      1176.02 |                  7.61 |                    0.23 |    739 |    53.9572 |
|        1 |        470 |          1160.50 |      1148.32 |      1181.20 |                  8.11 |                    0.16 |    739 |    54.0665 |
|        1 |        471 |          1160.50 |      1148.32 |      1181.20 |                  5.51 |                    0.10 |    739 |    54.1536 |
|        1 |        472 |          1160.50 |      1148.32 |      1183.33 |                 11.06 |                    0.21 |    740 |    54.2148 |
|        1 |        473 |          1160.50 |      1148.32 |      1181.90 |                  6.10 |                    0.11 |    740 |    54.3074 |
|        1 |        474 |          1160.50 |      1148.32 |      1184.50 |                 13.93 |                    0.26 |    740 |    54.3786 |
|        1 |        475 |          1160.50 |      1148.32 |      1181.72 |                  5.12 |                    0.11 |    740 |    54.6358 |
|        1 |        476 |          1160.50 |      1148.32 |      1184.25 |                 11.18 |                    0.12 |    741 |    54.8382 |
|        1 |        477 |          1160.50 |      1148.32 |      1187.00 |                 11.82 |                    0.10 |    741 |    54.9087 |
|        1 |        478 |          1160.50 |      1148.32 |      1182.77 |                 10.84 |                    0.10 |    741 |    55.0445 |
|        1 |        479 |          1160.50 |      1148.32 |      1182.46 |                 10.45 |                    0.10 |    741 |    55.1456 |
|        1 |        480 |          1160.50 |      1148.32 |      1180.82 |                  9.77 |                    0.15 |    741 |    55.2546 |
|        1 |        481 |          1160.50 |      1148.32 |      1191.86 |                 10.32 |                    0.11 |    743 |    55.3410 |
|        1 |        482 |          1160.50 |      1148.32 |      1180.50 |                  6.52 |                    0.11 |    743 |    55.5163 |
|        1 |        483 |          1160.50 |      1148.32 |      1175.25 |                  7.84 |                    0.10 |    743 |    55.5971 |
|        1 |        484 |          1160.50 |      1148.32 |      1177.54 |                  7.00 |                    0.10 |    743 |    55.6684 |
|        1 |        485 |          1160.50 |      1148.32 |      1181.89 |                  9.89 |                    0.11 |    744 |    55.7286 |
|        1 |        486 |          1160.50 |      1148.32 |      1176.09 |                 12.62 |                    0.12 |    744 |    55.8276 |
|        1 |        487 |          1160.50 |      1148.32 |      1194.00 |                 10.08 |                    0.10 |    744 |    55.9198 |
|        1 |        488 |          1160.50 |      1148.32 |      1191.71 |                  8.29 |                    0.10 |    744 |    56.0123 |
|        1 |        489 |          1160.50 |      1148.32 |      1180.62 |                  9.75 |                    0.10 |    745 |    56.1441 |
|        1 |        490 |          1160.50 |      1148.32 |      1199.50 |                 10.57 |                    0.13 |    745 |    56.2826 |
|        1 |        491 |          1160.50 |      1148.32 |      1194.10 |                  6.51 |                    0.10 |    745 |    56.3620 |
|        1 |        492 |          1160.50 |      1148.32 |      1190.47 |                  7.16 |                    0.10 |    745 |    56.4330 |
|        1 |        493 |          1160.50 |      1148.32 |      1191.76 |                 10.42 |                    0.14 |    746 |    56.5351 |
|        1 |        494 |          1160.50 |      1148.32 |      1193.41 |                 18.12 |                    0.20 |    746 |    56.6460 |
|        1 |        495 |          1160.50 |      1148.32 |      1193.80 |                  9.38 |                    0.10 |    746 |    56.7762 |
|        1 |        496 |          1160.50 |      1148.32 |      1191.36 |                  8.69 |                    0.10 |    746 |    56.8999 |
|        1 |        497 |          1160.50 |      1148.32 |      1195.34 |                  8.73 |                    0.10 |    746 |    56.9908 |
|        1 |        498 |          1160.50 |      1148.32 |      1195.66 |                 13.08 |                    0.12 |    746 |    57.0910 |
|        1 |        499 |          1160.50 |      1148.32 |      1192.30 |                 14.39 |                    0.16 |    746 |    57.1628 |
|        1 |        500 |          1160.50 |      1148.32 |      1192.30 |                 11.26 |                    0.10 |    746 |    57.2398 |
------------------------------------------------------------------------------------------------------------------------------------------------
Version identifier: 22.1.2.0 | 2024-11-26 | 0edbb82fd
CPXPARAM_MIP_Tolerances_UpperCutoff              1160.6000000000222
Tried aggregator 1 time.
MIP Presolve eliminated 9 rows and 178 columns.
MIP Presolve modified 257 coefficients.
Reduced MIP has 92 rows, 568 columns, and 4137 nonzeros.
Reduced MIP has 568 binaries, 0 generals, 0 SOSs, and 0 indicators.
Presolve time = 0.00 sec. (4.89 ticks)
Probing fixed 3 vars, tightened 0 bounds.
Probing time = 0.01 sec. (5.91 ticks)
Tried aggregator 1 time.
Detecting symmetries...
MIP Presolve eliminated 6 rows and 19 columns.
Reduced MIP has 86 rows, 548 columns, and 3961 nonzeros.
Reduced MIP has 548 binaries, 0 generals, 0 SOSs, and 0 indicators.
Presolve time = 0.00 sec. (3.26 ticks)
Probing time = 0.00 sec. (2.36 ticks)
Clique table members: 757.
MIP emphasis: balance optimality and feasibility.
MIP search method: dynamic search.
Parallel mode: deterministic, using up to 8 threads.
Root relaxation solution time = 0.00 sec. (3.75 ticks)

        Nodes                                         Cuts/
   Node  Left     Objective  IInf  Best Integer    Best Bound    ItCnt     Gap

      0     0     1137.7125    22                   1137.7125      197         
*     0+    0                         1160.0000     1137.7500             1.92%
      0     0     1142.4882    32     1160.0000      Cuts: 16      259    1.51%
*     0+    0                         1159.6000     1142.4882             1.48%
      0     0     1143.7525    47     1159.6000      Cuts: 14      309    1.37%
*     0+    0                         1154.9000     1143.7525             0.97%
*     0+    0                         1151.3000     1143.7525             0.66%
      0     0        cutoff           1151.3000     1151.3000      329    0.00%
Elapsed time = 0.04 sec. (45.07 ticks, tree = 0.01 MB, solutions = 4)
objective_value(sp) = 1151.3
 60.746264 seconds (6.88 M allocations: 342.623 MiB, 0.16% gc time, 6.38% compilation time)
#1: 0 (0.0) {61.8} -> 69 (27.0) {71.0} [41.0, 71.0] -> 98 (36.0) {86.0} [0.0, 215.0] -> 53 (41.0) {102.3} [91.0, 121.0] -> 0 (41.0) {132.3} [0.0, 240.0]
#2: 0 (0.0) {2.0000000000000036} -> 92 (14.0) {16.7} [14.0, 44.0] -> 50 (44.0) {47.3} [0.0, 194.0] -> 33 (54.0) {73.7} [0.0, 178.0] -> 32 (64.0) {89.0} [0.0, 178.0] -> 30 (74.0) {100.0} [0.0, 178.0] -> 28 (84.0) {114.0} [0.0, 174.0] -> 26 (114.0) {127.0} [0.0, 171.0] -> 27 (134.0) {142.0} [0.0, 172.0] -> 29 (144.0) {157.0} [0.0, 177.0] -> 31 (164.0) {169.0} [0.0, 179.0] -> 34 (194.0) {182.0} [0.0, 182.0] -> 0 (194.0) {239.4} [0.0, 240.0]
#3: 0 (0.0) {17.400000000000006} -> 90 (6.0) {21.6} [0.0, 225.0] -> 82 (15.0) {42.3} [0.0, 215.0] -> 59 (34.0) {80.9} [0.0, 187.0] -> 87 (47.0) {95.3} [90.0, 120.0] -> 97 (82.0) {115.3} [0.0, 181.0] -> 75 (98.0) {138.3} [0.0, 172.0] -> 58 (118.0) {159.4} [152.0, 182.0] -> 77 (125.0) {180.0} [150.0, 180.0] -> 0 (125.0) {239.9} [0.0, 240.0]
#4: 0 (0.0) {3.499999999999986} -> 88 (19.0) {21.3} [0.0, 212.0] -> 60 (36.0) {40.5} [0.0, 203.0] -> 78 (63.0) {58.5} [0.0, 197.0] -> 73 (68.0) {75.7} [0.0, 190.0] -> 79 (98.0) {94.6} [89.0, 119.0] -> 7 (118.0) {116.0} [0.0, 194.0] -> 6 (138.0) {129.0} [0.0, 196.0] -> 2 (168.0) {143.0} [0.0, 199.0] -> 55 (184.0) {170.0} [140.0, 170.0] -> 0 (184.0) {194.1} [0.0, 240.0]
#5: 0 (0.0) {75.7} -> 65 (16.0) {86.8} [0.0, 218.0] -> 99 (31.0) {107.0} [77.0, 107.0] -> 52 (34.0) {122.0} [0.0, 205.0] -> 86 (62.0) {139.2} [0.0, 197.0] -> 74 (70.0) {153.3} [141.0, 171.0] -> 57 (93.0) {174.4} [0.0, 203.0] -> 83 (107.0) {193.6} [0.0, 210.0] -> 0 (107.0) {222.8} [0.0, 240.0]
#6: 0 (0.0) {11.900000000000006} -> 12 (20.0) {44.2} [0.0, 197.0] -> 14 (30.0) {57.2} [0.0, 194.0] -> 15 (50.0) {73.0} [58.0, 88.0] -> 11 (90.0) {89.0} [59.0, 89.0] -> 10 (120.0) {101.0} [0.0, 198.0] -> 9 (140.0) {116.0} [91.0, 121.0] -> 13 (150.0) {142.0} [142.0, 172.0] -> 16 (170.0) {159.0} [0.0, 188.0] -> 17 (190.0) {174.0} [0.0, 189.0] -> 47 (200.0) {186.0} [0.0, 191.0] -> 0 (200.0) {234.3} [0.0, 240.0]
#7: 0 (0.0) {6.599999999999994} -> 22 (40.0) {41.6} [0.0, 195.0] -> 20 (50.0) {53.6} [0.0, 194.0] -> 49 (60.0) {66.6} [0.0, 191.0] -> 19 (100.0) {78.6} [0.0, 189.0] -> 23 (130.0) {95.0} [65.0, 95.0] -> 21 (140.0) {107.0} [0.0, 185.0] -> 48 (150.0) {119.0} [0.0, 184.0] -> 18 (170.0) {131.0} [0.0, 184.0] -> 25 (190.0) {154.0} [154.0, 184.0] -> 24 (200.0) {174.4} [0.0, 194.0] -> 0 (200.0) {219.4} [0.0, 240.0]
#8: 0 (0.0) {27.900000000000006} -> 42 (10.0) {61.4} [0.0, 196.0] -> 44 (20.0) {73.4} [64.0, 94.0] -> 43 (40.0) {86.4} [0.0, 191.0] -> 38 (70.0) {105.0} [75.0, 105.0] -> 37 (80.0) {118.6} [0.0, 189.0] -> 35 (100.0) {132.2} [0.0, 185.0] -> 36 (140.0) {144.2} [0.0, 186.0] -> 40 (170.0) {159.2} [0.0, 189.0] -> 39 (180.0) {174.2} [0.0, 193.0] -> 41 (200.0) {189.5} [0.0, 199.0] -> 0 (200.0) {230.3} [0.0, 240.0]
#9: 0 (0.0) {2.4000000000000057} -> 61 (9.0) {18.2} [0.0, 214.0] -> 70 (32.0) {38.9} [0.0, 210.0] -> 1 (52.0) {67.7} [0.0, 191.0] -> 3 (62.0) {80.7} [0.0, 190.0] -> 5 (82.0) {92.7} [0.0, 189.0] -> 45 (92.0) {105.7} [0.0, 192.0] -> 8 (102.0) {121.0} [91.0, 121.0] -> 46 (112.0) {134.0} [0.0, 192.0] -> 4 (152.0) {146.0} [141.0, 171.0] -> 100 (155.0) {180.0} [180.0, 210.0] -> 68 (176.0) {201.4} [0.0, 220.0] -> 0 (176.0) {221.4} [0.0, 240.0]
#10: 0 (0.0) {16.699999999999974} -> 80 (13.0) {24.3} [0.0, 222.0] -> 91 (26.0) {39.6} [0.0, 217.0] -> 95 (32.0) {58.2} [0.0, 209.0] -> 62 (35.0) {77.4} [52.0, 82.0] -> 67 (44.0) {94.4} [70.0, 100.0] -> 94 (67.0) {113.6} [0.0, 212.0] -> 96 (93.0) {129.9} [0.0, 214.0] -> 93 (96.0) {146.2} [0.0, 208.0] -> 71 (110.0) {161.2} [0.0, 204.0] -> 72 (118.0) {181.3} [0.0, 202.0] -> 54 (134.0) {200.7} [0.0, 211.0] -> 81 (144.0) {217.0} [0.0, 217.0] -> 0 (144.0) {239.0} [0.0, 240.0]
#11: 0 (0.0) {5.099999999999994} -> 64 (17.0) {25.7} [0.0, 209.0] -> 51 (36.0) {49.8} [0.0, 196.0] -> 89 (61.0) {79.0} [0.0, 177.0] -> 76 (92.0) {98.8} [75.0, 105.0] -> 84 (110.0) {126.0} [96.0, 126.0] -> 63 (116.0) {148.0} [0.0, 190.0] -> 85 (118.0) {161.6} [0.0, 194.0] -> 56 (137.0) {189.2} [0.0, 211.0] -> 66 (153.0) {208.4} [0.0, 216.0] -> 0 (153.0) {231.4} [0.0, 240.0]

Dist: 1151.3. Cost: 1151.3

Clique cuts applied:  7
Cover cuts applied:  1
Zero-half cuts applied:  3
Gomory fractional cuts applied:  2

Root node processing (before b&c):
  Real time             =    0.04 sec. (45.10 ticks)
Parallel b&c, 8 threads:
  Real time             =    0.00 sec. (0.00 ticks)
  Sync time (average)   =    0.00 sec.
  Wait time (average)   =    0.00 sec.
                          ------------
Total (root+branch&cut) =    0.04 sec. (45.10 ticks)
