Solving...
------------------------------------------------------------------------------------------------------------------------------------------------
|  Restart |  Iteration |  Best Feas. Cost |    Best Cost |   Curr. Cost |   Penalty Custom Res. |   Penalty Standard Res. |   Pool |   Time (s) |
------------------------------------------------------------------------------------------------------------------------------------------------
|        1 |          1 |              Inf |      1413.73 |      1451.93 |                  7.77 |                    0.39 |     49 |     0.2209 |
|        1 |          2 |              Inf |      1413.73 |      1452.44 |                 20.63 |                    0.10 |     61 |     0.8443 |
|        1 |          3 |              Inf |      1413.73 |      1436.27 |                 21.66 |                    0.10 |     63 |     1.0471 |
|        1 |          4 |              Inf |      1413.73 |      1448.49 |                 17.83 |                    0.10 |     63 |     1.1410 |
|        1 |          5 |              Inf |      1413.73 |      1430.52 |                 13.93 |                    0.10 |     64 |     1.2613 |
|        1 |          6 |              Inf |      1413.73 |      1432.60 |                 20.65 |                    0.10 |     64 |     1.3622 |
|        1 |          7 |              Inf |      1413.73 |      1446.03 |                  9.89 |                    0.10 |     64 |     1.4523 |
|        1 |          8 |              Inf |      1413.73 |      1437.20 |                 19.24 |                    0.10 |     66 |     1.5323 |
|        1 |          0 |          1436.20 |      1413.73 |      1436.20 |                 18.37 |                    0.10 |     71 |     1.6436 |
|        1 |          1 |          1436.20 |      1413.73 |      1448.70 |                 12.88 |                    0.10 |     73 |     1.7208 |
|        1 |          2 |          1436.20 |      1413.73 |      1438.05 |                 15.32 |                    0.10 |     74 |     1.8304 |
|        1 |          3 |          1436.20 |      1413.73 |      1446.90 |                 17.71 |                    0.10 |     78 |     1.9166 |
|        1 |          4 |          1436.20 |      1413.73 |      1455.90 |                 15.63 |                    0.10 |     81 |     1.9914 |
|        1 |          5 |          1436.20 |      1413.73 |      1440.03 |                 13.97 |                    0.10 |     84 |     2.1871 |
|        1 |          6 |          1436.20 |      1413.73 |      1437.60 |                 13.33 |                    0.10 |     88 |     2.3039 |
|        1 |          0 |          1419.20 |      1413.73 |      1419.20 |                 10.58 |                    0.10 |     97 |     2.4826 |
|        1 |          1 |          1419.20 |      1413.73 |      1419.20 |                  4.41 |                    0.10 |     97 |     2.5576 |
|        1 |          2 |          1419.20 |      1413.73 |      1441.00 |                  7.56 |                    0.10 |    104 |     2.7554 |
|        1 |          3 |          1419.20 |      1413.73 |      1440.26 |                  8.15 |                    0.10 |    105 |     2.8414 |
|        1 |          4 |          1419.20 |      1413.73 |      1429.68 |                  9.62 |                    0.10 |    110 |     3.0705 |
|        1 |          5 |          1419.20 |      1413.73 |      1422.50 |                 10.23 |                    0.10 |    112 |     3.2424 |
|        1 |          6 |          1419.20 |      1413.73 |      1419.30 |                  5.05 |                    0.10 |    113 |     3.3304 |
|        1 |          7 |          1419.20 |      1396.19 |      1396.19 |                  6.85 |                    0.12 |    113 |     3.4118 |
|        1 |          8 |          1419.20 |      1396.19 |      1407.06 |                 13.87 |                    0.10 |    113 |     3.4884 |
|        1 |          9 |          1419.20 |      1396.19 |      1419.30 |                  6.26 |                    0.10 |    113 |     3.5857 |
|        1 |         10 |          1419.20 |      1396.19 |      1417.34 |                 13.98 |                    0.11 |    117 |     3.7204 |
|        1 |         11 |          1419.20 |      1396.19 |      1434.69 |                 21.70 |                    0.15 |    121 |     3.8956 |
|        1 |         12 |          1419.20 |      1396.19 |      1439.52 |                 14.02 |                    0.10 |    124 |     4.0110 |
|        1 |         13 |          1419.20 |      1396.19 |      1439.32 |                 20.22 |                    0.10 |    124 |     4.0741 |
|        1 |         14 |          1419.20 |      1396.19 |      1439.70 |                 12.94 |                    0.10 |    126 |     4.1813 |
|        1 |         15 |          1419.20 |      1396.19 |      1439.03 |                 17.55 |                    0.10 |    126 |     4.2662 |
|        1 |         16 |          1419.20 |      1396.19 |      1441.40 |                 24.79 |                    0.10 |    127 |     4.3443 |
|        1 |         17 |          1419.20 |      1396.19 |      1439.70 |                 13.54 |                    0.10 |    127 |     4.4126 |
|        1 |         18 |          1419.20 |      1396.19 |      1438.65 |                 14.29 |                    0.10 |    127 |     4.5082 |
|        1 |         19 |          1419.20 |      1396.19 |      1439.63 |                 15.24 |                    0.10 |    131 |     4.5952 |
|        1 |         20 |          1419.20 |      1396.19 |      1439.74 |                 13.58 |                    0.10 |    131 |     4.6789 |
|        1 |         21 |          1419.20 |      1396.19 |      1459.10 |                 17.38 |                    0.10 |    133 |     4.7316 |
|        1 |         22 |          1419.20 |      1396.19 |      1467.11 |                 12.74 |                    0.10 |    138 |     4.9316 |
|        1 |         23 |          1419.20 |      1396.19 |      1458.87 |                 17.09 |                    0.10 |    142 |     5.0292 |
|        1 |         24 |          1419.20 |      1396.19 |      1435.00 |                  6.37 |                    0.10 |    145 |     5.1387 |
|        1 |         25 |          1419.20 |      1383.80 |      1383.80 |                 15.46 |                    0.10 |    151 |     5.3515 |
|        1 |         26 |          1419.20 |      1383.80 |      1441.50 |                  7.34 |                    0.10 |    155 |     5.4125 |
|        1 |         27 |          1419.20 |      1383.80 |      1428.62 |                  8.74 |                    0.10 |    157 |     5.4925 |
|        1 |         28 |          1419.20 |      1383.80 |      1436.22 |                 14.35 |                    0.10 |    158 |     5.5602 |
|        1 |         29 |          1419.20 |      1383.80 |      1444.70 |                 15.17 |                    0.10 |    160 |     5.6267 |
|        1 |         30 |          1419.20 |      1383.80 |      1441.66 |                 11.04 |                    0.10 |    163 |     5.7510 |
|        1 |          0 |          1418.10 |      1383.80 |      1418.10 |                  7.73 |                    0.10 |    166 |     5.8401 |
|        1 |          1 |          1418.10 |      1383.80 |      1434.43 |                 13.32 |                    0.10 |    170 |     5.9390 |
|        1 |          2 |          1418.10 |      1383.80 |      1424.10 |                 23.80 |                    0.10 |    174 |     6.0791 |
|        1 |          0 |          1418.00 |      1383.80 |      1418.00 |                 14.34 |                    0.10 |    174 |     6.1863 |
|        1 |          1 |          1418.00 |      1383.80 |      1467.00 |                  9.18 |                    0.10 |    181 |     6.2752 |
|        1 |          2 |          1418.00 |      1383.80 |      1409.64 |                  6.65 |                    0.11 |    184 |     6.4635 |
|        1 |          3 |          1418.00 |      1383.80 |      1439.73 |                  6.04 |                    0.10 |    190 |     6.5386 |
|        1 |          4 |          1418.00 |      1383.80 |      1401.41 |                 17.15 |                    0.10 |    193 |     6.6492 |
|        1 |          0 |          1415.80 |      1383.80 |      1415.80 |                  9.54 |                    0.10 |    197 |     6.7452 |
|        1 |          1 |          1415.80 |      1383.80 |      1415.53 |                 19.68 |                    0.12 |    197 |     6.8383 |
|        1 |          2 |          1415.80 |      1383.80 |      1418.20 |                 16.50 |                    0.10 |    199 |     6.9253 |
|        1 |          3 |          1415.80 |      1383.80 |      1418.20 |                 13.70 |                    0.10 |    199 |     7.0143 |
|        1 |          4 |          1415.80 |      1383.80 |      1414.69 |                 15.67 |                    0.10 |    201 |     7.0958 |
|        1 |          0 |          1415.70 |      1383.80 |      1415.70 |                 14.24 |                    0.10 |    201 |     7.1945 |
|        1 |          1 |          1415.70 |      1383.80 |      1410.34 |                 15.45 |                    0.10 |    202 |     7.3154 |
|        1 |          2 |          1415.70 |      1383.80 |      1451.45 |                 15.78 |                    0.10 |    205 |     7.4480 |
|        1 |          3 |          1415.70 |      1383.80 |      1413.38 |                 17.49 |                    0.10 |    209 |     7.5682 |
|        1 |          4 |          1415.70 |      1383.80 |      1407.52 |                 15.24 |                    0.10 |    211 |     7.6848 |
|        1 |          5 |          1415.70 |      1383.80 |      1402.71 |                 14.24 |                    0.10 |    211 |     7.8188 |
|        1 |          6 |          1415.70 |      1383.80 |      1405.26 |                 20.68 |                    0.10 |    211 |     7.9430 |
|        1 |          7 |          1415.70 |      1383.80 |      1405.43 |                  6.63 |                    0.10 |    213 |     8.0723 |
|        1 |          8 |          1415.70 |      1383.80 |      1393.06 |                 16.07 |                    0.10 |    213 |     8.1467 |
|        1 |          9 |          1415.70 |      1383.80 |      1427.11 |                 15.07 |                    0.10 |    214 |     8.2230 |
|        1 |         10 |          1415.70 |      1383.80 |      1427.23 |                 17.24 |                    0.10 |    214 |     8.3085 |
|        1 |         11 |          1415.70 |      1383.80 |      1426.70 |                 13.87 |                    0.10 |    216 |     8.4230 |
|        1 |         12 |          1415.70 |      1383.80 |      1419.22 |                 15.25 |                    0.10 |    217 |     8.5048 |
|        1 |         13 |          1415.70 |      1383.80 |      1420.25 |                 10.69 |                    0.10 |    217 |     8.5724 |
|        1 |         14 |          1415.70 |      1383.80 |      1417.92 |                 18.26 |                    0.10 |    218 |     8.6437 |
|        1 |         15 |          1415.70 |      1383.80 |      1460.80 |                 12.11 |                    0.10 |    225 |     9.0884 |
|        1 |         16 |          1415.70 |      1383.80 |      1458.12 |                 10.59 |                    0.10 |    225 |     9.1545 |
|        1 |         17 |          1415.70 |      1383.80 |      1451.75 |                 15.82 |                    0.10 |    229 |     9.3019 |
|        1 |          0 |          1410.10 |      1383.80 |      1410.10 |                 13.59 |                    0.10 |    234 |     9.5821 |
|        1 |          0 |          1401.90 |      1383.80 |      1401.90 |                 15.00 |                    0.11 |    236 |     9.7568 |
|        1 |          1 |          1401.90 |      1383.80 |      1433.18 |                 16.98 |                    0.10 |    241 |     9.8597 |
|        1 |          2 |          1401.90 |      1383.80 |      1442.41 |                 20.59 |                    0.10 |    243 |     9.9702 |
|        1 |          3 |          1401.90 |      1378.74 |      1378.74 |                 13.79 |                    0.10 |    244 |    10.1398 |
|        1 |          4 |          1401.90 |      1376.47 |      1376.47 |                 13.72 |                    0.10 |    244 |    10.2223 |
|        1 |          5 |          1401.90 |      1376.47 |      1376.61 |                 14.20 |                    0.10 |    244 |    10.2989 |
|        1 |          6 |          1401.90 |      1376.47 |      1407.65 |                 23.54 |                    0.10 |    246 |    10.3726 |
|        1 |          7 |          1401.90 |      1376.47 |      1425.22 |                 14.74 |                    0.10 |    246 |    10.6823 |
|        1 |          8 |          1401.90 |      1376.47 |      1425.50 |                 18.98 |                    0.10 |    248 |    10.8021 |
|        1 |          9 |          1401.90 |      1376.47 |      1425.50 |                 20.21 |                    0.16 |    249 |    10.9302 |
|        1 |         10 |          1401.90 |      1376.47 |      1439.00 |                 12.53 |                    0.10 |    253 |    11.0540 |
|        1 |         11 |          1401.90 |      1376.47 |      1388.88 |                 10.38 |                    0.10 |    257 |    11.2505 |
|        1 |         12 |          1401.90 |      1376.47 |      1434.47 |                 11.64 |                    0.10 |    261 |    11.3417 |
|        1 |         13 |          1401.90 |      1376.47 |      1429.54 |                  9.86 |                    0.10 |    264 |    11.4380 |
|        1 |         14 |          1401.90 |      1376.47 |      1424.45 |                 12.36 |                    0.10 |    264 |    11.5136 |
|        1 |         15 |          1401.90 |      1376.47 |      1432.53 |                 12.81 |                    0.10 |    266 |    11.5886 |
|        1 |         16 |          1401.90 |      1376.47 |      1456.10 |                 10.38 |                    0.14 |    269 |    11.7610 |
|        1 |         17 |          1401.90 |      1376.47 |      1435.06 |                 14.20 |                    0.10 |    269 |    11.8652 |
|        1 |         18 |          1401.90 |      1376.47 |      1448.24 |                 11.22 |                    0.10 |    270 |    11.9690 |
|        1 |         19 |          1401.90 |      1376.47 |      1435.78 |                  9.32 |                    0.10 |    270 |    12.0754 |
|        1 |         20 |          1401.90 |      1376.47 |      1488.46 |                  9.00 |                    0.10 |    273 |    12.1686 |
|        1 |         21 |          1401.90 |      1376.47 |      1461.45 |                 12.81 |                    0.10 |    278 |    12.2913 |
|        1 |         22 |          1401.90 |      1376.47 |      1510.60 |                 10.83 |                    0.10 |    284 |    12.4110 |
|        1 |         23 |          1401.90 |      1376.47 |      1536.63 |                 23.08 |                    0.13 |    286 |    12.4746 |
|        1 |         24 |          1401.90 |      1376.47 |      1445.60 |                 16.18 |                    0.12 |    286 |    12.5653 |
|        1 |         25 |          1401.90 |      1376.47 |      1448.90 |                  8.32 |                    0.10 |    291 |    12.6511 |
|        1 |         26 |          1401.90 |      1376.47 |      1448.90 |                  9.15 |                    0.10 |    291 |    12.7463 |
|        1 |         27 |          1401.90 |      1376.47 |      1430.79 |                 15.88 |                    0.14 |    294 |    12.8969 |
|        1 |         28 |          1401.90 |      1376.47 |      1477.90 |                  9.03 |                    0.10 |    300 |    12.9776 |
|        1 |         29 |          1401.90 |      1376.47 |      1449.30 |                 13.34 |                    0.12 |    307 |    13.1283 |
|        1 |         30 |          1401.90 |      1376.47 |      1468.10 |                 11.89 |                    0.13 |    313 |    13.3746 |
|        1 |         31 |          1401.90 |      1376.47 |      1468.10 |                 10.09 |                    0.10 |    313 |    13.4487 |
|        1 |         32 |          1401.90 |      1376.47 |      1431.70 |                  9.14 |                    0.10 |    315 |    13.5856 |
|        1 |         33 |          1401.90 |      1376.47 |      1418.43 |                 11.60 |                    0.10 |    319 |    13.7729 |
|        1 |         34 |          1401.90 |      1376.47 |      1452.52 |                 16.19 |                    0.10 |    319 |    13.8766 |
|        1 |         35 |          1401.90 |      1376.47 |      1427.20 |                 15.02 |                    0.10 |    321 |    13.9636 |
|        1 |         36 |          1401.90 |      1376.47 |      1485.62 |                 12.72 |                    0.10 |    323 |    14.0536 |
|        1 |         37 |          1401.90 |      1376.47 |      1444.66 |                 26.75 |                    0.17 |    328 |    14.3307 |
|        1 |         38 |          1401.90 |      1376.47 |      1470.50 |                 10.60 |                    0.10 |    331 |    14.4173 |
|        1 |         39 |          1401.90 |      1376.47 |      1410.90 |                  5.10 |                    0.10 |    332 |    14.5999 |
|        1 |         40 |          1401.90 |      1376.47 |      1403.89 |                  9.82 |                    0.17 |    335 |    14.6663 |
|        1 |         41 |          1401.90 |      1376.47 |      1396.54 |                 15.47 |                    0.10 |    339 |    14.8888 |
|        1 |         42 |          1401.90 |      1376.47 |      1411.55 |                 14.30 |                    0.10 |    341 |    15.0164 |
|        1 |         43 |          1401.90 |      1376.47 |      1435.68 |                 31.70 |                    0.12 |    342 |    15.0792 |
|        1 |          0 |          1392.20 |      1376.47 |      1392.20 |                 10.35 |                    0.10 |    343 |    15.2079 |
|        1 |          1 |          1392.20 |      1376.47 |      1392.20 |                  5.37 |                    0.11 |    343 |    15.2921 |
|        1 |          2 |          1392.20 |      1376.47 |      1395.50 |                 10.98 |                    0.10 |    344 |    15.3710 |
|        1 |          3 |          1392.20 |      1376.47 |      1391.29 |                  7.61 |                    0.10 |    345 |    15.4613 |
|        1 |          4 |          1392.20 |      1376.47 |      1382.10 |                 14.92 |                    0.10 |    346 |    15.5569 |
|        1 |          5 |          1392.20 |      1376.47 |      1383.27 |                 13.67 |                    0.10 |    346 |    15.6786 |
|        1 |          6 |          1392.20 |      1376.47 |      1396.09 |                 14.88 |                    0.10 |    348 |    15.7646 |
|        1 |          7 |          1392.20 |      1376.47 |      1387.60 |                 21.43 |                    0.10 |    348 |    15.8366 |
|        1 |          8 |          1392.20 |      1376.47 |      1386.28 |                 23.75 |                    0.10 |    348 |    15.9470 |
|        1 |          9 |          1392.20 |      1376.47 |      1391.24 |                 15.44 |                    0.10 |    348 |    16.1007 |
|        1 |         10 |          1392.20 |      1376.47 |      1393.26 |                 18.03 |                    0.10 |    348 |    16.1776 |
|        1 |         11 |          1392.20 |      1376.47 |      1430.80 |                  7.59 |                    0.10 |    351 |    16.2486 |
|        1 |         12 |          1392.20 |      1376.47 |      1402.57 |                 15.53 |                    0.10 |    351 |    16.3079 |
|        1 |         13 |          1392.20 |      1376.47 |      1438.10 |                 16.26 |                    0.10 |    354 |    16.3740 |
|        1 |         14 |          1392.20 |      1376.47 |      1438.10 |                 13.12 |                    0.10 |    354 |    16.4400 |
|        1 |         15 |          1392.20 |      1376.47 |      1438.10 |                  9.19 |                    0.10 |    354 |    16.5178 |
|        1 |         16 |          1392.20 |      1376.47 |      1426.00 |                 11.84 |                    0.10 |    356 |    16.6174 |
|        1 |         17 |          1392.20 |      1376.47 |      1394.18 |                 14.80 |                    0.10 |    356 |    16.7289 |
|        1 |         18 |          1392.20 |      1376.47 |      1391.56 |                 10.35 |                    0.10 |    356 |    16.8372 |
|        1 |         19 |          1392.20 |      1376.47 |      1380.60 |                 16.67 |                    0.10 |    356 |    16.8894 |
|        1 |         20 |          1392.20 |      1376.47 |      1387.15 |                 15.73 |                    0.10 |    356 |    17.0021 |
|        1 |         21 |          1392.20 |      1376.47 |      1445.40 |                 18.17 |                    0.10 |    360 |    17.0805 |
|        1 |         22 |          1392.20 |      1376.47 |      1389.24 |                 12.43 |                    0.10 |    361 |    17.2459 |
|        1 |         23 |          1392.20 |      1376.47 |      1399.03 |                 15.28 |                    0.10 |    361 |    17.3048 |
|        1 |         24 |          1392.20 |      1376.47 |      1401.71 |                 15.98 |                    0.10 |    361 |    17.3795 |
|        1 |         25 |          1392.20 |      1376.47 |      1447.29 |                 16.12 |                    0.10 |    365 |    17.5630 |
|        1 |         26 |          1392.20 |      1376.47 |      1452.70 |                 19.98 |                    0.10 |    368 |    17.6469 |
|        1 |         27 |          1392.20 |      1376.47 |      1435.30 |                 16.07 |                    0.10 |    370 |    17.7754 |
|        1 |         28 |          1392.20 |      1376.47 |      1430.20 |                 16.30 |                    0.10 |    370 |    17.8608 |
|        1 |         29 |          1392.20 |      1376.47 |      1430.20 |                  9.19 |                    0.10 |    370 |    17.9107 |
|        1 |         30 |          1392.20 |      1376.47 |      1421.70 |                 15.04 |                    0.10 |    371 |    18.0165 |
|        1 |         31 |          1392.20 |      1376.47 |      1421.70 |                 20.00 |                    0.10 |    371 |    18.0909 |
|        1 |         32 |          1392.20 |      1376.47 |      1426.40 |                 16.80 |                    0.10 |    371 |    18.1599 |
|        1 |         33 |          1392.20 |      1376.47 |      1463.60 |                 14.20 |                    0.10 |    372 |    18.2770 |
|        1 |         34 |          1392.20 |      1376.47 |      1463.93 |                 14.09 |                    0.10 |    372 |    18.3978 |
|        1 |         35 |          1392.20 |      1376.47 |      1463.60 |                 21.11 |                    0.10 |    372 |    18.4844 |
|        1 |         36 |          1392.20 |      1376.47 |      1462.66 |                 22.64 |                    0.10 |    372 |    18.6345 |
|        1 |         37 |          1392.20 |      1376.47 |      1453.00 |                 24.58 |                    0.10 |    373 |    18.7705 |
|        1 |         38 |          1392.20 |      1376.47 |      1446.90 |                 14.12 |                    0.10 |    374 |    18.8344 |
|        1 |         39 |          1392.20 |      1376.47 |      1469.38 |                 13.48 |                    0.10 |    376 |    18.9285 |
|        1 |         40 |          1392.20 |      1376.47 |      1470.10 |                 14.38 |                    0.10 |    376 |    19.0105 |
|        1 |         41 |          1392.20 |      1376.47 |      1474.50 |                 20.51 |                    0.10 |    376 |    19.0840 |
|        1 |         42 |          1392.20 |      1376.47 |      1457.97 |                 16.17 |                    0.10 |    379 |    19.2039 |
|        1 |         43 |          1392.20 |      1376.47 |      1416.66 |                 18.18 |                    0.10 |    379 |    19.3838 |
|        1 |         44 |          1392.20 |      1376.47 |      1471.31 |                 19.76 |                    0.10 |    383 |    19.4872 |
|        1 |         45 |          1392.20 |      1376.47 |      1424.10 |                  7.45 |                    0.10 |    386 |    19.5788 |
|        1 |         46 |          1392.20 |      1376.47 |      1420.30 |                 10.51 |                    0.16 |    386 |    19.6665 |
|        1 |         47 |          1392.20 |      1376.47 |      1420.30 |                 16.57 |                    0.10 |    386 |    19.7383 |
|        1 |         48 |          1392.20 |      1376.47 |      1420.30 |                 14.76 |                    0.10 |    386 |    19.8195 |
|        1 |         49 |          1392.20 |      1376.47 |      1420.30 |                  9.37 |                    0.12 |    386 |    19.8807 |
|        1 |         50 |          1392.20 |      1376.47 |      1412.70 |                 18.58 |                    0.10 |    390 |    19.9664 |
------------------------------------------------------------------------------------------------------------------------------------------------
|  Restart |  Iteration |  Best Feas. Cost |    Best Cost |   Curr. Cost |   Penalty Custom Res. |   Penalty Standard Res. |   Pool |   Time (s) |
------------------------------------------------------------------------------------------------------------------------------------------------
|        1 |         51 |          1392.20 |      1376.47 |      1427.80 |                 16.00 |                    0.15 |    392 |    20.1119 |
|        1 |         52 |          1392.20 |      1376.47 |      1427.80 |                 18.30 |                    0.10 |    392 |    20.1917 |
|        1 |         53 |          1392.20 |      1376.47 |      1421.00 |                  8.43 |                    0.10 |    392 |    20.2641 |
|        1 |         54 |          1392.20 |      1376.47 |      1416.18 |                  6.58 |                    0.10 |    392 |    20.3920 |
|        1 |         55 |          1392.20 |      1376.47 |      1422.72 |                 12.94 |                    0.10 |    394 |    20.4510 |
|        1 |         56 |          1392.20 |      1376.47 |      1426.50 |                 13.64 |                    0.10 |    400 |    20.5599 |
|        1 |         57 |          1392.20 |      1376.47 |      1417.68 |                  9.95 |                    0.10 |    401 |    20.6418 |
|        1 |         58 |          1392.20 |      1376.47 |      1418.57 |                 16.84 |                    0.11 |    401 |    20.7025 |
|        1 |         59 |          1392.20 |      1376.47 |      1432.70 |                  8.93 |                    0.10 |    405 |    20.7665 |
|        1 |         60 |          1392.20 |      1376.47 |      1417.17 |                 23.91 |                    0.10 |    405 |    20.8374 |
|        1 |         61 |          1392.20 |      1376.47 |      1418.80 |                 17.81 |                    0.10 |    406 |    20.9029 |
|        1 |         62 |          1392.20 |      1376.47 |      1418.80 |                 13.12 |                    0.10 |    406 |    20.9886 |
|        1 |         63 |          1392.20 |      1376.47 |      1418.80 |                  7.03 |                    0.10 |    406 |    21.0457 |
|        1 |         64 |          1392.20 |      1376.47 |      1437.46 |                 15.41 |                    0.10 |    409 |    21.1235 |
|        1 |         65 |          1392.20 |      1376.47 |      1440.90 |                 11.48 |                    0.10 |    409 |    21.1884 |
|        1 |         66 |          1392.20 |      1376.47 |      1440.90 |                  8.82 |                    0.10 |    409 |    21.2409 |
|        1 |         67 |          1392.20 |      1376.47 |      1435.67 |                 13.89 |                    0.10 |    409 |    21.3370 |
|        1 |         68 |          1392.20 |      1376.47 |      1442.30 |                 12.26 |                    0.10 |    409 |    21.4034 |
|        1 |         69 |          1392.20 |      1376.47 |      1440.34 |                  7.26 |                    0.10 |    409 |    21.4629 |
|        1 |         70 |          1392.20 |      1376.47 |      1422.67 |                 13.56 |                    0.11 |    410 |    21.5437 |
|        1 |         71 |          1392.20 |      1376.47 |      1429.62 |                 10.21 |                    0.10 |    410 |    21.6235 |
|        1 |         72 |          1392.20 |      1376.47 |      1443.40 |                  9.44 |                    0.10 |    415 |    21.7415 |
|        1 |         73 |          1392.20 |      1376.47 |      1425.74 |                 14.27 |                    0.10 |    417 |    21.8477 |
|        1 |         74 |          1392.20 |      1376.47 |      1436.63 |                 13.13 |                    0.11 |    417 |    21.9041 |
|        1 |         75 |          1392.20 |      1376.47 |      1459.10 |                  7.47 |                    0.10 |    418 |    21.9675 |
|        1 |         76 |          1392.20 |      1376.47 |      1455.04 |                 20.18 |                    0.10 |    422 |    22.0469 |
|        1 |         77 |          1392.20 |      1376.47 |      1547.80 |                  9.02 |                    0.10 |    427 |    22.1253 |
|        1 |         78 |          1392.20 |      1376.47 |      1550.60 |                  9.73 |                    0.15 |    428 |    22.1900 |
|        1 |         79 |          1392.20 |      1376.47 |      1464.71 |                 10.86 |                    0.10 |    431 |    22.3487 |
|        1 |         80 |          1392.20 |      1376.47 |      1428.80 |                 16.08 |                    0.10 |    433 |    22.4622 |
|        1 |         81 |          1392.20 |      1376.47 |      1441.10 |                  9.43 |                    0.10 |    434 |    22.5196 |
|        1 |         82 |          1392.20 |      1376.47 |      1426.90 |                 13.44 |                    0.10 |    435 |    22.6015 |
|        1 |         83 |          1392.20 |      1376.47 |      1437.57 |                 31.43 |                    0.10 |    436 |    22.7554 |
|        1 |         84 |          1392.20 |      1376.47 |      1425.30 |                  8.23 |                    0.10 |    436 |    22.9068 |
|        1 |         85 |          1392.20 |      1376.47 |      1463.07 |                 19.32 |                    0.10 |    439 |    23.0019 |
|        1 |         86 |          1392.20 |      1376.47 |      1484.80 |                 18.41 |                    0.10 |    443 |    23.1210 |
|        1 |         87 |          1392.20 |      1376.47 |      1434.00 |                  8.22 |                    0.10 |    446 |    23.2093 |
|        1 |         88 |          1392.20 |      1376.47 |      1449.44 |                 16.64 |                    0.10 |    448 |    23.2852 |
|        1 |         89 |          1392.20 |      1376.47 |      1477.50 |                  8.37 |                    0.11 |    452 |    23.3931 |
|        1 |         90 |          1392.20 |      1376.47 |      1457.81 |                 26.45 |                    0.10 |    456 |    23.5284 |
|        1 |         91 |          1392.20 |      1376.47 |      1473.46 |                  9.53 |                    0.10 |    460 |    23.7079 |
|        1 |         92 |          1392.20 |      1376.47 |      1443.00 |                  6.02 |                    0.12 |    461 |    23.8348 |
|        1 |         93 |          1392.20 |      1376.47 |      1398.56 |                 14.60 |                    0.10 |    465 |    23.9094 |
|        1 |         94 |          1392.20 |      1376.47 |      1447.88 |                 18.98 |                    0.10 |    466 |    24.0177 |
|        1 |         95 |          1392.20 |      1376.47 |      1466.04 |                 13.96 |                    0.10 |    470 |    24.1281 |
|        1 |         96 |          1392.20 |      1376.47 |      1465.53 |                 20.11 |                    0.10 |    470 |    24.2064 |
|        1 |         97 |          1392.20 |      1376.47 |      1473.50 |                 17.07 |                    0.10 |    471 |    24.2672 |
|        1 |         98 |          1392.20 |      1376.47 |      1468.07 |                 20.56 |                    0.10 |    471 |    24.3284 |
|        1 |         99 |          1392.20 |      1376.47 |      1441.20 |                 13.92 |                    0.10 |    473 |    24.4813 |
|        1 |        100 |          1392.20 |      1376.47 |      1438.56 |                 14.70 |                    0.10 |    473 |    24.5556 |
|        1 |        101 |          1392.20 |      1376.47 |      1414.27 |                 16.62 |                    0.10 |    473 |    24.6782 |
|        1 |        102 |          1392.20 |      1376.47 |      1414.09 |                 18.42 |                    0.10 |    473 |    24.8012 |
|        1 |        103 |          1392.20 |      1376.47 |      1444.00 |                 15.62 |                    0.10 |    475 |    24.8823 |
|        1 |        104 |          1392.20 |      1376.47 |      1438.74 |                 24.02 |                    0.13 |    476 |    25.0262 |
|        1 |        105 |          1392.20 |      1376.47 |      1434.45 |                 15.16 |                    0.10 |    477 |    25.1746 |
|        1 |        106 |          1392.20 |      1376.47 |      1440.93 |                 21.98 |                    0.10 |    480 |    25.2910 |
|        1 |        107 |          1392.20 |      1376.47 |      1480.80 |                 11.43 |                    0.10 |    482 |    25.3551 |
|        1 |        108 |          1392.20 |      1376.47 |      1480.80 |                 14.62 |                    0.10 |    483 |    25.4092 |
|        1 |        109 |          1392.20 |      1376.47 |      1433.65 |                 19.90 |                    0.10 |    484 |    25.5797 |
|        1 |        110 |          1392.20 |      1376.47 |      1451.10 |                 13.14 |                    0.10 |    486 |    25.6523 |
|        1 |        111 |          1392.20 |      1376.47 |      1448.83 |                 15.79 |                    0.10 |    487 |    25.7490 |
|        1 |        112 |          1392.20 |      1376.47 |      1451.10 |                 11.62 |                    0.10 |    487 |    25.8492 |
|        1 |        113 |          1392.20 |      1376.47 |      1440.26 |                 16.89 |                    0.10 |    490 |    25.9434 |
|        1 |        114 |          1392.20 |      1376.47 |      1455.20 |                  7.47 |                    0.10 |    491 |    26.0292 |
|        1 |        115 |          1392.20 |      1376.47 |      1427.54 |                  9.54 |                    0.10 |    493 |    26.1013 |
|        1 |        116 |          1392.20 |      1376.47 |      1406.68 |                 16.59 |                    0.10 |    493 |    26.2113 |
|        1 |        117 |          1392.20 |      1376.47 |      1409.11 |                  9.51 |                    0.10 |    493 |    26.3329 |
|        1 |        118 |          1392.20 |      1376.47 |      1439.64 |                 16.54 |                    0.10 |    493 |    26.4221 |
|        1 |        119 |          1392.20 |      1376.47 |      1449.29 |                  9.04 |                    0.10 |    495 |    26.4897 |
|        1 |        120 |          1392.20 |      1376.47 |      1440.31 |                 10.89 |                    0.10 |    495 |    26.5519 |
|        1 |        121 |          1392.20 |      1376.47 |      1428.23 |                  9.56 |                    0.10 |    496 |    26.7008 |
|        1 |        122 |          1392.20 |      1376.47 |      1449.20 |                 12.19 |                    0.10 |    500 |    26.7989 |
|        1 |        123 |          1392.20 |      1376.47 |      1430.80 |                 12.59 |                    0.10 |    505 |    26.9261 |
|        1 |        124 |          1392.20 |      1376.47 |      1439.40 |                 13.16 |                    0.10 |    507 |    27.0100 |
|        1 |        125 |          1392.20 |      1376.47 |      1439.40 |                 14.48 |                    0.10 |    507 |    27.0772 |
|        1 |        126 |          1392.20 |      1376.47 |      1421.67 |                 17.13 |                    0.10 |    508 |    27.2577 |
|        1 |        127 |          1392.20 |      1376.47 |      1454.10 |                 10.97 |                    0.10 |    508 |    27.3360 |
|        1 |        128 |          1392.20 |      1376.47 |      1490.17 |                  7.24 |                    0.10 |    510 |    27.4141 |
|        1 |        129 |          1392.20 |      1376.47 |      1476.38 |                 16.35 |                    0.10 |    511 |    27.4956 |
|        1 |        130 |          1392.20 |      1376.47 |      1490.55 |                 14.81 |                    0.10 |    511 |    27.6183 |
|        1 |        131 |          1392.20 |      1376.47 |      1495.60 |                 17.14 |                    0.16 |    511 |    27.6797 |
|        1 |        132 |          1392.20 |      1376.47 |      1495.60 |                 11.56 |                    0.11 |    511 |    27.7400 |
|        1 |        133 |          1392.20 |      1376.47 |      1469.87 |                 11.19 |                    0.10 |    515 |    27.9131 |
|        1 |        134 |          1392.20 |      1376.47 |      1474.84 |                 10.39 |                    0.10 |    515 |    27.9803 |
|        1 |        135 |          1392.20 |      1376.47 |      1475.96 |                 10.44 |                    0.10 |    518 |    28.0582 |
|        1 |        136 |          1392.20 |      1376.47 |      1433.29 |                 13.55 |                    0.10 |    518 |    28.2001 |
|        1 |        137 |          1392.20 |      1376.47 |      1437.56 |                 13.36 |                    0.12 |    518 |    28.2601 |
|        1 |        138 |          1392.20 |      1376.47 |      1437.64 |                 15.11 |                    0.10 |    519 |    28.3662 |
|        1 |        139 |          1392.20 |      1376.47 |      1444.86 |                 16.45 |                    0.10 |    519 |    28.4395 |
|        1 |        140 |          1392.20 |      1376.47 |      1447.19 |                 14.79 |                    0.10 |    520 |    28.5346 |
|        1 |        141 |          1392.20 |      1376.47 |      1441.68 |                 11.70 |                    0.10 |    520 |    28.6072 |
|        1 |        142 |          1392.20 |      1376.47 |      1415.23 |                 14.27 |                    0.10 |    521 |    28.7754 |
|        1 |        143 |          1392.20 |      1376.47 |      1445.85 |                 19.37 |                    0.10 |    521 |    28.8531 |
|        1 |        144 |          1392.20 |      1376.47 |      1434.00 |                  8.05 |                    0.10 |    522 |    28.9647 |
|        1 |        145 |          1392.20 |      1376.47 |      1416.06 |                 14.29 |                    0.10 |    523 |    29.0648 |
|        1 |        146 |          1392.20 |      1376.47 |      1431.19 |                 17.87 |                    0.10 |    523 |    29.1544 |
|        1 |        147 |          1392.20 |      1376.47 |      1449.60 |                 12.91 |                    0.10 |    525 |    29.2341 |
|        1 |        148 |          1392.20 |      1376.47 |      1490.96 |                 10.31 |                    0.10 |    528 |    29.3110 |
|        1 |        149 |          1392.20 |      1376.47 |      1502.23 |                  7.82 |                    0.10 |    531 |    29.3978 |
|        1 |        150 |          1392.20 |      1376.47 |      1528.30 |                 10.95 |                    0.11 |    532 |    29.4580 |
|        1 |        151 |          1392.20 |      1376.47 |      1432.86 |                 14.27 |                    0.10 |    537 |    29.6853 |
|        1 |        152 |          1392.20 |      1376.47 |      1431.40 |                 16.49 |                    0.10 |    537 |    29.7709 |
|        1 |        153 |          1392.20 |      1376.47 |      1429.65 |                 17.24 |                    0.10 |    537 |    29.8520 |
|        1 |        154 |          1392.20 |      1376.47 |      1429.47 |                 15.20 |                    0.10 |    537 |    29.9405 |
|        1 |        155 |          1392.20 |      1376.47 |      1428.36 |                 19.22 |                    0.10 |    537 |    30.0243 |
|        1 |        156 |          1392.20 |      1376.47 |      1421.30 |                 11.41 |                    0.10 |    538 |    30.2060 |
|        1 |        157 |          1392.20 |      1376.47 |      1425.52 |                 11.94 |                    0.10 |    538 |    30.2702 |
|        1 |        158 |          1392.20 |      1376.47 |      1426.58 |                 13.96 |                    0.10 |    538 |    30.3220 |
|        1 |        159 |          1392.20 |      1376.47 |      1428.72 |                 12.39 |                    0.10 |    538 |    30.4601 |
|        1 |        160 |          1392.20 |      1376.47 |      1457.82 |                 17.34 |                    0.10 |    542 |    30.5234 |
|        1 |        161 |          1392.20 |      1376.47 |      1462.21 |                 19.97 |                    0.10 |    543 |    30.6509 |
|        1 |        162 |          1392.20 |      1376.47 |      1473.86 |                 26.05 |                    0.10 |    544 |    30.7157 |
|        1 |        163 |          1392.20 |      1376.47 |      1491.25 |                 23.35 |                    0.10 |    546 |    31.0123 |
|        1 |        164 |          1392.20 |      1376.47 |      1442.52 |                 18.15 |                    0.10 |    546 |    31.1886 |
|        1 |        165 |          1392.20 |      1376.47 |      1444.80 |                 14.07 |                    0.10 |    546 |    31.2640 |
|        1 |        166 |          1392.20 |      1376.47 |      1443.20 |                 13.86 |                    0.10 |    546 |    31.3360 |
|        1 |        167 |          1392.20 |      1376.47 |      1417.80 |                  9.46 |                    0.10 |    546 |    31.6507 |
|        1 |        168 |          1392.20 |      1376.47 |      1427.49 |                 25.34 |                    0.16 |    546 |    31.7247 |
|        1 |        169 |          1392.20 |      1376.47 |      1417.60 |                 12.04 |                    0.10 |    546 |    31.7886 |
|        1 |        170 |          1392.20 |      1376.47 |      1417.60 |                  8.53 |                    0.10 |    546 |    31.8508 |
|        1 |        171 |          1392.20 |      1376.47 |      1417.60 |                 13.05 |                    0.13 |    546 |    31.9192 |
|        1 |        172 |          1392.20 |      1376.47 |      1417.60 |                  7.57 |                    0.10 |    546 |    31.9843 |
|        1 |        173 |          1392.20 |      1376.47 |      1409.95 |                  7.23 |                    0.13 |    546 |    32.0711 |
|        1 |        174 |          1392.20 |      1376.47 |      1410.00 |                  6.19 |                    0.10 |    546 |    32.1371 |
|        1 |        175 |          1392.20 |      1376.47 |      1408.22 |                 12.52 |                    0.16 |    546 |    32.2300 |
|        1 |        176 |          1392.20 |      1376.47 |      1405.50 |                 11.36 |                    0.10 |    546 |    32.3364 |
|        1 |        177 |          1392.20 |      1376.47 |      1410.70 |                 12.22 |                    0.10 |    546 |    32.4377 |
|        1 |        178 |          1392.20 |      1376.47 |      1410.70 |                  7.09 |                    0.10 |    546 |    32.5077 |
|        1 |        179 |          1392.20 |      1376.47 |      1402.66 |                  7.70 |                    0.10 |    549 |    32.6188 |
|        1 |        180 |          1392.20 |      1376.47 |      1407.30 |                 15.05 |                    0.12 |    551 |    32.7506 |
|        1 |        181 |          1392.20 |      1376.47 |      1406.10 |                 11.54 |                    0.11 |    553 |    32.8458 |
|        1 |        182 |          1392.20 |      1376.47 |      1405.40 |                 12.17 |                    0.10 |    553 |    32.9595 |
|        1 |        183 |          1392.20 |      1376.47 |      1405.40 |                 13.13 |                    0.15 |    553 |    33.0165 |
|        1 |        184 |          1392.20 |      1360.92 |      1360.92 |                 13.09 |                    0.10 |    556 |    33.2006 |
|        1 |        185 |          1392.20 |      1360.92 |      1400.66 |                 34.01 |                    0.10 |    557 |    33.2684 |
|        1 |        186 |          1392.20 |      1360.92 |      1420.00 |                 15.51 |                    0.10 |    557 |    33.3437 |
|        1 |        187 |          1392.20 |      1360.92 |      1395.50 |                  8.06 |                    0.10 |    557 |    33.4153 |
|        1 |        188 |          1392.20 |      1360.92 |      1375.90 |                 11.63 |                    0.10 |    560 |    33.5990 |
|        1 |        189 |          1392.20 |      1360.92 |      1394.60 |                 14.13 |                    0.10 |    560 |    33.6820 |
|        1 |        190 |          1392.20 |      1360.92 |      1394.60 |                 10.85 |                    0.10 |    560 |    33.7489 |
|        1 |        191 |          1392.20 |      1360.92 |      1394.60 |                  5.26 |                    0.10 |    560 |    33.8137 |
|        1 |        192 |          1392.20 |      1360.92 |      1390.02 |                 10.32 |                    0.10 |    560 |    33.8923 |
|        1 |        193 |          1392.20 |      1360.92 |      1421.38 |                 20.26 |                    0.10 |    562 |    33.9741 |
|        1 |        194 |          1392.20 |      1360.92 |      1399.90 |                  9.80 |                    0.10 |    562 |    34.0719 |
|        1 |        195 |          1392.20 |      1360.92 |      1394.70 |                  4.60 |                    0.10 |    564 |    34.1465 |
|        1 |        196 |          1392.20 |      1360.92 |      1394.70 |                  8.86 |                    0.10 |    564 |    34.2319 |
|        1 |        197 |          1392.20 |      1360.92 |      1393.50 |                 12.50 |                    0.10 |    564 |    34.3047 |
|        1 |        198 |          1392.20 |      1360.92 |      1393.50 |                  5.76 |                    0.10 |    564 |    34.3890 |
|        1 |        199 |          1392.20 |      1360.92 |      1372.13 |                 11.38 |                    0.10 |    564 |    34.5130 |
|        1 |        200 |          1392.20 |      1360.92 |      1390.25 |                 25.48 |                    0.10 |    566 |    34.5765 |
|        1 |        201 |          1392.20 |      1360.92 |      1425.17 |                 16.17 |                    0.10 |    566 |    34.6516 |
|        1 |        202 |          1392.20 |      1360.92 |      1416.60 |                  6.40 |                    0.10 |    568 |    34.7589 |
|        1 |        203 |          1392.20 |      1360.92 |      1428.00 |                 14.67 |                    0.15 |    568 |    34.9059 |
|        1 |        204 |          1392.20 |      1360.92 |      1477.99 |                 21.34 |                    0.10 |    570 |    34.9875 |
|        1 |        205 |          1392.20 |      1360.92 |      1427.10 |                  8.89 |                    0.10 |    570 |    35.0792 |
|        1 |        206 |          1392.20 |      1360.92 |      1437.66 |                 25.60 |                    0.10 |    571 |    35.2569 |
|        1 |        207 |          1392.20 |      1360.92 |      1436.70 |                  7.58 |                    0.10 |    574 |    35.3769 |
|        1 |        208 |          1392.20 |      1360.92 |      1425.18 |                 10.96 |                    0.16 |    574 |    35.5277 |
|        1 |        209 |          1392.20 |      1360.92 |      1444.96 |                 21.96 |                    0.22 |    576 |    35.6081 |
|        1 |        210 |          1392.20 |      1360.92 |      1443.00 |                  9.96 |                    0.10 |    576 |    35.9850 |
|        1 |        211 |          1392.20 |      1360.92 |      1440.30 |                 12.58 |                    0.10 |    576 |    36.0972 |
|        1 |        212 |          1392.20 |      1360.92 |      1440.30 |                  7.92 |                    0.10 |    576 |    36.1372 |
|        1 |        213 |          1392.20 |      1360.92 |      1426.70 |                  5.94 |                    0.10 |    580 |    36.2678 |
|        1 |        214 |          1392.20 |      1360.92 |      1426.70 |                 12.62 |                    0.10 |    580 |    36.3438 |
|        1 |        215 |          1392.20 |      1360.92 |      1478.30 |                  9.30 |                    0.13 |    580 |    36.4207 |
|        1 |        216 |          1392.20 |      1360.92 |      1456.96 |                  8.88 |                    0.10 |    580 |    36.5111 |
|        1 |        217 |          1392.20 |      1360.92 |      1457.15 |                  6.10 |                    0.10 |    580 |    36.5998 |
|        1 |        218 |          1392.20 |      1360.92 |      1452.31 |                 19.74 |                    0.10 |    581 |    36.6971 |
|        1 |        219 |          1392.20 |      1360.92 |      1478.87 |                 22.13 |                    0.10 |    583 |    36.7823 |
|        1 |        220 |          1392.20 |      1360.92 |      1456.80 |                 14.01 |                    0.10 |    583 |    36.8989 |
|        1 |        221 |          1392.20 |      1360.92 |      1451.90 |                  8.68 |                    0.11 |    583 |    37.0288 |
|        1 |        222 |          1392.20 |      1360.92 |      1461.97 |                 22.78 |                    0.10 |    585 |    37.1164 |
|        1 |        223 |          1392.20 |      1360.92 |      1436.70 |                 12.90 |                    0.13 |    587 |    37.2394 |
|        1 |        224 |          1392.20 |      1360.92 |      1437.50 |                  5.71 |                    0.10 |    587 |    37.3519 |
|        1 |        225 |          1392.20 |      1360.92 |      1401.98 |                 14.84 |                    0.10 |    589 |    37.4918 |
|        1 |        226 |          1392.20 |      1360.92 |      1430.09 |                 11.79 |                    0.10 |    591 |    37.6673 |
|        1 |        227 |          1392.20 |      1360.92 |      1443.42 |                 14.99 |                    0.10 |    593 |    37.8261 |
|        1 |        228 |          1392.20 |      1360.92 |      1459.10 |                  9.04 |                    0.10 |    594 |    37.9157 |
|        1 |        229 |          1392.20 |      1360.92 |      1440.00 |                 18.09 |                    0.10 |    596 |    38.0311 |
|        1 |        230 |          1392.20 |      1360.92 |      1430.80 |                 19.22 |                    0.10 |    597 |    38.1795 |
|        1 |        231 |          1392.20 |      1360.92 |      1484.71 |                 19.16 |                    0.10 |    600 |    38.2353 |
|        1 |        232 |          1392.20 |      1360.92 |      1492.01 |                 17.61 |                    0.10 |    603 |    38.3032 |
|        1 |        233 |          1392.20 |      1360.92 |      1447.60 |                 11.14 |                    0.10 |    606 |    38.4190 |
|        1 |        234 |          1392.20 |      1360.92 |      1443.98 |                 10.77 |                    0.10 |    607 |    38.4909 |
|        1 |        235 |          1392.20 |      1360.92 |      1456.65 |                 14.19 |                    0.10 |    607 |    38.5639 |
|        1 |        236 |          1392.20 |      1360.92 |      1450.10 |                 13.84 |                    0.10 |    608 |    38.6425 |
|        1 |        237 |          1392.20 |      1360.92 |      1451.30 |                 14.94 |                    0.10 |    609 |    38.7053 |
|        1 |        238 |          1392.20 |      1360.92 |      1451.30 |                 12.93 |                    0.10 |    609 |    38.7857 |
|        1 |        239 |          1392.20 |      1360.92 |      1424.34 |                 10.57 |                    0.10 |    613 |    38.9890 |
|        1 |        240 |          1392.20 |      1360.92 |      1431.70 |                  7.10 |                    0.15 |    615 |    39.1014 |
|        1 |        241 |          1392.20 |      1360.92 |      1422.69 |                 21.14 |                    0.20 |    617 |    39.2918 |
|        1 |        242 |          1392.20 |      1360.92 |      1461.99 |                 60.69 |                    0.10 |    619 |    39.3876 |
|        1 |        243 |          1392.20 |      1360.92 |      1456.00 |                 14.10 |                    0.11 |    621 |    39.5712 |
|        1 |        244 |          1392.20 |      1360.92 |      1455.80 |                  7.70 |                    0.10 |    621 |    39.6714 |
|        1 |        245 |          1392.20 |      1360.92 |      1443.42 |                  7.15 |                    0.10 |    621 |    39.7582 |
|        1 |        246 |          1392.20 |      1360.92 |      1445.79 |                 18.40 |                    0.10 |    621 |    39.8733 |
------------------------------------------------------------------------------------------------------------------------------------------------
|  Restart |  Iteration |  Best Feas. Cost |    Best Cost |   Curr. Cost |   Penalty Custom Res. |   Penalty Standard Res. |   Pool |   Time (s) |
------------------------------------------------------------------------------------------------------------------------------------------------
|        1 |        247 |          1392.20 |      1360.92 |      1454.00 |                 12.51 |                    0.10 |    623 |    40.0108 |
|        1 |        248 |          1392.20 |      1360.92 |      1429.30 |                 13.14 |                    0.10 |    624 |    40.2797 |
|        1 |        249 |          1392.20 |      1360.92 |      1464.79 |                 13.89 |                    0.10 |    626 |    40.4142 |
|        1 |        250 |          1392.20 |      1360.92 |      1436.78 |                 17.34 |                    0.10 |    626 |    40.5733 |
|        1 |        251 |          1392.20 |      1360.92 |      1429.94 |                 15.67 |                    0.10 |    628 |    40.7814 |
|        1 |        252 |          1392.20 |      1360.92 |      1438.88 |                 15.58 |                    0.10 |    628 |    40.8807 |
|        1 |        253 |          1392.20 |      1360.92 |      1432.40 |                 14.90 |                    0.10 |    629 |    40.9850 |
|        1 |        254 |          1392.20 |      1360.92 |      1437.32 |                 17.75 |                    0.10 |    630 |    41.0855 |
|        1 |        255 |          1392.20 |      1360.92 |      1438.42 |                 14.31 |                    0.10 |    630 |    41.2205 |
|        1 |        256 |          1392.20 |      1360.92 |      1436.26 |                 16.89 |                    0.10 |    631 |    41.3031 |
|        1 |        257 |          1392.20 |      1360.92 |      1435.56 |                 28.57 |                    0.10 |    631 |    41.4213 |
|        1 |        258 |          1392.20 |      1360.92 |      1500.10 |                 12.78 |                    0.10 |    634 |    41.5287 |
|        1 |        259 |          1392.20 |      1360.92 |      1498.48 |                 14.19 |                    0.10 |    635 |    41.6432 |
|        1 |        260 |          1392.20 |      1360.92 |      1495.95 |                  9.94 |                    0.10 |    637 |    41.7536 |
|        1 |        261 |          1392.20 |      1360.92 |      1452.24 |                 17.55 |                    0.10 |    637 |    41.9648 |
|        1 |        262 |          1392.20 |      1360.92 |      1447.12 |                 28.41 |                    0.10 |    639 |    42.1309 |
|        1 |        263 |          1392.20 |      1360.92 |      1445.10 |                 14.60 |                    0.10 |    639 |    42.2387 |
|        1 |        264 |          1392.20 |      1360.92 |      1446.91 |                 14.10 |                    0.10 |    639 |    42.3245 |
|        1 |        265 |          1392.20 |      1360.92 |      1445.98 |                 19.88 |                    0.10 |    639 |    42.5116 |
|        1 |        266 |          1392.20 |      1360.92 |      1486.70 |                 17.37 |                    0.10 |    640 |    42.6162 |
|        1 |        267 |          1392.20 |      1360.92 |      1426.89 |                 22.32 |                    0.10 |    642 |    42.7922 |
|        1 |        268 |          1392.20 |      1360.92 |      1427.00 |                  9.88 |                    0.10 |    644 |    42.8864 |
|        1 |        269 |          1392.20 |      1360.92 |      1419.88 |                 15.55 |                    0.10 |    646 |    43.0240 |
|        1 |        270 |          1392.20 |      1360.92 |      1467.70 |                 11.64 |                    0.10 |    647 |    43.1951 |
|        1 |        271 |          1392.20 |      1360.92 |      1467.70 |                 17.12 |                    0.10 |    647 |    43.2699 |
|        1 |        272 |          1392.20 |      1360.92 |      1475.50 |                 13.95 |                    0.10 |    648 |    43.3563 |
|        1 |        273 |          1392.20 |      1360.92 |      1486.40 |                 10.59 |                    0.10 |    649 |    43.4494 |
|        1 |        274 |          1392.20 |      1359.61 |      1359.61 |                 10.99 |                    0.15 |    652 |    43.7211 |
|        1 |        275 |          1392.20 |      1359.61 |      1440.10 |                  9.01 |                    0.10 |    656 |    43.8734 |
|        1 |        276 |          1392.20 |      1359.61 |      1452.70 |                 14.48 |                    0.10 |    658 |    43.9924 |
|        1 |        277 |          1392.20 |      1359.61 |      1409.90 |                 13.53 |                    0.17 |    659 |    44.1282 |
|        1 |        278 |          1392.20 |      1359.61 |      1458.50 |                 13.55 |                    0.16 |    660 |    44.2760 |
|        1 |        279 |          1392.20 |      1359.61 |      1457.20 |                 10.20 |                    0.12 |    662 |    44.3514 |
|        1 |        280 |          1392.20 |      1359.61 |      1384.37 |                 22.50 |                    0.10 |    667 |    44.4935 |
|        1 |        281 |          1392.20 |      1359.61 |      1410.78 |                 12.52 |                    0.10 |    667 |    44.6004 |
|        1 |        282 |          1392.20 |      1359.61 |      1401.46 |                 17.16 |                    0.10 |    667 |    44.6907 |
|        1 |        283 |          1392.20 |      1359.61 |      1409.09 |                 15.30 |                    0.10 |    667 |    44.7699 |
|        1 |        284 |          1392.20 |      1359.61 |      1406.10 |                  9.14 |                    0.10 |    667 |    44.8615 |
|        1 |        285 |          1392.20 |      1359.61 |      1387.32 |                 16.43 |                    0.10 |    667 |    44.9411 |
|        1 |        286 |          1392.20 |      1359.61 |      1402.90 |                 12.42 |                    0.10 |    668 |    45.1237 |
|        1 |        287 |          1392.20 |      1359.61 |      1392.82 |                 18.72 |                    0.10 |    669 |    45.3201 |
|        1 |        288 |          1392.20 |      1359.61 |      1409.63 |                 26.20 |                    0.11 |    669 |    45.3926 |
|        1 |        289 |          1392.20 |      1359.61 |      1406.40 |                 11.95 |                    0.10 |    671 |    45.4816 |
|        1 |        290 |          1392.20 |      1359.61 |      1407.20 |                 15.59 |                    0.10 |    671 |    45.5687 |
|        1 |        291 |          1392.20 |      1359.61 |      1409.00 |                 15.38 |                    0.10 |    672 |    45.6428 |
|        1 |        292 |          1392.20 |      1359.61 |      1409.70 |                  7.16 |                    0.10 |    672 |    45.7290 |
|        1 |        293 |          1392.20 |      1359.61 |      1418.32 |                 12.97 |                    0.10 |    673 |    45.8498 |
|        1 |        294 |          1392.20 |      1359.61 |      1394.60 |                 15.99 |                    0.10 |    674 |    46.0547 |
|        1 |        295 |          1392.20 |      1359.61 |      1417.22 |                 12.84 |                    0.10 |    675 |    46.2197 |
|        1 |        296 |          1392.20 |      1359.61 |      1417.82 |                 26.12 |                    0.10 |    675 |    46.3981 |
|        1 |        297 |          1392.20 |      1359.61 |      1419.50 |                 14.28 |                    0.10 |    675 |    46.4686 |
|        1 |        298 |          1392.20 |      1359.61 |      1438.91 |                 13.25 |                    0.10 |    677 |    46.5851 |
|        1 |        299 |          1392.20 |      1359.61 |      1430.10 |                 13.69 |                    0.10 |    677 |    46.7334 |
|        1 |        300 |          1392.20 |      1359.61 |      1421.56 |                 25.86 |                    0.10 |    677 |    46.8108 |
|        1 |        301 |          1392.20 |      1359.61 |      1430.10 |                 17.97 |                    0.10 |    677 |    46.9057 |
|        1 |        302 |          1392.20 |      1359.61 |      1420.20 |                 14.29 |                    0.10 |    677 |    47.0727 |
|        1 |        303 |          1392.20 |      1359.61 |      1422.50 |                 10.54 |                    0.11 |    677 |    47.1599 |
|        1 |        304 |          1392.20 |      1359.61 |      1422.50 |                  7.61 |                    0.10 |    677 |    47.2337 |
|        1 |        305 |          1392.20 |      1359.61 |      1412.65 |                 13.49 |                    0.10 |    678 |    47.3687 |
|        1 |        306 |          1392.20 |      1359.61 |      1417.70 |                 14.25 |                    0.10 |    678 |    47.4627 |
|        1 |        307 |          1392.20 |      1359.61 |      1407.60 |                  5.69 |                    0.10 |    679 |    47.5844 |
|        1 |        308 |          1392.20 |      1359.61 |      1404.51 |                  9.52 |                    0.10 |    680 |    47.6623 |
|        1 |        309 |          1392.20 |      1359.61 |      1454.23 |                  5.52 |                    0.10 |    682 |    47.7359 |
|        1 |        310 |          1392.20 |      1359.61 |      1387.72 |                 12.35 |                    0.20 |    683 |    47.8001 |
|        1 |        311 |          1392.20 |      1359.61 |      1424.50 |                  8.71 |                    0.10 |    685 |    47.9327 |
|        1 |        312 |          1392.20 |      1359.61 |      1418.70 |                 12.28 |                    0.16 |    685 |    48.0260 |
|        1 |        313 |          1392.20 |      1359.61 |      1438.90 |                  7.38 |                    0.10 |    687 |    48.1733 |
|        1 |        314 |          1392.20 |      1359.61 |      1436.50 |                  7.86 |                    0.15 |    687 |    48.2696 |
|        1 |        315 |          1392.20 |      1359.61 |      1436.50 |                  6.22 |                    0.11 |    687 |    48.3401 |
|        1 |        316 |          1392.20 |      1359.61 |      1434.76 |                 10.50 |                    0.13 |    690 |    48.4320 |
|        1 |        317 |          1392.20 |      1359.61 |      1507.35 |                 21.50 |                    0.10 |    692 |    48.4873 |
|        1 |        318 |          1392.20 |      1359.61 |      1486.20 |                  6.62 |                    0.10 |    694 |    48.6031 |
|        1 |        319 |          1392.20 |      1359.61 |      1416.46 |                  5.71 |                    0.10 |    694 |    48.7318 |
|        1 |        320 |          1392.20 |      1359.61 |      1429.60 |                  7.91 |                    0.12 |    694 |    48.7941 |
|        1 |        321 |          1392.20 |      1359.61 |      1430.90 |                 14.05 |                    0.10 |    694 |    48.8770 |
|        1 |        322 |          1392.20 |      1359.61 |      1433.00 |                 17.87 |                    0.10 |    695 |    49.0248 |
|        1 |        323 |          1392.20 |      1359.61 |      1438.70 |                  8.91 |                    0.10 |    696 |    49.1212 |
|        1 |        324 |          1392.20 |      1359.61 |      1434.60 |                 14.17 |                    0.10 |    696 |    49.2078 |
|        1 |        325 |          1392.20 |      1359.61 |      1423.74 |                  5.25 |                    0.10 |    699 |    49.4098 |
|        1 |        326 |          1392.20 |      1359.61 |      1423.43 |                 11.08 |                    0.14 |    699 |    49.4720 |
|        1 |        327 |          1392.20 |      1359.61 |      1446.66 |                 14.84 |                    0.10 |    700 |    49.5869 |
|        1 |        328 |          1392.20 |      1359.61 |      1459.90 |                 12.35 |                    0.11 |    700 |    49.6458 |
|        1 |        329 |          1392.20 |      1359.61 |      1436.48 |                 14.80 |                    0.10 |    701 |    49.7753 |
|        1 |        330 |          1392.20 |      1359.61 |      1408.70 |                 14.27 |                    0.10 |    703 |    50.0241 |
|        1 |        331 |          1392.20 |      1359.61 |      1408.10 |                 18.97 |                    0.15 |    703 |    50.1195 |
|        1 |        332 |          1392.20 |      1359.61 |      1408.10 |                 13.85 |                    0.10 |    703 |    50.1848 |
|        1 |        333 |          1392.20 |      1359.61 |      1394.66 |                 16.15 |                    0.10 |    705 |    50.2820 |
|        1 |        334 |          1392.20 |      1359.61 |      1408.20 |                 19.63 |                    0.11 |    707 |    50.3577 |
|        1 |        335 |          1392.20 |      1359.61 |      1405.90 |                 21.57 |                    0.10 |    707 |    50.4421 |
|        1 |        336 |          1392.20 |      1359.61 |      1431.44 |                 17.21 |                    0.10 |    707 |    50.5216 |
|        1 |        337 |          1392.20 |      1359.61 |      1418.52 |                 19.12 |                    0.10 |    707 |    50.5989 |
|        1 |        338 |          1392.20 |      1359.61 |      1408.42 |                 18.82 |                    0.10 |    708 |    50.6828 |
|        1 |        339 |          1392.20 |      1359.61 |      1451.23 |                 19.40 |                    0.10 |    712 |    50.8251 |
|        1 |        340 |          1392.20 |      1359.61 |      1408.28 |                 16.11 |                    0.10 |    713 |    51.0571 |
|        1 |        341 |          1392.20 |      1359.61 |      1416.42 |                 15.04 |                    0.10 |    713 |    51.1873 |
|        1 |        342 |          1392.20 |      1359.61 |      1416.79 |                 21.55 |                    0.10 |    713 |    51.3453 |
|        1 |        343 |          1392.20 |      1359.61 |      1477.10 |                 14.25 |                    0.10 |    715 |    51.4052 |
|        1 |        344 |          1392.20 |      1359.61 |      1472.21 |                 19.33 |                    0.13 |    715 |    51.4819 |
|        1 |        345 |          1392.20 |      1359.61 |      1467.36 |                 14.78 |                    0.10 |    715 |    51.6040 |
|        1 |        346 |          1392.20 |      1359.61 |      1466.03 |                 20.66 |                    0.10 |    717 |    51.6750 |
|        1 |        347 |          1392.20 |      1359.61 |      1469.72 |                 10.11 |                    0.10 |    717 |    51.7453 |
|        1 |        348 |          1392.20 |      1359.61 |      1461.12 |                 15.61 |                    0.10 |    717 |    51.8253 |
|        1 |        349 |          1392.20 |      1359.61 |      1521.27 |                 15.39 |                    0.10 |    718 |    51.8903 |
|        1 |        350 |          1392.20 |      1359.61 |      1431.80 |                  9.70 |                    0.15 |    720 |    52.0672 |
|        1 |        351 |          1392.20 |      1359.61 |      1431.80 |                 24.92 |                    0.10 |    720 |    52.1624 |
|        1 |        352 |          1392.20 |      1359.61 |      1494.30 |                 10.82 |                    0.10 |    722 |    52.2342 |
|        1 |        353 |          1392.20 |      1359.61 |      1469.11 |                  7.86 |                    0.10 |    726 |    52.3790 |
|        1 |        354 |          1392.20 |      1359.61 |      1475.40 |                 14.66 |                    0.10 |    728 |    52.4757 |
|        1 |        355 |          1392.20 |      1359.61 |      1496.20 |                 14.61 |                    0.13 |    732 |    52.5253 |
|        1 |        356 |          1392.20 |      1359.61 |      1433.80 |                 12.38 |                    0.10 |    734 |    52.6237 |
|        1 |        357 |          1392.20 |      1359.61 |      1427.90 |                 14.65 |                    0.10 |    735 |    52.7939 |
|        1 |        358 |          1392.20 |      1359.61 |      1427.90 |                 11.48 |                    0.10 |    735 |    52.8854 |
|        1 |        359 |          1392.20 |      1359.61 |      1427.90 |                 13.01 |                    0.10 |    735 |    52.9608 |
|        1 |        360 |          1392.20 |      1359.61 |      1409.00 |                 14.31 |                    0.11 |    739 |    53.1936 |
|        1 |        361 |          1392.20 |      1359.61 |      1426.20 |                 12.49 |                    0.10 |    740 |    53.2900 |
|        1 |        362 |          1392.20 |      1359.61 |      1426.20 |                 10.59 |                    0.10 |    740 |    53.3664 |
|        1 |        363 |          1392.20 |      1359.61 |      1430.35 |                 12.44 |                    0.10 |    742 |    53.4940 |
|        1 |        364 |          1392.20 |      1359.61 |      1427.50 |                  8.05 |                    0.10 |    743 |    53.5706 |
|        1 |        365 |          1392.20 |      1359.61 |      1427.50 |                  6.70 |                    0.10 |    743 |    53.6347 |
|        1 |        366 |          1392.20 |      1359.61 |      1392.16 |                 13.01 |                    0.10 |    743 |    53.7284 |
|        1 |        367 |          1392.20 |      1359.61 |      1412.14 |                 15.61 |                    0.10 |    744 |    53.8480 |
|        1 |        368 |          1392.20 |      1359.61 |      1411.58 |                 17.14 |                    0.10 |    744 |    53.9395 |
|        1 |        369 |          1392.20 |      1359.61 |      1410.17 |                 12.63 |                    0.10 |    744 |    54.0256 |
|        1 |        370 |          1392.20 |      1359.61 |      1409.12 |                 21.76 |                    0.10 |    744 |    54.1098 |
|        1 |        371 |          1392.20 |      1359.61 |      1417.76 |                 21.44 |                    0.10 |    744 |    54.1842 |
|        1 |        372 |          1392.20 |      1359.61 |      1506.00 |                 10.38 |                    0.10 |    748 |    54.2639 |
|        1 |        373 |          1392.20 |      1359.61 |      1471.90 |                 11.29 |                    0.10 |    750 |    54.3593 |
|        1 |        374 |          1392.20 |      1359.61 |      1465.20 |                  9.07 |                    0.10 |    750 |    54.5146 |
|        1 |        375 |          1392.20 |      1359.61 |      1465.20 |                 12.67 |                    0.10 |    750 |    54.5921 |
|        1 |        376 |          1392.20 |      1359.61 |      1465.10 |                 13.92 |                    0.10 |    753 |    54.6888 |
|        1 |        377 |          1392.20 |      1359.61 |      1465.10 |                  6.96 |                    0.10 |    753 |    54.7481 |
|        1 |        378 |          1392.20 |      1359.61 |      1470.30 |                 13.26 |                    0.10 |    755 |    54.8206 |
|        1 |        379 |          1392.20 |      1359.61 |      1459.57 |                 14.57 |                    0.10 |    755 |    54.9086 |
|        1 |        380 |          1392.20 |      1359.61 |      1461.41 |                 18.58 |                    0.10 |    757 |    55.0155 |
|        1 |        381 |          1392.20 |      1359.61 |      1460.91 |                 11.56 |                    0.10 |    757 |    55.0955 |
|        1 |        382 |          1392.20 |      1359.61 |      1458.86 |                 16.33 |                    0.10 |    757 |    55.1625 |
|        1 |        383 |          1392.20 |      1359.61 |      1462.21 |                 18.14 |                    0.10 |    758 |    55.2398 |
|        1 |        384 |          1392.20 |      1359.61 |      1464.15 |                 20.55 |                    0.10 |    758 |    55.3230 |
|        1 |        385 |          1392.20 |      1359.61 |      1459.79 |                 12.02 |                    0.10 |    758 |    55.4142 |
|        1 |        386 |          1392.20 |      1359.61 |      1453.91 |                 23.77 |                    0.10 |    760 |    55.5331 |
|        1 |        387 |          1392.20 |      1359.61 |      1457.17 |                 11.82 |                    0.11 |    760 |    55.6611 |
|        1 |        388 |          1392.20 |      1359.61 |      1452.06 |                 15.26 |                    0.10 |    760 |    55.7246 |
|        1 |        389 |          1392.20 |      1359.61 |      1452.10 |                 19.37 |                    0.13 |    760 |    55.9086 |
|        1 |        390 |          1392.20 |      1359.61 |      1452.20 |                 16.42 |                    0.11 |    762 |    55.9838 |
|        1 |        391 |          1392.20 |      1359.61 |      1451.76 |                 24.12 |                    0.10 |    762 |    56.0645 |
|        1 |        392 |          1392.20 |      1359.61 |      1450.59 |                 17.35 |                    0.10 |    762 |    56.2107 |
|        1 |        393 |          1392.20 |      1359.61 |      1414.87 |                 16.21 |                    0.10 |    765 |    56.3310 |
|        1 |        394 |          1392.20 |      1359.61 |      1469.30 |                 22.64 |                    0.10 |    768 |    56.4214 |
|        1 |        395 |          1392.20 |      1359.61 |      1418.20 |                 15.02 |                    0.12 |    771 |    56.5895 |
|        1 |        396 |          1392.20 |      1359.61 |      1414.70 |                 12.43 |                    0.10 |    772 |    56.7172 |
|        1 |        397 |          1392.20 |      1359.61 |      1416.20 |                  9.82 |                    0.10 |    775 |    56.7938 |
|        1 |        398 |          1392.20 |      1359.61 |      1411.74 |                 10.70 |                    0.10 |    777 |    56.8637 |
|        1 |        399 |          1392.20 |      1359.61 |      1422.54 |                 17.85 |                    0.11 |    779 |    56.9904 |
|        1 |        400 |          1392.20 |      1359.61 |      1427.20 |                 18.87 |                    0.10 |    780 |    57.0486 |
|        1 |        401 |          1392.20 |      1359.61 |      1421.39 |                 19.92 |                    0.10 |    782 |    57.1365 |
|        1 |        402 |          1392.20 |      1359.61 |      1411.04 |                 10.30 |                    0.10 |    782 |    57.2725 |
|        1 |        403 |          1392.20 |      1359.61 |      1402.30 |                  9.59 |                    0.10 |    783 |    57.4544 |
|        1 |        404 |          1392.20 |      1359.61 |      1453.20 |                 14.22 |                    0.10 |    787 |    57.5389 |
|        1 |        405 |          1392.20 |      1359.61 |      1458.07 |                 13.43 |                    0.13 |    788 |    57.6450 |
|        1 |        406 |          1392.20 |      1359.61 |      1454.68 |                 13.36 |                    0.10 |    788 |    57.7220 |
|        1 |        407 |          1392.20 |      1359.61 |      1451.97 |                 13.16 |                    0.10 |    788 |    57.8022 |
|        1 |        408 |          1392.20 |      1359.61 |      1499.90 |                 11.55 |                    0.10 |    792 |    57.9557 |
|        1 |        409 |          1392.20 |      1359.61 |      1497.91 |                 15.22 |                    0.10 |    792 |    58.0153 |
|        1 |        410 |          1392.20 |      1359.61 |      1490.81 |                 20.01 |                    0.10 |    794 |    58.1151 |
|        1 |        411 |          1392.20 |      1359.61 |      1498.22 |                 11.14 |                    0.10 |    794 |    58.2004 |
|        1 |        412 |          1392.20 |      1359.61 |      1440.27 |                 17.89 |                    0.10 |    797 |    58.2882 |
|        1 |        413 |          1392.20 |      1359.61 |      1452.16 |                 13.71 |                    0.10 |    797 |    58.3809 |
|        1 |        414 |          1392.20 |      1359.61 |      1454.26 |                 13.24 |                    0.10 |    798 |    58.4471 |
|        1 |        415 |          1392.20 |      1359.61 |      1455.27 |                 17.95 |                    0.11 |    798 |    58.5343 |
|        1 |        416 |          1392.20 |      1359.61 |      1513.36 |                 11.96 |                    0.10 |    798 |    58.6317 |
|        1 |        417 |          1392.20 |      1359.61 |      1502.29 |                 15.11 |                    0.10 |    800 |    58.7223 |
|        1 |        418 |          1392.20 |      1359.61 |      1504.41 |                 13.73 |                    0.10 |    800 |    58.8021 |
|        1 |        419 |          1392.20 |      1359.61 |      1452.18 |                 14.35 |                    0.10 |    803 |    58.8958 |
|        1 |        420 |          1392.20 |      1359.61 |      1452.92 |                 15.61 |                    0.10 |    803 |    58.9838 |
|        1 |        421 |          1392.20 |      1359.61 |      1452.76 |                 11.97 |                    0.10 |    803 |    59.0704 |
|        1 |        422 |          1392.20 |      1359.61 |      1448.42 |                 11.45 |                    0.10 |    803 |    59.1401 |
|        1 |        423 |          1392.20 |      1359.61 |      1447.36 |                 20.28 |                    0.10 |    804 |    59.2571 |
|        1 |        424 |          1392.20 |      1359.61 |      1432.56 |                 10.72 |                    0.10 |    805 |    59.3696 |
|        1 |        425 |          1392.20 |      1359.61 |      1437.78 |                 16.90 |                    0.10 |    805 |    59.4338 |
|        1 |        426 |          1392.20 |      1359.61 |      1446.80 |                 12.17 |                    0.10 |    808 |    59.6956 |
|        1 |        427 |          1392.20 |      1359.61 |      1446.80 |                 12.10 |                    0.11 |    808 |    59.7966 |
|        1 |        428 |          1392.20 |      1359.61 |      1438.19 |                 12.17 |                    0.10 |    809 |    59.8648 |
|        1 |        429 |          1392.20 |      1359.61 |      1459.02 |                 13.65 |                    0.10 |    811 |    59.9388 |
------------------------------------------------------------------------------------------------------------------------------------------------
|  Restart |  Iteration |  Best Feas. Cost |    Best Cost |   Curr. Cost |   Penalty Custom Res. |   Penalty Standard Res. |   Pool |   Time (s) |
------------------------------------------------------------------------------------------------------------------------------------------------
|        1 |        430 |          1392.20 |      1359.61 |      1457.20 |                 11.32 |                    0.10 |    812 |    60.0422 |
|        1 |        431 |          1392.20 |      1359.61 |      1425.50 |                 16.63 |                    0.10 |    814 |    60.2733 |
|        1 |        432 |          1392.20 |      1359.61 |      1418.20 |                  6.77 |                    0.10 |    814 |    60.4061 |
|        1 |        433 |          1392.20 |      1359.61 |      1413.92 |                 13.15 |                    0.10 |    814 |    60.4957 |
|        1 |        434 |          1392.20 |      1359.61 |      1443.62 |                 14.00 |                    0.10 |    815 |    60.5984 |
|        1 |        435 |          1392.20 |      1359.61 |      1448.22 |                 15.25 |                    0.10 |    816 |    60.8055 |
|        1 |        436 |          1392.20 |      1359.61 |      1448.30 |                 14.15 |                    0.10 |    816 |    60.8879 |
|        1 |        437 |          1392.20 |      1359.61 |      1444.30 |                 17.71 |                    0.10 |    817 |    60.9711 |
|        1 |        438 |          1392.20 |      1359.61 |      1472.58 |                 16.05 |                    0.10 |    818 |    61.0922 |
|        1 |        439 |          1392.20 |      1359.61 |      1473.93 |                 15.73 |                    0.10 |    818 |    61.2432 |
|        1 |        440 |          1392.20 |      1359.61 |      1467.38 |                 12.94 |                    0.10 |    819 |    61.3227 |
|        1 |        441 |          1392.20 |      1359.61 |      1477.96 |                 24.34 |                    0.10 |    820 |    61.4498 |
|        1 |        442 |          1392.20 |      1359.61 |      1458.60 |                 21.61 |                    0.10 |    822 |    61.5807 |
|        1 |        443 |          1392.20 |      1359.61 |      1446.16 |                 14.52 |                    0.10 |    823 |    61.6949 |
|        1 |        444 |          1392.20 |      1359.61 |      1460.28 |                 18.55 |                    0.10 |    823 |    61.7650 |
|        1 |        445 |          1392.20 |      1359.61 |      1458.50 |                 14.09 |                    0.10 |    823 |    61.8354 |
|        1 |        446 |          1392.20 |      1359.61 |      1445.46 |                 16.79 |                    0.10 |    823 |    61.9054 |
|        1 |        447 |          1392.20 |      1359.61 |      1458.65 |                 15.52 |                    0.10 |    825 |    62.0295 |
|        1 |        448 |          1392.20 |      1359.61 |      1514.94 |                 18.88 |                    0.10 |    829 |    62.0898 |
|        1 |        449 |          1392.20 |      1359.61 |      1514.15 |                 17.32 |                    0.10 |    832 |    62.1784 |
|        1 |        450 |          1392.20 |      1359.61 |      1504.10 |                 12.98 |                    0.10 |    838 |    62.3076 |
|        1 |        451 |          1392.20 |      1359.61 |      1441.20 |                 10.27 |                    0.10 |    839 |    62.5080 |
|        1 |        452 |          1392.20 |      1359.61 |      1432.47 |                 14.07 |                    0.10 |    839 |    62.5913 |
|        1 |        453 |          1392.20 |      1359.61 |      1493.67 |                 13.40 |                    0.10 |    839 |    62.7199 |
|        1 |        454 |          1392.20 |      1359.61 |      1466.32 |                 16.39 |                    0.10 |    845 |    62.8432 |
|        1 |        455 |          1392.20 |      1359.61 |      1470.42 |                 19.07 |                    0.10 |    851 |    62.9716 |
|        1 |        456 |          1392.20 |      1359.61 |      1484.10 |                 11.86 |                    0.10 |    852 |    63.0483 |
|        1 |        457 |          1392.20 |      1359.61 |      1473.72 |                  7.91 |                    0.10 |    853 |    63.1201 |
|        1 |        458 |          1392.20 |      1359.61 |      1447.01 |                 12.10 |                    0.10 |    854 |    63.1904 |
|        1 |        459 |          1392.20 |      1359.61 |      1421.42 |                 10.94 |                    0.10 |    855 |    63.3618 |
|        1 |        460 |          1392.20 |      1359.61 |      1417.29 |                 16.24 |                    0.10 |    857 |    63.4375 |
|        1 |        461 |          1392.20 |      1359.61 |      1422.24 |                 13.88 |                    0.10 |    857 |    63.5570 |
|        1 |        462 |          1392.20 |      1359.61 |      1432.87 |                 12.37 |                    0.10 |    859 |    63.6372 |
|        1 |        463 |          1392.20 |      1359.61 |      1438.70 |                  7.17 |                    0.10 |    859 |    63.7276 |
|        1 |        464 |          1392.20 |      1359.61 |      1425.61 |                 11.30 |                    0.10 |    861 |    63.8130 |
|        1 |        465 |          1392.20 |      1359.61 |      1437.03 |                 19.69 |                    0.10 |    861 |    63.8827 |
|        1 |        466 |          1392.20 |      1359.61 |      1423.31 |                 16.10 |                    0.10 |    861 |    64.0393 |
|        1 |        467 |          1392.20 |      1359.61 |      1431.47 |                 16.99 |                    0.10 |    861 |    64.1410 |
|        1 |        468 |          1392.20 |      1359.61 |      1431.32 |                 21.26 |                    0.10 |    861 |    64.2289 |
|        1 |        469 |          1392.20 |      1359.61 |      1431.60 |                 12.71 |                    0.10 |    862 |    64.3018 |
|        1 |        470 |          1392.20 |      1359.61 |      1428.47 |                 15.76 |                    0.10 |    862 |    64.3686 |
|        1 |        471 |          1392.20 |      1359.61 |      1431.59 |                 13.83 |                    0.10 |    862 |    64.5238 |
|        1 |        472 |          1392.20 |      1359.61 |      1429.72 |                 18.05 |                    0.10 |    862 |    64.5833 |
|        1 |        473 |          1392.20 |      1359.61 |      1429.50 |                 13.04 |                    0.10 |    862 |    64.6622 |
|        1 |        474 |          1392.20 |      1359.61 |      1430.58 |                 16.79 |                    0.10 |    866 |    64.7692 |
|        1 |        475 |          1392.20 |      1359.61 |      1436.30 |                 18.10 |                    0.10 |    866 |    64.8351 |
|        1 |        476 |          1392.20 |      1359.61 |      1431.44 |                  9.47 |                    0.10 |    866 |    64.9537 |
|        1 |        477 |          1392.20 |      1359.61 |      1423.90 |                 11.40 |                    0.10 |    866 |    65.0147 |
|        1 |        478 |          1392.20 |      1359.61 |      1420.04 |                 10.13 |                    0.10 |    868 |    65.1393 |
|        1 |        479 |          1392.20 |      1359.61 |      1412.16 |                 17.60 |                    0.10 |    872 |    65.2435 |
|        1 |        480 |          1392.20 |      1359.61 |      1431.50 |                 15.05 |                    0.10 |    876 |    65.3374 |
|        1 |        481 |          1392.20 |      1359.61 |      1444.30 |                 13.78 |                    0.10 |    880 |    65.4627 |
|        1 |        482 |          1392.20 |      1359.61 |      1445.48 |                 14.71 |                    0.10 |    881 |    65.5319 |
|        1 |        483 |          1392.20 |      1359.61 |      1421.90 |                 13.26 |                    0.10 |    882 |    65.5949 |
|        1 |        484 |          1392.20 |      1359.61 |      1452.99 |                 21.09 |                    0.10 |    882 |    65.6770 |
|        1 |        485 |          1392.20 |      1359.61 |      1462.05 |                 20.59 |                    0.10 |    882 |    65.7453 |
|        1 |        486 |          1392.20 |      1359.61 |      1429.30 |                 15.79 |                    0.10 |    884 |    65.8187 |
|        1 |        487 |          1392.20 |      1359.61 |      1429.30 |                 20.58 |                    0.10 |    884 |    65.9018 |
|        1 |        488 |          1392.20 |      1359.61 |      1417.70 |                 12.88 |                    0.10 |    884 |    66.0183 |
|        1 |        489 |          1392.20 |      1359.61 |      1421.36 |                 18.73 |                    0.10 |    887 |    66.1081 |
|        1 |        490 |          1392.20 |      1359.61 |      1451.98 |                 13.66 |                    0.10 |    888 |    66.1892 |
|        1 |        491 |          1392.20 |      1359.61 |      1438.55 |                 14.00 |                    0.10 |    890 |    66.2675 |
|        1 |        492 |          1392.20 |      1359.61 |      1436.36 |                 15.87 |                    0.10 |    890 |    66.3395 |
|        1 |        493 |          1392.20 |      1359.61 |      1471.21 |                 18.36 |                    0.10 |    892 |    66.4007 |
|        1 |        494 |          1392.20 |      1359.61 |      1465.92 |                 16.37 |                    0.10 |    892 |    66.4663 |
|        1 |        495 |          1392.20 |      1359.61 |      1437.90 |                 21.56 |                    0.10 |    893 |    66.5344 |
|        1 |        496 |          1392.20 |      1359.61 |      1437.90 |                 18.30 |                    0.10 |    893 |    66.5902 |
|        1 |        497 |          1392.20 |      1359.61 |      1437.66 |                 14.16 |                    0.10 |    893 |    66.6799 |
|        1 |        498 |          1392.20 |      1359.61 |      1437.53 |                 13.12 |                    0.10 |    893 |    66.7744 |
|        1 |        499 |          1392.20 |      1359.61 |      1428.79 |                 16.08 |                    0.10 |    894 |    66.8748 |
|        1 |        500 |          1392.20 |      1359.61 |      1429.20 |                 14.21 |                    0.10 |    894 |    66.9380 |
------------------------------------------------------------------------------------------------------------------------------------------------
Version identifier: 22.1.2.0 | 2024-11-26 | 0edbb82fd
CPXPARAM_MIP_Tolerances_UpperCutoff              1392.3000000001425
Tried aggregator 1 time.
MIP Presolve eliminated 9 rows and 124 columns.
MIP Presolve modified 647 coefficients.
Reduced MIP has 92 rows, 770 columns, and 5760 nonzeros.
Reduced MIP has 770 binaries, 0 generals, 0 SOSs, and 0 indicators.
Presolve time = 0.00 sec. (7.14 ticks)
Probing time = 0.01 sec. (7.84 ticks)
Tried aggregator 1 time.
Detecting symmetries...
MIP Presolve eliminated 3 rows and 2 columns.
Reduced MIP has 89 rows, 768 columns, and 5327 nonzeros.
Reduced MIP has 768 binaries, 0 generals, 0 SOSs, and 0 indicators.
Presolve time = 0.00 sec. (4.92 ticks)
Probing time = 0.00 sec. (2.54 ticks)
Clique table members: 752.
MIP emphasis: balance optimality and feasibility.
MIP search method: dynamic search.
Parallel mode: deterministic, using up to 8 threads.
Root relaxation solution time = 0.00 sec. (5.65 ticks)

        Nodes                                         Cuts/
   Node  Left     Objective  IInf  Best Integer    Best Bound    ItCnt     Gap

      0     0     1367.1589    33                   1367.1589      246         
*     0+    0                         1373.4000     1367.1589             0.45%
*     0     0      integral     0     1371.9000      Cuts: 22      305    0.00%
      0     0        cutoff           1371.9000     1371.9000      305    0.00%
Elapsed time = 0.04 sec. (41.53 ticks, tree = 0.01 MB, solutions = 2)
objective_value(sp) = 1371.9
 70.449125 seconds (6.90 M allocations: 343.822 MiB, 0.13% gc time, 5.56% compilation time)
#1: 0 (0.0) {367.40000000000003} -> 90 (6.0) {371.6} [311.0, 526.0] -> 99 (21.0) {397.8} [338.0, 398.0] -> 52 (24.0) {412.8} [25.0, 505.0] -> 86 (52.0) {430.0} [310.0, 507.0] -> 87 (65.0) {449.0} [389.0, 449.0] -> 59 (84.0) {463.4} [42.0, 522.0] -> 75 (100.0) {489.2} [57.0, 537.0] -> 97 (135.0) {516.0} [516.0, 697.0] -> 74 (143.0) {675.0} [675.0, 735.0] -> 0 (143.0) {721.0} [0.0, 960.0]
#2: 0 (0.0) {76.6} -> 72 (8.0) {104.0} [27.0, 507.0] -> 36 (48.0) {134.0} [43.0, 186.0] -> 39 (58.0) {151.0} [46.0, 201.0] -> 42 (68.0) {166.0} [33.0, 166.0] -> 44 (78.0) {247.0} [247.0, 307.0] -> 40 (108.0) {339.0} [339.0, 438.0] -> 38 (138.0) {354.3} [308.0, 368.0] -> 41 (158.0) {377.0} [377.0, 494.0] -> 61 (167.0) {403.4} [214.0, 421.0] -> 0 (167.0) {429.2} [0.0, 960.0]
#3: 0 (0.0) {417.6} -> 82 (9.0) {432.3} [14.0, 494.0] -> 9 (29.0) {461.0} [401.0, 461.0] -> 10 (59.0) {535.0} [535.0, 622.0] -> 13 (69.0) {683.0} [683.0, 743.0] -> 17 (89.0) {704.1} [698.0, 827.0] -> 60 (106.0) {735.3} [623.0, 884.0] -> 0 (106.0) {772.2} [0.0, 960.0]
#4: 0 (0.0) {659.0} -> 68 (21.0) {669.0} [613.0, 730.0] -> 55 (37.0) {689.0} [629.0, 689.0] -> 4 (77.0) {721.3} [674.0, 734.0] -> 100 (80.0) {870.0} [870.0, 930.0] -> 70 (103.0) {884.4} [780.0, 930.0] -> 0 (103.0) {914.0} [0.0, 960.0]
#5: 0 (0.0) {485.0} -> 81 (10.0) {497.0} [332.0, 497.0] -> 54 (26.0) {554.0} [554.0, 767.0] -> 43 (46.0) {589.0} [531.0, 736.0] -> 35 (66.0) {655.0} [655.0, 778.0] -> 37 (76.0) {668.6} [377.0, 857.0] -> 93 (79.0) {789.0} [789.0, 928.0] -> 96 (105.0) {805.3} [382.0, 862.0] -> 80 (118.0) {825.9} [817.0, 942.0] -> 0 (118.0) {843.5} [0.0, 960.0]
#6: 0 (0.0) {128.9} -> 65 (16.0) {140.0} [11.0, 140.0] -> 64 (33.0) {191.0} [191.0, 310.0] -> 62 (36.0) {221.6} [197.0, 257.0] -> 85 (38.0) {243.7} [164.0, 644.0] -> 63 (44.0) {257.3} [39.0, 316.0] -> 76 (75.0) {298.0} [298.0, 358.0] -> 51 (94.0) {317.4} [273.0, 498.0] -> 84 (112.0) {425.0} [425.0, 485.0] -> 91 (125.0) {457.0} [457.0, 937.0] -> 0 (125.0) {479.0} [0.0, 960.0]
#7: 0 (0.0) {223.90000000000003} -> 83 (14.0) {243.1} [19.0, 499.0] -> 19 (54.0) {274.6} [199.0, 428.0] -> 23 (84.0) {291.0} [231.0, 291.0] -> 21 (94.0) {303.0} [45.0, 525.0] -> 48 (104.0) {424.0} [424.0, 904.0] -> 18 (124.0) {436.0} [306.0, 483.0] -> 49 (134.0) {460.0} [460.0, 539.0] -> 22 (174.0) {473.6} [383.0, 486.0] -> 20 (184.0) {494.0} [494.0, 699.0] -> 57 (207.0) {519.6} [342.0, 571.0] -> 0 (207.0) {556.5} [0.0, 960.0]
#8: 0 (0.0) {615.4} -> 66 (16.0) {628.4} [570.0, 681.0] -> 56 (35.0) {647.6} [560.0, 673.0] -> 50 (65.0) {679.6} [327.0, 807.0] -> 32 (75.0) {705.4} [562.0, 799.0] -> 26 (105.0) {723.4} [349.0, 829.0] -> 89 (130.0) {770.9} [611.0, 897.0] -> 24 (140.0) {811.5} [609.0, 872.0] -> 25 (160.0) {831.9} [821.0, 881.0] -> 77 (167.0) {854.0} [794.0, 854.0] -> 58 (187.0) {874.6} [842.0, 902.0] -> 0 (187.0) {931.7} [0.0, 960.0]
#9: 0 (0.0) {139.3} -> 45 (10.0) {177.0} [37.0, 177.0] -> 2 (40.0) {194.2} [30.0, 510.0] -> 88 (59.0) {262.0} [262.0, 377.0] -> 53 (64.0) {405.0} [405.0, 465.0] -> 98 (73.0) {421.3} [14.0, 494.0] -> 0 (73.0) {445.4} [0.0, 960.0]
#10: 0 (0.0) {202.9} -> 69 (27.0) {212.1} [187.0, 247.0] -> 11 (67.0) {248.0} [225.0, 285.0] -> 15 (87.0) {264.0} [204.0, 264.0] -> 16 (107.0) {276.0} [204.0, 425.0] -> 47 (117.0) {291.3} [38.0, 322.0] -> 14 (127.0) {304.3} [35.0, 366.0] -> 12 (147.0) {317.3} [43.0, 523.0] -> 78 (174.0) {366.0} [366.0, 483.0] -> 73 (179.0) {383.2} [240.0, 451.0] -> 79 (209.0) {402.1} [382.0, 442.0] -> 7 (229.0) {423.5} [120.0, 600.0] -> 6 (249.0) {436.5} [393.0, 502.0] -> 8 (259.0) {452.3} [397.0, 457.0] -> 46 (269.0) {465.3} [432.0, 665.0] -> 5 (289.0) {480.6} [40.0, 520.0] -> 3 (299.0) {492.6} [291.0, 771.0] -> 1 (319.0) {505.6} [431.0, 911.0] -> 0 (319.0) {553.6} [0.0, 960.0]
#11: 0 (0.0) {59.3} -> 92 (14.0) {74.0} [14.0, 74.0] -> 95 (20.0) {90.7} [20.0, 500.0] -> 33 (30.0) {132.0} [71.0, 208.0] -> 28 (40.0) {150.6} [78.0, 339.0] -> 30 (50.0) {252.0} [252.0, 359.0] -> 27 (70.0) {270.6} [138.0, 273.0] -> 29 (80.0) {285.6} [132.0, 375.0] -> 31 (100.0) {297.6} [50.0, 530.0] -> 34 (130.0) {310.6} [307.0, 787.0] -> 67 (139.0) {342.7} [298.0, 358.0] -> 71 (153.0) {365.7} [191.0, 410.0] -> 94 (176.0) {386.3} [212.0, 692.0] -> 0 (176.0) {413.4} [0.0, 960.0]

Dist: 1371.9. Cost: 1371.9

Clique cuts applied:  9
Zero-half cuts applied:  6
Lift and project cuts applied:  2
Gomory fractional cuts applied:  3

Root node processing (before b&c):
  Real time             =    0.04 sec. (41.56 ticks)
Parallel b&c, 8 threads:
  Real time             =    0.00 sec. (0.00 ticks)
  Sync time (average)   =    0.00 sec.
  Wait time (average)   =    0.00 sec.
                          ------------
Total (root+branch&cut) =    0.04 sec. (41.56 ticks)
