Solving...
------------------------------------------------------------------------------------------------------------------------------------------------
|  Restart |  Iteration |  Best Feas. Cost |    Best Cost |   Curr. Cost |   Penalty Custom Res. |   Penalty Standard Res. |   Pool |   Time (s) |
------------------------------------------------------------------------------------------------------------------------------------------------
|        1 |          1 |              Inf |      1352.90 |      1420.94 |                 17.04 |                    0.10 |     49 |     0.2936 |
|        1 |          0 |          1361.10 |      1352.90 |      1361.10 |                 12.40 |                    0.10 |     60 |     0.8360 |
|        1 |          0 |          1351.70 |      1351.70 |      1351.70 |                  7.62 |                    0.10 |     67 |     0.9511 |
|        1 |          1 |          1351.70 |      1351.70 |      1351.70 |                  7.81 |                    0.10 |     67 |     1.0156 |
|        1 |          2 |          1351.70 |      1351.70 |      1377.50 |                 14.16 |                    0.10 |     75 |     1.1004 |
|        1 |          3 |          1351.70 |      1351.70 |      1391.30 |                  8.05 |                    0.10 |     81 |     1.1694 |
|        1 |          4 |          1351.70 |      1351.70 |      1377.81 |                  6.30 |                    0.10 |     81 |     1.2519 |
|        1 |          5 |          1351.70 |      1351.70 |      1359.00 |                  8.44 |                    0.10 |     85 |     1.3679 |
|        1 |          0 |          1346.60 |      1346.60 |      1346.60 |                  8.94 |                    0.10 |     91 |     1.5491 |
|        1 |          1 |          1346.60 |      1346.60 |      1346.60 |                 10.44 |                    0.10 |     91 |     1.6265 |
|        1 |          0 |          1331.90 |      1331.90 |      1331.90 |                  6.53 |                    0.10 |     91 |     1.7834 |
|        1 |          1 |          1331.90 |      1331.90 |      1335.37 |                  7.32 |                    0.10 |     94 |     1.8719 |
|        1 |          2 |          1331.90 |      1331.90 |      1336.95 |                 15.59 |                    0.10 |     94 |     1.9332 |
|        1 |          0 |          1321.00 |      1321.00 |      1321.00 |                  9.31 |                    0.10 |     98 |     2.0053 |
|        1 |          0 |          1317.30 |      1317.30 |      1317.30 |                  6.22 |                    0.10 |     98 |     2.0804 |
|        1 |          1 |          1317.30 |      1312.96 |      1312.96 |                  8.01 |                    0.10 |    100 |     2.1819 |
|        1 |          2 |          1317.30 |      1312.96 |      1317.30 |                  9.92 |                    0.11 |    100 |     2.2827 |
|        1 |          3 |          1317.30 |      1312.96 |      1352.30 |                  7.10 |                    0.10 |    102 |     2.3511 |
|        1 |          4 |          1317.30 |      1312.96 |      1337.20 |                  7.81 |                    0.10 |    107 |     2.5877 |
|        1 |          5 |          1317.30 |      1312.96 |      1321.70 |                 10.08 |                    0.10 |    109 |     2.6743 |
|        1 |          6 |          1317.30 |      1312.96 |      1333.20 |                  5.77 |                    0.10 |    111 |     2.8047 |
|        1 |          7 |          1317.30 |      1312.96 |      1341.87 |                  9.00 |                    0.10 |    112 |     2.8827 |
|        1 |          8 |          1317.30 |      1312.96 |      1317.30 |                  8.51 |                    0.10 |    113 |     2.9930 |
|        1 |          9 |          1317.30 |      1312.96 |      1318.80 |                 12.57 |                    0.10 |    116 |     3.1374 |
|        1 |         10 |          1317.30 |      1312.96 |      1321.90 |                  6.15 |                    0.10 |    117 |     3.2131 |
|        1 |         11 |          1317.30 |      1292.40 |      1292.40 |                  9.59 |                    0.12 |    119 |     3.3014 |
|        1 |         12 |          1317.30 |      1292.40 |      1295.82 |                  8.11 |                    0.10 |    119 |     3.4157 |
|        1 |         13 |          1317.30 |      1292.40 |      1295.73 |                  9.01 |                    0.10 |    119 |     3.4887 |
|        1 |         14 |          1317.30 |      1292.40 |      1298.45 |                  8.88 |                    0.10 |    119 |     3.5595 |
|        1 |         15 |          1317.30 |      1292.40 |      1293.94 |                  8.66 |                    0.10 |    121 |     3.6286 |
|        1 |         16 |          1317.30 |      1292.40 |      1294.21 |                 10.52 |                    0.10 |    121 |     3.7141 |
|        1 |          0 |          1295.20 |      1292.40 |      1295.20 |                  9.58 |                    0.10 |    121 |     3.7771 |
|        1 |          1 |          1295.20 |      1292.40 |      1294.92 |                  9.51 |                    0.10 |    121 |     3.8877 |
|        1 |          2 |          1295.20 |      1292.40 |      1309.60 |                 12.91 |                    0.14 |    123 |     3.9536 |
|        1 |          3 |          1295.20 |      1292.40 |      1294.70 |                  9.49 |                    0.10 |    123 |     4.0743 |
|        1 |          4 |          1295.20 |      1291.50 |      1291.50 |                  9.53 |                    0.10 |    123 |     4.1727 |
|        1 |          5 |          1295.20 |      1291.50 |      1295.00 |                 12.92 |                    0.10 |    123 |     4.2617 |
|        1 |          6 |          1295.20 |      1291.50 |      1295.20 |                  8.45 |                    0.10 |    123 |     4.3278 |
|        1 |          7 |          1295.20 |      1291.50 |      1293.31 |                  9.21 |                    0.10 |    123 |     4.3944 |
|        1 |          8 |          1295.20 |      1291.50 |      1291.81 |                  8.80 |                    0.10 |    123 |     4.4876 |
|        1 |          9 |          1295.20 |      1291.50 |      1293.44 |                  9.66 |                    0.10 |    123 |     4.5769 |
|        1 |         10 |          1295.20 |      1291.50 |      1291.93 |                  7.80 |                    0.10 |    123 |     4.6544 |
|        1 |         11 |          1295.20 |      1291.14 |      1291.14 |                 14.00 |                    0.10 |    123 |     4.7376 |
|        1 |         12 |          1295.20 |      1291.14 |      1295.20 |                  7.88 |                    0.10 |    123 |     4.7959 |
|        1 |         13 |          1295.20 |      1291.14 |      1293.31 |                  9.49 |                    0.10 |    123 |     4.8637 |
|        1 |         14 |          1295.20 |      1291.14 |      1295.20 |                  8.99 |                    0.11 |    123 |     4.9388 |
|        1 |         15 |          1295.20 |      1291.14 |      1293.83 |                  7.31 |                    0.10 |    123 |     5.0434 |
|        1 |         16 |          1295.20 |      1291.14 |      1295.80 |                  8.18 |                    0.12 |    123 |     5.1538 |
|        1 |         17 |          1295.20 |      1291.14 |      1295.72 |                  9.00 |                    0.10 |    123 |     5.2463 |
|        1 |         18 |          1295.20 |      1291.14 |      1297.09 |                  8.42 |                    0.10 |    123 |     5.3506 |
|        1 |         19 |          1295.20 |      1291.14 |      1302.57 |                 12.34 |                    0.16 |    123 |     5.4629 |
|        1 |         20 |          1295.20 |      1291.14 |      1302.40 |                  8.55 |                    0.10 |    124 |     5.5753 |
|        1 |         21 |          1295.20 |      1291.14 |      1302.40 |                  9.99 |                    0.10 |    124 |     5.6443 |
|        1 |         22 |          1295.20 |      1291.14 |      1302.54 |                 12.64 |                    0.13 |    124 |     5.7081 |
|        1 |         23 |          1295.20 |      1291.14 |      1309.00 |                  9.89 |                    0.10 |    124 |     5.7914 |
|        1 |         24 |          1295.20 |      1291.14 |      1309.00 |                 12.65 |                    0.10 |    124 |     5.8557 |
|        1 |         25 |          1295.20 |      1291.14 |      1303.20 |                  6.97 |                    0.10 |    127 |     5.9341 |
|        1 |         26 |          1295.20 |      1291.14 |      1295.86 |                  7.51 |                    0.10 |    127 |     6.0293 |
|        1 |         27 |          1295.20 |      1291.14 |      1292.08 |                  9.50 |                    0.10 |    127 |     6.1060 |
|        1 |         28 |          1295.20 |      1291.14 |      1296.47 |                 10.36 |                    0.10 |    127 |     6.1566 |
|        1 |          0 |          1294.40 |      1291.14 |      1294.40 |                  8.96 |                    0.10 |    128 |     6.2395 |
|        1 |          1 |          1294.40 |      1291.14 |      1292.63 |                  8.23 |                    0.10 |    128 |     6.3067 |
|        1 |          2 |          1294.40 |      1291.14 |      1305.18 |                  9.05 |                    0.10 |    130 |     6.3863 |
|        1 |          3 |          1294.40 |      1291.14 |      1329.97 |                  9.08 |                    0.10 |    133 |     6.4891 |
|        1 |          4 |          1294.40 |      1291.14 |      1328.29 |                  8.85 |                    0.10 |    134 |     6.5894 |
|        1 |          5 |          1294.40 |      1291.14 |      1336.13 |                  8.61 |                    0.10 |    134 |     6.7046 |
|        1 |          6 |          1294.40 |      1291.14 |      1332.53 |                 15.58 |                    0.10 |    134 |     6.8043 |
|        1 |          7 |          1294.40 |      1291.14 |      1332.80 |                  8.96 |                    0.10 |    134 |     6.8518 |
|        1 |          8 |          1294.40 |      1291.14 |      1338.82 |                  8.64 |                    0.11 |    134 |     6.9429 |
|        1 |          9 |          1294.40 |      1291.14 |      1341.92 |                  8.33 |                    0.10 |    137 |     7.0409 |
|        1 |         10 |          1294.40 |      1291.14 |      1352.35 |                 12.86 |                    0.10 |    141 |     7.1366 |
|        1 |         11 |          1294.40 |      1291.14 |      1302.00 |                  9.19 |                    0.10 |    141 |     7.2346 |
|        1 |         12 |          1294.40 |      1291.14 |      1299.98 |                  8.68 |                    0.10 |    141 |     7.3388 |
|        1 |         13 |          1294.40 |      1291.14 |      1296.98 |                  9.07 |                    0.10 |    143 |     7.4328 |
|        1 |         14 |          1294.40 |      1291.14 |      1295.07 |                 15.06 |                    0.10 |    143 |     7.6433 |
|        1 |         15 |          1294.40 |      1291.14 |      1294.13 |                 11.07 |                    0.10 |    143 |     7.7672 |
|        1 |         16 |          1294.40 |      1291.14 |      1301.00 |                 11.41 |                    0.10 |    146 |     7.9089 |
|        1 |         17 |          1294.40 |      1291.14 |      1301.00 |                 10.49 |                    0.10 |    146 |     7.9744 |
|        1 |         18 |          1294.40 |      1291.14 |      1357.97 |                  7.34 |                    0.10 |    152 |     8.1022 |
|        1 |         19 |          1294.40 |      1291.14 |      1401.80 |                  5.35 |                    0.10 |    157 |     8.1932 |
|        1 |         20 |          1294.40 |      1291.14 |      1369.35 |                 12.96 |                    0.15 |    157 |     8.2736 |
|        1 |         21 |          1294.40 |      1291.14 |      1401.80 |                  6.04 |                    0.10 |    157 |     8.3378 |
|        1 |         22 |          1294.40 |      1291.14 |      1371.50 |                  8.44 |                    0.10 |    157 |     8.4240 |
|        1 |         23 |          1294.40 |      1291.14 |      1346.54 |                 12.78 |                    0.10 |    159 |     8.5289 |
|        1 |         24 |          1294.40 |      1291.14 |      1339.20 |                  9.14 |                    0.10 |    164 |     8.6858 |
|        1 |         25 |          1294.40 |      1291.14 |      1330.60 |                  5.30 |                    0.10 |    164 |     8.8058 |
|        1 |         26 |          1294.40 |      1291.14 |      1317.30 |                  7.45 |                    0.10 |    164 |     8.9710 |
|        1 |         27 |          1294.40 |      1291.14 |      1308.13 |                  8.68 |                    0.10 |    164 |     9.1031 |
|        1 |         28 |          1294.40 |      1291.14 |      1317.18 |                  9.27 |                    0.10 |    164 |     9.1838 |
|        1 |         29 |          1294.40 |      1291.14 |      1317.30 |                  5.55 |                    0.10 |    164 |     9.2440 |
|        1 |         30 |          1294.40 |      1291.14 |      1328.90 |                 13.97 |                    0.13 |    164 |     9.3654 |
|        1 |         31 |          1294.40 |      1291.14 |      1328.90 |                  7.34 |                    0.10 |    164 |     9.4420 |
|        1 |         32 |          1294.40 |      1291.14 |      1323.53 |                 11.52 |                    0.10 |    166 |     9.6222 |
|        1 |         33 |          1294.40 |      1291.14 |      1326.90 |                  9.39 |                    0.10 |    166 |     9.7136 |
|        1 |         34 |          1294.40 |      1291.14 |      1354.10 |                  7.96 |                    0.10 |    170 |     9.8044 |
|        1 |         35 |          1294.40 |      1291.14 |      1327.50 |                  5.15 |                    0.10 |    175 |     9.9150 |
|        1 |         36 |          1294.40 |      1291.14 |      1319.91 |                  8.45 |                    0.13 |    178 |    10.0259 |
|        1 |         37 |          1294.40 |      1291.14 |      1321.90 |                  7.38 |                    0.10 |    178 |    10.1445 |
|        1 |         38 |          1294.40 |      1291.14 |      1321.90 |                  9.34 |                    0.10 |    178 |    10.2182 |
|        1 |         39 |          1294.40 |      1291.14 |      1311.71 |                  7.80 |                    0.10 |    182 |    10.4118 |
|        1 |         40 |          1294.40 |      1291.14 |      1307.35 |                  9.78 |                    0.10 |    182 |    10.4774 |
|        1 |         41 |          1294.40 |      1291.14 |      1311.35 |                  8.21 |                    0.10 |    183 |    10.5669 |
|        1 |         42 |          1294.40 |      1291.14 |      1335.79 |                  5.99 |                    0.10 |    185 |    10.6492 |
|        1 |         43 |          1294.40 |      1291.14 |      1322.70 |                  7.54 |                    0.10 |    188 |    10.8071 |
|        1 |         44 |          1294.40 |      1291.14 |      1314.10 |                 14.17 |                    0.10 |    189 |    10.9524 |
|        1 |         45 |          1294.40 |      1291.14 |      1314.80 |                 13.54 |                    0.12 |    189 |    11.0369 |
|        1 |         46 |          1294.40 |      1291.14 |      1314.53 |                  8.31 |                    0.10 |    190 |    11.1719 |
|        1 |         47 |          1294.40 |      1291.14 |      1312.49 |                  9.23 |                    0.10 |    190 |    11.2610 |
|        1 |         48 |          1294.40 |      1291.14 |      1313.33 |                  9.17 |                    0.10 |    190 |    11.3700 |
|        1 |         49 |          1294.40 |      1291.14 |      1314.50 |                  7.91 |                    0.10 |    192 |    11.5012 |
|        1 |         50 |          1294.40 |      1291.14 |      1319.11 |                  8.18 |                    0.10 |    193 |    11.6014 |
|        1 |         51 |          1294.40 |      1291.14 |      1316.50 |                 10.27 |                    0.10 |    196 |    11.8189 |
|        1 |         52 |          1294.40 |      1291.14 |      1360.80 |                 12.86 |                    0.10 |    199 |    11.9014 |
|        1 |         53 |          1294.40 |      1291.14 |      1360.40 |                 14.72 |                    0.10 |    202 |    11.9869 |
|        1 |         54 |          1294.40 |      1291.14 |      1321.59 |                  7.05 |                    0.10 |    204 |    12.2706 |
|        1 |         55 |          1294.40 |      1291.14 |      1320.54 |                  7.15 |                    0.10 |    204 |    12.3974 |
|        1 |         56 |          1294.40 |      1291.14 |      1321.91 |                 18.58 |                    0.10 |    206 |    12.5020 |
|        1 |         57 |          1294.40 |      1291.14 |      1326.90 |                  7.98 |                    0.10 |    208 |    12.6146 |
|        1 |         58 |          1294.40 |      1291.14 |      1322.14 |                 11.96 |                    0.10 |    209 |    12.6934 |
|        1 |         59 |          1294.40 |      1291.14 |      1323.10 |                  7.58 |                    0.10 |    209 |    12.8100 |
|        1 |         60 |          1294.40 |      1291.14 |      1322.87 |                  8.94 |                    0.10 |    210 |    12.9004 |
|        1 |         61 |          1294.40 |      1291.14 |      1323.07 |                  9.72 |                    0.10 |    210 |    13.0106 |
|        1 |         62 |          1294.40 |      1291.14 |      1322.40 |                  7.44 |                    0.10 |    210 |    13.1376 |
|        1 |         63 |          1294.40 |      1291.14 |      1322.82 |                  7.29 |                    0.10 |    210 |    13.3097 |
|        1 |         64 |          1294.40 |      1291.14 |      1327.60 |                 12.33 |                    0.10 |    210 |    13.3796 |
|        1 |         65 |          1294.40 |      1291.14 |      1328.05 |                  7.34 |                    0.10 |    210 |    13.5259 |
|        1 |         66 |          1294.40 |      1291.14 |      1327.55 |                  7.59 |                    0.10 |    210 |    13.6198 |
|        1 |         67 |          1294.40 |      1291.14 |      1328.19 |                  8.52 |                    0.10 |    211 |    13.7097 |
|        1 |         68 |          1294.40 |      1291.14 |      1322.66 |                 12.51 |                    0.10 |    211 |    13.8138 |
|        1 |         69 |          1294.40 |      1291.14 |      1323.10 |                 10.19 |                    0.14 |    211 |    13.8919 |
|        1 |         70 |          1294.40 |      1291.14 |      1346.25 |                 16.70 |                    0.10 |    216 |    13.9942 |
|        1 |         71 |          1294.40 |      1291.14 |      1392.50 |                 22.22 |                    0.10 |    219 |    14.0735 |
|        1 |         72 |          1294.40 |      1291.14 |      1342.10 |                  8.63 |                    0.10 |    223 |    14.1676 |
|        1 |         73 |          1294.40 |      1291.14 |      1342.10 |                 11.03 |                    0.10 |    223 |    14.2580 |
|        1 |         74 |          1294.40 |      1291.14 |      1335.88 |                 13.78 |                    0.10 |    223 |    14.3832 |
|        1 |         75 |          1294.40 |      1291.14 |      1341.90 |                 13.28 |                    0.10 |    223 |    14.4951 |
|        1 |         76 |          1294.40 |      1291.14 |      1341.90 |                  6.71 |                    0.10 |    223 |    14.5569 |
|        1 |         77 |          1294.40 |      1291.14 |      1381.02 |                 15.00 |                    0.22 |    225 |    14.6341 |
|        1 |         78 |          1294.40 |      1291.14 |      1316.34 |                  7.33 |                    0.10 |    228 |    14.8828 |
|        1 |         79 |          1294.40 |      1291.14 |      1305.80 |                 11.67 |                    0.10 |    228 |    14.9630 |
|        1 |         80 |          1294.40 |      1291.14 |      1320.70 |                 12.87 |                    0.10 |    229 |    15.1432 |
|        1 |         81 |          1294.40 |      1291.14 |      1329.20 |                  8.64 |                    0.10 |    233 |    15.3010 |
|        1 |         82 |          1294.40 |      1291.14 |      1328.58 |                 15.58 |                    0.10 |    234 |    15.6111 |
|        1 |         83 |          1294.40 |      1291.14 |      1329.00 |                 13.09 |                    0.10 |    234 |    15.6755 |
|        1 |         84 |          1294.40 |      1291.14 |      1328.20 |                  6.85 |                    0.10 |    234 |    15.7757 |
|        1 |         85 |          1294.40 |      1291.14 |      1327.99 |                  7.77 |                    0.10 |    234 |    15.8522 |
|        1 |         86 |          1294.40 |      1291.14 |      1329.01 |                  8.05 |                    0.10 |    234 |    15.9135 |
|        1 |         87 |          1294.40 |      1291.14 |      1322.67 |                  9.00 |                    0.12 |    234 |    16.0507 |
|        1 |         88 |          1294.40 |      1291.14 |      1324.45 |                 10.13 |                    0.10 |    235 |    16.2252 |
|        1 |         89 |          1294.40 |      1291.14 |      1325.17 |                 10.47 |                    0.10 |    235 |    16.3335 |
|        1 |         90 |          1294.40 |      1291.14 |      1325.30 |                  5.13 |                    0.10 |    235 |    16.4031 |
|        1 |         91 |          1294.40 |      1291.14 |      1320.94 |                 11.02 |                    0.10 |    235 |    16.4738 |
|        1 |         92 |          1294.40 |      1291.14 |      1324.96 |                 10.72 |                    0.10 |    235 |    16.5885 |
|        1 |         93 |          1294.40 |      1291.14 |      1325.30 |                  7.15 |                    0.10 |    235 |    16.6650 |
|        1 |         94 |          1294.40 |      1291.14 |      1325.15 |                  7.14 |                    0.10 |    235 |    16.8422 |
|        1 |         95 |          1294.40 |      1291.14 |      1324.92 |                  8.24 |                    0.10 |    235 |    16.9320 |
|        1 |         96 |          1294.40 |      1291.14 |      1328.67 |                  9.34 |                    0.10 |    235 |    17.0136 |
|        1 |         97 |          1294.40 |      1291.14 |      1326.67 |                 14.09 |                    0.10 |    235 |    17.1436 |
|        1 |         98 |          1294.40 |      1291.14 |      1325.30 |                  6.05 |                    0.10 |    235 |    17.2417 |
|        1 |         99 |          1294.40 |      1291.14 |      1322.89 |                  7.50 |                    0.10 |    235 |    17.3071 |
|        1 |        100 |          1294.40 |      1291.14 |      1323.71 |                  7.39 |                    0.12 |    235 |    17.3853 |
|        1 |        101 |          1294.40 |      1291.14 |      1378.09 |                  8.93 |                    0.10 |    238 |    17.5383 |
|        1 |        102 |          1294.40 |      1291.14 |      1326.38 |                 12.83 |                    0.10 |    240 |    17.6739 |
|        1 |        103 |          1294.40 |      1291.14 |      1362.70 |                  7.90 |                    0.10 |    243 |    17.7451 |
|        1 |        104 |          1294.40 |      1291.14 |      1334.31 |                  9.31 |                    0.10 |    244 |    17.8351 |
|        1 |        105 |          1294.40 |      1291.14 |      1342.01 |                 10.45 |                    0.10 |    244 |    17.8986 |
|        1 |        106 |          1294.40 |      1291.14 |      1345.32 |                  7.48 |                    0.10 |    244 |    17.9602 |
|        1 |        107 |          1294.40 |      1291.14 |      1342.66 |                 16.59 |                    0.22 |    244 |    18.0274 |
|        1 |        108 |          1294.40 |      1291.14 |      1369.60 |                  7.55 |                    0.10 |    245 |    18.1390 |
|        1 |        109 |          1294.40 |      1291.14 |      1404.80 |                  8.56 |                    0.10 |    247 |    18.2085 |
|        1 |        110 |          1294.40 |      1291.14 |      1345.81 |                 17.09 |                    0.10 |    249 |    18.3423 |
|        1 |        111 |          1294.40 |      1291.14 |      1360.77 |                 16.01 |                    0.10 |    249 |    18.4134 |
|        1 |        112 |          1294.40 |      1291.14 |      1388.18 |                 16.59 |                    0.10 |    251 |    18.4934 |
|        1 |        113 |          1294.40 |      1291.14 |      1403.43 |                 23.31 |                    0.10 |    256 |    18.6480 |
|        1 |        114 |          1294.40 |      1291.14 |      1418.80 |                 11.88 |                    0.10 |    260 |    18.7035 |
|        1 |        115 |          1294.40 |      1291.14 |      1370.89 |                 13.08 |                    0.10 |    261 |    18.7637 |
|        1 |        116 |          1294.40 |      1291.14 |      1360.50 |                  7.72 |                    0.10 |    264 |    18.8793 |
|        1 |        117 |          1294.40 |      1291.14 |      1319.60 |                  8.80 |                    0.10 |    265 |    19.0240 |
|        1 |        118 |          1294.40 |      1291.14 |      1319.60 |                  7.39 |                    0.10 |    265 |    19.0844 |
|        1 |        119 |          1294.40 |      1291.14 |      1317.12 |                 12.59 |                    0.10 |    265 |    19.1998 |
|        1 |        120 |          1294.40 |      1291.14 |      1317.30 |                 23.54 |                    0.10 |    265 |    19.2699 |
|        1 |        121 |          1294.40 |      1291.14 |      1317.30 |                  9.62 |                    0.10 |    265 |    19.3396 |
|        1 |        122 |          1294.40 |      1291.14 |      1314.53 |                  9.25 |                    0.10 |    265 |    19.4699 |
|        1 |        123 |          1294.40 |      1291.14 |      1359.04 |                  7.59 |                    0.10 |    267 |    19.6094 |
|        1 |        124 |          1294.40 |      1291.14 |      1365.32 |                  8.35 |                    0.10 |    269 |    19.6807 |
|        1 |        125 |          1294.40 |      1291.14 |      1322.30 |                  8.90 |                    0.10 |    269 |    19.7940 |
|        1 |        126 |          1294.40 |      1291.14 |      1322.30 |                  6.49 |                    0.10 |    269 |    19.8754 |
|        1 |        127 |          1294.40 |      1291.14 |      1321.04 |                  7.14 |                    0.10 |    269 |    19.9526 |
------------------------------------------------------------------------------------------------------------------------------------------------
|  Restart |  Iteration |  Best Feas. Cost |    Best Cost |   Curr. Cost |   Penalty Custom Res. |   Penalty Standard Res. |   Pool |   Time (s) |
------------------------------------------------------------------------------------------------------------------------------------------------
|        1 |        128 |          1294.40 |      1291.14 |      1321.45 |                 11.24 |                    0.10 |    269 |    20.0401 |
|        1 |        129 |          1294.40 |      1291.14 |      1327.39 |                 16.35 |                    0.18 |    269 |    20.1244 |
|        1 |        130 |          1294.40 |      1291.14 |      1322.30 |                  9.37 |                    0.10 |    269 |    20.2206 |
|        1 |        131 |          1294.40 |      1291.14 |      1316.91 |                 12.16 |                    0.12 |    269 |    20.3764 |
|        1 |        132 |          1294.40 |      1291.14 |      1313.70 |                 10.39 |                    0.12 |    270 |    20.4976 |
|        1 |        133 |          1294.40 |      1291.14 |      1313.70 |                  5.40 |                    0.10 |    271 |    20.5587 |
|        1 |        134 |          1294.40 |      1291.14 |      1302.14 |                  8.76 |                    0.10 |    272 |    20.6658 |
|        1 |        135 |          1294.40 |      1291.14 |      1313.70 |                 17.85 |                    0.10 |    272 |    20.7886 |
|        1 |        136 |          1294.40 |      1291.14 |      1313.70 |                  9.46 |                    0.10 |    272 |    20.8576 |
|        1 |        137 |          1294.40 |      1291.14 |      1312.32 |                  8.01 |                    0.10 |    274 |    20.9607 |
|        1 |        138 |          1294.40 |      1291.14 |      1311.08 |                 12.26 |                    0.10 |    274 |    21.0344 |
|        1 |        139 |          1294.40 |      1291.14 |      1313.10 |                  7.32 |                    0.10 |    274 |    21.1185 |
|        1 |        140 |          1294.40 |      1291.14 |      1321.10 |                 16.55 |                    0.10 |    274 |    21.1896 |
|        1 |        141 |          1294.40 |      1291.14 |      1321.10 |                  7.47 |                    0.10 |    274 |    21.2762 |
|        1 |        142 |          1294.40 |      1291.14 |      1321.10 |                  6.53 |                    0.10 |    274 |    21.3490 |
|        1 |        143 |          1294.40 |      1291.14 |      1341.47 |                 14.91 |                    0.10 |    275 |    21.4168 |
|        1 |        144 |          1294.40 |      1291.14 |      1383.40 |                  9.94 |                    0.10 |    277 |    21.4998 |
|        1 |        145 |          1294.40 |      1291.14 |      1383.40 |                  5.28 |                    0.10 |    277 |    21.5542 |
|        1 |        146 |          1294.40 |      1291.14 |      1355.29 |                 10.57 |                    0.10 |    279 |    21.6283 |
|        1 |        147 |          1294.40 |      1291.14 |      1359.80 |                  8.21 |                    0.10 |    282 |    21.8283 |
|        1 |        148 |          1294.40 |      1291.14 |      1356.69 |                 18.15 |                    0.10 |    284 |    21.9387 |
|        1 |        149 |          1294.40 |      1291.14 |      1352.00 |                 10.32 |                    0.10 |    288 |    22.0134 |
|        1 |        150 |          1294.40 |      1291.14 |      1348.20 |                 11.46 |                    0.10 |    290 |    22.0923 |
|        1 |        151 |          1294.40 |      1291.14 |      1348.20 |                  7.06 |                    0.10 |    290 |    22.1586 |
|        1 |        152 |          1294.40 |      1291.14 |      1315.10 |                  8.11 |                    0.10 |    293 |    22.3325 |
|        1 |        153 |          1294.40 |      1291.14 |      1314.42 |                  9.57 |                    0.10 |    293 |    22.4071 |
|        1 |        154 |          1294.40 |      1291.14 |      1301.90 |                  7.11 |                    0.10 |    295 |    22.5153 |
|        1 |        155 |          1294.40 |      1291.14 |      1301.78 |                  9.62 |                    0.10 |    298 |    22.6212 |
|        1 |        156 |          1294.40 |      1291.14 |      1309.23 |                  8.24 |                    0.10 |    300 |    22.7021 |
|        1 |        157 |          1294.40 |      1291.14 |      1306.08 |                  7.43 |                    0.10 |    300 |    22.7554 |
|        1 |        158 |          1294.40 |      1291.14 |      1304.28 |                  9.56 |                    0.10 |    300 |    22.8693 |
|        1 |        159 |          1294.40 |      1291.14 |      1348.20 |                  6.97 |                    0.10 |    306 |    23.0998 |
|        1 |        160 |          1294.40 |      1291.14 |      1328.83 |                  7.49 |                    0.10 |    310 |    23.2405 |
|        1 |        161 |          1294.40 |      1291.14 |      1318.31 |                 13.47 |                    0.17 |    312 |    23.4500 |
|        1 |        162 |          1294.40 |      1291.14 |      1311.53 |                  7.55 |                    0.10 |    315 |    23.5848 |
|        1 |        163 |          1294.40 |      1291.14 |      1318.81 |                  9.83 |                    0.10 |    316 |    23.6755 |
|        1 |        164 |          1294.40 |      1291.14 |      1342.90 |                  7.39 |                    0.10 |    318 |    23.7471 |
|        1 |        165 |          1294.40 |      1291.14 |      1335.84 |                 11.20 |                    0.14 |    318 |    23.8250 |
|        1 |        166 |          1294.40 |      1291.14 |      1313.70 |                 11.57 |                    0.10 |    318 |    23.9443 |
|        1 |        167 |          1294.40 |      1291.14 |      1318.57 |                  8.61 |                    0.10 |    319 |    24.0290 |
|        1 |        168 |          1294.40 |      1291.14 |      1313.40 |                  6.02 |                    0.10 |    322 |    24.1404 |
|        1 |        169 |          1294.40 |      1291.14 |      1314.88 |                  6.36 |                    0.10 |    323 |    24.2265 |
|        1 |        170 |          1294.40 |      1291.14 |      1302.00 |                  7.41 |                    0.10 |    324 |    24.3338 |
|        1 |        171 |          1294.40 |      1291.14 |      1308.80 |                  9.18 |                    0.10 |    326 |    24.4153 |
|        1 |        172 |          1294.40 |      1291.14 |      1300.90 |                  6.00 |                    0.10 |    326 |    24.5046 |
|        1 |        173 |          1294.40 |      1291.14 |      1300.84 |                  9.84 |                    0.12 |    326 |    24.5911 |
|        1 |        174 |          1294.40 |      1291.14 |      1327.97 |                 10.99 |                    0.13 |    326 |    24.7457 |
|        1 |        175 |          1294.40 |      1291.14 |      1346.68 |                  9.78 |                    0.10 |    326 |    24.8404 |
|        1 |        176 |          1294.40 |      1291.14 |      1342.10 |                  8.78 |                    0.11 |    329 |    24.9659 |
|        1 |        177 |          1294.40 |      1291.14 |      1331.62 |                  6.51 |                    0.10 |    329 |    25.1097 |
|        1 |        178 |          1294.40 |      1291.14 |      1327.65 |                  8.32 |                    0.10 |    329 |    25.1807 |
|        1 |        179 |          1294.40 |      1291.14 |      1333.60 |                  9.79 |                    0.14 |    332 |    25.2899 |
|        1 |        180 |          1294.40 |      1291.14 |      1333.60 |                  9.95 |                    0.10 |    332 |    25.3613 |
|        1 |        181 |          1294.40 |      1291.14 |      1306.62 |                  9.39 |                    0.12 |    332 |    25.6398 |
|        1 |        182 |          1294.40 |      1291.14 |      1310.56 |                 10.63 |                    0.10 |    332 |    25.7248 |
|        1 |        183 |          1294.40 |      1291.14 |      1311.70 |                 17.10 |                    0.10 |    332 |    25.8048 |
|        1 |        184 |          1294.40 |      1291.14 |      1311.90 |                  9.16 |                    0.10 |    332 |    25.8677 |
|        1 |        185 |          1294.40 |      1291.14 |      1311.56 |                  7.17 |                    0.10 |    332 |    25.9537 |
|        1 |        186 |          1294.40 |      1291.14 |      1309.74 |                 14.64 |                    0.16 |    332 |    26.0445 |
|        1 |        187 |          1294.40 |      1291.14 |      1318.70 |                  9.75 |                    0.11 |    334 |    26.1418 |
|        1 |        188 |          1294.40 |      1291.14 |      1318.01 |                  9.12 |                    0.10 |    334 |    26.2366 |
|        1 |        189 |          1294.40 |      1291.14 |      1320.64 |                  8.80 |                    0.12 |    334 |    26.3282 |
|        1 |        190 |          1294.40 |      1291.14 |      1319.64 |                  7.85 |                    0.10 |    334 |    26.3945 |
|        1 |        191 |          1294.40 |      1291.14 |      1317.62 |                  9.34 |                    0.10 |    334 |    26.4800 |
|        1 |        192 |          1294.40 |      1291.14 |      1311.37 |                  9.21 |                    0.10 |    334 |    26.5467 |
|        1 |        193 |          1294.40 |      1291.14 |      1311.90 |                  6.79 |                    0.10 |    334 |    26.6331 |
|        1 |        194 |          1294.40 |      1291.14 |      1306.01 |                  9.88 |                    0.10 |    334 |    26.7102 |
|        1 |        195 |          1294.40 |      1291.14 |      1310.59 |                  7.42 |                    0.10 |    334 |    26.8067 |
|        1 |        196 |          1294.40 |      1291.14 |      1320.04 |                  7.01 |                    0.10 |    336 |    27.0749 |
|        1 |        197 |          1294.40 |      1291.14 |      1317.50 |                  9.81 |                    0.10 |    337 |    27.1409 |
|        1 |        198 |          1294.40 |      1291.14 |      1321.10 |                  7.68 |                    0.13 |    337 |    27.2298 |
|        1 |        199 |          1294.40 |      1291.14 |      1321.10 |                  7.12 |                    0.11 |    337 |    27.3154 |
|        1 |        200 |          1294.40 |      1291.14 |      1321.10 |                  5.35 |                    0.10 |    337 |    27.4125 |
|        1 |        201 |          1294.40 |      1291.14 |      1317.45 |                  7.27 |                    0.13 |    339 |    27.4743 |
|        1 |        202 |          1294.40 |      1291.14 |      1307.58 |                  9.75 |                    0.10 |    340 |    27.5820 |
|        1 |        203 |          1294.40 |      1291.14 |      1300.11 |                  9.17 |                    0.10 |    341 |    27.8838 |
|        1 |        204 |          1294.40 |      1291.14 |      1333.10 |                  7.92 |                    0.10 |    342 |    27.9826 |
|        1 |        205 |          1294.40 |      1291.14 |      1342.60 |                  7.27 |                    0.10 |    342 |    28.0798 |
|        1 |        206 |          1294.40 |      1291.14 |      1327.70 |                  7.44 |                    0.11 |    342 |    28.1889 |
|        1 |        207 |          1294.40 |      1291.14 |      1331.37 |                  6.84 |                    0.10 |    342 |    28.2554 |
|        1 |        208 |          1294.40 |      1291.14 |      1324.43 |                  8.41 |                    0.10 |    342 |    28.3267 |
|        1 |        209 |          1294.40 |      1291.14 |      1321.10 |                  7.06 |                    0.10 |    342 |    28.3930 |
|        1 |        210 |          1294.40 |      1291.14 |      1321.10 |                  9.48 |                    0.10 |    342 |    28.4964 |
|        1 |        211 |          1294.40 |      1291.14 |      1321.10 |                  4.69 |                    0.10 |    342 |    28.5723 |
|        1 |        212 |          1294.40 |      1291.14 |      1323.75 |                  9.42 |                    0.10 |    342 |    28.7871 |
|        1 |        213 |          1294.40 |      1291.14 |      1325.30 |                 15.92 |                    0.10 |    342 |    28.8882 |
|        1 |        214 |          1294.40 |      1291.14 |      1325.30 |                  7.41 |                    0.10 |    342 |    28.9618 |
|        1 |        215 |          1294.40 |      1291.14 |      1325.30 |                 10.57 |                    0.10 |    342 |    29.0553 |
|        1 |        216 |          1294.40 |      1291.14 |      1318.12 |                  9.39 |                    0.10 |    342 |    29.1870 |
|        1 |        217 |          1294.40 |      1291.14 |      1325.30 |                  7.58 |                    0.10 |    342 |    29.2755 |
|        1 |        218 |          1294.40 |      1291.14 |      1329.00 |                  7.24 |                    0.10 |    342 |    29.3634 |
|        1 |        219 |          1294.40 |      1291.14 |      1328.98 |                 11.78 |                    0.10 |    342 |    29.4515 |
|        1 |        220 |          1294.40 |      1291.14 |      1325.30 |                  6.40 |                    0.10 |    342 |    29.6224 |
|        1 |        221 |          1294.40 |      1291.14 |      1323.34 |                  7.93 |                    0.10 |    342 |    29.7041 |
|        1 |        222 |          1294.40 |      1291.14 |      1325.30 |                  9.27 |                    0.10 |    342 |    29.7800 |
|        1 |        223 |          1294.40 |      1291.14 |      1361.99 |                  6.25 |                    0.10 |    346 |    29.8610 |
|        1 |        224 |          1294.40 |      1291.14 |      1365.94 |                 16.07 |                    0.10 |    348 |    29.9469 |
|        1 |        225 |          1294.40 |      1291.14 |      1381.45 |                 34.93 |                    0.10 |    351 |    30.0141 |
|        1 |        226 |          1294.40 |      1291.14 |      1385.90 |                 18.68 |                    0.10 |    355 |    30.1100 |
|        1 |        227 |          1294.40 |      1291.14 |      1369.20 |                  8.83 |                    0.12 |    358 |    30.2772 |
|        1 |        228 |          1294.40 |      1291.14 |      1362.46 |                 14.34 |                    0.14 |    360 |    30.3618 |
|        1 |        229 |          1294.40 |      1291.14 |      1357.80 |                  7.35 |                    0.10 |    360 |    30.5078 |
|        1 |        230 |          1294.40 |      1291.14 |      1349.78 |                  9.31 |                    0.10 |    360 |    30.7189 |
|        1 |        231 |          1294.40 |      1291.14 |      1350.40 |                  7.51 |                    0.10 |    360 |    30.7914 |
|        1 |        232 |          1294.40 |      1291.14 |      1356.20 |                 11.61 |                    0.10 |    360 |    30.8723 |
|        1 |        233 |          1294.40 |      1291.14 |      1356.20 |                 11.68 |                    0.10 |    360 |    30.9499 |
|        1 |        234 |          1294.40 |      1291.14 |      1359.50 |                  7.05 |                    0.10 |    360 |    31.0240 |
|        1 |        235 |          1294.40 |      1291.14 |      1361.71 |                  8.58 |                    0.10 |    360 |    31.0905 |
|        1 |        236 |          1294.40 |      1291.14 |      1389.60 |                  6.06 |                    0.11 |    361 |    31.2220 |
|        1 |        237 |          1294.40 |      1291.14 |      1349.32 |                  6.39 |                    0.10 |    361 |    31.3327 |
|        1 |        238 |          1294.40 |      1291.14 |      1346.00 |                  7.92 |                    0.10 |    361 |    31.4254 |
|        1 |        239 |          1294.40 |      1291.14 |      1346.00 |                  6.78 |                    0.11 |    361 |    31.5033 |
|        1 |        240 |          1294.40 |      1291.14 |      1357.85 |                 11.81 |                    0.10 |    361 |    31.5815 |
|        1 |        241 |          1294.40 |      1291.14 |      1352.60 |                 10.19 |                    0.10 |    361 |    31.7136 |
|        1 |        242 |          1294.40 |      1291.14 |      1346.00 |                  8.96 |                    0.10 |    361 |    31.8536 |
|        1 |        243 |          1294.40 |      1291.14 |      1348.67 |                  7.56 |                    0.10 |    361 |    32.0038 |
|        1 |        244 |          1294.40 |      1291.14 |      1350.20 |                  7.60 |                    0.10 |    361 |    32.1292 |
|        1 |        245 |          1294.40 |      1291.14 |      1349.40 |                  8.04 |                    0.10 |    362 |    32.2567 |
|        1 |        246 |          1294.40 |      1291.14 |      1349.40 |                 10.48 |                    0.10 |    362 |    32.4143 |
|        1 |        247 |          1294.40 |      1291.14 |      1355.20 |                  6.45 |                    0.10 |    362 |    32.5074 |
|        1 |        248 |          1294.40 |      1291.14 |      1343.33 |                  6.10 |                    0.10 |    362 |    32.5999 |
|        1 |        249 |          1294.40 |      1291.14 |      1342.71 |                  9.94 |                    0.10 |    364 |    32.7799 |
|        1 |        250 |          1294.40 |      1291.14 |      1349.50 |                  9.60 |                    0.10 |    365 |    32.8484 |
|        1 |        251 |          1294.40 |      1291.14 |      1350.05 |                 10.98 |                    0.15 |    365 |    32.9382 |
|        1 |        252 |          1294.40 |      1291.14 |      1350.20 |                  7.33 |                    0.10 |    365 |    33.0104 |
|        1 |        253 |          1294.40 |      1291.14 |      1338.16 |                 11.65 |                    0.12 |    365 |    33.2770 |
|        1 |        254 |          1294.40 |      1291.14 |      1372.50 |                  6.47 |                    0.10 |    367 |    33.4126 |
|        1 |        255 |          1294.40 |      1291.14 |      1328.70 |                  7.52 |                    0.10 |    368 |    33.5606 |
|        1 |        256 |          1294.40 |      1291.14 |      1328.70 |                  9.24 |                    0.12 |    368 |    33.6208 |
|        1 |        257 |          1294.40 |      1291.14 |      1331.42 |                  8.07 |                    0.10 |    371 |    33.7117 |
|        1 |        258 |          1294.40 |      1291.14 |      1331.00 |                  6.85 |                    0.10 |    371 |    33.7892 |
|        1 |        259 |          1294.40 |      1291.14 |      1327.30 |                  9.39 |                    0.10 |    374 |    33.8634 |
|        1 |        260 |          1294.40 |      1291.14 |      1327.30 |                 12.10 |                    0.10 |    374 |    34.0245 |
|        1 |        261 |          1294.40 |      1291.14 |      1324.55 |                  7.72 |                    0.10 |    374 |    34.1655 |
|        1 |        262 |          1294.40 |      1291.14 |      1324.60 |                  7.61 |                    0.10 |    374 |    34.2452 |
|        1 |        263 |          1294.40 |      1291.14 |      1324.52 |                  9.60 |                    0.10 |    374 |    34.3625 |
|        1 |        264 |          1294.40 |      1291.14 |      1328.60 |                  9.90 |                    0.10 |    375 |    34.5120 |
|        1 |        265 |          1294.40 |      1291.14 |      1328.60 |                  8.15 |                    0.10 |    375 |    34.5898 |
|        1 |        266 |          1294.40 |      1291.14 |      1328.60 |                 16.16 |                    0.10 |    375 |    34.6719 |
|        1 |        267 |          1294.40 |      1291.14 |      1324.90 |                  6.27 |                    0.10 |    377 |    34.7826 |
|        1 |        268 |          1294.40 |      1291.14 |      1328.60 |                 10.00 |                    0.12 |    377 |    34.8433 |
|        1 |        269 |          1294.40 |      1291.14 |      1348.60 |                  7.26 |                    0.10 |    377 |    35.0163 |
|        1 |        270 |          1294.40 |      1291.14 |      1384.90 |                 11.92 |                    0.16 |    378 |    35.0884 |
|        1 |        271 |          1294.40 |      1291.14 |      1355.30 |                  6.44 |                    0.10 |    379 |    35.1954 |
|        1 |        272 |          1294.40 |      1291.14 |      1353.85 |                 10.24 |                    0.12 |    379 |    35.2994 |
|        1 |        273 |          1294.40 |      1291.14 |      1323.40 |                  7.98 |                    0.10 |    379 |    35.6174 |
|        1 |        274 |          1294.40 |      1291.14 |      1324.93 |                 10.93 |                    0.10 |    379 |    35.7085 |
|        1 |        275 |          1294.40 |      1291.14 |      1325.30 |                 14.40 |                    0.10 |    379 |    35.7894 |
|        1 |        276 |          1294.40 |      1291.14 |      1325.30 |                 10.40 |                    0.10 |    379 |    35.8698 |
|        1 |        277 |          1294.40 |      1291.14 |      1321.27 |                 11.43 |                    0.10 |    380 |    36.0027 |
|        1 |        278 |          1294.40 |      1291.14 |      1317.30 |                  8.85 |                    0.10 |    380 |    36.1084 |
|        1 |        279 |          1294.40 |      1291.14 |      1317.30 |                  7.43 |                    0.10 |    380 |    36.1984 |
|        1 |        280 |          1294.40 |      1291.14 |      1319.50 |                 11.53 |                    0.13 |    381 |    36.3745 |
|        1 |        281 |          1294.40 |      1291.14 |      1317.30 |                  7.46 |                    0.10 |    381 |    36.4645 |
|        1 |        282 |          1294.40 |      1291.14 |      1317.11 |                 12.23 |                    0.10 |    381 |    36.5508 |
|        1 |        283 |          1294.40 |      1291.14 |      1322.30 |                  8.07 |                    0.10 |    381 |    36.6526 |
|        1 |        284 |          1294.40 |      1291.14 |      1322.16 |                  9.50 |                    0.13 |    382 |    36.7552 |
|        1 |        285 |          1294.40 |      1291.14 |      1316.13 |                  9.33 |                    0.10 |    382 |    36.8808 |
|        1 |        286 |          1294.40 |      1291.14 |      1322.16 |                  7.29 |                    0.10 |    382 |    36.9862 |
|        1 |        287 |          1294.40 |      1291.14 |      1322.30 |                 12.96 |                    0.18 |    382 |    37.0634 |
|        1 |        288 |          1294.40 |      1291.14 |      1354.60 |                  6.84 |                    0.10 |    382 |    37.2123 |
|        1 |        289 |          1294.40 |      1291.14 |      1338.48 |                 18.48 |                    0.10 |    382 |    37.3031 |
|        1 |        290 |          1294.40 |      1291.14 |      1359.84 |                 16.99 |                    0.10 |    382 |    37.3642 |
|        1 |        291 |          1294.40 |      1291.14 |      1344.15 |                  8.75 |                    0.10 |    382 |    37.5740 |
|        1 |        292 |          1294.40 |      1291.14 |      1335.34 |                 15.54 |                    0.10 |    382 |    37.6580 |
|        1 |        293 |          1294.40 |      1291.14 |      1353.86 |                 15.47 |                    0.10 |    383 |    37.7324 |
|        1 |        294 |          1294.40 |      1291.14 |      1349.51 |                 25.76 |                    0.10 |    384 |    37.8862 |
|        1 |        295 |          1294.40 |      1291.14 |      1367.90 |                 15.06 |                    0.10 |    385 |    37.9879 |
|        1 |        296 |          1294.40 |      1291.14 |      1327.59 |                 10.11 |                    0.10 |    385 |    38.2816 |
|        1 |        297 |          1294.40 |      1291.14 |      1329.26 |                  9.28 |                    0.10 |    385 |    38.3581 |
|        1 |        298 |          1294.40 |      1291.14 |      1330.20 |                  8.36 |                    0.10 |    385 |    38.4336 |
|        1 |        299 |          1294.40 |      1291.14 |      1339.08 |                  9.28 |                    0.10 |    387 |    38.5047 |
|        1 |        300 |          1294.40 |      1291.14 |      1329.80 |                 12.66 |                    0.10 |    387 |    38.6469 |
|        1 |        301 |          1294.40 |      1291.14 |      1330.20 |                  9.06 |                    0.10 |    387 |    38.7181 |
|        1 |        302 |          1294.40 |      1291.14 |      1329.46 |                  9.02 |                    0.10 |    387 |    38.7852 |
|        1 |        303 |          1294.40 |      1291.14 |      1329.55 |                 10.54 |                    0.10 |    387 |    38.8466 |
|        1 |        304 |          1294.40 |      1291.14 |      1334.44 |                  9.20 |                    0.10 |    388 |    38.9433 |
|        1 |        305 |          1294.40 |      1291.14 |      1333.38 |                 11.19 |                    0.10 |    388 |    39.0132 |
|        1 |        306 |          1294.40 |      1291.14 |      1337.66 |                  9.29 |                    0.10 |    388 |    39.1085 |
|        1 |        307 |          1294.40 |      1291.14 |      1329.27 |                  9.59 |                    0.10 |    389 |    39.2306 |
|        1 |        308 |          1294.40 |      1291.14 |      1329.57 |                  7.50 |                    0.10 |    389 |    39.3171 |
|        1 |        309 |          1294.40 |      1291.14 |      1327.40 |                  9.02 |                    0.10 |    389 |    39.3912 |
|        1 |        310 |          1294.40 |      1291.14 |      1330.20 |                  9.25 |                    0.10 |    389 |    39.4766 |
|        1 |        311 |          1294.40 |      1291.14 |      1332.30 |                  9.21 |                    0.10 |    389 |    39.5507 |
|        1 |        312 |          1294.40 |      1291.14 |      1329.19 |                  7.87 |                    0.10 |    389 |    39.6524 |
|        1 |        313 |          1294.40 |      1291.14 |      1327.35 |                  8.99 |                    0.10 |    389 |    39.7581 |
|        1 |        314 |          1294.40 |      1291.14 |      1351.40 |                  8.91 |                    0.10 |    389 |    39.8913 |
|        1 |        315 |          1294.40 |      1291.14 |      1351.07 |                  8.69 |                    0.10 |    389 |    39.9671 |
------------------------------------------------------------------------------------------------------------------------------------------------
|  Restart |  Iteration |  Best Feas. Cost |    Best Cost |   Curr. Cost |   Penalty Custom Res. |   Penalty Standard Res. |   Pool |   Time (s) |
------------------------------------------------------------------------------------------------------------------------------------------------
|        1 |        316 |          1294.40 |      1291.14 |      1346.44 |                  8.38 |                    0.10 |    389 |    40.0830 |
|        1 |        317 |          1294.40 |      1291.14 |      1345.77 |                  8.06 |                    0.10 |    389 |    40.2154 |
|        1 |        318 |          1294.40 |      1291.14 |      1341.13 |                  9.20 |                    0.10 |    390 |    40.3248 |
|        1 |        319 |          1294.40 |      1291.14 |      1345.96 |                 20.57 |                    0.12 |    390 |    40.4130 |
|        1 |        320 |          1294.40 |      1291.14 |      1349.39 |                  8.59 |                    0.10 |    390 |    40.6162 |
|        1 |        321 |          1294.40 |      1291.14 |      1345.68 |                  8.11 |                    0.10 |    390 |    40.7297 |
|        1 |        322 |          1294.40 |      1291.14 |      1331.99 |                 11.52 |                    0.12 |    390 |    40.8673 |
|        1 |        323 |          1294.40 |      1291.14 |      1332.30 |                 12.29 |                    0.10 |    390 |    40.9475 |
|        1 |        324 |          1294.40 |      1291.14 |      1329.68 |                 10.27 |                    0.10 |    390 |    41.0943 |
|        1 |        325 |          1294.40 |      1291.14 |      1330.11 |                  8.53 |                    0.10 |    390 |    41.1717 |
|        1 |        326 |          1294.40 |      1291.14 |      1328.40 |                 21.19 |                    0.10 |    392 |    41.3316 |
|        1 |        327 |          1294.40 |      1291.14 |      1327.20 |                  9.76 |                    0.10 |    394 |    41.4106 |
|        1 |        328 |          1294.40 |      1291.14 |      1321.24 |                 12.11 |                    0.10 |    394 |    41.6328 |
|        1 |        329 |          1294.40 |      1291.14 |      1317.30 |                  7.61 |                    0.10 |    394 |    41.7072 |
|        1 |        330 |          1294.40 |      1291.14 |      1317.30 |                 14.67 |                    0.17 |    394 |    41.7681 |
|        1 |        331 |          1294.40 |      1291.14 |      1317.30 |                  7.47 |                    0.10 |    394 |    41.8401 |
|        1 |        332 |          1294.40 |      1291.14 |      1316.27 |                  8.19 |                    0.10 |    394 |    41.9583 |
|        1 |        333 |          1294.40 |      1291.14 |      1317.30 |                  8.49 |                    0.11 |    394 |    42.0266 |
|        1 |        334 |          1294.40 |      1291.14 |      1316.69 |                  7.19 |                    0.10 |    394 |    42.1143 |
|        1 |        335 |          1294.40 |      1291.14 |      1317.26 |                  8.11 |                    0.11 |    394 |    42.2682 |
|        1 |        336 |          1294.40 |      1291.14 |      1316.87 |                 13.69 |                    0.12 |    394 |    42.3849 |
|        1 |        337 |          1294.40 |      1291.14 |      1317.30 |                  7.41 |                    0.10 |    394 |    42.4554 |
|        1 |        338 |          1294.40 |      1291.14 |      1317.14 |                  8.81 |                    0.10 |    394 |    42.5702 |
|        1 |        339 |          1294.40 |      1291.14 |      1323.10 |                  7.55 |                    0.10 |    394 |    42.6473 |
|        1 |        340 |          1294.40 |      1291.14 |      1320.88 |                  8.40 |                    0.10 |    394 |    42.8485 |
|        1 |        341 |          1294.40 |      1291.14 |      1320.66 |                  8.77 |                    0.10 |    394 |    42.9492 |
|        1 |        342 |          1294.40 |      1291.14 |      1320.14 |                  8.46 |                    0.10 |    394 |    43.0580 |
|        1 |        343 |          1294.40 |      1291.14 |      1334.40 |                  7.57 |                    0.10 |    396 |    43.2217 |
|        1 |        344 |          1294.40 |      1291.14 |      1338.24 |                  7.61 |                    0.10 |    396 |    43.3204 |
|        1 |        345 |          1294.40 |      1291.14 |      1318.00 |                  7.57 |                    0.11 |    398 |    43.4001 |
|        1 |        346 |          1294.40 |      1291.14 |      1304.71 |                  9.92 |                    0.10 |    399 |    43.5398 |
|        1 |        347 |          1294.40 |      1291.14 |      1334.40 |                  5.24 |                    0.10 |    401 |    43.6455 |
|        1 |        348 |          1294.40 |      1291.14 |      1307.67 |                 11.85 |                    0.20 |    402 |    43.7166 |
|        1 |        349 |          1294.40 |      1291.14 |      1318.90 |                  7.66 |                    0.10 |    402 |    43.8174 |
|        1 |        350 |          1294.40 |      1291.14 |      1318.90 |                  4.81 |                    0.10 |    402 |    43.8898 |
|        1 |        351 |          1294.40 |      1291.14 |      1321.07 |                  7.65 |                    0.10 |    402 |    43.9797 |
|        1 |        352 |          1294.40 |      1291.14 |      1318.90 |                  9.49 |                    0.10 |    402 |    44.0504 |
|        1 |        353 |          1294.40 |      1291.14 |      1319.73 |                 12.62 |                    0.10 |    403 |    44.1270 |
|        1 |        354 |          1294.40 |      1291.14 |      1326.90 |                 14.03 |                    0.10 |    403 |    44.1908 |
|        1 |        355 |          1294.40 |      1291.14 |      1326.90 |                  9.84 |                    0.10 |    403 |    44.2545 |
|        1 |        356 |          1294.40 |      1291.14 |      1330.43 |                  9.20 |                    0.10 |    405 |    44.3546 |
|        1 |        357 |          1294.40 |      1291.14 |      1337.81 |                  9.25 |                    0.10 |    408 |    44.4258 |
|        1 |        358 |          1294.40 |      1291.14 |      1332.30 |                  7.38 |                    0.10 |    409 |    44.5191 |
|        1 |        359 |          1294.40 |      1291.14 |      1330.81 |                  8.96 |                    0.10 |    410 |    44.6170 |
|        1 |        360 |          1294.40 |      1291.14 |      1329.75 |                 12.03 |                    0.10 |    412 |    44.7065 |
|        1 |        361 |          1294.40 |      1291.14 |      1364.90 |                 11.45 |                    0.10 |    413 |    44.8564 |
|        1 |        362 |          1294.40 |      1291.14 |      1361.60 |                  6.77 |                    0.10 |    413 |    44.9278 |
|        1 |        363 |          1294.40 |      1291.14 |      1344.10 |                 15.85 |                    0.10 |    413 |    45.0782 |
|        1 |        364 |          1294.40 |      1291.14 |      1356.81 |                 19.28 |                    0.10 |    413 |    45.1408 |
|        1 |        365 |          1294.40 |      1291.14 |      1364.53 |                 17.53 |                    0.10 |    413 |    45.2220 |
|        1 |        366 |          1294.40 |      1291.14 |      1362.79 |                 16.10 |                    0.10 |    413 |    45.3047 |
|        1 |        367 |          1294.40 |      1291.14 |      1357.64 |                 13.91 |                    0.10 |    413 |    45.3973 |
|        1 |        368 |          1294.40 |      1291.14 |      1356.30 |                 17.51 |                    0.10 |    415 |    45.5912 |
|        1 |        369 |          1294.40 |      1291.14 |      1369.17 |                 19.27 |                    0.10 |    415 |    45.6590 |
|        1 |        370 |          1294.40 |      1291.14 |      1360.50 |                 12.08 |                    0.10 |    419 |    45.7639 |
|        1 |        371 |          1294.40 |      1291.14 |      1352.62 |                 21.00 |                    0.10 |    421 |    45.8751 |
|        1 |        372 |          1294.40 |      1291.14 |      1392.90 |                 10.67 |                    0.10 |    427 |    45.9828 |
|        1 |        373 |          1294.40 |      1291.14 |      1388.80 |                  6.44 |                    0.10 |    427 |    46.0929 |
|        1 |        374 |          1294.40 |      1291.14 |      1332.88 |                 14.20 |                    0.10 |    427 |    46.2314 |
|        1 |        375 |          1294.40 |      1291.14 |      1383.00 |                  8.30 |                    0.10 |    427 |    46.3409 |
|        1 |        376 |          1294.40 |      1291.14 |      1383.00 |                  4.82 |                    0.10 |    427 |    46.4041 |
|        1 |        377 |          1294.40 |      1291.14 |      1372.25 |                 15.59 |                    0.10 |    428 |    46.4952 |
|        1 |        378 |          1294.40 |      1291.14 |      1365.60 |                 11.92 |                    0.10 |    429 |    46.6159 |
|        1 |        379 |          1294.40 |      1291.14 |      1346.31 |                 28.82 |                    0.10 |    429 |    46.7253 |
|        1 |        380 |          1294.40 |      1291.14 |      1357.00 |                 14.41 |                    0.10 |    429 |    46.9193 |
|        1 |        381 |          1294.40 |      1291.14 |      1354.57 |                 15.21 |                    0.10 |    430 |    47.0191 |
|        1 |        382 |          1294.40 |      1291.14 |      1346.81 |                 16.03 |                    0.10 |    433 |    47.1348 |
|        1 |        383 |          1294.40 |      1291.14 |      1350.18 |                  7.66 |                    0.12 |    434 |    47.2841 |
|        1 |        384 |          1294.40 |      1291.14 |      1350.10 |                 16.48 |                    0.10 |    434 |    47.3475 |
|        1 |        385 |          1294.40 |      1291.14 |      1348.53 |                 18.61 |                    0.22 |    434 |    47.4721 |
|        1 |        386 |          1294.40 |      1291.14 |      1370.40 |                 12.87 |                    0.11 |    436 |    47.6088 |
|        1 |        387 |          1294.40 |      1291.14 |      1370.40 |                  6.76 |                    0.10 |    436 |    47.6808 |
|        1 |        388 |          1294.40 |      1291.14 |      1331.62 |                 11.54 |                    0.21 |    436 |    47.7586 |
|        1 |        389 |          1294.40 |      1291.14 |      1344.80 |                 12.82 |                    0.13 |    436 |    47.8303 |
|        1 |        390 |          1294.40 |      1291.14 |      1383.20 |                 11.79 |                    0.12 |    438 |    47.8995 |
|        1 |        391 |          1294.40 |      1291.14 |      1382.30 |                 17.33 |                    0.13 |    438 |    47.9747 |
|        1 |        392 |          1294.40 |      1291.14 |      1392.60 |                  9.47 |                    0.10 |    440 |    48.0427 |
|        1 |        393 |          1294.40 |      1291.14 |      1337.43 |                 10.09 |                    0.12 |    443 |    48.1530 |
|        1 |        394 |          1294.40 |      1291.14 |      1339.91 |                 19.82 |                    0.10 |    443 |    48.2216 |
|        1 |        395 |          1294.40 |      1291.14 |      1345.60 |                 16.29 |                    0.12 |    444 |    48.3085 |
|        1 |        396 |          1294.40 |      1291.14 |      1355.88 |                  9.35 |                    0.10 |    444 |    48.3982 |
|        1 |        397 |          1294.40 |      1291.14 |      1356.20 |                 14.15 |                    0.10 |    446 |    48.4816 |
|        1 |        398 |          1294.40 |      1291.14 |      1352.80 |                 15.40 |                    0.10 |    447 |    48.5714 |
|        1 |        399 |          1294.40 |      1291.14 |      1330.96 |                  9.89 |                    0.10 |    448 |    48.7795 |
|        1 |        400 |          1294.40 |      1291.14 |      1339.69 |                 21.28 |                    0.10 |    448 |    48.8337 |
|        1 |        401 |          1294.40 |      1291.14 |      1332.00 |                  9.02 |                    0.10 |    448 |    48.9485 |
|        1 |        402 |          1294.40 |      1291.14 |      1332.00 |                  7.43 |                    0.10 |    448 |    49.0146 |
|        1 |        403 |          1294.40 |      1291.14 |      1332.00 |                  7.39 |                    0.10 |    448 |    49.0969 |
|        1 |        404 |          1294.40 |      1291.14 |      1386.83 |                 18.28 |                    0.10 |    450 |    49.1698 |
|        1 |        405 |          1294.40 |      1291.14 |      1326.90 |                  8.31 |                    0.10 |    451 |    49.4520 |
|        1 |        406 |          1294.40 |      1291.14 |      1323.88 |                 12.23 |                    0.10 |    451 |    49.5171 |
|        1 |        407 |          1294.40 |      1291.14 |      1339.00 |                 10.31 |                    0.10 |    452 |    49.6801 |
|        1 |        408 |          1294.40 |      1291.14 |      1318.30 |                 10.40 |                    0.10 |    452 |    49.8604 |
|        1 |        409 |          1294.40 |      1291.14 |      1315.61 |                  9.44 |                    0.10 |    452 |    49.9607 |
|        1 |        410 |          1294.40 |      1291.14 |      1315.69 |                 15.63 |                    0.17 |    452 |    50.0490 |
|        1 |        411 |          1294.40 |      1291.14 |      1318.30 |                  9.82 |                    0.10 |    452 |    50.1230 |
|        1 |        412 |          1294.40 |      1291.14 |      1318.09 |                 11.35 |                    0.13 |    452 |    50.2095 |
|        1 |        413 |          1294.40 |      1291.14 |      1318.30 |                  8.97 |                    0.10 |    452 |    50.2773 |
|        1 |        414 |          1294.40 |      1291.14 |      1317.23 |                 15.02 |                    0.10 |    452 |    50.3491 |
|        1 |        415 |          1294.40 |      1291.14 |      1339.50 |                 21.43 |                    0.19 |    452 |    50.4167 |
|        1 |        416 |          1294.40 |      1291.14 |      1339.50 |                  9.49 |                    0.10 |    452 |    50.4964 |
|        1 |        417 |          1294.40 |      1291.14 |      1327.60 |                  9.11 |                    0.10 |    453 |    50.6666 |
|        1 |        418 |          1294.40 |      1291.14 |      1334.58 |                  9.31 |                    0.11 |    453 |    50.7852 |
|        1 |        419 |          1294.40 |      1291.14 |      1331.20 |                  8.71 |                    0.10 |    453 |    50.8977 |
|        1 |        420 |          1294.40 |      1291.14 |      1330.30 |                  9.27 |                    0.10 |    454 |    51.0015 |
|        1 |        421 |          1294.40 |      1291.14 |      1333.94 |                  9.42 |                    0.10 |    454 |    51.0772 |
|        1 |        422 |          1294.40 |      1291.14 |      1330.02 |                  9.25 |                    0.10 |    454 |    51.2137 |
|        1 |        423 |          1294.40 |      1291.14 |      1328.12 |                  9.48 |                    0.10 |    454 |    51.2961 |
|        1 |        424 |          1294.40 |      1291.14 |      1334.20 |                  9.24 |                    0.10 |    454 |    51.3721 |
|        1 |        425 |          1294.40 |      1291.14 |      1325.30 |                  8.49 |                    0.10 |    454 |    51.4522 |
|        1 |        426 |          1294.40 |      1291.14 |      1327.71 |                  9.15 |                    0.10 |    454 |    51.5283 |
|        1 |        427 |          1294.40 |      1291.14 |      1328.74 |                 13.18 |                    0.10 |    454 |    51.6071 |
|        1 |        428 |          1294.40 |      1291.14 |      1325.30 |                 13.72 |                    0.10 |    454 |    51.7564 |
|        1 |        429 |          1294.40 |      1291.14 |      1325.30 |                  9.06 |                    0.10 |    454 |    51.8390 |
|        1 |        430 |          1294.40 |      1291.14 |      1325.30 |                 10.58 |                    0.10 |    454 |    51.9156 |
|        1 |        431 |          1294.40 |      1291.14 |      1325.30 |                 10.96 |                    0.10 |    454 |    51.9770 |
|        1 |        432 |          1294.40 |      1291.14 |      1325.30 |                  7.61 |                    0.10 |    454 |    52.0615 |
|        1 |        433 |          1294.40 |      1291.14 |      1324.96 |                  9.24 |                    0.10 |    454 |    52.1702 |
|        1 |        434 |          1294.40 |      1291.14 |      1331.32 |                  7.58 |                    0.10 |    454 |    52.2941 |
|        1 |        435 |          1294.40 |      1291.14 |      1325.30 |                 14.56 |                    0.10 |    454 |    52.4162 |
|        1 |        436 |          1294.40 |      1291.14 |      1325.20 |                 12.18 |                    0.14 |    454 |    52.5561 |
|        1 |        437 |          1294.40 |      1291.14 |      1325.30 |                  8.88 |                    0.10 |    454 |    52.6401 |
|        1 |        438 |          1294.40 |      1291.14 |      1325.14 |                  9.53 |                    0.10 |    454 |    52.7855 |
|        1 |        439 |          1294.40 |      1291.14 |      1325.02 |                  7.43 |                    0.10 |    454 |    52.9246 |
|        1 |        440 |          1294.40 |      1291.14 |      1324.47 |                  9.56 |                    0.10 |    454 |    53.0440 |
|        1 |        441 |          1294.40 |      1291.14 |      1331.10 |                  7.56 |                    0.10 |    454 |    53.1219 |
|        1 |        442 |          1294.40 |      1291.14 |      1321.50 |                  7.43 |                    0.10 |    456 |    53.2418 |
|        1 |        443 |          1294.40 |      1291.14 |      1322.75 |                 10.18 |                    0.10 |    458 |    53.3169 |
|        1 |        444 |          1294.40 |      1291.14 |      1324.55 |                  7.66 |                    0.10 |    459 |    53.3961 |
|        1 |        445 |          1294.40 |      1291.14 |      1323.78 |                  8.00 |                    0.10 |    459 |    53.4802 |
|        1 |        446 |          1294.40 |      1291.14 |      1317.25 |                  8.68 |                    0.10 |    459 |    53.6204 |
|        1 |        447 |          1294.40 |      1291.14 |      1325.27 |                 13.94 |                    0.10 |    459 |    53.7235 |
|        1 |        448 |          1294.40 |      1291.14 |      1331.14 |                  6.98 |                    0.10 |    459 |    53.9103 |
|        1 |        449 |          1294.40 |      1291.14 |      1331.21 |                 12.39 |                    0.10 |    459 |    53.9930 |
|        1 |        450 |          1294.40 |      1291.14 |      1324.00 |                  7.61 |                    0.10 |    459 |    54.1138 |
|        1 |        451 |          1294.40 |      1291.14 |      1326.19 |                  8.76 |                    0.10 |    461 |    54.2480 |
|        1 |        452 |          1294.40 |      1291.14 |      1335.96 |                 12.63 |                    0.12 |    461 |    54.3126 |
|        1 |        453 |          1294.40 |      1291.14 |      1342.89 |                  7.11 |                    0.10 |    461 |    54.3793 |
|        1 |        454 |          1294.40 |      1291.14 |      1328.50 |                  6.42 |                    0.10 |    461 |    54.5871 |
|        1 |        455 |          1294.40 |      1291.14 |      1327.07 |                  9.15 |                    0.10 |    461 |    54.6793 |
|        1 |        456 |          1294.40 |      1291.14 |      1331.06 |                 20.19 |                    0.10 |    461 |    54.8042 |
|        1 |        457 |          1294.40 |      1291.14 |      1354.60 |                  7.22 |                    0.10 |    461 |    54.9265 |
|        1 |        458 |          1294.40 |      1291.14 |      1336.80 |                 15.44 |                    0.10 |    461 |    55.0926 |
|        1 |        459 |          1294.40 |      1291.14 |      1352.61 |                 21.83 |                    0.10 |    461 |    55.1581 |
|        1 |        460 |          1294.40 |      1291.14 |      1366.52 |                 20.27 |                    0.10 |    461 |    55.2137 |
|        1 |        461 |          1294.40 |      1291.14 |      1359.13 |                 14.93 |                    0.10 |    461 |    55.3061 |
|        1 |        462 |          1294.40 |      1291.14 |      1343.14 |                 18.18 |                    0.10 |    461 |    55.5147 |
|        1 |        463 |          1294.40 |      1291.14 |      1350.40 |                  9.32 |                    0.10 |    461 |    55.6342 |
|        1 |        464 |          1294.40 |      1291.14 |      1350.25 |                  6.19 |                    0.11 |    465 |    55.7787 |
|        1 |        465 |          1294.40 |      1291.14 |      1350.40 |                  8.04 |                    0.10 |    465 |    55.9107 |
|        1 |        466 |          1294.40 |      1291.14 |      1328.00 |                 15.02 |                    0.10 |    465 |    56.1469 |
|        1 |        467 |          1294.40 |      1291.14 |      1330.90 |                 11.18 |                    0.10 |    465 |    56.2219 |
|        1 |        468 |          1294.40 |      1291.14 |      1334.20 |                 11.12 |                    0.10 |    465 |    56.3023 |
|        1 |        469 |          1294.40 |      1291.14 |      1330.91 |                  9.58 |                    0.10 |    465 |    56.4420 |
|        1 |        470 |          1294.40 |      1291.14 |      1330.98 |                  9.25 |                    0.10 |    465 |    56.5181 |
|        1 |        471 |          1294.40 |      1291.14 |      1357.60 |                 12.10 |                    0.10 |    468 |    56.6920 |
|        1 |        472 |          1294.40 |      1291.14 |      1356.87 |                 13.80 |                    0.10 |    468 |    56.8170 |
|        1 |        473 |          1294.40 |      1291.14 |      1332.60 |                 12.49 |                    0.10 |    468 |    56.9605 |
|        1 |        474 |          1294.40 |      1291.14 |      1339.20 |                  7.03 |                    0.10 |    468 |    57.0390 |
|        1 |        475 |          1294.40 |      1291.14 |      1334.80 |                  8.37 |                    0.11 |    468 |    57.1094 |
|        1 |        476 |          1294.40 |      1291.14 |      1335.40 |                 11.20 |                    0.15 |    468 |    57.2432 |
|        1 |        477 |          1294.40 |      1291.14 |      1335.40 |                 10.19 |                    0.10 |    468 |    57.3180 |
|        1 |        478 |          1294.40 |      1291.14 |      1334.60 |                 18.43 |                    0.10 |    468 |    57.4259 |
|        1 |        479 |          1294.40 |      1291.14 |      1328.00 |                  8.21 |                    0.10 |    468 |    57.5660 |
|        1 |        480 |          1294.40 |      1291.14 |      1328.00 |                  8.09 |                    0.10 |    468 |    57.6416 |
|        1 |        481 |          1294.40 |      1291.14 |      1332.68 |                  9.56 |                    0.12 |    468 |    57.6969 |
|        1 |        482 |          1294.40 |      1291.14 |      1349.10 |                  9.60 |                    0.10 |    468 |    57.7810 |
|        1 |        483 |          1294.40 |      1291.14 |      1317.97 |                 12.74 |                    0.10 |    468 |    57.8830 |
|        1 |        484 |          1294.40 |      1291.14 |      1316.90 |                 12.30 |                    0.10 |    468 |    57.9604 |
|        1 |        485 |          1294.40 |      1291.14 |      1316.90 |                  9.35 |                    0.10 |    468 |    58.0249 |
|        1 |        486 |          1294.40 |      1291.14 |      1316.90 |                 16.15 |                    0.10 |    468 |    58.0830 |
|        1 |        487 |          1294.40 |      1291.14 |      1316.90 |                  8.55 |                    0.10 |    468 |    58.1626 |
|        1 |        488 |          1294.40 |      1291.14 |      1295.02 |                 12.55 |                    0.18 |    470 |    58.2646 |
|        1 |        489 |          1294.40 |      1291.14 |      1327.90 |                  8.96 |                    0.10 |    472 |    58.3652 |
|        1 |        490 |          1294.40 |      1291.14 |      1327.90 |                  8.92 |                    0.10 |    472 |    58.4280 |
|        1 |        491 |          1294.40 |      1291.14 |      1327.90 |                  9.53 |                    0.10 |    472 |    58.4961 |
|        1 |        492 |          1294.40 |      1291.14 |      1327.90 |                  7.30 |                    0.10 |    472 |    58.5826 |
|        1 |        493 |          1294.40 |      1291.14 |      1348.75 |                  6.91 |                    0.10 |    474 |    58.6660 |
|        1 |        494 |          1294.40 |      1291.14 |      1347.95 |                 10.37 |                    0.10 |    476 |    58.7322 |
|        1 |        495 |          1294.40 |      1291.14 |      1332.30 |                  8.11 |                    0.10 |    477 |    58.8195 |
|        1 |        496 |          1294.40 |      1291.14 |      1326.92 |                 12.22 |                    0.10 |    477 |    58.9751 |
|        1 |        497 |          1294.40 |      1291.14 |      1340.10 |                  9.66 |                    0.10 |    477 |    59.0588 |
|        1 |        498 |          1294.40 |      1291.14 |      1317.80 |                 11.17 |                    0.10 |    477 |    59.1286 |
|        1 |        499 |          1294.40 |      1291.14 |      1319.50 |                  8.40 |                    0.10 |    477 |    59.2169 |
|        1 |        500 |          1294.40 |      1291.14 |      1318.33 |                  6.37 |                    0.10 |    477 |    59.3025 |
------------------------------------------------------------------------------------------------------------------------------------------------
Version identifier: 22.1.2.0 | 2024-11-26 | 0edbb82fd
CPXPARAM_MIP_Tolerances_UpperCutoff              1294.5000000000296
Tried aggregator 1 time.
MIP Presolve eliminated 22 rows and 58 columns.
MIP Presolve modified 464 coefficients.
Reduced MIP has 79 rows, 418 columns, and 2811 nonzeros.
Reduced MIP has 418 binaries, 0 generals, 0 SOSs, and 0 indicators.
Presolve time = 0.00 sec. (3.11 ticks)
Probing time = 0.00 sec. (2.86 ticks)
Tried aggregator 1 time.
Detecting symmetries...
MIP Presolve eliminated 2 rows and 2 columns.
Reduced MIP has 77 rows, 416 columns, and 2728 nonzeros.
Reduced MIP has 416 binaries, 0 generals, 0 SOSs, and 0 indicators.
Presolve time = 0.00 sec. (2.17 ticks)
Probing time = 0.00 sec. (2.14 ticks)
Clique table members: 565.
MIP emphasis: balance optimality and feasibility.
MIP search method: dynamic search.
Parallel mode: deterministic, using up to 8 threads.
Root relaxation solution time = 0.00 sec. (2.01 ticks)

        Nodes                                         Cuts/
   Node  Left     Objective  IInf  Best Integer    Best Bound    ItCnt     Gap

      0     0     1276.2500    10                   1276.2500      160         
      0     0     1279.2667    16                    Cuts: 11      183         
*     0+    0                         1281.9000     1279.2667             0.21%
*     0+    0                         1279.8000     1279.2667             0.04%
      0     0        cutoff           1279.8000     1279.8000      185    0.00%
Elapsed time = 0.03 sec. (21.81 ticks, tree = 0.01 MB, solutions = 2)
objective_value(sp) = 1279.8000000000002
 62.771633 seconds (6.87 M allocations: 341.609 MiB, 0.15% gc time, 6.19% compilation time)
#1: 0 (0.0) {387.7} -> 81 (10.0) {399.7} [355.0, 475.0] -> 41 (30.0) {428.9} [376.0, 496.0] -> 40 (60.0) {449.0} [329.0, 449.0] -> 43 (80.0) {574.0} [574.0, 694.0] -> 35 (100.0) {657.0} [657.0, 777.0] -> 37 (110.0) {670.6} [0.0, 909.0] -> 72 (118.0) {697.7} [0.0, 922.0] -> 54 (134.0) {717.1} [601.0, 721.0] -> 0 (134.0) {745.1} [0.0, 960.0]
#2: 0 (0.0) {344.9} -> 88 (19.0) {362.7} [260.0, 380.0] -> 78 (46.0) {388.8} [365.0, 485.0] -> 73 (51.0) {406.0} [286.0, 406.0] -> 79 (81.0) {424.9} [352.0, 472.0] -> 7 (101.0) {446.3} [0.0, 914.0] -> 6 (121.0) {459.3} [388.0, 508.0] -> 8 (131.0) {475.1} [367.0, 487.0] -> 46 (141.0) {489.0} [489.0, 609.0] -> 4 (181.0) {644.0} [644.0, 764.0] -> 55 (197.0) {676.3} [599.0, 719.0] -> 0 (197.0) {700.4} [0.0, 960.0]
#3: 0 (0.0) {4.599999999999991} -> 2 (30.0) {35.4} [0.0, 919.0] -> 45 (40.0) {52.6} [37.0, 157.0] -> 5 (60.0) {65.6} [0.0, 909.0] -> 3 (70.0) {77.6} [0.0, 910.0] -> 1 (90.0) {90.6} [0.0, 911.0] -> 42 (100.0) {131.0} [33.0, 153.0] -> 39 (110.0) {146.0} [64.0, 184.0] -> 36 (150.0) {163.0} [43.0, 163.0] -> 38 (180.0) {278.0} [278.0, 398.0] -> 44 (190.0) {295.2} [217.0, 337.0] -> 61 (199.0) {324.9} [258.0, 378.0] -> 0 (199.0) {350.7} [0.0, 960.0]
#4: 0 (0.0) {722.0} -> 68 (21.0) {732.0} [612.0, 732.0] -> 100 (24.0) {810.0} [810.0, 930.0] -> 70 (47.0) {824.4} [810.0, 930.0] -> 93 (50.0) {865.4} [808.0, 928.0] -> 94 (73.0) {881.0} [0.0, 932.0] -> 80 (86.0) {901.0} [822.0, 942.0] -> 0 (86.0) {918.6} [0.0, 960.0]
#5: 0 (0.0) {253.80000000000004} -> 64 (17.0) {274.4} [191.0, 311.0] -> 19 (57.0) {304.6} [254.0, 374.0] -> 23 (87.0) {321.0} [201.0, 321.0] -> 21 (97.0) {333.0} [0.0, 905.0] -> 48 (107.0) {345.0} [0.0, 904.0] -> 18 (127.0) {357.0} [335.0, 455.0] -> 76 (158.0) {384.4} [268.0, 388.0] -> 51 (177.0) {403.8} [326.0, 446.0] -> 84 (195.0) {423.0} [395.0, 515.0] -> 49 (205.0) {455.6} [440.0, 560.0] -> 22 (245.0) {469.2} [375.0, 495.0] -> 20 (255.0) {537.0} [537.0, 657.0] -> 83 (269.0) {563.7} [0.0, 930.0] -> 66 (285.0) {580.9} [566.0, 686.0] -> 0 (285.0) {603.9} [0.0, 960.0]
#6: 0 (0.0) {63.70000000000002} -> 92 (14.0) {78.4} [14.0, 134.0] -> 95 (20.0) {95.1} [0.0, 929.0] -> 85 (22.0) {120.7} [0.0, 914.0] -> 63 (28.0) {134.3} [39.0, 159.0] -> 33 (38.0) {164.9} [80.0, 200.0] -> 28 (48.0) {183.5} [149.0, 269.0] -> 26 (78.0) {196.5} [0.0, 891.0] -> 27 (98.0) {211.5} [146.0, 266.0] -> 29 (108.0) {226.5} [194.0, 314.0] -> 31 (128.0) {238.5} [0.0, 899.0] -> 30 (138.0) {253.5} [246.0, 366.0] -> 62 (141.0) {287.0} [167.0, 287.0] -> 67 (150.0) {304.0} [268.0, 388.0] -> 71 (164.0) {327.0} [241.0, 361.0] -> 96 (190.0) {347.0} [0.0, 934.0] -> 0 (190.0) {372.5} [0.0, 960.0]
#7: 0 (0.0) {619.1} -> 91 (13.0) {631.1} [0.0, 937.0] -> 56 (32.0) {648.1} [557.0, 677.0] -> 50 (62.0) {680.1} [0.0, 914.0] -> 34 (92.0) {703.1} [0.0, 902.0] -> 32 (102.0) {718.4} [621.0, 741.0] -> 89 (127.0) {760.4} [713.0, 833.0] -> 24 (137.0) {801.0} [681.0, 801.0] -> 25 (157.0) {821.4} [784.0, 904.0] -> 77 (164.0) {843.5} [764.0, 884.0] -> 75 (180.0) {871.6} [0.0, 892.0] -> 58 (200.0) {892.7} [782.0, 902.0] -> 52 (203.0) {925.0} [0.0, 925.0] -> 0 (203.0) {960.0} [0.0, 960.0]
#8: 0 (0.0) {93.4} -> 65 (16.0) {104.5} [11.0, 131.0] -> 82 (25.0) {123.0} [0.0, 935.0] -> 14 (35.0) {155.0} [35.0, 155.0] -> 47 (45.0) {168.0} [105.0, 225.0] -> 16 (65.0) {255.0} [255.0, 375.0] -> 15 (85.0) {267.0} [174.0, 294.0] -> 11 (125.0) {283.0} [195.0, 315.0] -> 87 (138.0) {359.0} [359.0, 479.0] -> 86 (166.0) {378.0} [349.0, 469.0] -> 57 (189.0) {397.0} [397.0, 517.0] -> 99 (204.0) {417.7} [308.0, 428.0] -> 0 (204.0) {448.2} [0.0, 960.0]
#9: 0 (0.0) {432.59999999999997} -> 98 (9.0) {446.7} [0.0, 935.0] -> 53 (14.0) {463.0} [375.0, 495.0] -> 9 (34.0) {491.0} [371.0, 491.0] -> 10 (64.0) {519.0} [519.0, 639.0] -> 97 (99.0) {551.8} [547.0, 667.0] -> 59 (118.0) {568.1} [0.0, 907.0] -> 74 (126.0) {645.0} [645.0, 765.0] -> 13 (136.0) {676.2} [653.0, 773.0] -> 17 (156.0) {703.0} [703.0, 823.0] -> 12 (176.0) {721.0} [0.0, 917.0] -> 60 (193.0) {747.5} [694.0, 814.0] -> 0 (193.0) {784.4} [0.0, 960.0]
#10: 0 (0.0) {267.8} -> 69 (27.0) {277.0} [157.0, 277.0] -> 90 (33.0) {359.0} [359.0, 479.0] -> 0 (33.0) {373.2} [0.0, 960.0]

Dist: 1279.8000000000002. Cost: 1279.8000000000002

Clique cuts applied:  4
Cover cuts applied:  1
Zero-half cuts applied:  3
Lift and project cuts applied:  1
Gomory fractional cuts applied:  2

Root node processing (before b&c):
  Real time             =    0.03 sec. (21.82 ticks)
Parallel b&c, 8 threads:
  Real time             =    0.00 sec. (0.00 ticks)
  Sync time (average)   =    0.00 sec.
  Wait time (average)   =    0.00 sec.
                          ------------
Total (root+branch&cut) =    0.03 sec. (21.82 ticks)
