Solving...
------------------------------------------------------------------------------------------------------------------------------------------------
|  Restart |  Iteration |  Best Feas. Cost |    Best Cost |   Curr. Cost |   Penalty Custom Res. |   Penalty Standard Res. |   Pool |   Time (s) |
------------------------------------------------------------------------------------------------------------------------------------------------
|        1 |          1 |              Inf |        45.19 |        45.19 |                  1.13 |                    0.12 |      5 |     0.0291 |
|        1 |          2 |              Inf |        45.19 |        45.88 |                  1.14 |                    0.10 |      5 |     0.4196 |
|        1 |          3 |              Inf |        45.19 |        45.22 |                  1.00 |                    0.10 |      5 |     0.4198 |
|        1 |          4 |              Inf |        45.19 |        45.30 |                  1.41 |                    0.13 |      5 |     0.4199 |
|        1 |          5 |              Inf |        45.19 |        57.93 |                  1.10 |                    0.10 |      5 |     0.4201 |
|        1 |          6 |              Inf |        45.19 |        45.25 |                  1.22 |                    0.10 |      5 |     0.4203 |
|        1 |          7 |              Inf |        45.19 |        45.25 |                  1.01 |                    0.10 |      5 |     0.4207 |
|        1 |          8 |              Inf |        45.19 |        45.30 |                  1.08 |                    0.10 |      5 |     0.4209 |
|        1 |          9 |              Inf |        45.19 |        45.28 |                  1.02 |                    0.10 |      5 |     0.4211 |
|        1 |         10 |              Inf |        45.19 |        45.35 |                  1.09 |                    0.10 |      5 |     0.4213 |
|        1 |         11 |              Inf |        45.19 |        45.29 |                  1.30 |                    0.10 |      5 |     0.4217 |
|        1 |         12 |              Inf |        45.19 |        46.09 |                  1.13 |                    0.10 |      5 |     0.4219 |
|        1 |         13 |              Inf |        45.19 |        45.30 |                  1.03 |                    0.10 |      5 |     0.4220 |
|        1 |         14 |              Inf |        45.08 |        45.08 |                  1.02 |                    0.10 |      5 |     0.4223 |
|        1 |         15 |              Inf |        45.08 |        45.23 |                  0.98 |                    0.10 |      5 |     0.4225 |
|        1 |         16 |              Inf |        45.08 |        45.21 |                  0.99 |                    0.10 |      5 |     0.4227 |
|        1 |         17 |              Inf |        45.08 |        45.17 |                  1.20 |                    0.11 |      5 |     0.4229 |
|        1 |         18 |              Inf |        45.08 |        53.46 |                  1.14 |                    0.10 |      5 |     0.4230 |
|        1 |         19 |              Inf |        45.08 |        45.20 |                  1.18 |                    0.10 |      5 |     0.4232 |
|        1 |         20 |              Inf |        45.08 |        45.26 |                  1.12 |                    0.10 |      5 |     0.4235 |
|        1 |         21 |              Inf |        45.08 |        45.27 |                  1.22 |                    0.10 |      5 |     0.4237 |
|        1 |         22 |              Inf |        45.08 |        45.10 |                  1.04 |                    0.10 |      5 |     0.4240 |
|        1 |         23 |              Inf |        45.08 |        45.20 |                  1.32 |                    0.12 |      5 |     0.4242 |
|        1 |         24 |              Inf |        45.08 |        45.30 |                  1.24 |                    0.10 |      5 |     0.4243 |
|        1 |         25 |              Inf |        45.08 |        45.35 |                  1.10 |                    0.10 |      5 |     0.4246 |
|        1 |         26 |              Inf |        45.08 |        45.27 |                  1.00 |                    0.10 |      5 |     0.4248 |
|        1 |         27 |              Inf |        45.08 |        45.26 |                  1.02 |                    0.10 |      5 |     0.4249 |
|        1 |         28 |              Inf |        45.08 |        45.46 |                  1.09 |                    0.10 |      5 |     0.4250 |
|        1 |         29 |              Inf |        45.08 |        45.32 |                  1.01 |                    0.10 |      5 |     0.4253 |
|        1 |         30 |              Inf |        45.08 |        45.21 |                  1.20 |                    0.12 |      5 |     0.4256 |
|        1 |         31 |              Inf |        45.08 |        45.25 |                  1.05 |                    0.10 |      5 |     0.4259 |
|        1 |         32 |              Inf |        45.08 |        45.29 |                  0.99 |                    0.10 |      5 |     0.4261 |
|        1 |         33 |              Inf |        45.08 |        45.18 |                  1.12 |                    0.10 |      5 |     0.4263 |
|        1 |         34 |              Inf |        45.08 |        45.25 |                  0.97 |                    0.10 |      5 |     0.4265 |
|        1 |         35 |              Inf |        45.08 |        45.15 |                  1.08 |                    0.10 |      5 |     0.4268 |
|        1 |         36 |              Inf |        45.08 |        45.31 |                  1.07 |                    0.10 |      5 |     0.4270 |
|        1 |         37 |              Inf |        45.08 |        45.29 |                  1.06 |                    0.10 |      5 |     0.4271 |
|        1 |         38 |              Inf |        45.08 |        45.37 |                  1.13 |                    0.10 |      5 |     0.4273 |
|        1 |         39 |              Inf |        45.08 |        45.30 |                  1.03 |                    0.10 |      5 |     0.4274 |
|        1 |         40 |              Inf |        45.08 |        45.26 |                  1.08 |                    0.10 |      5 |     0.4276 |
|        1 |         41 |              Inf |        45.08 |        45.31 |                  1.11 |                    0.11 |      5 |     0.4277 |
|        1 |         42 |              Inf |        45.08 |        45.14 |                  0.98 |                    0.10 |      5 |     0.4279 |
|        1 |         43 |              Inf |        45.08 |        45.16 |                  1.07 |                    0.10 |      5 |     0.4281 |
|        1 |         44 |              Inf |        45.08 |        45.17 |                  1.10 |                    0.10 |      5 |     0.4284 |
|        1 |         45 |              Inf |        45.08 |        45.21 |                  1.14 |                    0.11 |      5 |     0.4286 |
|        1 |         46 |              Inf |        45.08 |        45.13 |                  0.98 |                    0.10 |      5 |     0.4288 |
|        1 |         47 |              Inf |        45.08 |        45.15 |                  1.00 |                    0.10 |      5 |     0.4290 |
|        1 |         48 |              Inf |        45.08 |        45.31 |                  1.01 |                    0.10 |      5 |     0.4291 |
|        1 |         49 |              Inf |        45.08 |        45.11 |                  0.98 |                    0.10 |      5 |     0.4296 |
|        1 |         50 |              Inf |        45.08 |        45.24 |                  1.18 |                    0.10 |      5 |     0.4297 |
|        1 |         51 |              Inf |        45.08 |        45.38 |                  1.08 |                    0.10 |      5 |     0.4298 |
|        1 |         52 |              Inf |        45.08 |        45.37 |                  0.99 |                    0.10 |      5 |     0.4300 |
|        1 |         53 |              Inf |        45.08 |        45.24 |                  1.10 |                    0.10 |      5 |     0.4301 |
|        1 |         54 |              Inf |        45.08 |        45.24 |                  1.02 |                    0.10 |      5 |     0.4306 |
|        1 |         55 |              Inf |        45.08 |        45.20 |                  0.99 |                    0.10 |      5 |     0.4308 |
|        1 |         56 |              Inf |        45.08 |        45.22 |                  1.07 |                    0.10 |      5 |     0.4309 |
|        1 |         57 |              Inf |        45.08 |        45.29 |                  1.04 |                    0.10 |      5 |     0.4311 |
|        1 |         58 |              Inf |        45.08 |        45.24 |                  1.06 |                    0.10 |      5 |     0.4314 |
|        1 |         59 |              Inf |        45.08 |        45.17 |                  1.02 |                    0.10 |      5 |     0.4316 |
|        1 |         60 |              Inf |        45.08 |        45.09 |                  1.11 |                    0.10 |      5 |     0.4318 |
|        1 |         61 |              Inf |        45.08 |        45.34 |                  1.04 |                    0.10 |      5 |     0.4319 |
|        1 |         62 |              Inf |        45.08 |        45.18 |                  1.16 |                    0.10 |      5 |     0.4321 |
|        1 |         63 |              Inf |        45.08 |        45.18 |                  0.99 |                    0.10 |      5 |     0.4325 |
|        1 |         64 |              Inf |        45.08 |        45.30 |                  1.01 |                    0.10 |      5 |     0.4328 |
|        1 |         65 |              Inf |        45.08 |        45.26 |                  1.04 |                    0.10 |      5 |     0.4330 |
|        1 |         66 |              Inf |        45.08 |        45.79 |                  1.23 |                    0.10 |      5 |     0.4331 |
|        1 |         67 |              Inf |        45.08 |        45.16 |                  0.99 |                    0.10 |      5 |     0.4334 |
|        1 |         68 |              Inf |        45.08 |        45.30 |                  1.01 |                    0.10 |      5 |     0.4336 |
|        1 |         69 |              Inf |        45.08 |        45.25 |                  1.02 |                    0.10 |      5 |     0.4338 |
|        1 |         70 |              Inf |        45.08 |        45.26 |                  1.01 |                    0.10 |      5 |     0.4340 |
|        1 |         71 |              Inf |        45.08 |        45.19 |                  0.99 |                    0.10 |      5 |     0.4342 |
|        1 |         72 |              Inf |        45.08 |        45.23 |                  1.00 |                    0.10 |      5 |     0.4344 |
|        1 |         73 |              Inf |        45.08 |        45.25 |                  1.07 |                    0.10 |      5 |     0.4346 |
|        1 |         74 |              Inf |        45.08 |        45.32 |                  1.08 |                    0.10 |      5 |     0.4347 |
|        1 |         75 |              Inf |        45.08 |        45.22 |                  1.05 |                    0.10 |      5 |     0.4349 |
|        1 |         76 |              Inf |        45.08 |        45.26 |                  1.05 |                    0.10 |      5 |     0.4352 |
|        1 |         77 |              Inf |        45.08 |        45.24 |                  1.07 |                    0.10 |      5 |     0.4354 |
|        1 |         78 |              Inf |        45.08 |        45.22 |                  1.02 |                    0.10 |      5 |     0.4357 |
|        1 |         79 |              Inf |        45.08 |        45.27 |                  1.05 |                    0.10 |      5 |     0.4358 |
|        1 |         80 |              Inf |        45.08 |        45.35 |                  1.03 |                    0.10 |      5 |     0.4367 |
|        1 |         81 |              Inf |        45.08 |        45.22 |                  1.13 |                    0.10 |      5 |     0.4368 |
|        1 |         82 |              Inf |        45.08 |        45.26 |                  1.00 |                    0.10 |      5 |     0.4370 |
|        1 |         83 |              Inf |        45.08 |        45.18 |                  1.04 |                    0.10 |      5 |     0.4373 |
|        1 |         84 |              Inf |        45.08 |        45.17 |                  1.18 |                    0.10 |      5 |     0.4376 |
|        1 |         85 |              Inf |        45.08 |        45.33 |                  1.02 |                    0.10 |      5 |     0.4378 |
|        1 |         86 |              Inf |        45.08 |        45.23 |                  1.08 |                    0.10 |      5 |     0.4380 |
|        1 |         87 |              Inf |        45.08 |        45.21 |                  1.03 |                    0.10 |      5 |     0.4383 |
|        1 |         88 |              Inf |        45.08 |        45.29 |                  1.08 |                    0.10 |      5 |     0.4384 |
|        1 |         89 |              Inf |        45.08 |        45.21 |                  1.04 |                    0.10 |      5 |     0.4387 |
|        1 |         90 |              Inf |        45.08 |        45.26 |                  1.12 |                    0.10 |      5 |     0.4389 |
|        1 |         91 |              Inf |        45.08 |        45.33 |                  1.11 |                    0.10 |      5 |     0.4391 |
|        1 |         92 |              Inf |        45.08 |        45.25 |                  1.00 |                    0.10 |      5 |     0.4393 |
|        1 |         93 |              Inf |        45.08 |        45.29 |                  1.03 |                    0.10 |      5 |     0.4396 |
|        1 |         94 |              Inf |        45.08 |        45.27 |                  1.05 |                    0.10 |      5 |     0.4398 |
|        1 |         95 |              Inf |        45.08 |        45.31 |                  1.04 |                    0.10 |      5 |     0.4400 |
|        1 |         96 |              Inf |        45.08 |        45.52 |                  1.18 |                    0.10 |      5 |     0.4402 |
|        1 |         97 |              Inf |        45.08 |        45.35 |                  1.06 |                    0.10 |      5 |     0.4404 |
|        1 |         98 |              Inf |        45.08 |        45.32 |                  1.03 |                    0.10 |      5 |     0.4406 |
|        1 |         99 |              Inf |        45.08 |        45.08 |                  1.00 |                    0.10 |      5 |     0.4408 |
|        1 |        100 |              Inf |        45.08 |        45.23 |                  1.09 |                    0.10 |      5 |     0.4411 |
|        1 |        101 |              Inf |        45.08 |        45.27 |                  1.14 |                    0.10 |      5 |     0.4413 |
|        1 |        102 |              Inf |        45.08 |        45.29 |                  1.17 |                    0.10 |      5 |     0.4414 |
|        1 |        103 |              Inf |        45.08 |        45.16 |                  1.05 |                    0.10 |      5 |     0.4416 |
|        1 |        104 |              Inf |        45.08 |        45.67 |                  1.09 |                    0.10 |      5 |     0.4418 |
|        1 |        105 |              Inf |        45.08 |        45.39 |                  1.01 |                    0.10 |      5 |     0.4421 |
|        1 |        106 |              Inf |        45.08 |        45.28 |                  1.08 |                    0.10 |      5 |     0.4423 |
|        1 |        107 |              Inf |        45.08 |        45.18 |                  1.10 |                    0.10 |      5 |     0.4426 |
|        1 |        108 |              Inf |        45.08 |        45.19 |                  1.01 |                    0.10 |      5 |     0.4428 |
|        1 |        109 |              Inf |        45.08 |        45.29 |                  0.99 |                    0.10 |      5 |     0.4430 |
|        1 |        110 |              Inf |        45.08 |        45.21 |                  1.06 |                    0.10 |      5 |     0.4433 |
|        1 |        111 |              Inf |        45.08 |        45.34 |                  1.16 |                    0.10 |      5 |     0.4435 |
|        1 |        112 |              Inf |        45.08 |        45.30 |                  1.08 |                    0.10 |      5 |     0.4437 |
|        1 |        113 |              Inf |        45.08 |        45.25 |                  1.41 |                    0.13 |      5 |     0.4438 |
|        1 |          0 |            74.50 |        45.08 |        74.50 |                  1.04 |                    0.10 |      7 |     0.4440 |
|        1 |          1 |            74.50 |        45.08 |        45.35 |                  1.25 |                    0.10 |      7 |     0.4441 |
|        1 |          2 |            74.50 |        45.08 |        45.21 |                  1.12 |                    0.10 |      7 |     0.4445 |
|        1 |          3 |            74.50 |        45.08 |        45.22 |                  1.06 |                    0.10 |      7 |     0.4447 |
|        1 |          4 |            74.50 |        45.08 |        45.22 |                  1.26 |                    0.10 |      7 |     0.4450 |
|        1 |          5 |            74.50 |        45.08 |        45.29 |                  1.00 |                    0.10 |      7 |     0.4453 |
|        1 |          6 |            74.50 |        45.08 |        45.24 |                  1.10 |                    0.11 |      7 |     0.4455 |
|        1 |          7 |            74.50 |        45.08 |        45.26 |                  1.01 |                    0.10 |      7 |     0.4457 |
|        1 |          8 |            74.50 |        45.08 |        45.31 |                  1.05 |                    0.10 |      7 |     0.4459 |
|        1 |          9 |            74.50 |        45.08 |        45.23 |                  1.08 |                    0.10 |      7 |     0.4461 |
|        1 |         10 |            74.50 |        45.08 |        45.24 |                  1.18 |                    0.11 |      7 |     0.4463 |
|        1 |         11 |            74.50 |        45.08 |        45.14 |                  1.03 |                    0.10 |      7 |     0.4466 |
|        1 |         12 |            74.50 |        45.08 |        45.20 |                  1.00 |                    0.10 |      7 |     0.4468 |
|        1 |         13 |            74.50 |        45.08 |        45.13 |                  1.19 |                    0.10 |      7 |     0.4471 |
|        1 |         14 |            74.50 |        45.08 |        45.92 |                  1.05 |                    0.10 |      7 |     0.4472 |
|        1 |         15 |            74.50 |        45.08 |        45.40 |                  1.00 |                    0.10 |      7 |     0.4474 |
|        1 |         16 |            74.50 |        45.08 |        45.30 |                  1.03 |                    0.10 |      7 |     0.4476 |
|        1 |         17 |            74.50 |        45.08 |        45.25 |                  1.07 |                    0.10 |      7 |     0.4478 |
|        1 |         18 |            74.50 |        45.08 |        45.28 |                  1.04 |                    0.10 |      7 |     0.4481 |
|        1 |         19 |            74.50 |        45.08 |        45.24 |                  1.03 |                    0.10 |      7 |     0.4486 |
|        1 |         20 |            74.50 |        45.08 |        45.16 |                  1.01 |                    0.10 |      7 |     0.4489 |
|        1 |         21 |            74.50 |        45.08 |        45.32 |                  1.00 |                    0.10 |      7 |     0.4491 |
|        1 |         22 |            74.50 |        45.08 |        45.25 |                  0.97 |                    0.10 |      7 |     0.4492 |
|        1 |         23 |            74.50 |        45.08 |        45.29 |                  1.06 |                    0.10 |      7 |     0.4495 |
|        1 |         24 |            74.50 |        45.08 |        45.37 |                  1.20 |                    0.11 |      7 |     0.4497 |
|        1 |         25 |            74.50 |        45.08 |        45.29 |                  1.06 |                    0.10 |      7 |     0.4499 |
|        1 |         26 |            74.50 |        45.08 |        45.21 |                  1.07 |                    0.10 |      7 |     0.4502 |
|        1 |         27 |            74.50 |        45.08 |        45.28 |                  1.14 |                    0.10 |      7 |     0.4504 |
|        1 |         28 |            74.50 |        45.08 |        45.25 |                  1.06 |                    0.10 |      7 |     0.4508 |
|        1 |         29 |            74.50 |        45.08 |        45.23 |                  0.97 |                    0.10 |      7 |     0.4511 |
|        1 |         30 |            74.50 |        45.08 |        45.37 |                  1.01 |                    0.10 |      7 |     0.4512 |
|        1 |         31 |            74.50 |        45.08 |        45.23 |                  1.12 |                    0.10 |      7 |     0.4515 |
|        1 |         32 |            74.50 |        45.08 |        45.30 |                  1.04 |                    0.10 |      7 |     0.4519 |
|        1 |         33 |            74.50 |        45.08 |        45.28 |                  1.09 |                    0.10 |      7 |     0.4523 |
|        1 |         34 |            74.50 |        45.08 |        45.21 |                  0.98 |                    0.10 |      7 |     0.4526 |
|        1 |         35 |            74.50 |        45.08 |        45.27 |                  1.00 |                    0.10 |      7 |     0.4530 |
|        1 |         36 |            74.50 |        45.08 |        45.23 |                  1.02 |                    0.10 |      7 |     0.4532 |
|        1 |         37 |            74.50 |        45.08 |        45.23 |                  1.06 |                    0.10 |      7 |     0.4535 |
|        1 |         38 |            74.50 |        45.08 |        45.26 |                  1.01 |                    0.10 |      7 |     0.4539 |
|        1 |         39 |            74.50 |        45.08 |        45.20 |                  1.09 |                    0.10 |      7 |     0.4543 |
|        1 |         40 |            74.50 |        45.08 |        45.18 |                  1.05 |                    0.10 |      7 |     0.4545 |
|        1 |         41 |            74.50 |        45.08 |        45.30 |                  1.12 |                    0.10 |      7 |     0.4549 |
|        1 |         42 |            74.50 |        45.08 |        45.16 |                  1.02 |                    0.10 |      7 |     0.4552 |
|        1 |         43 |            74.50 |        45.08 |        45.29 |                  0.96 |                    0.10 |      7 |     0.4555 |
|        1 |         44 |            74.50 |        45.05 |        45.05 |                  1.11 |                    0.10 |      7 |     0.4556 |
|        1 |         45 |            74.50 |        45.05 |        45.20 |                  1.11 |                    0.10 |      7 |     0.4558 |
|        1 |         46 |            74.50 |        45.05 |        45.21 |                  1.06 |                    0.10 |      7 |     0.4561 |
|        1 |         47 |            74.50 |        45.05 |        45.37 |                  1.03 |                    0.10 |      7 |     0.4563 |
|        1 |         48 |            74.50 |        45.05 |        45.18 |                  1.08 |                    0.10 |      7 |     0.4566 |
|        1 |         49 |            74.50 |        45.05 |        45.28 |                  1.00 |                    0.10 |      7 |     0.4567 |
|        1 |         50 |            74.50 |        45.05 |        45.30 |                  1.01 |                    0.10 |      7 |     0.4568 |
|        1 |         51 |            74.50 |        45.05 |        45.29 |                  1.11 |                    0.11 |      7 |     0.4570 |
|        1 |         52 |            74.50 |        45.05 |        45.33 |                  1.07 |                    0.10 |      7 |     0.4572 |
|        1 |         53 |            74.50 |        45.05 |        45.19 |                  1.51 |                    0.15 |      7 |     0.4574 |
|        1 |         54 |            74.50 |        45.05 |        45.71 |                  1.04 |                    0.10 |      7 |     0.4576 |
|        1 |         55 |            74.50 |        45.05 |        45.25 |                  1.23 |                    0.10 |      7 |     0.4578 |
|        1 |         56 |            74.50 |        45.05 |        45.26 |                  1.00 |                    0.10 |      7 |     0.4580 |
|        1 |         57 |            74.50 |        45.05 |        45.19 |                  1.08 |                    0.10 |      7 |     0.4583 |
|        1 |         58 |            74.50 |        45.05 |        45.31 |                  1.07 |                    0.10 |      7 |     0.4586 |
|        1 |         59 |            74.50 |        45.05 |        45.29 |                  1.03 |                    0.10 |      7 |     0.4588 |
|        1 |         60 |            74.50 |        45.05 |        45.28 |                  1.06 |                    0.10 |      7 |     0.4590 |
|        1 |         61 |            74.50 |        45.05 |        45.32 |                  1.07 |                    0.10 |      7 |     0.4591 |
|        1 |         62 |            74.50 |        45.05 |        45.15 |                  1.03 |                    0.10 |      7 |     0.4595 |
|        1 |         63 |            74.50 |        45.05 |        45.31 |                  1.02 |                    0.10 |      7 |     0.4597 |
|        1 |         64 |            74.50 |        45.05 |        45.09 |                  1.03 |                    0.10 |      7 |     0.4599 |
|        1 |         65 |            74.50 |        45.05 |        45.27 |                  1.09 |                    0.10 |      7 |     0.4601 |
|        1 |         66 |            74.50 |        45.05 |        45.20 |                  1.02 |                    0.10 |      7 |     0.4603 |
|        1 |         67 |            74.50 |        45.05 |        45.27 |                  1.05 |                    0.10 |      7 |     0.4606 |
|        1 |         68 |            74.50 |        45.05 |        45.28 |                  1.11 |                    0.10 |      7 |     0.4607 |
|        1 |         69 |            74.50 |        45.05 |        45.29 |                  1.07 |                    0.10 |      7 |     0.4610 |
|        1 |         70 |            74.50 |        45.05 |        45.31 |                  1.10 |                    0.10 |      7 |     0.4611 |
|        1 |         71 |            74.50 |        45.05 |        45.58 |                  1.09 |                    0.10 |      7 |     0.4613 |
|        1 |         72 |            74.50 |        45.05 |        45.23 |                  1.01 |                    0.10 |      7 |     0.4617 |
|        1 |         73 |            74.50 |        45.05 |        45.30 |                  1.07 |                    0.10 |      7 |     0.4620 |
|        1 |         74 |            74.50 |        45.05 |        45.20 |                  1.18 |                    0.10 |      7 |     0.4622 |
|        1 |         75 |            74.50 |        45.05 |        45.23 |                  1.30 |                    0.11 |      7 |     0.4625 |
|        1 |         76 |            74.50 |        45.05 |        45.21 |                  1.07 |                    0.10 |      7 |     0.4628 |
|        1 |         77 |            74.50 |        45.05 |        45.22 |                  1.05 |                    0.10 |      7 |     0.4630 |
|        1 |         78 |            74.50 |        45.05 |        45.30 |                  1.00 |                    0.10 |      7 |     0.4631 |
|        1 |         79 |            74.50 |        45.05 |        45.26 |                  1.07 |                    0.10 |      7 |     0.4633 |
|        1 |         80 |            74.50 |        45.05 |        45.19 |                  1.04 |                    0.10 |      7 |     0.4635 |
|        1 |         81 |            74.50 |        45.05 |        45.17 |                  1.00 |                    0.10 |      7 |     0.4637 |
|        1 |         82 |            74.50 |        45.05 |        45.26 |                  1.31 |                    0.12 |      7 |     0.4641 |
|        1 |         83 |            74.50 |        45.05 |        45.29 |                  0.97 |                    0.10 |      7 |     0.4644 |
|        1 |         84 |            74.50 |        45.05 |        45.27 |                  1.09 |                    0.10 |      7 |     0.4646 |
|        1 |         85 |            74.50 |        45.05 |        45.19 |                  1.08 |                    0.10 |      7 |     0.4650 |
|        1 |         86 |            74.50 |        45.05 |        45.14 |                  0.98 |                    0.10 |      7 |     0.4653 |
|        1 |         87 |            74.50 |        45.05 |        45.24 |                  1.22 |                    0.10 |      7 |     0.4655 |
|        1 |         88 |            74.50 |        45.05 |        45.21 |                  1.08 |                    0.10 |      7 |     0.4659 |
|        1 |         89 |            74.50 |        45.05 |        45.53 |                  0.98 |                    0.10 |      7 |     0.4660 |
|        1 |         90 |            74.50 |        45.05 |        45.27 |                  1.00 |                    0.10 |      7 |     0.4662 |
|        1 |         91 |            74.50 |        45.05 |        45.35 |                  1.12 |                    0.10 |      7 |     0.4664 |
|        1 |         92 |            74.50 |        45.05 |        45.24 |                  1.00 |                    0.10 |      7 |     0.4667 |
|        1 |         93 |            74.50 |        45.05 |        45.28 |                  1.03 |                    0.10 |      7 |     0.4670 |
|        1 |         94 |            74.50 |        45.05 |        45.29 |                  1.06 |                    0.10 |      7 |     0.4672 |
|        1 |         95 |            74.50 |        45.05 |        45.29 |                  1.07 |                    0.10 |      7 |     0.4676 |
|        1 |         96 |            74.50 |        45.05 |        45.19 |                  1.06 |                    0.10 |      7 |     0.4679 |
|        1 |         97 |            74.50 |        45.05 |        45.29 |                  1.03 |                    0.10 |      7 |     0.4680 |
|        1 |         98 |            74.50 |        45.05 |        45.19 |                  1.03 |                    0.10 |      7 |     0.4682 |
|        1 |         99 |            74.50 |        45.05 |        45.36 |                  1.06 |                    0.10 |      7 |     0.4684 |
|        1 |        100 |            74.50 |        45.05 |        45.28 |                  1.00 |                    0.10 |      7 |     0.4686 |
|        1 |        101 |            74.50 |        45.05 |        45.19 |                  1.02 |                    0.10 |      7 |     0.4690 |
|        1 |        102 |            74.50 |        45.05 |        45.33 |                  1.00 |                    0.10 |      7 |     0.4691 |
|        1 |        103 |            74.50 |        45.05 |        45.38 |                  1.00 |                    0.10 |      7 |     0.4692 |
|        1 |        104 |            74.50 |        45.05 |        45.27 |                  1.02 |                    0.10 |      7 |     0.4694 |
|        1 |        105 |            74.50 |        45.05 |        45.20 |                  1.10 |                    0.10 |      7 |     0.4695 |
|        1 |        106 |            74.50 |        45.05 |        45.27 |                  1.09 |                    0.10 |      7 |     0.4698 |
|        1 |        107 |            74.50 |        45.05 |        45.19 |                  1.06 |                    0.10 |      7 |     0.4701 |
|        1 |        108 |            74.50 |        45.05 |        45.23 |                  1.01 |                    0.10 |      7 |     0.4704 |
|        1 |        109 |            74.50 |        45.05 |        45.27 |                  1.01 |                    0.10 |      7 |     0.4706 |
|        1 |        110 |            74.50 |        45.05 |        45.14 |                  1.03 |                    0.10 |      7 |     0.4708 |
|        1 |        111 |            74.50 |        45.05 |        45.34 |                  1.02 |                    0.10 |      7 |     0.4710 |
|        1 |        112 |            74.50 |        45.05 |        45.20 |                  1.02 |                    0.10 |      7 |     0.4713 |
|        1 |        113 |            74.50 |        45.05 |        45.13 |                  1.05 |                    0.10 |      7 |     0.4715 |
|        1 |        114 |            74.50 |        45.05 |        52.29 |                  1.04 |                    0.10 |      7 |     0.4716 |
|        1 |        115 |            74.50 |        45.05 |        45.27 |                  1.06 |                    0.10 |      7 |     0.4719 |
|        1 |        116 |            74.50 |        45.05 |        45.32 |                  1.18 |                    0.10 |      7 |     0.4720 |
|        1 |        117 |            74.50 |        45.05 |        45.29 |                  1.02 |                    0.10 |      7 |     0.4723 |
|        1 |        118 |            74.50 |        45.05 |        45.22 |                  1.06 |                    0.10 |      7 |     0.4726 |
|        1 |        119 |            74.50 |        45.05 |        45.23 |                  1.06 |                    0.10 |      7 |     0.4728 |
|        1 |        120 |            74.50 |        45.05 |        45.22 |                  1.08 |                    0.10 |      7 |     0.4730 |
|        1 |        121 |            74.50 |        45.05 |        46.29 |                  1.02 |                    0.10 |      7 |     0.4733 |
|        1 |        122 |            74.50 |        45.05 |        45.37 |                  1.08 |                    0.10 |      7 |     0.4734 |
|        1 |        123 |            74.50 |        45.05 |        45.20 |                  1.03 |                    0.10 |      7 |     0.4736 |
|        1 |        124 |            74.50 |        45.05 |        45.28 |                  1.06 |                    0.10 |      7 |     0.4738 |
|        1 |        125 |            74.50 |        45.05 |        45.20 |                  1.09 |                    0.10 |      7 |     0.4741 |
|        1 |        126 |            74.50 |        45.05 |        45.30 |                  1.13 |                    0.11 |      7 |     0.4742 |
|        1 |        127 |            74.50 |        45.05 |        45.10 |                  1.07 |                    0.10 |      7 |     0.4746 |
|        1 |        128 |            74.50 |        45.05 |        45.18 |                  1.03 |                    0.10 |      7 |     0.4747 |
|        1 |        129 |            74.50 |        45.05 |        45.12 |                  1.12 |                    0.10 |      7 |     0.4750 |
|        1 |        130 |            74.50 |        45.05 |        45.23 |                  0.97 |                    0.10 |      7 |     0.4752 |
|        1 |        131 |            74.50 |        45.05 |        45.24 |                  1.07 |                    0.10 |      7 |     0.4754 |
|        1 |        132 |            74.50 |        45.05 |        45.20 |                  1.15 |                    0.10 |      7 |     0.4755 |
|        1 |        133 |            74.50 |        45.05 |        45.12 |                  1.22 |                    0.11 |      7 |     0.4758 |
|        1 |        134 |            74.50 |        45.05 |        45.27 |                  1.07 |                    0.10 |      7 |     0.4761 |
|        1 |        135 |            74.50 |        45.05 |        45.16 |                  1.10 |                    0.10 |      7 |     0.4764 |
|        1 |        136 |            74.50 |        45.05 |        45.62 |                  1.11 |                    0.10 |      7 |     0.4765 |
|        1 |        137 |            74.50 |        45.05 |        45.25 |                  0.99 |                    0.10 |      7 |     0.4772 |
|        1 |        138 |            74.50 |        45.05 |        45.32 |                  1.04 |                    0.10 |      7 |     0.4774 |
|        1 |        139 |            74.50 |        45.05 |        45.19 |                  1.08 |                    0.10 |      7 |     0.4775 |
|        1 |        140 |            74.50 |        45.05 |        45.07 |                  1.15 |                    0.10 |      7 |     0.4777 |
|        1 |        141 |            74.50 |        45.05 |        45.26 |                  1.02 |                    0.10 |      7 |     0.4778 |
|        1 |        142 |            74.50 |        45.05 |        45.27 |                  1.08 |                    0.10 |      7 |     0.4780 |
|        1 |        143 |            74.50 |        45.05 |        45.28 |                  1.13 |                    0.10 |      7 |     0.4782 |
|        1 |        144 |            74.50 |        45.05 |        45.24 |                  1.02 |                    0.10 |      7 |     0.4784 |
|        1 |        145 |            74.50 |        45.05 |        45.14 |                  1.02 |                    0.10 |      7 |     0.4786 |
|        1 |        146 |            74.50 |        45.05 |        45.22 |                  1.05 |                    0.10 |      7 |     0.4787 |
|        1 |        147 |            74.50 |        45.05 |        45.19 |                  1.31 |                    0.10 |      7 |     0.4790 |
|        1 |        148 |            74.50 |        45.05 |        46.23 |                  1.23 |                    0.10 |      7 |     0.4791 |
|        1 |        149 |            74.50 |        45.05 |        45.38 |                  1.03 |                    0.10 |      7 |     0.4793 |
|        1 |        150 |            74.50 |        45.05 |        45.12 |                  1.04 |                    0.10 |      7 |     0.4796 |
|        1 |        151 |            74.50 |        45.05 |        45.25 |                  1.00 |                    0.10 |      7 |     0.4797 |
|        1 |        152 |            74.50 |        45.05 |        45.24 |                  1.12 |                    0.10 |      7 |     0.4799 |
|        1 |        153 |            74.50 |        45.05 |        45.19 |                  1.04 |                    0.10 |      7 |     0.4802 |
|        1 |        154 |            74.50 |        45.05 |        45.32 |                  1.06 |                    0.10 |      7 |     0.4804 |
|        1 |        155 |            74.50 |        45.05 |        45.27 |                  1.06 |                    0.10 |      7 |     0.4807 |
|        1 |        156 |            74.50 |        45.05 |        45.20 |                  1.04 |                    0.10 |      7 |     0.4809 |
|        1 |        157 |            74.50 |        45.05 |        45.25 |                  1.04 |                    0.10 |      7 |     0.4810 |
|        1 |        158 |            74.50 |        45.05 |        45.29 |                  1.06 |                    0.10 |      7 |     0.4812 |
|        1 |        159 |            74.50 |        45.05 |        45.27 |                  1.10 |                    0.10 |      7 |     0.4814 |
|        1 |        160 |            74.50 |        45.05 |        45.35 |                  1.11 |                    0.11 |      7 |     0.4816 |
|        1 |        161 |            74.50 |        45.05 |        45.27 |                  1.06 |                    0.10 |      7 |     0.4819 |
|        1 |        162 |            74.50 |        45.05 |        45.47 |                  1.15 |                    0.10 |      7 |     0.4820 |
|        1 |        163 |            74.50 |        45.05 |        45.15 |                  1.05 |                    0.10 |      7 |     0.4822 |
|        1 |        164 |            74.50 |        45.05 |        45.25 |                  1.06 |                    0.10 |      7 |     0.4825 |
|        1 |        165 |            74.50 |        45.05 |        45.32 |                  1.01 |                    0.10 |      7 |     0.4828 |
|        1 |        166 |            74.50 |        45.05 |        45.24 |                  1.05 |                    0.10 |      7 |     0.4831 |
|        1 |        167 |            74.50 |        45.05 |        45.26 |                  1.07 |                    0.10 |      7 |     0.4833 |
|        1 |        168 |            74.50 |        45.05 |        45.28 |                  1.06 |                    0.10 |      7 |     0.4834 |
|        1 |        169 |            74.50 |        45.05 |        45.26 |                  1.04 |                    0.10 |      7 |     0.4837 |
|        1 |        170 |            74.50 |        45.05 |        45.15 |                  1.07 |                    0.10 |      7 |     0.4839 |
|        1 |        171 |            74.50 |        45.05 |        45.51 |                  1.02 |                    0.10 |      7 |     0.4841 |
|        1 |        172 |            74.50 |        45.05 |        45.17 |                  1.02 |                    0.10 |      7 |     0.4843 |
|        1 |        173 |            74.50 |        45.05 |        45.20 |                  1.07 |                    0.10 |      7 |     0.4845 |
|        1 |        174 |            74.50 |        45.05 |        45.24 |                  1.07 |                    0.10 |      7 |     0.4848 |
|        1 |        175 |            74.50 |        45.05 |        45.25 |                  1.35 |                    0.10 |      7 |     0.4850 |
|        1 |        176 |            74.50 |        45.05 |        46.39 |                  1.42 |                    0.10 |      7 |     0.4852 |
|        1 |        177 |            74.50 |        45.05 |        45.31 |                  1.08 |                    0.10 |      7 |     0.4855 |
|        1 |        178 |            74.50 |        45.05 |        45.42 |                  0.99 |                    0.10 |      7 |     0.4856 |
|        1 |        179 |            74.50 |        45.05 |        45.28 |                  1.15 |                    0.10 |      7 |     0.4858 |
|        1 |        180 |            74.50 |        45.05 |        45.36 |                  1.09 |                    0.10 |      7 |     0.4860 |
|        1 |        181 |            74.50 |        45.05 |        45.35 |                  1.04 |                    0.10 |      7 |     0.4862 |
|        1 |        182 |            74.50 |        45.05 |        45.30 |                  1.15 |                    0.11 |      7 |     0.4863 |
|        1 |        183 |            74.50 |        45.05 |        45.16 |                  1.19 |                    0.10 |      7 |     0.4866 |
|        1 |        184 |            74.50 |        45.05 |        45.26 |                  1.00 |                    0.10 |      7 |     0.4869 |
|        1 |        185 |            74.50 |        45.05 |        45.18 |                  1.07 |                    0.10 |      7 |     0.4873 |
|        1 |        186 |            74.50 |        45.05 |        45.19 |                  1.01 |                    0.10 |      7 |     0.4875 |
|        1 |        187 |            74.50 |        45.05 |        45.23 |                  0.98 |                    0.10 |      7 |     0.4878 |
|        1 |        188 |            74.50 |        45.05 |        45.28 |                  1.02 |                    0.10 |      7 |     0.4881 |
|        1 |        189 |            74.50 |        45.05 |        45.23 |                  1.09 |                    0.10 |      7 |     0.4882 |
|        1 |        190 |            74.50 |        45.05 |        45.16 |                  1.13 |                    0.10 |      7 |     0.4885 |
|        1 |        191 |            74.50 |        45.05 |        45.35 |                  0.99 |                    0.10 |      7 |     0.4887 |
|        1 |        192 |            74.50 |        45.05 |        45.25 |                  1.07 |                    0.10 |      7 |     0.4889 |
|        1 |        193 |            74.50 |        45.05 |        45.24 |                  1.00 |                    0.10 |      7 |     0.4890 |
|        1 |        194 |            74.50 |        45.05 |        45.32 |                  1.07 |                    0.10 |      7 |     0.4892 |
|        1 |        195 |            74.50 |        45.05 |        45.25 |                  1.06 |                    0.10 |      7 |     0.4894 |
|        1 |        196 |            74.50 |        45.05 |        45.23 |                  1.04 |                    0.10 |      7 |     0.4896 |
|        1 |        197 |            74.50 |        45.05 |        45.20 |                  1.06 |                    0.10 |      7 |     0.4900 |
|        1 |        198 |            74.50 |        45.05 |        45.22 |                  1.00 |                    0.10 |      7 |     0.4902 |
|        1 |        199 |            74.50 |        45.05 |        45.23 |                  0.97 |                    0.10 |      7 |     0.4905 |
|        1 |        200 |            74.50 |        45.05 |        45.22 |                  1.07 |                    0.10 |      7 |     0.4906 |
|        1 |        201 |            74.50 |        45.01 |        45.01 |                  1.08 |                    0.10 |      7 |     0.4909 |
|        1 |        202 |            74.50 |        45.01 |        45.31 |                  1.06 |                    0.10 |      7 |     0.4911 |
|        1 |        203 |            74.50 |        45.01 |        45.25 |                  0.96 |                    0.10 |      7 |     0.4914 |
|        1 |        204 |            74.50 |        45.01 |        45.30 |                  1.15 |                    0.11 |      7 |     0.4916 |
|        1 |        205 |            74.50 |        45.01 |        45.22 |                  1.00 |                    0.10 |      7 |     0.4919 |
|        1 |        206 |            74.50 |        45.01 |        45.18 |                  1.02 |                    0.10 |      7 |     0.4921 |
|        1 |        207 |            74.50 |        45.01 |        45.25 |                  1.17 |                    0.10 |      7 |     0.4922 |
|        1 |        208 |            74.50 |        45.01 |        45.24 |                  1.13 |                    0.10 |      7 |     0.4925 |
|        1 |        209 |            74.50 |        45.01 |        45.31 |                  1.07 |                    0.10 |      7 |     0.4927 |
|        1 |        210 |            74.50 |        45.01 |        53.07 |                  1.63 |                    0.13 |      7 |     0.4929 |
|        1 |        211 |            74.50 |        45.01 |        74.50 |                  1.10 |                    0.10 |      8 |     0.4930 |
|        1 |        212 |            74.50 |        45.01 |        45.28 |                  1.14 |                    0.10 |      8 |     0.4931 |
|        1 |        213 |            74.50 |        45.01 |        45.79 |                  1.06 |                    0.10 |      8 |     0.4933 |
|        1 |        214 |            74.50 |        45.01 |        45.29 |                  1.00 |                    0.10 |      8 |     0.4934 |
|        1 |        215 |            74.50 |        45.01 |        45.28 |                  1.15 |                    0.10 |      8 |     0.4937 |
|        1 |        216 |            74.50 |        45.01 |        45.14 |                  1.05 |                    0.11 |      8 |     0.4939 |
|        1 |        217 |            74.50 |        45.01 |        45.23 |                  1.17 |                    0.10 |      8 |     0.4944 |
|        1 |        218 |            74.50 |        45.01 |        45.16 |                  1.04 |                    0.10 |      8 |     0.4945 |
|        1 |        219 |            74.50 |        45.01 |        45.33 |                  1.02 |                    0.10 |      8 |     0.4947 |
|        1 |        220 |            74.50 |        45.01 |        45.26 |                  1.00 |                    0.10 |      8 |     0.4952 |
|        1 |        221 |            74.50 |        45.01 |        45.30 |                  1.09 |                    0.10 |      8 |     0.4955 |
|        1 |        222 |            74.50 |        45.01 |        45.38 |                  0.96 |                    0.10 |      8 |     0.4957 |
|        1 |        223 |            74.50 |        45.01 |        45.21 |                  1.01 |                    0.10 |      8 |     0.4959 |
|        1 |        224 |            74.50 |        45.01 |        45.23 |                  1.11 |                    0.10 |      8 |     0.4961 |
|        1 |        225 |            74.50 |        45.01 |        45.24 |                  1.05 |                    0.10 |      8 |     0.4963 |
|        1 |        226 |            74.50 |        45.01 |        45.29 |                  1.10 |                    0.10 |      8 |     0.4965 |
|        1 |        227 |            74.50 |        45.01 |        45.27 |                  1.04 |                    0.10 |      8 |     0.4968 |
|        1 |        228 |            74.50 |        45.01 |        45.26 |                  1.05 |                    0.10 |      8 |     0.4970 |
|        1 |        229 |            74.50 |        45.01 |        45.29 |                  1.10 |                    0.10 |      8 |     0.4974 |
|        1 |        230 |            74.50 |        45.01 |        45.27 |                  1.04 |                    0.10 |      8 |     0.4976 |
|        1 |        231 |            74.50 |        45.01 |        45.19 |                  1.14 |                    0.10 |      8 |     0.4980 |
|        1 |        232 |            74.50 |        45.01 |        45.26 |                  1.15 |                    0.10 |      8 |     0.4982 |
|        1 |        233 |            74.50 |        45.01 |        45.80 |                  0.99 |                    0.10 |      8 |     0.4983 |
|        1 |        234 |            74.50 |        45.01 |        45.24 |                  1.08 |                    0.10 |      8 |     0.4985 |
|        1 |        235 |            74.50 |        45.01 |        45.14 |                  1.02 |                    0.10 |      8 |     0.4987 |
|        1 |        236 |            74.50 |        45.01 |        45.27 |                  1.06 |                    0.10 |      8 |     0.4989 |
|        1 |        237 |            74.50 |        45.01 |        45.31 |                  1.08 |                    0.10 |      8 |     0.4992 |
|        1 |        238 |            74.50 |        45.01 |        45.12 |                  0.99 |                    0.10 |      8 |     0.4994 |
|        1 |        239 |            74.50 |        45.01 |        45.20 |                  1.07 |                    0.10 |      8 |     0.4996 |
|        1 |        240 |            74.50 |        45.01 |        45.14 |                  1.05 |                    0.10 |      8 |     0.5001 |
|        1 |        241 |            74.50 |        45.01 |        45.15 |                  1.06 |                    0.10 |      8 |     0.5003 |
|        1 |        242 |            74.50 |        45.01 |        45.23 |                  1.03 |                    0.10 |      8 |     0.5005 |
|        1 |        243 |            74.50 |        45.01 |        45.22 |                  1.04 |                    0.10 |      8 |     0.5007 |
|        1 |        244 |            74.50 |        45.01 |        45.42 |                  1.29 |                    0.10 |      8 |     0.5008 |
|        1 |        245 |            74.50 |        45.01 |        56.02 |                  0.98 |                    0.10 |      8 |     0.5009 |
|        1 |        246 |            74.50 |        45.01 |        45.25 |                  1.05 |                    0.10 |      8 |     0.5011 |
|        1 |        247 |            74.50 |        45.01 |        45.29 |                  1.08 |                    0.10 |      8 |     0.5013 |
|        1 |        248 |            74.50 |        45.01 |        45.23 |                  1.09 |                    0.10 |      8 |     0.5017 |
|        1 |        249 |            74.50 |        45.01 |        45.18 |                  1.34 |                    0.10 |      8 |     0.5020 |
|        1 |        250 |            74.50 |        45.01 |        45.18 |                  1.07 |                    0.10 |      8 |     0.5024 |
|        1 |        251 |            74.50 |        45.01 |        45.31 |                  1.02 |                    0.10 |      8 |     0.5026 |
|        1 |        252 |            74.50 |        45.01 |        45.18 |                  1.13 |                    0.11 |      8 |     0.5028 |
|        1 |        253 |            74.50 |        45.01 |        45.40 |                  1.11 |                    0.10 |      8 |     0.5030 |
|        1 |        254 |            74.50 |        45.01 |        45.27 |                  1.06 |                    0.10 |      8 |     0.5032 |
|        1 |        255 |            74.50 |        45.01 |        45.28 |                  1.07 |                    0.10 |      8 |     0.5034 |
|        1 |        256 |            74.50 |        45.01 |        45.24 |                  1.04 |                    0.10 |      8 |     0.5036 |
|        1 |        257 |            74.50 |        45.01 |        45.23 |                  1.30 |                    0.13 |      8 |     0.5037 |
|        1 |        258 |            74.50 |        45.01 |        45.25 |                  1.05 |                    0.10 |      8 |     0.5042 |
|        1 |        259 |            74.50 |        45.01 |        45.15 |                  1.01 |                    0.10 |      8 |     0.5044 |
|        1 |        260 |            74.50 |        45.01 |        45.19 |                  1.12 |                    0.10 |      8 |     0.5047 |
|        1 |        261 |            74.50 |        45.01 |        45.32 |                  0.99 |                    0.10 |      8 |     0.5049 |
|        1 |        262 |            74.50 |        45.01 |        45.30 |                  1.17 |                    0.10 |      8 |     0.5052 |
|        1 |        263 |            74.50 |        45.01 |        62.18 |                  0.99 |                    0.10 |      8 |     0.5053 |
|        1 |        264 |            74.50 |        45.01 |        45.27 |                  1.07 |                    0.10 |      8 |     0.5055 |
|        1 |        265 |            74.50 |        45.01 |        45.28 |                  1.05 |                    0.10 |      8 |     0.5058 |
|        1 |        266 |            74.50 |        45.01 |        45.24 |                  1.07 |                    0.10 |      8 |     0.5060 |
|        1 |        267 |            74.50 |        45.01 |        45.38 |                  1.05 |                    0.10 |      8 |     0.5062 |
|        1 |        268 |            74.50 |        45.01 |        45.46 |                  1.01 |                    0.10 |      8 |     0.5063 |
|        1 |        269 |            74.50 |        45.01 |        45.15 |                  1.01 |                    0.10 |      8 |     0.5065 |
|        1 |        270 |            74.50 |        45.01 |        45.14 |                  1.19 |                    0.10 |      8 |     0.5067 |
|        1 |        271 |            74.50 |        45.01 |        45.33 |                  1.00 |                    0.10 |      8 |     0.5068 |
|        1 |        272 |            74.50 |        45.01 |        45.32 |                  1.08 |                    0.10 |      8 |     0.5069 |
|        1 |        273 |            74.50 |        45.01 |        45.11 |                  1.01 |                    0.10 |      8 |     0.5071 |
|        1 |        274 |            74.50 |        45.01 |        45.34 |                  1.16 |                    0.10 |      8 |     0.5074 |
|        1 |        275 |            74.50 |        45.01 |        45.15 |                  1.13 |                    0.11 |      8 |     0.5076 |
|        1 |        276 |            74.50 |        45.01 |        45.18 |                  1.09 |                    0.10 |      8 |     0.5079 |
|        1 |        277 |            74.50 |        45.01 |        45.29 |                  1.01 |                    0.10 |      8 |     0.5081 |
|        1 |        278 |            74.50 |        45.01 |        45.19 |                  1.06 |                    0.10 |      8 |     0.5083 |
|        1 |        279 |            74.50 |        45.01 |        45.17 |                  1.05 |                    0.10 |      8 |     0.5085 |
|        1 |        280 |            74.50 |        45.01 |        45.31 |                  1.07 |                    0.10 |      8 |     0.5087 |
|        1 |        281 |            74.50 |        45.01 |        45.12 |                  1.11 |                    0.10 |      8 |     0.5089 |
|        1 |        282 |            74.50 |        45.01 |        45.27 |                  0.98 |                    0.10 |      8 |     0.5092 |
|        1 |        283 |            74.50 |        45.01 |        45.14 |                  1.08 |                    0.10 |      8 |     0.5094 |
|        1 |        284 |            74.50 |        45.01 |        45.28 |                  1.12 |                    0.10 |      8 |     0.5095 |
|        1 |        285 |            74.50 |        45.01 |        45.22 |                  1.10 |                    0.10 |      8 |     0.5099 |
|        1 |        286 |            74.50 |        45.01 |        45.29 |                  1.07 |                    0.10 |      8 |     0.5101 |
|        1 |        287 |            74.50 |        45.01 |        45.15 |                  1.00 |                    0.10 |      8 |     0.5105 |
|        1 |        288 |            74.50 |        45.01 |        45.23 |                  1.04 |                    0.10 |      8 |     0.5106 |
|        1 |        289 |            74.50 |        45.01 |        45.24 |                  1.13 |                    0.10 |      8 |     0.5109 |
|        1 |        290 |            74.50 |        45.01 |        45.21 |                  1.17 |                    0.10 |      8 |     0.5112 |
|        1 |        291 |            74.50 |        45.01 |        45.32 |                  1.12 |                    0.10 |      8 |     0.5114 |
|        1 |        292 |            74.50 |        45.01 |        45.25 |                  1.05 |                    0.10 |      8 |     0.5116 |
|        1 |        293 |            74.50 |        45.01 |        45.61 |                  0.98 |                    0.10 |      8 |     0.5117 |
|        1 |        294 |            74.50 |        45.01 |        45.17 |                  1.03 |                    0.10 |      8 |     0.5119 |
|        1 |        295 |            74.50 |        45.01 |        45.21 |                  0.98 |                    0.10 |      8 |     0.5121 |
|        1 |        296 |            74.50 |        45.01 |        45.28 |                  1.04 |                    0.10 |      8 |     0.5123 |
|        1 |        297 |            74.50 |        45.01 |        45.30 |                  1.07 |                    0.10 |      8 |     0.5126 |
|        1 |        298 |            74.50 |        45.01 |        45.35 |                  0.98 |                    0.10 |      8 |     0.5128 |
|        1 |        299 |            74.50 |        45.01 |        45.28 |                  1.02 |                    0.10 |      8 |     0.5130 |
|        1 |        300 |            74.50 |        45.01 |        45.27 |                  1.05 |                    0.10 |      8 |     0.5132 |
|        1 |        301 |            74.50 |        45.01 |        45.22 |                  1.16 |                    0.10 |      8 |     0.5134 |
|        1 |        302 |            74.50 |        45.01 |        45.22 |                  1.04 |                    0.10 |      8 |     0.5138 |
|        1 |        303 |            74.50 |        45.01 |        45.17 |                  1.01 |                    0.10 |      8 |     0.5140 |
|        1 |        304 |            74.50 |        45.01 |        45.34 |                  1.08 |                    0.10 |      8 |     0.5142 |
|        1 |        305 |            74.50 |        45.01 |        45.23 |                  1.20 |                    0.10 |      8 |     0.5145 |
|        1 |        306 |            74.50 |        45.01 |        45.26 |                  1.06 |                    0.10 |      8 |     0.5149 |
|        1 |        307 |            74.50 |        45.01 |        45.28 |                  1.14 |                    0.10 |      8 |     0.5150 |
|        1 |        308 |            74.50 |        45.01 |        45.18 |                  1.13 |                    0.10 |      8 |     0.5153 |
|        1 |        309 |            74.50 |        45.01 |        45.13 |                  1.00 |                    0.10 |      8 |     0.5157 |
|        1 |        310 |            74.50 |        45.01 |        45.25 |                  1.01 |                    0.10 |      8 |     0.5161 |
|        1 |        311 |            74.50 |        45.01 |        45.16 |                  1.40 |                    0.12 |      8 |     0.5163 |
|        1 |        312 |            74.50 |        45.01 |        46.51 |                  1.32 |                    0.10 |      8 |     0.5164 |
|        1 |        313 |            74.50 |        45.01 |        45.25 |                  1.17 |                    0.11 |      8 |     0.5167 |
|        1 |        314 |            74.50 |        45.01 |        45.35 |                  1.19 |                    0.11 |      8 |     0.5169 |
|        1 |        315 |            74.50 |        45.01 |        45.98 |                  1.22 |                    0.10 |      8 |     0.5170 |
|        1 |        316 |            74.50 |        45.01 |        45.12 |                  1.07 |                    0.10 |      8 |     0.5172 |
|        1 |        317 |            74.50 |        45.01 |        45.22 |                  1.01 |                    0.10 |      8 |     0.5175 |
|        1 |        318 |            74.50 |        45.01 |        45.32 |                  1.12 |                    0.10 |      8 |     0.5177 |
|        1 |        319 |            74.50 |        45.01 |        45.24 |                  1.06 |                    0.10 |      8 |     0.5179 |
|        1 |        320 |            74.50 |        45.01 |        45.17 |                  1.00 |                    0.10 |      8 |     0.5182 |
|        1 |        321 |            74.50 |        45.01 |        45.27 |                  1.20 |                    0.11 |      8 |     0.5184 |
|        1 |        322 |            74.50 |        45.01 |        46.02 |                  1.05 |                    0.10 |      8 |     0.5185 |
|        1 |        323 |            74.50 |        45.01 |        45.22 |                  1.06 |                    0.10 |      8 |     0.5187 |
|        1 |        324 |            74.50 |        45.01 |        45.29 |                  1.01 |                    0.10 |      8 |     0.5189 |
|        1 |        325 |            74.50 |        45.01 |        45.31 |                  1.01 |                    0.10 |      8 |     0.5191 |
|        1 |        326 |            74.50 |        45.01 |        45.27 |                  1.06 |                    0.10 |      8 |     0.5193 |
|        1 |        327 |            74.50 |        45.01 |        45.37 |                  1.15 |                    0.10 |      8 |     0.5195 |
|        1 |        328 |            74.50 |        45.01 |        45.23 |                  1.07 |                    0.10 |      8 |     0.5198 |
|        1 |        329 |            74.50 |        45.01 |        45.26 |                  1.08 |                    0.10 |      8 |     0.5202 |
|        1 |        330 |            74.50 |        45.01 |        45.28 |                  1.01 |                    0.10 |      8 |     0.5204 |
|        1 |        331 |            74.50 |        45.01 |        45.18 |                  1.00 |                    0.10 |      8 |     0.5206 |
|        1 |        332 |            74.50 |        45.01 |        45.34 |                  1.14 |                    0.10 |      8 |     0.5209 |
|        1 |        333 |            74.50 |        45.01 |        45.29 |                  1.08 |                    0.10 |      8 |     0.5213 |
|        1 |        334 |            74.50 |        45.01 |        45.24 |                  1.03 |                    0.10 |      8 |     0.5215 |
|        1 |        335 |            74.50 |        45.01 |        45.26 |                  1.05 |                    0.10 |      8 |     0.5216 |
|        1 |        336 |            74.50 |        45.01 |        45.24 |                  1.08 |                    0.10 |      8 |     0.5219 |
|        1 |        337 |            74.50 |        45.01 |        45.19 |                  1.14 |                    0.10 |      8 |     0.5221 |
|        1 |        338 |            74.50 |        45.01 |        45.29 |                  1.04 |                    0.10 |      8 |     0.5224 |
|        1 |        339 |            74.50 |        45.01 |        45.24 |                  1.04 |                    0.10 |      8 |     0.5227 |
|        1 |        340 |            74.50 |        45.01 |        45.32 |                  1.43 |                    0.12 |      8 |     0.5229 |
|        1 |        341 |            74.50 |        45.01 |        45.27 |                  1.09 |                    0.10 |      8 |     0.5233 |
|        1 |        342 |            74.50 |        45.01 |        45.19 |                  1.06 |                    0.10 |      8 |     0.5235 |
|        1 |        343 |            74.50 |        45.01 |        45.25 |                  1.05 |                    0.10 |      8 |     0.5239 |
|        1 |        344 |            74.50 |        45.01 |        45.24 |                  1.05 |                    0.10 |      8 |     0.5244 |
|        1 |        345 |            74.50 |        45.01 |        45.28 |                  1.13 |                    0.10 |      8 |     0.5248 |
|        1 |        346 |            74.50 |        45.01 |        45.29 |                  1.05 |                    0.10 |      8 |     0.5250 |
|        1 |        347 |            74.50 |        45.01 |        45.30 |                  1.14 |                    0.10 |      8 |     0.5253 |
|        1 |        348 |            74.50 |        45.01 |        45.08 |                  1.08 |                    0.10 |      8 |     0.5256 |
|        1 |        349 |            74.50 |        45.01 |        45.26 |                  1.10 |                    0.10 |      8 |     0.5258 |
|        1 |        350 |            74.50 |        45.01 |        45.25 |                  1.05 |                    0.10 |      8 |     0.5261 |
|        1 |        351 |            74.50 |        45.01 |        45.11 |                  1.07 |                    0.10 |      8 |     0.5265 |
|        1 |        352 |            74.50 |        45.01 |        45.26 |                  0.98 |                    0.10 |      8 |     0.5268 |
|        1 |        353 |            74.50 |        45.01 |        45.25 |                  1.08 |                    0.10 |      8 |     0.5269 |
|        1 |        354 |            74.50 |        45.01 |        45.31 |                  1.08 |                    0.10 |      8 |     0.5273 |
|        1 |        355 |            74.50 |        45.01 |        45.15 |                  1.03 |                    0.10 |      8 |     0.5275 |
|        1 |        356 |            74.50 |        45.01 |        45.28 |                  1.05 |                    0.10 |      8 |     0.5277 |
|        1 |        357 |            74.50 |        45.01 |        45.27 |                  1.23 |                    0.10 |      8 |     0.5278 |
|        1 |        358 |            74.50 |        45.01 |        52.92 |                  1.17 |                    0.10 |      8 |     0.5280 |
|        1 |        359 |            74.50 |        45.01 |        45.21 |                  1.01 |                    0.10 |      8 |     0.5283 |
|        1 |        360 |            74.50 |        45.01 |        45.29 |                  1.01 |                    0.10 |      8 |     0.5285 |
|        1 |        361 |            74.50 |        45.01 |        45.24 |                  1.03 |                    0.10 |      8 |     0.5287 |
|        1 |        362 |            74.50 |        45.01 |        45.17 |                  1.05 |                    0.10 |      8 |     0.5290 |
|        1 |        363 |            74.50 |        45.01 |        45.27 |                  1.04 |                    0.10 |      8 |     0.5292 |
|        1 |        364 |            74.50 |        45.01 |        52.25 |                  1.09 |                    0.10 |      8 |     0.5293 |
|        1 |        365 |            74.50 |        45.01 |        45.22 |                  1.04 |                    0.10 |      8 |     0.5295 |
|        1 |        366 |            74.50 |        45.01 |        45.21 |                  0.99 |                    0.10 |      8 |     0.5297 |
|        1 |        367 |            74.50 |        45.01 |        45.26 |                  1.06 |                    0.10 |      8 |     0.5298 |
|        1 |        368 |            74.50 |        45.01 |        45.49 |                  1.00 |                    0.10 |      8 |     0.5299 |
|        1 |        369 |            74.50 |        45.01 |        45.30 |                  1.16 |                    0.10 |      8 |     0.5301 |
|        1 |        370 |            74.50 |        45.01 |        45.22 |                  1.05 |                    0.10 |      8 |     0.5303 |
|        1 |        371 |            74.50 |        45.01 |        45.29 |                  1.07 |                    0.10 |      8 |     0.5306 |
|        1 |        372 |            74.50 |        45.01 |        46.56 |                  1.16 |                    0.10 |      8 |     0.5309 |
|        1 |        373 |            74.50 |        45.01 |        45.26 |                  1.11 |                    0.10 |      8 |     0.5311 |
|        1 |        374 |            74.50 |        45.01 |        45.25 |                  1.04 |                    0.10 |      8 |     0.5313 |
|        1 |        375 |            74.50 |        45.01 |        45.20 |                  0.98 |                    0.10 |      8 |     0.5316 |
|        1 |        376 |            74.50 |        45.01 |        45.22 |                  1.13 |                    0.10 |      8 |     0.5318 |
|        1 |        377 |            74.50 |        45.01 |        45.33 |                  1.07 |                    0.10 |      8 |     0.5319 |
|        1 |        378 |            74.50 |        45.01 |        45.28 |                  1.08 |                    0.10 |      8 |     0.5321 |
|        1 |        379 |            74.50 |        45.01 |        45.25 |                  1.10 |                    0.10 |      8 |     0.5327 |
|        1 |        380 |            74.50 |        45.01 |        45.11 |                  1.06 |                    0.10 |      8 |     0.5330 |
|        1 |        381 |            74.50 |        45.01 |        45.30 |                  1.09 |                    0.10 |      8 |     0.5332 |
|        1 |        382 |            74.50 |        45.01 |        45.26 |                  1.04 |                    0.10 |      8 |     0.5334 |
|        1 |        383 |            74.50 |        45.01 |        45.16 |                  1.31 |                    0.10 |      8 |     0.5335 |
|        1 |        384 |            74.50 |        45.01 |        45.35 |                  1.05 |                    0.10 |      8 |     0.5337 |
|        1 |        385 |            74.50 |        45.01 |        45.23 |                  1.05 |                    0.10 |      8 |     0.5342 |
|        1 |        386 |            74.50 |        45.01 |        45.30 |                  0.98 |                    0.10 |      8 |     0.5345 |
|        1 |        387 |            74.50 |        45.01 |        45.29 |                  1.09 |                    0.10 |      8 |     0.5346 |
|        1 |        388 |            74.50 |        45.01 |        45.24 |                  1.03 |                    0.10 |      8 |     0.5349 |
|        1 |        389 |            74.50 |        45.01 |        45.17 |                  1.06 |                    0.10 |      8 |     0.5351 |
|        1 |        390 |            74.50 |        45.01 |        45.27 |                  1.01 |                    0.10 |      8 |     0.5352 |
|        1 |        391 |            74.50 |        45.01 |        45.26 |                  1.09 |                    0.10 |      8 |     0.5354 |
|        1 |        392 |            74.50 |        45.01 |        45.27 |                  1.01 |                    0.10 |      8 |     0.5357 |
|        1 |        393 |            74.50 |        45.01 |        45.32 |                  1.11 |                    0.10 |      8 |     0.5358 |
|        1 |        394 |            74.50 |        45.01 |        45.22 |                  1.07 |                    0.10 |      8 |     0.5360 |
|        1 |        395 |            74.50 |        45.01 |        45.32 |                  1.14 |                    0.10 |      8 |     0.5362 |
|        1 |        396 |            74.50 |        45.01 |        45.28 |                  0.99 |                    0.10 |      8 |     0.5365 |
|        1 |        397 |            74.50 |        45.01 |        45.22 |                  1.06 |                    0.10 |      8 |     0.5368 |
|        1 |        398 |            74.50 |        45.01 |        45.21 |                  1.06 |                    0.10 |      8 |     0.5370 |
|        1 |        399 |            74.50 |        45.01 |        45.16 |                  1.06 |                    0.10 |      8 |     0.5374 |
|        1 |        400 |            74.50 |        45.01 |        45.23 |                  1.05 |                    0.10 |      8 |     0.5380 |
|        1 |        401 |            74.50 |        45.01 |        45.07 |                  1.13 |                    0.10 |      8 |     0.5382 |
|        1 |        402 |            74.50 |        45.01 |        45.68 |                  1.12 |                    0.10 |      8 |     0.5383 |
|        1 |        403 |            74.50 |        45.01 |        45.30 |                  1.10 |                    0.10 |      8 |     0.5386 |
|        1 |        404 |            74.50 |        45.01 |        45.23 |                  1.01 |                    0.10 |      8 |     0.5392 |
|        1 |        405 |            74.50 |        45.01 |        45.30 |                  1.03 |                    0.10 |      8 |     0.5395 |
|        1 |        406 |            74.50 |        45.01 |        45.20 |                  1.01 |                    0.10 |      8 |     0.5397 |
|        1 |        407 |            74.50 |        45.01 |        45.21 |                  1.12 |                    0.10 |      8 |     0.5399 |
|        1 |        408 |            74.50 |        45.01 |        45.25 |                  1.09 |                    0.10 |      8 |     0.5401 |
|        1 |        409 |            74.50 |        45.01 |        45.21 |                  1.06 |                    0.10 |      8 |     0.5403 |
|        1 |        410 |            74.50 |        45.01 |        45.35 |                  1.01 |                    0.10 |      8 |     0.5405 |
|        1 |        411 |            74.50 |        45.01 |        45.30 |                  0.97 |                    0.10 |      8 |     0.5408 |
|        1 |        412 |            74.50 |        45.01 |        45.26 |                  1.04 |                    0.10 |      8 |     0.5410 |
|        1 |        413 |            74.50 |        45.01 |        45.23 |                  1.19 |                    0.10 |      8 |     0.5413 |
|        1 |        414 |            74.50 |        45.01 |        45.33 |                  1.02 |                    0.10 |      8 |     0.5416 |
|        1 |        415 |            74.50 |        45.01 |        45.35 |                  1.02 |                    0.10 |      8 |     0.5417 |
|        1 |        416 |            74.50 |        45.01 |        45.28 |                  1.07 |                    0.10 |      8 |     0.5419 |
|        1 |        417 |            74.50 |        45.01 |        45.32 |                  1.05 |                    0.10 |      8 |     0.5421 |
|        1 |        418 |            74.50 |        45.01 |        45.22 |                  1.09 |                    0.10 |      8 |     0.5423 |
|        1 |        419 |            74.50 |        45.01 |        45.26 |                  1.02 |                    0.10 |      8 |     0.5426 |
|        1 |        420 |            74.50 |        45.01 |        45.31 |                  1.08 |                    0.10 |      8 |     0.5428 |
|        1 |        421 |            74.50 |        45.01 |        45.33 |                  1.00 |                    0.10 |      8 |     0.5429 |
|        1 |        422 |            74.50 |        45.01 |        45.28 |                  1.04 |                    0.11 |      8 |     0.5431 |
|        1 |        423 |            74.50 |        45.01 |        45.24 |                  1.06 |                    0.10 |      8 |     0.5433 |
|        1 |        424 |            74.50 |        45.01 |        45.29 |                  1.04 |                    0.10 |      8 |     0.5435 |
|        1 |        425 |            74.50 |        45.01 |        45.30 |                  1.09 |                    0.10 |      8 |     0.5437 |
|        1 |        426 |            74.50 |        45.01 |        45.20 |                  1.07 |                    0.10 |      8 |     0.5439 |
|        1 |        427 |            74.50 |        45.01 |        45.24 |                  1.21 |                    0.10 |      8 |     0.5441 |
|        1 |        428 |            74.50 |        45.01 |        45.20 |                  1.09 |                    0.10 |      8 |     0.5442 |
|        1 |        429 |            74.50 |        45.01 |        45.18 |                  1.19 |                    0.10 |      8 |     0.5445 |
|        1 |        430 |            74.50 |        45.01 |        45.27 |                  1.05 |                    0.10 |      8 |     0.5448 |
|        1 |        431 |            74.50 |        45.01 |        45.23 |                  1.05 |                    0.10 |      8 |     0.5451 |
|        1 |        432 |            74.50 |        45.01 |        45.10 |                  1.06 |                    0.10 |      8 |     0.5453 |
|        1 |        433 |            74.50 |        45.01 |        45.19 |                  1.06 |                    0.10 |      8 |     0.5456 |
|        1 |        434 |            74.50 |        45.01 |        45.33 |                  0.99 |                    0.10 |      8 |     0.5458 |
|        1 |        435 |            74.50 |        45.01 |        45.22 |                  0.97 |                    0.10 |      8 |     0.5460 |
|        1 |        436 |            74.50 |        45.01 |        45.28 |                  1.06 |                    0.10 |      8 |     0.5461 |
|        1 |        437 |            74.50 |        45.01 |        45.29 |                  0.96 |                    0.10 |      8 |     0.5464 |
|        1 |        438 |            74.50 |        45.01 |        45.27 |                  1.01 |                    0.10 |      8 |     0.5465 |
|        1 |        439 |            74.50 |        45.01 |        45.26 |                  0.99 |                    0.10 |      8 |     0.5468 |
|        1 |        440 |            74.50 |        45.01 |        45.21 |                  1.07 |                    0.10 |      8 |     0.5471 |
|        1 |        441 |            74.50 |        45.01 |        45.37 |                  1.29 |                    0.11 |      8 |     0.5473 |
|        1 |        442 |            74.50 |        45.01 |        45.36 |                  1.08 |                    0.10 |      8 |     0.5475 |
|        1 |        443 |            74.50 |        45.01 |        45.25 |                  1.05 |                    0.10 |      8 |     0.5478 |
|        1 |        444 |            74.50 |        45.01 |        45.23 |                  0.96 |                    0.10 |      8 |     0.5481 |
|        1 |        445 |            74.50 |        45.01 |        45.24 |                  1.08 |                    0.10 |      8 |     0.5484 |
|        1 |        446 |            74.50 |        45.01 |        45.22 |                  1.00 |                    0.10 |      8 |     0.5486 |
|        1 |        447 |            74.50 |        45.01 |        45.21 |                  1.14 |                    0.11 |      8 |     0.5488 |
|        1 |        448 |            74.50 |        45.01 |        45.71 |                  0.98 |                    0.10 |      8 |     0.5489 |
|        1 |        449 |            74.50 |        45.01 |        45.25 |                  1.00 |                    0.10 |      8 |     0.5492 |
|        1 |        450 |            74.50 |        45.01 |        45.17 |                  1.02 |                    0.10 |      8 |     0.5494 |
|        1 |        451 |            74.50 |        45.01 |        45.19 |                  1.01 |                    0.10 |      8 |     0.5496 |
|        1 |        452 |            74.50 |        45.01 |        45.22 |                  1.30 |                    0.11 |      8 |     0.5500 |
|        1 |        453 |            74.50 |        45.01 |        45.17 |                  1.08 |                    0.10 |      8 |     0.5502 |
|        1 |        454 |            74.50 |        45.01 |        45.12 |                  1.02 |                    0.10 |      8 |     0.5506 |
|        1 |        455 |            74.50 |        45.01 |        45.25 |                  1.01 |                    0.10 |      8 |     0.5509 |
|        1 |        456 |            74.50 |        45.01 |        45.32 |                  1.06 |                    0.10 |      8 |     0.5510 |
|        1 |        457 |            74.50 |        45.01 |        45.16 |                  1.02 |                    0.10 |      8 |     0.5512 |
|        1 |        458 |            74.50 |        45.01 |        45.30 |                  1.03 |                    0.10 |      8 |     0.5514 |
|        1 |        459 |            74.50 |        45.01 |        45.25 |                  1.04 |                    0.10 |      8 |     0.5515 |
|        1 |        460 |            74.50 |        45.01 |        45.24 |                  1.06 |                    0.10 |      8 |     0.5517 |
|        1 |        461 |            74.50 |        45.01 |        45.20 |                  1.02 |                    0.10 |      8 |     0.5520 |
|        1 |        462 |            74.50 |        45.01 |        45.27 |                  1.16 |                    0.10 |      8 |     0.5522 |
|        1 |        463 |            74.50 |        45.01 |        45.26 |                  1.21 |                    0.11 |      8 |     0.5524 |
|        1 |        464 |            74.50 |        45.01 |        45.30 |                  1.06 |                    0.10 |      8 |     0.5526 |
|        1 |        465 |            74.50 |        45.01 |        45.32 |                  0.99 |                    0.10 |      8 |     0.5528 |
|        1 |        466 |            74.50 |        45.01 |        45.21 |                  0.99 |                    0.10 |      8 |     0.5530 |
|        1 |        467 |            74.50 |        45.01 |        45.26 |                  1.00 |                    0.10 |      8 |     0.5532 |
|        1 |        468 |            74.50 |        45.01 |        45.34 |                  1.03 |                    0.10 |      8 |     0.5533 |
|        1 |        469 |            74.50 |        45.01 |        45.24 |                  1.04 |                    0.10 |      8 |     0.5534 |
|        1 |        470 |            74.50 |        45.01 |        45.16 |                  1.07 |                    0.10 |      8 |     0.5537 |
|        1 |        471 |            74.50 |        45.01 |        45.29 |                  1.09 |                    0.10 |      8 |     0.5541 |
|        1 |        472 |            74.50 |        45.01 |        45.27 |                  1.02 |                    0.10 |      8 |     0.5547 |
|        1 |        473 |            74.50 |        45.01 |        45.20 |                  1.01 |                    0.10 |      8 |     0.5549 |
|        1 |        474 |            74.50 |        45.01 |        45.34 |                  1.27 |                    0.13 |      8 |     0.5550 |
|        1 |        475 |            74.50 |        45.01 |        45.24 |                  1.09 |                    0.10 |      8 |     0.5552 |
|        1 |        476 |            74.50 |        45.01 |        45.80 |                  1.02 |                    0.10 |      8 |     0.5554 |
|        1 |        477 |            74.50 |        45.01 |        45.09 |                  1.08 |                    0.10 |      8 |     0.5557 |
|        1 |        478 |            74.50 |        45.01 |        45.25 |                  1.00 |                    0.10 |      8 |     0.5559 |
|        1 |        479 |            74.50 |        45.01 |        45.28 |                  1.07 |                    0.10 |      8 |     0.5563 |
|        1 |        480 |            74.50 |        45.01 |        45.29 |                  0.99 |                    0.10 |      8 |     0.5566 |
|        1 |        481 |            74.50 |        45.01 |        45.28 |                  1.16 |                    0.10 |      8 |     0.5568 |
|        1 |        482 |            74.50 |        45.01 |        45.22 |                  1.55 |                    0.14 |      8 |     0.5572 |
|        1 |        483 |            74.50 |        45.01 |        74.50 |                  1.18 |                    0.10 |      8 |     0.5573 |
|        1 |        484 |            74.50 |        45.01 |        45.25 |                  1.12 |                    0.10 |      8 |     0.5576 |
|        1 |        485 |            74.50 |        45.01 |        45.26 |                  1.07 |                    0.10 |      8 |     0.5580 |
|        1 |        486 |            74.50 |        45.01 |        45.30 |                  1.08 |                    0.10 |      8 |     0.5581 |
|        1 |        487 |            74.50 |        45.01 |        45.16 |                  1.21 |                    0.12 |      8 |     0.5584 |
|        1 |        488 |            74.50 |        45.01 |        46.38 |                  1.12 |                    0.10 |      8 |     0.5586 |
|        1 |        489 |            74.50 |        45.01 |        45.22 |                  1.02 |                    0.10 |      8 |     0.5589 |
|        1 |        490 |            74.50 |        45.01 |        45.21 |                  1.08 |                    0.10 |      8 |     0.5591 |
|        1 |        491 |            74.50 |        45.01 |        45.19 |                  1.03 |                    0.10 |      8 |     0.5594 |
|        1 |        492 |            74.50 |        45.01 |        45.25 |                  1.08 |                    0.10 |      8 |     0.5597 |
|        1 |        493 |            74.50 |        45.01 |        45.18 |                  1.16 |                    0.10 |      8 |     0.5599 |
|        1 |        494 |            74.50 |        45.01 |        45.24 |                  1.11 |                    0.10 |      8 |     0.5603 |
|        1 |        495 |            74.50 |        45.01 |        45.16 |                  1.02 |                    0.10 |      8 |     0.5606 |
|        1 |        496 |            74.50 |        45.01 |        45.39 |                  1.23 |                    0.10 |      8 |     0.5608 |
|        1 |        497 |            74.50 |        45.01 |        45.25 |                  1.15 |                    0.11 |      8 |     0.5610 |
|        1 |        498 |            74.50 |        45.01 |        45.03 |                  0.99 |                    0.10 |      8 |     0.5614 |
|        1 |        499 |            74.50 |        45.01 |        45.29 |                  1.05 |                    0.10 |      8 |     0.5618 |
|        1 |        500 |            74.50 |        45.01 |        45.33 |                  1.01 |                    0.10 |      8 |     0.5620 |
------------------------------------------------------------------------------------------------------------------------------------------------
Version identifier: 22.1.2.0 | 2024-11-26 | 0edbb82fd
CPXPARAM_MIP_Tolerances_UpperCutoff              74.600000000012557
Tried aggregator 1 time.
MIP Presolve eliminated 6 rows and 5 columns.
All rows and columns eliminated.
Presolve time = 0.00 sec. (0.01 ticks)
objective_value(sp) = 74.5
  3.918452 seconds (6.83 M allocations: 338.618 MiB, 1.58% gc time, 96.11% compilation time)
#1: 0 (0.0) {763.9} -> 4 (10.0) {782.0} [727.0, 782.0] -> 2 (40.0) {825.0} [825.0, 870.0] -> 1 (50.0) {912.0} [912.0, 967.0] -> 0 (50.0) {930.6} [0.0, 1236.0]
#2: 0 (0.0) {49.9} -> 3 (10.0) {66.0} [65.0, 146.0] -> 5 (20.0) {67.0} [15.0, 67.0] -> 0 (20.0) {82.1} [0.0, 1236.0]

Dist: 74.5. Cost: 74.5

Root node processing (before b&c):
  Real time             =    0.00 sec. (0.01 ticks)
Parallel b&c, 8 threads:
  Real time             =    0.00 sec. (0.00 ticks)
  Sync time (average)   =    0.00 sec.
  Wait time (average)   =    0.00 sec.
                          ------------
Total (root+branch&cut) =    0.00 sec. (0.01 ticks)
